[08:52:20] I (103) esp_image: segment 0: paddr=00010020 vaddr=3c040020 sizeESP-ROM:esp32s3-20210327
[08:52:20] Build:Mar 27 2021
[08:52:20] rst:0x15 (USB_UART_CHIP_RESET),boot:0x2b (SPI_FAST_FLASH_BOOT)
[08:52:20] Saved PC:0x4200833c
[08:52:20] SPIWP:0xee
[08:52:20] mode:DIO, clock div:1
[08:52:20] load:0x3fce2820,len:0x1664
[08:52:20] load:0x403c8700,len:0xf38
[08:52:20] load:0x403cb700,len:0x31e8
[08:52:20] entry 0x403c8930
[08:52:20] I (24) boot: ESP-IDF v6.0.2 2nd stage bootloader
[08:52:20] I (24) boot: compile time Aug 14 2026 08:52:05
[08:52:20] I (25) boot: Multicore bootloader
[08:52:20] I (25) boot: chip revision: v0.2
[08:52:20] I (28) boot: efuse block revision: v1.3
[08:52:20] I (31) qio_mode: Enabling default flash chip QIO
[08:52:20] I (36) boot.esp32s3: Boot SPI Speed : 80MHz
[08:52:20] I (39) boot.esp32s3: SPI Mode       : QIO
[08:52:20] I (43) boot.esp32s3: SPI Flash Size : 16MB
[08:52:20] I (47) boot: Enabling RNG early entropy source...
[08:52:20] I (51) boot: Partition Table:
[08:52:20] I (54) boot: ## Label            Usage          Type ST Offset   Length
[08:52:20] I (60) boot:  0 nvs              WiFi data        01 02 00009000 00006000
[08:52:20] I (67) boot:  1 phy_init         RF data          01 01 0000f000 00001000
[08:52:20] I (73) boot:  2 factory          factory app      00 00 00010000 00100000
[08:52:20] I (80) boot:  3 drawing          Unknown data     01 40 00110000 00300000
[08:52:20] I (86) boot:  4 export           Unknown data     01 41 00410000 00500000
[08:52:20] I (93) boot:  5 coredump         Unknown data     01 03 00910000 00010000
[08:52:20] I (100) boot: End of partition table
[08:52:20] I (103) esp_image: segment 0: paddr=00010020 vaddr=3c040020 size=0f4c4h ( 62660) map
[08:52:20] I (120) esp_image: segment 1: paddr=0001f4ec vaddr=3fc93e00 size=00b2ch (  2860) load
[08:52:20] I (121) esp_image: segment 2: paddr=00020020 vaddr=42000020 size=30014h (196628) map
[08:52:20] I (156) esp_image: segment 3: paddr=0005003c vaddr=3fc9492c size=02af8h ( 11000) load
[08:52:20] I (158) esp_image: segment 4: paddr=00052b3c vaddr=40374000 size=0fd1ch ( 64796) load
[08:52:20] I (173) esp_image: segment 5: paddr=00062860 vaddr=50000000 size=00024h (    36) load
[08:52:20] I (180) boot: Loaded app from partition at offset 0x10000
[08:52:20] I (180) boot: Disabling RNG early entropy source...
[08:52:20] I (190) octal_psram: vendor id    : 0x0d (AP)
[08:52:20] I (190) octal_psram: dev id       : 0x02 (generation 3)
[08:52:20] I (191) octal_psram: density      : 0x03 (64 Mbit)
[08:52:20] I (193) octal_psram: good-die     : 0x01 (Pass)
[08:52:20] I (197) octal_psram: Latency      : 0x01 (Fixed)
[08:52:20] I (201) octal_psram: VCC          : 0x01 (3V)
[08:52:20] I (205) octal_psram: SRF          : 0x01 (Fast Refresh)
[08:52:20] I (210) octal_psram: BurstType    : 0x01 (Hybrid Wrap)
[08:52:20] I (215) octal_psram: BurstLen     : 0x01 (32 Byte)
[08:52:20] I (220) octal_psram: Readlatency  : 0x02 (10 cycles@Fixed)
[08:52:20] I (225) octal_psram: DriveStrength: 0x00 (1/1)
[08:52:20] I (229) MSPI Timing: Enter psram timing tuning
[08:52:20] I (234) esp_psram: Found 8MB PSRAM device
[08:52:20] I (237) esp_psram: Speed: 80MHz
[08:52:20] I (240) cpu_start: Multicore app
[08:52:20] I (656) esp_psram: SPI SRAM memory test OK
[08:52:20] I (664) cpu_start: GPIO 44 and 43 are used as console UART I/O pins
[08:52:20] I (665) cpu_start: Pro cpu start user code
[08:52:20] I (665) cpu_start: cpu freq: 240000000 Hz
[08:52:20] I (666) app_init: Application information:
[08:52:20] I (670) app_init: Project name:     tinydraw_esp32
[08:52:20] I (675) app_init: App version:      9542714-dirty
[08:52:20] I (679) app_init: Compile time:     Aug 14 2026 08:52:00
[08:52:20] I (684) app_init: ELF file SHA256:  94bd045d9...
[08:52:20] I (688) app_init: ESP-IDF:          v6.0.2
[08:52:20] I (692) efuse_init: Min chip rev:     v0.0
[08:52:20] I (696) efuse_init: Max chip rev:     v0.99 
[08:52:20] I (700) efuse_init: Chip rev:         v0.2
[08:52:20] I (704) heap_init: Initializing. RAM available for dynamic allocation:
[08:52:20] I (710) heap_init: At 3FC97EF0 len 00051820 (326 KiB): RAM
[08:52:20] I (715) heap_init: At 3FCE9710 len 00005724 (21 KiB): RAM
[08:52:20] I (720) heap_init: At 3FCF0000 len 00008000 (32 KiB): DRAM
[08:52:20] I (726) heap_init: At 600FE000 len 00001FE8 (7 KiB): RTCRAM
[08:52:20] I (731) esp_psram: Adding pool of 8192K of PSRAM memory to heap allocator
[08:52:20] I (738) spi_flash: detected chip: generic
[08:52:20] I (741) spi_flash: flash io: qio
[08:52:20] I (744) sleep_gpio: Configure to isolate all GPIO pins in sleep state
[08:52:20] I (751) sleep_gpio: Enable automatic switching of GPIO sleep configuration
[08:52:20] I (757) main_task: Started on CPU0
[08:52:20] I (760) main_task: Calling app_main()
[08:52:20] TINYDRAW_PANEL_HARD_RESET=1
[08:52:20] I (957) co5300: version: 2.1.0
[08:52:20] I (958) co5300_spi: LCD panel create success, version: 2.1.0
[08:52:20] W (1038) co5300_spi: The 3Ah command has been used and will be overwritten by external initialization sequence
[08:52:20] I (1139) CST816S: IC id: 183
[08:52:21] TINYDRAW_LIVE_PRESENT kind=startup zoom=25 x=0 y=0 compose_us=34393 read_submit_us=0 read_complete_us=0 transfer_wait_us=19760 tile_pixels=0 uniform_pixels=0 overview_pixels=164864 fallback_pixels=0 resident_tiles=0 fallback_tiles=0 pushes=21 tear_wait_us=11038 tear_sync=1 frame_reused=0 pass=1
[08:52:23] TINYDRAW_LIVE_STRESS operations=1000 samples=20000 total_us=2237936 average_us=2237 maximum_us=2403 free_psram=3067016 largest_psram=3014656
[08:52:23] TINYDRAW_LIVE_PRESENT kind=gate_fallback zoom=100 x=0 y=0 compose_us=22354 read_submit_us=28169 read_complete_us=28972 transfer_wait_us=19614 tile_pixels=0 uniform_pixels=0 overview_pixels=0 fallback_pixels=164864 resident_tiles=0 fallback_tiles=42 pushes=21 tear_wait_us=5000 tear_sync=1 frame_reused=0 pass=1
[08:52:24] TINYDRAW_GATE1_HARD zoom=100 cold=1 operations=1000 samples=20000 steps=192 tiles=42 scanned=12000 rendered=2375 max_supertask_us=8707 presentation_us=60622 total_us=490082 pass=1
[08:52:24] TINYDRAW_LIVE_PRESENT kind=gate_fallback zoom=400 x=0 y=0 compose_us=21878 read_submit_us=39218 read_complete_us=40021 transfer_wait_us=19248 tile_pixels=0 uniform_pixels=0 overview_pixels=0 fallback_pixels=164864 resident_tiles=0 fallback_tiles=42 pushes=21 tear_wait_us=16529 tear_sync=1 frame_reused=0 pass=1
[08:52:24] TINYDRAW_GATE1_HARD zoom=400 cold=1 operations=1000 samples=20000 steps=197 tiles=42 scanned=12000 rendered=345 max_supertask_us=11731 presentation_us=60321 total_us=412490 pass=1
[08:52:26] TINYDRAW_OVERLAP_WORKLOAD operations=8 samples=1200 radius_world=80
[08:52:32] TINYDRAW_GATE1_PACED_COLD corpus=overlap zoom=50 x=215 y=255 steps=534 tiles=56 compute_us=5025722 present_us=73384 touch_us=210871 pacing_us=853987 wall_us=6163964 max_tick_us=17092 touch_errors=0 pass=0
[08:52:38] TINYDRAW_GATE1_PACED_COLD corpus=overlap zoom=100 x=583 y=703 steps=448 tiles=48 compute_us=4852312 present_us=71529 touch_us=178233 pacing_us=726894 wall_us=5828968 max_tick_us=20314 touch_errors=0 pass=0
[08:52:49] TINYDRAW_GATE1_PACED_COLD corpus=overlap zoom=200 x=1319 y=1599 steps=962 tiles=56 compute_us=9223008 present_us=72597 touch_us=371792 pacing_us=1521560 wall_us=11188957 max_tick_us=20222 touch_errors=0 pass=0
[08:53:13] TINYDRAW_GATE1_PACED_COLD corpus=overlap zoom=400 x=2791 y=3391 steps=2173 tiles=56 compute_us=19129203 present_us=67780 touch_us=818521 pacing_us=3647463 wall_us=23662967 max_tick_us=20005 touch_errors=0 pass=0
[08:53:15] TINYDRAW_GATE1_WORKLOAD kind=realistic seed=7 operations=1000 samples=19844 maximum_stroke=198 load_us=2108881 raw_source=1 lod_copies=0
[08:53:17] TINYDRAW_GATE1_PACED_COLD corpus=seed7 zoom=400 x=63 y=63 steps=297 tiles=56 compute_us=676383 present_us=76221 touch_us=104803 pacing_us=490553 wall_us=1347960 max_tick_us=12784 touch_errors=0 pass=1
[08:53:17] TINYDRAW_LIVE_PRESENT kind=gate_fallback zoom=100 x=0 y=0 compose_us=22561 read_submit_us=37465 read_complete_us=38268 transfer_wait_us=19793 tile_pixels=0 uniform_pixels=0 overview_pixels=0 fallback_pixels=164864 resident_tiles=0 fallback_tiles=42 pushes=21 tear_wait_us=14110 tear_sync=1 frame_reused=0 pass=1
