[23:18:41] I (103) esp_image: segment 0: paddr=00010020 vaddr=3c050020 sizeESP-ROM:esp32s3-20210327
[23:18:41] Build:Mar 27 2021
[23:18:41] rst:0x15 (USB_UART_CHIP_RESET),boot:0x2b (SPI_FAST_FLASH_BOOT)
[23:18:41] Saved PC:0x420089cf
[23:18:41] SPIWP:0xee
[23:18:41] mode:DIO, clock div:1
[23:18:41] load:0x3fce2820,len:0x1664
[23:18:41] load:0x403c8700,len:0xf38
[23:18:41] load:0x403cb700,len:0x31e8
[23:18:41] entry 0x403c8930
[23:18:41] I (24) boot: ESP-IDF v6.0.2 2nd stage bootloader
[23:18:41] I (24) boot: compile time Aug 14 2026 22:55:51
[23:18:41] I (25) boot: Multicore bootloader
[23:18:41] I (25) boot: chip revision: v0.2
[23:18:41] I (28) boot: efuse block revision: v1.3
[23:18:41] I (31) qio_mode: Enabling default flash chip QIO
[23:18:41] I (36) boot.esp32s3: Boot SPI Speed : 80MHz
[23:18:41] I (39) boot.esp32s3: SPI Mode       : QIO
[23:18:41] I (43) boot.esp32s3: SPI Flash Size : 16MB
[23:18:41] I (47) boot: Enabling RNG early entropy source...
[23:18:41] I (51) boot: Partition Table:
[23:18:41] I (54) boot: ## Label            Usage          Type ST Offset   Length
[23:18:41] I (60) boot:  0 nvs              WiFi data        01 02 00009000 00006000
[23:18:41] I (67) boot:  1 phy_init         RF data          01 01 0000f000 00001000
[23:18:41] I (73) boot:  2 factory          factory app      00 00 00010000 00100000
[23:18:41] I (80) boot:  3 drawing          Unknown data     01 40 00110000 00300000
[23:18:41] I (86) boot:  4 export           Unknown data     01 41 00410000 00500000
[23:18:41] I (93) boot:  5 coredump         Unknown data     01 03 00910000 00010000
[23:18:41] I (100) boot: End of partition table
[23:18:41] I (103) esp_image: segment 0: paddr=00010020 vaddr=3c050020 size=13d0ch ( 81164) map
[23:18:41] I (123) esp_image: segment 1: paddr=00023d34 vaddr=3fc94500 size=03764h ( 14180) load
[23:18:41] I (126) esp_image: segment 2: paddr=000274a0 vaddr=40374000 size=08b78h ( 35704) load
[23:18:41] I (134) esp_image: segment 3: paddr=00030020 vaddr=42000020 size=43014h (274452) map
[23:18:41] I (177) esp_image: segment 4: paddr=0007303c vaddr=4037cb78 size=078e4h ( 30948) load
[23:18:41] I (184) esp_image: segment 5: paddr=0007a928 vaddr=50000000 size=00024h (    36) load
[23:18:41] I (191) boot: Loaded app from partition at offset 0x10000
[23:18:41] I (191) boot: Disabling RNG early entropy source...
[23:18:41] I (202) octal_psram: vendor id    : 0x0d (AP)
[23:18:41] I (202) octal_psram: dev id       : 0x02 (generation 3)
[23:18:41] I (203) octal_psram: density      : 0x03 (64 Mbit)
[23:18:41] I (204) octal_psram: good-die     : 0x01 (Pass)
[23:18:41] I (209) octal_psram: Latency      : 0x01 (Fixed)
[23:18:41] I (213) octal_psram: VCC          : 0x01 (3V)
[23:18:41] I (217) octal_psram: SRF          : 0x01 (Fast Refresh)
[23:18:41] I (222) octal_psram: BurstType    : 0x01 (Hybrid Wrap)
[23:18:41] I (227) octal_psram: BurstLen     : 0x01 (32 Byte)
[23:18:41] I (231) octal_psram: Readlatency  : 0x02 (10 cycles@Fixed)
[23:18:41] I (237) octal_psram: DriveStrength: 0x00 (1/1)
[23:18:41] I (241) MSPI Timing: Enter psram timing tuning
[23:18:41] I (246) esp_psram: Found 8MB PSRAM device
[23:18:41] I (249) esp_psram: Speed: 80MHz
[23:18:41] I (252) cpu_start: Multicore app
[23:18:41] I (668) esp_psram: SPI SRAM memory test OK
[23:18:41] I (676) cpu_start: GPIO 44 and 43 are used as console UART I/O pins
[23:18:41] I (676) cpu_start: Pro cpu start user code
[23:18:41] I (676) cpu_start: cpu freq: 240000000 Hz
[23:18:41] I (678) app_init: Application information:
[23:18:41] I (682) app_init: Project name:     tinydraw_esp32
[23:18:41] I (687) app_init: App version:      1848cc6
[23:18:41] I (690) app_init: Compile time:     Aug 14 2026 23:18:24
[23:18:41] I (695) app_init: ELF file SHA256:  011bc10e0...
[23:18:41] I (700) app_init: ESP-IDF:          v6.0.2
[23:18:41] I (704) efuse_init: Min chip rev:     v0.0
[23:18:41] I (707) efuse_init: Max chip rev:     v0.99 
[23:18:41] I (711) efuse_init: Chip rev:         v0.2
[23:18:41] I (715) heap_init: Initializing. RAM available for dynamic allocation:
[23:18:41] I (722) heap_init: At 3FC99090 len 00050680 (321 KiB): RAM
[23:18:41] I (727) heap_init: At 3FCE9710 len 00005724 (21 KiB): RAM
[23:18:41] I (732) heap_init: At 3FCF0000 len 00008000 (32 KiB): DRAM
[23:18:41] I (737) heap_init: At 600FE000 len 00001FE8 (7 KiB): RTCRAM
[23:18:41] I (743) esp_psram: Adding pool of 8192K of PSRAM memory to heap allocator
[23:18:41] I (749) spi_flash: detected chip: generic
[23:18:41] I (753) spi_flash: flash io: qio
[23:18:41] I (756) sleep_gpio: Configure to isolate all GPIO pins in sleep state
[23:18:41] I (762) sleep_gpio: Enable automatic switching of GPIO sleep configuration
[23:18:41] I (769) main_task: Started on CPU0
[23:18:41] I (772) main_task: Calling app_main()
[23:18:42] TINYDRAW_PANEL_HARD_RESET=1
[23:18:42] I (969) co5300: version: 2.1.0
[23:18:42] I (970) co5300_spi: LCD panel create success, version: 2.1.0
[23:18:42] W (1050) co5300_spi: The 3Ah command has been used and will be overwritten by external initialization sequence
[23:18:42] I (1151) CST816S: IC id: 183
[23:18:42] TINYDRAW_LIVE_PRESENT kind=startup zoom=25 x=0 y=0 compose_us=36976 scroll_us=0 exposed_compose_us=0 chrome_us=8388 read_submit_us=0 read_complete_us=0 transfer_wait_us=19734 tile_pixels=0 uniform_pixels=0 overview_pixels=164864 fallback_pixels=0 resident_tiles=0 fallback_tiles=0 pushes=21 tear_wait_us=5841 tear_sync=1 frame_reused=0 pass=1
[23:18:42] TINYDRAW_LIVE_STRESS operations=1000 samples=20000 total_us=450431 average_us=450 maximum_us=993 free_psram=2515156 largest_psram=2490368
[23:18:42] TINYDRAW_LIVE_PRESENT kind=gate_fallback zoom=100 x=0 y=0 compose_us=25619 scroll_us=0 exposed_compose_us=0 chrome_us=8033 read_submit_us=39303 read_complete_us=40101 transfer_wait_us=19773 tile_pixels=0 uniform_pixels=0 overview_pixels=0 fallback_pixels=164864 resident_tiles=0 fallback_tiles=42 pushes=21 tear_wait_us=12850 tear_sync=1 frame_reused=0 pass=1
[23:18:43] TINYDRAW_GATE1_HARD zoom=100 cold=1 operations=1000 samples=20000 steps=192 tiles=42 scanned=12000 rendered=1659 max_supertask_us=9507 presentation_us=68340 total_us=274910 pass=1
[23:18:43] TINYDRAW_LIVE_PRESENT kind=gate_fallback zoom=400 x=0 y=0 compose_us=24988 scroll_us=0 exposed_compose_us=0 chrome_us=7990 read_submit_us=41115 read_complete_us=41913 transfer_wait_us=19782 tile_pixels=0 uniform_pixels=0 overview_pixels=0 fallback_pixels=164864 resident_tiles=0 fallback_tiles=42 pushes=21 tear_wait_us=15300 tear_sync=1 frame_reused=0 pass=1
[23:18:43] TINYDRAW_GATE1_HARD zoom=400 cold=1 operations=1000 samples=20000 steps=196 tiles=42 scanned=12000 rendered=120 max_supertask_us=8664 presentation_us=65602 total_us=205358 pass=1
[23:18:43] TINYDRAW_OVERLAP_WORKLOAD operations=8 samples=1200 radius_world=80
[23:18:44] TINYDRAW_GATE1_PACED_COLD corpus=overlap zoom=50 x=215 y=255 steps=334 tiles=56 compute_us=379731 present_us=81853 touch_us=853 pacing_us=10687 wall_us=473124 max_tick_us=10117 touch_samples=2242 touch_interval_max_us=1681 touch_read_max_us=586 touch_events=0 touch_down=0 touch_up=0 touch_events_ge_8ms=0 touch_event_age_max_us=0 touch_errors=0 touch_overflows=0 pass=1
[23:18:44] TINYDRAW_GATE1_PACED_COLD corpus=overlap zoom=100 x=583 y=703 steps=172 tiles=48 compute_us=233753 present_us=79437 touch_us=535 pacing_us=6292 wall_us=320017 max_tick_us=10013 touch_samples=401 touch_interval_max_us=1860 touch_read_max_us=492 touch_events=0 touch_down=0 touch_up=0 touch_events_ge_8ms=0 touch_event_age_max_us=0 touch_errors=0 touch_overflows=0 pass=1
[23:18:45] TINYDRAW_GATE1_PACED_COLD corpus=overlap zoom=200 x=1319 y=1599 steps=128 tiles=56 compute_us=234410 present_us=80450 touch_us=473 pacing_us=5485 wall_us=320818 max_tick_us=9748 touch_samples=404 touch_interval_max_us=1129 touch_read_max_us=430 touch_events=0 touch_down=0 touch_up=0 touch_events_ge_8ms=0 touch_event_age_max_us=0 touch_errors=0 touch_overflows=0 pass=1
[23:18:45] TINYDRAW_GATE1_PACED_COLD corpus=overlap zoom=400 x=2791 y=3391 steps=94 tiles=56 compute_us=219306 present_us=79979 touch_us=440 pacing_us=6087 wall_us=305812 max_tick_us=9818 touch_samples=388 touch_interval_max_us=1156 touch_read_max_us=446 touch_events=0 touch_down=0 touch_up=0 touch_events_ge_8ms=0 touch_event_age_max_us=0 touch_errors=0 touch_overflows=0 pass=1
[23:18:45] TINYDRAW_ADVERSARIAL_TAPERED_WORKLOAD operations=128 samples=4096 erasers=12 load_us=219120 appended=1
[23:18:46] TINYDRAW_GATE1_PACED_COLD corpus=adversarial_tapered_4x zoom=50 x=0 y=0 steps=104 tiles=42 compute_us=102355 present_us=63569 touch_us=340 pacing_us=5054 wall_us=171318 max_tick_us=7786 touch_samples=521 touch_interval_max_us=1146 touch_read_max_us=435 touch_events=0 touch_down=0 touch_up=0 touch_events_ge_8ms=0 touch_event_age_max_us=0 touch_errors=0 touch_overflows=0 pass=1
[23:18:46] TINYDRAW_GATE1_PACED_COLD corpus=adversarial_tapered_4x zoom=100 x=0 y=0 steps=348 tiles=42 compute_us=171830 present_us=62303 touch_us=520 pacing_us=8328 wall_us=242981 max_tick_us=8450 touch_samples=323 touch_interval_max_us=1145 touch_read_max_us=424 touch_events=0 touch_down=0 touch_up=0 touch_events_ge_8ms=0 touch_event_age_max_us=0 touch_errors=0 touch_overflows=0 pass=1
[23:18:47] TINYDRAW_GATE1_PACED_COLD corpus=adversarial_tapered_4x zoom=200 x=0 y=0 steps=1214 tiles=42 compute_us=479032 present_us=65362 touch_us=1323 pacing_us=18380 wall_us=564097 max_tick_us=8915 touch_samples=657 touch_interval_max_us=1498 touch_read_max_us=464 touch_events=0 touch_down=0 touch_up=0 touch_events_ge_8ms=0 touch_event_age_max_us=0 touch_errors=0 touch_overflows=0 pass=1
[23:18:47] TINYDRAW_GATE1_PACED_COLD corpus=adversarial_tapered_4x zoom=400 x=0 y=0 steps=904 tiles=42 compute_us=580933 present_us=66061 touch_us=1450 pacing_us=18022 wall_us=666466 max_tick_us=9951 touch_samples=758 touch_interval_max_us=1474 touch_read_max_us=467 touch_events=0 touch_down=0 touch_up=0 touch_events_ge_8ms=0 touch_event_age_max_us=0 touch_errors=0 touch_overflows=0 pass=1
[23:18:48] TINYDRAW_GATE1_WORKLOAD kind=realistic seed=7 operations=1000 samples=19844 maximum_stroke=198 load_us=361574 raw_source=1 lod_copies=0
[23:18:48] TINYDRAW_GATE1_PACED_COLD corpus=seed7 zoom=400 x=63 y=63 steps=281 tiles=56 compute_us=277444 present_us=83403 touch_us=545 pacing_us=7828 wall_us=369220 max_tick_us=12923 touch_samples=929 touch_interval_max_us=1916 touch_read_max_us=492 touch_events=0 touch_down=0 touch_up=0 touch_events_ge_8ms=0 touch_event_age_max_us=0 touch_errors=0 touch_overflows=0 pass=1
[23:18:48] TINYDRAW_LIVE_PRESENT kind=gate_fallback zoom=100 x=0 y=0 compose_us=25971 scroll_us=0 exposed_compose_us=0 chrome_us=8069 read_submit_us=36072 read_complete_us=36871 transfer_wait_us=19785 tile_pixels=0 uniform_pixels=0 overview_pixels=0 fallback_pixels=164864 resident_tiles=0 fallback_tiles=42 pushes=21 tear_wait_us=9283 tear_sync=1 frame_reused=0 pass=1
[23:18:49] TINYDRAW_GATE1_HARD zoom=100 cold=1 operations=1000 samples=19844 steps=275 tiles=42 scanned=12000 rendered=5232 max_supertask_us=9706 presentation_us=67616 total_us=389257 pass=1
[23:18:49] TINYDRAW_GATE1_LIVE_OVERLAY clear_updates=47 clear_wall_max_us=2934 clear_submit_max_us=2242 clear_complete_max_us=2289 overlay_updates=26 overlay_wall_max_us=2917 overlay_submit_max_us=2336 overlay_complete_max_us=2370 overlay_chrome_max_us=0 clear_failures=0 overlay_failures=0 pass=1
[23:18:50] TINYDRAW_GATE1_PAN zoom=100 from_x=0 from_y=0 to_x=88 to_y=88 compose_us=35396 scroll_us=11533 exposed_compose_us=15926 chrome_us=7937 event_submit_us=39946 event_complete_us=40746 transfer_us=19682 setup=1 present=1 moved=1 frame_reused=1 pass=0
[23:18:50] TINYDRAW_LIVE_PRESENT kind=gate_fallback zoom=400 x=0 y=0 compose_us=25149 scroll_us=0 exposed_compose_us=0 chrome_us=7990 read_submit_us=29233 read_complete_us=30025 transfer_wait_us=20433 tile_pixels=0 uniform_pixels=0 overview_pixels=0 fallback_pixels=164864 resident_tiles=0 fallback_tiles=42 pushes=21 tear_wait_us=3225 tear_sync=1 frame_reused=0 pass=1
[23:18:50] TINYDRAW_GATE1_HARD zoom=400 cold=1 operations=1000 samples=19844 steps=211 tiles=42 scanned=12000 rendered=591 max_supertask_us=11152 presentation_us=66358 total_us=269233 pass=1
[23:18:50] TINYDRAW_GATE1_PAN zoom=400 from_x=0 from_y=0 to_x=88 to_y=88 compose_us=35244 scroll_us=11528 exposed_compose_us=15874 chrome_us=7842 event_submit_us=40310 event_complete_us=41109 transfer_us=20403 setup=1 present=1 moved=1 frame_reused=1 pass=0
[23:18:54] TINYDRAW_PANSEQ_FRAME zoom=100 step=0 dx=24 dy=18 scroll_us=15692 exposed_compose_us=4703 tear_wait_us=10790 present_us=20465 prepare_us=9001 staging_us=10649 event_submit_us=39890 event_complete_us=40686 frame_us=68075 tear_sync=1 frame_reused=1 pass=1
[23:18:54] TINYDRAW_PANSEQ_FRAME zoom=100 step=1 dx=24 dy=18 scroll_us=15715 exposed_compose_us=4755 tear_wait_us=9802 present_us=20245 prepare_us=9060 staging_us=10501 event_submit_us=38973 event_complete_us=39775 frame_us=67162 tear_sync=1 frame_reused=1 pass=1
[23:18:54] TINYDRAW_PANSEQ_FRAME zoom=100 step=2 dx=24 dy=18 scroll_us=15736 exposed_compose_us=4415 tear_wait_us=10043 present_us=20037 prepare_us=9046 staging_us=10609 event_submit_us=38978 event_complete_us=39778 frame_us=66975 tear_sync=1 frame_reused=1 pass=1
[23:18:54] TINYDRAW_PANSEQ_FRAME zoom=100 step=3 dx=24 dy=18 scroll_us=15754 exposed_compose_us=5018 tear_wait_us=9677 present_us=19839 prepare_us=8946 staging_us=10757 event_submit_us=39152 event_complete_us=39952 frame_us=66959 tear_sync=1 frame_reused=1 pass=1
[23:18:54] TINYDRAW_PANSEQ_FRAME zoom=100 step=4 dx=24 dy=18 scroll_us=15739 exposed_compose_us=4523 tear_wait_us=10274 present_us=19711 prepare_us=8895 staging_us=10823 event_submit_us=39272 event_complete_us=40072 frame_us=67010 tear_sync=1 frame_reused=1 pass=1
[23:18:54] TINYDRAW_PANSEQ_FRAME zoom=100 step=5 dx=24 dy=18 scroll_us=15716 exposed_compose_us=4774 tear_wait_us=10187 present_us=19570 prepare_us=8995 staging_us=10665 event_submit_us=39360 event_complete_us=40160 frame_us=66944 tear_sync=1 frame_reused=1 pass=1
[23:18:54] TINYDRAW_PANSEQ_FRAME zoom=100 step=6 dx=24 dy=18 scroll_us=15725 exposed_compose_us=4443 tear_wait_us=10707 present_us=20348 prepare_us=9050 staging_us=10557 event_submit_us=39594 event_complete_us=40394 frame_us=67920 tear_sync=1 frame_reused=1 pass=1
[23:18:55] TINYDRAW_PANSEQ_FRAME zoom=100 step=7 dx=24 dy=18 scroll_us=15745 exposed_compose_us=4822 tear_wait_us=9558 present_us=20126 prepare_us=9162 staging_us=10421 event_submit_us=38847 event_complete_us=39647 frame_us=66898 tear_sync=1 frame_reused=1 pass=1
[23:18:55] TINYDRAW_PANSEQ_FRAME zoom=100 step=8 dx=24 dy=18 scroll_us=15741 exposed_compose_us=4869 tear_wait_us=9783 present_us=19893 prepare_us=8985 staging_us=10695 event_submit_us=39138 event_complete_us=39939 frame_us=67023 tear_sync=1 frame_reused=1 pass=1
[23:18:55] TINYDRAW_PANSEQ_FRAME zoom=100 step=9 dx=24 dy=18 scroll_us=15726 exposed_compose_us=4862 tear_wait_us=9939 present_us=19719 prepare_us=8946 staging_us=10682 event_submit_us=39239 event_complete_us=40039 frame_us=67082 tear_sync=1 frame_reused=1 pass=1
[23:18:55] TINYDRAW_PANSEQ_FRAME zoom=100 step=10 dx=24 dy=18 scroll_us=15749 exposed_compose_us=4485 tear_wait_us=10336 present_us=19538 prepare_us=9017 staging_us=10622 event_submit_us=39303 event_complete_us=40103 frame_us=66985 tear_sync=1 frame_reused=1 pass=1
[23:18:55] TINYDRAW_PANSEQ_FRAME zoom=100 step=11 dx=24 dy=18 scroll_us=15734 exposed_compose_us=5270 tear_wait_us=9797 present_us=20278 prepare_us=9140 staging_us=10443 event_submit_us=39527 event_complete_us=40329 frame_us=67997 tear_sync=1 frame_reused=1 pass=1
[23:18:55] TINYDRAW_PANSEQ_FRAME zoom=100 step=12 dx=24 dy=18 scroll_us=15723 exposed_compose_us=4634 tear_wait_us=9662 present_us=20025 prepare_us=9090 staging_us=10606 event_submit_us=38740 event_complete_us=39540 frame_us=66970 tear_sync=1 frame_reused=1 pass=1
[23:18:55] TINYDRAW_PANSEQ_FRAME zoom=100 step=13 dx=24 dy=18 scroll_us=15745 exposed_compose_us=4883 tear_wait_us=9598 present_us=19798 prepare_us=8940 staging_us=10765 event_submit_us=38952 event_complete_us=39755 frame_us=66833 tear_sync=1 frame_reused=1 pass=1
[23:18:55] TINYDRAW_PANSEQ_FRAME zoom=100 step=14 dx=24 dy=18 scroll_us=15753 exposed_compose_us=4659 tear_wait_us=10172 present_us=19612 prepare_us=8990 staging_us=10709 event_submit_us=39262 event_complete_us=40062 frame_us=67037 tear_sync=1 frame_reused=1 pass=1
[23:18:55] TINYDRAW_PANSEQ_FRAME zoom=100 step=15 dx=24 dy=18 scroll_us=15721 exposed_compose_us=4962 tear_wait_us=10021 present_us=20383 prepare_us=9066 staging_us=10590 event_submit_us=39410 event_complete_us=40208 frame_us=68007 tear_sync=1 frame_reused=1 pass=1
[23:18:55] TINYDRAW_PANSEQ_FRAME zoom=100 step=16 dx=72 dy=54 scroll_us=13681 exposed_compose_us=12883 tear_wait_us=3335 present_us=20181 prepare_us=9176 staging_us=10420 event_submit_us=38560 event_complete_us=39356 frame_us=67094 tear_sync=1 frame_reused=1 pass=1
[23:18:55] TINYDRAW_PANSEQ_FRAME zoom=100 step=17 dx=72 dy=54 scroll_us=13681 exposed_compose_us=12707 tear_wait_us=3608 present_us=19929 prepare_us=9003 staging_us=10670 event_submit_us=38673 event_complete_us=39473 frame_us=66858 tear_sync=1 frame_reused=1 pass=1
[23:18:55] TINYDRAW_PANSEQ_FRAME zoom=100 step=18 dx=72 dy=54 scroll_us=13694 exposed_compose_us=11822 tear_wait_us=4747 present_us=19755 prepare_us=8892 staging_us=10833 event_submit_us=38946 event_complete_us=39746 frame_us=66716 tear_sync=1 frame_reused=1 pass=1
[23:18:55] TINYDRAW_PANSEQ_FRAME zoom=100 step=19 dx=72 dy=54 scroll_us=13686 exposed_compose_us=11948 tear_wait_us=5134 present_us=19546 prepare_us=8952 staging_us=10688 event_submit_us=39396 event_complete_us=40196 frame_us=66635 tear_sync=1 frame_reused=1 pass=1
[23:18:55] TINYDRAW_PANSEQ_FRAME zoom=100 step=20 dx=-72 dy=-54 scroll_us=13566 exposed_compose_us=12847 tear_wait_us=4793 present_us=20330 prepare_us=9056 staging_us=10539 event_submit_us=39931 event_complete_us=40731 frame_us=68246 tear_sync=1 frame_reused=1 pass=1
[23:18:55] TINYDRAW_PANSEQ_FRAME zoom=100 step=21 dx=-72 dy=-54 scroll_us=13628 exposed_compose_us=12756 tear_wait_us=3754 present_us=20090 prepare_us=9094 staging_us=10488 event_submit_us=38876 event_complete_us=39676 frame_us=67224 tear_sync=1 frame_reused=1 pass=1
[23:18:55] TINYDRAW_PANSEQ_FRAME zoom=100 step=22 dx=-72 dy=-54 scroll_us=13643 exposed_compose_us=12676 tear_wait_us=3885 present_us=19810 prepare_us=8917 staging_us=10872 event_submit_us=38889 event_complete_us=39689 frame_us=67046 tear_sync=1 frame_reused=1 pass=1
[23:18:55] TINYDRAW_PANSEQ_FRAME zoom=100 step=23 dx=-72 dy=-54 scroll_us=13649 exposed_compose_us=12248 tear_wait_us=4473 present_us=19594 prepare_us=8972 staging_us=10711 event_submit_us=39015 event_complete_us=39816 frame_us=66837 tear_sync=1 frame_reused=1 pass=1
[23:18:55] TINYDRAW_GATE1_PANSEQ zoom=100 frames=24 scroll_avg_us=15039 exposed_avg_us=7331 tear_wait_avg_us=8086 present_avg_us=19950 prepare_avg_us=9016 staging_avg_us=10638 frame_avg_us=67188 frame_p50_us=67010 frame_p95_us=68075 frame_max_us=68246 complete_p50_us=39939 complete_p95_us=40686 complete_max_us=40731 all_reused=1 pass=1
[23:18:58] TINYDRAW_PANSEQ_FRAME zoom=400 step=0 dx=24 dy=18 scroll_us=15723 exposed_compose_us=4676 tear_wait_us=11005 present_us=19663 prepare_us=8933 staging_us=10768 event_submit_us=40078 event_complete_us=40879 frame_us=67298 tear_sync=1 frame_reused=1 pass=1
[23:18:58] TINYDRAW_PANSEQ_FRAME zoom=400 step=1 dx=24 dy=18 scroll_us=15700 exposed_compose_us=4686 tear_wait_us=10964 present_us=20420 prepare_us=9025 staging_us=10597 event_submit_us=39970 event_complete_us=40765 frame_us=68247 tear_sync=1 frame_reused=1 pass=1
[23:18:58] TINYDRAW_PANSEQ_FRAME zoom=400 step=2 dx=24 dy=18 scroll_us=15717 exposed_compose_us=4362 tear_wait_us=10202 present_us=20190 prepare_us=9167 staging_us=10443 event_submit_us=38910 event_complete_us=39698 frame_us=66787 tear_sync=1 frame_reused=1 pass=1
[23:18:59] TINYDRAW_PANSEQ_FRAME zoom=400 step=3 dx=24 dy=18 scroll_us=15685 exposed_compose_us=4754 tear_wait_us=10169 present_us=19941 prepare_us=9013 staging_us=10700 event_submit_us=39327 event_complete_us=40128 frame_us=66835 tear_sync=1 frame_reused=1 pass=1
[23:18:59] TINYDRAW_PANSEQ_FRAME zoom=400 step=4 dx=24 dy=18 scroll_us=15725 exposed_compose_us=4291 tear_wait_us=10983 present_us=19751 prepare_us=8912 staging_us=10808 event_submit_us=39636 event_complete_us=40438 frame_us=67060 tear_sync=1 frame_reused=1 pass=1
[23:18:59] TINYDRAW_PANSEQ_FRAME zoom=400 step=5 dx=24 dy=18 scroll_us=15713 exposed_compose_us=4565 tear_wait_us=10865 present_us=19537 prepare_us=9033 staging_us=10613 event_submit_us=39754 event_complete_us=40554 frame_us=66939 tear_sync=1 frame_reused=1 pass=1
[23:18:59] TINYDRAW_PANSEQ_FRAME zoom=400 step=6 dx=24 dy=18 scroll_us=15741 exposed_compose_us=4478 tear_wait_us=11188 present_us=20262 prepare_us=9160 staging_us=10455 event_submit_us=40039 event_complete_us=40840 frame_us=68370 tear_sync=1 frame_reused=1 pass=1
[23:18:59] TINYDRAW_PANSEQ_FRAME zoom=400 step=7 dx=24 dy=18 scroll_us=15727 exposed_compose_us=5041 tear_wait_us=9431 present_us=20025 prepare_us=9019 staging_us=10635 event_submit_us=38863 event_complete_us=39663 frame_us=66987 tear_sync=1 frame_reused=1 pass=1
[23:18:59] TINYDRAW_PANSEQ_FRAME zoom=400 step=8 dx=24 dy=18 scroll_us=15752 exposed_compose_us=5100 tear_wait_us=9600 present_us=19797 prepare_us=8926 staging_us=10759 event_submit_us=39060 event_complete_us=39862 frame_us=67130 tear_sync=1 frame_reused=1 pass=1
[23:18:59] TINYDRAW_PANSEQ_FRAME zoom=400 step=9 dx=24 dy=18 scroll_us=15730 exposed_compose_us=5028 tear_wait_us=9759 present_us=19582 prepare_us=8983 staging_us=10672 event_submit_us=39099 event_complete_us=39899 frame_us=67140 tear_sync=1 frame_reused=1 pass=1
[23:18:59] TINYDRAW_PANSEQ_FRAME zoom=400 step=10 dx=24 dy=18 scroll_us=15724 exposed_compose_us=4667 tear_wait_us=10079 present_us=20363 prepare_us=9090 staging_us=10569 event_submit_us=39134 event_complete_us=39928 frame_us=67897 tear_sync=1 frame_reused=1 pass=1
[23:18:59] TINYDRAW_PANSEQ_FRAME zoom=400 step=11 dx=24 dy=18 scroll_us=15743 exposed_compose_us=5534 tear_wait_us=8530 present_us=20111 prepare_us=9133 staging_us=10474 event_submit_us=38448 event_complete_us=39247 frame_us=67161 tear_sync=1 frame_reused=1 pass=1
[23:18:59] TINYDRAW_PANSEQ_FRAME zoom=400 step=12 dx=24 dy=18 scroll_us=15721 exposed_compose_us=4896 tear_wait_us=9273 present_us=19847 prepare_us=8923 staging_us=10769 event_submit_us=38506 event_complete_us=39307 frame_us=67000 tear_sync=1 frame_reused=1 pass=1
[23:18:59] TINYDRAW_PANSEQ_FRAME zoom=400 step=13 dx=24 dy=18 scroll_us=15731 exposed_compose_us=5104 tear_wait_us=9277 present_us=19620 prepare_us=8963 staging_us=10742 event_submit_us=38688 event_complete_us=39489 frame_us=66713 tear_sync=1 frame_reused=1 pass=1
[23:18:59] TINYDRAW_PANSEQ_FRAME zoom=400 step=14 dx=24 dy=18 scroll_us=15745 exposed_compose_us=4930 tear_wait_us=9852 present_us=20341 prepare_us=9049 staging_us=10555 event_submit_us=39211 event_complete_us=40011 frame_us=68124 tear_sync=1 frame_reused=1 pass=1
[23:18:59] TINYDRAW_PANSEQ_FRAME zoom=400 step=15 dx=24 dy=18 scroll_us=15720 exposed_compose_us=5253 tear_wait_us=8752 present_us=20045 prepare_us=9058 staging_us=10579 event_submit_us=38337 event_complete_us=39137 frame_us=67039 tear_sync=1 frame_reused=1 pass=1
[23:18:59] TINYDRAW_PANSEQ_FRAME zoom=400 step=16 dx=72 dy=54 scroll_us=13681 exposed_compose_us=13516 tear_wait_us=2753 present_us=19767 prepare_us=8893 staging_us=10856 event_submit_us=38531 event_complete_us=39332 frame_us=67097 tear_sync=1 frame_reused=1 pass=1
[23:18:59] TINYDRAW_PANSEQ_FRAME zoom=400 step=17 dx=72 dy=54 scroll_us=13671 exposed_compose_us=13143 tear_wait_us=3250 present_us=19533 prepare_us=9017 staging_us=10609 event_submit_us=38620 event_complete_us=39420 frame_us=66798 tear_sync=1 frame_reused=1 pass=1
[23:18:59] TINYDRAW_PANSEQ_FRAME zoom=400 step=18 dx=72 dy=54 scroll_us=13680 exposed_compose_us=13307 tear_wait_us=3494 present_us=20241 prepare_us=9082 staging_us=10516 event_submit_us=39071 event_complete_us=39871 frame_us=67899 tear_sync=1 frame_reused=1 pass=1
[23:18:59] TINYDRAW_PANSEQ_FRAME zoom=400 step=19 dx=72 dy=54 scroll_us=13682 exposed_compose_us=13987 tear_wait_us=2153 present_us=19943 prepare_us=9011 staging_us=10703 event_submit_us=38421 event_complete_us=39223 frame_us=67498 tear_sync=1 frame_reused=1 pass=1
[23:18:59] TINYDRAW_PANSEQ_FRAME zoom=400 step=20 dx=-72 dy=-54 scroll_us=13645 exposed_compose_us=13518 tear_wait_us=2343 present_us=19679 prepare_us=8903 staging_us=10818 event_submit_us=38142 event_complete_us=38942 frame_us=66436 tear_sync=1 frame_reused=1 pass=1
[23:18:59] TINYDRAW_PANSEQ_FRAME zoom=400 step=21 dx=-72 dy=-54 scroll_us=13636 exposed_compose_us=13291 tear_wait_us=3432 present_us=20406 prepare_us=9056 staging_us=10598 event_submit_us=38936 event_complete_us=39734 frame_us=67967 tear_sync=1 frame_reused=1 pass=1
[23:18:59] TINYDRAW_PANSEQ_FRAME zoom=400 step=22 dx=-72 dy=-54 scroll_us=13648 exposed_compose_us=13070 tear_wait_us=2867 present_us=20112 prepare_us=9077 staging_us=10531 event_submit_us=38220 event_complete_us=39020 frame_us=67120 tear_sync=1 frame_reused=1 pass=1
[23:18:59] TINYDRAW_PANSEQ_FRAME zoom=400 step=23 dx=-72 dy=-54 scroll_us=13637 exposed_compose_us=12382 tear_wait_us=3689 present_us=19843 prepare_us=8914 staging_us=10845 event_submit_us=38323 event_complete_us=39125 frame_us=66809 tear_sync=1 frame_reused=1 pass=1
[23:18:59] TINYDRAW_GATE1_PANSEQ zoom=400 frames=24 scroll_avg_us=15036 exposed_avg_us=7649 tear_wait_avg_us=7662 present_avg_us=19959 prepare_avg_us=9014 staging_avg_us=10650 frame_avg_us=67264 frame_p50_us=67097 frame_p95_us=68247 frame_max_us=68370 complete_p50_us=39698 complete_p95_us=40840 complete_max_us=40879 all_reused=1 pass=1
[23:18:59] TINYDRAW_GATE1_DRAW_FILL zoom=400 revision=2140 append_us=1180 poll_gap_us=89 event_submit_us=2384 event_complete_us=2558 max_compute_slice_us=5107 max_display_slice_us=25161 fill_us=282552 revision_restarted=1 pass=1
[23:19:00] TINYDRAW_GATE1_CACHE_FILL zoom=50 x=63 y=63 published=56 total_us=564310 within_cold_gate=0 complete=1
[23:19:01] TINYDRAW_GATE1_CACHE_FILL zoom=100 x=63 y=63 published=56 total_us=525960 within_cold_gate=0 complete=1
[23:19:01] TINYDRAW_GATE1_CACHE_FILL zoom=200 x=63 y=63 published=56 total_us=425079 within_cold_gate=1 complete=1
[23:19:01] TINYDRAW_GATE1_CACHE_FILL zoom=400 x=63 y=63 published=56 total_us=380149 within_cold_gate=1 complete=1
[23:19:02] TINYDRAW_GATE1_CACHE_REVISIT zoom=50 remaining=0 tile_pixels=118128 fallback_pixels=0 compose_us=27917 complete_us=19988 hit=1
[23:19:02] TINYDRAW_GATE1_CACHE_REVISIT zoom=100 remaining=0 tile_pixels=164864 fallback_pixels=0 compose_us=30267 complete_us=19794 hit=1
[23:19:02] TINYDRAW_GATE1_CACHE_REVISIT zoom=200 remaining=0 tile_pixels=164864 fallback_pixels=0 compose_us=30657 complete_us=19548 hit=1
[23:19:02] TINYDRAW_GATE1_CACHE_REVISIT zoom=400 remaining=0 tile_pixels=164607 fallback_pixels=0 compose_us=31490 complete_us=20241 hit=1
[23:19:02] TINYDRAW_GATE1_CACHE_FILL zoom=400 x=575 y=575 published=56 total_us=411067 within_cold_gate=1 complete=1
[23:19:02] TINYDRAW_GATE1_CACHE_ROUND_TRIP zoom=50 from_x=63 from_y=63 via_x=575 via_y=575 remaining=0 tile_pixels=118128 fallback_pixels=0 compose_us=27814 complete_us=20233 hit=1
[23:19:02] TINYDRAW_GATE1_CACHE_ROUND_TRIP zoom=100 from_x=63 from_y=63 via_x=575 via_y=575 remaining=0 tile_pixels=164864 fallback_pixels=0 compose_us=30021 complete_us=19941 hit=1
[23:19:02] TINYDRAW_GATE1_CACHE_ROUND_TRIP zoom=200 from_x=63 from_y=63 via_x=575 via_y=575 remaining=0 tile_pixels=164864 fallback_pixels=0 compose_us=30766 complete_us=19687 hit=1
[23:19:02] TINYDRAW_GATE1_CACHE_ROUND_TRIP zoom=400 from_x=63 from_y=63 via_x=575 via_y=575 remaining=0 tile_pixels=164607 fallback_pixels=0 compose_us=31539 complete_us=20387 hit=1
[23:19:02] TINYDRAW_GATE1_CACHE_RETENTION pass=1 slots=384 revision=2140
[23:19:04] TINYDRAW_PAPER_SWEEP zoom=100 identities=644 raw=266 uniform=378 fallback=0 slots=384 total_us=1510774 pass=1
[23:19:09] TINYDRAW_GATE1_CACHE_TOUR slots=384 stops=16 forward_steps=2306 forward_tiles=832 forward_wall_us=2383779 return_missing_tiles=0 return_steps=16 return_tiles=0 return_wall_us=39866 home_missing=0 home_fallback_pixels=0 pass=1
[23:19:09] TINYDRAW_GATE1_MIXED_DRAW_WARM zoom=50 fill_tiles=56 fill_us=474736 raw=42 uniform=14
[23:19:10] TINYDRAW_GATE1_MIXED_DRAW_WARM zoom=100 fill_tiles=56 fill_us=434564 raw=56 uniform=0
[23:19:10] TINYDRAW_GATE1_MIXED_DRAW_WARM zoom=200 fill_tiles=56 fill_us=394826 raw=56 uniform=0
[23:19:11] TINYDRAW_GATE1_MIXED_DRAW_WARM zoom=400 fill_tiles=42 fill_us=265218 raw=42 uniform=0
[23:19:12] TINYDRAW_GATE1_MIXED_DRAW zoom=25 tool=pen chunks=33 append_max_us=13776 append_avg_us=13119 append_total_us=432934 affected_tiles=196 published=0 fallback=196 committed=1 authority=1 refresh=1 run_ok=1 pass=1
[23:19:12] TINYDRAW_GATE1_MIXED_DRAW zoom=25 tool=eraser chunks=33 append_max_us=13424 append_avg_us=13044 append_total_us=430456 affected_tiles=0 published=0 fallback=0 committed=1 authority=1 refresh=1 run_ok=1 pass=1
[23:19:14] TINYDRAW_GATE1_MIXED_DRAW zoom=50 tool=pen chunks=33 append_max_us=13566 append_avg_us=11931 append_total_us=393735 affected_tiles=267 published=220 fallback=47 committed=1 authority=1 refresh=1 run_ok=1 pass=1
[23:19:15] TINYDRAW_GATE1_MIXED_DRAW zoom=50 tool=eraser chunks=33 append_max_us=12686 append_avg_us=9497 append_total_us=313428 affected_tiles=158 published=158 fallback=0 committed=1 authority=1 refresh=1 run_ok=1 pass=1
[23:19:17] TINYDRAW_GATE1_MIXED_DRAW zoom=100 tool=pen chunks=33 append_max_us=12706 append_avg_us=10734 append_total_us=354222 affected_tiles=322 published=260 fallback=62 committed=1 authority=1 refresh=1 run_ok=1 pass=1
[23:19:17] TINYDRAW_GATE1_MIXED_DRAW zoom=100 tool=eraser chunks=33 append_max_us=11196 append_avg_us=9392 append_total_us=309967 affected_tiles=230 published=229 fallback=1 committed=1 authority=1 refresh=1 run_ok=1 pass=1
[23:19:19] TINYDRAW_GATE1_MIXED_DRAW zoom=200 tool=pen chunks=33 append_max_us=12458 append_avg_us=10513 append_total_us=346949 affected_tiles=329 published=283 fallback=46 committed=1 authority=1 refresh=1 run_ok=1 pass=1
[23:19:20] TINYDRAW_GATE1_MIXED_DRAW zoom=200 tool=eraser chunks=33 append_max_us=10956 append_avg_us=8411 append_total_us=277583 affected_tiles=242 published=241 fallback=1 committed=1 authority=1 refresh=1 run_ok=1 pass=1
[23:19:21] TINYDRAW_GATE1_MIXED_DRAW zoom=400 tool=pen chunks=33 append_max_us=12160 append_avg_us=10399 append_total_us=343188 affected_tiles=321 published=288 fallback=33 committed=1 authority=1 refresh=1 run_ok=1 pass=1
[23:19:22] TINYDRAW_GATE1_MIXED_DRAW zoom=400 tool=eraser chunks=33 append_max_us=10518 append_avg_us=8742 append_total_us=288490 affected_tiles=242 published=242 fallback=0 committed=1 authority=1 refresh=1 run_ok=1 pass=1
[23:19:22] TINYDRAW_GATE1_MIXED_DRAW_REVISIT zoom=50 missing=4 refill_tiles=4 refill_us=150576
[23:19:22] TINYDRAW_GATE1_MIXED_DRAW_REVISIT zoom=100 missing=9 refill_tiles=9 refill_us=264688
[23:19:23] TINYDRAW_GATE1_MIXED_DRAW_REVISIT zoom=200 missing=16 refill_tiles=16 refill_us=271043
[23:19:23] TINYDRAW_GATE1_MIXED_DRAW_REVISIT zoom=400 missing=13 refill_tiles=13 refill_us=249753
[23:19:23] TINYDRAW_GATE1_MIXED_DRAW_SUMMARY slots=384 strokes=10 worst_append_us=13776 pass=1
[23:19:25] TINYDRAW_GATE1_LONG_GESTURE path=reference samples=1600 chunks=26 append_total_us=700466 append_max_us=33679 append_avg_us=26941 refresh_fallback_pixels=0 settled_fallback_pixels=0 committed=1 authority=1 refresh=1 run_ok=1
[23:19:25] TINYDRAW_GATE1_LONG_GESTURE path=in_place samples=1600 chunks=35 append_total_us=322075 append_max_us=11580 append_avg_us=9202 refresh_fallback_pixels=15088 settled_fallback_pixels=0 committed=1 authority=1 refresh=1 run_ok=1
[23:19:25] TINYDRAW_V2_EXPORT_PROGRESS row=0 of=1792
[23:19:26] TINYDRAW_V2_EXPORT_PROGRESS row=256 of=1792
[23:19:26] TINYDRAW_V2_EXPORT_PROGRESS row=512 of=1792
[23:19:27] TINYDRAW_V2_EXPORT_PROGRESS row=768 of=1792
[23:19:28] TINYDRAW_V2_EXPORT_PROGRESS row=1024 of=1792
[23:19:29] TINYDRAW_V2_EXPORT_PROGRESS row=1280 of=1792
[23:19:30] TINYDRAW_V2_EXPORT_PROGRESS row=1536 of=1792
[23:19:30] E (49256) task_wdt: Task watchdog got triggered. The following tasks/users did not reset the watchdog in time:
[23:19:30] E (49256) task_wdt:  - IDLE0 (CPU 0)
[23:19:30] E (49256) task_wdt: Tasks currently running:
[23:19:30] E (49256) task_wdt: CPU 0: main
[23:19:30] E (49256) task_wdt: CPU 1: IDLE1
[23:19:30] E (49256) task_wdt: Print CPU 0 (current core) backtrace
[23:19:30] 
[23:19:30] 
[23:19:30] Backtrace: 0x420343CD:0x3FC95A10 0x403787AD:0x3FC95A50 0x42039E6D:0x3FC9D0B0 0x4201CC5D:0x3FC9D0D0 0x4201D16C:0x3FC9D100 0x4201E29D:0x3FC9D140 0x4201C90F:0x3FC9D170 0x4201CB9E:0x3FC9D1B0 0x420197D5:0x3FC9D1D0 0x420125D1:0x3FC9D230 0x420127ED:0x3FC9D2E0 0x420103C3:0x3FC9D310 0x42017FCD:0x3FC9D380 0x4200C830:0x3FC9D7F0 0x420102AB:0x3FC9EB00 0x42007DB6:0x3FC9EB20
[23:19:30] 
[23:19:31] TINYDRAW_GATE1_EXPORT encoded=1 bytes=40045 elapsed_us=5829451 workspace_bytes=50652 band_bytes=376832 free_psram=2515156 free_internal=291772 signature=1 dimensions=1 pass=1
[23:19:31] TINYDRAW_EXPORT_RESERVE requested=1572864 free_before=2515156 largest_before=2490368 free_held=942288 largest_held=933888 pass=1
[23:19:31] TINYDRAW_GATE1_AUTOMATED_DONE stress=1 stress_100=1 stress_400=1 overlap_ready=1 overlap_cold=1 adversarial_ready=1 adversarial_cold=1 workload=1 paced_cold=1 hard_100=1 hard_400=1 pan_100=0 pan_400=0 pan_seq=1 live_overlay=1 draw_fill=1 cache=1 full_world_cache=1 cache_tour=1 mixed_draw=1 long_gesture=1 export_encode=1 export_reserve=1 return=1 ssaa_receipt=yellow
[23:19:31] TINYDRAW_VECTOR_V2_GATE_HARNESS_DONE pass=1
[23:19:31] TINYDRAW_VECTOR_V2_READY zoom=25 controls=chrome button=cycle_all_zooms operations_capacity=4000 samples_capacity=80000 live_storage_bytes=5829024 overview_bytes=1318912 raw_tile_bytes=3145728 tile_metadata_bytes=71416 operation_bytes=720000 live_scratch_bytes=572968 free_psram=2515156 largest_psram=2490368 te_edges=2904 te_period_us=16789 te_high_us=578 te_level=0 main_stack_free=6072
