[00:35:32] I (103) esp_image: segment 0: paddr=00010020 vaddr=3c050020 sizeESP-ROM:esp32s3-20210327
[00:35:32] Build:Mar 27 2021
[00:35:32] rst:0x15 (USB_UART_CHIP_RESET),boot:0x2b (SPI_FAST_FLASH_BOOT)
[00:35:32] Saved PC:0x4200873f
[00:35:32] SPIWP:0xee
[00:35:32] mode:DIO, clock div:1
[00:35:32] load:0x3fce2820,len:0x1664
[00:35:32] load:0x403c8700,len:0xf38
[00:35:32] load:0x403cb700,len:0x31e8
[00:35:32] entry 0x403c8930
[00:35:32] I (24) boot: ESP-IDF v6.0.2 2nd stage bootloader
[00:35:32] I (24) boot: compile time Aug 15 2026 00:35:17
[00:35:32] I (25) boot: Multicore bootloader
[00:35:32] I (25) boot: chip revision: v0.2
[00:35:32] I (28) boot: efuse block revision: v1.3
[00:35:32] I (31) qio_mode: Enabling default flash chip QIO
[00:35:32] I (36) boot.esp32s3: Boot SPI Speed : 80MHz
[00:35:32] I (39) boot.esp32s3: SPI Mode       : QIO
[00:35:32] I (43) boot.esp32s3: SPI Flash Size : 16MB
[00:35:32] I (47) boot: Enabling RNG early entropy source...
[00:35:32] I (51) boot: Partition Table:
[00:35:32] I (54) boot: ## Label            Usage          Type ST Offset   Length
[00:35:32] I (60) boot:  0 nvs              WiFi data        01 02 00009000 00006000
[00:35:32] I (67) boot:  1 phy_init         RF data          01 01 0000f000 00001000
[00:35:32] I (73) boot:  2 factory          factory app      00 00 00010000 00100000
[00:35:32] I (80) boot:  3 drawing          Unknown data     01 40 00110000 00300000
[00:35:32] I (86) boot:  4 export           Unknown data     01 41 00410000 00500000
[00:35:32] I (93) boot:  5 coredump         Unknown data     01 03 00910000 00010000
[00:35:32] I (100) boot: End of partition table
[00:35:32] I (103) esp_image: segment 0: paddr=00010020 vaddr=3c050020 size=13d5ch ( 81244) map
[00:35:32] I (123) esp_image: segment 1: paddr=00023d84 vaddr=3fc94500 size=03764h ( 14180) load
[00:35:32] I (126) esp_image: segment 2: paddr=000274f0 vaddr=40374000 size=08b28h ( 35624) load
[00:35:32] I (134) esp_image: segment 3: paddr=00030020 vaddr=42000020 size=4478ch (280460) map
[00:35:32] I (178) esp_image: segment 4: paddr=000747b4 vaddr=4037cb28 size=07934h ( 31028) load
[00:35:32] I (184) esp_image: segment 5: paddr=0007c0f0 vaddr=50000000 size=00024h (    36) load
[00:35:32] I (192) boot: Loaded app from partition at offset 0x10000
[00:35:32] I (192) boot: Disabling RNG early entropy source...
[00:35:32] I (203) octal_psram: vendor id    : 0x0d (AP)
[00:35:32] I (203) octal_psram: dev id       : 0x02 (generation 3)
[00:35:32] I (203) octal_psram: density      : 0x03 (64 Mbit)
[00:35:32] I (205) octal_psram: good-die     : 0x01 (Pass)
[00:35:32] I (210) octal_psram: Latency      : 0x01 (Fixed)
[00:35:32] I (214) octal_psram: VCC          : 0x01 (3V)
[00:35:32] I (218) octal_psram: SRF          : 0x01 (Fast Refresh)
[00:35:32] I (223) octal_psram: BurstType    : 0x01 (Hybrid Wrap)
[00:35:32] I (228) octal_psram: BurstLen     : 0x01 (32 Byte)
[00:35:32] I (232) octal_psram: Readlatency  : 0x02 (10 cycles@Fixed)
[00:35:32] I (238) octal_psram: DriveStrength: 0x00 (1/1)
[00:35:32] I (242) MSPI Timing: Enter psram timing tuning
[00:35:32] I (247) esp_psram: Found 8MB PSRAM device
[00:35:32] I (250) esp_psram: Speed: 80MHz
[00:35:32] I (253) cpu_start: Multicore app
[00:35:32] I (669) esp_psram: SPI SRAM memory test OK
[00:35:32] I (677) cpu_start: GPIO 44 and 43 are used as console UART I/O pins
[00:35:32] I (677) cpu_start: Pro cpu start user code
[00:35:32] I (677) cpu_start: cpu freq: 240000000 Hz
[00:35:32] I (679) app_init: Application information:
[00:35:32] I (683) app_init: Project name:     tinydraw_esp32
[00:35:32] I (687) app_init: App version:      1cd7f1b
[00:35:32] I (691) app_init: Compile time:     Aug 15 2026 00:35:10
[00:35:32] I (696) app_init: ELF file SHA256:  51d4be6d9...
[00:35:32] I (701) app_init: ESP-IDF:          v6.0.2
[00:35:32] I (705) efuse_init: Min chip rev:     v0.0
[00:35:33] I (708) efuse_init: Max chip rev:     v0.99 
[00:35:33] I (712) efuse_init: Chip rev:         v0.2
[00:35:33] I (716) heap_init: Initializing. RAM available for dynamic allocation:
[00:35:33] I (722) heap_init: At 3FC99090 len 00050680 (321 KiB): RAM
[00:35:33] I (728) heap_init: At 3FCE9710 len 00005724 (21 KiB): RAM
[00:35:33] I (733) heap_init: At 3FCF0000 len 00008000 (32 KiB): DRAM
[00:35:33] I (738) heap_init: At 600FE000 len 00001FE8 (7 KiB): RTCRAM
[00:35:33] I (743) esp_psram: Adding pool of 8192K of PSRAM memory to heap allocator
[00:35:33] I (750) spi_flash: detected chip: generic
[00:35:33] I (754) spi_flash: flash io: qio
[00:35:33] I (757) sleep_gpio: Configure to isolate all GPIO pins in sleep state
[00:35:33] I (763) sleep_gpio: Enable automatic switching of GPIO sleep configuration
[00:35:33] I (770) main_task: Started on CPU0
[00:35:33] I (773) main_task: Calling app_main()
[00:35:33] TINYDRAW_PANEL_HARD_RESET=1
[00:35:33] I (970) co5300: version: 2.1.0
[00:35:33] I (971) co5300_spi: LCD panel create success, version: 2.1.0
[00:35:33] W (1051) co5300_spi: The 3Ah command has been used and will be overwritten by external initialization sequence
[00:35:33] I (1152) CST816S: IC id: 183
[00:35:33] TINYDRAW_LIVE_PRESENT kind=startup zoom=25 x=0 y=0 compose_us=36791 scroll_us=0 exposed_compose_us=0 chrome_us=8345 read_submit_us=0 read_complete_us=0 transfer_wait_us=18567 tile_pixels=0 uniform_pixels=0 overview_pixels=164864 fallback_pixels=0 resident_tiles=0 fallback_tiles=0 pushes=11 tear_wait_us=5846 tear_sync=1 frame_reused=0 pass=1
[00:35:33] TINYDRAW_LIVE_STRESS operations=1000 samples=20000 total_us=442006 average_us=442 maximum_us=1024 free_psram=2515156 largest_psram=2490368
[00:35:34] TINYDRAW_LIVE_PRESENT kind=gate_fallback zoom=100 x=0 y=0 compose_us=25366 scroll_us=0 exposed_compose_us=0 chrome_us=7925 read_submit_us=31452 read_complete_us=33068 transfer_wait_us=18102 tile_pixels=0 uniform_pixels=0 overview_pixels=0 fallback_pixels=164864 resident_tiles=0 fallback_tiles=42 pushes=11 tear_wait_us=4901 tear_sync=1 frame_reused=0 pass=1
[00:35:34] TINYDRAW_GATE1_HARD zoom=100 cold=1 operations=1000 samples=20000 steps=192 tiles=42 scanned=12000 rendered=1659 max_supertask_us=9168 presentation_us=69051 total_us=266909 pass=1
[00:35:34] TINYDRAW_LIVE_PRESENT kind=gate_fallback zoom=400 x=0 y=0 compose_us=24636 scroll_us=0 exposed_compose_us=0 chrome_us=7869 read_submit_us=33562 read_complete_us=35174 transfer_wait_us=18533 tile_pixels=0 uniform_pixels=0 overview_pixels=0 fallback_pixels=164864 resident_tiles=0 fallback_tiles=42 pushes=11 tear_wait_us=7740 tear_sync=1 frame_reused=0 pass=1
[00:35:34] TINYDRAW_GATE1_HARD zoom=400 cold=1 operations=1000 samples=20000 steps=196 tiles=42 scanned=12000 rendered=120 max_supertask_us=8539 presentation_us=68309 total_us=206204 pass=1
[00:35:35] TINYDRAW_OVERLAP_WORKLOAD operations=8 samples=1200 radius_world=80
[00:35:35] TINYDRAW_GATE1_PACED_COLD corpus=overlap zoom=50 x=215 y=255 steps=334 tiles=56 compute_us=365082 present_us=84101 touch_us=692 pacing_us=10494 wall_us=460369 max_tick_us=9784 touch_samples=2193 touch_interval_max_us=1717 touch_read_max_us=591 touch_events=0 touch_down=0 touch_up=0 touch_events_ge_8ms=0 touch_event_age_max_us=0 touch_errors=0 touch_overflows=0 pass=1
[00:35:36] TINYDRAW_GATE1_PACED_COLD corpus=overlap zoom=100 x=583 y=703 steps=172 tiles=48 compute_us=228059 present_us=81708 touch_us=468 pacing_us=6879 wall_us=317114 max_tick_us=10018 touch_samples=392 touch_interval_max_us=1861 touch_read_max_us=451 touch_events=0 touch_down=0 touch_up=0 touch_events_ge_8ms=0 touch_event_age_max_us=0 touch_errors=0 touch_overflows=0 pass=1
[00:35:36] TINYDRAW_GATE1_PACED_COLD corpus=overlap zoom=200 x=1319 y=1599 steps=128 tiles=56 compute_us=229425 present_us=76139 touch_us=416 pacing_us=6934 wall_us=312914 max_tick_us=9523 touch_samples=399 touch_interval_max_us=1161 touch_read_max_us=456 touch_events=0 touch_down=0 touch_up=0 touch_events_ge_8ms=0 touch_event_age_max_us=0 touch_errors=0 touch_overflows=0 pass=1
[00:35:36] TINYDRAW_GATE1_PACED_COLD corpus=overlap zoom=400 x=2791 y=3391 steps=94 tiles=56 compute_us=215768 present_us=81648 touch_us=410 pacing_us=6101 wall_us=303927 max_tick_us=9786 touch_samples=394 touch_interval_max_us=1514 touch_read_max_us=474 touch_events=0 touch_down=0 touch_up=0 touch_events_ge_8ms=0 touch_event_age_max_us=0 touch_errors=0 touch_overflows=0 pass=1
[00:35:37] TINYDRAW_ADVERSARIAL_TAPERED_WORKLOAD operations=128 samples=4096 erasers=12 load_us=218596 appended=1
[00:35:37] TINYDRAW_GATE1_PACED_COLD corpus=adversarial_tapered_4x zoom=50 x=0 y=0 steps=104 tiles=42 compute_us=93589 present_us=63342 touch_us=275 pacing_us=5216 wall_us=162422 max_tick_us=7825 touch_samples=497 touch_interval_max_us=1159 touch_read_max_us=433 touch_events=0 touch_down=0 touch_up=0 touch_events_ge_8ms=0 touch_event_age_max_us=0 touch_errors=0 touch_overflows=0 pass=1
[00:35:37] TINYDRAW_GATE1_PACED_COLD corpus=adversarial_tapered_4x zoom=100 x=0 y=0 steps=348 tiles=42 compute_us=155563 present_us=61612 touch_us=374 pacing_us=7546 wall_us=225095 max_tick_us=9885 touch_samples=314 touch_interval_max_us=1147 touch_read_max_us=421 touch_events=0 touch_down=0 touch_up=0 touch_events_ge_8ms=0 touch_event_age_max_us=0 touch_errors=0 touch_overflows=0 pass=1
[00:35:38] TINYDRAW_GATE1_PACED_COLD corpus=adversarial_tapered_4x zoom=200 x=0 y=0 steps=1214 tiles=42 compute_us=434602 present_us=63863 touch_us=940 pacing_us=16815 wall_us=516220 max_tick_us=9438 touch_samples=593 touch_interval_max_us=1169 touch_read_max_us=431 touch_events=0 touch_down=0 touch_up=0 touch_events_ge_8ms=0 touch_event_age_max_us=0 touch_errors=0 touch_overflows=0 pass=1
[00:35:39] TINYDRAW_GATE1_PACED_COLD corpus=adversarial_tapered_4x zoom=400 x=0 y=0 steps=904 tiles=42 compute_us=538693 present_us=66829 touch_us=1004 pacing_us=16977 wall_us=623503 max_tick_us=10099 touch_samples=711 touch_interval_max_us=1167 touch_read_max_us=434 touch_events=0 touch_down=0 touch_up=0 touch_events_ge_8ms=0 touch_event_age_max_us=0 touch_errors=0 touch_overflows=0 pass=1
[00:35:39] TINYDRAW_GATE1_WORKLOAD kind=realistic seed=7 operations=1000 samples=19844 maximum_stroke=198 load_us=369991 raw_source=1 lod_copies=0
[00:35:39] TINYDRAW_GATE1_PACED_COLD corpus=seed7 zoom=400 x=63 y=63 steps=281 tiles=56 compute_us=268174 present_us=84983 touch_us=440 pacing_us=8715 wall_us=362312 max_tick_us=12518 touch_samples=931 touch_interval_max_us=1977 touch_read_max_us=484 touch_events=0 touch_down=0 touch_up=0 touch_events_ge_8ms=0 touch_event_age_max_us=0 touch_errors=0 touch_overflows=0 pass=1
[00:35:39] TINYDRAW_LIVE_PRESENT kind=gate_fallback zoom=100 x=0 y=0 compose_us=25568 scroll_us=0 exposed_compose_us=0 chrome_us=7954 read_submit_us=27685 read_complete_us=29287 transfer_wait_us=18165 tile_pixels=0 uniform_pixels=0 overview_pixels=0 fallback_pixels=164864 resident_tiles=0 fallback_tiles=42 pushes=11 tear_wait_us=899 tear_sync=1 frame_reused=0 pass=1
[00:35:40] TINYDRAW_GATE1_HARD zoom=100 cold=1 operations=1000 samples=19844 steps=275 tiles=42 scanned=12000 rendered=5232 max_supertask_us=9262 presentation_us=69744 total_us=367737 pass=1
[00:35:40] TINYDRAW_GATE1_LIVE_OVERLAY clear_updates=47 clear_wall_max_us=2940 clear_submit_max_us=2223 clear_complete_max_us=2270 overlay_updates=26 overlay_wall_max_us=2918 overlay_submit_max_us=2351 overlay_complete_max_us=2391 overlay_chrome_max_us=0 clear_failures=0 overlay_failures=0 pass=1
[00:35:41] TINYDRAW_GATE1_PAN zoom=100 from_x=0 from_y=0 to_x=88 to_y=88 compose_us=13 scroll_us=10 exposed_compose_us=3 chrome_us=9517 event_submit_us=3264 event_complete_us=4891 transfer_us=32708 setup=1 present=1 moved=1 frame_reused=1 pass=1
[00:35:41] TINYDRAW_LIVE_PRESENT kind=gate_fallback zoom=400 x=0 y=0 compose_us=24731 scroll_us=0 exposed_compose_us=0 chrome_us=7880 read_submit_us=32632 read_complete_us=34246 transfer_wait_us=18600 tile_pixels=0 uniform_pixels=0 overview_pixels=0 fallback_pixels=164864 resident_tiles=0 fallback_tiles=42 pushes=11 tear_wait_us=6702 tear_sync=1 frame_reused=0 pass=1
[00:35:41] TINYDRAW_GATE1_HARD zoom=400 cold=1 operations=1000 samples=19844 steps=211 tiles=42 scanned=12000 rendered=591 max_supertask_us=10831 presentation_us=68195 total_us=262626 pass=1
[00:35:41] TINYDRAW_GATE1_PAN zoom=400 from_x=0 from_y=0 to_x=88 to_y=88 compose_us=13 scroll_us=10 exposed_compose_us=3 chrome_us=9383 event_submit_us=1074 event_complete_us=1506 transfer_us=33782 setup=1 present=1 moved=1 frame_reused=1 pass=1
[00:35:44] TINYDRAW_PANSEQ_FRAME zoom=100 step=0 dx=24 dy=18 scroll_us=15 exposed_compose_us=4 tear_wait_us=5 present_us=26401 prepare_us=6883 staging_us=6831 event_submit_us=1578 event_complete_us=3208 frame_us=26554 tear_sync=1 frame_reused=1 pass=1
[00:35:44] TINYDRAW_PANSEQ_FRAME zoom=100 step=1 dx=24 dy=18 scroll_us=11 exposed_compose_us=3 tear_wait_us=6 present_us=25848 prepare_us=6690 staging_us=6401 event_submit_us=1382 event_complete_us=3004 frame_us=25953 tear_sync=1 frame_reused=1 pass=1
[00:35:44] TINYDRAW_PANSEQ_FRAME zoom=100 step=2 dx=24 dy=18 scroll_us=10 exposed_compose_us=3 tear_wait_us=6 present_us=26850 prepare_us=6539 staging_us=7772 event_submit_us=2091 event_complete_us=3193 frame_us=26953 tear_sync=1 frame_reused=1 pass=1
[00:35:44] TINYDRAW_PANSEQ_FRAME zoom=100 step=3 dx=24 dy=18 scroll_us=11 exposed_compose_us=2 tear_wait_us=6 present_us=26852 prepare_us=6848 staging_us=6630 event_submit_us=1411 event_complete_us=3034 frame_us=26955 tear_sync=1 frame_reused=1 pass=1
[00:35:44] TINYDRAW_PANSEQ_FRAME zoom=100 step=4 dx=24 dy=18 scroll_us=12 exposed_compose_us=2 tear_wait_us=317 present_us=24539 prepare_us=6417 staging_us=6170 event_submit_us=1462 event_complete_us=2039 frame_us=24953 tear_sync=1 frame_reused=1 pass=1
[00:35:44] TINYDRAW_PANSEQ_FRAME zoom=100 step=5 dx=24 dy=18 scroll_us=11 exposed_compose_us=2 tear_wait_us=6 present_us=26848 prepare_us=6785 staging_us=6581 event_submit_us=1143 event_complete_us=2224 frame_us=26954 tear_sync=1 frame_reused=1 pass=1
[00:35:44] TINYDRAW_PANSEQ_FRAME zoom=100 step=6 dx=24 dy=18 scroll_us=11 exposed_compose_us=3 tear_wait_us=6 present_us=25849 prepare_us=6682 staging_us=6857 event_submit_us=1110 event_complete_us=2024 frame_us=25954 tear_sync=1 frame_reused=1 pass=1
[00:35:44] TINYDRAW_PANSEQ_FRAME zoom=100 step=7 dx=24 dy=18 scroll_us=10 exposed_compose_us=3 tear_wait_us=6 present_us=25854 prepare_us=6406 staging_us=6478 event_submit_us=1407 event_complete_us=3035 frame_us=25955 tear_sync=1 frame_reused=1 pass=1
[00:35:44] TINYDRAW_PANSEQ_FRAME zoom=100 step=8 dx=24 dy=18 scroll_us=12 exposed_compose_us=2 tear_wait_us=6 present_us=25848 prepare_us=6389 staging_us=6283 event_submit_us=443 event_complete_us=468 frame_us=25950 tear_sync=1 frame_reused=1 pass=1
[00:35:45] TINYDRAW_PANSEQ_FRAME zoom=100 step=9 dx=24 dy=18 scroll_us=10 exposed_compose_us=3 tear_wait_us=6 present_us=26856 prepare_us=6446 staging_us=7531 event_submit_us=2281 event_complete_us=3909 frame_us=26958 tear_sync=1 frame_reused=1 pass=1
[00:35:45] TINYDRAW_PANSEQ_FRAME zoom=100 step=10 dx=24 dy=18 scroll_us=11 exposed_compose_us=2 tear_wait_us=6 present_us=26850 prepare_us=6669 staging_us=7205 event_submit_us=1439 event_complete_us=3057 frame_us=26950 tear_sync=1 frame_reused=1 pass=1
[00:35:45] TINYDRAW_PANSEQ_FRAME zoom=100 step=11 dx=24 dy=18 scroll_us=11 exposed_compose_us=3 tear_wait_us=1191 present_us=25668 prepare_us=6461 staging_us=5607 event_submit_us=2363 event_complete_us=2945 frame_us=26957 tear_sync=1 frame_reused=1 pass=1
[00:35:45] TINYDRAW_PANSEQ_FRAME zoom=100 step=12 dx=24 dy=18 scroll_us=11 exposed_compose_us=2 tear_wait_us=6 present_us=25847 prepare_us=6600 staging_us=6395 event_submit_us=558 event_complete_us=718 frame_us=25950 tear_sync=1 frame_reused=1 pass=1
[00:35:45] TINYDRAW_PANSEQ_FRAME zoom=100 step=13 dx=24 dy=18 scroll_us=11 exposed_compose_us=3 tear_wait_us=5 present_us=26851 prepare_us=6543 staging_us=6630 event_submit_us=1036 event_complete_us=1908 frame_us=26954 tear_sync=1 frame_reused=1 pass=1
[00:35:45] TINYDRAW_PANSEQ_FRAME zoom=100 step=14 dx=24 dy=18 scroll_us=10 exposed_compose_us=3 tear_wait_us=6 present_us=25853 prepare_us=6796 staging_us=6635 event_submit_us=1430 event_complete_us=3054 frame_us=25955 tear_sync=1 frame_reused=1 pass=1
[00:35:45] TINYDRAW_PANSEQ_FRAME zoom=100 step=15 dx=24 dy=18 scroll_us=12 exposed_compose_us=3 tear_wait_us=6 present_us=25850 prepare_us=6681 staging_us=6287 event_submit_us=1421 event_complete_us=3045 frame_us=25953 tear_sync=1 frame_reused=1 pass=1
[00:35:45] TINYDRAW_PANSEQ_FRAME zoom=100 step=16 dx=72 dy=54 scroll_us=10 exposed_compose_us=3 tear_wait_us=6 present_us=30848 prepare_us=6321 staging_us=5617 event_submit_us=3293 event_complete_us=4235 frame_us=30952 tear_sync=1 frame_reused=1 pass=1
[00:35:45] TINYDRAW_PANSEQ_FRAME zoom=100 step=17 dx=72 dy=54 scroll_us=11 exposed_compose_us=3 tear_wait_us=6 present_us=31848 prepare_us=6365 staging_us=5646 event_submit_us=2096 event_complete_us=3723 frame_us=31956 tear_sync=1 frame_reused=1 pass=1
[00:35:45] TINYDRAW_PANSEQ_FRAME zoom=100 step=18 dx=72 dy=54 scroll_us=10 exposed_compose_us=3 tear_wait_us=6 present_us=29847 prepare_us=6533 staging_us=5679 event_submit_us=1009 event_complete_us=1300 frame_us=29952 tear_sync=1 frame_reused=1 pass=1
[00:35:45] TINYDRAW_PANSEQ_FRAME zoom=100 step=19 dx=72 dy=54 scroll_us=11 exposed_compose_us=2 tear_wait_us=6 present_us=30850 prepare_us=6460 staging_us=6177 event_submit_us=1737 event_complete_us=3358 frame_us=30955 tear_sync=1 frame_reused=1 pass=1
[00:35:45] TINYDRAW_PANSEQ_FRAME zoom=100 step=20 dx=-72 dy=-54 scroll_us=10 exposed_compose_us=3 tear_wait_us=6 present_us=31847 prepare_us=5841 staging_us=5708 event_submit_us=921 event_complete_us=1032 frame_us=31950 tear_sync=1 frame_reused=1 pass=1
[00:35:45] TINYDRAW_PANSEQ_FRAME zoom=100 step=21 dx=-72 dy=-54 scroll_us=12 exposed_compose_us=2 tear_wait_us=6 present_us=31850 prepare_us=5576 staging_us=5446 event_submit_us=1338 event_complete_us=1549 frame_us=31955 tear_sync=1 frame_reused=1 pass=1
[00:35:45] TINYDRAW_PANSEQ_FRAME zoom=100 step=22 dx=-72 dy=-54 scroll_us=20 exposed_compose_us=2 tear_wait_us=574 present_us=30275 prepare_us=5509 staging_us=5622 event_submit_us=2811 event_complete_us=3390 frame_us=30956 tear_sync=1 frame_reused=1 pass=1
[00:35:45] TINYDRAW_PANSEQ_FRAME zoom=100 step=23 dx=-72 dy=-54 scroll_us=11 exposed_compose_us=3 tear_wait_us=6 present_us=31845 prepare_us=5590 staging_us=5977 event_submit_us=1392 event_complete_us=2017 frame_us=31951 tear_sync=1 frame_reused=1 pass=1
[00:35:45] TINYDRAW_GATE1_PANSEQ zoom=100 frames=24 scroll_avg_us=11 exposed_avg_us=2 tear_wait_avg_us=91 present_avg_us=27828 prepare_avg_us=6417 staging_avg_us=6340 frame_avg_us=28020 frame_p50_us=26954 frame_p95_us=31955 frame_max_us=31956 complete_p50_us=3004 complete_p95_us=3909 complete_max_us=4235 all_reused=1 pass=1
[00:35:47] TINYDRAW_PANSEQ_FRAME zoom=400 step=0 dx=24 dy=18 scroll_us=12 exposed_compose_us=2 tear_wait_us=4 present_us=25751 prepare_us=6842 staging_us=6167 event_submit_us=1069 event_complete_us=1573 frame_us=25863 tear_sync=1 frame_reused=1 pass=1
[00:35:47] TINYDRAW_PANSEQ_FRAME zoom=400 step=1 dx=24 dy=18 scroll_us=10 exposed_compose_us=3 tear_wait_us=6 present_us=25849 prepare_us=6601 staging_us=6511 event_submit_us=855 event_complete_us=1452 frame_us=25951 tear_sync=1 frame_reused=1 pass=1
[00:35:47] TINYDRAW_PANSEQ_FRAME zoom=400 step=2 dx=24 dy=18 scroll_us=12 exposed_compose_us=2 tear_wait_us=6 present_us=25849 prepare_us=6652 staging_us=6918 event_submit_us=1392 event_complete_us=3021 frame_us=25955 tear_sync=1 frame_reused=1 pass=1
[00:35:47] TINYDRAW_PANSEQ_FRAME zoom=400 step=3 dx=24 dy=18 scroll_us=10 exposed_compose_us=3 tear_wait_us=6 present_us=25850 prepare_us=6701 staging_us=6401 event_submit_us=1388 event_complete_us=3010 frame_us=25953 tear_sync=1 frame_reused=1 pass=1
[00:35:48] TINYDRAW_PANSEQ_FRAME zoom=400 step=4 dx=24 dy=18 scroll_us=12 exposed_compose_us=2 tear_wait_us=6 present_us=26850 prepare_us=6628 staging_us=8243 event_submit_us=2267 event_complete_us=3630 frame_us=26955 tear_sync=1 frame_reused=1 pass=1
[00:35:48] TINYDRAW_PANSEQ_FRAME zoom=400 step=5 dx=24 dy=18 scroll_us=10 exposed_compose_us=3 tear_wait_us=6 present_us=26849 prepare_us=6803 staging_us=6991 event_submit_us=1417 event_complete_us=3040 frame_us=26953 tear_sync=1 frame_reused=1 pass=1
[00:35:48] TINYDRAW_PANSEQ_FRAME zoom=400 step=6 dx=24 dy=18 scroll_us=11 exposed_compose_us=3 tear_wait_us=693 present_us=25161 prepare_us=6558 staging_us=6061 event_submit_us=1881 event_complete_us=2461 frame_us=25955 tear_sync=1 frame_reused=1 pass=1
[00:35:48] TINYDRAW_PANSEQ_FRAME zoom=400 step=7 dx=24 dy=18 scroll_us=10 exposed_compose_us=3 tear_wait_us=5 present_us=25849 prepare_us=6629 staging_us=5879 event_submit_us=850 event_complete_us=1434 frame_us=25952 tear_sync=1 frame_reused=1 pass=1
[00:35:48] TINYDRAW_PANSEQ_FRAME zoom=400 step=8 dx=24 dy=18 scroll_us=12 exposed_compose_us=2 tear_wait_us=6 present_us=25849 prepare_us=6428 staging_us=6133 event_submit_us=1064 event_complete_us=1422 frame_us=25956 tear_sync=1 frame_reused=1 pass=1
[00:35:48] TINYDRAW_PANSEQ_FRAME zoom=400 step=9 dx=24 dy=18 scroll_us=10 exposed_compose_us=3 tear_wait_us=5 present_us=26851 prepare_us=6777 staging_us=6556 event_submit_us=1422 event_complete_us=3052 frame_us=26954 tear_sync=1 frame_reused=1 pass=1
[00:35:48] TINYDRAW_PANSEQ_FRAME zoom=400 step=10 dx=24 dy=18 scroll_us=11 exposed_compose_us=3 tear_wait_us=6 present_us=25845 prepare_us=6649 staging_us=6411 event_submit_us=1457 event_complete_us=3080 frame_us=25953 tear_sync=1 frame_reused=1 pass=1
[00:35:48] TINYDRAW_PANSEQ_FRAME zoom=400 step=11 dx=24 dy=18 scroll_us=10 exposed_compose_us=3 tear_wait_us=6 present_us=27852 prepare_us=6462 staging_us=7455 event_submit_us=2437 event_complete_us=3795 frame_us=27954 tear_sync=1 frame_reused=1 pass=1
[00:35:48] TINYDRAW_PANSEQ_FRAME zoom=400 step=12 dx=24 dy=18 scroll_us=10 exposed_compose_us=3 tear_wait_us=6 present_us=26849 prepare_us=6844 staging_us=6960 event_submit_us=1419 event_complete_us=3039 frame_us=26953 tear_sync=1 frame_reused=1 pass=1
[00:35:48] TINYDRAW_PANSEQ_FRAME zoom=400 step=13 dx=24 dy=18 scroll_us=11 exposed_compose_us=3 tear_wait_us=5 present_us=25852 prepare_us=6458 staging_us=5786 event_submit_us=1228 event_complete_us=1807 frame_us=25956 tear_sync=1 frame_reused=1 pass=1
[00:35:48] TINYDRAW_PANSEQ_FRAME zoom=400 step=14 dx=24 dy=18 scroll_us=10 exposed_compose_us=3 tear_wait_us=6 present_us=25850 prepare_us=6645 staging_us=5892 event_submit_us=1152 event_complete_us=1582 frame_us=25955 tear_sync=1 frame_reused=1 pass=1
[00:35:48] TINYDRAW_PANSEQ_FRAME zoom=400 step=15 dx=24 dy=18 scroll_us=10 exposed_compose_us=3 tear_wait_us=6 present_us=25857 prepare_us=6456 staging_us=5961 event_submit_us=779 event_complete_us=1298 frame_us=25961 tear_sync=1 frame_reused=1 pass=1
[00:35:48] TINYDRAW_PANSEQ_FRAME zoom=400 step=16 dx=72 dy=54 scroll_us=11 exposed_compose_us=3 tear_wait_us=6 present_us=31841 prepare_us=6405 staging_us=5352 event_submit_us=3136 event_complete_us=4763 frame_us=31944 tear_sync=1 frame_reused=1 pass=1
[00:35:48] TINYDRAW_PANSEQ_FRAME zoom=400 step=17 dx=72 dy=54 scroll_us=10 exposed_compose_us=3 tear_wait_us=6 present_us=31849 prepare_us=6510 staging_us=4827 event_submit_us=1272 event_complete_us=1703 frame_us=31955 tear_sync=1 frame_reused=1 pass=1
[00:35:48] TINYDRAW_PANSEQ_FRAME zoom=400 step=18 dx=72 dy=54 scroll_us=11 exposed_compose_us=3 tear_wait_us=6 present_us=31847 prepare_us=6714 staging_us=5878 event_submit_us=1496 event_complete_us=2577 frame_us=31952 tear_sync=1 frame_reused=1 pass=1
[00:35:48] TINYDRAW_PANSEQ_FRAME zoom=400 step=19 dx=72 dy=54 scroll_us=10 exposed_compose_us=3 tear_wait_us=6 present_us=32850 prepare_us=6207 staging_us=5922 event_submit_us=1760 event_complete_us=3382 frame_us=32954 tear_sync=1 frame_reused=1 pass=1
[00:35:48] TINYDRAW_PANSEQ_FRAME zoom=400 step=20 dx=-72 dy=-54 scroll_us=12 exposed_compose_us=3 tear_wait_us=6 present_us=33844 prepare_us=5686 staging_us=6483 event_submit_us=2532 event_complete_us=4150 frame_us=33952 tear_sync=1 frame_reused=1 pass=1
[00:35:48] TINYDRAW_PANSEQ_FRAME zoom=400 step=21 dx=-72 dy=-54 scroll_us=10 exposed_compose_us=3 tear_wait_us=6 present_us=32850 prepare_us=5604 staging_us=6643 event_submit_us=2498 event_complete_us=4122 frame_us=32956 tear_sync=1 frame_reused=1 pass=1
[00:35:48] TINYDRAW_PANSEQ_FRAME zoom=400 step=22 dx=-72 dy=-54 scroll_us=10 exposed_compose_us=3 tear_wait_us=6 present_us=33848 prepare_us=5504 staging_us=6854 event_submit_us=2500 event_complete_us=4120 frame_us=33953 tear_sync=1 frame_reused=1 pass=1
[00:35:48] TINYDRAW_PANSEQ_FRAME zoom=400 step=23 dx=-72 dy=-54 scroll_us=10 exposed_compose_us=3 tear_wait_us=6 present_us=32847 prepare_us=5506 staging_us=7008 event_submit_us=2206 event_complete_us=3830 frame_us=32952 tear_sync=1 frame_reused=1 pass=1
[00:35:48] TINYDRAW_GATE1_PANSEQ zoom=400 frames=24 scroll_avg_us=10 exposed_avg_us=2 tear_wait_avg_us=34 present_avg_us=28357 prepare_avg_us=6427 staging_avg_us=6387 frame_avg_us=28491 frame_p50_us=26953 frame_p95_us=33952 frame_max_us=33953 complete_p50_us=3021 complete_p95_us=4150 complete_max_us=4763 all_reused=1 pass=1
[00:35:48] TINYDRAW_GATE1_DRAW_FILL zoom=400 revision=2140 append_us=1233 poll_gap_us=111 event_submit_us=2447 event_complete_us=2624 max_compute_slice_us=4678 max_display_slice_us=25546 fill_us=277986 revision_restarted=1 pass=1
[00:35:49] TINYDRAW_GATE1_CACHE_FILL zoom=50 x=63 y=63 published=56 total_us=525438 within_cold_gate=0 complete=1
[00:35:49] TINYDRAW_GATE1_CACHE_FILL zoom=100 x=63 y=63 published=56 total_us=496049 within_cold_gate=1 complete=1
[00:35:50] TINYDRAW_GATE1_CACHE_FILL zoom=200 x=63 y=63 published=56 total_us=410179 within_cold_gate=1 complete=1
[00:35:50] TINYDRAW_GATE1_CACHE_FILL zoom=400 x=63 y=63 published=56 total_us=368285 within_cold_gate=1 complete=1
[00:35:50] TINYDRAW_GATE1_CACHE_REVISIT zoom=50 remaining=0 tile_pixels=118128 fallback_pixels=0 compose_us=27507 complete_us=18567 hit=1
[00:35:50] TINYDRAW_GATE1_CACHE_REVISIT zoom=100 remaining=0 tile_pixels=164864 fallback_pixels=0 compose_us=29908 complete_us=18393 hit=1
[00:35:51] TINYDRAW_GATE1_CACHE_REVISIT zoom=200 remaining=0 tile_pixels=164864 fallback_pixels=0 compose_us=30533 complete_us=18201 hit=1
[00:35:51] TINYDRAW_GATE1_CACHE_REVISIT zoom=400 remaining=0 tile_pixels=164607 fallback_pixels=0 compose_us=31124 complete_us=18000 hit=1
[00:35:51] TINYDRAW_GATE1_CACHE_FILL zoom=400 x=575 y=575 published=56 total_us=396192 within_cold_gate=1 complete=1
[00:35:51] TINYDRAW_GATE1_CACHE_ROUND_TRIP zoom=50 from_x=63 from_y=63 via_x=575 via_y=575 remaining=0 tile_pixels=118128 fallback_pixels=0 compose_us=27511 complete_us=18222 hit=1
[00:35:51] TINYDRAW_GATE1_CACHE_ROUND_TRIP zoom=100 from_x=63 from_y=63 via_x=575 via_y=575 remaining=0 tile_pixels=164864 fallback_pixels=0 compose_us=29821 complete_us=18019 hit=1
[00:35:51] TINYDRAW_GATE1_CACHE_ROUND_TRIP zoom=200 from_x=63 from_y=63 via_x=575 via_y=575 remaining=0 tile_pixels=164864 fallback_pixels=0 compose_us=30496 complete_us=18822 hit=1
[00:35:51] TINYDRAW_GATE1_CACHE_ROUND_TRIP zoom=400 from_x=63 from_y=63 via_x=575 via_y=575 remaining=0 tile_pixels=164607 fallback_pixels=0 compose_us=31184 complete_us=18620 hit=1
[00:35:51] TINYDRAW_GATE1_CACHE_RETENTION pass=1 slots=384 revision=2140
[00:35:53] TINYDRAW_PAPER_SWEEP zoom=100 identities=644 raw=266 uniform=378 fallback=0 slots=384 total_us=1424678 pass=1
[00:35:58] TINYDRAW_GATE1_CACHE_TOUR slots=384 stops=16 forward_steps=2306 forward_tiles=832 forward_wall_us=2325734 return_missing_tiles=0 return_steps=16 return_tiles=0 return_wall_us=40186 home_missing=0 home_fallback_pixels=0 pass=1
[00:35:58] TINYDRAW_GATE1_MIXED_DRAW_WARM zoom=50 fill_tiles=56 fill_us=438482 raw=42 uniform=14
[00:35:59] TINYDRAW_GATE1_MIXED_DRAW_WARM zoom=100 fill_tiles=56 fill_us=406978 raw=56 uniform=0
[00:35:59] TINYDRAW_GATE1_MIXED_DRAW_WARM zoom=200 fill_tiles=56 fill_us=375183 raw=56 uniform=0
[00:36:00] TINYDRAW_GATE1_MIXED_DRAW_WARM zoom=400 fill_tiles=42 fill_us=254655 raw=42 uniform=0
[00:36:00] TINYDRAW_GATE1_MIXED_DRAW zoom=25 tool=pen chunks=33 append_max_us=13651 append_avg_us=13055 append_total_us=430837 affected_tiles=196 published=0 fallback=196 committed=1 authority=1 refresh=1 run_ok=1 pass=1
[00:36:01] TINYDRAW_GATE1_MIXED_DRAW zoom=25 tool=eraser chunks=33 append_max_us=13340 append_avg_us=12983 append_total_us=428465 affected_tiles=0 published=0 fallback=0 committed=1 authority=1 refresh=1 run_ok=1 pass=1
[00:36:03] TINYDRAW_GATE1_MIXED_DRAW zoom=50 tool=pen chunks=33 append_max_us=12942 append_avg_us=11629 append_total_us=383760 affected_tiles=271 published=224 fallback=47 committed=1 authority=1 refresh=1 run_ok=1 pass=1
[00:36:03] TINYDRAW_GATE1_MIXED_DRAW zoom=50 tool=eraser chunks=33 append_max_us=11264 append_avg_us=8950 append_total_us=295380 affected_tiles=155 published=154 fallback=1 committed=1 authority=1 refresh=1 run_ok=1 pass=1
[00:36:05] TINYDRAW_GATE1_MIXED_DRAW zoom=100 tool=pen chunks=33 append_max_us=12656 append_avg_us=10243 append_total_us=338047 affected_tiles=328 published=270 fallback=58 committed=1 authority=1 refresh=1 run_ok=1 pass=1
[00:36:06] TINYDRAW_GATE1_MIXED_DRAW zoom=100 tool=eraser chunks=33 append_max_us=11092 append_avg_us=9186 append_total_us=303145 affected_tiles=247 published=246 fallback=1 committed=1 authority=1 refresh=1 run_ok=1 pass=1
[00:36:08] TINYDRAW_GATE1_MIXED_DRAW zoom=200 tool=pen chunks=33 append_max_us=12190 append_avg_us=10180 append_total_us=335965 affected_tiles=337 published=296 fallback=41 committed=1 authority=1 refresh=1 run_ok=1 pass=1
[00:36:08] TINYDRAW_GATE1_MIXED_DRAW zoom=200 tool=eraser chunks=33 append_max_us=10871 append_avg_us=9484 append_total_us=312987 affected_tiles=286 published=286 fallback=0 committed=1 authority=1 refresh=1 run_ok=1 pass=1
[00:36:10] TINYDRAW_GATE1_MIXED_DRAW zoom=400 tool=pen chunks=33 append_max_us=12311 append_avg_us=10347 append_total_us=341480 affected_tiles=333 published=306 fallback=27 committed=1 authority=1 refresh=1 run_ok=1 pass=1
[00:36:10] TINYDRAW_GATE1_MIXED_DRAW zoom=400 tool=eraser chunks=33 append_max_us=10894 append_avg_us=10024 append_total_us=330821 affected_tiles=309 published=309 fallback=0 committed=1 authority=1 refresh=1 run_ok=1 pass=1
[00:36:10] TINYDRAW_GATE1_MIXED_DRAW_REVISIT zoom=50 missing=4 refill_tiles=4 refill_us=139111
[00:36:11] TINYDRAW_GATE1_MIXED_DRAW_REVISIT zoom=100 missing=9 refill_tiles=9 refill_us=245605
[00:36:11] TINYDRAW_GATE1_MIXED_DRAW_REVISIT zoom=200 missing=16 refill_tiles=16 refill_us=254880
[00:36:11] TINYDRAW_GATE1_MIXED_DRAW_REVISIT zoom=400 missing=5 refill_tiles=5 refill_us=115449
[00:36:11] TINYDRAW_GATE1_MIXED_DRAW_SUMMARY slots=384 strokes=10 worst_append_us=13651 pass=1
[00:36:13] TINYDRAW_GATE1_LONG_GESTURE path=reference samples=1600 chunks=26 append_total_us=693080 append_max_us=33263 append_avg_us=26656 refresh_fallback_pixels=0 settled_fallback_pixels=0 committed=1 authority=1 refresh=1 run_ok=1
[00:36:13] TINYDRAW_GATE1_LONG_GESTURE path=in_place samples=1600 chunks=35 append_total_us=324267 append_max_us=11235 append_avg_us=9264 refresh_fallback_pixels=3328 settled_fallback_pixels=0 committed=1 authority=1 refresh=1 run_ok=1
[00:36:13] TINYDRAW_V2_EXPORT_PROGRESS row=0 of=1792
[00:36:14] TINYDRAW_V2_EXPORT_PROGRESS row=256 of=1792
[00:36:14] TINYDRAW_V2_EXPORT_PROGRESS row=512 of=1792
[00:36:15] TINYDRAW_V2_EXPORT_PROGRESS row=768 of=1792
[00:36:16] TINYDRAW_V2_EXPORT_PROGRESS row=1024 of=1792
[00:36:17] TINYDRAW_V2_EXPORT_PROGRESS row=1280 of=1792
[00:36:18] TINYDRAW_V2_EXPORT_PROGRESS row=1536 of=1792
[00:36:18] E (45973) task_wdt: Task watchdog got triggered. The following tasks/users did not reset the watchdog in time:
[00:36:18] E (45973) task_wdt:  - IDLE0 (CPU 0)
[00:36:18] E (45973) task_wdt: Tasks currently running:
[00:36:18] E (45973) task_wdt: CPU 0: main
[00:36:18] E (45973) task_wdt: CPU 1: IDLE1
[00:36:18] E (45973) task_wdt: Print CPU 0 (current core) backtrace
[00:36:18] 
[00:36:18] 
[00:36:18] Backtrace: 0x420357ED:0x3FC95A10 0x403787AD:0x3FC95A50 0x4203B1EA:0x3FC9D0E0 0x4201D613:0x3FC9D140 0x4201D946:0x3FC9D180 0x4201A57D:0x3FC9D1A0 0x42013379:0x3FC9D200 0x42013595:0x3FC9D2B0 0x4201026F:0x3FC9D2E0 0x42018D75:0x3FC9D350 0x4200C5B8:0x3FC9D7C0 0x42010157:0x3FC9EB00 0x42007B26:0x3FC9EB20
[00:36:18] 
[00:36:18] TINYDRAW_GATE1_EXPORT encoded=1 bytes=40045 elapsed_us=5774594 workspace_bytes=50652 band_bytes=376832 free_psram=2515156 free_internal=242524 signature=1 dimensions=1 pass=1
[00:36:18] TINYDRAW_EXPORT_RESERVE requested=1572864 free_before=2515156 largest_before=2490368 free_held=942288 largest_held=933888 pass=1
[00:36:19] TINYDRAW_GATE1_AUTOMATED_DONE stress=1 stress_100=1 stress_400=1 overlap_ready=1 overlap_cold=1 adversarial_ready=1 adversarial_cold=1 workload=1 paced_cold=1 hard_100=1 hard_400=1 pan_100=1 pan_400=1 pan_seq=1 live_overlay=1 draw_fill=1 cache=1 full_world_cache=1 cache_tour=1 mixed_draw=1 long_gesture=1 export_encode=1 export_reserve=1 return=1 ssaa_receipt=yellow
[00:36:19] TINYDRAW_VECTOR_V2_GATE_HARNESS_DONE pass=1
[00:36:19] TINYDRAW_VECTOR_V2_READY zoom=25 controls=chrome button=cycle_all_zooms operations_capacity=4000 samples_capacity=80000 live_storage_bytes=5829024 overview_bytes=1318912 raw_tile_bytes=3145728 tile_metadata_bytes=71416 operation_bytes=720000 live_scratch_bytes=572968 free_psram=2515156 largest_psram=2490368 te_edges=2709 te_period_us=16795 te_high_us=578 te_level=0 main_stack_free=6056
