[22:44:48] I (103) esp_image: segment 0: paddr=00010020 vaddr=3c050020 sizeESP-ROM:esp32s3-20210327
[22:44:48] Build:Mar 27 2021
[22:44:48] rst:0x15 (USB_UART_CHIP_RESET),boot:0x2b (SPI_FAST_FLASH_BOOT)
[22:44:48] Saved PC:0x40001c38
[22:44:48] SPIWP:0xee
[22:44:48] mode:DIO, clock div:1
[22:44:48] load:0x3fce2820,len:0x1664
[22:44:48] load:0x403c8700,len:0xf38
[22:44:48] load:0x403cb700,len:0x31e8
[22:44:48] entry 0x403c8930
[22:44:48] I (24) boot: ESP-IDF v6.0.2 2nd stage bootloader
[22:44:48] I (24) boot: compile time Aug 14 2026 22:44:29
[22:44:48] I (25) boot: Multicore bootloader
[22:44:48] I (25) boot: chip revision: v0.2
[22:44:48] I (28) boot: efuse block revision: v1.3
[22:44:48] I (31) qio_mode: Enabling default flash chip QIO
[22:44:48] I (36) boot.esp32s3: Boot SPI Speed : 80MHz
[22:44:48] I (39) boot.esp32s3: SPI Mode       : QIO
[22:44:48] I (43) boot.esp32s3: SPI Flash Size : 16MB
[22:44:48] I (47) boot: Enabling RNG early entropy source...
[22:44:48] I (51) boot: Partition Table:
[22:44:48] I (54) boot: ## Label            Usage          Type ST Offset   Length
[22:44:48] I (60) boot:  0 nvs              WiFi data        01 02 00009000 00006000
[22:44:48] I (67) boot:  1 phy_init         RF data          01 01 0000f000 00001000
[22:44:48] I (73) boot:  2 factory          factory app      00 00 00010000 00100000
[22:44:48] I (80) boot:  3 drawing          Unknown data     01 40 00110000 00300000
[22:44:48] I (86) boot:  4 export           Unknown data     01 41 00410000 00500000
[22:44:48] I (93) boot:  5 coredump         Unknown data     01 03 00910000 00010000
[22:44:48] I (100) boot: End of partition table
[22:44:48] I (103) esp_image: segment 0: paddr=00010020 vaddr=3c050020 size=13ccch ( 81100) map
[22:44:48] I (123) esp_image: segment 1: paddr=00023cf4 vaddr=3fc94500 size=03764h ( 14180) load
[22:44:48] I (126) esp_image: segment 2: paddr=00027460 vaddr=40374000 size=08bb8h ( 35768) load
[22:44:48] I (134) esp_image: segment 3: paddr=00030020 vaddr=42000020 size=42be4h (273380) map
[22:44:48] I (177) esp_image: segment 4: paddr=00072c0c vaddr=4037cbb8 size=078a4h ( 30884) load
[22:44:48] I (183) esp_image: segment 5: paddr=0007a4b8 vaddr=50000000 size=00024h (    36) load
[22:44:48] I (191) boot: Loaded app from partition at offset 0x10000
[22:44:48] I (191) boot: Disabling RNG early entropy source...
[22:44:48] I (202) octal_psram: vendor id    : 0x0d (AP)
[22:44:48] I (202) octal_psram: dev id       : 0x02 (generation 3)
[22:44:48] I (202) octal_psram: density      : 0x03 (64 Mbit)
[22:44:48] I (204) octal_psram: good-die     : 0x01 (Pass)
[22:44:48] I (209) octal_psram: Latency      : 0x01 (Fixed)
[22:44:48] I (213) octal_psram: VCC          : 0x01 (3V)
[22:44:48] I (217) octal_psram: SRF          : 0x01 (Fast Refresh)
[22:44:48] I (222) octal_psram: BurstType    : 0x01 (Hybrid Wrap)
[22:44:48] I (227) octal_psram: BurstLen     : 0x01 (32 Byte)
[22:44:48] I (231) octal_psram: Readlatency  : 0x02 (10 cycles@Fixed)
[22:44:48] I (237) octal_psram: DriveStrength: 0x00 (1/1)
[22:44:48] I (241) MSPI Timing: Enter psram timing tuning
[22:44:48] I (246) esp_psram: Found 8MB PSRAM device
[22:44:48] I (249) esp_psram: Speed: 80MHz
[22:44:48] I (252) cpu_start: Multicore app
[22:44:48] I (668) esp_psram: SPI SRAM memory test OK
[22:44:48] I (676) cpu_start: GPIO 44 and 43 are used as console UART I/O pins
[22:44:48] I (676) cpu_start: Pro cpu start user code
[22:44:48] I (676) cpu_start: cpu freq: 240000000 Hz
[22:44:48] I (678) app_init: Application information:
[22:44:48] I (682) app_init: Project name:     tinydraw_esp32
[22:44:48] I (686) app_init: App version:      205fefe
[22:44:48] I (690) app_init: Compile time:     Aug 14 2026 22:44:24
[22:44:48] I (695) app_init: ELF file SHA256:  343cdb438...
[22:44:48] I (700) app_init: ESP-IDF:          v6.0.2
[22:44:48] I (703) efuse_init: Min chip rev:     v0.0
[22:44:48] I (707) efuse_init: Max chip rev:     v0.99 
[22:44:48] I (711) efuse_init: Chip rev:         v0.2
[22:44:48] I (715) heap_init: Initializing. RAM available for dynamic allocation:
[22:44:48] I (721) heap_init: At 3FC99090 len 00050680 (321 KiB): RAM
[22:44:48] I (727) heap_init: At 3FCE9710 len 00005724 (21 KiB): RAM
[22:44:48] I (732) heap_init: At 3FCF0000 len 00008000 (32 KiB): DRAM
[22:44:48] I (737) heap_init: At 600FE000 len 00001FE8 (7 KiB): RTCRAM
[22:44:48] I (742) esp_psram: Adding pool of 8192K of PSRAM memory to heap allocator
[22:44:48] I (749) spi_flash: detected chip: generic
[22:44:48] I (752) spi_flash: flash io: qio
[22:44:48] I (756) sleep_gpio: Configure to isolate all GPIO pins in sleep state
[22:44:48] I (762) sleep_gpio: Enable automatic switching of GPIO sleep configuration
[22:44:48] I (769) main_task: Started on CPU0
[22:44:48] I (772) main_task: Calling app_main()
[22:44:48] TINYDRAW_PANEL_HARD_RESET=1
[22:44:48] I (969) co5300: version: 2.1.0
[22:44:48] I (970) co5300_spi: LCD panel create success, version: 2.1.0
[22:44:48] W (1050) co5300_spi: The 3Ah command has been used and will be overwritten by external initialization sequence
[22:44:48] I (1151) CST816S: IC id: 183
[22:44:49] TINYDRAW_LIVE_PRESENT kind=startup zoom=25 x=0 y=0 compose_us=36963 scroll_us=0 exposed_compose_us=0 chrome_us=8387 read_submit_us=0 read_complete_us=0 transfer_wait_us=19770 tile_pixels=0 uniform_pixels=0 overview_pixels=164864 fallback_pixels=0 resident_tiles=0 fallback_tiles=0 pushes=21 tear_wait_us=5856 tear_sync=1 frame_reused=0 pass=1
[22:44:49] TINYDRAW_LIVE_STRESS operations=1000 samples=20000 total_us=439552 average_us=439 maximum_us=962 free_psram=3042388 largest_psram=3014656
[22:44:49] TINYDRAW_LIVE_PRESENT kind=gate_fallback zoom=100 x=0 y=0 compose_us=25076 scroll_us=0 exposed_compose_us=0 chrome_us=8028 read_submit_us=33231 read_complete_us=34030 transfer_wait_us=19807 tile_pixels=0 uniform_pixels=0 overview_pixels=0 fallback_pixels=164864 resident_tiles=0 fallback_tiles=42 pushes=21 tear_wait_us=7278 tear_sync=1 frame_reused=0 pass=1
[22:44:49] TINYDRAW_GATE1_HARD zoom=100 cold=1 operations=1000 samples=20000 steps=192 tiles=42 scanned=12000 rendered=1659 max_supertask_us=8947 presentation_us=68122 total_us=264221 pass=1
[22:44:49] TINYDRAW_LIVE_PRESENT kind=gate_fallback zoom=400 x=0 y=0 compose_us=24365 scroll_us=0 exposed_compose_us=0 chrome_us=7950 read_submit_us=35090 read_complete_us=35889 transfer_wait_us=19827 tile_pixels=0 uniform_pixels=0 overview_pixels=0 fallback_pixels=164864 resident_tiles=0 fallback_tiles=42 pushes=21 tear_wait_us=9832 tear_sync=1 frame_reused=0 pass=1
[22:44:50] TINYDRAW_GATE1_HARD zoom=400 cold=1 operations=1000 samples=20000 steps=196 tiles=42 scanned=12000 rendered=120 max_supertask_us=8251 presentation_us=64773 total_us=197711 pass=1
[22:44:50] TINYDRAW_OVERLAP_WORKLOAD operations=8 samples=1200 radius_world=80
[22:44:51] TINYDRAW_GATE1_PACED_COLD corpus=overlap zoom=50 x=215 y=255 steps=334 tiles=56 compute_us=362155 present_us=81928 touch_us=732 pacing_us=11257 wall_us=456072 max_tick_us=9661 touch_samples=2172 touch_interval_max_us=1963 touch_read_max_us=606 touch_events=0 touch_down=0 touch_up=0 touch_events_ge_8ms=0 touch_event_age_max_us=0 touch_errors=0 touch_overflows=0 pass=1
[22:44:51] TINYDRAW_GATE1_PACED_COLD corpus=overlap zoom=100 x=583 y=703 steps=172 tiles=48 compute_us=222793 present_us=80118 touch_us=461 pacing_us=6879 wall_us=310251 max_tick_us=9160 touch_samples=391 touch_interval_max_us=1797 touch_read_max_us=493 touch_events=0 touch_down=0 touch_up=0 touch_events_ge_8ms=0 touch_event_age_max_us=0 touch_errors=0 touch_overflows=0 pass=1
[22:44:51] TINYDRAW_GATE1_PACED_COLD corpus=overlap zoom=200 x=1319 y=1599 steps=128 tiles=56 compute_us=223695 present_us=78260 touch_us=424 pacing_us=4678 wall_us=307057 max_tick_us=9292 touch_samples=399 touch_interval_max_us=1912 touch_read_max_us=482 touch_events=0 touch_down=0 touch_up=0 touch_events_ge_8ms=0 touch_event_age_max_us=0 touch_errors=0 touch_overflows=0 pass=1
[22:44:52] TINYDRAW_GATE1_PACED_COLD corpus=overlap zoom=400 x=2791 y=3391 steps=94 tiles=56 compute_us=208316 present_us=77558 touch_us=399 pacing_us=5757 wall_us=292030 max_tick_us=9379 touch_samples=372 touch_interval_max_us=1149 touch_read_max_us=441 touch_events=0 touch_down=0 touch_up=0 touch_events_ge_8ms=0 touch_event_age_max_us=0 touch_errors=0 touch_overflows=0 pass=1
[22:44:52] TINYDRAW_ADVERSARIAL_TAPERED_WORKLOAD operations=128 samples=4096 erasers=12 load_us=214221 appended=1
[22:44:52] TINYDRAW_GATE1_PACED_COLD corpus=adversarial_tapered_4x zoom=50 x=0 y=0 steps=104 tiles=42 compute_us=93032 present_us=61257 touch_us=237 pacing_us=4103 wall_us=158629 max_tick_us=7943 touch_samples=489 touch_interval_max_us=1137 touch_read_max_us=423 touch_events=0 touch_down=0 touch_up=0 touch_events_ge_8ms=0 touch_event_age_max_us=0 touch_errors=0 touch_overflows=0 pass=1
[22:44:53] TINYDRAW_GATE1_PACED_COLD corpus=adversarial_tapered_4x zoom=100 x=0 y=0 steps=348 tiles=42 compute_us=156598 present_us=58660 touch_us=326 pacing_us=6612 wall_us=222196 max_tick_us=8558 touch_samples=315 touch_interval_max_us=1134 touch_read_max_us=423 touch_events=0 touch_down=0 touch_up=0 touch_events_ge_8ms=0 touch_event_age_max_us=0 touch_errors=0 touch_overflows=0 pass=1
[22:44:53] TINYDRAW_GATE1_PACED_COLD corpus=adversarial_tapered_4x zoom=200 x=0 y=0 steps=1214 tiles=42 compute_us=441105 present_us=60971 touch_us=755 pacing_us=12513 wall_us=515344 max_tick_us=9835 touch_samples=596 touch_interval_max_us=1101 touch_read_max_us=408 touch_events=0 touch_down=0 touch_up=0 touch_events_ge_8ms=0 touch_event_age_max_us=0 touch_errors=0 touch_overflows=0 pass=1
[22:44:54] TINYDRAW_GATE1_PACED_COLD corpus=adversarial_tapered_4x zoom=400 x=0 y=0 steps=904 tiles=42 compute_us=545677 present_us=65402 touch_us=813 pacing_us=12710 wall_us=624602 max_tick_us=9927 touch_samples=714 touch_interval_max_us=1131 touch_read_max_us=414 touch_events=0 touch_down=0 touch_up=0 touch_events_ge_8ms=0 touch_event_age_max_us=0 touch_errors=0 touch_overflows=0 pass=1
[22:44:54] TINYDRAW_GATE1_WORKLOAD kind=realistic seed=7 operations=1000 samples=19844 maximum_stroke=198 load_us=365896 raw_source=1 lod_copies=0
[22:44:55] TINYDRAW_GATE1_PACED_COLD corpus=seed7 zoom=400 x=63 y=63 steps=281 tiles=56 compute_us=264547 present_us=83745 touch_us=405 pacing_us=7731 wall_us=356428 max_tick_us=12489 touch_samples=925 touch_interval_max_us=1145 touch_read_max_us=435 touch_events=0 touch_down=0 touch_up=0 touch_events_ge_8ms=0 touch_event_age_max_us=0 touch_errors=0 touch_overflows=0 pass=1
[22:44:55] TINYDRAW_LIVE_PRESENT kind=gate_fallback zoom=100 x=0 y=0 compose_us=25280 scroll_us=0 exposed_compose_us=0 chrome_us=8084 read_submit_us=33115 read_complete_us=33914 transfer_wait_us=19746 tile_pixels=0 uniform_pixels=0 overview_pixels=0 fallback_pixels=164864 resident_tiles=0 fallback_tiles=42 pushes=21 tear_wait_us=6996 tear_sync=1 frame_reused=0 pass=1
[22:44:55] TINYDRAW_GATE1_HARD zoom=100 cold=1 operations=1000 samples=19844 steps=275 tiles=42 scanned=12000 rendered=5232 max_supertask_us=9230 presentation_us=66731 total_us=369362 pass=1
[22:44:56] TINYDRAW_GATE1_LIVE_OVERLAY clear_updates=47 clear_wall_max_us=2932 clear_submit_max_us=2149 clear_complete_max_us=2192 overlay_updates=26 overlay_wall_max_us=2916 overlay_submit_max_us=2324 overlay_complete_max_us=2357 overlay_chrome_max_us=0 clear_failures=0 overlay_failures=0 pass=1
[22:44:56] TINYDRAW_GATE1_PAN zoom=100 from_x=0 from_y=0 to_x=88 to_y=88 compose_us=35480 scroll_us=11541 exposed_compose_us=16052 chrome_us=7887 event_submit_us=40159 event_complete_us=40959 transfer_us=19526 setup=1 present=1 moved=1 frame_reused=1 pass=0
[22:44:56] TINYDRAW_LIVE_PRESENT kind=gate_fallback zoom=400 x=0 y=0 compose_us=24454 scroll_us=0 exposed_compose_us=0 chrome_us=7893 read_submit_us=29415 read_complete_us=30215 transfer_wait_us=19255 tile_pixels=0 uniform_pixels=0 overview_pixels=0 fallback_pixels=164864 resident_tiles=0 fallback_tiles=42 pushes=21 tear_wait_us=4120 tear_sync=1 frame_reused=0 pass=1
[22:44:56] TINYDRAW_GATE1_HARD zoom=400 cold=1 operations=1000 samples=19844 steps=211 tiles=42 scanned=12000 rendered=591 max_supertask_us=10768 presentation_us=66231 total_us=259206 pass=1
[22:44:57] TINYDRAW_GATE1_PAN zoom=400 from_x=0 from_y=0 to_x=88 to_y=88 compose_us=35374 scroll_us=11525 exposed_compose_us=16001 chrome_us=7848 event_submit_us=40213 event_complete_us=41013 transfer_us=19635 setup=1 present=1 moved=1 frame_reused=1 pass=0
[22:45:01] TINYDRAW_PANSEQ_FRAME zoom=100 step=0 dx=24 dy=18 scroll_us=15729 exposed_compose_us=4771 tear_wait_us=10631 present_us=19569 prepare_us=8972 staging_us=10426 event_submit_us=39826 event_complete_us=40626 frame_us=67087 tear_sync=1 frame_reused=1 pass=1
[22:45:01] TINYDRAW_PANSEQ_FRAME zoom=100 step=1 dx=24 dy=18 scroll_us=15745 exposed_compose_us=4756 tear_wait_us=10747 present_us=19303 prepare_us=8952 staging_us=10499 event_submit_us=39958 event_complete_us=40759 frame_us=67170 tear_sync=1 frame_reused=1 pass=1
[22:45:01] TINYDRAW_PANSEQ_FRAME zoom=100 step=2 dx=24 dy=18 scroll_us=15742 exposed_compose_us=4437 tear_wait_us=11073 present_us=19997 prepare_us=8971 staging_us=10524 event_submit_us=40050 event_complete_us=40846 frame_us=67998 tear_sync=1 frame_reused=1 pass=1
[22:45:01] TINYDRAW_PANSEQ_FRAME zoom=100 step=3 dx=24 dy=18 scroll_us=15758 exposed_compose_us=5049 tear_wait_us=9761 present_us=19758 prepare_us=8964 staging_us=10459 event_submit_us=39241 event_complete_us=40041 frame_us=66864 tear_sync=1 frame_reused=1 pass=1
[22:45:01] TINYDRAW_PANSEQ_FRAME zoom=100 step=4 dx=24 dy=18 scroll_us=15755 exposed_compose_us=4547 tear_wait_us=10588 present_us=19501 prepare_us=9042 staging_us=10355 event_submit_us=39589 event_complete_us=40388 frame_us=67007 tear_sync=1 frame_reused=1 pass=1
[22:45:01] TINYDRAW_PANSEQ_FRAME zoom=100 step=5 dx=24 dy=18 scroll_us=15751 exposed_compose_us=4774 tear_wait_us=10646 present_us=20161 prepare_us=8958 staging_us=10525 event_submit_us=39878 event_complete_us=40675 frame_us=67999 tear_sync=1 frame_reused=1 pass=1
[22:45:01] TINYDRAW_PANSEQ_FRAME zoom=100 step=6 dx=24 dy=18 scroll_us=15744 exposed_compose_us=4420 tear_wait_us=10244 present_us=19826 prepare_us=9022 staging_us=10460 event_submit_us=39164 event_complete_us=39965 frame_us=66916 tear_sync=1 frame_reused=1 pass=1
[22:45:01] TINYDRAW_PANSEQ_FRAME zoom=100 step=7 dx=24 dy=18 scroll_us=15771 exposed_compose_us=4822 tear_wait_us=10156 present_us=19582 prepare_us=8972 staging_us=10447 event_submit_us=39447 event_complete_us=40247 frame_us=66879 tear_sync=1 frame_reused=1 pass=1
[22:45:01] TINYDRAW_PANSEQ_FRAME zoom=100 step=8 dx=24 dy=18 scroll_us=15764 exposed_compose_us=4890 tear_wait_us=10465 present_us=19286 prepare_us=8928 staging_us=10534 event_submit_us=39819 event_complete_us=40620 frame_us=67076 tear_sync=1 frame_reused=1 pass=1
[22:45:01] TINYDRAW_PANSEQ_FRAME zoom=100 step=9 dx=24 dy=18 scroll_us=15760 exposed_compose_us=4858 tear_wait_us=10638 present_us=19963 prepare_us=8995 staging_us=10488 event_submit_us=40016 event_complete_us=40819 frame_us=68034 tear_sync=1 frame_reused=1 pass=1
[22:45:01] TINYDRAW_PANSEQ_FRAME zoom=100 step=10 dx=24 dy=18 scroll_us=15765 exposed_compose_us=4458 tear_wait_us=10263 present_us=19733 prepare_us=8955 staging_us=10481 event_submit_us=39168 event_complete_us=39968 frame_us=66960 tear_sync=1 frame_reused=1 pass=1
[22:45:01] TINYDRAW_PANSEQ_FRAME zoom=100 step=11 dx=24 dy=18 scroll_us=15759 exposed_compose_us=5271 tear_wait_us=9704 present_us=19451 prepare_us=8969 staging_us=10427 event_submit_us=39446 event_complete_us=40238 frame_us=67040 tear_sync=1 frame_reused=1 pass=1
[22:45:01] TINYDRAW_PANSEQ_FRAME zoom=100 step=12 dx=24 dy=18 scroll_us=15772 exposed_compose_us=4645 tear_wait_us=10496 present_us=20133 prepare_us=8919 staging_us=10554 event_submit_us=39679 event_complete_us=40480 frame_us=67995 tear_sync=1 frame_reused=1 pass=1
[22:45:01] TINYDRAW_PANSEQ_FRAME zoom=100 step=13 dx=24 dy=18 scroll_us=15762 exposed_compose_us=4889 tear_wait_us=9547 present_us=19858 prepare_us=9007 staging_us=10447 event_submit_us=38915 event_complete_us=39717 frame_us=66789 tear_sync=1 frame_reused=1 pass=1
[22:45:01] TINYDRAW_PANSEQ_FRAME zoom=100 step=14 dx=24 dy=18 scroll_us=15767 exposed_compose_us=4672 tear_wait_us=10199 present_us=19642 prepare_us=8979 staging_us=10439 event_submit_us=39298 event_complete_us=40098 frame_us=67041 tear_sync=1 frame_reused=1 pass=1
[22:45:01] TINYDRAW_PANSEQ_FRAME zoom=100 step=15 dx=24 dy=18 scroll_us=15755 exposed_compose_us=4987 tear_wait_us=10108 present_us=19334 prepare_us=8935 staging_us=10491 event_submit_us=39521 event_complete_us=40317 frame_us=67045 tear_sync=1 frame_reused=1 pass=1
[22:45:01] TINYDRAW_PANSEQ_FRAME zoom=100 step=16 dx=72 dy=54 scroll_us=13706 exposed_compose_us=12927 tear_wait_us=4460 present_us=19991 prepare_us=8957 staging_us=10532 event_submit_us=39774 event_complete_us=40571 frame_us=68061 tear_sync=1 frame_reused=1 pass=1
[22:45:01] TINYDRAW_PANSEQ_FRAME zoom=100 step=17 dx=72 dy=54 scroll_us=13702 exposed_compose_us=12762 tear_wait_us=3808 present_us=19775 prepare_us=8977 staging_us=10467 event_submit_us=38883 event_complete_us=39683 frame_us=66847 tear_sync=1 frame_reused=1 pass=1
[22:45:01] TINYDRAW_PANSEQ_FRAME zoom=100 step=18 dx=72 dy=54 scroll_us=13708 exposed_compose_us=11616 tear_wait_us=5296 present_us=19517 prepare_us=9014 staging_us=10396 event_submit_us=39250 event_complete_us=40050 frame_us=66631 tear_sync=1 frame_reused=1 pass=1
[22:45:01] TINYDRAW_PANSEQ_FRAME zoom=100 step=19 dx=72 dy=54 scroll_us=13716 exposed_compose_us=11751 tear_wait_us=5767 present_us=20167 prepare_us=8957 staging_us=10518 event_submit_us=39924 event_complete_us=40719 frame_us=67641 tear_sync=1 frame_reused=1 pass=1
[22:45:01] TINYDRAW_PANSEQ_FRAME zoom=100 step=20 dx=-72 dy=-54 scroll_us=13656 exposed_compose_us=12856 tear_wait_us=4257 present_us=19908 prepare_us=8915 staging_us=10550 event_submit_us=39487 event_complete_us=40287 frame_us=67267 tear_sync=1 frame_reused=1 pass=1
[22:45:01] TINYDRAW_PANSEQ_FRAME zoom=100 step=21 dx=-72 dy=-54 scroll_us=13668 exposed_compose_us=12815 tear_wait_us=4334 present_us=19639 prepare_us=8975 staging_us=10453 event_submit_us=39444 event_complete_us=40244 frame_us=67272 tear_sync=1 frame_reused=1 pass=1
[22:45:01] TINYDRAW_PANSEQ_FRAME zoom=100 step=22 dx=-72 dy=-54 scroll_us=13665 exposed_compose_us=12716 tear_wait_us=4398 present_us=19344 prepare_us=8897 staging_us=10524 event_submit_us=39424 event_complete_us=40220 frame_us=67085 tear_sync=1 frame_reused=1 pass=1
[22:45:01] TINYDRAW_PANSEQ_FRAME zoom=100 step=23 dx=-72 dy=-54 scroll_us=13672 exposed_compose_us=12311 tear_wait_us=4973 present_us=19997 prepare_us=8952 staging_us=10575 event_submit_us=39642 event_complete_us=40446 frame_us=67810 tear_sync=1 frame_reused=1 pass=1
[22:45:01] TINYDRAW_GATE1_PANSEQ zoom=100 frames=24 scroll_avg_us=15066 exposed_avg_us=7333 tear_wait_avg_us=8439 present_avg_us=19726 prepare_avg_us=8966 staging_avg_us=10482 frame_avg_us=67271 frame_p50_us=67076 frame_p95_us=68034 frame_max_us=68061 complete_p50_us=40287 complete_p95_us=40819 complete_max_us=40846 all_reused=1 pass=1
[22:45:05] TINYDRAW_PANSEQ_FRAME zoom=400 step=0 dx=24 dy=18 scroll_us=15725 exposed_compose_us=4716 tear_wait_us=11225 present_us=19488 prepare_us=8997 staging_us=10429 event_submit_us=40329 event_complete_us=41124 frame_us=67254 tear_sync=1 frame_reused=1 pass=1
[22:45:05] TINYDRAW_PANSEQ_FRAME zoom=400 step=1 dx=24 dy=18 scroll_us=15737 exposed_compose_us=4717 tear_wait_us=11231 present_us=20130 prepare_us=8947 staging_us=10523 event_submit_us=40387 event_complete_us=41187 frame_us=68323 tear_sync=1 frame_reused=1 pass=1
[22:45:05] TINYDRAW_PANSEQ_FRAME zoom=400 step=2 dx=24 dy=18 scroll_us=15758 exposed_compose_us=4374 tear_wait_us=10541 present_us=19826 prepare_us=9019 staging_us=10459 event_submit_us=39322 event_complete_us=40123 frame_us=66786 tear_sync=1 frame_reused=1 pass=1
[22:45:05] TINYDRAW_PANSEQ_FRAME zoom=400 step=3 dx=24 dy=18 scroll_us=15753 exposed_compose_us=4763 tear_wait_us=10577 present_us=19554 prepare_us=9024 staging_us=10397 event_submit_us=39764 event_complete_us=40564 frame_us=66848 tear_sync=1 frame_reused=1 pass=1
[22:45:05] TINYDRAW_PANSEQ_FRAME zoom=400 step=4 dx=24 dy=18 scroll_us=15724 exposed_compose_us=4326 tear_wait_us=11407 present_us=19266 prepare_us=8889 staging_us=10544 event_submit_us=40129 event_complete_us=40928 frame_us=67038 tear_sync=1 frame_reused=1 pass=1
[22:45:05] TINYDRAW_PANSEQ_FRAME zoom=400 step=5 dx=24 dy=18 scroll_us=15729 exposed_compose_us=4586 tear_wait_us=11442 present_us=19913 prepare_us=8963 staging_us=10507 event_submit_us=40399 event_complete_us=41199 frame_us=67931 tear_sync=1 frame_reused=1 pass=1
[22:45:05] TINYDRAW_PANSEQ_FRAME zoom=400 step=6 dx=24 dy=18 scroll_us=15755 exposed_compose_us=4505 tear_wait_us=10786 present_us=19668 prepare_us=8990 staging_us=10447 event_submit_us=39669 event_complete_us=40469 frame_us=67369 tear_sync=1 frame_reused=1 pass=1
[22:45:05] TINYDRAW_PANSEQ_FRAME zoom=400 step=7 dx=24 dy=18 scroll_us=15759 exposed_compose_us=5070 tear_wait_us=10138 present_us=19360 prepare_us=8946 staging_us=10467 event_submit_us=39564 event_complete_us=40362 frame_us=67008 tear_sync=1 frame_reused=1 pass=1
[22:45:05] TINYDRAW_PANSEQ_FRAME zoom=400 step=8 dx=24 dy=18 scroll_us=15770 exposed_compose_us=5173 tear_wait_us=10257 present_us=20015 prepare_us=9004 staging_us=10505 event_submit_us=39854 event_complete_us=40655 frame_us=68146 tear_sync=1 frame_reused=1 pass=1
[22:45:05] TINYDRAW_PANSEQ_FRAME zoom=400 step=9 dx=24 dy=18 scroll_us=15762 exposed_compose_us=5081 tear_wait_us=9462 present_us=19734 prepare_us=8959 staging_us=10471 event_submit_us=38946 event_complete_us=39747 frame_us=67144 tear_sync=1 frame_reused=1 pass=1
[22:45:05] TINYDRAW_PANSEQ_FRAME zoom=400 step=10 dx=24 dy=18 scroll_us=15743 exposed_compose_us=4707 tear_wait_us=9937 present_us=19487 prepare_us=9030 staging_us=10368 event_submit_us=38996 event_complete_us=39791 frame_us=66861 tear_sync=1 frame_reused=1 pass=1
[22:45:05] TINYDRAW_PANSEQ_FRAME zoom=400 step=11 dx=24 dy=18 scroll_us=15754 exposed_compose_us=5616 tear_wait_us=9466 present_us=20137 prepare_us=8906 staging_us=10549 event_submit_us=39443 event_complete_us=40243 frame_us=68137 tear_sync=1 frame_reused=1 pass=1
[22:45:05] TINYDRAW_PANSEQ_FRAME zoom=400 step=12 dx=24 dy=18 scroll_us=15711 exposed_compose_us=4935 tear_wait_us=9256 present_us=19827 prepare_us=9003 staging_us=10474 event_submit_us=38554 event_complete_us=39355 frame_us=67063 tear_sync=1 frame_reused=1 pass=1
[22:45:05] TINYDRAW_PANSEQ_FRAME zoom=400 step=13 dx=24 dy=18 scroll_us=15750 exposed_compose_us=5102 tear_wait_us=9237 present_us=19585 prepare_us=8952 staging_us=10474 event_submit_us=38689 event_complete_us=39489 frame_us=66630 tear_sync=1 frame_reused=1 pass=1
[22:45:05] TINYDRAW_PANSEQ_FRAME zoom=400 step=14 dx=24 dy=18 scroll_us=15760 exposed_compose_us=5014 tear_wait_us=9877 present_us=19278 prepare_us=8934 staging_us=10522 event_submit_us=39322 event_complete_us=40123 frame_us=67173 tear_sync=1 frame_reused=1 pass=1
[22:45:05] TINYDRAW_PANSEQ_FRAME zoom=400 step=15 dx=24 dy=18 scroll_us=15725 exposed_compose_us=5299 tear_wait_us=9708 present_us=19976 prepare_us=8915 staging_us=10540 event_submit_us=39399 event_complete_us=40194 frame_us=68049 tear_sync=1 frame_reused=1 pass=1
[22:45:05] TINYDRAW_PANSEQ_FRAME zoom=400 step=16 dx=72 dy=54 scroll_us=13702 exposed_compose_us=13524 tear_wait_us=2713 present_us=19758 prepare_us=9001 staging_us=10418 event_submit_us=38523 event_complete_us=39323 frame_us=67086 tear_sync=1 frame_reused=1 pass=1
[22:45:05] TINYDRAW_PANSEQ_FRAME zoom=400 step=17 dx=72 dy=54 scroll_us=13705 exposed_compose_us=13142 tear_wait_us=3223 present_us=19488 prepare_us=8988 staging_us=10423 event_submit_us=38662 event_complete_us=39457 frame_us=66786 tear_sync=1 frame_reused=1 pass=1
[22:45:05] TINYDRAW_PANSEQ_FRAME zoom=400 step=18 dx=72 dy=54 scroll_us=13712 exposed_compose_us=13416 tear_wait_us=3455 present_us=20162 prepare_us=8967 staging_us=10514 event_submit_us=39157 event_complete_us=39953 frame_us=67867 tear_sync=1 frame_reused=1 pass=1
[22:45:05] TINYDRAW_PANSEQ_FRAME zoom=400 step=19 dx=72 dy=54 scroll_us=13698 exposed_compose_us=14005 tear_wait_us=2217 present_us=19849 prepare_us=8984 staging_us=10541 event_submit_us=38551 event_complete_us=39351 frame_us=67434 tear_sync=1 frame_reused=1 pass=1
[22:45:05] TINYDRAW_PANSEQ_FRAME zoom=400 step=20 dx=-72 dy=-54 scroll_us=13680 exposed_compose_us=13542 tear_wait_us=2510 present_us=19604 prepare_us=9053 staging_us=10377 event_submit_us=38318 event_complete_us=39118 frame_us=66469 tear_sync=1 frame_reused=1 pass=1
[22:45:05] TINYDRAW_PANSEQ_FRAME zoom=400 step=21 dx=-72 dy=-54 scroll_us=13654 exposed_compose_us=13335 tear_wait_us=3588 present_us=19289 prepare_us=8885 staging_us=10554 event_submit_us=39111 event_complete_us=39910 frame_us=67044 tear_sync=1 frame_reused=1 pass=1
[22:45:05] TINYDRAW_PANSEQ_FRAME zoom=400 step=22 dx=-72 dy=-54 scroll_us=13663 exposed_compose_us=13151 tear_wait_us=3966 present_us=19978 prepare_us=8944 staging_us=10525 event_submit_us=39334 event_complete_us=40134 frame_us=68108 tear_sync=1 frame_reused=1 pass=1
[22:45:05] TINYDRAW_PANSEQ_FRAME zoom=400 step=23 dx=-72 dy=-54 scroll_us=13655 exposed_compose_us=12411 tear_wait_us=3796 present_us=19728 prepare_us=8985 staging_us=10433 event_submit_us=38426 event_complete_us=39226 frame_us=66831 tear_sync=1 frame_reused=1 pass=1
[22:45:05] TINYDRAW_GATE1_PANSEQ zoom=400 frames=24 scroll_avg_us=15057 exposed_avg_us=7687 tear_wait_avg_us=7917 present_avg_us=19712 prepare_avg_us=8970 staging_avg_us=10477 frame_avg_us=67307 frame_p50_us=67086 frame_p95_us=68146 frame_max_us=68323 complete_p50_us=40123 complete_p95_us=41187 complete_max_us=41199 all_reused=1 pass=1
[22:45:06] TINYDRAW_GATE1_DRAW_FILL zoom=400 revision=2140 append_us=1143 poll_gap_us=87 event_submit_us=2433 event_complete_us=2601 max_compute_slice_us=4869 max_display_slice_us=23729 fill_us=272551 revision_restarted=1 pass=1
[22:45:06] TINYDRAW_GATE1_CACHE_FILL zoom=50 x=63 y=63 published=56 total_us=531605 within_cold_gate=0 complete=1
[22:45:07] TINYDRAW_GATE1_CACHE_FILL zoom=100 x=63 y=63 published=56 total_us=498185 within_cold_gate=1 complete=1
[22:45:07] TINYDRAW_GATE1_CACHE_FILL zoom=200 x=63 y=63 published=56 total_us=406342 within_cold_gate=1 complete=1
[22:45:08] TINYDRAW_GATE1_CACHE_FILL zoom=400 x=63 y=63 published=56 total_us=366389 within_cold_gate=1 complete=1
[22:45:08] TINYDRAW_GATE1_CACHE_REVISIT zoom=50 remaining=0 tile_pixels=118128 fallback_pixels=0 compose_us=27732 complete_us=19434 hit=1
[22:45:08] TINYDRAW_GATE1_CACHE_REVISIT zoom=100 remaining=0 tile_pixels=164864 fallback_pixels=0 compose_us=30225 complete_us=20084 hit=1
[22:45:08] TINYDRAW_GATE1_CACHE_REVISIT zoom=200 remaining=0 tile_pixels=164864 fallback_pixels=0 compose_us=30784 complete_us=19779 hit=1
[22:45:08] TINYDRAW_GATE1_CACHE_REVISIT zoom=400 remaining=0 tile_pixels=164607 fallback_pixels=0 compose_us=31443 complete_us=19506 hit=1
[22:45:08] TINYDRAW_GATE1_CACHE_FILL zoom=400 x=575 y=575 published=56 total_us=393327 within_cold_gate=1 complete=1
[22:45:08] TINYDRAW_GATE1_CACHE_ROUND_TRIP zoom=50 from_x=63 from_y=63 via_x=575 via_y=575 remaining=0 tile_pixels=118128 fallback_pixels=0 compose_us=27700 complete_us=19970 hit=1
[22:45:08] TINYDRAW_GATE1_CACHE_ROUND_TRIP zoom=100 from_x=63 from_y=63 via_x=575 via_y=575 remaining=0 tile_pixels=164864 fallback_pixels=0 compose_us=30116 complete_us=19678 hit=1
[22:45:08] TINYDRAW_GATE1_CACHE_ROUND_TRIP zoom=200 from_x=63 from_y=63 via_x=575 via_y=575 remaining=0 tile_pixels=164864 fallback_pixels=0 compose_us=30881 complete_us=19321 hit=1
[22:45:09] TINYDRAW_GATE1_CACHE_ROUND_TRIP zoom=400 from_x=63 from_y=63 via_x=575 via_y=575 remaining=0 tile_pixels=164607 fallback_pixels=0 compose_us=31582 complete_us=19965 hit=1
[22:45:09] TINYDRAW_GATE1_CACHE_RETENTION pass=1 slots=320 revision=2140
[22:45:10] TINYDRAW_PAPER_SWEEP zoom=100 identities=644 raw=266 uniform=378 fallback=0 slots=320 total_us=1437964 pass=1
[22:45:15] TINYDRAW_GATE1_CACHE_TOUR slots=320 stops=16 forward_steps=2306 forward_tiles=832 forward_wall_us=2231938 return_missing_tiles=63 return_steps=415 return_tiles=63 return_wall_us=411264 home_missing=0 home_fallback_pixels=0 pass=1
[22:45:16] TINYDRAW_GATE1_MIXED_DRAW_WARM zoom=50 fill_tiles=56 fill_us=446825 raw=42 uniform=14
[22:45:16] TINYDRAW_GATE1_MIXED_DRAW_WARM zoom=100 fill_tiles=56 fill_us=411784 raw=56 uniform=0
[22:45:17] TINYDRAW_GATE1_MIXED_DRAW_WARM zoom=200 fill_tiles=56 fill_us=376207 raw=56 uniform=0
[22:45:17] TINYDRAW_GATE1_MIXED_DRAW_WARM zoom=400 fill_tiles=42 fill_us=254562 raw=42 uniform=0
[22:45:19] TINYDRAW_GATE1_MIXED_DRAW zoom=25 tool=pen chunks=33 append_max_us=121134 append_avg_us=33914 append_total_us=1119190 affected_tiles=821 published=821 fallback=0 committed=1 authority=1 refresh=1 run_ok=1 pass=0
[22:45:20] TINYDRAW_GATE1_MIXED_DRAW zoom=25 tool=eraser chunks=33 append_max_us=129960 append_avg_us=31923 append_total_us=1053471 affected_tiles=735 published=735 fallback=0 committed=1 authority=1 refresh=1 run_ok=1 pass=0
[22:45:21] TINYDRAW_GATE1_MIXED_DRAW zoom=50 tool=pen chunks=33 append_max_us=88224 append_avg_us=28108 append_total_us=927586 affected_tiles=957 published=957 fallback=0 committed=1 authority=1 refresh=1 run_ok=1 pass=0
[22:45:22] TINYDRAW_GATE1_MIXED_DRAW zoom=50 tool=eraser chunks=33 append_max_us=83233 append_avg_us=26612 append_total_us=878205 affected_tiles=873 published=873 fallback=0 committed=1 authority=1 refresh=1 run_ok=1 pass=0
[22:45:23] TINYDRAW_GATE1_MIXED_DRAW zoom=100 tool=pen chunks=33 append_max_us=58228 append_avg_us=27016 append_total_us=891542 affected_tiles=924 published=924 fallback=0 committed=1 authority=1 refresh=1 run_ok=1 pass=0
[22:45:24] TINYDRAW_GATE1_MIXED_DRAW zoom=100 tool=eraser chunks=33 append_max_us=57940 append_avg_us=26598 append_total_us=877739 affected_tiles=920 published=920 fallback=0 committed=1 authority=1 refresh=1 run_ok=1 pass=0
[22:45:24] TINYDRAW_GATE1_MIXED_DRAW zoom=200 tool=pen chunks=33 append_max_us=34495 append_avg_us=22409 append_total_us=739527 affected_tiles=788 published=788 fallback=0 committed=1 authority=1 refresh=1 run_ok=1 pass=0
[22:45:25] TINYDRAW_GATE1_MIXED_DRAW zoom=200 tool=eraser chunks=33 append_max_us=34324 append_avg_us=22246 append_total_us=734142 affected_tiles=776 published=776 fallback=0 committed=1 authority=1 refresh=1 run_ok=1 pass=0
[22:45:26] TINYDRAW_GATE1_MIXED_DRAW zoom=400 tool=pen chunks=33 append_max_us=20423 append_avg_us=18707 append_total_us=617348 affected_tiles=714 published=714 fallback=0 committed=1 authority=1 refresh=1 run_ok=1 pass=0
[22:45:27] TINYDRAW_GATE1_MIXED_DRAW zoom=400 tool=eraser chunks=33 append_max_us=20948 append_avg_us=18831 append_total_us=621423 affected_tiles=735 published=735 fallback=0 committed=1 authority=1 refresh=1 run_ok=1 pass=0
[22:45:27] TINYDRAW_GATE1_MIXED_DRAW_REVISIT zoom=50 missing=14 refill_tiles=14 refill_us=87642
[22:45:27] TINYDRAW_GATE1_MIXED_DRAW_REVISIT zoom=100 missing=0 refill_tiles=0 refill_us=735
[22:45:27] TINYDRAW_GATE1_MIXED_DRAW_REVISIT zoom=200 missing=0 refill_tiles=0 refill_us=1071
[22:45:27] TINYDRAW_GATE1_MIXED_DRAW_REVISIT zoom=400 missing=0 refill_tiles=0 refill_us=1085
[22:45:27] TINYDRAW_GATE1_MIXED_DRAW_SUMMARY slots=320 strokes=10 worst_append_us=129960 pass=0
[22:45:28] TINYDRAW_GATE1_LONG_GESTURE path=reference samples=1600 chunks=26 append_total_us=685658 append_max_us=33159 append_avg_us=26371 refresh_fallback_pixels=0 committed=1 authority=1 refresh=1 run_ok=1
[22:45:29] TINYDRAW_GATE1_LONG_GESTURE path=in_place samples=1600 chunks=35 append_total_us=334655 append_max_us=11556 append_avg_us=9561 refresh_fallback_pixels=0 committed=1 authority=1 refresh=1 run_ok=1
[22:45:29] TINYDRAW_V2_EXPORT_PROGRESS row=0 of=1792
[22:45:29] TINYDRAW_V2_EXPORT_PROGRESS row=256 of=1792
[22:45:30] TINYDRAW_V2_EXPORT_PROGRESS row=512 of=1792
[22:45:31] TINYDRAW_V2_EXPORT_PROGRESS row=768 of=1792
[22:45:32] TINYDRAW_V2_EXPORT_PROGRESS row=1024 of=1792
[22:45:33] TINYDRAW_V2_EXPORT_PROGRESS row=1280 of=1792
[22:45:33] TINYDRAW_V2_EXPORT_PROGRESS row=1536 of=1792
[22:45:33] E (46139) task_wdt: Task watchdog got triggered. The following tasks/users did not reset the watchdog in time:
[22:45:33] E (46139) task_wdt:  - IDLE0 (CPU 0)
[22:45:33] E (46139) task_wdt: Tasks currently running:
[22:45:33] E (46139) task_wdt: CPU 0: main
[22:45:33] E (46139) task_wdt: CPU 1: IDLE1
[22:45:33] E (46139) task_wdt: Print CPU 0 (current core) backtrace
[22:45:33] 
[22:45:33] 
[22:45:33] Backtrace: 0x42033FE1:0x3FC95A10 0x403787AD:0x3FC95A50 0x42039A02:0x3FC9D120 0x4201C57B:0x3FC9D180 0x4201C8AE:0x3FC9D1C0 0x420194E5:0x3FC9D1E0 0x420125F9:0x3FC9D240 0x42012815:0x3FC9D2F0 0x420103EB:0x3FC9D320 0x42017D49:0x3FC9D390 0x4200C858:0x3FC9D7F0 0x420102D3:0x3FC9EB00 0x42007DF6:0x3FC9EB20
[22:45:33] 
[22:45:34] TINYDRAW_GATE1_EXPORT encoded=1 bytes=40045 elapsed_us=5805120 workspace_bytes=50652 band_bytes=376832 free_psram=3042388 free_internal=291772 signature=1 dimensions=1 pass=1
[22:45:34] TINYDRAW_EXPORT_RESERVE requested=1572864 free_before=3042388 largest_before=3014656 free_held=1469520 largest_held=1441792 pass=1
[22:45:34] TINYDRAW_GATE1_AUTOMATED_DONE stress=1 stress_100=1 stress_400=1 overlap_ready=1 overlap_cold=1 adversarial_ready=1 adversarial_cold=1 workload=1 paced_cold=1 hard_100=1 hard_400=1 pan_100=0 pan_400=0 pan_seq=1 live_overlay=1 draw_fill=1 cache=1 full_world_cache=1 cache_tour=1 mixed_draw=0 long_gesture=1 export_encode=1 export_reserve=1 return=1 ssaa_receipt=yellow
[22:45:34] TINYDRAW_VECTOR_V2_GATE_HARNESS_DONE pass=1
[22:45:34] TINYDRAW_VECTOR_V2_READY zoom=25 controls=chrome button=cycle_all_zooms operations_capacity=4000 samples_capacity=80000 live_storage_bytes=5301792 overview_bytes=1318912 raw_tile_bytes=2621440 tile_metadata_bytes=68856 operation_bytes=720000 live_scratch_bytes=572584 free_psram=3042388 largest_psram=3014656 te_edges=2721 te_period_us=16814 te_high_us=579 te_level=0 main_stack_free=6088
