[22:38:57] I (103) esp_image: segment 0: paddr=00010020 vaddr=3c050020 sizeESP-ROM:esp32s3-20210327
[22:38:57] Build:Mar 27 2021
[22:38:57] rst:0x15 (USB_UART_CHIP_RESET),boot:0x2b (SPI_FAST_FLASH_BOOT)
[22:38:57] Saved PC:0x420252b1
[22:38:57] SPIWP:0xee
[22:38:57] mode:DIO, clock div:1
[22:38:57] load:0x3fce2820,len:0x1664
[22:38:57] load:0x403c8700,len:0xf38
[22:38:57] load:0x403cb700,len:0x31e8
[22:38:57] entry 0x403c8930
[22:38:57] I (24) boot: ESP-IDF v6.0.2 2nd stage bootloader
[22:38:57] I (24) boot: compile time Aug 14 2026 22:38:34
[22:38:57] I (25) boot: Multicore bootloader
[22:38:57] I (25) boot: chip revision: v0.2
[22:38:57] I (28) boot: efuse block revision: v1.3
[22:38:57] I (31) qio_mode: Enabling default flash chip QIO
[22:38:57] I (36) boot.esp32s3: Boot SPI Speed : 80MHz
[22:38:57] I (39) boot.esp32s3: SPI Mode       : QIO
[22:38:57] I (43) boot.esp32s3: SPI Flash Size : 16MB
[22:38:57] I (47) boot: Enabling RNG early entropy source...
[22:38:57] I (51) boot: Partition Table:
[22:38:57] I (54) boot: ## Label            Usage          Type ST Offset   Length
[22:38:57] I (60) boot:  0 nvs              WiFi data        01 02 00009000 00006000
[22:38:57] I (67) boot:  1 phy_init         RF data          01 01 0000f000 00001000
[22:38:57] I (73) boot:  2 factory          factory app      00 00 00010000 00100000
[22:38:57] I (80) boot:  3 drawing          Unknown data     01 40 00110000 00300000
[22:38:57] I (86) boot:  4 export           Unknown data     01 41 00410000 00500000
[22:38:57] I (93) boot:  5 coredump         Unknown data     01 03 00910000 00010000
[22:38:57] I (100) boot: End of partition table
[22:38:57] I (103) esp_image: segment 0: paddr=00010020 vaddr=3c050020 size=13ccch ( 81100) map
[22:38:57] I (123) esp_image: segment 1: paddr=00023cf4 vaddr=3fc94500 size=03764h ( 14180) load
[22:38:57] I (126) esp_image: segment 2: paddr=00027460 vaddr=40374000 size=08bb8h ( 35768) load
[22:38:57] I (134) esp_image: segment 3: paddr=00030020 vaddr=42000020 size=42be0h (273376) map
[22:38:57] I (177) esp_image: segment 4: paddr=00072c08 vaddr=4037cbb8 size=078a4h ( 30884) load
[22:38:57] I (183) esp_image: segment 5: paddr=0007a4b4 vaddr=50000000 size=00024h (    36) load
[22:38:57] I (191) boot: Loaded app from partition at offset 0x10000
[22:38:57] I (191) boot: Disabling RNG early entropy source...
[22:38:57] I (202) octal_psram: vendor id    : 0x0d (AP)
[22:38:57] I (202) octal_psram: dev id       : 0x02 (generation 3)
[22:38:57] I (202) octal_psram: density      : 0x03 (64 Mbit)
[22:38:57] I (204) octal_psram: good-die     : 0x01 (Pass)
[22:38:57] I (209) octal_psram: Latency      : 0x01 (Fixed)
[22:38:57] I (213) octal_psram: VCC          : 0x01 (3V)
[22:38:57] I (217) octal_psram: SRF          : 0x01 (Fast Refresh)
[22:38:57] I (222) octal_psram: BurstType    : 0x01 (Hybrid Wrap)
[22:38:57] I (227) octal_psram: BurstLen     : 0x01 (32 Byte)
[22:38:57] I (231) octal_psram: Readlatency  : 0x02 (10 cycles@Fixed)
[22:38:57] I (237) octal_psram: DriveStrength: 0x00 (1/1)
[22:38:57] I (241) MSPI Timing: Enter psram timing tuning
[22:38:57] I (246) esp_psram: Found 8MB PSRAM device
[22:38:57] I (249) esp_psram: Speed: 80MHz
[22:38:57] I (252) cpu_start: Multicore app
[22:38:57] I (668) esp_psram: SPI SRAM memory test OK
[22:38:57] I (676) cpu_start: GPIO 44 and 43 are used as console UART I/O pins
[22:38:57] I (676) cpu_start: Pro cpu start user code
[22:38:57] I (676) cpu_start: cpu freq: 240000000 Hz
[22:38:57] I (678) app_init: Application information:
[22:38:57] I (682) app_init: Project name:     tinydraw_esp32
[22:38:57] I (686) app_init: App version:      205fefe
[22:38:57] I (690) app_init: Compile time:     Aug 14 2026 22:38:29
[22:38:57] I (695) app_init: ELF file SHA256:  581d9d7ee...
[22:38:57] I (700) app_init: ESP-IDF:          v6.0.2
[22:38:57] I (703) efuse_init: Min chip rev:     v0.0
[22:38:57] I (707) efuse_init: Max chip rev:     v0.99 
[22:38:57] I (711) efuse_init: Chip rev:         v0.2
[22:38:57] I (715) heap_init: Initializing. RAM available for dynamic allocation:
[22:38:57] I (721) heap_init: At 3FC99090 len 00050680 (321 KiB): RAM
[22:38:57] I (727) heap_init: At 3FCE9710 len 00005724 (21 KiB): RAM
[22:38:57] I (732) heap_init: At 3FCF0000 len 00008000 (32 KiB): DRAM
[22:38:57] I (737) heap_init: At 600FE000 len 00001FE8 (7 KiB): RTCRAM
[22:38:57] I (742) esp_psram: Adding pool of 8192K of PSRAM memory to heap allocator
[22:38:57] I (749) spi_flash: detected chip: generic
[22:38:57] I (752) spi_flash: flash io: qio
[22:38:57] I (756) sleep_gpio: Configure to isolate all GPIO pins in sleep state
[22:38:57] I (762) sleep_gpio: Enable automatic switching of GPIO sleep configuration
[22:38:57] I (769) main_task: Started on CPU0
[22:38:57] I (772) main_task: Calling app_main()
[22:38:58] TINYDRAW_PANEL_HARD_RESET=1
[22:38:58] I (969) co5300: version: 2.1.0
[22:38:58] I (970) co5300_spi: LCD panel create success, version: 2.1.0
[22:38:58] W (1050) co5300_spi: The 3Ah command has been used and will be overwritten by external initialization sequence
[22:38:58] I (1151) CST816S: IC id: 183
[22:38:58] TINYDRAW_LIVE_PRESENT kind=startup zoom=25 x=0 y=0 compose_us=36955 scroll_us=0 exposed_compose_us=0 chrome_us=8387 read_submit_us=0 read_complete_us=0 transfer_wait_us=19689 tile_pixels=0 uniform_pixels=0 overview_pixels=164864 fallback_pixels=0 resident_tiles=0 fallback_tiles=0 pushes=21 tear_wait_us=5933 tear_sync=1 frame_reused=0 pass=1
[22:38:58] TINYDRAW_LIVE_STRESS operations=1000 samples=20000 total_us=441773 average_us=441 maximum_us=1018 free_psram=2515156 largest_psram=2490368
[22:38:58] TINYDRAW_LIVE_PRESENT kind=gate_fallback zoom=100 x=0 y=0 compose_us=25649 scroll_us=0 exposed_compose_us=0 chrome_us=7952 read_submit_us=31206 read_complete_us=32008 transfer_wait_us=19561 tile_pixels=0 uniform_pixels=0 overview_pixels=0 fallback_pixels=164864 resident_tiles=0 fallback_tiles=42 pushes=21 tear_wait_us=4745 tear_sync=1 frame_reused=0 pass=1
[22:38:59] TINYDRAW_GATE1_HARD zoom=100 cold=1 operations=1000 samples=20000 steps=192 tiles=42 scanned=12000 rendered=1659 max_supertask_us=9365 presentation_us=67426 total_us=270119 pass=1
[22:38:59] TINYDRAW_LIVE_PRESENT kind=gate_fallback zoom=400 x=0 y=0 compose_us=24971 scroll_us=0 exposed_compose_us=0 chrome_us=7952 read_submit_us=29489 read_complete_us=30292 transfer_wait_us=19258 tile_pixels=0 uniform_pixels=0 overview_pixels=0 fallback_pixels=164864 resident_tiles=0 fallback_tiles=42 pushes=21 tear_wait_us=3697 tear_sync=1 frame_reused=0 pass=1
[22:38:59] TINYDRAW_GATE1_HARD zoom=400 cold=1 operations=1000 samples=20000 steps=196 tiles=42 scanned=12000 rendered=120 max_supertask_us=8680 presentation_us=66342 total_us=205229 pass=1
[22:38:59] TINYDRAW_OVERLAP_WORKLOAD operations=8 samples=1200 radius_world=80
[22:39:00] TINYDRAW_GATE1_PACED_COLD corpus=overlap zoom=50 x=215 y=255 steps=334 tiles=56 compute_us=372320 present_us=82175 touch_us=714 pacing_us=10613 wall_us=465822 max_tick_us=10070 touch_samples=2202 touch_interval_max_us=1708 touch_read_max_us=598 touch_events=0 touch_down=0 touch_up=0 touch_events_ge_8ms=0 touch_event_age_max_us=0 touch_errors=0 touch_overflows=0 pass=1
[22:39:00] TINYDRAW_GATE1_PACED_COLD corpus=overlap zoom=100 x=583 y=703 steps=172 tiles=48 compute_us=231806 present_us=81422 touch_us=467 pacing_us=6386 wall_us=320081 max_tick_us=10020 touch_samples=409 touch_interval_max_us=1755 touch_read_max_us=527 touch_events=0 touch_down=0 touch_up=0 touch_events_ge_8ms=0 touch_event_age_max_us=0 touch_errors=0 touch_overflows=0 pass=1
[22:39:01] TINYDRAW_GATE1_PACED_COLD corpus=overlap zoom=200 x=1319 y=1599 steps=128 tiles=56 compute_us=232960 present_us=78163 touch_us=405 pacing_us=6353 wall_us=317881 max_tick_us=9694 touch_samples=401 touch_interval_max_us=1519 touch_read_max_us=470 touch_events=0 touch_down=0 touch_up=0 touch_events_ge_8ms=0 touch_event_age_max_us=0 touch_errors=0 touch_overflows=0 pass=1
[22:39:01] TINYDRAW_GATE1_PACED_COLD corpus=overlap zoom=400 x=2791 y=3391 steps=94 tiles=56 compute_us=217974 present_us=79927 touch_us=360 pacing_us=5593 wall_us=303854 max_tick_us=9883 touch_samples=390 touch_interval_max_us=1147 touch_read_max_us=433 touch_events=0 touch_down=0 touch_up=0 touch_events_ge_8ms=0 touch_event_age_max_us=0 touch_errors=0 touch_overflows=0 pass=1
[22:39:02] TINYDRAW_ADVERSARIAL_TAPERED_WORKLOAD operations=128 samples=4096 erasers=12 load_us=216395 appended=1
[22:39:02] TINYDRAW_GATE1_PACED_COLD corpus=adversarial_tapered_4x zoom=50 x=0 y=0 steps=104 tiles=42 compute_us=95588 present_us=61415 touch_us=244 pacing_us=4115 wall_us=161362 max_tick_us=7811 touch_samples=497 touch_interval_max_us=1136 touch_read_max_us=417 touch_events=0 touch_down=0 touch_up=0 touch_events_ge_8ms=0 touch_event_age_max_us=0 touch_errors=0 touch_overflows=0 pass=1
[22:39:02] TINYDRAW_GATE1_PACED_COLD corpus=adversarial_tapered_4x zoom=100 x=0 y=0 steps=348 tiles=42 compute_us=160331 present_us=59898 touch_us=320 pacing_us=7497 wall_us=228046 max_tick_us=8856 touch_samples=318 touch_interval_max_us=1130 touch_read_max_us=421 touch_events=0 touch_down=0 touch_up=0 touch_events_ge_8ms=0 touch_event_age_max_us=0 touch_errors=0 touch_overflows=0 pass=1
[22:39:03] TINYDRAW_GATE1_PACED_COLD corpus=adversarial_tapered_4x zoom=200 x=0 y=0 steps=1214 tiles=42 compute_us=448454 present_us=62213 touch_us=781 pacing_us=14750 wall_us=526198 max_tick_us=10183 touch_samples=617 touch_interval_max_us=1134 touch_read_max_us=423 touch_events=0 touch_down=0 touch_up=0 touch_events_ge_8ms=0 touch_event_age_max_us=0 touch_errors=0 touch_overflows=0 pass=1
[22:39:03] TINYDRAW_GATE1_PACED_COLD corpus=adversarial_tapered_4x zoom=400 x=0 y=0 steps=904 tiles=42 compute_us=554706 present_us=65736 touch_us=803 pacing_us=14971 wall_us=636216 max_tick_us=10203 touch_samples=715 touch_interval_max_us=1159 touch_read_max_us=437 touch_events=0 touch_down=0 touch_up=0 touch_events_ge_8ms=0 touch_event_age_max_us=0 touch_errors=0 touch_overflows=0 pass=1
[22:39:04] TINYDRAW_GATE1_WORKLOAD kind=realistic seed=7 operations=1000 samples=19844 maximum_stroke=198 load_us=387122 raw_source=1 lod_copies=0
[22:39:04] TINYDRAW_GATE1_PACED_COLD corpus=seed7 zoom=400 x=63 y=63 steps=281 tiles=56 compute_us=272300 present_us=85357 touch_us=379 pacing_us=8223 wall_us=366259 max_tick_us=12637 touch_samples=956 touch_interval_max_us=1908 touch_read_max_us=485 touch_events=0 touch_down=0 touch_up=0 touch_events_ge_8ms=0 touch_event_age_max_us=0 touch_errors=0 touch_overflows=0 pass=1
[22:39:04] TINYDRAW_LIVE_PRESENT kind=gate_fallback zoom=100 x=0 y=0 compose_us=25803 scroll_us=0 exposed_compose_us=0 chrome_us=7995 read_submit_us=40026 read_complete_us=40829 transfer_wait_us=19828 tile_pixels=0 uniform_pixels=0 overview_pixels=0 fallback_pixels=164864 resident_tiles=0 fallback_tiles=42 pushes=21 tear_wait_us=13365 tear_sync=1 frame_reused=0 pass=1
[22:39:05] TINYDRAW_GATE1_HARD zoom=100 cold=1 operations=1000 samples=19844 steps=275 tiles=42 scanned=12000 rendered=5232 max_supertask_us=9516 presentation_us=67497 total_us=376146 pass=1
[22:39:05] TINYDRAW_GATE1_LIVE_OVERLAY clear_updates=47 clear_wall_max_us=2936 clear_submit_max_us=2162 clear_complete_max_us=2208 overlay_updates=26 overlay_wall_max_us=2919 overlay_submit_max_us=2317 overlay_complete_max_us=2354 overlay_chrome_max_us=0 clear_failures=0 overlay_failures=0 pass=1
[22:39:06] TINYDRAW_GATE1_PAN zoom=100 from_x=0 from_y=0 to_x=88 to_y=88 compose_us=35336 scroll_us=11518 exposed_compose_us=15955 chrome_us=7863 event_submit_us=40391 event_complete_us=41194 transfer_us=19341 setup=1 present=1 moved=1 frame_reused=1 pass=0
[22:39:06] TINYDRAW_LIVE_PRESENT kind=gate_fallback zoom=400 x=0 y=0 compose_us=25146 scroll_us=0 exposed_compose_us=0 chrome_us=7984 read_submit_us=29603 read_complete_us=30407 transfer_wait_us=20099 tile_pixels=0 uniform_pixels=0 overview_pixels=0 fallback_pixels=164864 resident_tiles=0 fallback_tiles=42 pushes=21 tear_wait_us=3563 tear_sync=1 frame_reused=0 pass=1
[22:39:06] TINYDRAW_GATE1_HARD zoom=400 cold=1 operations=1000 samples=19844 steps=211 tiles=42 scanned=12000 rendered=591 max_supertask_us=11072 presentation_us=66752 total_us=264743 pass=1
[22:39:06] TINYDRAW_GATE1_PAN zoom=400 from_x=0 from_y=0 to_x=88 to_y=88 compose_us=35251 scroll_us=11524 exposed_compose_us=15892 chrome_us=7835 event_submit_us=40733 event_complete_us=41537 transfer_us=20097 setup=1 present=1 moved=1 frame_reused=1 pass=0
[22:39:10] TINYDRAW_PANSEQ_FRAME zoom=100 step=0 dx=24 dy=18 scroll_us=15709 exposed_compose_us=4754 tear_wait_us=10726 present_us=19486 prepare_us=9018 staging_us=10386 event_submit_us=39927 event_complete_us=40730 frame_us=67067 tear_sync=1 frame_reused=1 pass=1
[22:39:10] TINYDRAW_PANSEQ_FRAME zoom=100 step=1 dx=24 dy=18 scroll_us=15736 exposed_compose_us=4752 tear_wait_us=10923 present_us=20145 prepare_us=8917 staging_us=10570 event_submit_us=40156 event_complete_us=40958 frame_us=68143 tear_sync=1 frame_reused=1 pass=1
[22:39:10] TINYDRAW_PANSEQ_FRAME zoom=100 step=2 dx=24 dy=18 scroll_us=15732 exposed_compose_us=4435 tear_wait_us=10364 present_us=19842 prepare_us=8995 staging_us=10490 event_submit_us=39270 event_complete_us=40073 frame_us=67018 tear_sync=1 frame_reused=1 pass=1
[22:39:10] TINYDRAW_PANSEQ_FRAME zoom=100 step=3 dx=24 dy=18 scroll_us=15742 exposed_compose_us=5045 tear_wait_us=9995 present_us=19615 prepare_us=9015 staging_us=10418 event_submit_us=39435 event_complete_us=40238 frame_us=66905 tear_sync=1 frame_reused=1 pass=1
[22:39:10] TINYDRAW_PANSEQ_FRAME zoom=100 step=4 dx=24 dy=18 scroll_us=15756 exposed_compose_us=4533 tear_wait_us=10748 present_us=19334 prepare_us=8939 staging_us=10489 event_submit_us=39767 event_complete_us=40569 frame_us=67002 tear_sync=1 frame_reused=1 pass=1
[22:39:11] TINYDRAW_PANSEQ_FRAME zoom=100 step=5 dx=24 dy=18 scroll_us=15722 exposed_compose_us=4755 tear_wait_us=10773 present_us=20046 prepare_us=8909 staging_us=10584 event_submit_us=40007 event_complete_us=40812 frame_us=67991 tear_sync=1 frame_reused=1 pass=1
[22:39:11] TINYDRAW_PANSEQ_FRAME zoom=100 step=6 dx=24 dy=18 scroll_us=15755 exposed_compose_us=4418 tear_wait_us=10315 present_us=19775 prepare_us=8984 staging_us=10460 event_submit_us=39242 event_complete_us=40046 frame_us=66912 tear_sync=1 frame_reused=1 pass=1
[22:39:11] TINYDRAW_PANSEQ_FRAME zoom=100 step=7 dx=24 dy=18 scroll_us=15779 exposed_compose_us=4818 tear_wait_us=10300 present_us=19510 prepare_us=8976 staging_us=10442 event_submit_us=39551 event_complete_us=40354 frame_us=66863 tear_sync=1 frame_reused=1 pass=1
[22:39:11] TINYDRAW_PANSEQ_FRAME zoom=100 step=8 dx=24 dy=18 scroll_us=15746 exposed_compose_us=4845 tear_wait_us=10685 present_us=20172 prepare_us=8869 staging_us=10622 event_submit_us=39980 event_complete_us=40782 frame_us=68072 tear_sync=1 frame_reused=1 pass=1
[22:39:11] TINYDRAW_PANSEQ_FRAME zoom=100 step=9 dx=24 dy=18 scroll_us=15736 exposed_compose_us=4848 tear_wait_us=9853 present_us=19864 prepare_us=8974 staging_us=10496 event_submit_us=39170 event_complete_us=39974 frame_us=67059 tear_sync=1 frame_reused=1 pass=1
[22:39:11] TINYDRAW_PANSEQ_FRAME zoom=100 step=10 dx=24 dy=18 scroll_us=15766 exposed_compose_us=4449 tear_wait_us=10438 present_us=19582 prepare_us=8959 staging_us=10475 event_submit_us=39348 event_complete_us=40151 frame_us=66993 tear_sync=1 frame_reused=1 pass=1
[22:39:11] TINYDRAW_PANSEQ_FRAME zoom=100 step=11 dx=24 dy=18 scroll_us=15747 exposed_compose_us=5271 tear_wait_us=9883 present_us=19262 prepare_us=8869 staging_us=10554 event_submit_us=39631 event_complete_us=40436 frame_us=67030 tear_sync=1 frame_reused=1 pass=1
[22:39:11] TINYDRAW_PANSEQ_FRAME zoom=100 step=12 dx=24 dy=18 scroll_us=15749 exposed_compose_us=4649 tear_wait_us=10753 present_us=19911 prepare_us=8925 staging_us=10550 event_submit_us=39906 event_complete_us=40710 frame_us=67982 tear_sync=1 frame_reused=1 pass=1
[22:39:11] TINYDRAW_PANSEQ_FRAME zoom=100 step=13 dx=24 dy=18 scroll_us=15745 exposed_compose_us=4895 tear_wait_us=9815 present_us=19641 prepare_us=8978 staging_us=10459 event_submit_us=39148 event_complete_us=39951 frame_us=66789 tear_sync=1 frame_reused=1 pass=1
[22:39:11] TINYDRAW_PANSEQ_FRAME zoom=100 step=14 dx=24 dy=18 scroll_us=15756 exposed_compose_us=4656 tear_wait_us=10510 present_us=19320 prepare_us=8877 staging_us=10562 event_submit_us=39634 event_complete_us=40439 frame_us=67063 tear_sync=1 frame_reused=1 pass=1
[22:39:11] TINYDRAW_PANSEQ_FRAME zoom=100 step=15 dx=24 dy=18 scroll_us=15752 exposed_compose_us=4947 tear_wait_us=10450 present_us=19959 prepare_us=8943 staging_us=10518 event_submit_us=39887 event_complete_us=40692 frame_us=68001 tear_sync=1 frame_reused=1 pass=1
[22:39:11] TINYDRAW_PANSEQ_FRAME zoom=100 step=16 dx=72 dy=54 scroll_us=13704 exposed_compose_us=12915 tear_wait_us=3857 present_us=19717 prepare_us=8949 staging_us=10478 event_submit_us=39081 event_complete_us=39884 frame_us=67066 tear_sync=1 frame_reused=1 pass=1
[22:39:11] TINYDRAW_PANSEQ_FRAME zoom=100 step=17 dx=72 dy=54 scroll_us=13691 exposed_compose_us=12731 tear_wait_us=4207 present_us=19434 prepare_us=8985 staging_us=10439 event_submit_us=39252 event_complete_us=40053 frame_us=66857 tear_sync=1 frame_reused=1 pass=1
[22:39:11] TINYDRAW_PANSEQ_FRAME zoom=100 step=18 dx=72 dy=54 scroll_us=13709 exposed_compose_us=11773 tear_wait_us=5485 present_us=20115 prepare_us=8932 staging_us=10532 event_submit_us=39668 event_complete_us=40472 frame_us=67706 tear_sync=1 frame_reused=1 pass=1
[22:39:11] TINYDRAW_PANSEQ_FRAME zoom=100 step=19 dx=72 dy=54 scroll_us=13695 exposed_compose_us=11929 tear_wait_us=4870 present_us=19864 prepare_us=8929 staging_us=10526 event_submit_us=39166 event_complete_us=39969 frame_us=66635 tear_sync=1 frame_reused=1 pass=1
[22:39:11] TINYDRAW_PANSEQ_FRAME zoom=100 step=20 dx=-72 dy=-54 scroll_us=13650 exposed_compose_us=12888 tear_wait_us=4475 present_us=19635 prepare_us=8995 staging_us=10420 event_submit_us=39713 event_complete_us=40516 frame_us=67281 tear_sync=1 frame_reused=1 pass=1
[22:39:11] TINYDRAW_PANSEQ_FRAME zoom=100 step=21 dx=-72 dy=-54 scroll_us=13640 exposed_compose_us=12788 tear_wait_us=4547 present_us=19371 prepare_us=8907 staging_us=10539 event_submit_us=39649 event_complete_us=40452 frame_us=67191 tear_sync=1 frame_reused=1 pass=1
[22:39:11] TINYDRAW_PANSEQ_FRAME zoom=100 step=22 dx=-72 dy=-54 scroll_us=13650 exposed_compose_us=12699 tear_wait_us=4681 present_us=20092 prepare_us=8895 staging_us=10572 event_submit_us=39693 event_complete_us=40497 frame_us=68064 tear_sync=1 frame_reused=1 pass=1
[22:39:11] TINYDRAW_PANSEQ_FRAME zoom=100 step=23 dx=-72 dy=-54 scroll_us=13658 exposed_compose_us=12280 tear_wait_us=4212 present_us=19817 prepare_us=8987 staging_us=10473 event_submit_us=38860 event_complete_us=39664 frame_us=66835 tear_sync=1 frame_reused=1 pass=1
[22:39:11] TINYDRAW_GATE1_PANSEQ zoom=100 frames=24 scroll_avg_us=15055 exposed_avg_us=7336 tear_wait_avg_us=8452 present_avg_us=19729 prepare_avg_us=8946 staging_avg_us=10502 frame_avg_us=67271 frame_p50_us=67059 frame_p95_us=68072 frame_max_us=68143 complete_p50_us=40436 complete_p95_us=40812 complete_max_us=40958 all_reused=1 pass=1
[22:39:14] TINYDRAW_PANSEQ_FRAME zoom=400 step=0 dx=24 dy=18 scroll_us=15732 exposed_compose_us=4757 tear_wait_us=10821 present_us=19790 prepare_us=8943 staging_us=10527 event_submit_us=40006 event_complete_us=40809 frame_us=67268 tear_sync=1 frame_reused=1 pass=1
[22:39:14] TINYDRAW_PANSEQ_FRAME zoom=400 step=1 dx=24 dy=18 scroll_us=15709 exposed_compose_us=4679 tear_wait_us=10870 present_us=19553 prepare_us=8990 staging_us=10399 event_submit_us=39912 event_complete_us=40715 frame_us=67273 tear_sync=1 frame_reused=1 pass=1
[22:39:14] TINYDRAW_PANSEQ_FRAME zoom=400 step=2 dx=24 dy=18 scroll_us=15747 exposed_compose_us=4359 tear_wait_us=11146 present_us=19261 prepare_us=8897 staging_us=10577 event_submit_us=39889 event_complete_us=40696 frame_us=66725 tear_sync=1 frame_reused=1 pass=1
[22:39:14] TINYDRAW_PANSEQ_FRAME zoom=400 step=3 dx=24 dy=18 scroll_us=15725 exposed_compose_us=4775 tear_wait_us=11213 present_us=19965 prepare_us=8938 staging_us=10514 event_submit_us=40412 event_complete_us=41215 frame_us=67879 tear_sync=1 frame_reused=1 pass=1
[22:39:14] TINYDRAW_PANSEQ_FRAME zoom=400 step=4 dx=24 dy=18 scroll_us=15720 exposed_compose_us=4318 tear_wait_us=10937 present_us=19736 prepare_us=8940 staging_us=10474 event_submit_us=39684 event_complete_us=40487 frame_us=67006 tear_sync=1 frame_reused=1 pass=1
[22:39:14] TINYDRAW_PANSEQ_FRAME zoom=400 step=5 dx=24 dy=18 scroll_us=15720 exposed_compose_us=4571 tear_wait_us=10997 present_us=19482 prepare_us=8990 staging_us=10409 event_submit_us=39882 event_complete_us=40684 frame_us=66917 tear_sync=1 frame_reused=1 pass=1
[22:39:14] TINYDRAW_PANSEQ_FRAME zoom=400 step=6 dx=24 dy=18 scroll_us=15710 exposed_compose_us=4483 tear_wait_us=11414 present_us=20147 prepare_us=8868 staging_us=10597 event_submit_us=40244 event_complete_us=41045 frame_us=68376 tear_sync=1 frame_reused=1 pass=1
[22:39:14] TINYDRAW_PANSEQ_FRAME zoom=400 step=7 dx=24 dy=18 scroll_us=15748 exposed_compose_us=5032 tear_wait_us=9672 present_us=19890 prepare_us=8919 staging_us=10547 event_submit_us=39075 event_complete_us=39877 frame_us=66994 tear_sync=1 frame_reused=1 pass=1
[22:39:14] TINYDRAW_PANSEQ_FRAME zoom=400 step=8 dx=24 dy=18 scroll_us=15740 exposed_compose_us=5104 tear_wait_us=9831 present_us=19652 prepare_us=8953 staging_us=10483 event_submit_us=39274 event_complete_us=40077 frame_us=67109 tear_sync=1 frame_reused=1 pass=1
[22:39:14] TINYDRAW_PANSEQ_FRAME zoom=400 step=9 dx=24 dy=18 scroll_us=15743 exposed_compose_us=5045 tear_wait_us=10029 present_us=19376 prepare_us=8917 staging_us=10513 event_submit_us=39394 event_complete_us=40196 frame_us=67149 tear_sync=1 frame_reused=1 pass=1
[22:39:14] TINYDRAW_PANSEQ_FRAME zoom=400 step=10 dx=24 dy=18 scroll_us=15735 exposed_compose_us=4675 tear_wait_us=10467 present_us=20072 prepare_us=8895 staging_us=10588 event_submit_us=39504 event_complete_us=40307 frame_us=67875 tear_sync=1 frame_reused=1 pass=1
[22:39:14] TINYDRAW_PANSEQ_FRAME zoom=400 step=11 dx=24 dy=18 scroll_us=15739 exposed_compose_us=5556 tear_wait_us=8954 present_us=19778 prepare_us=8955 staging_us=10486 event_submit_us=38879 event_complete_us=39682 frame_us=67185 tear_sync=1 frame_reused=1 pass=1
[22:39:15] TINYDRAW_PANSEQ_FRAME zoom=400 step=12 dx=24 dy=18 scroll_us=15699 exposed_compose_us=4905 tear_wait_us=9677 present_us=19518 prepare_us=8974 staging_us=10426 event_submit_us=38904 event_complete_us=39707 frame_us=67023 tear_sync=1 frame_reused=1 pass=1
[22:39:15] TINYDRAW_PANSEQ_FRAME zoom=400 step=13 dx=24 dy=18 scroll_us=15736 exposed_compose_us=5130 tear_wait_us=9705 present_us=20171 prepare_us=8892 staging_us=10582 event_submit_us=39182 event_complete_us=39983 frame_us=67690 tear_sync=1 frame_reused=1 pass=1
[22:39:15] TINYDRAW_PANSEQ_FRAME zoom=400 step=14 dx=24 dy=18 scroll_us=15740 exposed_compose_us=4949 tear_wait_us=9447 present_us=19858 prepare_us=9006 staging_us=10478 event_submit_us=38760 event_complete_us=39565 frame_us=67113 tear_sync=1 frame_reused=1 pass=1
[22:39:15] TINYDRAW_PANSEQ_FRAME zoom=400 step=15 dx=24 dy=18 scroll_us=15720 exposed_compose_us=5274 tear_wait_us=9178 present_us=19608 prepare_us=8937 staging_us=10492 event_submit_us=38821 event_complete_us=39624 frame_us=67042 tear_sync=1 frame_reused=1 pass=1
[22:39:15] TINYDRAW_PANSEQ_FRAME zoom=400 step=16 dx=72 dy=54 scroll_us=13675 exposed_compose_us=13526 tear_wait_us=3275 present_us=19312 prepare_us=8891 staging_us=10535 event_submit_us=39029 event_complete_us=39833 frame_us=67055 tear_sync=1 frame_reused=1 pass=1
[22:39:15] TINYDRAW_PANSEQ_FRAME zoom=400 step=17 dx=72 dy=54 scroll_us=13664 exposed_compose_us=13147 tear_wait_us=3804 present_us=20001 prepare_us=8845 staging_us=10641 event_submit_us=39238 event_complete_us=40044 frame_us=67792 tear_sync=1 frame_reused=1 pass=1
[22:39:15] TINYDRAW_PANSEQ_FRAME zoom=400 step=18 dx=72 dy=54 scroll_us=13696 exposed_compose_us=13312 tear_wait_us=3057 present_us=19768 prepare_us=8892 staging_us=10537 event_submit_us=38623 event_complete_us=39426 frame_us=66907 tear_sync=1 frame_reused=1 pass=1
[22:39:15] TINYDRAW_PANSEQ_FRAME zoom=400 step=19 dx=72 dy=54 scroll_us=13672 exposed_compose_us=14076 tear_wait_us=2559 present_us=19518 prepare_us=8984 staging_us=10422 event_submit_us=38900 event_complete_us=39703 frame_us=67490 tear_sync=1 frame_reused=1 pass=1
[22:39:15] TINYDRAW_PANSEQ_FRAME zoom=400 step=20 dx=-72 dy=-54 scroll_us=13653 exposed_compose_us=13514 tear_wait_us=2907 present_us=20186 prepare_us=8897 staging_us=10556 event_submit_us=38692 event_complete_us=39485 frame_us=67361 tear_sync=1 frame_reused=1 pass=1
[22:39:15] TINYDRAW_PANSEQ_FRAME zoom=400 step=21 dx=-72 dy=-54 scroll_us=13621 exposed_compose_us=13302 tear_wait_us=3057 present_us=19885 prepare_us=8932 staging_us=10529 event_submit_us=38563 event_complete_us=39366 frame_us=67025 tear_sync=1 frame_reused=1 pass=1
[22:39:15] TINYDRAW_PANSEQ_FRAME zoom=400 step=22 dx=-72 dy=-54 scroll_us=13650 exposed_compose_us=13091 tear_wait_us=3429 present_us=19634 prepare_us=8958 staging_us=10457 event_submit_us=38742 event_complete_us=39545 frame_us=67104 tear_sync=1 frame_reused=1 pass=1
[22:39:15] TINYDRAW_PANSEQ_FRAME zoom=400 step=23 dx=-72 dy=-54 scroll_us=13625 exposed_compose_us=12412 tear_wait_us=4259 present_us=19347 prepare_us=8908 staging_us=10512 event_submit_us=38860 event_complete_us=39662 frame_us=66816 tear_sync=1 frame_reused=1 pass=1
[22:39:15] TINYDRAW_GATE1_PANSEQ zoom=400 frames=24 scroll_avg_us=15038 exposed_avg_us=7666 tear_wait_avg_us=7946 present_avg_us=19729 prepare_avg_us=8930 staging_avg_us=10511 frame_avg_us=67257 frame_p50_us=67109 frame_p95_us=67879 frame_max_us=68376 complete_p50_us=39877 complete_p95_us=41045 complete_max_us=41215 all_reused=1 pass=1
[22:39:15] TINYDRAW_GATE1_DRAW_FILL zoom=400 revision=2140 append_us=1168 poll_gap_us=87 event_submit_us=2369 event_complete_us=2547 max_compute_slice_us=4861 max_display_slice_us=24448 fill_us=277129 revision_restarted=1 pass=1
[22:39:16] TINYDRAW_GATE1_CACHE_FILL zoom=50 x=63 y=63 published=56 total_us=539366 within_cold_gate=0 complete=1
[22:39:16] TINYDRAW_GATE1_CACHE_FILL zoom=100 x=63 y=63 published=56 total_us=508994 within_cold_gate=0 complete=1
[22:39:17] TINYDRAW_GATE1_CACHE_FILL zoom=200 x=63 y=63 published=56 total_us=415177 within_cold_gate=1 complete=1
[22:39:17] TINYDRAW_GATE1_CACHE_FILL zoom=400 x=63 y=63 published=56 total_us=371204 within_cold_gate=1 complete=1
[22:39:18] TINYDRAW_GATE1_CACHE_REVISIT zoom=50 remaining=0 tile_pixels=118128 fallback_pixels=0 compose_us=27942 complete_us=19748 hit=1
[22:39:18] TINYDRAW_GATE1_CACHE_REVISIT zoom=100 remaining=0 tile_pixels=164864 fallback_pixels=0 compose_us=30158 complete_us=19517 hit=1
[22:39:18] TINYDRAW_GATE1_CACHE_REVISIT zoom=200 remaining=0 tile_pixels=164864 fallback_pixels=0 compose_us=30836 complete_us=19226 hit=1
[22:39:18] TINYDRAW_GATE1_CACHE_REVISIT zoom=400 remaining=0 tile_pixels=164607 fallback_pixels=0 compose_us=31527 complete_us=19909 hit=1
[22:39:18] TINYDRAW_GATE1_CACHE_FILL zoom=400 x=575 y=575 published=56 total_us=405160 within_cold_gate=1 complete=1
[22:39:18] TINYDRAW_GATE1_CACHE_ROUND_TRIP zoom=50 from_x=63 from_y=63 via_x=575 via_y=575 remaining=0 tile_pixels=118128 fallback_pixels=0 compose_us=27903 complete_us=20069 hit=1
[22:39:18] TINYDRAW_GATE1_CACHE_ROUND_TRIP zoom=100 from_x=63 from_y=63 via_x=575 via_y=575 remaining=0 tile_pixels=164864 fallback_pixels=0 compose_us=30110 complete_us=19799 hit=1
[22:39:18] TINYDRAW_GATE1_CACHE_ROUND_TRIP zoom=200 from_x=63 from_y=63 via_x=575 via_y=575 remaining=0 tile_pixels=164864 fallback_pixels=0 compose_us=30901 complete_us=19603 hit=1
[22:39:18] TINYDRAW_GATE1_CACHE_ROUND_TRIP zoom=400 from_x=63 from_y=63 via_x=575 via_y=575 remaining=0 tile_pixels=164607 fallback_pixels=0 compose_us=31612 complete_us=19365 hit=1
[22:39:18] TINYDRAW_GATE1_CACHE_RETENTION pass=1 slots=384 revision=2140
[22:39:20] TINYDRAW_PAPER_SWEEP zoom=100 identities=644 raw=266 uniform=378 fallback=0 slots=384 total_us=1463377 pass=1
[22:39:25] TINYDRAW_GATE1_CACHE_TOUR slots=384 stops=16 forward_steps=2306 forward_tiles=832 forward_wall_us=2347595 return_missing_tiles=0 return_steps=16 return_tiles=0 return_wall_us=39620 home_missing=0 home_fallback_pixels=0 pass=1
[22:39:25] TINYDRAW_GATE1_MIXED_DRAW_WARM zoom=50 fill_tiles=56 fill_us=454379 raw=42 uniform=14
[22:39:26] TINYDRAW_GATE1_MIXED_DRAW_WARM zoom=100 fill_tiles=56 fill_us=418425 raw=56 uniform=0
[22:39:26] TINYDRAW_GATE1_MIXED_DRAW_WARM zoom=200 fill_tiles=56 fill_us=383927 raw=56 uniform=0
[22:39:27] TINYDRAW_GATE1_MIXED_DRAW_WARM zoom=400 fill_tiles=42 fill_us=259586 raw=42 uniform=0
[22:39:28] TINYDRAW_GATE1_MIXED_DRAW zoom=25 tool=pen chunks=33 append_max_us=121656 append_avg_us=34075 append_total_us=1124481 affected_tiles=821 published=821 fallback=0 committed=1 authority=1 refresh=1 run_ok=1 pass=0
[22:39:29] TINYDRAW_GATE1_MIXED_DRAW zoom=25 tool=eraser chunks=33 append_max_us=130018 append_avg_us=32006 append_total_us=1056210 affected_tiles=735 published=735 fallback=0 committed=1 authority=1 refresh=1 run_ok=1 pass=0
[22:39:30] TINYDRAW_GATE1_MIXED_DRAW zoom=50 tool=pen chunks=33 append_max_us=88141 append_avg_us=28176 append_total_us=929834 affected_tiles=957 published=957 fallback=0 committed=1 authority=1 refresh=1 run_ok=1 pass=0
[22:39:31] TINYDRAW_GATE1_MIXED_DRAW zoom=50 tool=eraser chunks=33 append_max_us=82952 append_avg_us=26649 append_total_us=879435 affected_tiles=873 published=873 fallback=0 committed=1 authority=1 refresh=1 run_ok=1 pass=0
[22:39:32] TINYDRAW_GATE1_MIXED_DRAW zoom=100 tool=pen chunks=33 append_max_us=58030 append_avg_us=26978 append_total_us=890280 affected_tiles=924 published=924 fallback=0 committed=1 authority=1 refresh=1 run_ok=1 pass=0
[22:39:33] TINYDRAW_GATE1_MIXED_DRAW zoom=100 tool=eraser chunks=33 append_max_us=58103 append_avg_us=26614 append_total_us=878267 affected_tiles=920 published=920 fallback=0 committed=1 authority=1 refresh=1 run_ok=1 pass=0
[22:39:34] TINYDRAW_GATE1_MIXED_DRAW zoom=200 tool=pen chunks=33 append_max_us=34406 append_avg_us=22450 append_total_us=740868 affected_tiles=788 published=788 fallback=0 committed=1 authority=1 refresh=1 run_ok=1 pass=0
[22:39:35] TINYDRAW_GATE1_MIXED_DRAW zoom=200 tool=eraser chunks=33 append_max_us=34263 append_avg_us=22250 append_total_us=734267 affected_tiles=776 published=776 fallback=0 committed=1 authority=1 refresh=1 run_ok=1 pass=0
[22:39:36] TINYDRAW_GATE1_MIXED_DRAW zoom=400 tool=pen chunks=33 append_max_us=20469 append_avg_us=18753 append_total_us=618870 affected_tiles=714 published=714 fallback=0 committed=1 authority=1 refresh=1 run_ok=1 pass=0
[22:39:36] TINYDRAW_GATE1_MIXED_DRAW zoom=400 tool=eraser chunks=33 append_max_us=21003 append_avg_us=18897 append_total_us=623622 affected_tiles=735 published=735 fallback=0 committed=1 authority=1 refresh=1 run_ok=1 pass=0
[22:39:37] TINYDRAW_GATE1_MIXED_DRAW_REVISIT zoom=50 missing=14 refill_tiles=14 refill_us=89094
[22:39:37] TINYDRAW_GATE1_MIXED_DRAW_REVISIT zoom=100 missing=0 refill_tiles=0 refill_us=724
[22:39:37] TINYDRAW_GATE1_MIXED_DRAW_REVISIT zoom=200 missing=0 refill_tiles=0 refill_us=1077
[22:39:37] TINYDRAW_GATE1_MIXED_DRAW_REVISIT zoom=400 missing=0 refill_tiles=0 refill_us=1078
[22:39:37] TINYDRAW_GATE1_MIXED_DRAW_SUMMARY slots=384 strokes=10 worst_append_us=130018 pass=0
[22:39:38] TINYDRAW_GATE1_LONG_GESTURE path=reference samples=1600 chunks=26 append_total_us=694739 append_max_us=33278 append_avg_us=26720 refresh_fallback_pixels=0 committed=1 authority=1 refresh=1 run_ok=1
[22:39:38] TINYDRAW_GATE1_LONG_GESTURE path=in_place samples=1600 chunks=35 append_total_us=336118 append_max_us=11561 append_avg_us=9603 refresh_fallback_pixels=0 committed=1 authority=1 refresh=1 run_ok=1
[22:39:38] TINYDRAW_V2_EXPORT_PROGRESS row=0 of=1792
[22:39:39] TINYDRAW_V2_EXPORT_PROGRESS row=256 of=1792
[22:39:40] TINYDRAW_V2_EXPORT_PROGRESS row=512 of=1792
[22:39:40] TINYDRAW_V2_EXPORT_PROGRESS row=768 of=1792
[22:39:41] TINYDRAW_V2_EXPORT_PROGRESS row=1024 of=1792
[22:39:42] TINYDRAW_V2_EXPORT_PROGRESS row=1280 of=1792
[22:39:43] TINYDRAW_V2_EXPORT_PROGRESS row=1536 of=1792
[22:39:43] E (46323) task_wdt: Task watchdog got triggered. The following tasks/users did not reset the watchdog in time:
[22:39:43] E (46323) task_wdt:  - IDLE0 (CPU 0)
[22:39:43] E (46323) task_wdt: Tasks currently running:
[22:39:43] E (46323) task_wdt: CPU 0: main
[22:39:43] E (46323) task_wdt: CPU 1: IDLE1
[22:39:43] E (46323) task_wdt: Print CPU 0 (current core) backtrace
[22:39:43] 
[22:39:43] 
[22:39:43] Backtrace: 0x42033FDD:0x3FC95A10 0x403787AD:0x3FC95A50 0x42039954:0x3FC9D120 0x4201C577:0x3FC9D180 0x4201C8AA:0x3FC9D1C0 0x420194E1:0x3FC9D1E0 0x420125F5:0x3FC9D240 0x42012811:0x3FC9D2F0 0x420103E7:0x3FC9D320 0x42017D45:0x3FC9D390 0x4200C854:0x3FC9D7F0 0x420102CF:0x3FC9EB00 0x42007DF2:0x3FC9EB20
[22:39:43] 
[22:39:44] TINYDRAW_GATE1_EXPORT encoded=1 bytes=40045 elapsed_us=5821175 workspace_bytes=50652 band_bytes=376832 free_psram=2515156 free_internal=291772 signature=1 dimensions=1 pass=1
[22:39:44] TINYDRAW_EXPORT_RESERVE requested=1572864 free_before=2515156 largest_before=2490368 free_held=942288 largest_held=933888 pass=1
[22:39:44] TINYDRAW_GATE1_AUTOMATED_DONE stress=1 stress_100=1 stress_400=1 overlap_ready=1 overlap_cold=1 adversarial_ready=1 adversarial_cold=1 workload=1 paced_cold=1 hard_100=1 hard_400=1 pan_100=0 pan_400=0 pan_seq=1 live_overlay=1 draw_fill=1 cache=1 full_world_cache=1 cache_tour=1 mixed_draw=0 long_gesture=1 export_encode=1 export_reserve=1 return=1 ssaa_receipt=yellow
[22:39:44] TINYDRAW_VECTOR_V2_GATE_HARNESS_DONE pass=1
[22:39:44] TINYDRAW_VECTOR_V2_READY zoom=25 controls=chrome button=cycle_all_zooms operations_capacity=4000 samples_capacity=80000 live_storage_bytes=5829024 overview_bytes=1318912 raw_tile_bytes=3145728 tile_metadata_bytes=71416 operation_bytes=720000 live_scratch_bytes=572968 free_psram=2515156 largest_psram=2490368 te_edges=2731 te_period_us=16801 te_high_us=579 te_level=0 main_stack_free=6104
