[00:58:15] I (103) esp_image: segment 0: paddr=00010020 vaddr=3c050020 sizeESP-ROM:esp32s3-20210327
[00:58:15] Build:Mar 27 2021
[00:58:15] rst:0x15 (USB_UART_CHIP_RESET),boot:0x2b (SPI_FAST_FLASH_BOOT)
[00:58:15] Saved PC:0x42008627
[00:58:15] SPIWP:0xee
[00:58:15] mode:DIO, clock div:1
[00:58:15] load:0x3fce2820,len:0x1664
[00:58:15] load:0x403c8700,len:0xf38
[00:58:15] load:0x403cb700,len:0x31e8
[00:58:15] entry 0x403c8930
[00:58:15] I (24) boot: ESP-IDF v6.0.2 2nd stage bootloader
[00:58:15] I (24) boot: compile time Aug 15 2026 00:58:01
[00:58:15] I (25) boot: Multicore bootloader
[00:58:15] I (25) boot: chip revision: v0.2
[00:58:15] I (28) boot: efuse block revision: v1.3
[00:58:15] I (31) qio_mode: Enabling default flash chip QIO
[00:58:15] I (36) boot.esp32s3: Boot SPI Speed : 80MHz
[00:58:15] I (39) boot.esp32s3: SPI Mode       : QIO
[00:58:15] I (43) boot.esp32s3: SPI Flash Size : 16MB
[00:58:15] I (47) boot: Enabling RNG early entropy source...
[00:58:15] I (51) boot: Partition Table:
[00:58:15] I (54) boot: ## Label            Usage          Type ST Offset   Length
[00:58:15] I (60) boot:  0 nvs              WiFi data        01 02 00009000 00006000
[00:58:15] I (67) boot:  1 phy_init         RF data          01 01 0000f000 00001000
[00:58:15] I (73) boot:  2 factory          factory app      00 00 00010000 00100000
[00:58:15] I (80) boot:  3 drawing          Unknown data     01 40 00110000 00300000
[00:58:15] I (86) boot:  4 export           Unknown data     01 41 00410000 00500000
[00:58:15] I (93) boot:  5 coredump         Unknown data     01 03 00910000 00010000
[00:58:15] I (100) boot: End of partition table
[00:58:15] I (103) esp_image: segment 0: paddr=00010020 vaddr=3c050020 size=13e4ch ( 81484) map
[00:58:15] I (123) esp_image: segment 1: paddr=00023e74 vaddr=3fc94500 size=03764h ( 14180) load
[00:58:15] I (126) esp_image: segment 2: paddr=000275e0 vaddr=40374000 size=08a38h ( 35384) load
[00:58:15] I (134) esp_image: segment 3: paddr=00030020 vaddr=42000020 size=45698h (284312) map
[00:58:15] I (178) esp_image: segment 4: paddr=000756c0 vaddr=4037ca38 size=07a24h ( 31268) load
[00:58:15] I (185) esp_image: segment 5: paddr=0007d0ec vaddr=50000000 size=00024h (    36) load
[00:58:15] I (192) boot: Loaded app from partition at offset 0x10000
[00:58:15] I (193) boot: Disabling RNG early entropy source...
[00:58:15] I (204) octal_psram: vendor id    : 0x0d (AP)
[00:58:15] I (204) octal_psram: dev id       : 0x02 (generation 3)
[00:58:15] I (204) octal_psram: density      : 0x03 (64 Mbit)
[00:58:15] I (206) octal_psram: good-die     : 0x01 (Pass)
[00:58:15] I (210) octal_psram: Latency      : 0x01 (Fixed)
[00:58:15] I (215) octal_psram: VCC          : 0x01 (3V)
[00:58:15] I (219) octal_psram: SRF          : 0x01 (Fast Refresh)
[00:58:15] I (224) octal_psram: BurstType    : 0x01 (Hybrid Wrap)
[00:58:15] I (228) octal_psram: BurstLen     : 0x01 (32 Byte)
[00:58:15] I (233) octal_psram: Readlatency  : 0x02 (10 cycles@Fixed)
[00:58:15] I (238) octal_psram: DriveStrength: 0x00 (1/1)
[00:58:15] I (242) MSPI Timing: Enter psram timing tuning
[00:58:15] I (247) esp_psram: Found 8MB PSRAM device
[00:58:15] I (250) esp_psram: Speed: 80MHz
[00:58:15] I (253) cpu_start: Multicore app
[00:58:15] I (669) esp_psram: SPI SRAM memory test OK
[00:58:15] I (677) cpu_start: GPIO 44 and 43 are used as console UART I/O pins
[00:58:15] I (678) cpu_start: Pro cpu start user code
[00:58:15] I (678) cpu_start: cpu freq: 240000000 Hz
[00:58:15] I (680) app_init: Application information:
[00:58:15] I (684) app_init: Project name:     tinydraw_esp32
[00:58:15] I (688) app_init: App version:      24a9fe9
[00:58:15] I (692) app_init: Compile time:     Aug 15 2026 00:57:56
[00:58:15] I (697) app_init: ELF file SHA256:  6256ab678...
[00:58:15] I (701) app_init: ESP-IDF:          v6.0.2
[00:58:15] I (705) efuse_init: Min chip rev:     v0.0
[00:58:15] I (709) efuse_init: Max chip rev:     v0.99 
[00:58:16] I (713) efuse_init: Chip rev:         v0.2
[00:58:16] I (717) heap_init: Initializing. RAM available for dynamic allocation:
[00:58:16] I (723) heap_init: At 3FC99090 len 00050680 (321 KiB): RAM
[00:58:16] I (728) heap_init: At 3FCE9710 len 00005724 (21 KiB): RAM
[00:58:16] I (733) heap_init: At 3FCF0000 len 00008000 (32 KiB): DRAM
[00:58:16] I (739) heap_init: At 600FE000 len 00001FE8 (7 KiB): RTCRAM
[00:58:16] I (744) esp_psram: Adding pool of 8192K of PSRAM memory to heap allocator
[00:58:16] I (751) spi_flash: detected chip: generic
[00:58:16] I (754) spi_flash: flash io: qio
[00:58:16] I (757) sleep_gpio: Configure to isolate all GPIO pins in sleep state
[00:58:16] I (763) sleep_gpio: Enable automatic switching of GPIO sleep configuration
[00:58:16] I (770) main_task: Started on CPU0
[00:58:16] I (773) main_task: Calling app_main()
[00:58:16] TINYDRAW_PANEL_HARD_RESET=1
[00:58:16] I (970) co5300: version: 2.1.0
[00:58:16] I (971) co5300_spi: LCD panel create success, version: 2.1.0
[00:58:16] W (1051) co5300_spi: The 3Ah command has been used and will be overwritten by external initialization sequence
[00:58:16] I (1152) CST816S: IC id: 183
[00:58:16] TINYDRAW_LIVE_PRESENT kind=startup zoom=25 x=0 y=0 compose_us=36701 scroll_us=0 exposed_compose_us=0 chrome_us=8283 read_submit_us=0 read_complete_us=0 transfer_wait_us=18366 tile_pixels=0 uniform_pixels=0 overview_pixels=164864 fallback_pixels=0 resident_tiles=0 fallback_tiles=0 pushes=11 tear_wait_us=6035 tear_sync=1 frame_reused=0 pass=1
[00:58:16] TINYDRAW_LIVE_STRESS operations=1000 samples=20000 total_us=446268 average_us=446 maximum_us=1085 free_psram=2515156 largest_psram=2490368
[00:58:17] TINYDRAW_LIVE_PRESENT kind=gate_fallback zoom=100 x=0 y=0 compose_us=25307 scroll_us=0 exposed_compose_us=0 chrome_us=7953 read_submit_us=27924 read_complete_us=29537 transfer_wait_us=18365 tile_pixels=0 uniform_pixels=0 overview_pixels=0 fallback_pixels=164864 resident_tiles=0 fallback_tiles=42 pushes=11 tear_wait_us=1457 tear_sync=1 frame_reused=0 pass=1
[00:58:17] TINYDRAW_GATE1_HARD zoom=100 cold=1 operations=1000 samples=20000 steps=192 tiles=42 scanned=12000 rendered=1659 max_supertask_us=9140 presentation_us=69033 total_us=268836 pass=1
[00:58:17] TINYDRAW_LIVE_PRESENT kind=gate_fallback zoom=400 x=0 y=0 compose_us=24501 scroll_us=0 exposed_compose_us=0 chrome_us=7811 read_submit_us=31672 read_complete_us=33286 transfer_wait_us=18513 tile_pixels=0 uniform_pixels=0 overview_pixels=0 fallback_pixels=164864 resident_tiles=0 fallback_tiles=42 pushes=11 tear_wait_us=5976 tear_sync=1 frame_reused=0 pass=1
[00:58:17] TINYDRAW_GATE1_HARD zoom=400 cold=1 operations=1000 samples=20000 steps=196 tiles=42 scanned=12000 rendered=120 max_supertask_us=8404 presentation_us=66983 total_us=203066 pass=1
[00:58:18] TINYDRAW_OVERLAP_WORKLOAD operations=8 samples=1200 radius_world=80
[00:58:18] TINYDRAW_GATE1_PACED_COLD corpus=overlap zoom=50 x=215 y=255 steps=334 tiles=56 compute_us=367150 present_us=85538 touch_us=662 pacing_us=9595 wall_us=462945 max_tick_us=9841 touch_samples=2179 touch_interval_max_us=1874 touch_read_max_us=583 touch_events=0 touch_down=0 touch_up=0 touch_events_ge_8ms=0 touch_event_age_max_us=0 touch_errors=0 touch_overflows=0 pass=1
[00:58:19] TINYDRAW_GATE1_PACED_COLD corpus=overlap zoom=100 x=583 y=703 steps=172 tiles=48 compute_us=227799 present_us=82110 touch_us=456 pacing_us=6830 wall_us=317195 max_tick_us=10019 touch_samples=407 touch_interval_max_us=1763 touch_read_max_us=531 touch_events=0 touch_down=0 touch_up=0 touch_events_ge_8ms=0 touch_event_age_max_us=0 touch_errors=0 touch_overflows=0 pass=1
[00:58:19] TINYDRAW_GATE1_PACED_COLD corpus=overlap zoom=200 x=1319 y=1599 steps=128 tiles=56 compute_us=228860 present_us=78139 touch_us=426 pacing_us=6519 wall_us=313944 max_tick_us=9458 touch_samples=400 touch_interval_max_us=1186 touch_read_max_us=457 touch_events=0 touch_down=0 touch_up=0 touch_events_ge_8ms=0 touch_event_age_max_us=0 touch_errors=0 touch_overflows=0 pass=1
[00:58:20] TINYDRAW_GATE1_PACED_COLD corpus=overlap zoom=400 x=2791 y=3391 steps=94 tiles=56 compute_us=214428 present_us=80548 touch_us=375 pacing_us=5574 wall_us=300925 max_tick_us=9471 touch_samples=391 touch_interval_max_us=1169 touch_read_max_us=437 touch_events=0 touch_down=0 touch_up=0 touch_events_ge_8ms=0 touch_event_age_max_us=0 touch_errors=0 touch_overflows=0 pass=1
[00:58:20] TINYDRAW_ADVERSARIAL_TAPERED_WORKLOAD operations=128 samples=4096 erasers=12 load_us=216441 appended=1
[00:58:20] TINYDRAW_GATE1_PACED_COLD corpus=adversarial_tapered_4x zoom=50 x=0 y=0 steps=104 tiles=42 compute_us=94563 present_us=62656 touch_us=267 pacing_us=4993 wall_us=162479 max_tick_us=7823 touch_samples=500 touch_interval_max_us=1142 touch_read_max_us=435 touch_events=0 touch_down=0 touch_up=0 touch_events_ge_8ms=0 touch_event_age_max_us=0 touch_errors=0 touch_overflows=0 pass=1
[00:58:20] TINYDRAW_GATE1_PACED_COLD corpus=adversarial_tapered_4x zoom=100 x=0 y=0 steps=348 tiles=42 compute_us=157589 present_us=60994 touch_us=363 pacing_us=8184 wall_us=227130 max_tick_us=8658 touch_samples=316 touch_interval_max_us=1140 touch_read_max_us=403 touch_events=0 touch_down=0 touch_up=0 touch_events_ge_8ms=0 touch_event_age_max_us=0 touch_errors=0 touch_overflows=0 pass=1
[00:58:21] TINYDRAW_GATE1_PACED_COLD corpus=adversarial_tapered_4x zoom=200 x=0 y=0 steps=1214 tiles=42 compute_us=439769 present_us=63379 touch_us=807 pacing_us=12367 wall_us=516322 max_tick_us=9659 touch_samples=608 touch_interval_max_us=1145 touch_read_max_us=407 touch_events=0 touch_down=0 touch_up=0 touch_events_ge_8ms=0 touch_event_age_max_us=0 touch_errors=0 touch_overflows=0 pass=1
[00:58:22] TINYDRAW_GATE1_PACED_COLD corpus=adversarial_tapered_4x zoom=400 x=0 y=0 steps=904 tiles=42 compute_us=543028 present_us=67760 touch_us=876 pacing_us=13176 wall_us=624840 max_tick_us=9290 touch_samples=713 touch_interval_max_us=1159 touch_read_max_us=422 touch_events=0 touch_down=0 touch_up=0 touch_events_ge_8ms=0 touch_event_age_max_us=0 touch_errors=0 touch_overflows=0 pass=1
[00:58:22] TINYDRAW_GATE1_WORKLOAD kind=realistic seed=7 operations=1000 samples=19844 maximum_stroke=198 load_us=366783 raw_source=1 lod_copies=0
[00:58:23] TINYDRAW_GATE1_PACED_COLD corpus=seed7 zoom=400 x=63 y=63 steps=281 tiles=56 compute_us=267318 present_us=85172 touch_us=452 pacing_us=7441 wall_us=360383 max_tick_us=12446 touch_samples=929 touch_interval_max_us=1904 touch_read_max_us=485 touch_events=0 touch_down=0 touch_up=0 touch_events_ge_8ms=0 touch_event_age_max_us=0 touch_errors=0 touch_overflows=0 pass=1
[00:58:23] TINYDRAW_LIVE_PRESENT kind=gate_fallback zoom=100 x=0 y=0 compose_us=25386 scroll_us=0 exposed_compose_us=0 chrome_us=7874 read_submit_us=30037 read_complete_us=31649 transfer_wait_us=18807 tile_pixels=0 uniform_pixels=0 overview_pixels=0 fallback_pixels=164864 resident_tiles=0 fallback_tiles=42 pushes=11 tear_wait_us=3474 tear_sync=1 frame_reused=0 pass=1
[00:58:23] TINYDRAW_GATE1_HARD zoom=100 cold=1 operations=1000 samples=19844 steps=275 tiles=42 scanned=12000 rendered=5232 max_supertask_us=9247 presentation_us=68075 total_us=372251 pass=1
[00:58:23] TINYDRAW_GATE1_LIVE_OVERLAY clear_updates=47 clear_wall_max_us=2930 clear_submit_max_us=2224 clear_complete_max_us=2271 overlay_updates=26 overlay_wall_max_us=2915 overlay_submit_max_us=2334 overlay_complete_max_us=2372 overlay_chrome_max_us=0 clear_failures=0 overlay_failures=0 pass=1
[00:58:24] TINYDRAW_GATE1_PAN zoom=100 from_x=0 from_y=0 to_x=88 to_y=88 compose_us=16 scroll_us=13 exposed_compose_us=3 chrome_us=9345 event_submit_us=1016 event_complete_us=1375 transfer_us=32790 setup=1 present=1 moved=1 frame_reused=1 pass=1
[00:58:24] TINYDRAW_LIVE_PRESENT kind=gate_fallback zoom=400 x=0 y=0 compose_us=24565 scroll_us=0 exposed_compose_us=0 chrome_us=7809 read_submit_us=32954 read_complete_us=34567 transfer_wait_us=18291 tile_pixels=0 uniform_pixels=0 overview_pixels=0 fallback_pixels=164864 resident_tiles=0 fallback_tiles=42 pushes=11 tear_wait_us=7206 tear_sync=1 frame_reused=0 pass=1
[00:58:24] TINYDRAW_GATE1_HARD zoom=400 cold=1 operations=1000 samples=19844 steps=211 tiles=42 scanned=12000 rendered=591 max_supertask_us=10801 presentation_us=66698 total_us=261034 pass=1
[00:58:24] TINYDRAW_GATE1_PAN zoom=400 from_x=0 from_y=0 to_x=88 to_y=88 compose_us=16 scroll_us=14 exposed_compose_us=2 chrome_us=9264 event_submit_us=1034 event_complete_us=1393 transfer_us=32869 setup=1 present=1 moved=1 frame_reused=1 pass=1
[00:58:27] TINYDRAW_PANSEQ_FRAME zoom=100 step=0 dx=24 dy=18 scroll_us=21 exposed_compose_us=4 tear_wait_us=10 present_us=26459 prepare_us=6701 staging_us=7342 event_submit_us=1527 event_complete_us=3153 frame_us=26586 tear_sync=1 frame_reused=1 pass=1
[00:58:27] TINYDRAW_PANSEQ_FRAME zoom=100 step=1 dx=24 dy=18 scroll_us=12 exposed_compose_us=3 tear_wait_us=8 present_us=25848 prepare_us=6476 staging_us=6411 event_submit_us=886 event_complete_us=1080 frame_us=25954 tear_sync=1 frame_reused=1 pass=1
[00:58:27] TINYDRAW_PANSEQ_FRAME zoom=100 step=2 dx=24 dy=18 scroll_us=15 exposed_compose_us=2 tear_wait_us=8 present_us=26845 prepare_us=6585 staging_us=7952 event_submit_us=2453 event_complete_us=4018 frame_us=26953 tear_sync=1 frame_reused=1 pass=1
[00:58:28] TINYDRAW_PANSEQ_FRAME zoom=100 step=3 dx=24 dy=18 scroll_us=13 exposed_compose_us=3 tear_wait_us=7 present_us=26848 prepare_us=6664 staging_us=6873 event_submit_us=1429 event_complete_us=3040 frame_us=26955 tear_sync=1 frame_reused=1 pass=1
[00:58:28] TINYDRAW_PANSEQ_FRAME zoom=100 step=4 dx=24 dy=18 scroll_us=14 exposed_compose_us=2 tear_wait_us=1001 present_us=24853 prepare_us=6464 staging_us=6362 event_submit_us=2115 event_complete_us=2692 frame_us=25954 tear_sync=1 frame_reused=1 pass=1
[00:58:28] TINYDRAW_PANSEQ_FRAME zoom=100 step=5 dx=24 dy=18 scroll_us=13 exposed_compose_us=2 tear_wait_us=6 present_us=25848 prepare_us=6531 staging_us=6745 event_submit_us=1043 event_complete_us=1877 frame_us=25953 tear_sync=1 frame_reused=1 pass=1
[00:58:28] TINYDRAW_PANSEQ_FRAME zoom=100 step=6 dx=24 dy=18 scroll_us=13 exposed_compose_us=3 tear_wait_us=7 present_us=24847 prepare_us=6380 staging_us=6361 event_submit_us=1199 event_complete_us=1775 frame_us=24955 tear_sync=1 frame_reused=1 pass=1
[00:58:28] TINYDRAW_PANSEQ_FRAME zoom=100 step=7 dx=24 dy=18 scroll_us=12 exposed_compose_us=2 tear_wait_us=7 present_us=25849 prepare_us=6398 staging_us=6303 event_submit_us=753 event_complete_us=1164 frame_us=25955 tear_sync=1 frame_reused=1 pass=1
[00:58:28] TINYDRAW_PANSEQ_FRAME zoom=100 step=8 dx=24 dy=18 scroll_us=13 exposed_compose_us=3 tear_wait_us=6 present_us=24854 prepare_us=6413 staging_us=6437 event_submit_us=880 event_complete_us=1000 frame_us=24960 tear_sync=1 frame_reused=1 pass=1
[00:58:28] TINYDRAW_PANSEQ_FRAME zoom=100 step=9 dx=24 dy=18 scroll_us=12 exposed_compose_us=3 tear_wait_us=6 present_us=25844 prepare_us=6436 staging_us=5910 event_submit_us=1281 event_complete_us=2005 frame_us=25948 tear_sync=1 frame_reused=1 pass=1
[00:58:28] TINYDRAW_PANSEQ_FRAME zoom=100 step=10 dx=24 dy=18 scroll_us=13 exposed_compose_us=3 tear_wait_us=7 present_us=25847 prepare_us=6584 staging_us=6807 event_submit_us=1006 event_complete_us=1743 frame_us=25953 tear_sync=1 frame_reused=1 pass=1
[00:58:28] TINYDRAW_PANSEQ_FRAME zoom=100 step=11 dx=24 dy=18 scroll_us=13 exposed_compose_us=2 tear_wait_us=7 present_us=25850 prepare_us=6336 staging_us=6427 event_submit_us=1412 event_complete_us=3039 frame_us=25956 tear_sync=1 frame_reused=1 pass=1
[00:58:28] TINYDRAW_PANSEQ_FRAME zoom=100 step=12 dx=24 dy=18 scroll_us=14 exposed_compose_us=2 tear_wait_us=6 present_us=24848 prepare_us=6521 staging_us=6444 event_submit_us=793 event_complete_us=856 frame_us=24953 tear_sync=1 frame_reused=1 pass=1
[00:58:28] TINYDRAW_PANSEQ_FRAME zoom=100 step=13 dx=24 dy=18 scroll_us=12 exposed_compose_us=2 tear_wait_us=7 present_us=25850 prepare_us=6552 staging_us=6602 event_submit_us=1456 event_complete_us=3070 frame_us=25955 tear_sync=1 frame_reused=1 pass=1
[00:58:28] TINYDRAW_PANSEQ_FRAME zoom=100 step=14 dx=24 dy=18 scroll_us=12 exposed_compose_us=2 tear_wait_us=7 present_us=25848 prepare_us=6754 staging_us=6480 event_submit_us=1422 event_complete_us=3038 frame_us=25953 tear_sync=1 frame_reused=1 pass=1
[00:58:28] TINYDRAW_PANSEQ_FRAME zoom=100 step=15 dx=24 dy=18 scroll_us=13 exposed_compose_us=3 tear_wait_us=7 present_us=26848 prepare_us=6284 staging_us=7649 event_submit_us=2167 event_complete_us=3263 frame_us=26955 tear_sync=1 frame_reused=1 pass=1
[00:58:28] TINYDRAW_PANSEQ_FRAME zoom=100 step=16 dx=72 dy=54 scroll_us=12 exposed_compose_us=3 tear_wait_us=6 present_us=31847 prepare_us=6522 staging_us=6751 event_submit_us=1727 event_complete_us=3345 frame_us=31952 tear_sync=1 frame_reused=1 pass=1
[00:58:28] TINYDRAW_PANSEQ_FRAME zoom=100 step=17 dx=72 dy=54 scroll_us=13 exposed_compose_us=3 tear_wait_us=6 present_us=31847 prepare_us=6424 staging_us=6290 event_submit_us=1723 event_complete_us=3341 frame_us=31954 tear_sync=1 frame_reused=1 pass=1
[00:58:28] TINYDRAW_PANSEQ_FRAME zoom=100 step=18 dx=72 dy=54 scroll_us=13 exposed_compose_us=3 tear_wait_us=7 present_us=29848 prepare_us=6446 staging_us=5604 event_submit_us=1038 event_complete_us=1244 frame_us=29954 tear_sync=1 frame_reused=1 pass=1
[00:58:28] TINYDRAW_PANSEQ_FRAME zoom=100 step=19 dx=72 dy=54 scroll_us=12 exposed_compose_us=3 tear_wait_us=625 present_us=29232 prepare_us=6355 staging_us=5082 event_submit_us=2005 event_complete_us=2584 frame_us=29956 tear_sync=1 frame_reused=1 pass=1
[00:58:28] TINYDRAW_PANSEQ_FRAME zoom=100 step=20 dx=-72 dy=-54 scroll_us=12 exposed_compose_us=3 tear_wait_us=7 present_us=32845 prepare_us=5565 staging_us=6956 event_submit_us=2179 event_complete_us=3540 frame_us=32953 tear_sync=1 frame_reused=1 pass=1
[00:58:28] TINYDRAW_PANSEQ_FRAME zoom=100 step=21 dx=-72 dy=-54 scroll_us=12 exposed_compose_us=3 tear_wait_us=6 present_us=32849 prepare_us=5636 staging_us=7064 event_submit_us=2578 event_complete_us=4204 frame_us=32955 tear_sync=1 frame_reused=1 pass=1
[00:58:28] TINYDRAW_PANSEQ_FRAME zoom=100 step=22 dx=-72 dy=-54 scroll_us=12 exposed_compose_us=3 tear_wait_us=6 present_us=31851 prepare_us=5521 staging_us=6589 event_submit_us=2572 event_complete_us=4198 frame_us=31955 tear_sync=1 frame_reused=1 pass=1
[00:58:28] TINYDRAW_PANSEQ_FRAME zoom=100 step=23 dx=-72 dy=-54 scroll_us=13 exposed_compose_us=3 tear_wait_us=6 present_us=30846 prepare_us=5724 staging_us=5694 event_submit_us=1027 event_complete_us=1309 frame_us=30954 tear_sync=1 frame_reused=1 pass=1
[00:58:28] TINYDRAW_GATE1_PANSEQ zoom=100 frames=24 scroll_avg_us=13 exposed_avg_us=2 tear_wait_avg_us=74 present_avg_us=27681 prepare_avg_us=6344 staging_avg_us=6547 frame_avg_us=27855 frame_p50_us=25956 frame_p95_us=32953 frame_max_us=32955 complete_p50_us=2692 complete_p95_us=4198 complete_max_us=4204 all_reused=1 pass=1
[00:58:31] TINYDRAW_PANSEQ_FRAME zoom=400 step=0 dx=24 dy=18 scroll_us=13 exposed_compose_us=3 tear_wait_us=6 present_us=25836 prepare_us=6611 staging_us=7122 event_submit_us=1548 event_complete_us=3173 frame_us=25948 tear_sync=1 frame_reused=1 pass=1
[00:58:31] TINYDRAW_PANSEQ_FRAME zoom=400 step=1 dx=24 dy=18 scroll_us=12 exposed_compose_us=3 tear_wait_us=7 present_us=25847 prepare_us=6319 staging_us=6512 event_submit_us=521 event_complete_us=640 frame_us=25955 tear_sync=1 frame_reused=1 pass=1
[00:58:31] TINYDRAW_PANSEQ_FRAME zoom=400 step=2 dx=24 dy=18 scroll_us=12 exposed_compose_us=2 tear_wait_us=7 present_us=25846 prepare_us=6487 staging_us=7851 event_submit_us=1933 event_complete_us=3552 frame_us=25955 tear_sync=1 frame_reused=1 pass=1
[00:58:31] TINYDRAW_PANSEQ_FRAME zoom=400 step=3 dx=24 dy=18 scroll_us=12 exposed_compose_us=3 tear_wait_us=7 present_us=25847 prepare_us=6545 staging_us=6636 event_submit_us=1399 event_complete_us=3017 frame_us=25955 tear_sync=1 frame_reused=1 pass=1
[00:58:31] TINYDRAW_PANSEQ_FRAME zoom=400 step=4 dx=24 dy=18 scroll_us=13 exposed_compose_us=2 tear_wait_us=7 present_us=25845 prepare_us=6422 staging_us=7894 event_submit_us=1906 event_complete_us=2633 frame_us=25952 tear_sync=1 frame_reused=1 pass=1
[00:58:31] TINYDRAW_PANSEQ_FRAME zoom=400 step=5 dx=24 dy=18 scroll_us=13 exposed_compose_us=2 tear_wait_us=6 present_us=25849 prepare_us=6575 staging_us=7051 event_submit_us=1394 event_complete_us=3011 frame_us=25957 tear_sync=1 frame_reused=1 pass=1
[00:58:31] TINYDRAW_PANSEQ_FRAME zoom=400 step=6 dx=24 dy=18 scroll_us=12 exposed_compose_us=3 tear_wait_us=1842 present_us=25012 prepare_us=6508 staging_us=6216 event_submit_us=3039 event_complete_us=3617 frame_us=26955 tear_sync=1 frame_reused=1 pass=1
[00:58:31] TINYDRAW_PANSEQ_FRAME zoom=400 step=7 dx=24 dy=18 scroll_us=12 exposed_compose_us=3 tear_wait_us=7 present_us=25847 prepare_us=6464 staging_us=6388 event_submit_us=959 event_complete_us=1674 frame_us=25953 tear_sync=1 frame_reused=1 pass=1
[00:58:31] TINYDRAW_PANSEQ_FRAME zoom=400 step=8 dx=24 dy=18 scroll_us=13 exposed_compose_us=2 tear_wait_us=6 present_us=24848 prepare_us=6290 staging_us=6195 event_submit_us=1192 event_complete_us=1694 frame_us=24955 tear_sync=1 frame_reused=1 pass=1
[00:58:31] TINYDRAW_PANSEQ_FRAME zoom=400 step=9 dx=24 dy=18 scroll_us=12 exposed_compose_us=2 tear_wait_us=6 present_us=25849 prepare_us=6463 staging_us=6146 event_submit_us=628 event_complete_us=919 frame_us=25956 tear_sync=1 frame_reused=1 pass=1
[00:58:31] TINYDRAW_PANSEQ_FRAME zoom=400 step=10 dx=24 dy=18 scroll_us=13 exposed_compose_us=2 tear_wait_us=8 present_us=25846 prepare_us=6650 staging_us=6889 event_submit_us=1105 event_complete_us=2017 frame_us=25954 tear_sync=1 frame_reused=1 pass=1
[00:58:31] TINYDRAW_PANSEQ_FRAME zoom=400 step=11 dx=24 dy=18 scroll_us=14 exposed_compose_us=2 tear_wait_us=8 present_us=26845 prepare_us=6526 staging_us=6406 event_submit_us=1427 event_complete_us=3047 frame_us=26956 tear_sync=1 frame_reused=1 pass=1
[00:58:31] TINYDRAW_PANSEQ_FRAME zoom=400 step=12 dx=24 dy=18 scroll_us=13 exposed_compose_us=2 tear_wait_us=6 present_us=25848 prepare_us=6807 staging_us=6308 event_submit_us=1450 event_complete_us=3063 frame_us=25954 tear_sync=1 frame_reused=1 pass=1
[00:58:31] TINYDRAW_PANSEQ_FRAME zoom=400 step=13 dx=24 dy=18 scroll_us=13 exposed_compose_us=2 tear_wait_us=7 present_us=26846 prepare_us=6312 staging_us=7477 event_submit_us=2210 event_complete_us=3254 frame_us=26956 tear_sync=1 frame_reused=1 pass=1
[00:58:31] TINYDRAW_PANSEQ_FRAME zoom=400 step=14 dx=24 dy=18 scroll_us=12 exposed_compose_us=3 tear_wait_us=7 present_us=25847 prepare_us=6767 staging_us=6821 event_submit_us=1415 event_complete_us=3033 frame_us=25954 tear_sync=1 frame_reused=1 pass=1
[00:58:31] TINYDRAW_PANSEQ_FRAME zoom=400 step=15 dx=24 dy=18 scroll_us=13 exposed_compose_us=3 tear_wait_us=1261 present_us=25592 prepare_us=6297 staging_us=5708 event_submit_us=2457 event_complete_us=3028 frame_us=26956 tear_sync=1 frame_reused=1 pass=1
[00:58:31] TINYDRAW_PANSEQ_FRAME zoom=400 step=16 dx=72 dy=54 scroll_us=12 exposed_compose_us=2 tear_wait_us=8 present_us=31845 prepare_us=6492 staging_us=5663 event_submit_us=1003 event_complete_us=1231 frame_us=31953 tear_sync=1 frame_reused=1 pass=1
[00:58:31] TINYDRAW_PANSEQ_FRAME zoom=400 step=17 dx=72 dy=54 scroll_us=12 exposed_compose_us=3 tear_wait_us=7 present_us=31847 prepare_us=6266 staging_us=6289 event_submit_us=1796 event_complete_us=3415 frame_us=31955 tear_sync=1 frame_reused=1 pass=1
[00:58:31] TINYDRAW_PANSEQ_FRAME zoom=400 step=18 dx=72 dy=54 scroll_us=14 exposed_compose_us=2 tear_wait_us=7 present_us=31845 prepare_us=6565 staging_us=6153 event_submit_us=1829 event_complete_us=3448 frame_us=31952 tear_sync=1 frame_reused=1 pass=1
[00:58:31] TINYDRAW_PANSEQ_FRAME zoom=400 step=19 dx=72 dy=54 scroll_us=13 exposed_compose_us=3 tear_wait_us=7 present_us=31846 prepare_us=6278 staging_us=5448 event_submit_us=1822 event_complete_us=3440 frame_us=31957 tear_sync=1 frame_reused=1 pass=1
[00:58:31] TINYDRAW_PANSEQ_FRAME zoom=400 step=20 dx=-72 dy=-54 scroll_us=13 exposed_compose_us=3 tear_wait_us=6 present_us=31845 prepare_us=5497 staging_us=5635 event_submit_us=1478 event_complete_us=1770 frame_us=31954 tear_sync=1 frame_reused=1 pass=1
[00:58:31] TINYDRAW_PANSEQ_FRAME zoom=400 step=21 dx=-72 dy=-54 scroll_us=12 exposed_compose_us=2 tear_wait_us=7 present_us=31846 prepare_us=5575 staging_us=5506 event_submit_us=2180 event_complete_us=2684 frame_us=31954 tear_sync=1 frame_reused=1 pass=1
[00:58:31] TINYDRAW_PANSEQ_FRAME zoom=400 step=22 dx=-72 dy=-54 scroll_us=12 exposed_compose_us=2 tear_wait_us=953 present_us=30902 prepare_us=5515 staging_us=5501 event_submit_us=3193 event_complete_us=3772 frame_us=31955 tear_sync=1 frame_reused=1 pass=1
[00:58:31] TINYDRAW_PANSEQ_FRAME zoom=400 step=23 dx=-72 dy=-54 scroll_us=13 exposed_compose_us=3 tear_wait_us=2572 present_us=30282 prepare_us=5699 staging_us=5452 event_submit_us=4837 event_complete_us=5416 frame_us=32956 tear_sync=1 frame_reused=1 pass=1
[00:58:31] TINYDRAW_GATE1_PANSEQ zoom=400 frames=24 scroll_avg_us=12 exposed_avg_us=2 tear_wait_avg_us=281 present_avg_us=27737 prepare_avg_us=6330 staging_avg_us=6386 frame_avg_us=28121 frame_p50_us=25957 frame_p95_us=31957 frame_max_us=32956 complete_p50_us=3028 complete_p95_us=3772 complete_max_us=5416 all_reused=1 pass=1
[00:58:31] TINYDRAW_GATE1_DRAW_FILL zoom=400 revision=2140 append_us=1230 poll_gap_us=88 event_submit_us=2426 event_complete_us=2605 max_compute_slice_us=4852 max_display_slice_us=24478 fill_us=275246 revision_restarted=1 pass=1
[00:58:32] TINYDRAW_GATE1_CACHE_FILL zoom=50 x=63 y=63 published=56 total_us=540475 within_cold_gate=0 complete=1
[00:58:33] TINYDRAW_GATE1_CACHE_FILL zoom=100 x=63 y=63 published=56 total_us=505103 within_cold_gate=0 complete=1
[00:58:33] TINYDRAW_GATE1_CACHE_FILL zoom=200 x=63 y=63 published=56 total_us=409291 within_cold_gate=1 complete=1
[00:58:33] TINYDRAW_GATE1_CACHE_FILL zoom=400 x=63 y=63 published=56 total_us=368356 within_cold_gate=1 complete=1
[00:58:34] TINYDRAW_GATE1_CACHE_REVISIT zoom=50 remaining=0 tile_pixels=118128 fallback_pixels=0 compose_us=27478 complete_us=17900 hit=1
[00:58:34] TINYDRAW_GATE1_CACHE_REVISIT zoom=100 remaining=0 tile_pixels=164864 fallback_pixels=0 compose_us=29634 complete_us=18647 hit=1
[00:58:34] TINYDRAW_GATE1_CACHE_REVISIT zoom=200 remaining=0 tile_pixels=164864 fallback_pixels=0 compose_us=30355 complete_us=18395 hit=1
[00:58:34] TINYDRAW_GATE1_CACHE_REVISIT zoom=400 remaining=0 tile_pixels=164607 fallback_pixels=0 compose_us=31084 complete_us=18112 hit=1
[00:58:34] TINYDRAW_GATE1_CACHE_FILL zoom=400 x=575 y=575 published=56 total_us=397236 within_cold_gate=1 complete=1
[00:58:34] TINYDRAW_GATE1_CACHE_ROUND_TRIP zoom=50 from_x=63 from_y=63 via_x=575 via_y=575 remaining=0 tile_pixels=118128 fallback_pixels=0 compose_us=27451 complete_us=17932 hit=1
[00:58:34] TINYDRAW_GATE1_CACHE_ROUND_TRIP zoom=100 from_x=63 from_y=63 via_x=575 via_y=575 remaining=0 tile_pixels=164864 fallback_pixels=0 compose_us=29659 complete_us=18680 hit=1
[00:58:34] TINYDRAW_GATE1_CACHE_ROUND_TRIP zoom=200 from_x=63 from_y=63 via_x=575 via_y=575 remaining=0 tile_pixels=164864 fallback_pixels=0 compose_us=30270 complete_us=18443 hit=1
[00:58:34] TINYDRAW_GATE1_CACHE_ROUND_TRIP zoom=400 from_x=63 from_y=63 via_x=575 via_y=575 remaining=0 tile_pixels=164607 fallback_pixels=0 compose_us=31021 complete_us=18229 hit=1
[00:58:34] TINYDRAW_GATE1_CACHE_RETENTION pass=1 slots=384 revision=2140
[00:58:36] TINYDRAW_PAPER_SWEEP zoom=100 identities=644 raw=266 uniform=378 fallback=0 slots=384 total_us=1441390 pass=1
[00:58:41] TINYDRAW_GATE1_CACHE_TOUR slots=384 stops=16 forward_steps=2306 forward_tiles=832 forward_wall_us=2303098 return_missing_tiles=0 return_steps=16 return_tiles=0 return_wall_us=39284 home_missing=0 home_fallback_pixels=0 pass=1
[00:58:41] TINYDRAW_GATE1_MIXED_DRAW_WARM zoom=50 fill_tiles=56 fill_us=450917 raw=42 uniform=14
[00:58:42] TINYDRAW_GATE1_MIXED_DRAW_WARM zoom=100 fill_tiles=56 fill_us=413544 raw=56 uniform=0
[00:58:42] TINYDRAW_GATE1_MIXED_DRAW_WARM zoom=200 fill_tiles=56 fill_us=376942 raw=56 uniform=0
[00:58:43] TINYDRAW_GATE1_MIXED_DRAW_WARM zoom=400 fill_tiles=42 fill_us=254779 raw=42 uniform=0
[00:58:44] TINYDRAW_GATE1_MIXED_DRAW zoom=25 tool=pen chunks=33 append_max_us=13480 append_avg_us=12982 append_total_us=428424 affected_tiles=196 published=0 fallback=196 committed=1 authority=1 refresh=1 run_ok=1 pass=1
[00:58:44] TINYDRAW_GATE1_MIXED_DRAW zoom=25 tool=eraser chunks=33 append_max_us=13278 append_avg_us=12920 append_total_us=426365 affected_tiles=0 published=0 fallback=0 committed=1 authority=1 refresh=1 run_ok=1 pass=1
[00:58:46] TINYDRAW_GATE1_MIXED_DRAW zoom=50 tool=pen chunks=33 append_max_us=13006 append_avg_us=11566 append_total_us=381700 affected_tiles=270 published=222 fallback=48 committed=1 authority=1 refresh=1 run_ok=1 pass=1
[00:58:46] TINYDRAW_GATE1_MIXED_DRAW zoom=50 tool=eraser chunks=33 append_max_us=11101 append_avg_us=8926 append_total_us=294586 affected_tiles=155 published=155 fallback=0 committed=1 authority=1 refresh=1 run_ok=1 pass=1
[00:58:48] TINYDRAW_GATE1_MIXED_DRAW zoom=100 tool=pen chunks=33 append_max_us=11911 append_avg_us=10308 append_total_us=340193 affected_tiles=325 published=266 fallback=59 committed=1 authority=1 refresh=1 run_ok=1 pass=1
[00:58:49] TINYDRAW_GATE1_MIXED_DRAW zoom=100 tool=eraser chunks=33 append_max_us=11205 append_avg_us=9375 append_total_us=309376 affected_tiles=246 published=246 fallback=0 committed=1 authority=1 refresh=1 run_ok=1 pass=1
[00:58:51] TINYDRAW_GATE1_MIXED_DRAW zoom=200 tool=pen chunks=33 append_max_us=12337 append_avg_us=10191 append_total_us=336327 affected_tiles=334 published=290 fallback=44 committed=1 authority=1 refresh=1 run_ok=1 pass=1
[00:58:51] TINYDRAW_GATE1_MIXED_DRAW zoom=200 tool=eraser chunks=33 append_max_us=10697 append_avg_us=8982 append_total_us=296407 affected_tiles=265 published=264 fallback=1 committed=1 authority=1 refresh=1 run_ok=1 pass=1
[00:58:53] TINYDRAW_GATE1_MIXED_DRAW zoom=400 tool=pen chunks=33 append_max_us=12228 append_avg_us=10379 append_total_us=342526 affected_tiles=331 published=300 fallback=31 committed=1 authority=1 refresh=1 run_ok=1 pass=1
[00:58:53] TINYDRAW_GATE1_MIXED_DRAW zoom=400 tool=eraser chunks=33 append_max_us=10652 append_avg_us=9344 append_total_us=308382 affected_tiles=270 published=270 fallback=0 committed=1 authority=1 refresh=1 run_ok=1 pass=1
[00:58:54] TINYDRAW_GATE1_MIXED_DRAW_REVISIT zoom=50 missing=4 refill_tiles=4 refill_us=144357
[00:58:54] TINYDRAW_GATE1_MIXED_DRAW_REVISIT zoom=100 missing=9 refill_tiles=9 refill_us=253634
[00:58:54] TINYDRAW_GATE1_MIXED_DRAW_REVISIT zoom=200 missing=16 refill_tiles=16 refill_us=262673
[00:58:54] TINYDRAW_GATE1_MIXED_DRAW_REVISIT zoom=400 missing=9 refill_tiles=9 refill_us=184061
[00:58:54] TINYDRAW_GATE1_MIXED_DRAW_SUMMARY slots=384 strokes=10 worst_append_us=13480 pass=1
[00:59:00] TINYDRAW_GATE1_IDLE_REPAIR damaged=588 remaining=0 plan_views=24 steps=4047 repair_us=3652049 worst_step_us=7537 warm_tiles=56 pass=1
[00:59:01] TINYDRAW_GATE1_LONG_GESTURE path=reference samples=1600 chunks=26 append_total_us=691057 append_max_us=33288 append_avg_us=26579 refresh_fallback_pixels=0 settled_fallback_pixels=0 committed=1 authority=1 refresh=1 run_ok=1
[00:59:01] TINYDRAW_GATE1_LONG_GESTURE path=in_place samples=1600 chunks=35 append_total_us=319717 append_max_us=11175 append_avg_us=9134 refresh_fallback_pixels=9456 settled_fallback_pixels=0 committed=1 authority=1 refresh=1 run_ok=1
[00:59:01] TINYDRAW_V2_EXPORT_PROGRESS row=0 of=1792
[00:59:02] TINYDRAW_V2_EXPORT_PROGRESS row=256 of=1792
[00:59:03] TINYDRAW_V2_EXPORT_PROGRESS row=512 of=1792
[00:59:04] TINYDRAW_V2_EXPORT_PROGRESS row=768 of=1792
[00:59:05] TINYDRAW_V2_EXPORT_PROGRESS row=1024 of=1792
[00:59:05] TINYDRAW_V2_EXPORT_PROGRESS row=1280 of=1792
[00:59:06] TINYDRAW_V2_EXPORT_PROGRESS row=1536 of=1792
[00:59:06] E (51445) task_wdt: Task watchdog got triggered. The following tasks/users did not reset the watchdog in time:
[00:59:06] E (51445) task_wdt:  - IDLE0 (CPU 0)
[00:59:06] E (51445) task_wdt: Tasks currently running:
[00:59:06] E (51445) task_wdt: CPU 0: main
[00:59:06] E (51445) task_wdt: CPU 1: IDLE1
[00:59:06] E (51445) task_wdt: Print CPU 0 (current core) backtrace
[00:59:06] 
[00:59:06] 
[00:59:06] Backtrace: 0x42036595:0x3FC95A10 0x403787AD:0x3FC95A50 0x4203C171:0x3FC9CC40 0x4201EA45:0x3FC9CC80 0x4201FB35:0x3FC9CCC0 0x4201E1A7:0x3FC9CCF0 0x4201E436:0x3FC9CD30 0x4201B06D:0x3FC9CD50 0x42012F8D:0x3FC9CDB0 0x420131A9:0x3FC9CE60 0x4200FE83:0x3FC9CE90 0x42019595:0x3FC9CF00 0x4200C485:0x3FC9D3E0 0x4200FD6B:0x3FC9EB00 0x42007A0E:0x3FC9EB20
[00:59:06] 
[00:59:07] TINYDRAW_GATE1_EXPORT encoded=1 bytes=40045 elapsed_us=5751498 workspace_bytes=50652 band_bytes=376832 free_psram=2515156 free_internal=242524 signature=1 dimensions=1 pass=1
[00:59:07] TINYDRAW_EXPORT_RESERVE requested=1572864 free_before=2515156 largest_before=2490368 free_held=942288 largest_held=933888 pass=1
[00:59:07] TINYDRAW_GATE1_AUTOMATED_DONE stress=1 stress_100=1 stress_400=1 overlap_ready=1 overlap_cold=1 adversarial_ready=1 adversarial_cold=1 workload=1 paced_cold=1 hard_100=1 hard_400=1 pan_100=1 pan_400=1 pan_seq=1 live_overlay=1 draw_fill=1 cache=1 full_world_cache=1 cache_tour=1 mixed_draw=1 idle_repair=1 long_gesture=1 export_encode=1 export_reserve=1 return=1 ssaa_receipt=yellow
[00:59:07] TINYDRAW_VECTOR_V2_GATE_HARNESS_DONE pass=1
[00:59:07] TINYDRAW_VECTOR_V2_READY zoom=25 controls=chrome button=cycle_all_zooms operations_capacity=4000 samples_capacity=80000 live_storage_bytes=5829024 overview_bytes=1318912 raw_tile_bytes=3145728 tile_metadata_bytes=71416 operation_bytes=720000 live_scratch_bytes=572968 free_psram=2515156 largest_psram=2490368 te_edges=3027 te_period_us=16817 te_high_us=578 te_level=0 main_stack_free=4920
