[16:13:36] I (103) esp_image: segment 0: paddr=00010020 vaddr=3c040020 sizeESP-ROM:esp32s3-20210327
[16:13:36] Build:Mar 27 2021
[16:13:36] rst:0x15 (USB_UART_CHIP_RESET),boot:0x2b (SPI_FAST_FLASH_BOOT)
[16:13:36] Saved PC:0x420083e7
[16:13:36] SPIWP:0xee
[16:13:36] mode:DIO, clock div:1
[16:13:36] load:0x3fce2820,len:0x1664
[16:13:36] load:0x403c8700,len:0xf38
[16:13:36] load:0x403cb700,len:0x31e8
[16:13:36] entry 0x403c8930
[16:13:36] I (24) boot: ESP-IDF v6.0.2 2nd stage bootloader
[16:13:36] I (24) boot: compile time Aug 14 2026 16:13:20
[16:13:36] I (25) boot: Multicore bootloader
[16:13:36] I (25) boot: chip revision: v0.2
[16:13:36] I (28) boot: efuse block revision: v1.3
[16:13:36] I (31) qio_mode: Enabling default flash chip QIO
[16:13:36] I (36) boot.esp32s3: Boot SPI Speed : 80MHz
[16:13:36] I (39) boot.esp32s3: SPI Mode       : QIO
[16:13:36] I (43) boot.esp32s3: SPI Flash Size : 16MB
[16:13:36] I (47) boot: Enabling RNG early entropy source...
[16:13:36] I (51) boot: Partition Table:
[16:13:36] I (54) boot: ## Label            Usage          Type ST Offset   Length
[16:13:36] I (60) boot:  0 nvs              WiFi data        01 02 00009000 00006000
[16:13:36] I (67) boot:  1 phy_init         RF data          01 01 0000f000 00001000
[16:13:36] I (73) boot:  2 factory          factory app      00 00 00010000 00100000
[16:13:36] I (80) boot:  3 drawing          Unknown data     01 40 00110000 00300000
[16:13:36] I (86) boot:  4 export           Unknown data     01 41 00410000 00500000
[16:13:36] I (93) boot:  5 coredump         Unknown data     01 03 00910000 00010000
[16:13:36] I (100) boot: End of partition table
[16:13:36] I (103) esp_image: segment 0: paddr=00010020 vaddr=3c040020 size=0fa04h ( 64004) map
[16:13:36] I (120) esp_image: segment 1: paddr=0001fa2c vaddr=3fc93e00 size=005ech (  1516) load
[16:13:36] I (121) esp_image: segment 2: paddr=00020020 vaddr=42000020 size=32790h (206736) map
[16:13:36] I (157) esp_image: segment 3: paddr=000527b8 vaddr=3fc943ec size=03038h ( 12344) load
[16:13:36] I (160) esp_image: segment 4: paddr=000557f8 vaddr=40374000 size=0fd1ch ( 64796) load
[16:13:36] I (174) esp_image: segment 5: paddr=0006551c vaddr=50000000 size=00024h (    36) load
[16:13:36] I (181) boot: Loaded app from partition at offset 0x10000
[16:13:36] I (181) boot: Disabling RNG early entropy source...
[16:13:36] I (192) octal_psram: vendor id    : 0x0d (AP)
[16:13:36] I (192) octal_psram: dev id       : 0x02 (generation 3)
[16:13:36] I (192) octal_psram: density      : 0x03 (64 Mbit)
[16:13:36] I (194) octal_psram: good-die     : 0x01 (Pass)
[16:13:36] I (198) octal_psram: Latency      : 0x01 (Fixed)
[16:13:36] I (203) octal_psram: VCC          : 0x01 (3V)
[16:13:36] I (207) octal_psram: SRF          : 0x01 (Fast Refresh)
[16:13:36] I (212) octal_psram: BurstType    : 0x01 (Hybrid Wrap)
[16:13:36] I (217) octal_psram: BurstLen     : 0x01 (32 Byte)
[16:13:36] I (221) octal_psram: Readlatency  : 0x02 (10 cycles@Fixed)
[16:13:36] I (226) octal_psram: DriveStrength: 0x00 (1/1)
[16:13:36] I (231) MSPI Timing: Enter psram timing tuning
[16:13:36] I (235) esp_psram: Found 8MB PSRAM device
[16:13:36] I (238) esp_psram: Speed: 80MHz
[16:13:36] I (241) cpu_start: Multicore app
[16:13:36] I (657) esp_psram: SPI SRAM memory test OK
[16:13:36] I (666) cpu_start: GPIO 44 and 43 are used as console UART I/O pins
[16:13:36] I (666) cpu_start: Pro cpu start user code
[16:13:36] I (666) cpu_start: cpu freq: 240000000 Hz
[16:13:36] I (668) app_init: Application information:
[16:13:36] I (672) app_init: Project name:     tinydraw_esp32
[16:13:36] I (676) app_init: App version:      092f2a3-dirty
[16:13:36] I (681) app_init: Compile time:     Aug 14 2026 16:13:14
[16:13:36] I (686) app_init: ELF file SHA256:  756a2e4bd...
[16:13:36] I (690) app_init: ESP-IDF:          v6.0.2
[16:13:36] I (694) efuse_init: Min chip rev:     v0.0
[16:13:36] I (698) efuse_init: Max chip rev:     v0.99 
[16:13:36] I (702) efuse_init: Chip rev:         v0.2
[16:13:36] I (706) heap_init: Initializing. RAM available for dynamic allocation:
[16:13:36] I (712) heap_init: At 3FC97EF0 len 00051820 (326 KiB): RAM
[16:13:36] I (717) heap_init: At 3FCE9710 len 00005724 (21 KiB): RAM
[16:13:36] I (722) heap_init: At 3FCF0000 len 00008000 (32 KiB): DRAM
[16:13:36] I (727) heap_init: At 600FE000 len 00001FE8 (7 KiB): RTCRAM
[16:13:36] I (733) esp_psram: Adding pool of 8192K of PSRAM memory to heap allocator
[16:13:36] I (740) spi_flash: detected chip: generic
[16:13:36] I (743) spi_flash: flash io: qio
[16:13:36] I (746) sleep_gpio: Configure to isolate all GPIO pins in sleep state
[16:13:36] I (752) sleep_gpio: Enable automatic switching of GPIO sleep configuration
[16:13:36] I (759) main_task: Started on CPU0
[16:13:36] I (762) main_task: Calling app_main()
[16:13:36] TINYDRAW_PANEL_HARD_RESET=1
[16:13:36] I (959) co5300: version: 2.1.0
[16:13:36] I (960) co5300_spi: LCD panel create success, version: 2.1.0
[16:13:36] W (1040) co5300_spi: The 3Ah command has been used and will be overwritten by external initialization sequence
[16:13:36] I (1141) CST816S: IC id: 183
[16:13:37] TINYDRAW_LIVE_PRESENT kind=startup zoom=25 x=0 y=0 compose_us=35135 scroll_us=0 exposed_compose_us=0 chrome_us=0 read_submit_us=0 read_complete_us=0 transfer_wait_us=19736 tile_pixels=0 uniform_pixels=0 overview_pixels=164864 fallback_pixels=0 resident_tiles=0 fallback_tiles=0 pushes=21 tear_wait_us=10080 tear_sync=1 frame_reused=0 pass=1
[16:13:37] TINYDRAW_LIVE_STRESS operations=1000 samples=20000 total_us=471345 average_us=471 maximum_us=861 free_psram=3042440 largest_psram=3014656
[16:13:37] TINYDRAW_LIVE_PRESENT kind=gate_fallback zoom=100 x=0 y=0 compose_us=23610 scroll_us=0 exposed_compose_us=0 chrome_us=0 read_submit_us=26356 read_complete_us=27157 transfer_wait_us=20139 tile_pixels=0 uniform_pixels=0 overview_pixels=0 fallback_pixels=164864 resident_tiles=0 fallback_tiles=42 pushes=21 tear_wait_us=1866 tear_sync=1 frame_reused=0 pass=1
[16:13:37] TINYDRAW_GATE1_HARD zoom=100 cold=1 operations=1000 samples=20000 steps=192 tiles=42 scanned=12000 rendered=1659 max_supertask_us=8958 presentation_us=64008 total_us=260851 pass=1
[16:13:37] TINYDRAW_LIVE_PRESENT kind=gate_fallback zoom=400 x=0 y=0 compose_us=23113 scroll_us=0 exposed_compose_us=0 chrome_us=0 read_submit_us=28551 read_complete_us=29352 transfer_wait_us=19950 tile_pixels=0 uniform_pixels=0 overview_pixels=0 fallback_pixels=164864 resident_tiles=0 fallback_tiles=42 pushes=21 tear_wait_us=4559 tear_sync=1 frame_reused=0 pass=1
[16:13:38] TINYDRAW_GATE1_HARD zoom=400 cold=1 operations=1000 samples=20000 steps=196 tiles=42 scanned=12000 rendered=120 max_supertask_us=8326 presentation_us=62665 total_us=195791 pass=1
[16:13:38] TINYDRAW_OVERLAP_WORKLOAD operations=8 samples=1200 radius_world=80
[16:13:39] TINYDRAW_GATE1_PACED_COLD corpus=overlap zoom=50 x=215 y=255 steps=334 tiles=56 compute_us=363041 present_us=75521 touch_us=1317 pacing_us=25038 wall_us=464917 max_tick_us=8873 touch_samples=2173 touch_interval_max_us=1967 touch_read_max_us=569 touch_events=0 touch_down=0 touch_up=0 touch_events_ge_8ms=0 touch_event_age_max_us=0 touch_errors=0 touch_overflows=0 pass=1
[16:13:39] TINYDRAW_GATE1_PACED_COLD corpus=overlap zoom=100 x=583 y=703 steps=172 tiles=48 compute_us=223927 present_us=73539 touch_us=773 pacing_us=15739 wall_us=313978 max_tick_us=8639 touch_samples=386 touch_interval_max_us=1848 touch_read_max_us=532 touch_events=0 touch_down=0 touch_up=0 touch_events_ge_8ms=0 touch_event_age_max_us=0 touch_errors=0 touch_overflows=0 pass=1
[16:13:40] TINYDRAW_GATE1_PACED_COLD corpus=overlap zoom=200 x=1319 y=1599 steps=128 tiles=56 compute_us=224279 present_us=75073 touch_us=617 pacing_us=10988 wall_us=310957 max_tick_us=8615 touch_samples=384 touch_interval_max_us=1156 touch_read_max_us=435 touch_events=0 touch_down=0 touch_up=0 touch_events_ge_8ms=0 touch_event_age_max_us=0 touch_errors=0 touch_overflows=0 pass=1
[16:13:40] TINYDRAW_GATE1_PACED_COLD corpus=overlap zoom=400 x=2791 y=3391 steps=94 tiles=56 compute_us=209104 present_us=72070 touch_us=534 pacing_us=7269 wall_us=288977 max_tick_us=8272 touch_samples=364 touch_interval_max_us=1140 touch_read_max_us=460 touch_events=0 touch_down=0 touch_up=0 touch_events_ge_8ms=0 touch_event_age_max_us=0 touch_errors=0 touch_overflows=0 pass=1
[16:13:40] TINYDRAW_ADVERSARIAL_TAPERED_WORKLOAD operations=128 samples=4096 erasers=12 load_us=221377 appended=1
[16:13:40] TINYDRAW_GATE1_PACED_COLD corpus=adversarial_tapered_4x zoom=50 x=0 y=0 steps=104 tiles=42 compute_us=93402 present_us=55120 touch_us=503 pacing_us=8951 wall_us=157976 max_tick_us=6924 touch_samples=491 touch_interval_max_us=1164 touch_read_max_us=459 touch_events=0 touch_down=0 touch_up=0 touch_events_ge_8ms=0 touch_event_age_max_us=0 touch_errors=0 touch_overflows=0 pass=1
[16:13:41] TINYDRAW_GATE1_PACED_COLD corpus=adversarial_tapered_4x zoom=100 x=0 y=0 steps=348 tiles=42 compute_us=157111 present_us=53736 touch_us=1122 pacing_us=25989 wall_us=237958 max_tick_us=7396 touch_samples=315 touch_interval_max_us=1142 touch_read_max_us=413 touch_events=0 touch_down=0 touch_up=0 touch_events_ge_8ms=0 touch_event_age_max_us=0 touch_errors=0 touch_overflows=0 pass=1
[16:13:42] TINYDRAW_GATE1_PACED_COLD corpus=adversarial_tapered_4x zoom=200 x=0 y=0 steps=1214 tiles=42 compute_us=442161 present_us=57741 touch_us=3656 pacing_us=93419 wall_us=596977 max_tick_us=7752 touch_samples=678 touch_interval_max_us=1166 touch_read_max_us=439 touch_events=0 touch_down=0 touch_up=0 touch_events_ge_8ms=0 touch_event_age_max_us=0 touch_errors=0 touch_overflows=0 pass=1
[16:13:42] TINYDRAW_GATE1_PACED_COLD corpus=adversarial_tapered_4x zoom=400 x=0 y=0 steps=904 tiles=42 compute_us=545498 present_us=60682 touch_us=3002 pacing_us=64687 wall_us=673869 max_tick_us=8001 touch_samples=749 touch_interval_max_us=1168 touch_read_max_us=426 touch_events=0 touch_down=0 touch_up=0 touch_events_ge_8ms=0 touch_event_age_max_us=0 touch_errors=0 touch_overflows=0 pass=1
[16:13:43] TINYDRAW_GATE1_WORKLOAD kind=realistic seed=7 operations=1000 samples=19844 maximum_stroke=198 load_us=376264 raw_source=1 lod_copies=0
[16:13:43] TINYDRAW_GATE1_PACED_COLD corpus=seed7 zoom=400 x=63 y=63 steps=281 tiles=56 compute_us=264033 present_us=80171 touch_us=947 pacing_us=19827 wall_us=364978 max_tick_us=10730 touch_samples=934 touch_interval_max_us=1594 touch_read_max_us=465 touch_events=0 touch_down=0 touch_up=0 touch_events_ge_8ms=0 touch_event_age_max_us=0 touch_errors=0 touch_overflows=0 pass=1
[16:13:43] TINYDRAW_LIVE_PRESENT kind=gate_fallback zoom=100 x=0 y=0 compose_us=23974 scroll_us=0 exposed_compose_us=0 chrome_us=0 read_submit_us=31221 read_complete_us=32022 transfer_wait_us=19541 tile_pixels=0 uniform_pixels=0 overview_pixels=0 fallback_pixels=164864 resident_tiles=0 fallback_tiles=42 pushes=21 tear_wait_us=6420 tear_sync=1 frame_reused=0 pass=1
[16:13:44] TINYDRAW_GATE1_HARD zoom=100 cold=1 operations=1000 samples=19844 steps=275 tiles=42 scanned=12000 rendered=5232 max_supertask_us=9069 presentation_us=61847 total_us=363549 pass=1
[16:13:44] TINYDRAW_GATE1_PAN zoom=100 from_x=0 from_y=0 to_x=88 to_y=88 compose_us=27492 scroll_us=11397 exposed_compose_us=16095 chrome_us=0 event_submit_us=30142 event_complete_us=30942 transfer_us=19815 setup=1 present=1 moved=1 frame_reused=1 pass=1
[16:13:44] TINYDRAW_LIVE_PRESENT kind=gate_fallback zoom=400 x=0 y=0 compose_us=23132 scroll_us=0 exposed_compose_us=0 chrome_us=0 read_submit_us=36863 read_complete_us=37664 transfer_wait_us=19599 tile_pixels=0 uniform_pixels=0 overview_pixels=0 fallback_pixels=164864 resident_tiles=0 fallback_tiles=42 pushes=21 tear_wait_us=12869 tear_sync=1 frame_reused=0 pass=1
[16:13:44] TINYDRAW_GATE1_HARD zoom=400 cold=1 operations=1000 samples=19844 steps=211 tiles=42 scanned=12000 rendered=591 max_supertask_us=10692 presentation_us=61907 total_us=253934 pass=1
[16:13:45] TINYDRAW_GATE1_PAN zoom=400 from_x=0 from_y=0 to_x=88 to_y=88 compose_us=27482 scroll_us=11406 exposed_compose_us=16076 chrome_us=0 event_submit_us=30841 event_complete_us=31641 transfer_us=20117 setup=1 present=1 moved=1 frame_reused=1 pass=1
[16:13:45] TINYDRAW_GATE1_DRAW_FILL zoom=400 revision=2140 append_us=1136 poll_gap_us=90 event_submit_us=2306 event_complete_us=2482 max_compute_slice_us=4768 max_display_slice_us=10686 fill_us=249386 revision_restarted=1 pass=1
[16:13:46] TINYDRAW_GATE1_LONG_GESTURE path=reference samples=1600 chunks=26 append_total_us=687896 append_max_us=33227 append_avg_us=26457 refresh_fallback_pixels=0 committed=1 authority=1 refresh=1 run_ok=1
[16:13:46] TINYDRAW_GATE1_LONG_GESTURE path=in_place samples=1600 chunks=35 append_total_us=324986 append_max_us=11148 append_avg_us=9285 refresh_fallback_pixels=0 committed=1 authority=1 refresh=1 run_ok=1
[16:13:46] TINYDRAW_GATE1_CACHE_FILL zoom=50 x=63 y=63 published=56 total_us=115219 within_cold_gate=1 complete=1
[16:13:47] TINYDRAW_GATE1_CACHE_FILL zoom=100 x=63 y=63 published=56 total_us=127971 within_cold_gate=1 complete=1
[16:13:47] TINYDRAW_GATE1_CACHE_FILL zoom=200 x=63 y=63 published=56 total_us=189974 within_cold_gate=1 complete=1
[16:13:47] TINYDRAW_GATE1_CACHE_FILL zoom=400 x=63 y=63 published=56 total_us=304972 within_cold_gate=1 complete=1
[16:13:47] TINYDRAW_GATE1_CACHE_REVISIT zoom=50 remaining=0 tile_pixels=1 fallback_pixels=0 compose_us=21069 complete_us=19903 hit=1
[16:13:47] TINYDRAW_GATE1_CACHE_REVISIT zoom=100 remaining=0 tile_pixels=4225 fallback_pixels=0 compose_us=21399 complete_us=19561 hit=1
[16:13:48] TINYDRAW_GATE1_CACHE_REVISIT zoom=200 remaining=0 tile_pixels=12545 fallback_pixels=0 compose_us=21804 complete_us=20142 hit=1
[16:13:48] TINYDRAW_GATE1_CACHE_REVISIT zoom=400 remaining=0 tile_pixels=37505 fallback_pixels=0 compose_us=23162 complete_us=19741 hit=1
[16:13:48] TINYDRAW_GATE1_CACHE_FILL zoom=400 x=575 y=575 published=56 total_us=87977 within_cold_gate=1 complete=1
[16:13:48] TINYDRAW_GATE1_CACHE_ROUND_TRIP zoom=50 from_x=63 from_y=63 via_x=575 via_y=575 remaining=0 tile_pixels=1 fallback_pixels=0 compose_us=21272 complete_us=20023 hit=1
[16:13:48] TINYDRAW_GATE1_CACHE_ROUND_TRIP zoom=100 from_x=63 from_y=63 via_x=575 via_y=575 remaining=0 tile_pixels=4225 fallback_pixels=0 compose_us=21357 complete_us=19682 hit=1
[16:13:48] TINYDRAW_GATE1_CACHE_ROUND_TRIP zoom=200 from_x=63 from_y=63 via_x=575 via_y=575 remaining=0 tile_pixels=12545 fallback_pixels=0 compose_us=21831 complete_us=20291 hit=1
[16:13:48] TINYDRAW_GATE1_CACHE_ROUND_TRIP zoom=400 from_x=63 from_y=63 via_x=575 via_y=575 remaining=0 tile_pixels=37505 fallback_pixels=0 compose_us=23328 complete_us=19846 hit=1
[16:13:48] TINYDRAW_GATE1_CACHE_RETENTION pass=1 slots=320 revision=2203
[16:13:48] TINYDRAW_PAPER_SWEEP zoom=100 identities=644 raw=4 uniform=640 fallback=0 slots=320 total_us=79360 pass=1
[16:13:48] TINYDRAW_EXPORT_RESERVE requested=1572864 free_before=3042440 largest_before=3014656 free_held=1469572 largest_held=1441792 pass=1
[16:13:48] TINYDRAW_GATE1_AUTOMATED_DONE stress=1 stress_100=1 stress_400=1 overlap_ready=1 overlap_cold=1 adversarial_ready=1 adversarial_cold=1 workload=1 paced_cold=1 hard_100=1 hard_400=1 pan_100=1 pan_400=1 draw_fill=1 long_gesture=1 cache=1 full_world_cache=1 export_reserve=1 return=1 ssaa_receipt=yellow
[16:13:48] TINYDRAW_VECTOR_V2_GATE_HARNESS_DONE pass=1
[16:13:48] TINYDRAW_VECTOR_V2_READY zoom=25 controls=chrome button=cycle_all_zooms operations_capacity=4000 samples_capacity=80000 live_storage_bytes=5301792 overview_bytes=1318912 raw_tile_bytes=2621440 tile_metadata_bytes=68856 operation_bytes=720000 live_scratch_bytes=572584 free_psram=3042440 largest_psram=3014656 te_edges=679 te_period_us=16786 te_high_us=577 te_level=0 main_stack_free=2104
