[16:01:31] I (103) esp_image: segment 0: paddr=00010020 vaddr=3c040020 sizeESP-ROM:esp32s3-20210327
[16:01:31] Build:Mar 27 2021
[16:01:31] rst:0x15 (USB_UART_CHIP_RESET),boot:0x2b (SPI_FAST_FLASH_BOOT)
[16:01:31] Saved PC:0x420084b7
[16:01:31] SPIWP:0xee
[16:01:31] mode:DIO, clock div:1
[16:01:31] load:0x3fce2820,len:0x1664
[16:01:31] load:0x403c8700,len:0xf38
[16:01:31] load:0x403cb700,len:0x31e8
[16:01:31] entry 0x403c8930
[16:01:31] I (24) boot: ESP-IDF v6.0.2 2nd stage bootloader
[16:01:31] I (24) boot: compile time Aug 14 2026 16:01:15
[16:01:31] I (25) boot: Multicore bootloader
[16:01:31] I (25) boot: chip revision: v0.2
[16:01:31] I (28) boot: efuse block revision: v1.3
[16:01:31] I (31) qio_mode: Enabling default flash chip QIO
[16:01:31] I (36) boot.esp32s3: Boot SPI Speed : 80MHz
[16:01:31] I (39) boot.esp32s3: SPI Mode       : QIO
[16:01:31] I (43) boot.esp32s3: SPI Flash Size : 16MB
[16:01:31] I (47) boot: Enabling RNG early entropy source...
[16:01:31] I (51) boot: Partition Table:
[16:01:31] I (54) boot: ## Label            Usage          Type ST Offset   Length
[16:01:31] I (60) boot:  0 nvs              WiFi data        01 02 00009000 00006000
[16:01:31] I (67) boot:  1 phy_init         RF data          01 01 0000f000 00001000
[16:01:31] I (73) boot:  2 factory          factory app      00 00 00010000 00100000
[16:01:31] I (80) boot:  3 drawing          Unknown data     01 40 00110000 00300000
[16:01:31] I (86) boot:  4 export           Unknown data     01 41 00410000 00500000
[16:01:31] I (93) boot:  5 coredump         Unknown data     01 03 00910000 00010000
[16:01:31] I (100) boot: End of partition table
[16:01:31] I (103) esp_image: segment 0: paddr=00010020 vaddr=3c040020 size=0fae8h ( 64232) map
[16:01:31] I (120) esp_image: segment 1: paddr=0001fb10 vaddr=3fc93e00 size=00508h (  1288) load
[16:01:31] I (121) esp_image: segment 2: paddr=00020020 vaddr=42000020 size=32c40h (207936) map
[16:01:31] I (157) esp_image: segment 3: paddr=00052c68 vaddr=3fc94308 size=0311ch ( 12572) load
[16:01:31] I (160) esp_image: segment 4: paddr=00055d8c vaddr=40374000 size=0fd1ch ( 64796) load
[16:01:31] I (174) esp_image: segment 5: paddr=00065ab0 vaddr=50000000 size=00024h (    36) load
[16:01:31] I (181) boot: Loaded app from partition at offset 0x10000
[16:01:31] I (182) boot: Disabling RNG early entropy source...
[16:01:31] I (192) octal_psram: vendor id    : 0x0d (AP)
[16:01:31] I (192) octal_psram: dev id       : 0x02 (generation 3)
[16:01:31] I (192) octal_psram: density      : 0x03 (64 Mbit)
[16:01:31] I (194) octal_psram: good-die     : 0x01 (Pass)
[16:01:31] I (199) octal_psram: Latency      : 0x01 (Fixed)
[16:01:31] I (203) octal_psram: VCC          : 0x01 (3V)
[16:01:31] I (207) octal_psram: SRF          : 0x01 (Fast Refresh)
[16:01:31] I (212) octal_psram: BurstType    : 0x01 (Hybrid Wrap)
[16:01:31] I (217) octal_psram: BurstLen     : 0x01 (32 Byte)
[16:01:31] I (221) octal_psram: Readlatency  : 0x02 (10 cycles@Fixed)
[16:01:31] I (227) octal_psram: DriveStrength: 0x00 (1/1)
[16:01:31] I (231) MSPI Timing: Enter psram timing tuning
[16:01:31] I (236) esp_psram: Found 8MB PSRAM device
[16:01:31] I (239) esp_psram: Speed: 80MHz
[16:01:31] I (242) cpu_start: Multicore app
[16:01:31] I (658) esp_psram: SPI SRAM memory test OK
[16:01:31] I (666) cpu_start: GPIO 44 and 43 are used as console UART I/O pins
[16:01:31] I (666) cpu_start: Pro cpu start user code
[16:01:31] I (666) cpu_start: cpu freq: 240000000 Hz
[16:01:31] I (668) app_init: Application information:
[16:01:31] I (672) app_init: Project name:     tinydraw_esp32
[16:01:31] I (676) app_init: App version:      092f2a3-dirty
[16:01:31] I (681) app_init: Compile time:     Aug 14 2026 16:01:07
[16:01:31] I (686) app_init: ELF file SHA256:  b02ee3cef...
[16:01:31] I (690) app_init: ESP-IDF:          v6.0.2
[16:01:31] I (694) efuse_init: Min chip rev:     v0.0
[16:01:31] I (698) efuse_init: Max chip rev:     v0.99 
[16:01:31] I (702) efuse_init: Chip rev:         v0.2
[16:01:31] I (706) heap_init: Initializing. RAM available for dynamic allocation:
[16:01:31] I (712) heap_init: At 3FC97EF0 len 00051820 (326 KiB): RAM
[16:01:31] I (717) heap_init: At 3FCE9710 len 00005724 (21 KiB): RAM
[16:01:31] I (722) heap_init: At 3FCF0000 len 00008000 (32 KiB): DRAM
[16:01:31] I (727) heap_init: At 600FE000 len 00001FE8 (7 KiB): RTCRAM
[16:01:31] I (733) esp_psram: Adding pool of 8192K of PSRAM memory to heap allocator
[16:01:31] I (740) spi_flash: detected chip: generic
[16:01:31] I (743) spi_flash: flash io: qio
[16:01:31] I (746) sleep_gpio: Configure to isolate all GPIO pins in sleep state
[16:01:31] I (752) sleep_gpio: Enable automatic switching of GPIO sleep configuration
[16:01:31] I (759) main_task: Started on CPU0
[16:01:31] I (762) main_task: Calling app_main()
[16:01:31] TINYDRAW_PANEL_HARD_RESET=1
[16:01:31] I (959) co5300: version: 2.1.0
[16:01:31] I (960) co5300_spi: LCD panel create success, version: 2.1.0
[16:01:31] W (1040) co5300_spi: The 3Ah command has been used and will be overwritten by external initialization sequence
[16:01:31] I (1141) CST816S: IC id: 183
[16:01:32] TINYDRAW_LIVE_PRESENT kind=startup zoom=25 x=0 y=0 compose_us=35106 scroll_us=0 exposed_compose_us=0 chrome_us=0 read_submit_us=0 read_complete_us=0 transfer_wait_us=19647 tile_pixels=0 uniform_pixels=0 overview_pixels=164864 fallback_pixels=0 resident_tiles=0 fallback_tiles=0 pushes=21 tear_wait_us=10204 tear_sync=1 frame_reused=0 pass=1
[16:01:32] TINYDRAW_LIVE_STRESS operations=1000 samples=20000 total_us=429546 average_us=429 maximum_us=866 free_psram=3042440 largest_psram=3014656
[16:01:32] TINYDRAW_LIVE_PRESENT kind=gate_fallback zoom=100 x=0 y=0 compose_us=23336 scroll_us=0 exposed_compose_us=0 chrome_us=0 read_submit_us=35084 read_complete_us=35874 transfer_wait_us=20167 tile_pixels=0 uniform_pixels=0 overview_pixels=0 fallback_pixels=164864 resident_tiles=0 fallback_tiles=42 pushes=21 tear_wait_us=10863 tear_sync=1 frame_reused=0 pass=1
[16:01:32] TINYDRAW_GATE1_HARD zoom=100 cold=1 operations=1000 samples=20000 steps=192 tiles=42 scanned=12000 rendered=1659 max_supertask_us=8739 presentation_us=63800 total_us=256744 pass=1
[16:01:32] TINYDRAW_LIVE_PRESENT kind=gate_fallback zoom=400 x=0 y=0 compose_us=22845 scroll_us=0 exposed_compose_us=0 chrome_us=0 read_submit_us=32469 read_complete_us=33269 transfer_wait_us=20048 tile_pixels=0 uniform_pixels=0 overview_pixels=0 fallback_pixels=164864 resident_tiles=0 fallback_tiles=42 pushes=21 tear_wait_us=8753 tear_sync=1 frame_reused=0 pass=1
[16:01:33] TINYDRAW_GATE1_HARD zoom=400 cold=1 operations=1000 samples=20000 steps=196 tiles=42 scanned=12000 rendered=120 max_supertask_us=8094 presentation_us=61463 total_us=192388 pass=1
[16:01:33] TINYDRAW_OVERLAP_WORKLOAD operations=8 samples=1200 radius_world=80
[16:01:34] TINYDRAW_GATE1_PACED_COLD corpus=overlap zoom=50 x=215 y=255 steps=334 tiles=56 compute_us=356505 present_us=76703 touch_us=805 pacing_us=28914 wall_us=462927 max_tick_us=9036 touch_samples=2123 touch_interval_max_us=1883 touch_read_max_us=534 touch_events=0 touch_down=0 touch_up=0 touch_events_ge_8ms=0 touch_event_age_max_us=0 touch_errors=0 touch_overflows=0 pass=1
[16:01:34] TINYDRAW_GATE1_PACED_COLD corpus=overlap zoom=100 x=583 y=703 steps=172 tiles=48 compute_us=220024 present_us=74152 touch_us=487 pacing_us=14308 wall_us=308971 max_tick_us=8794 touch_samples=384 touch_interval_max_us=1889 touch_read_max_us=487 touch_events=0 touch_down=0 touch_up=0 touch_events_ge_8ms=0 touch_event_age_max_us=0 touch_errors=0 touch_overflows=0 pass=1
[16:01:34] TINYDRAW_GATE1_PACED_COLD corpus=overlap zoom=200 x=1319 y=1599 steps=128 tiles=56 compute_us=220454 present_us=76335 touch_us=445 pacing_us=11720 wall_us=308954 max_tick_us=8793 touch_samples=387 touch_interval_max_us=1151 touch_read_max_us=422 touch_events=0 touch_down=0 touch_up=0 touch_events_ge_8ms=0 touch_event_age_max_us=0 touch_errors=0 touch_overflows=0 pass=1
[16:01:35] TINYDRAW_GATE1_PACED_COLD corpus=overlap zoom=400 x=2791 y=3391 steps=94 tiles=56 compute_us=205786 present_us=69953 touch_us=367 pacing_us=8866 wall_us=284972 max_tick_us=8012 touch_samples=362 touch_interval_max_us=1180 touch_read_max_us=447 touch_events=0 touch_down=0 touch_up=0 touch_events_ge_8ms=0 touch_event_age_max_us=0 touch_errors=0 touch_overflows=0 pass=1
[16:01:35] TINYDRAW_ADVERSARIAL_TAPERED_WORKLOAD operations=128 samples=4096 erasers=12 load_us=222202 appended=1
[16:01:35] TINYDRAW_GATE1_PACED_COLD corpus=adversarial_tapered_4x zoom=50 x=0 y=0 steps=104 tiles=42 compute_us=92389 present_us=54144 touch_us=254 pacing_us=8188 wall_us=154975 max_tick_us=6932 touch_samples=491 touch_interval_max_us=1125 touch_read_max_us=403 touch_events=0 touch_down=0 touch_up=0 touch_events_ge_8ms=0 touch_event_age_max_us=0 touch_errors=0 touch_overflows=0 pass=1
[16:01:35] TINYDRAW_GATE1_PACED_COLD corpus=adversarial_tapered_4x zoom=100 x=0 y=0 steps=348 tiles=42 compute_us=155407 present_us=52888 touch_us=696 pacing_us=23963 wall_us=232954 max_tick_us=7611 touch_samples=314 touch_interval_max_us=1125 touch_read_max_us=392 touch_events=0 touch_down=0 touch_up=0 touch_events_ge_8ms=0 touch_event_age_max_us=0 touch_errors=0 touch_overflows=0 pass=1
[16:01:37] TINYDRAW_GATE1_PACED_COLD corpus=adversarial_tapered_4x zoom=200 x=0 y=0 steps=1214 tiles=42 compute_us=437503 present_us=58257 touch_us=2235 pacing_us=92976 wall_us=590971 max_tick_us=7896 touch_samples=660 touch_interval_max_us=1125 touch_read_max_us=414 touch_events=0 touch_down=0 touch_up=0 touch_events_ge_8ms=0 touch_event_age_max_us=0 touch_errors=0 touch_overflows=0 pass=1
[16:01:37] TINYDRAW_GATE1_PACED_COLD corpus=adversarial_tapered_4x zoom=400 x=0 y=0 steps=904 tiles=42 compute_us=540587 present_us=61645 touch_us=1741 pacing_us=64907 wall_us=668880 max_tick_us=7940 touch_samples=750 touch_interval_max_us=1138 touch_read_max_us=405 touch_events=0 touch_down=0 touch_up=0 touch_events_ge_8ms=0 touch_event_age_max_us=0 touch_errors=0 touch_overflows=0 pass=1
[16:01:38] TINYDRAW_GATE1_WORKLOAD kind=realistic seed=7 operations=1000 samples=19844 maximum_stroke=198 load_us=352908 raw_source=1 lod_copies=0
[16:01:38] TINYDRAW_GATE1_PACED_COLD corpus=seed7 zoom=400 x=63 y=63 steps=281 tiles=56 compute_us=261104 present_us=77492 touch_us=639 pacing_us=21736 wall_us=360971 max_tick_us=10659 touch_samples=901 touch_interval_max_us=1922 touch_read_max_us=491 touch_events=0 touch_down=0 touch_up=0 touch_events_ge_8ms=0 touch_event_age_max_us=0 touch_errors=0 touch_overflows=0 pass=1
[16:01:38] TINYDRAW_LIVE_PRESENT kind=gate_fallback zoom=100 x=0 y=0 compose_us=23555 scroll_us=0 exposed_compose_us=0 chrome_us=0 read_submit_us=35378 read_complete_us=36176 transfer_wait_us=19380 tile_pixels=0 uniform_pixels=0 overview_pixels=0 fallback_pixels=164864 resident_tiles=0 fallback_tiles=42 pushes=21 tear_wait_us=10985 tear_sync=1 frame_reused=0 pass=1
[16:01:38] TINYDRAW_GATE1_HARD zoom=100 cold=1 operations=1000 samples=19844 steps=275 tiles=42 scanned=12000 rendered=5232 max_supertask_us=8905 presentation_us=64280 total_us=360290 pass=1
[16:01:39] TINYDRAW_GATE1_PAN zoom=100 from_x=0 from_y=0 to_x=88 to_y=88 compose_us=27216 scroll_us=11391 exposed_compose_us=15825 chrome_us=0 event_submit_us=30890 event_complete_us=31691 transfer_us=20065 setup=1 present=1 moved=1 frame_reused=1 pass=1
[16:01:39] TINYDRAW_LIVE_PRESENT kind=gate_fallback zoom=400 x=0 y=0 compose_us=22834 scroll_us=0 exposed_compose_us=0 chrome_us=0 read_submit_us=36734 read_complete_us=37535 transfer_wait_us=19736 tile_pixels=0 uniform_pixels=0 overview_pixels=0 fallback_pixels=164864 resident_tiles=0 fallback_tiles=42 pushes=21 tear_wait_us=13048 tear_sync=1 frame_reused=0 pass=1
[16:01:39] TINYDRAW_GATE1_HARD zoom=400 cold=1 operations=1000 samples=19844 steps=211 tiles=42 scanned=12000 rendered=591 max_supertask_us=10473 presentation_us=62000 total_us=251514 pass=1
[16:01:40] TINYDRAW_GATE1_PAN zoom=400 from_x=0 from_y=0 to_x=88 to_y=88 compose_us=27159 scroll_us=11376 exposed_compose_us=15783 chrome_us=0 event_submit_us=30311 event_complete_us=31112 transfer_us=19643 setup=1 present=1 moved=1 frame_reused=1 pass=1
[16:01:40] TINYDRAW_GATE1_DRAW_FILL zoom=400 revision=2140 append_us=1094 poll_gap_us=90 event_submit_us=2278 event_complete_us=2454 max_compute_slice_us=4740 max_display_slice_us=10532 fill_us=249029 revision_restarted=1 pass=1
[16:01:41] PROFILE_INPLACE valid=32 prep=88 overview=648 enum=111 canedit=75 paint=11151 commit=546 tiles=6 kept=6
[16:01:41] PROFILE_INPLACE valid=61 prep=122 overview=566 enum=127 canedit=72 paint=11217 commit=522 tiles=10 kept=10
[16:01:41] PROFILE_INPLACE valid=44 prep=89 overview=581 enum=163 canedit=45 paint=10180 commit=477 tiles=10 kept=10
[16:01:41] PROFILE_INPLACE valid=38 prep=89 overview=667 enum=135 canedit=40 paint=11184 commit=419 tiles=12 kept=12
[16:01:41] PROFILE_INPLACE valid=66 prep=120 overview=618 enum=124 canedit=40 paint=11523 commit=467 tiles=12 kept=12
[16:01:41] PROFILE_INPLACE valid=39 prep=89 overview=610 enum=129 canedit=41 paint=9478 commit=460 tiles=6 kept=6
[16:01:41] PROFILE_INPLACE valid=56 prep=142 overview=585 enum=119 canedit=38 paint=10222 commit=551 tiles=8 kept=8
[16:01:41] PROFILE_INPLACE valid=38 prep=90 overview=631 enum=135 canedit=39 paint=11564 commit=472 tiles=12 kept=12
[16:01:41] PROFILE_INPLACE valid=52 prep=91 overview=540 enum=171 canedit=53 paint=11596 commit=399 tiles=12 kept=12
[16:01:41] PROFILE_INPLACE valid=63 prep=124 overview=582 enum=141 canedit=76 paint=10903 commit=451 tiles=12 kept=12
[16:01:41] PROFILE_INPLACE valid=76 prep=91 overview=595 enum=163 canedit=60 paint=8570 commit=488 tiles=5 kept=5
[16:01:41] PROFILE_INPLACE valid=37 prep=108 overview=651 enum=126 canedit=38 paint=9329 commit=449 tiles=5 kept=5
[16:01:41] PROFILE_INPLACE valid=64 prep=129 overview=522 enum=119 canedit=33 paint=12972 commit=548 tiles=12 kept=12
[16:01:41] PROFILE_INPLACE valid=48 prep=91 overview=583 enum=167 canedit=69 paint=11344 commit=412 tiles=12 kept=12
[16:01:41] PROFILE_INPLACE valid=38 prep=87 overview=649 enum=133 canedit=37 paint=9735 commit=432 tiles=10 kept=10
[16:01:41] PROFILE_INPLACE valid=41 prep=89 overview=592 enum=165 canedit=38 paint=9033 commit=443 tiles=5 kept=5
[16:01:41] PROFILE_INPLACE valid=38 prep=90 overview=626 enum=137 canedit=38 paint=12724 commit=533 tiles=12 kept=12
[16:01:41] PROFILE_INPLACE valid=44 prep=87 overview=619 enum=146 canedit=39 paint=11456 commit=419 tiles=12 kept=12
[16:01:41] PROFILE_INPLACE valid=73 prep=102 overview=551 enum=174 canedit=50 paint=10215 commit=411 tiles=10 kept=10
[16:01:41] PROFILE_INPLACE valid=44 prep=87 overview=583 enum=147 canedit=56 paint=10005 commit=408 tiles=10 kept=10
[16:01:41] PROFILE_INPLACE valid=45 prep=88 overview=585 enum=159 canedit=45 paint=10985 commit=436 tiles=12 kept=12
[16:01:41] PROFILE_INPLACE valid=43 prep=88 overview=587 enum=182 canedit=43 paint=12896 commit=558 tiles=12 kept=12
[16:01:41] PROFILE_INPLACE valid=40 prep=88 overview=633 enum=150 canedit=39 paint=10406 commit=438 tiles=10 kept=10
[16:01:41] PROFILE_INPLACE valid=42 prep=120 overview=546 enum=133 canedit=34 paint=9691 commit=414 tiles=10 kept=10
[16:01:41] PROFILE_INPLACE valid=45 prep=139 overview=627 enum=146 canedit=34 paint=11104 commit=411 tiles=12 kept=12
[16:01:41] PROFILE_INPLACE valid=79 prep=95 overview=315 enum=133 canedit=36 paint=4012 commit=295 tiles=6 kept=6
[16:01:41] TINYDRAW_LONG_GESTURE_SWEEP limit=64 chunks=26 append_total_us=323866 append_max_us=14929
[16:01:41] PROFILE_INPLACE valid=32 prep=78 overview=489 enum=154 canedit=80 paint=9425 commit=594 tiles=6 kept=6
[16:01:41] PROFILE_INPLACE valid=42 prep=85 overview=468 enum=115 canedit=38 paint=8295 commit=395 tiles=6 kept=6
[16:01:41] PROFILE_INPLACE valid=43 prep=82 overview=388 enum=147 canedit=73 paint=9764 commit=600 tiles=10 kept=10
[16:01:41] PROFILE_INPLACE valid=76 prep=92 overview=473 enum=121 canedit=38 paint=8525 commit=350 tiles=10 kept=10
[16:01:41] PROFILE_INPLACE valid=41 prep=78 overview=455 enum=164 canedit=41 paint=7632 commit=397 tiles=8 kept=8
[16:01:41] PROFILE_INPLACE valid=73 prep=112 overview=453 enum=115 canedit=36 paint=7244 commit=317 tiles=8 kept=8
[16:01:41] PROFILE_INPLACE valid=63 prep=109 overview=448 enum=116 canedit=37 paint=6679 commit=430 tiles=6 kept=6
[16:01:41] PROFILE_INPLACE valid=39 prep=77 overview=460 enum=140 canedit=73 paint=6593 commit=357 tiles=4 kept=4
[16:01:41] PROFILE_INPLACE valid=70 prep=110 overview=446 enum=118 canedit=36 paint=8573 commit=514 tiles=8 kept=8
[16:01:41] PROFILE_INPLACE valid=41 prep=78 overview=492 enum=166 canedit=44 paint=8822 commit=426 tiles=10 kept=10
[16:01:41] PROFILE_INPLACE valid=43 prep=78 overview=433 enum=204 canedit=40 paint=8626 commit=406 tiles=10 kept=10
[16:01:41] PROFILE_INPLACE valid=36 prep=119 overview=514 enum=137 canedit=37 paint=9299 commit=359 tiles=12 kept=12
[16:01:41] PROFILE_INPLACE valid=70 prep=108 overview=469 enum=119 canedit=37 paint=9456 commit=378 tiles=12 kept=12
[16:01:41] PROFILE_INPLACE valid=44 prep=80 overview=408 enum=178 canedit=59 paint=9258 commit=411 tiles=12 kept=12
[16:01:41] PROFILE_INPLACE valid=44 prep=77 overview=469 enum=155 canedit=61 paint=8225 commit=456 tiles=6 kept=6
[16:01:41] PROFILE_INPLACE valid=36 prep=79 overview=460 enum=164 canedit=49 paint=7683 commit=411 tiles=5 kept=5
[16:01:41] PROFILE_INPLACE valid=40 prep=105 overview=416 enum=116 canedit=36 paint=9350 commit=523 tiles=10 kept=10
[16:01:41] PROFILE_INPLACE valid=42 prep=75 overview=481 enum=146 canedit=75 paint=7778 commit=421 tiles=8 kept=8
[16:01:41] PROFILE_INPLACE valid=44 prep=119 overview=527 enum=133 canedit=37 paint=7116 commit=300 tiles=8 kept=8
[16:01:41] PROFILE_INPLACE valid=48 prep=95 overview=433 enum=123 canedit=37 paint=6911 commit=434 tiles=8 kept=8
[16:01:41] PROFILE_INPLACE valid=66 prep=124 overview=440 enum=132 canedit=38 paint=6763 commit=406 tiles=4 kept=4
[16:01:41] PROFILE_INPLACE valid=46 prep=76 overview=479 enum=166 canedit=45 paint=7024 commit=426 tiles=4 kept=4
[16:01:41] PROFILE_INPLACE valid=42 prep=77 overview=477 enum=160 canedit=49 paint=9486 commit=546 tiles=10 kept=10
[16:01:41] PROFILE_INPLACE valid=65 prep=75 overview=484 enum=130 canedit=39 paint=8940 commit=420 tiles=10 kept=10
[16:01:41] PROFILE_INPLACE valid=66 prep=108 overview=452 enum=135 canedit=37 paint=9411 commit=391 tiles=12 kept=12
[16:01:41] PROFILE_INPLACE valid=46 prep=81 overview=398 enum=184 canedit=66 paint=9374 commit=351 tiles=12 kept=12
[16:01:41] PROFILE_INPLACE valid=41 prep=77 overview=475 enum=165 canedit=80 paint=9423 commit=434 tiles=12 kept=12
[16:01:41] PROFILE_INPLACE valid=37 prep=97 overview=554 enum=141 canedit=40 paint=8724 commit=424 tiles=12 kept=12
[16:01:41] PROFILE_INPLACE valid=42 prep=77 overview=455 enum=141 canedit=90 paint=7636 commit=451 tiles=5 kept=5
[16:01:42] PROFILE_INPLACE valid=76 prep=76 overview=528 enum=136 canedit=38 paint=9432 commit=560 tiles=10 kept=10
[16:01:42] PROFILE_INPLACE valid=39 prep=75 overview=476 enum=191 canedit=42 paint=7717 commit=422 tiles=8 kept=8
[16:01:42] PROFILE_INPLACE valid=56 prep=82 overview=419 enum=198 canedit=64 paint=7157 commit=323 tiles=8 kept=8
[16:01:42] PROFILE_INPLACE valid=73 prep=84 overview=410 enum=193 canedit=63 paint=7206 commit=356 tiles=8 kept=8
[16:01:42] PROFILE_INPLACE valid=43 prep=83 overview=395 enum=192 canedit=63 paint=7520 commit=391 tiles=8 kept=8
[16:01:42] PROFILE_INPLACE valid=41 prep=42 overview=85 enum=125 canedit=37 paint=472 commit=216 tiles=1 kept=1
[16:01:42] TINYDRAW_LONG_GESTURE_SWEEP limit=48 chunks=35 append_total_us=345858 append_max_us=11548
[16:01:42] PROFILE_INPLACE valid=33 prep=64 overview=346 enum=170 canedit=75 paint=6081 commit=505 tiles=4 kept=4
[16:01:42] PROFILE_INPLACE valid=42 prep=66 overview=308 enum=213 canedit=59 paint=4959 commit=386 tiles=3 kept=3
[16:01:42] PROFILE_INPLACE valid=47 prep=67 overview=301 enum=129 canedit=71 paint=5711 commit=420 tiles=5 kept=5
[16:01:42] PROFILE_INPLACE valid=50 prep=64 overview=286 enum=115 canedit=45 paint=5912 commit=582 tiles=6 kept=6
[16:01:42] PROFILE_INPLACE valid=50 prep=66 overview=287 enum=115 canedit=68 paint=6779 commit=548 tiles=8 kept=8
[16:01:42] PROFILE_INPLACE valid=41 prep=65 overview=309 enum=189 canedit=61 paint=6168 commit=296 tiles=10 kept=10
[16:01:42] PROFILE_INPLACE valid=42 prep=63 overview=338 enum=162 canedit=55 paint=4823 commit=269 tiles=6 kept=6
[16:01:42] PROFILE_INPLACE valid=43 prep=63 overview=338 enum=165 canedit=64 paint=6169 commit=313 tiles=10 kept=10
[16:01:42] PROFILE_INPLACE valid=40 prep=96 overview=418 enum=190 canedit=43 paint=5537 commit=353 tiles=8 kept=8
[16:01:42] PROFILE_INPLACE valid=43 prep=102 overview=390 enum=127 canedit=37 paint=5682 commit=369 tiles=8 kept=8
[16:01:42] PROFILE_INPLACE valid=75 prep=63 overview=323 enum=116 canedit=36 paint=5696 commit=388 tiles=5 kept=5
[16:01:42] PROFILE_INPLACE valid=55 prep=63 overview=334 enum=117 canedit=36 paint=4222 commit=240 tiles=3 kept=3
[16:01:42] PROFILE_INPLACE valid=46 prep=67 overview=352 enum=114 canedit=38 paint=5697 commit=393 tiles=5 kept=5
[16:01:42] PROFILE_INPLACE valid=42 prep=64 overview=358 enum=115 canedit=37 paint=6765 commit=584 tiles=8 kept=8
[16:01:42] PROFILE_INPLACE valid=43 prep=73 overview=355 enum=122 canedit=38 paint=6306 commit=437 tiles=8 kept=8
[16:01:42] PROFILE_INPLACE valid=44 prep=92 overview=307 enum=127 canedit=36 paint=6236 commit=305 tiles=10 kept=10
[16:01:42] PROFILE_INPLACE valid=42 prep=69 overview=290 enum=122 canedit=36 paint=4750 commit=279 tiles=6 kept=6
[16:01:42] PROFILE_INPLACE valid=42 prep=70 overview=277 enum=125 canedit=38 paint=6272 commit=337 tiles=10 kept=10
[16:01:42] PROFILE_INPLACE valid=43 prep=65 overview=319 enum=199 canedit=66 paint=5840 commit=372 tiles=8 kept=8
[16:01:42] PROFILE_INPLACE valid=44 prep=63 overview=329 enum=200 canedit=42 paint=5221 commit=329 tiles=6 kept=6
[16:01:42] PROFILE_INPLACE valid=41 prep=65 overview=326 enum=168 canedit=41 paint=5653 commit=412 tiles=5 kept=5
[16:01:42] PROFILE_INPLACE valid=42 prep=66 overview=354 enum=164 canedit=58 paint=4428 commit=298 tiles=3 kept=3
[16:01:42] PROFILE_INPLACE valid=40 prep=64 overview=356 enum=143 canedit=62 paint=5481 commit=452 tiles=4 kept=4
[16:01:42] PROFILE_INPLACE valid=48 prep=62 overview=343 enum=128 canedit=62 paint=5542 commit=420 tiles=4 kept=4
[16:01:42] PROFILE_INPLACE valid=44 prep=63 overview=349 enum=144 canedit=69 paint=5664 commit=531 tiles=6 kept=6
[16:01:42] PROFILE_INPLACE valid=45 prep=65 overview=373 enum=178 canedit=74 paint=6851 commit=493 tiles=10 kept=10
[16:01:42] PROFILE_INPLACE valid=70 prep=66 overview=352 enum=124 canedit=35 paint=5082 commit=306 tiles=6 kept=6
[16:01:42] PROFILE_INPLACE valid=72 prep=72 overview=362 enum=129 canedit=40 paint=5971 commit=344 tiles=8 kept=8
[16:01:42] PROFILE_INPLACE valid=76 prep=71 overview=337 enum=128 canedit=40 paint=6209 commit=387 tiles=10 kept=10
[16:01:42] PROFILE_INPLACE valid=47 prep=64 overview=302 enum=127 canedit=37 paint=4789 commit=248 tiles=6 kept=6
[16:01:42] PROFILE_INPLACE valid=44 prep=63 overview=290 enum=124 canedit=38 paint=5640 commit=397 tiles=4 kept=4
[16:01:42] PROFILE_INPLACE valid=43 prep=65 overview=310 enum=121 canedit=37 paint=5058 commit=421 tiles=4 kept=4
[16:01:42] PROFILE_INPLACE valid=45 prep=70 overview=307 enum=121 canedit=35 paint=5399 commit=402 tiles=4 kept=4
[16:01:42] PROFILE_INPLACE valid=43 prep=67 overview=297 enum=126 canedit=37 paint=5787 commit=427 tiles=5 kept=5
[16:01:42] PROFILE_INPLACE valid=43 prep=69 overview=312 enum=119 canedit=46 paint=5541 commit=582 tiles=6 kept=6
[16:01:42] PROFILE_INPLACE valid=43 prep=72 overview=316 enum=134 canedit=68 paint=7125 commit=516 tiles=10 kept=10
[16:01:42] PROFILE_INPLACE valid=40 prep=65 overview=312 enum=228 canedit=60 paint=5541 commit=272 tiles=8 kept=8
[16:01:42] PROFILE_INPLACE valid=42 prep=61 overview=319 enum=205 canedit=41 paint=5765 commit=375 tiles=8 kept=8
[16:01:42] PROFILE_INPLACE valid=44 prep=64 overview=323 enum=167 canedit=42 paint=6159 commit=310 tiles=10 kept=10
[16:01:42] PROFILE_INPLACE valid=40 prep=63 overview=407 enum=173 canedit=42 paint=4625 commit=288 tiles=6 kept=6
[16:01:42] PROFILE_INPLACE valid=44 prep=74 overview=425 enum=156 canedit=39 paint=6268 commit=420 tiles=10 kept=10
[16:01:42] PROFILE_INPLACE valid=45 prep=65 overview=355 enum=130 canedit=36 paint=5710 commit=403 tiles=8 kept=8
[16:01:42] PROFILE_INPLACE valid=51 prep=64 overview=363 enum=126 canedit=36 paint=4934 commit=429 tiles=3 kept=3
[16:01:42] PROFILE_INPLACE valid=43 prep=82 overview=301 enum=125 canedit=37 paint=5775 commit=398 tiles=5 kept=5
[16:01:42] PROFILE_INPLACE valid=45 prep=87 overview=304 enum=123 canedit=34 paint=5633 commit=508 tiles=6 kept=6
[16:01:42] PROFILE_INPLACE valid=60 prep=73 overview=318 enum=137 canedit=35 paint=6889 commit=537 tiles=8 kept=8
[16:01:42] PROFILE_INPLACE valid=57 prep=93 overview=307 enum=134 canedit=35 paint=5884 commit=295 tiles=8 kept=8
[16:01:42] PROFILE_INPLACE valid=45 prep=65 overview=318 enum=127 canedit=34 paint=5393 commit=332 tiles=8 kept=8
[16:01:42] PROFILE_INPLACE valid=43 prep=64 overview=316 enum=134 canedit=35 paint=5946 commit=313 tiles=8 kept=8
[16:01:42] PROFILE_INPLACE valid=46 prep=63 overview=302 enum=132 canedit=34 paint=4976 commit=319 tiles=6 kept=6
[16:01:42] PROFILE_INPLACE valid=43 prep=64 overview=298 enum=133 canedit=35 paint=6122 commit=396 tiles=8 kept=8
[16:01:42] PROFILE_INPLACE valid=45 prep=56 overview=211 enum=128 canedit=34 paint=3354 commit=311 tiles=3 kept=3
[16:01:42] TINYDRAW_LONG_GESTURE_SWEEP limit=32 chunks=52 append_total_us=459949 append_max_us=9126
[16:01:42] TINYDRAW_GATE1_LONG_GESTURE path=reference samples=1600 chunks=26 append_total_us=676194 append_max_us=32612 append_avg_us=26007 refresh_fallback_pixels=0 committed=1 authority=1 refresh=1 run_ok=1
[16:01:42] TINYDRAW_GATE1_LONG_GESTURE path=in_place samples=1600 chunks=26 append_total_us=323866 append_max_us=14929 append_avg_us=12456 refresh_fallback_pixels=0 committed=1 authority=1 refresh=1 run_ok=1
[16:01:42] TINYDRAW_GATE1_CACHE_FILL zoom=50 x=63 y=63 published=56 total_us=112444 within_cold_gate=1 complete=1
[16:01:43] TINYDRAW_GATE1_CACHE_FILL zoom=100 x=63 y=63 published=56 total_us=125966 within_cold_gate=1 complete=1
[16:01:43] TINYDRAW_GATE1_CACHE_FILL zoom=200 x=63 y=63 published=56 total_us=185968 within_cold_gate=1 complete=1
[16:01:43] TINYDRAW_GATE1_CACHE_FILL zoom=400 x=63 y=63 published=56 total_us=299967 within_cold_gate=1 complete=1
[16:01:43] TINYDRAW_GATE1_CACHE_REVISIT zoom=50 remaining=0 tile_pixels=1 fallback_pixels=0 compose_us=20728 complete_us=19745 hit=1
[16:01:43] TINYDRAW_GATE1_CACHE_REVISIT zoom=100 remaining=0 tile_pixels=4225 fallback_pixels=0 compose_us=21135 complete_us=19291 hit=1
[16:01:43] TINYDRAW_GATE1_CACHE_REVISIT zoom=200 remaining=0 tile_pixels=12545 fallback_pixels=0 compose_us=21469 complete_us=19804 hit=1
[16:01:43] TINYDRAW_GATE1_CACHE_REVISIT zoom=400 remaining=0 tile_pixels=37505 fallback_pixels=0 compose_us=22726 complete_us=19338 hit=1
[16:01:43] TINYDRAW_GATE1_CACHE_FILL zoom=400 x=575 y=575 published=56 total_us=86962 within_cold_gate=1 complete=1
[16:01:43] TINYDRAW_GATE1_CACHE_ROUND_TRIP zoom=50 from_x=63 from_y=63 via_x=575 via_y=575 remaining=0 tile_pixels=1 fallback_pixels=0 compose_us=21051 complete_us=19285 hit=1
[16:01:44] TINYDRAW_GATE1_CACHE_ROUND_TRIP zoom=100 from_x=63 from_y=63 via_x=575 via_y=575 remaining=0 tile_pixels=4225 fallback_pixels=0 compose_us=21156 complete_us=19778 hit=1
[16:01:44] TINYDRAW_GATE1_CACHE_ROUND_TRIP zoom=200 from_x=63 from_y=63 via_x=575 via_y=575 remaining=0 tile_pixels=12545 fallback_pixels=0 compose_us=21487 complete_us=19345 hit=1
[16:01:44] TINYDRAW_GATE1_CACHE_ROUND_TRIP zoom=400 from_x=63 from_y=63 via_x=575 via_y=575 remaining=0 tile_pixels=37505 fallback_pixels=0 compose_us=22847 complete_us=19833 hit=1
[16:01:44] TINYDRAW_GATE1_CACHE_RETENTION pass=1 slots=320 revision=2283
[16:01:44] TINYDRAW_PAPER_SWEEP zoom=100 identities=644 raw=4 uniform=640 fallback=0 slots=320 total_us=76616 pass=1
[16:01:44] TINYDRAW_EXPORT_RESERVE requested=1572864 free_before=3042440 largest_before=3014656 free_held=1469572 largest_held=1441792 pass=1
[16:01:44] TINYDRAW_GATE1_AUTOMATED_DONE stress=1 stress_100=1 stress_400=1 overlap_ready=1 overlap_cold=1 adversarial_ready=1 adversarial_cold=1 workload=1 paced_cold=1 hard_100=1 hard_400=1 pan_100=1 pan_400=1 draw_fill=1 long_gesture=1 cache=1 full_world_cache=1 export_reserve=1 return=1 ssaa_receipt=yellow
[16:01:44] TINYDRAW_VECTOR_V2_GATE_HARNESS_DONE pass=1
[16:01:44] TINYDRAW_VECTOR_V2_READY zoom=25 controls=chrome button=cycle_all_zooms operations_capacity=4000 samples_capacity=80000 live_storage_bytes=5301792 overview_bytes=1318912 raw_tile_bytes=2621440 tile_metadata_bytes=68856 operation_bytes=720000 live_scratch_bytes=572584 free_psram=3042440 largest_psram=3014656 te_edges=732 te_period_us=16825 te_high_us=578 te_level=0 main_stack_free=2040
