[15:58:44] I (103) esp_image: segment 0: paddr=00010020 vaddr=3c040020 sizeESP-ROM:esp32s3-20210327
[15:58:44] Build:Mar 27 2021
[15:58:44] rst:0x15 (USB_UART_CHIP_RESET),boot:0x2b (SPI_FAST_FLASH_BOOT)
[15:58:44] Saved PC:0x420084ab
[15:58:44] SPIWP:0xee
[15:58:44] mode:DIO, clock div:1
[15:58:44] load:0x3fce2820,len:0x1664
[15:58:44] load:0x403c8700,len:0xf38
[15:58:44] load:0x403cb700,len:0x31e8
[15:58:44] entry 0x403c8930
[15:58:44] I (24) boot: ESP-IDF v6.0.2 2nd stage bootloader
[15:58:44] I (24) boot: compile time Aug 14 2026 15:58:31
[15:58:44] I (25) boot: Multicore bootloader
[15:58:44] I (25) boot: chip revision: v0.2
[15:58:44] I (28) boot: efuse block revision: v1.3
[15:58:44] I (31) qio_mode: Enabling default flash chip QIO
[15:58:44] I (36) boot.esp32s3: Boot SPI Speed : 80MHz
[15:58:44] I (39) boot.esp32s3: SPI Mode       : QIO
[15:58:44] I (43) boot.esp32s3: SPI Flash Size : 16MB
[15:58:44] I (47) boot: Enabling RNG early entropy source...
[15:58:44] I (51) boot: Partition Table:
[15:58:44] I (54) boot: ## Label            Usage          Type ST Offset   Length
[15:58:44] I (60) boot:  0 nvs              WiFi data        01 02 00009000 00006000
[15:58:44] I (67) boot:  1 phy_init         RF data          01 01 0000f000 00001000
[15:58:44] I (73) boot:  2 factory          factory app      00 00 00010000 00100000
[15:58:44] I (80) boot:  3 drawing          Unknown data     01 40 00110000 00300000
[15:58:44] I (86) boot:  4 export           Unknown data     01 41 00410000 00500000
[15:58:44] I (93) boot:  5 coredump         Unknown data     01 03 00910000 00010000
[15:58:44] I (100) boot: End of partition table
[15:58:44] I (103) esp_image: segment 0: paddr=00010020 vaddr=3c040020 size=0fa78h ( 64120) map
[15:58:44] I (120) esp_image: segment 1: paddr=0001faa0 vaddr=3fc93e00 size=00578h (  1400) load
[15:58:44] I (121) esp_image: segment 2: paddr=00020020 vaddr=42000020 size=32b14h (207636) map
[15:58:44] I (157) esp_image: segment 3: paddr=00052b3c vaddr=3fc94378 size=030ach ( 12460) load
[15:58:44] I (160) esp_image: segment 4: paddr=00055bf0 vaddr=40374000 size=0fd1ch ( 64796) load
[15:58:44] I (174) esp_image: segment 5: paddr=00065914 vaddr=50000000 size=00024h (    36) load
[15:58:44] I (181) boot: Loaded app from partition at offset 0x10000
[15:58:44] I (182) boot: Disabling RNG early entropy source...
[15:58:44] I (192) octal_psram: vendor id    : 0x0d (AP)
[15:58:44] I (192) octal_psram: dev id       : 0x02 (generation 3)
[15:58:44] I (192) octal_psram: density      : 0x03 (64 Mbit)
[15:58:44] I (194) octal_psram: good-die     : 0x01 (Pass)
[15:58:44] I (199) octal_psram: Latency      : 0x01 (Fixed)
[15:58:44] I (203) octal_psram: VCC          : 0x01 (3V)
[15:58:44] I (207) octal_psram: SRF          : 0x01 (Fast Refresh)
[15:58:44] I (212) octal_psram: BurstType    : 0x01 (Hybrid Wrap)
[15:58:44] I (217) octal_psram: BurstLen     : 0x01 (32 Byte)
[15:58:44] I (221) octal_psram: Readlatency  : 0x02 (10 cycles@Fixed)
[15:58:44] I (226) octal_psram: DriveStrength: 0x00 (1/1)
[15:58:44] I (231) MSPI Timing: Enter psram timing tuning
[15:58:44] I (236) esp_psram: Found 8MB PSRAM device
[15:58:44] I (239) esp_psram: Speed: 80MHz
[15:58:44] I (242) cpu_start: Multicore app
[15:58:44] I (657) esp_psram: SPI SRAM memory test OK
[15:58:44] I (666) cpu_start: GPIO 44 and 43 are used as console UART I/O pins
[15:58:44] I (666) cpu_start: Pro cpu start user code
[15:58:44] I (666) cpu_start: cpu freq: 240000000 Hz
[15:58:44] I (668) app_init: Application information:
[15:58:44] I (672) app_init: Project name:     tinydraw_esp32
[15:58:44] I (676) app_init: App version:      092f2a3-dirty
[15:58:44] I (681) app_init: Compile time:     Aug 14 2026 15:58:26
[15:58:44] I (686) app_init: ELF file SHA256:  c55959f60...
[15:58:44] I (690) app_init: ESP-IDF:          v6.0.2
[15:58:44] I (694) efuse_init: Min chip rev:     v0.0
[15:58:44] I (698) efuse_init: Max chip rev:     v0.99 
[15:58:44] I (702) efuse_init: Chip rev:         v0.2
[15:58:45] I (706) heap_init: Initializing. RAM available for dynamic allocation:
[15:58:45] I (712) heap_init: At 3FC97EF0 len 00051820 (326 KiB): RAM
[15:58:45] I (717) heap_init: At 3FCE9710 len 00005724 (21 KiB): RAM
[15:58:45] I (722) heap_init: At 3FCF0000 len 00008000 (32 KiB): DRAM
[15:58:45] I (727) heap_init: At 600FE000 len 00001FE8 (7 KiB): RTCRAM
[15:58:45] I (733) esp_psram: Adding pool of 8192K of PSRAM memory to heap allocator
[15:58:45] I (740) spi_flash: detected chip: generic
[15:58:45] I (743) spi_flash: flash io: qio
[15:58:45] I (746) sleep_gpio: Configure to isolate all GPIO pins in sleep state
[15:58:45] I (752) sleep_gpio: Enable automatic switching of GPIO sleep configuration
[15:58:45] I (759) main_task: Started on CPU0
[15:58:45] I (762) main_task: Calling app_main()
[15:58:45] TINYDRAW_PANEL_HARD_RESET=1
[15:58:45] I (959) co5300: version: 2.1.0
[15:58:45] I (960) co5300_spi: LCD panel create success, version: 2.1.0
[15:58:45] W (1040) co5300_spi: The 3Ah command has been used and will be overwritten by external initialization sequence
[15:58:45] I (1141) CST816S: IC id: 183
[15:58:45] TINYDRAW_LIVE_PRESENT kind=startup zoom=25 x=0 y=0 compose_us=35105 scroll_us=0 exposed_compose_us=0 chrome_us=0 read_submit_us=0 read_complete_us=0 transfer_wait_us=19816 tile_pixels=0 uniform_pixels=0 overview_pixels=164864 fallback_pixels=0 resident_tiles=0 fallback_tiles=0 pushes=21 tear_wait_us=9997 tear_sync=1 frame_reused=0 pass=1
[15:58:45] TINYDRAW_LIVE_STRESS operations=1000 samples=20000 total_us=433533 average_us=433 maximum_us=792 free_psram=3042440 largest_psram=3014656
[15:58:46] TINYDRAW_LIVE_PRESENT kind=gate_fallback zoom=100 x=0 y=0 compose_us=23405 scroll_us=0 exposed_compose_us=0 chrome_us=0 read_submit_us=30662 read_complete_us=31464 transfer_wait_us=19736 tile_pixels=0 uniform_pixels=0 overview_pixels=0 fallback_pixels=164864 resident_tiles=0 fallback_tiles=42 pushes=21 tear_wait_us=6417 tear_sync=1 frame_reused=0 pass=1
[15:58:46] TINYDRAW_GATE1_HARD zoom=100 cold=1 operations=1000 samples=20000 steps=192 tiles=42 scanned=12000 rendered=1659 max_supertask_us=8797 presentation_us=63530 total_us=256804 pass=1
[15:58:46] TINYDRAW_LIVE_PRESENT kind=gate_fallback zoom=400 x=0 y=0 compose_us=22750 scroll_us=0 exposed_compose_us=0 chrome_us=0 read_submit_us=33036 read_complete_us=33838 transfer_wait_us=19500 tile_pixels=0 uniform_pixels=0 overview_pixels=0 fallback_pixels=164864 resident_tiles=0 fallback_tiles=42 pushes=21 tear_wait_us=9464 tear_sync=1 frame_reused=0 pass=1
[15:58:46] TINYDRAW_GATE1_HARD zoom=400 cold=1 operations=1000 samples=20000 steps=196 tiles=42 scanned=12000 rendered=120 max_supertask_us=8140 presentation_us=61081 total_us=192488 pass=1
[15:58:47] TINYDRAW_OVERLAP_WORKLOAD operations=8 samples=1200 radius_world=80
[15:58:47] TINYDRAW_GATE1_PACED_COLD corpus=overlap zoom=50 x=215 y=255 steps=334 tiles=56 compute_us=361585 present_us=75055 touch_us=1523 pacing_us=26804 wall_us=464967 max_tick_us=8949 touch_samples=2124 touch_interval_max_us=1933 touch_read_max_us=535 touch_events=0 touch_down=0 touch_up=0 touch_events_ge_8ms=0 touch_event_age_max_us=0 touch_errors=0 touch_overflows=0 pass=1
[15:58:47] TINYDRAW_GATE1_PACED_COLD corpus=overlap zoom=100 x=583 y=703 steps=172 tiles=48 compute_us=222782 present_us=73901 touch_us=933 pacing_us=15365 wall_us=312981 max_tick_us=8680 touch_samples=385 touch_interval_max_us=1897 touch_read_max_us=435 touch_events=0 touch_down=0 touch_up=0 touch_events_ge_8ms=0 touch_event_age_max_us=0 touch_errors=0 touch_overflows=0 pass=1
[15:58:48] TINYDRAW_GATE1_PACED_COLD corpus=overlap zoom=200 x=1319 y=1599 steps=128 tiles=56 compute_us=222072 present_us=76175 touch_us=697 pacing_us=11010 wall_us=309954 max_tick_us=8735 touch_samples=384 touch_interval_max_us=1148 touch_read_max_us=427 touch_events=0 touch_down=0 touch_up=0 touch_events_ge_8ms=0 touch_event_age_max_us=0 touch_errors=0 touch_overflows=0 pass=1
[15:58:48] TINYDRAW_GATE1_PACED_COLD corpus=overlap zoom=400 x=2791 y=3391 steps=94 tiles=56 compute_us=207245 present_us=69954 touch_us=568 pacing_us=8208 wall_us=285975 max_tick_us=8353 touch_samples=363 touch_interval_max_us=1138 touch_read_max_us=417 touch_events=0 touch_down=0 touch_up=0 touch_events_ge_8ms=0 touch_event_age_max_us=0 touch_errors=0 touch_overflows=0 pass=1
[15:58:48] TINYDRAW_ADVERSARIAL_TAPERED_WORKLOAD operations=128 samples=4096 erasers=12 load_us=218316 appended=1
[15:58:49] TINYDRAW_GATE1_PACED_COLD corpus=adversarial_tapered_4x zoom=50 x=0 y=0 steps=104 tiles=42 compute_us=92417 present_us=53137 touch_us=415 pacing_us=8011 wall_us=153980 max_tick_us=6924 touch_samples=490 touch_interval_max_us=1164 touch_read_max_us=449 touch_events=0 touch_down=0 touch_up=0 touch_events_ge_8ms=0 touch_event_age_max_us=0 touch_errors=0 touch_overflows=0 pass=1
[15:58:49] TINYDRAW_GATE1_PACED_COLD corpus=adversarial_tapered_4x zoom=100 x=0 y=0 steps=348 tiles=42 compute_us=156725 present_us=52740 touch_us=1073 pacing_us=26418 wall_us=236956 max_tick_us=7475 touch_samples=319 touch_interval_max_us=1123 touch_read_max_us=381 touch_events=0 touch_down=0 touch_up=0 touch_events_ge_8ms=0 touch_event_age_max_us=0 touch_errors=0 touch_overflows=0 pass=1
[15:58:50] TINYDRAW_GATE1_PACED_COLD corpus=adversarial_tapered_4x zoom=200 x=0 y=0 steps=1214 tiles=42 compute_us=441029 present_us=57964 touch_us=3170 pacing_us=97815 wall_us=599978 max_tick_us=7868 touch_samples=682 touch_interval_max_us=1143 touch_read_max_us=412 touch_events=0 touch_down=0 touch_up=0 touch_events_ge_8ms=0 touch_event_age_max_us=0 touch_errors=0 touch_overflows=0 pass=1
[15:58:50] TINYDRAW_GATE1_PACED_COLD corpus=adversarial_tapered_4x zoom=400 x=0 y=0 steps=904 tiles=42 compute_us=545251 present_us=61167 touch_us=2543 pacing_us=66968 wall_us=675929 max_tick_us=7925 touch_samples=749 touch_interval_max_us=1146 touch_read_max_us=412 touch_events=0 touch_down=0 touch_up=0 touch_events_ge_8ms=0 touch_event_age_max_us=0 touch_errors=0 touch_overflows=0 pass=1
[15:58:51] TINYDRAW_GATE1_WORKLOAD kind=realistic seed=7 operations=1000 samples=19844 maximum_stroke=198 load_us=361149 raw_source=1 lod_copies=0
[15:58:52] TINYDRAW_GATE1_PACED_COLD corpus=seed7 zoom=400 x=63 y=63 steps=281 tiles=56 compute_us=261201 present_us=76504 touch_us=883 pacing_us=21392 wall_us=359980 max_tick_us=10617 touch_samples=910 touch_interval_max_us=1921 touch_read_max_us=482 touch_events=0 touch_down=0 touch_up=0 touch_events_ge_8ms=0 touch_event_age_max_us=0 touch_errors=0 touch_overflows=0 pass=1
[15:58:52] TINYDRAW_LIVE_PRESENT kind=gate_fallback zoom=100 x=0 y=0 compose_us=23499 scroll_us=0 exposed_compose_us=0 chrome_us=0 read_submit_us=35808 read_complete_us=36610 transfer_wait_us=19890 tile_pixels=0 uniform_pixels=0 overview_pixels=0 fallback_pixels=164864 resident_tiles=0 fallback_tiles=42 pushes=21 tear_wait_us=11428 tear_sync=1 frame_reused=0 pass=1
[15:58:52] TINYDRAW_GATE1_HARD zoom=100 cold=1 operations=1000 samples=19844 steps=275 tiles=42 scanned=12000 rendered=5232 max_supertask_us=8958 presentation_us=64093 total_us=360040 pass=1
[15:58:52] TINYDRAW_GATE1_PAN zoom=100 from_x=0 from_y=0 to_x=88 to_y=88 compose_us=27147 scroll_us=11357 exposed_compose_us=15790 chrome_us=0 event_submit_us=30762 event_complete_us=31554 transfer_us=20194 setup=1 present=1 moved=1 frame_reused=1 pass=1
[15:58:53] TINYDRAW_LIVE_PRESENT kind=gate_fallback zoom=400 x=0 y=0 compose_us=22802 scroll_us=0 exposed_compose_us=0 chrome_us=0 read_submit_us=36630 read_complete_us=37431 transfer_wait_us=19837 tile_pixels=0 uniform_pixels=0 overview_pixels=0 fallback_pixels=164864 resident_tiles=0 fallback_tiles=42 pushes=21 tear_wait_us=12922 tear_sync=1 frame_reused=0 pass=1
[15:58:53] TINYDRAW_GATE1_HARD zoom=400 cold=1 operations=1000 samples=19844 steps=211 tiles=42 scanned=12000 rendered=591 max_supertask_us=10568 presentation_us=61742 total_us=251620 pass=1
[15:58:53] TINYDRAW_GATE1_PAN zoom=400 from_x=0 from_y=0 to_x=88 to_y=88 compose_us=27106 scroll_us=11362 exposed_compose_us=15744 chrome_us=0 event_submit_us=31122 event_complete_us=31924 transfer_us=19833 setup=1 present=1 moved=1 frame_reused=1 pass=1
[15:58:53] TINYDRAW_GATE1_DRAW_FILL zoom=400 revision=2140 append_us=1096 poll_gap_us=91 event_submit_us=2307 event_complete_us=2485 max_compute_slice_us=4724 max_display_slice_us=10550 fill_us=249126 revision_restarted=1 pass=1
[15:58:54] PROFILE_INPLACE valid=33 prep=92 overview=644 enum=110 canedit=74 paint=11114 commit=558 tiles=6 kept=6
[15:58:54] PROFILE_INPLACE valid=83 prep=107 overview=558 enum=164 canedit=59 paint=11194 commit=520 tiles=10 kept=10
[15:58:54] PROFILE_INPLACE valid=41 prep=93 overview=574 enum=171 canedit=46 paint=10234 commit=456 tiles=10 kept=10
[15:58:54] PROFILE_INPLACE valid=36 prep=112 overview=671 enum=132 canedit=40 paint=11262 commit=393 tiles=12 kept=12
[15:58:54] PROFILE_INPLACE valid=53 prep=116 overview=546 enum=112 canedit=36 paint=11590 commit=445 tiles=12 kept=12
[15:58:54] PROFILE_INPLACE valid=33 prep=98 overview=650 enum=126 canedit=44 paint=9529 commit=433 tiles=6 kept=6
[15:58:54] PROFILE_INPLACE valid=46 prep=90 overview=579 enum=138 canedit=74 paint=10149 commit=574 tiles=8 kept=8
[15:58:54] PROFILE_INPLACE valid=39 prep=92 overview=673 enum=134 canedit=41 paint=11623 commit=468 tiles=12 kept=12
[15:58:54] PROFILE_INPLACE valid=43 prep=91 overview=576 enum=188 canedit=45 paint=11685 commit=351 tiles=12 kept=12
[15:58:54] PROFILE_INPLACE valid=58 prep=144 overview=598 enum=122 canedit=39 paint=10921 commit=440 tiles=12 kept=12
[15:58:54] PROFILE_INPLACE valid=67 prep=97 overview=559 enum=151 canedit=43 paint=8625 commit=486 tiles=5 kept=5
[15:58:54] PROFILE_INPLACE valid=81 prep=110 overview=561 enum=150 canedit=69 paint=9416 commit=464 tiles=5 kept=5
[15:58:54] PROFILE_INPLACE valid=38 prep=91 overview=623 enum=132 canedit=41 paint=12955 commit=569 tiles=12 kept=12
[15:58:54] PROFILE_INPLACE valid=34 prep=102 overview=683 enum=135 canedit=40 paint=11362 commit=405 tiles=12 kept=12
[15:58:55] PROFILE_INPLACE valid=82 prep=99 overview=539 enum=153 canedit=40 paint=9856 commit=459 tiles=10 kept=10
[15:58:55] PROFILE_INPLACE valid=66 prep=115 overview=529 enum=189 canedit=46 paint=9125 commit=406 tiles=5 kept=5
[15:58:55] PROFILE_INPLACE valid=46 prep=90 overview=576 enum=176 canedit=49 paint=12755 commit=560 tiles=12 kept=12
[15:58:55] PROFILE_INPLACE valid=43 prep=90 overview=606 enum=162 canedit=60 paint=11453 commit=450 tiles=12 kept=12
[15:58:55] PROFILE_INPLACE valid=72 prep=146 overview=587 enum=135 canedit=44 paint=10222 commit=429 tiles=10 kept=10
[15:58:55] PROFILE_INPLACE valid=94 prep=96 overview=546 enum=169 canedit=43 paint=10073 commit=400 tiles=10 kept=10
[15:58:55] PROFILE_INPLACE valid=50 prep=91 overview=578 enum=135 canedit=81 paint=11055 commit=438 tiles=12 kept=12
[15:58:55] PROFILE_INPLACE valid=45 prep=90 overview=565 enum=184 canedit=47 paint=12882 commit=528 tiles=12 kept=12
[15:58:55] PROFILE_INPLACE valid=39 prep=93 overview=613 enum=148 canedit=41 paint=10495 commit=449 tiles=10 kept=10
[15:58:55] PROFILE_INPLACE valid=46 prep=121 overview=550 enum=130 canedit=37 paint=9773 commit=412 tiles=10 kept=10
[15:58:55] PROFILE_INPLACE valid=73 prep=135 overview=563 enum=143 canedit=39 paint=11208 commit=413 tiles=12 kept=12
[15:58:55] PROFILE_INPLACE valid=43 prep=101 overview=259 enum=127 canedit=38 paint=4081 commit=290 tiles=6 kept=6
[15:58:55] TINYDRAW_GATE1_LONG_GESTURE path=reference samples=1600 chunks=26 append_total_us=672384 append_max_us=32605 append_avg_us=25860 refresh_fallback_pixels=0 committed=1 authority=1 refresh=1 run_ok=1
[15:58:55] TINYDRAW_GATE1_LONG_GESTURE path=in_place samples=1600 chunks=26 append_total_us=325141 append_max_us=14934 append_avg_us=12505 refresh_fallback_pixels=0 committed=1 authority=1 refresh=1 run_ok=1
[15:58:55] TINYDRAW_GATE1_CACHE_FILL zoom=50 x=63 y=63 published=56 total_us=112373 within_cold_gate=1 complete=1
[15:58:55] TINYDRAW_GATE1_CACHE_FILL zoom=100 x=63 y=63 published=56 total_us=125975 within_cold_gate=1 complete=1
[15:58:55] TINYDRAW_GATE1_CACHE_FILL zoom=200 x=63 y=63 published=56 total_us=186974 within_cold_gate=1 complete=1
[15:58:56] TINYDRAW_GATE1_CACHE_FILL zoom=400 x=63 y=63 published=56 total_us=302975 within_cold_gate=1 complete=1
[15:58:56] TINYDRAW_GATE1_CACHE_REVISIT zoom=50 remaining=0 tile_pixels=1 fallback_pixels=0 compose_us=20774 complete_us=20093 hit=1
[15:58:56] TINYDRAW_GATE1_CACHE_REVISIT zoom=100 remaining=0 tile_pixels=4225 fallback_pixels=0 compose_us=21081 complete_us=19659 hit=1
[15:58:56] TINYDRAW_GATE1_CACHE_REVISIT zoom=200 remaining=0 tile_pixels=12545 fallback_pixels=0 compose_us=21489 complete_us=20167 hit=1
[15:58:56] TINYDRAW_GATE1_CACHE_REVISIT zoom=400 remaining=0 tile_pixels=37505 fallback_pixels=0 compose_us=22741 complete_us=19703 hit=1
[15:58:56] TINYDRAW_GATE1_CACHE_FILL zoom=400 x=575 y=575 published=56 total_us=85973 within_cold_gate=1 complete=1
[15:58:56] TINYDRAW_GATE1_CACHE_ROUND_TRIP zoom=50 from_x=63 from_y=63 via_x=575 via_y=575 remaining=0 tile_pixels=1 fallback_pixels=0 compose_us=20975 complete_us=19701 hit=1
[15:58:56] TINYDRAW_GATE1_CACHE_ROUND_TRIP zoom=100 from_x=63 from_y=63 via_x=575 via_y=575 remaining=0 tile_pixels=4225 fallback_pixels=0 compose_us=21096 complete_us=19233 hit=1
[15:58:56] TINYDRAW_GATE1_CACHE_ROUND_TRIP zoom=200 from_x=63 from_y=63 via_x=575 via_y=575 remaining=0 tile_pixels=12545 fallback_pixels=0 compose_us=21442 complete_us=19756 hit=1
[15:58:56] TINYDRAW_GATE1_CACHE_ROUND_TRIP zoom=400 from_x=63 from_y=63 via_x=575 via_y=575 remaining=0 tile_pixels=37505 fallback_pixels=0 compose_us=22782 complete_us=19309 hit=1
[15:58:56] TINYDRAW_GATE1_CACHE_RETENTION pass=1 slots=320 revision=2194
[15:58:56] TINYDRAW_PAPER_SWEEP zoom=100 identities=644 raw=4 uniform=640 fallback=0 slots=320 total_us=76538 pass=1
[15:58:56] TINYDRAW_EXPORT_RESERVE requested=1572864 free_before=3042440 largest_before=3014656 free_held=1469572 largest_held=1441792 pass=1
[15:58:56] TINYDRAW_GATE1_AUTOMATED_DONE stress=1 stress_100=1 stress_400=1 overlap_ready=1 overlap_cold=1 adversarial_ready=1 adversarial_cold=1 workload=1 paced_cold=1 hard_100=1 hard_400=1 pan_100=1 pan_400=1 draw_fill=1 long_gesture=1 cache=1 full_world_cache=1 export_reserve=1 return=1 ssaa_receipt=yellow
[15:58:56] TINYDRAW_VECTOR_V2_GATE_HARNESS_DONE pass=1
[15:58:56] TINYDRAW_VECTOR_V2_READY zoom=25 controls=chrome button=cycle_all_zooms operations_capacity=4000 samples_capacity=80000 live_storage_bytes=5301792 overview_bytes=1318912 raw_tile_bytes=2621440 tile_metadata_bytes=68856 operation_bytes=720000 live_scratch_bytes=572584 free_psram=3042440 largest_psram=3014656 te_edges=673 te_period_us=16820 te_high_us=579 te_level=0 main_stack_free=2104
