[13:53:36] I (103) esp_image: segment 0: paddr=00010020 vaddr=3c040020 sizeESP-ROM:esp32s3-20210327
[13:53:36] Build:Mar 27 2021
[13:53:36] rst:0x15 (USB_UART_CHIP_RESET),boot:0x2b (SPI_FAST_FLASH_BOOT)
[13:53:36] Saved PC:0x420083b3
[13:53:36] SPIWP:0xee
[13:53:36] mode:DIO, clock div:1
[13:53:36] load:0x3fce2820,len:0x1664
[13:53:36] load:0x403c8700,len:0xf38
[13:53:36] load:0x403cb700,len:0x31e8
[13:53:36] entry 0x403c8930
[13:53:36] I (24) boot: ESP-IDF v6.0.2 2nd stage bootloader
[13:53:36] I (24) boot: compile time Aug 14 2026 13:53:22
[13:53:36] I (25) boot: Multicore bootloader
[13:53:36] I (25) boot: chip revision: v0.2
[13:53:36] I (28) boot: efuse block revision: v1.3
[13:53:36] I (31) qio_mode: Enabling default flash chip QIO
[13:53:36] I (36) boot.esp32s3: Boot SPI Speed : 80MHz
[13:53:36] I (39) boot.esp32s3: SPI Mode       : QIO
[13:53:36] I (43) boot.esp32s3: SPI Flash Size : 16MB
[13:53:36] I (47) boot: Enabling RNG early entropy source...
[13:53:36] I (51) boot: Partition Table:
[13:53:36] I (54) boot: ## Label            Usage          Type ST Offset   Length
[13:53:36] I (60) boot:  0 nvs              WiFi data        01 02 00009000 00006000
[13:53:36] I (67) boot:  1 phy_init         RF data          01 01 0000f000 00001000
[13:53:36] I (73) boot:  2 factory          factory app      00 00 00010000 00100000
[13:53:36] I (80) boot:  3 drawing          Unknown data     01 40 00110000 00300000
[13:53:36] I (86) boot:  4 export           Unknown data     01 41 00410000 00500000
[13:53:36] I (93) boot:  5 coredump         Unknown data     01 03 00910000 00010000
[13:53:36] I (100) boot: End of partition table
[13:53:36] I (103) esp_image: segment 0: paddr=00010020 vaddr=3c040020 size=0f864h ( 63588) map
[13:53:36] I (120) esp_image: segment 1: paddr=0001f88c vaddr=3fc93e00 size=0078ch (  1932) load
[13:53:36] I (121) esp_image: segment 2: paddr=00020020 vaddr=42000020 size=3075ch (198492) map
[13:53:36] I (156) esp_image: segment 3: paddr=00050784 vaddr=3fc9458c size=02e98h ( 11928) load
[13:53:36] I (159) esp_image: segment 4: paddr=00053624 vaddr=40374000 size=0fd1ch ( 64796) load
[13:53:36] I (173) esp_image: segment 5: paddr=00063348 vaddr=50000000 size=00024h (    36) load
[13:53:36] I (180) boot: Loaded app from partition at offset 0x10000
[13:53:36] I (180) boot: Disabling RNG early entropy source...
[13:53:36] I (191) octal_psram: vendor id    : 0x0d (AP)
[13:53:36] I (191) octal_psram: dev id       : 0x02 (generation 3)
[13:53:36] I (191) octal_psram: density      : 0x03 (64 Mbit)
[13:53:36] I (193) octal_psram: good-die     : 0x01 (Pass)
[13:53:36] I (197) octal_psram: Latency      : 0x01 (Fixed)
[13:53:36] I (201) octal_psram: VCC          : 0x01 (3V)
[13:53:36] I (206) octal_psram: SRF          : 0x01 (Fast Refresh)
[13:53:36] I (211) octal_psram: BurstType    : 0x01 (Hybrid Wrap)
[13:53:36] I (215) octal_psram: BurstLen     : 0x01 (32 Byte)
[13:53:36] I (220) octal_psram: Readlatency  : 0x02 (10 cycles@Fixed)
[13:53:36] I (225) octal_psram: DriveStrength: 0x00 (1/1)
[13:53:36] I (229) MSPI Timing: Enter psram timing tuning
[13:53:36] I (234) esp_psram: Found 8MB PSRAM device
[13:53:36] I (237) esp_psram: Speed: 80MHz
[13:53:36] I (240) cpu_start: Multicore app
[13:53:36] I (656) esp_psram: SPI SRAM memory test OK
[13:53:36] I (664) cpu_start: GPIO 44 and 43 are used as console UART I/O pins
[13:53:36] I (665) cpu_start: Pro cpu start user code
[13:53:36] I (665) cpu_start: cpu freq: 240000000 Hz
[13:53:36] I (667) app_init: Application information:
[13:53:36] I (670) app_init: Project name:     tinydraw_esp32
[13:53:36] I (675) app_init: App version:      26a05f5
[13:53:36] I (679) app_init: Compile time:     Aug 14 2026 13:53:16
[13:53:36] I (684) app_init: ELF file SHA256:  73355c8d3...
[13:53:36] I (688) app_init: ESP-IDF:          v6.0.2
[13:53:36] I (692) efuse_init: Min chip rev:     v0.0
[13:53:36] I (696) efuse_init: Max chip rev:     v0.99 
[13:53:36] I (700) efuse_init: Chip rev:         v0.2
[13:53:36] I (704) heap_init: Initializing. RAM available for dynamic allocation:
[13:53:36] I (710) heap_init: At 3FC97EF0 len 00051820 (326 KiB): RAM
[13:53:36] I (715) heap_init: At 3FCE9710 len 00005724 (21 KiB): RAM
[13:53:36] I (720) heap_init: At 3FCF0000 len 00008000 (32 KiB): DRAM
[13:53:36] I (725) heap_init: At 600FE000 len 00001FE8 (7 KiB): RTCRAM
[13:53:36] I (731) esp_psram: Adding pool of 8192K of PSRAM memory to heap allocator
[13:53:36] I (738) spi_flash: detected chip: generic
[13:53:36] I (741) spi_flash: flash io: qio
[13:53:36] I (744) sleep_gpio: Configure to isolate all GPIO pins in sleep state
[13:53:36] I (750) sleep_gpio: Enable automatic switching of GPIO sleep configuration
[13:53:36] I (757) main_task: Started on CPU0
[13:53:36] I (760) main_task: Calling app_main()
[13:53:36] TINYDRAW_PANEL_HARD_RESET=1
[13:53:36] I (957) co5300: version: 2.1.0
[13:53:36] I (958) co5300_spi: LCD panel create success, version: 2.1.0
[13:53:37] W (1038) co5300_spi: The 3Ah command has been used and will be overwritten by external initialization sequence
[13:53:37] I (1139) CST816S: IC id: 183
[13:53:37] TINYDRAW_LIVE_PRESENT kind=startup zoom=25 x=0 y=0 compose_us=35074 scroll_us=0 exposed_compose_us=0 chrome_us=0 read_submit_us=0 read_complete_us=0 transfer_wait_us=19752 tile_pixels=0 uniform_pixels=0 overview_pixels=164864 fallback_pixels=0 resident_tiles=0 fallback_tiles=0 pushes=21 tear_wait_us=10134 tear_sync=1 frame_reused=0 pass=1
[13:53:39] TINYDRAW_LIVE_STRESS operations=1000 samples=20000 total_us=2479795 average_us=2479 maximum_us=2591 free_psram=3042440 largest_psram=3014656
[13:53:39] TINYDRAW_LIVE_PRESENT kind=gate_fallback zoom=100 x=0 y=0 compose_us=23144 scroll_us=0 exposed_compose_us=0 chrome_us=0 read_submit_us=33869 read_complete_us=34675 transfer_wait_us=19954 tile_pixels=0 uniform_pixels=0 overview_pixels=0 fallback_pixels=164864 resident_tiles=0 fallback_tiles=42 pushes=21 tear_wait_us=9850 tear_sync=1 frame_reused=0 pass=1
[13:53:40] TINYDRAW_GATE1_HARD zoom=100 cold=1 operations=1000 samples=20000 steps=192 tiles=42 scanned=12000 rendered=1659 max_supertask_us=8821 presentation_us=63503 total_us=258746 pass=1
[13:53:40] TINYDRAW_LIVE_PRESENT kind=gate_fallback zoom=400 x=0 y=0 compose_us=22627 scroll_us=0 exposed_compose_us=0 chrome_us=0 read_submit_us=30765 read_complete_us=31561 transfer_wait_us=19868 tile_pixels=0 uniform_pixels=0 overview_pixels=0 fallback_pixels=164864 resident_tiles=0 fallback_tiles=42 pushes=21 tear_wait_us=7258 tear_sync=1 frame_reused=0 pass=1
[13:53:40] TINYDRAW_GATE1_HARD zoom=400 cold=1 operations=1000 samples=20000 steps=196 tiles=42 scanned=12000 rendered=120 max_supertask_us=8070 presentation_us=60587 total_us=190175 pass=1
[13:53:40] TINYDRAW_OVERLAP_WORKLOAD operations=8 samples=1200 radius_world=80
[13:53:41] TINYDRAW_GATE1_PACED_COLD corpus=overlap zoom=50 x=215 y=255 steps=535 tiles=56 compute_us=424110 present_us=76153 touch_us=1828 pacing_us=39257 wall_us=541348 max_tick_us=8959 touch_samples=4233 touch_interval_max_us=1991 touch_read_max_us=557 touch_event_age_max_us=0 touch_errors=0 touch_overflows=0 pass=1
[13:53:41] TINYDRAW_GATE1_PACED_COLD corpus=overlap zoom=100 x=583 y=703 steps=448 tiles=48 compute_us=300255 present_us=74672 touch_us=1376 pacing_us=29651 wall_us=405954 max_tick_us=9123 touch_samples=469 touch_interval_max_us=1784 touch_read_max_us=499 touch_event_age_max_us=0 touch_errors=0 touch_overflows=0 pass=1
[13:53:42] TINYDRAW_GATE1_PACED_COLD corpus=overlap zoom=200 x=1319 y=1599 steps=503 tiles=56 compute_us=306121 present_us=74269 touch_us=1489 pacing_us=35088 wall_us=416967 max_tick_us=9010 touch_samples=482 touch_interval_max_us=1143 touch_read_max_us=418 touch_event_age_max_us=0 touch_errors=0 touch_overflows=0 pass=1
[13:53:42] TINYDRAW_GATE1_PACED_COLD corpus=overlap zoom=400 x=2791 y=3391 steps=555 tiles=56 compute_us=300221 present_us=72168 touch_us=1581 pacing_us=42996 wall_us=416966 max_tick_us=8262 touch_samples=487 touch_interval_max_us=1129 touch_read_max_us=437 touch_event_age_max_us=0 touch_errors=0 touch_overflows=0 pass=1
[13:53:43] TINYDRAW_ADVERSARIAL_TAPERED_WORKLOAD operations=128 samples=4096 erasers=12 load_us=462954 appended=1
[13:53:43] TINYDRAW_GATE1_PACED_COLD corpus=adversarial_tapered_4x zoom=50 x=0 y=0 steps=104 tiles=42 compute_us=101618 present_us=53985 touch_us=462 pacing_us=8905 wall_us=164970 max_tick_us=6946 touch_samples=740 touch_interval_max_us=1130 touch_read_max_us=403 touch_event_age_max_us=0 touch_errors=0 touch_overflows=0 pass=1
[13:53:43] TINYDRAW_GATE1_PACED_COLD corpus=adversarial_tapered_4x zoom=100 x=0 y=0 steps=348 tiles=42 compute_us=163007 present_us=51864 touch_us=1057 pacing_us=27029 wall_us=242957 max_tick_us=7365 touch_samples=314 touch_interval_max_us=1109 touch_read_max_us=397 touch_event_age_max_us=0 touch_errors=0 touch_overflows=0 pass=1
[13:53:44] TINYDRAW_GATE1_PACED_COLD corpus=adversarial_tapered_4x zoom=200 x=0 y=0 steps=1214 tiles=42 compute_us=456437 present_us=58003 touch_us=3327 pacing_us=84201 wall_us=601968 max_tick_us=7731 touch_samples=678 touch_interval_max_us=1162 touch_read_max_us=434 touch_event_age_max_us=0 touch_errors=0 touch_overflows=0 pass=1
[13:53:46] TINYDRAW_GATE1_PACED_COLD corpus=adversarial_tapered_4x zoom=400 x=0 y=0 steps=4018 tiles=42 compute_us=1111017 present_us=60666 touch_us=9992 pacing_us=270229 wall_us=1451904 max_tick_us=7750 touch_samples=1523 touch_interval_max_us=1159 touch_read_max_us=433 touch_event_age_max_us=0 touch_errors=0 touch_overflows=0 pass=1
[13:53:48] TINYDRAW_GATE1_WORKLOAD kind=realistic seed=7 operations=1000 samples=19844 maximum_stroke=198 load_us=2426478 raw_source=1 lod_copies=0
[13:53:48] TINYDRAW_GATE1_PACED_COLD corpus=seed7 zoom=400 x=63 y=63 steps=281 tiles=56 compute_us=244455 present_us=77943 touch_us=804 pacing_us=19768 wall_us=342970 max_tick_us=9785 touch_samples=2960 touch_interval_max_us=1147 touch_read_max_us=434 touch_event_age_max_us=0 touch_errors=0 touch_overflows=0 pass=1
[13:53:48] TINYDRAW_LIVE_PRESENT kind=gate_fallback zoom=100 x=0 y=0 compose_us=23361 scroll_us=0 exposed_compose_us=0 chrome_us=0 read_submit_us=24781 read_complete_us=25573 transfer_wait_us=19406 tile_pixels=0 uniform_pixels=0 overview_pixels=0 fallback_pixels=164864 resident_tiles=0 fallback_tiles=42 pushes=21 tear_wait_us=553 tear_sync=1 frame_reused=0 pass=1
[13:53:49] TINYDRAW_GATE1_HARD zoom=100 cold=1 operations=1000 samples=19844 steps=275 tiles=42 scanned=12000 rendered=5232 max_supertask_us=9033 presentation_us=63716 total_us=363247 pass=1
[13:53:49] TINYDRAW_GATE1_PAN zoom=100 from_x=0 from_y=0 to_x=88 to_y=88 compose_us=27143 scroll_us=11387 exposed_compose_us=15756 chrome_us=0 event_submit_us=30307 event_complete_us=31109 transfer_us=19653 setup=1 present=1 moved=1 frame_reused=1 pass=1
[13:53:49] TINYDRAW_LIVE_PRESENT kind=gate_fallback zoom=400 x=0 y=0 compose_us=22674 scroll_us=0 exposed_compose_us=0 chrome_us=0 read_submit_us=37137 read_complete_us=37931 transfer_wait_us=19311 tile_pixels=0 uniform_pixels=0 overview_pixels=0 fallback_pixels=164864 resident_tiles=0 fallback_tiles=42 pushes=21 tear_wait_us=13607 tear_sync=1 frame_reused=0 pass=1
[13:53:50] TINYDRAW_GATE1_HARD zoom=400 cold=1 operations=1000 samples=19844 steps=211 tiles=42 scanned=12000 rendered=591 max_supertask_us=9778 presentation_us=61644 total_us=239982 pass=1
[13:53:50] TINYDRAW_GATE1_PAN zoom=400 from_x=0 from_y=0 to_x=88 to_y=88 compose_us=27129 scroll_us=11407 exposed_compose_us=15722 chrome_us=0 event_submit_us=31109 event_complete_us=31908 transfer_us=19855 setup=1 present=1 moved=1 frame_reused=1 pass=1
[13:53:50] TINYDRAW_GATE1_DRAW_FILL zoom=400 revision=2140 append_us=2928 poll_gap_us=82 event_submit_us=2318 event_complete_us=2484 max_compute_slice_us=3916 max_display_slice_us=9786 fill_us=236407 revision_restarted=1 pass=1
[13:53:51] TINYDRAW_GATE1_CACHE_FILL zoom=50 x=63 y=63 published=56 total_us=559969 within_cold_gate=0 complete=1
[13:53:52] TINYDRAW_GATE1_CACHE_FILL zoom=100 x=63 y=63 published=56 total_us=488968 within_cold_gate=1 complete=1
[13:53:52] TINYDRAW_GATE1_CACHE_FILL zoom=200 x=63 y=63 published=56 total_us=382967 within_cold_gate=1 complete=1
[13:53:52] TINYDRAW_GATE1_CACHE_FILL zoom=400 x=63 y=63 published=56 total_us=341967 within_cold_gate=1 complete=1
[13:53:53] TINYDRAW_GATE1_CACHE_REVISIT zoom=50 remaining=0 tile_pixels=118128 fallback_pixels=0 compose_us=25987 complete_us=19362 hit=1
[13:53:53] TINYDRAW_GATE1_CACHE_REVISIT zoom=100 remaining=0 tile_pixels=164864 fallback_pixels=0 compose_us=28247 complete_us=19802 hit=1
[13:53:53] TINYDRAW_GATE1_CACHE_REVISIT zoom=200 remaining=0 tile_pixels=164864 fallback_pixels=0 compose_us=29030 complete_us=19606 hit=1
[13:53:53] TINYDRAW_GATE1_CACHE_REVISIT zoom=400 remaining=0 tile_pixels=164607 fallback_pixels=0 compose_us=29732 complete_us=19306 hit=1
[13:53:53] TINYDRAW_GATE1_CACHE_FILL zoom=400 x=575 y=575 published=56 total_us=370969 within_cold_gate=1 complete=1
[13:53:53] TINYDRAW_GATE1_CACHE_ROUND_TRIP zoom=50 from_x=63 from_y=63 via_x=575 via_y=575 remaining=0 tile_pixels=118128 fallback_pixels=0 compose_us=25978 complete_us=20179 hit=1
[13:53:53] TINYDRAW_GATE1_CACHE_ROUND_TRIP zoom=100 from_x=63 from_y=63 via_x=575 via_y=575 remaining=0 tile_pixels=164864 fallback_pixels=0 compose_us=28268 complete_us=19837 hit=1
[13:53:53] TINYDRAW_GATE1_CACHE_ROUND_TRIP zoom=200 from_x=63 from_y=63 via_x=575 via_y=575 remaining=0 tile_pixels=164864 fallback_pixels=0 compose_us=28943 complete_us=19557 hit=1
[13:53:53] TINYDRAW_GATE1_CACHE_ROUND_TRIP zoom=400 from_x=63 from_y=63 via_x=575 via_y=575 remaining=0 tile_pixels=164607 fallback_pixels=0 compose_us=29672 complete_us=20205 hit=1
[13:53:53] TINYDRAW_GATE1_CACHE_RETENTION pass=1 slots=320 revision=2140
[13:53:55] TINYDRAW_PAPER_SWEEP zoom=100 identities=644 raw=266 uniform=378 fallback=0 slots=320 total_us=1419539 pass=1
[13:53:55] TINYDRAW_EXPORT_RESERVE requested=1572864 free_before=3042440 largest_before=3014656 free_held=1469572 largest_held=1441792 pass=1
[13:53:55] TINYDRAW_GATE1_AUTOMATED_DONE stress=1 stress_100=1 stress_400=1 overlap_ready=1 overlap_cold=1 adversarial_ready=1 adversarial_cold=1 workload=1 paced_cold=1 hard_100=1 hard_400=1 pan_100=1 pan_400=1 draw_fill=1 cache=1 full_world_cache=1 export_reserve=1 return=1 ssaa_receipt=yellow
[13:53:55] TINYDRAW_VECTOR_V2_GATE_HARNESS_DONE pass=1
[13:53:55] TINYDRAW_VECTOR_V2_READY zoom=25 controls=chrome button=cycle_all_zooms operations_capacity=4000 samples_capacity=80000 live_storage_bytes=5300672 overview_bytes=1318912 raw_tile_bytes=2621440 tile_metadata_bytes=68856 operation_bytes=720000 live_scratch_bytes=571464 free_psram=3042440 largest_psram=3014656 te_edges=1085 te_period_us=16837 te_high_us=579 te_level=0 main_stack_free=2472
