[17:01:24] ESP-ROM:esp32s3-20210327
[17:01:24] Build:Mar 27 2021
[17:01:24] rst:0x15 (USB_UART_CHIP_RESET),boot:0x2b (SPI_FAST_FLASH_BOOT)
[17:01:24] Saved PC:0x40378b7a
[17:01:24] SPIWP:0xee
[17:01:24] mode:DIO, clock div:1
[17:01:24] load:0x3fce2820,len:0x1664
[17:01:24] load:0x403c8700,len:0xf38
[17:01:24] load:0x403cb700,len:0x31e8
[17:01:24] entry 0x403c8930
[17:01:24] I (24) boot: ESP-IDF v6.0.2 2nd stage bootloader
[17:01:24] I (24) boot: compile time Aug 13 2026 16:58:24
[17:01:24] I (25) boot: Multicore bootloader
[17:01:24] I (25) boot: chip revision: v0.2
[17:01:24] I (28) boot: efuse block revision: v1.3
[17:01:24] I (31) qio_mode: Enabling default flash chip QIO
[17:01:24] I (36) boot.esp32s3: Boot SPI Speed : 80MHz
[17:01:24] I (39) boot.esp32s3: SPI Mode       : QIO
[17:01:24] I (43) boot.esp32s3: SPI Flash Size : 16MB
[17:01:24] I (47) boot: Enabling RNG early entropy source...
[17:01:24] I (51) boot: Partition Table:
[17:01:24] I (54) boot: ## Label            Usage          Type ST Offset   Length
[17:01:24] I (60) boot:  0 nvs              WiFi data        01 02 00009000 00006000
[17:01:24] I (67) boot:  1 phy_init         RF data          01 01 0000f000 00001000
[17:01:24] I (73) boot:  2 factory          factory app      00 00 00010000 00100000
[17:01:24] I (80) boot:  3 drawing          Unknown data     01 40 00110000 00300000
[17:01:24] I (86) boot:  4 export           Unknown data     01 41 00410000 00500000
[17:01:24] I (93) boot:  5 coredump         Unknown data     01 03 00910000 00010000
[17:01:24] I (100) boot: End of partition table
[17:01:24] I (103) esp_image: segment 0: paddr=00010020 vaddr=3c010020 size=08cc8h ( 36040) map
[17:01:24] I (116) esp_image: segment 1: paddr=00018cf0 vaddr=3fc90800 size=03448h ( 13384) load
[17:01:24] I (120) esp_image: segment 2: paddr=0001c140 vaddr=40374000 size=03ed8h ( 16088) load
[17:01:24] I (129) esp_image: segment 3: paddr=00020020 vaddr=42000020 size=0f9ach ( 63916) map
[17:01:24] I (143) esp_image: segment 4: paddr=0002f9d4 vaddr=40377ed8 size=08838h ( 34872) load
[17:01:24] I (150) esp_image: segment 5: paddr=00038214 vaddr=50000000 size=00024h (    36) load
[17:01:24] I (156) boot: Loaded app from partition at offset 0x10000
[17:01:24] I (156) boot: Disabling RNG early entropy source...
[17:01:24] I (169) octal_psram: vendor id    : 0x0d (AP)
[17:01:24] I (169) octal_psram: dev id       : 0x02 (generation 3)
[17:01:24] I (170) octal_psram: density      : 0x03 (64 Mbit)
[17:01:24] I (172) octal_psram: good-die     : 0x01 (Pass)
[17:01:24] I (176) octal_psram: Latency      : 0x01 (Fixed)
[17:01:24] I (180) octal_psram: VCC          : 0x01 (3V)
[17:01:24] I (184) octal_psram: SRF          : 0x01 (Fast Refresh)
[17:01:24] I (189) octal_psram: BurstType    : 0x01 (Hybrid Wrap)
[17:01:24] I (194) octal_psram: BurstLen     : 0x01 (32 Byte)
[17:01:24] I (199) octal_psram: Readlatency  : 0x02 (10 cycles@Fixed)
[17:01:24] I (204) octal_psram: DriveStrength: 0x00 (1/1)
[17:01:24] I (208) MSPI Timing: Enter psram timing tuning
[17:01:24] I (213) esp_psram: Found 8MB PSRAM device
[17:01:24] I (216) esp_psram: Speed: 80MHz
[17:01:24] I (219) cpu_start: Multicore app
[17:01:24] I (635) esp_psram: SPI SRAM memory test OK
[17:01:24] I (643) cpu_start: GPIO 44 and 43 are used as console UART I/O pins
[17:01:24] I (644) cpu_start: Pro cpu start user code
[17:01:24] I (644) cpu_start: cpu freq: 240000000 Hz
[17:01:24] I (645) app_init: Application information:
[17:01:24] I (649) app_init: Project name:     tinydraw_esp32
[17:01:24] I (654) app_init: App version:      636b9c7
[17:01:24] I (658) app_init: Compile time:     Aug 13 2026 16:58:19
[17:01:24] I (663) app_init: ELF file SHA256:  b25909fe7...
[17:01:24] I (667) app_init: ESP-IDF:          v6.0.2
[17:01:24] I (671) efuse_init: Min chip rev:     v0.0
[17:01:24] I (675) efuse_init: Max chip rev:     v0.99 
[17:01:24] I (679) efuse_init: Chip rev:         v0.2
[17:01:24] I (682) heap_init: Initializing. RAM available for dynamic allocation:
[17:01:24] I (689) heap_init: At 3FC94650 len 000550C0 (340 KiB): RAM
[17:01:24] I (694) heap_init: At 3FCE9710 len 00005724 (21 KiB): RAM
[17:01:24] I (699) heap_init: At 3FCF0000 len 00008000 (32 KiB): DRAM
[17:01:24] I (704) heap_init: At 600FE000 len 00001FE8 (7 KiB): RTCRAM
[17:01:24] I (710) esp_psram: Adding pool of 8192K of PSRAM memory to heap allocator
[17:01:24] I (716) spi_flash: detected chip: generic
[17:01:24] I (720) spi_flash: flash io: qio
[17:01:24] I (723) sleep_gpio: Configure to isolate all GPIO pins in sleep state
[17:01:24] I (729) sleep_gpio: Enable automatic switching of GPIO sleep configuration
[17:01:24] I (736) main_task: Started on CPU0
[17:01:24] I (739) main_task: Calling app_main()
[17:01:24] TINYDRAW_PRODUCTION_MEMORY_ALLOCATION name=overview bytes=329728 ok=1
[17:01:24] TINYDRAW_PRODUCTION_MEMORY_ALLOCATION name=overview_publication bytes=329728 ok=1
[17:01:24] TINYDRAW_PRODUCTION_MEMORY_ALLOCATION name=tile_pool bytes=2621440 ok=1
[17:01:24] TINYDRAW_PRODUCTION_MEMORY_ALLOCATION name=tile_metadata bytes=12800 ok=1
[17:01:24] TINYDRAW_PRODUCTION_MEMORY_ALLOCATION name=operation_records bytes=80000 ok=1
[17:01:24] TINYDRAW_PRODUCTION_MEMORY_ALLOCATION name=operation_samples bytes=640000 ok=1
[17:01:24] TINYDRAW_PRODUCTION_MEMORY_ALLOCATION name=lod_samples bytes=540000 ok=1
[17:01:24] TINYDRAW_PRODUCTION_MEMORY_ALLOCATION name=lod_spans bytes=128000 ok=1
[17:01:24] TINYDRAW_PRODUCTION_MEMORY_ALLOCATION name=renderer_workspace bytes=163840 ok=1
[17:01:24] TINYDRAW_PRODUCTION_MEMORY_ALLOCATION name=display_workspace bytes=103040 ok=1
[17:01:24] TINYDRAW_PRODUCTION_MEMORY_RECEIPT plan_bytes=4948576 allocated_bytes=4948576 free_before=8386156 largest_before=8257536 free_after_plan=3404868 largest_after_plan=3342336 reserve_target=1572864 reserve_allocated=1 free_after_reserve=1832000 largest_after_reserve=1802240 plan_allocated=1
[17:01:24] TINYDRAW_PRODUCTION_MEMORY_DONE pass=1
[17:01:24] I (838) main_task: Returned from app_main()
