[17:53:37] I (103) esp_image: segment 0: paddr=00010020 vaddr=3c040020 sizeESP-ROM:esp32s3-20210327
[17:53:37] Build:Mar 27 2021
[17:53:37] rst:0x15 (USB_UART_CHIP_RESET),boot:0x2b (SPI_FAST_FLASH_BOOT)
[17:53:37] Saved PC:0x42008907
[17:53:37] SPIWP:0xee
[17:53:37] mode:DIO, clock div:1
[17:53:37] load:0x3fce2820,len:0x1664
[17:53:37] load:0x403c8700,len:0xf38
[17:53:37] load:0x403cb700,len:0x31e8
[17:53:37] entry 0x403c8930
[17:53:37] I (24) boot: ESP-IDF v6.0.2 2nd stage bootloader
[17:53:37] I (24) boot: compile time Aug 14 2026 17:53:22
[17:53:37] I (25) boot: Multicore bootloader
[17:53:37] I (25) boot: chip revision: v0.2
[17:53:37] I (28) boot: efuse block revision: v1.3
[17:53:37] I (31) qio_mode: Enabling default flash chip QIO
[17:53:37] I (36) boot.esp32s3: Boot SPI Speed : 80MHz
[17:53:37] I (39) boot.esp32s3: SPI Mode       : QIO
[17:53:37] I (43) boot.esp32s3: SPI Flash Size : 16MB
[17:53:37] I (47) boot: Enabling RNG early entropy source...
[17:53:37] I (51) boot: Partition Table:
[17:53:37] I (54) boot: ## Label            Usage          Type ST Offset   Length
[17:53:37] I (60) boot:  0 nvs              WiFi data        01 02 00009000 00006000
[17:53:37] I (67) boot:  1 phy_init         RF data          01 01 0000f000 00001000
[17:53:37] I (73) boot:  2 factory          factory app      00 00 00010000 00100000
[17:53:37] I (80) boot:  3 drawing          Unknown data     01 40 00110000 00300000
[17:53:37] I (86) boot:  4 export           Unknown data     01 41 00410000 00500000
[17:53:37] I (93) boot:  5 coredump         Unknown data     01 03 00910000 00010000
[17:53:37] I (100) boot: End of partition table
[17:53:37] I (103) esp_image: segment 0: paddr=00010020 vaddr=3c040020 size=133dch ( 78812) map
[17:53:37] I (123) esp_image: segment 1: paddr=00023404 vaddr=3fc94500 size=03764h ( 14180) load
[17:53:37] I (126) esp_image: segment 2: paddr=00026b70 vaddr=40374000 size=094a8h ( 38056) load
[17:53:37] I (134) esp_image: segment 3: paddr=00030020 vaddr=42000020 size=3c574h (247156) map
[17:53:37] I (173) esp_image: segment 4: paddr=0006c59c vaddr=4037d4a8 size=06fb4h ( 28596) load
[17:53:37] I (179) esp_image: segment 5: paddr=00073558 vaddr=50000000 size=00024h (    36) load
[17:53:37] I (186) boot: Loaded app from partition at offset 0x10000
[17:53:37] I (186) boot: Disabling RNG early entropy source...
[17:53:37] I (198) octal_psram: vendor id    : 0x0d (AP)
[17:53:37] I (198) octal_psram: dev id       : 0x02 (generation 3)
[17:53:37] I (198) octal_psram: density      : 0x03 (64 Mbit)
[17:53:37] I (200) octal_psram: good-die     : 0x01 (Pass)
[17:53:37] I (205) octal_psram: Latency      : 0x01 (Fixed)
[17:53:37] I (209) octal_psram: VCC          : 0x01 (3V)
[17:53:37] I (213) octal_psram: SRF          : 0x01 (Fast Refresh)
[17:53:37] I (218) octal_psram: BurstType    : 0x01 (Hybrid Wrap)
[17:53:37] I (223) octal_psram: BurstLen     : 0x01 (32 Byte)
[17:53:37] I (227) octal_psram: Readlatency  : 0x02 (10 cycles@Fixed)
[17:53:37] I (233) octal_psram: DriveStrength: 0x00 (1/1)
[17:53:37] I (237) MSPI Timing: Enter psram timing tuning
[17:53:37] I (242) esp_psram: Found 8MB PSRAM device
[17:53:37] I (245) esp_psram: Speed: 80MHz
[17:53:37] I (248) cpu_start: Multicore app
[17:53:37] I (664) esp_psram: SPI SRAM memory test OK
[17:53:37] I (672) cpu_start: GPIO 44 and 43 are used as console UART I/O pins
[17:53:37] I (672) cpu_start: Pro cpu start user code
[17:53:37] I (672) cpu_start: cpu freq: 240000000 Hz
[17:53:37] I (674) app_init: Application information:
[17:53:37] I (678) app_init: Project name:     tinydraw_esp32
[17:53:37] I (682) app_init: App version:      f20c201-dirty
[17:53:37] I (687) app_init: Compile time:     Aug 14 2026 17:53:17
[17:53:37] I (692) app_init: ELF file SHA256:  255ccc852...
[17:53:37] I (696) app_init: ESP-IDF:          v6.0.2
[17:53:37] I (700) efuse_init: Min chip rev:     v0.0
[17:53:37] I (704) efuse_init: Max chip rev:     v0.99 
[17:53:38] I (708) efuse_init: Chip rev:         v0.2
[17:53:38] I (712) heap_init: Initializing. RAM available for dynamic allocation:
[17:53:38] I (718) heap_init: At 3FC99090 len 00050680 (321 KiB): RAM
[17:53:38] I (723) heap_init: At 3FCE9710 len 00005724 (21 KiB): RAM
[17:53:38] I (728) heap_init: At 3FCF0000 len 00008000 (32 KiB): DRAM
[17:53:38] I (733) heap_init: At 600FE000 len 00001FE8 (7 KiB): RTCRAM
[17:53:38] I (739) esp_psram: Adding pool of 8192K of PSRAM memory to heap allocator
[17:53:38] I (746) spi_flash: detected chip: generic
[17:53:38] I (749) spi_flash: flash io: qio
[17:53:38] I (752) sleep_gpio: Configure to isolate all GPIO pins in sleep state
[17:53:38] I (758) sleep_gpio: Enable automatic switching of GPIO sleep configuration
[17:53:38] I (765) main_task: Started on CPU0
[17:53:38] I (768) main_task: Calling app_main()
[17:53:38] TINYDRAW_PANEL_HARD_RESET=1
[17:53:38] I (965) co5300: version: 2.1.0
[17:53:38] I (966) co5300_spi: LCD panel create success, version: 2.1.0
[17:53:38] W (1046) co5300_spi: The 3Ah command has been used and will be overwritten by external initialization sequence
[17:53:38] I (1147) CST816S: IC id: 183
[17:53:38] TINYDRAW_LIVE_PRESENT kind=startup zoom=25 x=0 y=0 compose_us=35229 scroll_us=0 exposed_compose_us=0 chrome_us=0 read_submit_us=0 read_complete_us=0 transfer_wait_us=19516 tile_pixels=0 uniform_pixels=0 overview_pixels=164864 fallback_pixels=0 resident_tiles=0 fallback_tiles=0 pushes=21 tear_wait_us=9793 tear_sync=1 frame_reused=0 pass=1
[17:53:38] TINYDRAW_LIVE_STRESS operations=1000 samples=20000 total_us=433947 average_us=433 maximum_us=887 free_psram=2515208 largest_psram=2490368
[17:53:39] TINYDRAW_LIVE_PRESENT kind=gate_fallback zoom=100 x=0 y=0 compose_us=24658 scroll_us=0 exposed_compose_us=0 chrome_us=0 read_submit_us=31036 read_complete_us=31836 transfer_wait_us=19911 tile_pixels=0 uniform_pixels=0 overview_pixels=0 fallback_pixels=164864 resident_tiles=0 fallback_tiles=42 pushes=21 tear_wait_us=5452 tear_sync=1 frame_reused=0 pass=1
[17:53:39] TINYDRAW_GATE1_HARD zoom=100 cold=1 operations=1000 samples=20000 steps=192 tiles=42 scanned=12000 rendered=1659 max_supertask_us=9303 presentation_us=63196 total_us=268163 pass=1
[17:53:39] TINYDRAW_LIVE_PRESENT kind=gate_fallback zoom=400 x=0 y=0 compose_us=24080 scroll_us=0 exposed_compose_us=0 chrome_us=0 read_submit_us=38480 read_complete_us=39280 transfer_wait_us=19697 tile_pixels=0 uniform_pixels=0 overview_pixels=0 fallback_pixels=164864 resident_tiles=0 fallback_tiles=42 pushes=21 tear_wait_us=13564 tear_sync=1 frame_reused=0 pass=1
[17:53:39] TINYDRAW_GATE1_HARD zoom=400 cold=1 operations=1000 samples=20000 steps=196 tiles=42 scanned=12000 rendered=120 max_supertask_us=8695 presentation_us=60543 total_us=199517 pass=1
[17:53:40] TINYDRAW_OVERLAP_WORKLOAD operations=8 samples=1200 radius_world=80
[17:53:40] TINYDRAW_GATE1_PACED_COLD corpus=overlap zoom=50 x=215 y=255 steps=334 tiles=56 compute_us=378683 present_us=77015 touch_us=585 pacing_us=8721 wall_us=465004 max_tick_us=10627 touch_samples=2160 touch_interval_max_us=1906 touch_read_max_us=618 touch_events=0 touch_down=0 touch_up=0 touch_events_ge_8ms=0 touch_event_age_max_us=0 touch_errors=0 touch_overflows=0 pass=1
[17:53:40] TINYDRAW_GATE1_PACED_COLD corpus=overlap zoom=100 x=583 y=703 steps=172 tiles=48 compute_us=233702 present_us=75475 touch_us=395 pacing_us=6399 wall_us=315971 max_tick_us=9601 touch_samples=390 touch_interval_max_us=1159 touch_read_max_us=439 touch_events=0 touch_down=0 touch_up=0 touch_events_ge_8ms=0 touch_event_age_max_us=0 touch_errors=0 touch_overflows=0 pass=1
[17:53:41] TINYDRAW_GATE1_PACED_COLD corpus=overlap zoom=200 x=1319 y=1599 steps=128 tiles=56 compute_us=234277 present_us=74081 touch_us=366 pacing_us=6249 wall_us=314973 max_tick_us=9666 touch_samples=386 touch_interval_max_us=1119 touch_read_max_us=416 touch_events=0 touch_down=0 touch_up=0 touch_events_ge_8ms=0 touch_event_age_max_us=0 touch_errors=0 touch_overflows=0 pass=1
[17:53:41] TINYDRAW_GATE1_PACED_COLD corpus=overlap zoom=400 x=2791 y=3391 steps=94 tiles=56 compute_us=219462 present_us=74012 touch_us=336 pacing_us=5163 wall_us=298973 max_tick_us=9859 touch_samples=371 touch_interval_max_us=1160 touch_read_max_us=447 touch_events=0 touch_down=0 touch_up=0 touch_events_ge_8ms=0 touch_event_age_max_us=0 touch_errors=0 touch_overflows=0 pass=1
[17:53:41] TINYDRAW_ADVERSARIAL_TAPERED_WORKLOAD operations=128 samples=4096 erasers=12 load_us=218378 appended=1
[17:53:42] TINYDRAW_GATE1_PACED_COLD corpus=adversarial_tapered_4x zoom=50 x=0 y=0 steps=104 tiles=42 compute_us=98807 present_us=55810 touch_us=250 pacing_us=6105 wall_us=160972 max_tick_us=6793 touch_samples=502 touch_interval_max_us=1137 touch_read_max_us=441 touch_events=0 touch_down=0 touch_up=0 touch_events_ge_8ms=0 touch_event_age_max_us=0 touch_errors=0 touch_overflows=0 pass=1
[17:53:42] TINYDRAW_GATE1_PACED_COLD corpus=adversarial_tapered_4x zoom=100 x=0 y=0 steps=348 tiles=42 compute_us=165005 present_us=55664 touch_us=401 pacing_us=6901 wall_us=227971 max_tick_us=7600 touch_samples=303 touch_interval_max_us=1142 touch_read_max_us=411 touch_events=0 touch_down=0 touch_up=0 touch_events_ge_8ms=0 touch_event_age_max_us=0 touch_errors=0 touch_overflows=0 pass=1
[17:53:43] TINYDRAW_GATE1_PACED_COLD corpus=adversarial_tapered_4x zoom=200 x=0 y=0 steps=1214 tiles=42 compute_us=461039 present_us=57858 touch_us=916 pacing_us=18159 wall_us=537972 max_tick_us=10226 touch_samples=613 touch_interval_max_us=1150 touch_read_max_us=413 touch_events=0 touch_down=0 touch_up=0 touch_events_ge_8ms=0 touch_event_age_max_us=0 touch_errors=0 touch_overflows=0 pass=1
[17:53:43] TINYDRAW_GATE1_PACED_COLD corpus=adversarial_tapered_4x zoom=400 x=0 y=0 steps=904 tiles=42 compute_us=567393 present_us=61926 touch_us=990 pacing_us=15036 wall_us=645345 max_tick_us=9521 touch_samples=729 touch_interval_max_us=1157 touch_read_max_us=439 touch_events=0 touch_down=0 touch_up=0 touch_events_ge_8ms=0 touch_event_age_max_us=0 touch_errors=0 touch_overflows=0 pass=1
[17:53:44] TINYDRAW_GATE1_WORKLOAD kind=realistic seed=7 operations=1000 samples=19844 maximum_stroke=198 load_us=360226 raw_source=1 lod_copies=0
[17:53:44] TINYDRAW_GATE1_PACED_COLD corpus=seed7 zoom=400 x=63 y=63 steps=281 tiles=56 compute_us=274794 present_us=78155 touch_us=393 pacing_us=8629 wall_us=361971 max_tick_us=12581 touch_samples=913 touch_interval_max_us=1163 touch_read_max_us=459 touch_events=0 touch_down=0 touch_up=0 touch_events_ge_8ms=0 touch_event_age_max_us=0 touch_errors=0 touch_overflows=0 pass=1
[17:53:44] TINYDRAW_LIVE_PRESENT kind=gate_fallback zoom=100 x=0 y=0 compose_us=24853 scroll_us=0 exposed_compose_us=0 chrome_us=0 read_submit_us=34048 read_complete_us=34848 transfer_wait_us=19752 tile_pixels=0 uniform_pixels=0 overview_pixels=0 fallback_pixels=164864 resident_tiles=0 fallback_tiles=42 pushes=21 tear_wait_us=8303 tear_sync=1 frame_reused=0 pass=1
[17:53:45] TINYDRAW_GATE1_HARD zoom=100 cold=1 operations=1000 samples=19844 steps=275 tiles=42 scanned=12000 rendered=5232 max_supertask_us=9512 presentation_us=62735 total_us=376823 pass=1
[17:53:45] TINYDRAW_GATE1_PAN zoom=100 from_x=0 from_y=0 to_x=88 to_y=88 compose_us=27239 scroll_us=11388 exposed_compose_us=15851 chrome_us=0 event_submit_us=30092 event_complete_us=30895 transfer_us=19864 setup=1 present=1 moved=1 frame_reused=1 pass=1
[17:53:45] TINYDRAW_LIVE_PRESENT kind=gate_fallback zoom=400 x=0 y=0 compose_us=24080 scroll_us=0 exposed_compose_us=0 chrome_us=0 read_submit_us=36928 read_complete_us=37729 transfer_wait_us=20528 tile_pixels=0 uniform_pixels=0 overview_pixels=0 fallback_pixels=164864 resident_tiles=0 fallback_tiles=42 pushes=21 tear_wait_us=12005 tear_sync=1 frame_reused=0 pass=1
[17:53:46] TINYDRAW_GATE1_HARD zoom=400 cold=1 operations=1000 samples=19844 steps=211 tiles=42 scanned=12000 rendered=591 max_supertask_us=11076 presentation_us=63202 total_us=262402 pass=1
[17:53:46] TINYDRAW_GATE1_PAN zoom=400 from_x=0 from_y=0 to_x=88 to_y=88 compose_us=27163 scroll_us=11403 exposed_compose_us=15760 chrome_us=0 event_submit_us=30836 event_complete_us=31639 transfer_us=20120 setup=1 present=1 moved=1 frame_reused=1 pass=1
[17:53:46] TINYDRAW_GATE1_DRAW_FILL zoom=400 revision=2140 append_us=1175 poll_gap_us=87 event_submit_us=2327 event_complete_us=2504 max_compute_slice_us=4954 max_display_slice_us=10992 fill_us=255292 revision_restarted=1 pass=1
[17:53:47] TINYDRAW_GATE1_LONG_GESTURE path=reference samples=1600 chunks=26 append_total_us=695211 append_max_us=33492 append_avg_us=26738 refresh_fallback_pixels=0 committed=1 authority=1 refresh=1 run_ok=1
[17:53:47] TINYDRAW_GATE1_LONG_GESTURE path=in_place samples=1600 chunks=35 append_total_us=332078 append_max_us=11471 append_avg_us=9487 refresh_fallback_pixels=0 committed=1 authority=1 refresh=1 run_ok=1
[17:53:48] TINYDRAW_GATE1_CACHE_FILL zoom=50 x=63 y=63 published=56 total_us=119129 within_cold_gate=1 complete=1
[17:53:48] TINYDRAW_GATE1_CACHE_FILL zoom=100 x=63 y=63 published=56 total_us=133969 within_cold_gate=1 complete=1
[17:53:48] TINYDRAW_GATE1_CACHE_FILL zoom=200 x=63 y=63 published=56 total_us=197967 within_cold_gate=1 complete=1
[17:53:48] TINYDRAW_GATE1_CACHE_FILL zoom=400 x=63 y=63 published=56 total_us=315970 within_cold_gate=1 complete=1
[17:53:48] TINYDRAW_GATE1_CACHE_REVISIT zoom=50 remaining=0 tile_pixels=1 fallback_pixels=0 compose_us=21556 complete_us=19678 hit=1
[17:53:49] TINYDRAW_GATE1_CACHE_REVISIT zoom=100 remaining=0 tile_pixels=4225 fallback_pixels=0 compose_us=21877 complete_us=20131 hit=1
[17:53:49] TINYDRAW_GATE1_CACHE_REVISIT zoom=200 remaining=0 tile_pixels=12545 fallback_pixels=0 compose_us=22324 complete_us=19668 hit=1
[17:53:49] TINYDRAW_GATE1_CACHE_REVISIT zoom=400 remaining=0 tile_pixels=37505 fallback_pixels=0 compose_us=23508 complete_us=20129 hit=1
[17:53:49] TINYDRAW_GATE1_CACHE_FILL zoom=400 x=575 y=575 published=56 total_us=90967 within_cold_gate=1 complete=1
[17:53:49] TINYDRAW_GATE1_CACHE_ROUND_TRIP zoom=50 from_x=63 from_y=63 via_x=575 via_y=575 remaining=0 tile_pixels=1 fallback_pixels=0 compose_us=21789 complete_us=20157 hit=1
[17:53:49] TINYDRAW_GATE1_CACHE_ROUND_TRIP zoom=100 from_x=63 from_y=63 via_x=575 via_y=575 remaining=0 tile_pixels=4225 fallback_pixels=0 compose_us=21883 complete_us=19704 hit=1
[17:53:49] TINYDRAW_GATE1_CACHE_ROUND_TRIP zoom=200 from_x=63 from_y=63 via_x=575 via_y=575 remaining=0 tile_pixels=12545 fallback_pixels=0 compose_us=22282 complete_us=20197 hit=1
[17:53:49] TINYDRAW_GATE1_CACHE_ROUND_TRIP zoom=400 from_x=63 from_y=63 via_x=575 via_y=575 remaining=0 tile_pixels=37505 fallback_pixels=0 compose_us=23569 complete_us=19643 hit=1
[17:53:49] TINYDRAW_GATE1_CACHE_RETENTION pass=1 slots=384 revision=2203
[17:53:49] TINYDRAW_PAPER_SWEEP zoom=100 identities=644 raw=4 uniform=640 fallback=0 slots=384 total_us=84430 pass=1
[17:53:49] TINYDRAW_V2_EXPORT_PROGRESS row=0 of=1792
[17:53:50] TINYDRAW_V2_EXPORT_PROGRESS row=256 of=1792
[17:53:51] TINYDRAW_V2_EXPORT_PROGRESS row=512 of=1792
[17:53:52] TINYDRAW_V2_EXPORT_PROGRESS row=768 of=1792
[17:53:53] TINYDRAW_V2_EXPORT_PROGRESS row=1024 of=1792
[17:53:53] TINYDRAW_V2_EXPORT_PROGRESS row=1280 of=1792
[17:53:54] E (17379) task_wdt: Task watchdog got triggered. The following tasks/users did not reset the watchdog in time:
[17:53:54] E (17379) task_wdt:  - IDLE0 (CPU 0)
[17:53:54] E (17379) task_wdt: Tasks currently running:
[17:53:54] E (17379) task_wdt: CPU 0: main
[17:53:54] E (17379) task_wdt: CPU 1: IDLE1
[17:53:54] E (17379) task_wdt: Print CPU 0 (current core) backtrace
[17:53:54] 
[17:53:54] 
[17:53:54] Backtrace: 0x4202E921:0x3FC95A10 0x403787AD:0x3FC95A50 0x42034353:0x3FC9B9A0 0x42018EBD:0x3FC9B9C0 0x420193CC:0x3FC9B9F0 0x4201A4FD:0x3FC9BA30 0x42018B6F:0x3FC9BA60 0x42018DFE:0x3FC9BAA0 0x42015A35:0x3FC9BAC0 0x42011679:0x3FC9BB20 0x42011895:0x3FC9BBD0 0x4200FAF0:0x3FC9BC00 0x42014415:0x3FC9BC70 0x4200C6AD:0x3FC9C070 0x4200F9FF:0x3FC9D300 0x42007CEE:0x3FC9D320
[17:53:54] 
[17:53:54] TINYDRAW_V2_EXPORT_PROGRESS row=1536 of=1792
[17:53:55] TINYDRAW_GATE1_EXPORT encoded=1 bytes=40045 elapsed_us=5813388 workspace_bytes=50652 band_bytes=376832 free_psram=2515208 free_internal=297916 signature=1 dimensions=1 pass=1
[17:53:55] TINYDRAW_EXPORT_RESERVE requested=1572864 free_before=2515208 largest_before=2490368 free_held=942340 largest_held=933888 pass=1
[17:53:55] TINYDRAW_GATE1_AUTOMATED_DONE stress=1 stress_100=1 stress_400=1 overlap_ready=1 overlap_cold=1 adversarial_ready=1 adversarial_cold=1 workload=1 paced_cold=1 hard_100=1 hard_400=1 pan_100=1 pan_400=1 draw_fill=1 long_gesture=1 cache=1 full_world_cache=1 export_encode=1 export_reserve=1 return=1 ssaa_receipt=yellow
[17:53:55] TINYDRAW_VECTOR_V2_GATE_HARNESS_DONE pass=1
[17:53:55] TINYDRAW_VECTOR_V2_READY zoom=25 controls=chrome button=cycle_all_zooms operations_capacity=4000 samples_capacity=80000 live_storage_bytes=5829024 overview_bytes=1318912 raw_tile_bytes=3145728 tile_metadata_bytes=71416 operation_bytes=720000 live_scratch_bytes=572968 free_psram=2515208 largest_psram=2490368 te_edges=1009 te_period_us=16831 te_high_us=577 te_level=0 main_stack_free=2072
