[17:16:27] I (103) esp_image: segment 0: paddr=00010020 vaddr=3c040020 sizeESP-ROM:esp32s3-20210327
[17:16:27] Build:Mar 27 2021
[17:16:27] rst:0x15 (USB_UART_CHIP_RESET),boot:0x2b (SPI_FAST_FLASH_BOOT)
[17:16:27] Saved PC:0x4201dc80
[17:16:27] SPIWP:0xee
[17:16:27] mode:DIO, clock div:1
[17:16:27] load:0x3fce2820,len:0x1664
[17:16:27] load:0x403c8700,len:0xf38
[17:16:27] load:0x403cb700,len:0x31e8
[17:16:27] entry 0x403c8930
[17:16:27] I (24) boot: ESP-IDF v6.0.2 2nd stage bootloader
[17:16:27] I (24) boot: compile time Aug 14 2026 17:16:06
[17:16:27] I (25) boot: Multicore bootloader
[17:16:27] I (25) boot: chip revision: v0.2
[17:16:27] I (28) boot: efuse block revision: v1.3
[17:16:27] I (31) qio_mode: Enabling default flash chip QIO
[17:16:27] I (36) boot.esp32s3: Boot SPI Speed : 80MHz
[17:16:27] I (39) boot.esp32s3: SPI Mode       : QIO
[17:16:27] I (43) boot.esp32s3: SPI Flash Size : 16MB
[17:16:27] I (47) boot: Enabling RNG early entropy source...
[17:16:27] I (51) boot: Partition Table:
[17:16:27] I (54) boot: ## Label            Usage          Type ST Offset   Length
[17:16:27] I (60) boot:  0 nvs              WiFi data        01 02 00009000 00006000
[17:16:27] I (67) boot:  1 phy_init         RF data          01 01 0000f000 00001000
[17:16:27] I (73) boot:  2 factory          factory app      00 00 00010000 00100000
[17:16:27] I (80) boot:  3 drawing          Unknown data     01 40 00110000 00300000
[17:16:27] I (86) boot:  4 export           Unknown data     01 41 00410000 00500000
[17:16:27] I (93) boot:  5 coredump         Unknown data     01 03 00910000 00010000
[17:16:27] I (100) boot: End of partition table
[17:16:27] I (103) esp_image: segment 0: paddr=00010020 vaddr=3c040020 size=133dch ( 78812) map
[17:16:27] I (123) esp_image: segment 1: paddr=00023404 vaddr=3fc94500 size=03764h ( 14180) load
[17:16:27] I (126) esp_image: segment 2: paddr=00026b70 vaddr=40374000 size=094a8h ( 38056) load
[17:16:27] I (134) esp_image: segment 3: paddr=00030020 vaddr=42000020 size=3c3d4h (246740) map
[17:16:27] I (173) esp_image: segment 4: paddr=0006c3fc vaddr=4037d4a8 size=06fb4h ( 28596) load
[17:16:27] I (179) esp_image: segment 5: paddr=000733b8 vaddr=50000000 size=00024h (    36) load
[17:16:27] I (186) boot: Loaded app from partition at offset 0x10000
[17:16:27] I (186) boot: Disabling RNG early entropy source...
[17:16:27] I (198) octal_psram: vendor id    : 0x0d (AP)
[17:16:27] I (198) octal_psram: dev id       : 0x02 (generation 3)
[17:16:27] I (198) octal_psram: density      : 0x03 (64 Mbit)
[17:16:27] I (200) octal_psram: good-die     : 0x01 (Pass)
[17:16:27] I (205) octal_psram: Latency      : 0x01 (Fixed)
[17:16:27] I (209) octal_psram: VCC          : 0x01 (3V)
[17:16:27] I (213) octal_psram: SRF          : 0x01 (Fast Refresh)
[17:16:27] I (218) octal_psram: BurstType    : 0x01 (Hybrid Wrap)
[17:16:27] I (223) octal_psram: BurstLen     : 0x01 (32 Byte)
[17:16:27] I (227) octal_psram: Readlatency  : 0x02 (10 cycles@Fixed)
[17:16:27] I (233) octal_psram: DriveStrength: 0x00 (1/1)
[17:16:27] I (237) MSPI Timing: Enter psram timing tuning
[17:16:27] I (242) esp_psram: Found 8MB PSRAM device
[17:16:27] I (245) esp_psram: Speed: 80MHz
[17:16:27] I (248) cpu_start: Multicore app
[17:16:27] I (664) esp_psram: SPI SRAM memory test OK
[17:16:27] I (672) cpu_start: GPIO 44 and 43 are used as console UART I/O pins
[17:16:27] I (672) cpu_start: Pro cpu start user code
[17:16:27] I (672) cpu_start: cpu freq: 240000000 Hz
[17:16:27] I (674) app_init: Application information:
[17:16:27] I (678) app_init: Project name:     tinydraw_esp32
[17:16:27] I (682) app_init: App version:      0cba4ad-dirty
[17:16:27] I (687) app_init: Compile time:     Aug 14 2026 17:16:00
[17:16:27] I (692) app_init: ELF file SHA256:  e7aa7a548...
[17:16:27] I (696) app_init: ESP-IDF:          v6.0.2
[17:16:27] I (700) efuse_init: Min chip rev:     v0.0
[17:16:27] I (704) efuse_init: Max chip rev:     v0.99 
[17:16:27] I (708) efuse_init: Chip rev:         v0.2
[17:16:27] I (712) heap_init: Initializing. RAM available for dynamic allocation:
[17:16:27] I (718) heap_init: At 3FC99090 len 00050680 (321 KiB): RAM
[17:16:27] I (723) heap_init: At 3FCE9710 len 00005724 (21 KiB): RAM
[17:16:27] I (728) heap_init: At 3FCF0000 len 00008000 (32 KiB): DRAM
[17:16:27] I (733) heap_init: At 600FE000 len 00001FE8 (7 KiB): RTCRAM
[17:16:27] I (739) esp_psram: Adding pool of 8192K of PSRAM memory to heap allocator
[17:16:27] I (746) spi_flash: detected chip: generic
[17:16:27] I (749) spi_flash: flash io: qio
[17:16:27] I (752) sleep_gpio: Configure to isolate all GPIO pins in sleep state
[17:16:27] I (758) sleep_gpio: Enable automatic switching of GPIO sleep configuration
[17:16:27] I (765) main_task: Started on CPU0
[17:16:27] I (768) main_task: Calling app_main()
[17:16:28] TINYDRAW_PANEL_HARD_RESET=1
[17:16:28] I (965) co5300: version: 2.1.0
[17:16:28] I (966) co5300_spi: LCD panel create success, version: 2.1.0
[17:16:28] W (1046) co5300_spi: The 3Ah command has been used and will be overwritten by external initialization sequence
[17:16:28] I (1147) CST816S: IC id: 183
[17:16:28] TINYDRAW_LIVE_PRESENT kind=startup zoom=25 x=0 y=0 compose_us=35142 scroll_us=0 exposed_compose_us=0 chrome_us=0 read_submit_us=0 read_complete_us=0 transfer_wait_us=19715 tile_pixels=0 uniform_pixels=0 overview_pixels=164864 fallback_pixels=0 resident_tiles=0 fallback_tiles=0 pushes=21 tear_wait_us=9692 tear_sync=1 frame_reused=0 pass=1
[17:16:28] TINYDRAW_LIVE_STRESS operations=1000 samples=20000 total_us=436951 average_us=436 maximum_us=774 free_psram=3042440 largest_psram=3014656
[17:16:29] TINYDRAW_LIVE_PRESENT kind=gate_fallback zoom=100 x=0 y=0 compose_us=23446 scroll_us=0 exposed_compose_us=0 chrome_us=0 read_submit_us=27272 read_complete_us=28072 transfer_wait_us=19691 tile_pixels=0 uniform_pixels=0 overview_pixels=0 fallback_pixels=164864 resident_tiles=0 fallback_tiles=42 pushes=21 tear_wait_us=2981 tear_sync=1 frame_reused=0 pass=1
[17:16:29] TINYDRAW_GATE1_HARD zoom=100 cold=1 operations=1000 samples=20000 steps=192 tiles=42 scanned=12000 rendered=1659 max_supertask_us=8858 presentation_us=63512 total_us=258467 pass=1
[17:16:29] TINYDRAW_LIVE_PRESENT kind=gate_fallback zoom=400 x=0 y=0 compose_us=22865 scroll_us=0 exposed_compose_us=0 chrome_us=0 read_submit_us=31380 read_complete_us=32179 transfer_wait_us=19580 tile_pixels=0 uniform_pixels=0 overview_pixels=0 fallback_pixels=164864 resident_tiles=0 fallback_tiles=42 pushes=21 tear_wait_us=7667 tear_sync=1 frame_reused=0 pass=1
[17:16:29] TINYDRAW_GATE1_HARD zoom=400 cold=1 operations=1000 samples=20000 steps=196 tiles=42 scanned=12000 rendered=120 max_supertask_us=8185 presentation_us=60761 total_us=192638 pass=1
[17:16:30] TINYDRAW_OVERLAP_WORKLOAD operations=8 samples=1200 radius_world=80
[17:16:30] TINYDRAW_GATE1_PACED_COLD corpus=overlap zoom=50 x=215 y=255 steps=334 tiles=56 compute_us=358801 present_us=75401 touch_us=1386 pacing_us=27239 wall_us=462827 max_tick_us=8926 touch_samples=2119 touch_interval_max_us=1924 touch_read_max_us=646 touch_events=0 touch_down=0 touch_up=0 touch_events_ge_8ms=0 touch_event_age_max_us=0 touch_errors=0 touch_overflows=0 pass=1
[17:16:30] TINYDRAW_GATE1_PACED_COLD corpus=overlap zoom=100 x=583 y=703 steps=172 tiles=48 compute_us=220957 present_us=73807 touch_us=776 pacing_us=14431 wall_us=309971 max_tick_us=8749 touch_samples=385 touch_interval_max_us=1861 touch_read_max_us=493 touch_events=0 touch_down=0 touch_up=0 touch_events_ge_8ms=0 touch_event_age_max_us=0 touch_errors=0 touch_overflows=0 pass=1
[17:16:31] TINYDRAW_GATE1_PACED_COLD corpus=overlap zoom=200 x=1319 y=1599 steps=128 tiles=56 compute_us=221480 present_us=76613 touch_us=632 pacing_us=11225 wall_us=309950 max_tick_us=8734 touch_samples=386 touch_interval_max_us=1163 touch_read_max_us=434 touch_events=0 touch_down=0 touch_up=0 touch_events_ge_8ms=0 touch_event_age_max_us=0 touch_errors=0 touch_overflows=0 pass=1
[17:16:31] TINYDRAW_GATE1_PACED_COLD corpus=overlap zoom=400 x=2791 y=3391 steps=94 tiles=56 compute_us=206692 present_us=70336 touch_us=526 pacing_us=8416 wall_us=285970 max_tick_us=8375 touch_samples=362 touch_interval_max_us=1129 touch_read_max_us=418 touch_events=0 touch_down=0 touch_up=0 touch_events_ge_8ms=0 touch_event_age_max_us=0 touch_errors=0 touch_overflows=0 pass=1
[17:16:31] TINYDRAW_ADVERSARIAL_TAPERED_WORKLOAD operations=128 samples=4096 erasers=12 load_us=218698 appended=1
[17:16:32] TINYDRAW_GATE1_PACED_COLD corpus=adversarial_tapered_4x zoom=50 x=0 y=0 steps=104 tiles=42 compute_us=92686 present_us=54202 touch_us=418 pacing_us=7666 wall_us=154972 max_tick_us=6934 touch_samples=491 touch_interval_max_us=1128 touch_read_max_us=404 touch_events=0 touch_down=0 touch_up=0 touch_events_ge_8ms=0 touch_event_age_max_us=0 touch_errors=0 touch_overflows=0 pass=1
[17:16:32] TINYDRAW_GATE1_PACED_COLD corpus=adversarial_tapered_4x zoom=100 x=0 y=0 steps=348 tiles=42 compute_us=156749 present_us=52701 touch_us=1027 pacing_us=26473 wall_us=236950 max_tick_us=7374 touch_samples=317 touch_interval_max_us=1143 touch_read_max_us=403 touch_events=0 touch_down=0 touch_up=0 touch_events_ge_8ms=0 touch_event_age_max_us=0 touch_errors=0 touch_overflows=0 pass=1
[17:16:33] TINYDRAW_GATE1_PACED_COLD corpus=adversarial_tapered_4x zoom=200 x=0 y=0 steps=1214 tiles=42 compute_us=439640 present_us=57821 touch_us=3272 pacing_us=92231 wall_us=592964 max_tick_us=7765 touch_samples=675 touch_interval_max_us=1152 touch_read_max_us=418 touch_events=0 touch_down=0 touch_up=0 touch_events_ge_8ms=0 touch_event_age_max_us=0 touch_errors=0 touch_overflows=0 pass=1
[17:16:33] TINYDRAW_GATE1_PACED_COLD corpus=adversarial_tapered_4x zoom=400 x=0 y=0 steps=904 tiles=42 compute_us=542359 present_us=60752 touch_us=2603 pacing_us=64191 wall_us=669905 max_tick_us=7925 touch_samples=750 touch_interval_max_us=1141 touch_read_max_us=408 touch_events=0 touch_down=0 touch_up=0 touch_events_ge_8ms=0 touch_event_age_max_us=0 touch_errors=0 touch_overflows=0 pass=1
[17:16:34] TINYDRAW_GATE1_WORKLOAD kind=realistic seed=7 operations=1000 samples=19844 maximum_stroke=198 load_us=366861 raw_source=1 lod_copies=0
[17:16:34] TINYDRAW_GATE1_PACED_COLD corpus=seed7 zoom=400 x=63 y=63 steps=281 tiles=56 compute_us=262346 present_us=76461 touch_us=777 pacing_us=21386 wall_us=360970 max_tick_us=10750 touch_samples=917 touch_interval_max_us=1921 touch_read_max_us=496 touch_events=0 touch_down=0 touch_up=0 touch_events_ge_8ms=0 touch_event_age_max_us=0 touch_errors=0 touch_overflows=0 pass=1
[17:16:34] TINYDRAW_LIVE_PRESENT kind=gate_fallback zoom=100 x=0 y=0 compose_us=23642 scroll_us=0 exposed_compose_us=0 chrome_us=0 read_submit_us=34827 read_complete_us=35628 transfer_wait_us=19902 tile_pixels=0 uniform_pixels=0 overview_pixels=0 fallback_pixels=164864 resident_tiles=0 fallback_tiles=42 pushes=21 tear_wait_us=10272 tear_sync=1 frame_reused=0 pass=1
[17:16:35] TINYDRAW_GATE1_HARD zoom=100 cold=1 operations=1000 samples=19844 steps=275 tiles=42 scanned=12000 rendered=5232 max_supertask_us=9084 presentation_us=62709 total_us=363186 pass=1
[17:16:35] TINYDRAW_GATE1_PAN zoom=100 from_x=0 from_y=0 to_x=88 to_y=88 compose_us=27290 scroll_us=11491 exposed_compose_us=15799 chrome_us=0 event_submit_us=30387 event_complete_us=31191 transfer_us=19567 setup=1 present=1 moved=1 frame_reused=1 pass=1
[17:16:35] TINYDRAW_LIVE_PRESENT kind=gate_fallback zoom=400 x=0 y=0 compose_us=22900 scroll_us=0 exposed_compose_us=0 chrome_us=0 read_submit_us=37195 read_complete_us=37996 transfer_wait_us=20262 tile_pixels=0 uniform_pixels=0 overview_pixels=0 fallback_pixels=164864 resident_tiles=0 fallback_tiles=42 pushes=21 tear_wait_us=13407 tear_sync=1 frame_reused=0 pass=1
[17:16:36] TINYDRAW_GATE1_HARD zoom=400 cold=1 operations=1000 samples=19844 steps=211 tiles=42 scanned=12000 rendered=591 max_supertask_us=10652 presentation_us=62598 total_us=253852 pass=1
[17:16:36] TINYDRAW_GATE1_PAN zoom=400 from_x=0 from_y=0 to_x=88 to_y=88 compose_us=27228 scroll_us=11499 exposed_compose_us=15729 chrome_us=0 event_submit_us=30495 event_complete_us=31296 transfer_us=20457 setup=1 present=1 moved=1 frame_reused=1 pass=1
[17:16:36] TINYDRAW_GATE1_DRAW_FILL zoom=400 revision=2140 append_us=1116 poll_gap_us=103 event_submit_us=2288 event_complete_us=2463 max_compute_slice_us=4771 max_display_slice_us=10636 fill_us=249128 revision_restarted=1 pass=1
[17:16:37] TINYDRAW_GATE1_LONG_GESTURE path=reference samples=1600 chunks=26 append_total_us=674828 append_max_us=32739 append_avg_us=25954 refresh_fallback_pixels=0 committed=1 authority=1 refresh=1 run_ok=1
[17:16:37] TINYDRAW_GATE1_LONG_GESTURE path=in_place samples=1600 chunks=35 append_total_us=327952 append_max_us=11263 append_avg_us=9370 refresh_fallback_pixels=0 committed=1 authority=1 refresh=1 run_ok=1
[17:16:38] TINYDRAW_GATE1_CACHE_FILL zoom=50 x=63 y=63 published=56 total_us=114889 within_cold_gate=1 complete=1
[17:16:38] TINYDRAW_GATE1_CACHE_FILL zoom=100 x=63 y=63 published=56 total_us=128967 within_cold_gate=1 complete=1
[17:16:38] TINYDRAW_GATE1_CACHE_FILL zoom=200 x=63 y=63 published=56 total_us=188963 within_cold_gate=1 complete=1
[17:16:38] TINYDRAW_GATE1_CACHE_FILL zoom=400 x=63 y=63 published=56 total_us=303963 within_cold_gate=1 complete=1
[17:16:38] TINYDRAW_GATE1_CACHE_REVISIT zoom=50 remaining=0 tile_pixels=1 fallback_pixels=0 compose_us=20820 complete_us=20333 hit=1
[17:16:38] TINYDRAW_GATE1_CACHE_REVISIT zoom=100 remaining=0 tile_pixels=4225 fallback_pixels=0 compose_us=21209 complete_us=19824 hit=1
[17:16:39] TINYDRAW_GATE1_CACHE_REVISIT zoom=200 remaining=0 tile_pixels=12545 fallback_pixels=0 compose_us=21576 complete_us=20416 hit=1
[17:16:39] TINYDRAW_GATE1_CACHE_REVISIT zoom=400 remaining=0 tile_pixels=37505 fallback_pixels=0 compose_us=22813 complete_us=19898 hit=1
[17:16:39] TINYDRAW_GATE1_CACHE_FILL zoom=400 x=575 y=575 published=56 total_us=87962 within_cold_gate=1 complete=1
[17:16:39] TINYDRAW_GATE1_CACHE_ROUND_TRIP zoom=50 from_x=63 from_y=63 via_x=575 via_y=575 remaining=0 tile_pixels=1 fallback_pixels=0 compose_us=21136 complete_us=19863 hit=1
[17:16:39] TINYDRAW_GATE1_CACHE_ROUND_TRIP zoom=100 from_x=63 from_y=63 via_x=575 via_y=575 remaining=0 tile_pixels=4225 fallback_pixels=0 compose_us=21252 complete_us=20503 hit=1
[17:16:39] TINYDRAW_GATE1_CACHE_ROUND_TRIP zoom=200 from_x=63 from_y=63 via_x=575 via_y=575 remaining=0 tile_pixels=12545 fallback_pixels=0 compose_us=21510 complete_us=19980 hit=1
[17:16:39] TINYDRAW_GATE1_CACHE_ROUND_TRIP zoom=400 from_x=63 from_y=63 via_x=575 via_y=575 remaining=0 tile_pixels=37505 fallback_pixels=0 compose_us=22833 complete_us=19559 hit=1
[17:16:39] TINYDRAW_GATE1_CACHE_RETENTION pass=1 slots=320 revision=2203
[17:16:39] TINYDRAW_PAPER_SWEEP zoom=100 identities=644 raw=4 uniform=640 fallback=0 slots=320 total_us=76731 pass=1
[17:16:39] TINYDRAW_V2_EXPORT_PROGRESS row=0 of=1792
[17:16:40] TINYDRAW_V2_EXPORT_PROGRESS row=256 of=1792
[17:16:41] TINYDRAW_V2_EXPORT_PROGRESS row=512 of=1792
[17:16:41] TINYDRAW_V2_EXPORT_PROGRESS row=768 of=1792
[17:16:42] TINYDRAW_V2_EXPORT_PROGRESS row=1024 of=1792
[17:16:43] TINYDRAW_V2_EXPORT_PROGRESS row=1280 of=1792
[17:16:44] TINYDRAW_V2_EXPORT_PROGRESS row=1536 of=1792
[17:16:44] E (17246) task_wdt: Task watchdog got triggered. The following tasks/users did not reset the watchdog in time:
[17:16:44] E (17246) task_wdt:  - IDLE0 (CPU 0)
[17:16:44] E (17246) task_wdt: Tasks currently running:
[17:16:44] E (17246) task_wdt: CPU 0: main
[17:16:44] E (17246) task_wdt: CPU 1: IDLE1
[17:16:44] E (17246) task_wdt: Print CPU 0 (current core) backtrace
[17:16:44] 
[17:16:44] 
[17:16:44] Backtrace: 0x4202E781:0x3FC95A10 0x403787AD:0x3FC95A50 0x420341B3:0x3FC9B9A0 0x42018D1D:0x3FC9B9C0 0x4201922C:0x3FC9B9F0 0x4201A35D:0x3FC9BA30 0x420189CF:0x3FC9BA60 0x42018C5E:0x3FC9BAA0 0x42015895:0x3FC9BAC0 0x42011551:0x3FC9BB20 0x4201176D:0x3FC9BBD0 0x4200F9C8:0x3FC9BC00 0x42014275:0x3FC9BC70 0x4200C6A9:0x3FC9C070 0x4200F8D7:0x3FC9D300 0x42007CEA:0x3FC9D320
[17:16:44] 
[17:16:45] TINYDRAW_GATE1_EXPORT encoded=1 bytes=40045 elapsed_us=5733894 workspace_bytes=50652 band_bytes=376832 free_psram=3042440 free_internal=297916 signature=1 dimensions=1 pass=1
[17:16:45] TINYDRAW_EXPORT_RESERVE requested=1572864 free_before=3042440 largest_before=3014656 free_held=1469572 largest_held=1441792 pass=1
[17:16:45] TINYDRAW_GATE1_AUTOMATED_DONE stress=1 stress_100=1 stress_400=1 overlap_ready=1 overlap_cold=1 adversarial_ready=1 adversarial_cold=1 workload=1 paced_cold=1 hard_100=1 hard_400=1 pan_100=1 pan_400=1 draw_fill=1 long_gesture=1 cache=1 full_world_cache=1 export_encode=1 export_reserve=1 return=1 ssaa_receipt=yellow
[17:16:45] TINYDRAW_VECTOR_V2_GATE_HARNESS_DONE pass=1
[17:16:45] TINYDRAW_VECTOR_V2_READY zoom=25 controls=chrome button=cycle_all_zooms operations_capacity=4000 samples_capacity=80000 live_storage_bytes=5301792 overview_bytes=1318912 raw_tile_bytes=2621440 tile_metadata_bytes=68856 operation_bytes=720000 live_scratch_bytes=572584 free_psram=3042440 largest_psram=3014656 te_edges=999 te_period_us=16806 te_high_us=585 te_level=0 main_stack_free=2104
