[11:41:09] I (103) esp_image: segment 0: paddr=00010020 vaddr=3c050020 sizeESP-ROM:esp32s3-20210327
[11:41:09] Build:Mar 27 2021
[11:41:09] rst:0x15 (USB_UART_CHIP_RESET),boot:0x2b (SPI_FAST_FLASH_BOOT)
[11:41:09] Saved PC:0x42008587
[11:41:09] SPIWP:0xee
[11:41:09] mode:DIO, clock div:1
[11:41:09] load:0x3fce2820,len:0x1664
[11:41:09] load:0x403c8700,len:0xf38
[11:41:09] load:0x403cb700,len:0x31e8
[11:41:09] entry 0x403c8930
[11:41:09] I (24) boot: ESP-IDF v6.0.2 2nd stage bootloader
[11:41:09] I (24) boot: compile time Aug 15 2026 11:40:53
[11:41:09] I (25) boot: Multicore bootloader
[11:41:09] I (25) boot: chip revision: v0.2
[11:41:09] I (28) boot: efuse block revision: v1.3
[11:41:09] I (31) qio_mode: Enabling default flash chip QIO
[11:41:09] I (36) boot.esp32s3: Boot SPI Speed : 80MHz
[11:41:09] I (39) boot.esp32s3: SPI Mode       : QIO
[11:41:09] I (43) boot.esp32s3: SPI Flash Size : 16MB
[11:41:09] I (47) boot: Enabling RNG early entropy source...
[11:41:09] I (51) boot: Partition Table:
[11:41:09] I (54) boot: ## Label            Usage          Type ST Offset   Length
[11:41:09] I (60) boot:  0 nvs              WiFi data        01 02 00009000 00006000
[11:41:09] I (67) boot:  1 phy_init         RF data          01 01 0000f000 00001000
[11:41:09] I (73) boot:  2 factory          factory app      00 00 00010000 00100000
[11:41:09] I (80) boot:  3 drawing          Unknown data     01 40 00110000 00300000
[11:41:09] I (86) boot:  4 export           Unknown data     01 41 00410000 00500000
[11:41:09] I (93) boot:  5 coredump         Unknown data     01 03 00910000 00010000
[11:41:09] I (100) boot: End of partition table
[11:41:09] I (103) esp_image: segment 0: paddr=00010020 vaddr=3c050020 size=1419ch ( 82332) map
[11:41:09] I (123) esp_image: segment 1: paddr=000241c4 vaddr=3fc94500 size=03764h ( 14180) load
[11:41:09] I (126) esp_image: segment 2: paddr=00027930 vaddr=40374000 size=086e8h ( 34536) load
[11:41:09] I (134) esp_image: segment 3: paddr=00030020 vaddr=42000020 size=46a88h (289416) map
[11:41:09] I (179) esp_image: segment 4: paddr=00076ab0 vaddr=4037c6e8 size=07d74h ( 32116) load
[11:41:09] I (186) esp_image: segment 5: paddr=0007e82c vaddr=50000000 size=00024h (    36) load
[11:41:09] I (194) boot: Loaded app from partition at offset 0x10000
[11:41:09] I (194) boot: Disabling RNG early entropy source...
[11:41:09] I (205) octal_psram: vendor id    : 0x0d (AP)
[11:41:09] I (205) octal_psram: dev id       : 0x02 (generation 3)
[11:41:09] I (205) octal_psram: density      : 0x03 (64 Mbit)
[11:41:09] I (207) octal_psram: good-die     : 0x01 (Pass)
[11:41:09] I (211) octal_psram: Latency      : 0x01 (Fixed)
[11:41:09] I (215) octal_psram: VCC          : 0x01 (3V)
[11:41:09] I (220) octal_psram: SRF          : 0x01 (Fast Refresh)
[11:41:09] I (224) octal_psram: BurstType    : 0x01 (Hybrid Wrap)
[11:41:09] I (229) octal_psram: BurstLen     : 0x01 (32 Byte)
[11:41:09] I (234) octal_psram: Readlatency  : 0x02 (10 cycles@Fixed)
[11:41:09] I (239) octal_psram: DriveStrength: 0x00 (1/1)
[11:41:09] I (243) MSPI Timing: Enter psram timing tuning
[11:41:09] I (248) esp_psram: Found 8MB PSRAM device
[11:41:09] I (251) esp_psram: Speed: 80MHz
[11:41:09] I (254) cpu_start: Multicore app
[11:41:09] I (670) esp_psram: SPI SRAM memory test OK
[11:41:09] I (678) cpu_start: GPIO 44 and 43 are used as console UART I/O pins
[11:41:09] I (679) cpu_start: Pro cpu start user code
[11:41:09] I (679) cpu_start: cpu freq: 240000000 Hz
[11:41:09] I (681) app_init: Application information:
[11:41:09] I (684) app_init: Project name:     tinydraw_esp32
[11:41:09] I (689) app_init: App version:      0b3309c-dirty
[11:41:09] I (693) app_init: Compile time:     Aug 15 2026 11:40:47
[11:41:09] I (698) app_init: ELF file SHA256:  f380ff820...
[11:41:09] I (703) app_init: ESP-IDF:          v6.0.2
[11:41:09] I (707) efuse_init: Min chip rev:     v0.0
[11:41:10] I (710) efuse_init: Max chip rev:     v0.99 
[11:41:10] I (714) efuse_init: Chip rev:         v0.2
[11:41:10] I (718) heap_init: Initializing. RAM available for dynamic allocation:
[11:41:10] I (724) heap_init: At 3FC99090 len 00050680 (321 KiB): RAM
[11:41:10] I (730) heap_init: At 3FCE9710 len 00005724 (21 KiB): RAM
[11:41:10] I (735) heap_init: At 3FCF0000 len 00008000 (32 KiB): DRAM
[11:41:10] I (740) heap_init: At 600FE000 len 00001FE8 (7 KiB): RTCRAM
[11:41:10] I (745) esp_psram: Adding pool of 8192K of PSRAM memory to heap allocator
[11:41:10] I (752) spi_flash: detected chip: generic
[11:41:10] I (756) spi_flash: flash io: qio
[11:41:10] I (759) sleep_gpio: Configure to isolate all GPIO pins in sleep state
[11:41:10] I (765) sleep_gpio: Enable automatic switching of GPIO sleep configuration
[11:41:10] I (772) main_task: Started on CPU0
[11:41:10] I (775) main_task: Calling app_main()
[11:41:10] TINYDRAW_PANEL_HARD_RESET=1
[11:41:10] I (972) co5300: version: 2.1.0
[11:41:10] I (973) co5300_spi: LCD panel create success, version: 2.1.0
[11:41:10] W (1053) co5300_spi: The 3Ah command has been used and will be overwritten by external initialization sequence
[11:41:10] I (1154) CST816S: IC id: 183
[11:41:10] TINYDRAW_LIVE_PRESENT kind=startup zoom=25 x=0 y=0 compose_us=36482 scroll_us=0 exposed_compose_us=0 chrome_us=7989 read_submit_us=0 read_complete_us=0 transfer_wait_us=18437 tile_pixels=0 uniform_pixels=0 overview_pixels=164864 fallback_pixels=0 resident_tiles=0 fallback_tiles=0 pushes=11 tear_wait_us=6174 tear_sync=1 frame_reused=0 pass=1
[11:41:11] TINYDRAW_LIVE_STRESS operations=1000 samples=20000 total_us=472066 average_us=472 maximum_us=1124 free_psram=1987924 largest_psram=1966080
[11:41:11] TINYDRAW_LIVE_PRESENT kind=gate_fallback zoom=100 x=0 y=0 compose_us=26154 scroll_us=0 exposed_compose_us=0 chrome_us=7673 read_submit_us=35149 read_complete_us=36758 transfer_wait_us=18375 tile_pixels=0 uniform_pixels=0 overview_pixels=0 fallback_pixels=164864 resident_tiles=0 fallback_tiles=42 pushes=11 tear_wait_us=7844 tear_sync=1 frame_reused=0 pass=1
[11:41:11] TINYDRAW_GATE1_HARD zoom=100 cold=1 operations=1000 samples=20000 steps=192 tiles=42 scanned=12000 rendered=1659 max_supertask_us=9669 presentation_us=70319 total_us=274573 pass=1
[11:41:11] TINYDRAW_LIVE_PRESENT kind=gate_fallback zoom=400 x=0 y=0 compose_us=25400 scroll_us=0 exposed_compose_us=0 chrome_us=7660 read_submit_us=42310 read_complete_us=43922 transfer_wait_us=18740 tile_pixels=0 uniform_pixels=0 overview_pixels=0 fallback_pixels=164864 resident_tiles=0 fallback_tiles=42 pushes=11 tear_wait_us=15737 tear_sync=1 frame_reused=0 pass=1
[11:41:11] TINYDRAW_GATE1_HARD zoom=400 cold=1 operations=1000 samples=20000 steps=196 tiles=42 scanned=12000 rendered=120 max_supertask_us=8835 presentation_us=68199 total_us=211878 pass=1
[11:41:12] TINYDRAW_OVERLAP_WORKLOAD operations=8 samples=1200 radius_world=80
[11:41:12] TINYDRAW_GATE1_PACED_COLD corpus=overlap zoom=50 x=215 y=255 steps=334 tiles=56 compute_us=376051 present_us=84799 touch_us=634 pacing_us=8997 wall_us=470481 max_tick_us=9792 touch_samples=2252 touch_interval_max_us=1861 touch_read_max_us=562 touch_events=0 touch_down=0 touch_up=0 touch_events_ge_8ms=0 touch_event_age_max_us=0 touch_errors=0 touch_overflows=0 pass=1
[11:41:13] TINYDRAW_GATE1_PACED_COLD corpus=overlap zoom=100 x=583 y=703 steps=172 tiles=48 compute_us=235715 present_us=82091 touch_us=449 pacing_us=6570 wall_us=324825 max_tick_us=10021 touch_samples=407 touch_interval_max_us=1762 touch_read_max_us=519 touch_events=0 touch_down=0 touch_up=0 touch_events_ge_8ms=0 touch_event_age_max_us=0 touch_errors=0 touch_overflows=0 pass=1
[11:41:13] TINYDRAW_GATE1_PACED_COLD corpus=overlap zoom=200 x=1319 y=1599 steps=128 tiles=56 compute_us=238983 present_us=79366 touch_us=416 pacing_us=4731 wall_us=323496 max_tick_us=9912 touch_samples=401 touch_interval_max_us=1925 touch_read_max_us=479 touch_events=0 touch_down=0 touch_up=0 touch_events_ge_8ms=0 touch_event_age_max_us=0 touch_errors=0 touch_overflows=0 pass=1
[11:41:13] TINYDRAW_GATE1_PACED_COLD corpus=overlap zoom=400 x=2791 y=3391 steps=94 tiles=56 compute_us=225587 present_us=84112 touch_us=385 pacing_us=5450 wall_us=315534 max_tick_us=10158 touch_samples=394 touch_interval_max_us=1919 touch_read_max_us=477 touch_events=0 touch_down=0 touch_up=0 touch_events_ge_8ms=0 touch_event_age_max_us=0 touch_errors=0 touch_overflows=0 pass=1
[11:41:14] TINYDRAW_ADVERSARIAL_TAPERED_WORKLOAD operations=128 samples=4096 erasers=12 load_us=220460 appended=1
[11:41:14] TINYDRAW_GATE1_PACED_COLD corpus=adversarial_tapered_4x zoom=50 x=0 y=0 steps=104 tiles=42 compute_us=96536 present_us=63471 touch_us=188 pacing_us=4856 wall_us=165051 max_tick_us=8630 touch_samples=505 touch_interval_max_us=1139 touch_read_max_us=402 touch_events=0 touch_down=0 touch_up=0 touch_events_ge_8ms=0 touch_event_age_max_us=0 touch_errors=0 touch_overflows=0 pass=1
[11:41:14] TINYDRAW_GATE1_PACED_COLD corpus=adversarial_tapered_4x zoom=100 x=0 y=0 steps=348 tiles=42 compute_us=158949 present_us=61566 touch_us=217 pacing_us=7014 wall_us=227746 max_tick_us=8646 touch_samples=314 touch_interval_max_us=1123 touch_read_max_us=399 touch_events=0 touch_down=0 touch_up=0 touch_events_ge_8ms=0 touch_event_age_max_us=0 touch_errors=0 touch_overflows=0 pass=1
[11:41:16] TINYDRAW_GATE1_PACED_COLD corpus=adversarial_tapered_4x zoom=200 x=0 y=0 steps=1214 tiles=42 compute_us=442528 present_us=65487 touch_us=409 pacing_us=13522 wall_us=521946 max_tick_us=10207 touch_samples=614 touch_interval_max_us=1124 touch_read_max_us=415 touch_events=0 touch_down=0 touch_up=0 touch_events_ge_8ms=0 touch_event_age_max_us=0 touch_errors=0 touch_overflows=0 pass=1
[11:41:16] TINYDRAW_GATE1_PACED_COLD corpus=adversarial_tapered_4x zoom=400 x=0 y=0 steps=904 tiles=42 compute_us=548189 present_us=67460 touch_us=543 pacing_us=14533 wall_us=630725 max_tick_us=9385 touch_samples=713 touch_interval_max_us=1135 touch_read_max_us=430 touch_events=0 touch_down=0 touch_up=0 touch_events_ge_8ms=0 touch_event_age_max_us=0 touch_errors=0 touch_overflows=0 pass=1
[11:41:16] TINYDRAW_GATE1_WORKLOAD kind=realistic seed=7 operations=1000 samples=19844 maximum_stroke=198 load_us=393439 raw_source=1 lod_copies=0
[11:41:16] TINYDRAW_GATE1_PACED_COLD corpus=seed7 zoom=400 x=63 y=63 steps=281 tiles=56 compute_us=277440 present_us=84057 touch_us=401 pacing_us=8086 wall_us=369984 max_tick_us=12874 touch_samples=965 touch_interval_max_us=1837 touch_read_max_us=488 touch_events=0 touch_down=0 touch_up=0 touch_events_ge_8ms=0 touch_event_age_max_us=0 touch_errors=0 touch_overflows=0 pass=1
[11:41:17] TINYDRAW_LIVE_PRESENT kind=gate_fallback zoom=100 x=0 y=0 compose_us=26364 scroll_us=0 exposed_compose_us=0 chrome_us=7719 read_submit_us=37330 read_complete_us=38942 transfer_wait_us=18525 tile_pixels=0 uniform_pixels=0 overview_pixels=0 fallback_pixels=164864 resident_tiles=0 fallback_tiles=42 pushes=11 tear_wait_us=9783 tear_sync=1 frame_reused=0 pass=1
[11:41:17] TINYDRAW_GATE1_HARD zoom=100 cold=1 operations=1000 samples=19844 steps=275 tiles=42 scanned=12000 rendered=5232 max_supertask_us=9756 presentation_us=69567 total_us=378084 pass=1
[11:41:17] TINYDRAW_GATE1_LIVE_OVERLAY clear_updates=47 clear_wall_max_us=2932 clear_submit_max_us=2181 clear_complete_max_us=2225 overlay_updates=26 overlay_wall_max_us=2933 overlay_submit_max_us=2323 overlay_complete_max_us=2360 overlay_chrome_max_us=0 clear_failures=0 overlay_failures=0 pass=1
[11:41:18] TINYDRAW_GATE1_PAN zoom=100 from_x=0 from_y=0 to_x=88 to_y=88 compose_us=15 scroll_us=12 exposed_compose_us=3 chrome_us=6333 event_submit_us=1162 event_complete_us=1880 transfer_us=37678 setup=1 present=1 moved=1 frame_reused=1 pass=1
[11:41:18] TINYDRAW_LIVE_PRESENT kind=gate_fallback zoom=400 x=0 y=0 compose_us=25546 scroll_us=0 exposed_compose_us=0 chrome_us=7640 read_submit_us=28003 read_complete_us=29615 transfer_wait_us=18219 tile_pixels=0 uniform_pixels=0 overview_pixels=0 fallback_pixels=164864 resident_tiles=0 fallback_tiles=42 pushes=11 tear_wait_us=1287 tear_sync=1 frame_reused=0 pass=1
[11:41:18] TINYDRAW_GATE1_HARD zoom=400 cold=1 operations=1000 samples=19844 steps=211 tiles=42 scanned=12000 rendered=591 max_supertask_us=11171 presentation_us=67546 total_us=268473 pass=1
[11:41:18] TINYDRAW_GATE1_PAN zoom=400 from_x=0 from_y=0 to_x=88 to_y=88 compose_us=16 scroll_us=13 exposed_compose_us=3 chrome_us=6274 event_submit_us=864 event_complete_us=1159 transfer_us=36715 setup=1 present=1 moved=1 frame_reused=1 pass=1
[11:41:22] TINYDRAW_PANSEQ_FRAME zoom=100 step=0 dx=24 dy=18 scroll_us=22 exposed_compose_us=3 tear_wait_us=8 present_us=26411 prepare_us=6774 staging_us=6489 event_submit_us=1044 event_complete_us=1620 frame_us=26546 tear_sync=1 frame_reused=1 pass=1
[11:41:22] TINYDRAW_PANSEQ_FRAME zoom=100 step=1 dx=24 dy=18 scroll_us=12 exposed_compose_us=3 tear_wait_us=6 present_us=26861 prepare_us=6481 staging_us=6495 event_submit_us=564 event_complete_us=870 frame_us=26950 tear_sync=1 frame_reused=1 pass=1
[11:41:22] TINYDRAW_PANSEQ_FRAME zoom=100 step=2 dx=24 dy=18 scroll_us=13 exposed_compose_us=3 tear_wait_us=7 present_us=27866 prepare_us=6613 staging_us=8119 event_submit_us=2277 event_complete_us=3643 frame_us=27955 tear_sync=1 frame_reused=1 pass=1
[11:41:22] TINYDRAW_PANSEQ_FRAME zoom=100 step=3 dx=24 dy=18 scroll_us=12 exposed_compose_us=3 tear_wait_us=5 present_us=27868 prepare_us=6685 staging_us=7036 event_submit_us=1353 event_complete_us=2975 frame_us=27956 tear_sync=1 frame_reused=1 pass=1
[11:41:22] TINYDRAW_PANSEQ_FRAME zoom=100 step=4 dx=24 dy=18 scroll_us=12 exposed_compose_us=3 tear_wait_us=7 present_us=26865 prepare_us=6545 staging_us=7045 event_submit_us=996 event_complete_us=1871 frame_us=26955 tear_sync=1 frame_reused=1 pass=1
[11:41:22] TINYDRAW_PANSEQ_FRAME zoom=100 step=5 dx=24 dy=18 scroll_us=12 exposed_compose_us=3 tear_wait_us=8 present_us=26865 prepare_us=6634 staging_us=6737 event_submit_us=1378 event_complete_us=3010 frame_us=26955 tear_sync=1 frame_reused=1 pass=1
[11:41:22] TINYDRAW_PANSEQ_FRAME zoom=100 step=6 dx=24 dy=18 scroll_us=12 exposed_compose_us=3 tear_wait_us=6 present_us=26874 prepare_us=6855 staging_us=7339 event_submit_us=1376 event_complete_us=2999 frame_us=26961 tear_sync=1 frame_reused=1 pass=1
[11:41:22] TINYDRAW_PANSEQ_FRAME zoom=100 step=7 dx=24 dy=18 scroll_us=12 exposed_compose_us=3 tear_wait_us=449 present_us=26417 prepare_us=6517 staging_us=5958 event_submit_us=1534 event_complete_us=2108 frame_us=26950 tear_sync=1 frame_reused=1 pass=1
[11:41:22] TINYDRAW_PANSEQ_FRAME zoom=100 step=8 dx=24 dy=18 scroll_us=11 exposed_compose_us=3 tear_wait_us=7 present_us=26863 prepare_us=6697 staging_us=6304 event_submit_us=770 event_complete_us=1306 frame_us=26953 tear_sync=1 frame_reused=1 pass=1
[11:41:22] TINYDRAW_PANSEQ_FRAME zoom=100 step=9 dx=24 dy=18 scroll_us=12 exposed_compose_us=3 tear_wait_us=7 present_us=26865 prepare_us=6557 staging_us=6182 event_submit_us=739 event_complete_us=1267 frame_us=26953 tear_sync=1 frame_reused=1 pass=1
[11:41:22] TINYDRAW_PANSEQ_FRAME zoom=100 step=10 dx=24 dy=18 scroll_us=11 exposed_compose_us=3 tear_wait_us=6 present_us=27869 prepare_us=6776 staging_us=7630 event_submit_us=2492 event_complete_us=4111 frame_us=27957 tear_sync=1 frame_reused=1 pass=1
[11:41:22] TINYDRAW_PANSEQ_FRAME zoom=100 step=11 dx=24 dy=18 scroll_us=13 exposed_compose_us=2 tear_wait_us=6 present_us=27866 prepare_us=6807 staging_us=6651 event_submit_us=1349 event_complete_us=2971 frame_us=27954 tear_sync=1 frame_reused=1 pass=1
[11:41:22] TINYDRAW_PANSEQ_FRAME zoom=100 step=12 dx=24 dy=18 scroll_us=12 exposed_compose_us=3 tear_wait_us=7 present_us=25865 prepare_us=6533 staging_us=6492 event_submit_us=999 event_complete_us=1283 frame_us=25957 tear_sync=1 frame_reused=1 pass=1
[11:41:22] TINYDRAW_PANSEQ_FRAME zoom=100 step=13 dx=24 dy=18 scroll_us=12 exposed_compose_us=3 tear_wait_us=7 present_us=27860 prepare_us=6680 staging_us=6769 event_submit_us=1366 event_complete_us=2997 frame_us=27950 tear_sync=1 frame_reused=1 pass=1
[11:41:22] TINYDRAW_PANSEQ_FRAME zoom=100 step=14 dx=24 dy=18 scroll_us=12 exposed_compose_us=3 tear_wait_us=6 present_us=26867 prepare_us=6778 staging_us=6815 event_submit_us=1379 event_complete_us=3001 frame_us=26953 tear_sync=1 frame_reused=1 pass=1
[11:41:22] TINYDRAW_PANSEQ_FRAME zoom=100 step=15 dx=24 dy=18 scroll_us=12 exposed_compose_us=3 tear_wait_us=857 present_us=26018 prepare_us=6317 staging_us=6033 event_submit_us=2010 event_complete_us=2590 frame_us=26963 tear_sync=1 frame_reused=1 pass=1
[11:41:22] TINYDRAW_PANSEQ_FRAME zoom=100 step=16 dx=72 dy=54 scroll_us=12 exposed_compose_us=3 tear_wait_us=7 present_us=35859 prepare_us=6722 staging_us=6162 event_submit_us=1321 event_complete_us=2217 frame_us=35951 tear_sync=1 frame_reused=1 pass=1
[11:41:22] TINYDRAW_PANSEQ_FRAME zoom=100 step=17 dx=72 dy=54 scroll_us=12 exposed_compose_us=3 tear_wait_us=7 present_us=34862 prepare_us=6347 staging_us=5873 event_submit_us=2106 event_complete_us=3735 frame_us=34952 tear_sync=1 frame_reused=1 pass=1
[11:41:22] TINYDRAW_PANSEQ_FRAME zoom=100 step=18 dx=72 dy=54 scroll_us=12 exposed_compose_us=3 tear_wait_us=5 present_us=34868 prepare_us=6634 staging_us=6552 event_submit_us=4117 event_complete_us=5745 frame_us=34954 tear_sync=1 frame_reused=1 pass=1
[11:41:22] TINYDRAW_PANSEQ_FRAME zoom=100 step=19 dx=72 dy=54 scroll_us=12 exposed_compose_us=3 tear_wait_us=2248 present_us=33627 prepare_us=6291 staging_us=4982 event_submit_us=3605 event_complete_us=4177 frame_us=35958 tear_sync=1 frame_reused=1 pass=1
[11:41:22] TINYDRAW_PANSEQ_FRAME zoom=100 step=20 dx=-72 dy=-54 scroll_us=13 exposed_compose_us=3 tear_wait_us=8 present_us=32860 prepare_us=5609 staging_us=5465 event_submit_us=2307 event_complete_us=2890 frame_us=32952 tear_sync=1 frame_reused=1 pass=1
[11:41:22] TINYDRAW_PANSEQ_FRAME zoom=100 step=21 dx=-72 dy=-54 scroll_us=12 exposed_compose_us=3 tear_wait_us=435 present_us=32436 prepare_us=5596 staging_us=5528 event_submit_us=2707 event_complete_us=3279 frame_us=32954 tear_sync=1 frame_reused=1 pass=1
[11:41:22] TINYDRAW_PANSEQ_FRAME zoom=100 step=22 dx=-72 dy=-54 scroll_us=12 exposed_compose_us=3 tear_wait_us=1026 present_us=31844 prepare_us=5652 staging_us=5544 event_submit_us=3175 event_complete_us=3757 frame_us=32953 tear_sync=1 frame_reused=1 pass=1
[11:41:22] TINYDRAW_PANSEQ_FRAME zoom=100 step=23 dx=-72 dy=-54 scroll_us=12 exposed_compose_us=3 tear_wait_us=1639 present_us=31233 prepare_us=5514 staging_us=5476 event_submit_us=3807 event_complete_us=4387 frame_us=32957 tear_sync=1 frame_reused=1 pass=1
[11:41:22] TINYDRAW_GATE1_PANSEQ zoom=100 frames=24 scroll_avg_us=12 exposed_avg_us=2 tear_wait_avg_us=282 present_avg_us=29153 prepare_avg_us=6442 staging_avg_us=6403 frame_avg_us=29520 frame_p50_us=27950 frame_p95_us=35951 frame_max_us=35958 complete_p50_us=2975 complete_p95_us=4387 complete_max_us=5745 all_reused=1 pass=1
[11:41:25] TINYDRAW_PANSEQ_FRAME zoom=400 step=0 dx=24 dy=18 scroll_us=12 exposed_compose_us=3 tear_wait_us=5 present_us=26637 prepare_us=6737 staging_us=6744 event_submit_us=841 event_complete_us=1320 frame_us=26731 tear_sync=1 frame_reused=1 pass=1
[11:41:25] TINYDRAW_PANSEQ_FRAME zoom=400 step=1 dx=24 dy=18 scroll_us=10 exposed_compose_us=3 tear_wait_us=6 present_us=26862 prepare_us=6666 staging_us=6612 event_submit_us=834 event_complete_us=1437 frame_us=26953 tear_sync=1 frame_reused=1 pass=1
[11:41:25] TINYDRAW_PANSEQ_FRAME zoom=400 step=2 dx=24 dy=18 scroll_us=12 exposed_compose_us=3 tear_wait_us=7 present_us=27866 prepare_us=6616 staging_us=8136 event_submit_us=2113 event_complete_us=3746 frame_us=27956 tear_sync=1 frame_reused=1 pass=1
[11:41:25] TINYDRAW_PANSEQ_FRAME zoom=400 step=3 dx=24 dy=18 scroll_us=12 exposed_compose_us=3 tear_wait_us=5 present_us=26867 prepare_us=6630 staging_us=7082 event_submit_us=1357 event_complete_us=2979 frame_us=26956 tear_sync=1 frame_reused=1 pass=1
[11:41:25] TINYDRAW_PANSEQ_FRAME zoom=400 step=4 dx=24 dy=18 scroll_us=12 exposed_compose_us=3 tear_wait_us=6 present_us=25865 prepare_us=6584 staging_us=6580 event_submit_us=1099 event_complete_us=1679 frame_us=25955 tear_sync=1 frame_reused=1 pass=1
[11:41:25] TINYDRAW_PANSEQ_FRAME zoom=400 step=5 dx=24 dy=18 scroll_us=12 exposed_compose_us=3 tear_wait_us=7 present_us=25870 prepare_us=6434 staging_us=6548 event_submit_us=461 event_complete_us=576 frame_us=25960 tear_sync=1 frame_reused=1 pass=1
[11:41:25] TINYDRAW_PANSEQ_FRAME zoom=400 step=6 dx=24 dy=18 scroll_us=11 exposed_compose_us=3 tear_wait_us=7 present_us=26859 prepare_us=6550 staging_us=6806 event_submit_us=987 event_complete_us=1823 frame_us=26947 tear_sync=1 frame_reused=1 pass=1
[11:41:25] TINYDRAW_PANSEQ_FRAME zoom=400 step=7 dx=24 dy=18 scroll_us=13 exposed_compose_us=3 tear_wait_us=8 present_us=27863 prepare_us=6939 staging_us=6686 event_submit_us=1665 event_complete_us=3296 frame_us=27954 tear_sync=1 frame_reused=1 pass=1
[11:41:25] TINYDRAW_PANSEQ_FRAME zoom=400 step=8 dx=24 dy=18 scroll_us=12 exposed_compose_us=3 tear_wait_us=5 present_us=27866 prepare_us=7085 staging_us=6615 event_submit_us=1404 event_complete_us=3026 frame_us=27955 tear_sync=1 frame_reused=1 pass=1
[11:41:25] TINYDRAW_PANSEQ_FRAME zoom=400 step=9 dx=24 dy=18 scroll_us=12 exposed_compose_us=3 tear_wait_us=8 present_us=26864 prepare_us=6373 staging_us=5997 event_submit_us=1209 event_complete_us=1789 frame_us=26953 tear_sync=1 frame_reused=1 pass=1
[11:41:25] TINYDRAW_PANSEQ_FRAME zoom=400 step=10 dx=24 dy=18 scroll_us=12 exposed_compose_us=3 tear_wait_us=7 present_us=26868 prepare_us=6736 staging_us=6412 event_submit_us=1363 event_complete_us=2995 frame_us=26957 tear_sync=1 frame_reused=1 pass=1
[11:41:25] TINYDRAW_PANSEQ_FRAME zoom=400 step=11 dx=24 dy=18 scroll_us=12 exposed_compose_us=3 tear_wait_us=6 present_us=27867 prepare_us=6898 staging_us=5804 event_submit_us=1351 event_complete_us=2973 frame_us=27955 tear_sync=1 frame_reused=1 pass=1
[11:41:25] TINYDRAW_PANSEQ_FRAME zoom=400 step=12 dx=24 dy=18 scroll_us=12 exposed_compose_us=3 tear_wait_us=359 present_us=26512 prepare_us=6667 staging_us=5951 event_submit_us=1565 event_complete_us=2142 frame_us=26958 tear_sync=1 frame_reused=1 pass=1
[11:41:25] TINYDRAW_PANSEQ_FRAME zoom=400 step=13 dx=24 dy=18 scroll_us=12 exposed_compose_us=3 tear_wait_us=6 present_us=26861 prepare_us=6491 staging_us=5962 event_submit_us=731 event_complete_us=1208 frame_us=26952 tear_sync=1 frame_reused=1 pass=1
[11:41:25] TINYDRAW_PANSEQ_FRAME zoom=400 step=14 dx=24 dy=18 scroll_us=13 exposed_compose_us=2 tear_wait_us=8 present_us=26861 prepare_us=6723 staging_us=6064 event_submit_us=740 event_complete_us=1218 frame_us=26955 tear_sync=1 frame_reused=1 pass=1
[11:41:25] TINYDRAW_PANSEQ_FRAME zoom=400 step=15 dx=24 dy=18 scroll_us=12 exposed_compose_us=3 tear_wait_us=7 present_us=28864 prepare_us=6507 staging_us=7238 event_submit_us=2599 event_complete_us=4231 frame_us=28956 tear_sync=1 frame_reused=1 pass=1
[11:41:25] TINYDRAW_PANSEQ_FRAME zoom=400 step=16 dx=72 dy=54 scroll_us=12 exposed_compose_us=3 tear_wait_us=6 present_us=36864 prepare_us=6613 staging_us=6570 event_submit_us=1583 event_complete_us=2907 frame_us=36953 tear_sync=1 frame_reused=1 pass=1
[11:41:25] TINYDRAW_PANSEQ_FRAME zoom=400 step=17 dx=72 dy=54 scroll_us=12 exposed_compose_us=3 tear_wait_us=5 present_us=35864 prepare_us=6180 staging_us=5272 event_submit_us=3064 event_complete_us=4695 frame_us=35952 tear_sync=1 frame_reused=1 pass=1
[11:41:25] TINYDRAW_PANSEQ_FRAME zoom=400 step=18 dx=72 dy=54 scroll_us=12 exposed_compose_us=3 tear_wait_us=2257 present_us=34616 prepare_us=6571 staging_us=4970 event_submit_us=3605 event_complete_us=4184 frame_us=36962 tear_sync=1 frame_reused=1 pass=1
[11:41:25] TINYDRAW_PANSEQ_FRAME zoom=400 step=19 dx=72 dy=54 scroll_us=12 exposed_compose_us=3 tear_wait_us=7 present_us=35858 prepare_us=6452 staging_us=4441 event_submit_us=1406 event_complete_us=1987 frame_us=35948 tear_sync=1 frame_reused=1 pass=1
[11:41:25] TINYDRAW_PANSEQ_FRAME zoom=400 step=20 dx=-72 dy=-54 scroll_us=12 exposed_compose_us=3 tear_wait_us=7 present_us=33864 prepare_us=5660 staging_us=5727 event_submit_us=1452 event_complete_us=1745 frame_us=33953 tear_sync=1 frame_reused=1 pass=1
[11:41:25] TINYDRAW_PANSEQ_FRAME zoom=400 step=21 dx=-72 dy=-54 scroll_us=12 exposed_compose_us=3 tear_wait_us=6 present_us=33866 prepare_us=5825 staging_us=5816 event_submit_us=883 event_complete_us=964 frame_us=33958 tear_sync=1 frame_reused=1 pass=1
[11:41:25] TINYDRAW_PANSEQ_FRAME zoom=400 step=22 dx=-72 dy=-54 scroll_us=12 exposed_compose_us=3 tear_wait_us=6 present_us=32863 prepare_us=5826 staging_us=5789 event_submit_us=897 event_complete_us=1024 frame_us=32951 tear_sync=1 frame_reused=1 pass=1
[11:41:25] TINYDRAW_PANSEQ_FRAME zoom=400 step=23 dx=-72 dy=-54 scroll_us=12 exposed_compose_us=3 tear_wait_us=7 present_us=31866 prepare_us=5468 staging_us=5634 event_submit_us=1237 event_complete_us=1436 frame_us=31955 tear_sync=1 frame_reused=1 pass=1
[11:41:25] TINYDRAW_GATE1_PANSEQ zoom=400 frames=24 scroll_avg_us=11 exposed_avg_us=2 tear_wait_avg_us=114 present_avg_us=29538 prepare_avg_us=6467 staging_avg_us=6227 frame_avg_us=29736 frame_p50_us=27954 frame_p95_us=36953 frame_max_us=36962 complete_p50_us=1823 complete_p95_us=4231 complete_max_us=4695 all_reused=1 pass=1
[11:41:26] TINYDRAW_GATE1_DRAW_FILL zoom=400 revision=2140 append_us=1318 poll_gap_us=96 event_submit_us=2432 event_complete_us=2611 max_compute_slice_us=4739 max_display_slice_us=24238 fill_us=279950 revision_restarted=1 pass=1
[11:41:26] TINYDRAW_GATE1_CACHE_FILL zoom=50 x=63 y=63 published=56 total_us=543049 within_cold_gate=0 complete=1
[11:41:27] TINYDRAW_GATE1_CACHE_FILL zoom=100 x=63 y=63 published=56 total_us=510742 within_cold_gate=0 complete=1
[11:41:27] TINYDRAW_GATE1_CACHE_FILL zoom=200 x=63 y=63 published=56 total_us=417897 within_cold_gate=1 complete=1
[11:41:28] TINYDRAW_GATE1_CACHE_FILL zoom=400 x=63 y=63 published=56 total_us=378947 within_cold_gate=1 complete=1
[11:41:28] TINYDRAW_GATE1_CACHE_REVISIT zoom=50 remaining=0 tile_pixels=118128 fallback_pixels=0 compose_us=27676 complete_us=18453 hit=1
[11:41:28] TINYDRAW_GATE1_CACHE_REVISIT zoom=100 remaining=0 tile_pixels=164864 fallback_pixels=0 compose_us=29763 complete_us=18267 hit=1
[11:41:28] TINYDRAW_GATE1_CACHE_REVISIT zoom=200 remaining=0 tile_pixels=164864 fallback_pixels=0 compose_us=30220 complete_us=17997 hit=1
[11:41:28] TINYDRAW_GATE1_CACHE_REVISIT zoom=400 remaining=0 tile_pixels=164607 fallback_pixels=0 compose_us=30991 complete_us=18782 hit=1
[11:41:28] TINYDRAW_GATE1_CACHE_FILL zoom=400 x=575 y=575 published=56 total_us=409880 within_cold_gate=1 complete=1
[11:41:29] TINYDRAW_GATE1_CACHE_ROUND_TRIP zoom=50 from_x=63 from_y=63 via_x=575 via_y=575 remaining=0 tile_pixels=118128 fallback_pixels=0 compose_us=27503 complete_us=18014 hit=1
[11:41:29] TINYDRAW_GATE1_CACHE_ROUND_TRIP zoom=100 from_x=63 from_y=63 via_x=575 via_y=575 remaining=0 tile_pixels=164864 fallback_pixels=0 compose_us=29499 complete_us=18780 hit=1
[11:41:29] TINYDRAW_GATE1_CACHE_ROUND_TRIP zoom=200 from_x=63 from_y=63 via_x=575 via_y=575 remaining=0 tile_pixels=164864 fallback_pixels=0 compose_us=30249 complete_us=18501 hit=1
[11:41:29] TINYDRAW_GATE1_CACHE_ROUND_TRIP zoom=400 from_x=63 from_y=63 via_x=575 via_y=575 remaining=0 tile_pixels=164607 fallback_pixels=0 compose_us=31019 complete_us=18311 hit=1
[11:41:29] TINYDRAW_GATE1_CACHE_RETENTION pass=1 slots=448 revision=2140
[11:41:30] TINYDRAW_PAPER_SWEEP zoom=100 identities=644 raw=266 uniform=378 fallback=0 slots=448 total_us=1475328 pass=1
[11:41:35] TINYDRAW_GATE1_CACHE_TOUR slots=448 stops=16 forward_steps=2306 forward_tiles=832 forward_wall_us=2404196 return_missing_tiles=0 return_steps=16 return_tiles=0 return_wall_us=42389 home_missing=0 home_fallback_pixels=0 pass=1
[11:41:36] TINYDRAW_GATE1_MIXED_DRAW_WARM zoom=50 fill_tiles=56 fill_us=455271 raw=42 uniform=14
[11:41:36] TINYDRAW_GATE1_MIXED_DRAW_WARM zoom=100 fill_tiles=56 fill_us=419823 raw=56 uniform=0
[11:41:37] TINYDRAW_GATE1_MIXED_DRAW_WARM zoom=200 fill_tiles=56 fill_us=384898 raw=56 uniform=0
[11:41:37] TINYDRAW_GATE1_MIXED_DRAW_WARM zoom=400 fill_tiles=42 fill_us=261034 raw=42 uniform=0
[11:41:38] TINYDRAW_GATE1_MIXED_DRAW zoom=25 tool=pen chunks=50 append_max_us=9459 append_avg_us=8256 append_total_us=412800 affected_tiles=196 published=0 fallback=196 committed=1 authority=1 refresh=1 run_ok=1 pass=1
[11:41:39] TINYDRAW_GATE1_MIXED_DRAW zoom=25 tool=eraser chunks=50 append_max_us=9556 append_avg_us=8180 append_total_us=409043 affected_tiles=0 published=0 fallback=0 committed=1 authority=1 refresh=1 run_ok=1 pass=1
[11:41:41] TINYDRAW_GATE1_MIXED_DRAW zoom=50 tool=pen chunks=50 append_max_us=12075 append_avg_us=10028 append_total_us=501406 affected_tiles=422 published=400 fallback=22 committed=1 authority=1 refresh=1 run_ok=1 pass=1
[11:41:41] TINYDRAW_GATE1_MIXED_DRAW zoom=50 tool=eraser chunks=50 append_max_us=10731 append_avg_us=9781 append_total_us=489078 affected_tiles=405 published=405 fallback=0 committed=1 authority=1 refresh=1 run_ok=1 pass=1
[11:41:43] TINYDRAW_GATE1_MIXED_DRAW zoom=100 tool=pen chunks=50 append_max_us=10037 append_avg_us=8324 append_total_us=416202 affected_tiles=450 published=398 fallback=52 committed=1 authority=1 refresh=1 run_ok=1 pass=1
[11:41:44] TINYDRAW_GATE1_MIXED_DRAW zoom=100 tool=eraser chunks=50 append_max_us=9112 append_avg_us=8117 append_total_us=405862 affected_tiles=399 published=399 fallback=0 committed=1 authority=1 refresh=1 run_ok=1 pass=1
[11:41:45] TINYDRAW_GATE1_MIXED_DRAW zoom=200 tool=pen chunks=50 append_max_us=9517 append_avg_us=7750 append_total_us=387547 affected_tiles=425 published=389 fallback=36 committed=1 authority=1 refresh=1 run_ok=1 pass=1
[11:41:46] TINYDRAW_GATE1_MIXED_DRAW zoom=200 tool=eraser chunks=50 append_max_us=8560 append_avg_us=7509 append_total_us=375491 affected_tiles=388 published=388 fallback=0 committed=1 authority=1 refresh=1 run_ok=1 pass=1
[11:41:47] TINYDRAW_GATE1_MIXED_DRAW zoom=400 tool=pen chunks=50 append_max_us=8933 append_avg_us=7195 append_total_us=359794 affected_tiles=358 published=334 fallback=24 committed=1 authority=1 refresh=1 run_ok=1 pass=1
[11:41:48] TINYDRAW_GATE1_MIXED_DRAW zoom=400 tool=eraser chunks=50 append_max_us=7949 append_avg_us=7054 append_total_us=352718 affected_tiles=350 published=350 fallback=0 committed=1 authority=1 refresh=1 run_ok=1 pass=1
[11:41:48] TINYDRAW_GATE1_MIXED_DRAW_REVISIT zoom=50 missing=4 refill_tiles=4 refill_us=138838
[11:41:48] TINYDRAW_GATE1_MIXED_DRAW_REVISIT zoom=100 missing=9 refill_tiles=9 refill_us=237397
[11:41:49] TINYDRAW_GATE1_MIXED_DRAW_REVISIT zoom=200 missing=16 refill_tiles=16 refill_us=244458
[11:41:49] TINYDRAW_GATE1_MIXED_DRAW_REVISIT zoom=400 missing=0 refill_tiles=0 refill_us=890
[11:41:49] TINYDRAW_GATE1_MIXED_DRAW_SUMMARY slots=448 strokes=10 worst_append_us=12075 pass=1
[11:41:54] TINYDRAW_GATE1_IDLE_REPAIR damaged=588 remaining=0 plan_views=24 steps=4100 repair_us=3700773 worst_step_us=8027 warm_tiles=56 pass=1
[11:41:55] E (46220) task_wdt: Task watchdog got triggered. The following tasks/users did not reset the watchdog in time:
[11:41:55] E (46220) task_wdt:  - IDLE0 (CPU 0)
[11:41:55] E (46220) task_wdt: Tasks currently running:
[11:41:55] E (46220) task_wdt: CPU 0: main
[11:41:55] E (46220) task_wdt: CPU 1: IDLE1
[11:41:55] E (46220) task_wdt: Print CPU 0 (current core) backtrace
[11:41:55] 
[11:41:55] 
[11:41:55] Backtrace: 0x42037929:0x3FC95A10 0x403787AD:0x3FC95A50 0x40057073:0x3FC9C810 0x42025B3A:0x3FC9C830 0x42025DD6:0x3FC9C8B0 0x420156B7:0x3FC9CA30 0x42015D85:0x3FC9CB80 0x4201A588:0x3FC9CF30 0x4200C3E8:0x3FC9D420 0x4200FDF3:0x3FC9EB00 0x4200796E:0x3FC9EB20
[11:41:55] 
[11:41:55] TINYDRAW_HAIRLINE_DOC ops=740 samples=7279 append_total_us=902295 append_max_us=44779
[11:41:56] TINYDRAW_HAIRLINE_COLD zoom=100 wall_us=247304 steps=209 tiles=56 worst_step_us=8639
[11:41:56] TINYDRAW_HAIRLINE_COLD zoom=400 wall_us=197654 steps=194 tiles=48 worst_step_us=8176
[11:41:59] TINYDRAW_HAIRLINE_REPAIR steps=2341 wall_us=2535211 worst_step_us=9102 resident=408/448 grid_stopped=1 pass2_steps=8 pass2_wall_us=11668 no_churn=1
[11:42:00] TINYDRAW_HAIRLINE_TOUR stops=8 total_us=1160677 worst_stop_us=225511 worst_step_us=11194
[11:42:00] TINYDRAW_GATE1_HAIRLINE raw=339 uniform=69 fallback=236 capacity=448 worst_step_us=11194 grid_stopped=1 pass=1
[11:42:02] TINYDRAW_GATE1_LONG_GESTURE path=reference samples=1600 chunks=26 append_total_us=696681 append_max_us=33189 append_avg_us=26795 refresh_fallback_pixels=0 settled_fallback_pixels=0 committed=1 authority=1 refresh=1 run_ok=1
[11:42:02] TINYDRAW_GATE1_LONG_GESTURE path=in_place samples=1600 chunks=52 append_total_us=357127 append_max_us=8393 append_avg_us=6867 refresh_fallback_pixels=0 settled_fallback_pixels=0 committed=1 authority=1 refresh=1 run_ok=1
[11:42:02] TINYDRAW_V2_EXPORT_PROGRESS row=0 of=1792
[11:42:03] TINYDRAW_V2_EXPORT_PROGRESS row=256 of=1792
[11:42:03] TINYDRAW_V2_EXPORT_PROGRESS row=512 of=1792
[11:42:04] TINYDRAW_V2_EXPORT_PROGRESS row=768 of=1792
[11:42:05] TINYDRAW_V2_EXPORT_PROGRESS row=1024 of=1792
[11:42:06] TINYDRAW_V2_EXPORT_PROGRESS row=1280 of=1792
[11:42:07] TINYDRAW_V2_EXPORT_PROGRESS row=1536 of=1792
[11:42:07] E (58068) task_wdt: Task watchdog got triggered. The following tasks/users did not reset the watchdog in time:
[11:42:07] E (58068) task_wdt:  - IDLE0 (CPU 0)
[11:42:07] E (58068) task_wdt: Tasks currently running:
[11:42:07] E (58068) task_wdt: CPU 0: main
[11:42:07] E (58068) task_wdt: CPU 1: IDLE1
[11:42:07] E (58068) task_wdt: Print CPU 0 (current core) backtrace
[11:42:07] 
[11:42:07] 
[11:42:07] Backtrace: 0x42037929:0x3FC95A10 0x403787AD:0x3FC95A50 0x4201F0A3:0x3FC9CCF0 0x4201F238:0x3FC9CD20 0x4201F542:0x3FC9CD60 0x4201C179:0x3FC9CD80 0x42013109:0x3FC9CDE0 0x42013325:0x3FC9CE90 0x4200FF0B:0x3FC9CEC0 0x4201A634:0x3FC9CF30 0x4200C3E8:0x3FC9D420 0x4200FDF3:0x3FC9EB00 0x4200796E:0x3FC9EB20
[11:42:07] 
[11:42:08] TINYDRAW_GATE1_EXPORT encoded=1 bytes=40045 elapsed_us=5794143 workspace_bytes=50652 band_bytes=376832 free_psram=1987924 free_internal=242524 signature=1 dimensions=1 pass=1
[11:42:08] TINYDRAW_EXPORT_RESERVE requested=1572864 free_before=1987924 largest_before=1966080 free_held=415056 largest_held=409600 pass=1
[11:42:08] TINYDRAW_GATE1_AUTOMATED_DONE stress=1 stress_100=1 stress_400=1 overlap_ready=1 overlap_cold=1 adversarial_ready=1 adversarial_cold=1 workload=1 paced_cold=1 hard_100=1 hard_400=1 pan_100=1 pan_400=1 pan_seq=1 live_overlay=1 draw_fill=1 cache=1 full_world_cache=1 cache_tour=1 mixed_draw=1 idle_repair=1 hairline=1 long_gesture=1 export_encode=1 export_reserve=1 return=1 ssaa_receipt=yellow
[11:42:08] TINYDRAW_VECTOR_V2_GATE_HARNESS_DONE pass=1
[11:42:08] TINYDRAW_VECTOR_V2_READY zoom=25 controls=chrome button=cycle_all_zooms operations_capacity=4000 samples_capacity=80000 live_storage_bytes=6356256 overview_bytes=1318912 raw_tile_bytes=3670016 tile_metadata_bytes=73976 operation_bytes=720000 live_scratch_bytes=573352 free_psram=1987924 largest_psram=1966080 te_edges=3424 te_period_us=16811 te_high_us=578 te_level=0 main_stack_free=4968
