[23:16:17] I (103) esp_image: segment 0: paddr=00010020 vaddr=3c050020 sizeESP-ROM:esp32s3-20210327
[23:16:17] Build:Mar 27 2021
[23:16:17] rst:0x15 (USB_UART_CHIP_RESET),boot:0x2b (SPI_FAST_FLASH_BOOT)
[23:16:17] Saved PC:0x420089c8
[23:16:17] SPIWP:0xee
[23:16:17] mode:DIO, clock div:1
[23:16:17] load:0x3fce2820,len:0x1664
[23:16:17] load:0x403c8700,len:0xf38
[23:16:17] load:0x403cb700,len:0x31e8
[23:16:17] entry 0x403c8930
[23:16:17] I (24) boot: ESP-IDF v6.0.2 2nd stage bootloader
[23:16:17] I (24) boot: compile time Aug 14 2026 22:55:51
[23:16:17] I (25) boot: Multicore bootloader
[23:16:17] I (25) boot: chip revision: v0.2
[23:16:17] I (28) boot: efuse block revision: v1.3
[23:16:17] I (31) qio_mode: Enabling default flash chip QIO
[23:16:17] I (36) boot.esp32s3: Boot SPI Speed : 80MHz
[23:16:17] I (39) boot.esp32s3: SPI Mode       : QIO
[23:16:17] I (43) boot.esp32s3: SPI Flash Size : 16MB
[23:16:17] I (47) boot: Enabling RNG early entropy source...
[23:16:17] I (51) boot: Partition Table:
[23:16:17] I (54) boot: ## Label            Usage          Type ST Offset   Length
[23:16:17] I (60) boot:  0 nvs              WiFi data        01 02 00009000 00006000
[23:16:17] I (67) boot:  1 phy_init         RF data          01 01 0000f000 00001000
[23:16:17] I (73) boot:  2 factory          factory app      00 00 00010000 00100000
[23:16:17] I (80) boot:  3 drawing          Unknown data     01 40 00110000 00300000
[23:16:17] I (86) boot:  4 export           Unknown data     01 41 00410000 00500000
[23:16:17] I (93) boot:  5 coredump         Unknown data     01 03 00910000 00010000
[23:16:17] I (100) boot: End of partition table
[23:16:17] I (103) esp_image: segment 0: paddr=00010020 vaddr=3c050020 size=13cech ( 81132) map
[23:16:17] I (123) esp_image: segment 1: paddr=00023d14 vaddr=3fc94500 size=03764h ( 14180) load
[23:16:17] I (126) esp_image: segment 2: paddr=00027480 vaddr=40374000 size=08b98h ( 35736) load
[23:16:17] I (134) esp_image: segment 3: paddr=00030020 vaddr=42000020 size=42eb0h (274096) map
[23:16:17] I (177) esp_image: segment 4: paddr=00072ed8 vaddr=4037cb98 size=078c4h ( 30916) load
[23:16:17] I (183) esp_image: segment 5: paddr=0007a7a4 vaddr=50000000 size=00024h (    36) load
[23:16:17] I (191) boot: Loaded app from partition at offset 0x10000
[23:16:17] I (191) boot: Disabling RNG early entropy source...
[23:16:17] I (202) octal_psram: vendor id    : 0x0d (AP)
[23:16:17] I (202) octal_psram: dev id       : 0x02 (generation 3)
[23:16:17] I (202) octal_psram: density      : 0x03 (64 Mbit)
[23:16:17] I (204) octal_psram: good-die     : 0x01 (Pass)
[23:16:17] I (209) octal_psram: Latency      : 0x01 (Fixed)
[23:16:17] I (213) octal_psram: VCC          : 0x01 (3V)
[23:16:17] I (217) octal_psram: SRF          : 0x01 (Fast Refresh)
[23:16:17] I (222) octal_psram: BurstType    : 0x01 (Hybrid Wrap)
[23:16:17] I (227) octal_psram: BurstLen     : 0x01 (32 Byte)
[23:16:17] I (231) octal_psram: Readlatency  : 0x02 (10 cycles@Fixed)
[23:16:17] I (237) octal_psram: DriveStrength: 0x00 (1/1)
[23:16:17] I (241) MSPI Timing: Enter psram timing tuning
[23:16:17] I (246) esp_psram: Found 8MB PSRAM device
[23:16:17] I (249) esp_psram: Speed: 80MHz
[23:16:17] I (252) cpu_start: Multicore app
[23:16:17] I (668) esp_psram: SPI SRAM memory test OK
[23:16:17] I (676) cpu_start: GPIO 44 and 43 are used as console UART I/O pins
[23:16:17] I (676) cpu_start: Pro cpu start user code
[23:16:17] I (676) cpu_start: cpu freq: 240000000 Hz
[23:16:17] I (678) app_init: Application information:
[23:16:17] I (682) app_init: Project name:     tinydraw_esp32
[23:16:17] I (686) app_init: App version:      b62f81a
[23:16:17] I (690) app_init: Compile time:     Aug 14 2026 23:16:00
[23:16:17] I (695) app_init: ELF file SHA256:  5ce6ad7a6...
[23:16:17] I (700) app_init: ESP-IDF:          v6.0.2
[23:16:17] I (704) efuse_init: Min chip rev:     v0.0
[23:16:17] I (707) efuse_init: Max chip rev:     v0.99 
[23:16:17] I (711) efuse_init: Chip rev:         v0.2
[23:16:17] I (715) heap_init: Initializing. RAM available for dynamic allocation:
[23:16:17] I (721) heap_init: At 3FC99090 len 00050680 (321 KiB): RAM
[23:16:17] I (727) heap_init: At 3FCE9710 len 00005724 (21 KiB): RAM
[23:16:17] I (732) heap_init: At 3FCF0000 len 00008000 (32 KiB): DRAM
[23:16:17] I (737) heap_init: At 600FE000 len 00001FE8 (7 KiB): RTCRAM
[23:16:17] I (742) esp_psram: Adding pool of 8192K of PSRAM memory to heap allocator
[23:16:17] I (749) spi_flash: detected chip: generic
[23:16:17] I (752) spi_flash: flash io: qio
[23:16:17] I (756) sleep_gpio: Configure to isolate all GPIO pins in sleep state
[23:16:17] I (762) sleep_gpio: Enable automatic switching of GPIO sleep configuration
[23:16:17] I (769) main_task: Started on CPU0
[23:16:17] I (772) main_task: Calling app_main()
[23:16:17] TINYDRAW_PANEL_HARD_RESET=1
[23:16:17] I (969) co5300: version: 2.1.0
[23:16:17] I (970) co5300_spi: LCD panel create success, version: 2.1.0
[23:16:17] W (1050) co5300_spi: The 3Ah command has been used and will be overwritten by external initialization sequence
[23:16:17] I (1151) CST816S: IC id: 183
[23:16:18] TINYDRAW_LIVE_PRESENT kind=startup zoom=25 x=0 y=0 compose_us=36900 scroll_us=0 exposed_compose_us=0 chrome_us=8400 read_submit_us=0 read_complete_us=0 transfer_wait_us=19713 tile_pixels=0 uniform_pixels=0 overview_pixels=164864 fallback_pixels=0 resident_tiles=0 fallback_tiles=0 pushes=21 tear_wait_us=5962 tear_sync=1 frame_reused=0 pass=1
[23:16:18] TINYDRAW_LIVE_STRESS operations=1000 samples=20000 total_us=441571 average_us=441 maximum_us=1013 free_psram=2515156 largest_psram=2490368
[23:16:18] TINYDRAW_LIVE_PRESENT kind=gate_fallback zoom=100 x=0 y=0 compose_us=25623 scroll_us=0 exposed_compose_us=0 chrome_us=8040 read_submit_us=31439 read_complete_us=32235 transfer_wait_us=20419 tile_pixels=0 uniform_pixels=0 overview_pixels=0 fallback_pixels=164864 resident_tiles=0 fallback_tiles=42 pushes=21 tear_wait_us=4988 tear_sync=1 frame_reused=0 pass=1
[23:16:18] TINYDRAW_GATE1_HARD zoom=100 cold=1 operations=1000 samples=20000 steps=192 tiles=42 scanned=12000 rendered=1659 max_supertask_us=9299 presentation_us=67324 total_us=268695 pass=1
[23:16:18] TINYDRAW_LIVE_PRESENT kind=gate_fallback zoom=400 x=0 y=0 compose_us=24988 scroll_us=0 exposed_compose_us=0 chrome_us=7938 read_submit_us=29982 read_complete_us=30771 transfer_wait_us=20188 tile_pixels=0 uniform_pixels=0 overview_pixels=0 fallback_pixels=164864 resident_tiles=0 fallback_tiles=42 pushes=21 tear_wait_us=4160 tear_sync=1 frame_reused=0 pass=1
[23:16:19] TINYDRAW_GATE1_HARD zoom=400 cold=1 operations=1000 samples=20000 steps=196 tiles=42 scanned=12000 rendered=120 max_supertask_us=8594 presentation_us=65922 total_us=204128 pass=1
[23:16:19] TINYDRAW_OVERLAP_WORKLOAD operations=8 samples=1200 radius_world=80
[23:16:20] TINYDRAW_GATE1_PACED_COLD corpus=overlap zoom=50 x=215 y=255 steps=334 tiles=56 compute_us=369950 present_us=82182 touch_us=947 pacing_us=8684 wall_us=461763 max_tick_us=10022 touch_samples=2198 touch_interval_max_us=1678 touch_read_max_us=608 touch_events=0 touch_down=0 touch_up=0 touch_events_ge_8ms=0 touch_event_age_max_us=0 touch_errors=0 touch_overflows=0 pass=1
[23:16:20] TINYDRAW_GATE1_PACED_COLD corpus=overlap zoom=100 x=583 y=703 steps=172 tiles=48 compute_us=229969 present_us=81876 touch_us=581 pacing_us=7593 wall_us=320019 max_tick_us=10018 touch_samples=412 touch_interval_max_us=1815 touch_read_max_us=491 touch_events=0 touch_down=0 touch_up=0 touch_events_ge_8ms=0 touch_event_age_max_us=0 touch_errors=0 touch_overflows=0 pass=1
[23:16:20] TINYDRAW_GATE1_PACED_COLD corpus=overlap zoom=200 x=1319 y=1599 steps=128 tiles=56 compute_us=231582 present_us=78957 touch_us=530 pacing_us=6748 wall_us=317817 max_tick_us=9590 touch_samples=402 touch_interval_max_us=1136 touch_read_max_us=441 touch_events=0 touch_down=0 touch_up=0 touch_events_ge_8ms=0 touch_event_age_max_us=0 touch_errors=0 touch_overflows=0 pass=1
[23:16:21] TINYDRAW_GATE1_PACED_COLD corpus=overlap zoom=400 x=2791 y=3391 steps=94 tiles=56 compute_us=217349 present_us=80186 touch_us=477 pacing_us=5810 wall_us=303822 max_tick_us=9834 touch_samples=389 touch_interval_max_us=1134 touch_read_max_us=434 touch_events=0 touch_down=0 touch_up=0 touch_events_ge_8ms=0 touch_event_age_max_us=0 touch_errors=0 touch_overflows=0 pass=1
[23:16:21] TINYDRAW_ADVERSARIAL_TAPERED_WORKLOAD operations=128 samples=4096 erasers=12 load_us=216052 appended=1
[23:16:21] TINYDRAW_GATE1_PACED_COLD corpus=adversarial_tapered_4x zoom=50 x=0 y=0 steps=104 tiles=42 compute_us=97449 present_us=61593 touch_us=392 pacing_us=4870 wall_us=164304 max_tick_us=7807 touch_samples=500 touch_interval_max_us=1133 touch_read_max_us=428 touch_events=0 touch_down=0 touch_up=0 touch_events_ge_8ms=0 touch_event_age_max_us=0 touch_errors=0 touch_overflows=0 pass=1
[23:16:22] TINYDRAW_GATE1_PACED_COLD corpus=adversarial_tapered_4x zoom=100 x=0 y=0 steps=348 tiles=42 compute_us=162902 present_us=59510 touch_us=615 pacing_us=5979 wall_us=229006 max_tick_us=8341 touch_samples=316 touch_interval_max_us=1129 touch_read_max_us=430 touch_events=0 touch_down=0 touch_up=0 touch_events_ge_8ms=0 touch_event_age_max_us=0 touch_errors=0 touch_overflows=0 pass=1
[23:16:23] TINYDRAW_GATE1_PACED_COLD corpus=adversarial_tapered_4x zoom=200 x=0 y=0 steps=1214 tiles=42 compute_us=455480 present_us=63702 touch_us=1479 pacing_us=19457 wall_us=540118 max_tick_us=10199 touch_samples=631 touch_interval_max_us=1147 touch_read_max_us=432 touch_events=0 touch_down=0 touch_up=0 touch_events_ge_8ms=0 touch_event_age_max_us=0 touch_errors=0 touch_overflows=0 pass=1
[23:16:23] TINYDRAW_GATE1_PACED_COLD corpus=adversarial_tapered_4x zoom=400 x=0 y=0 steps=904 tiles=42 compute_us=560736 present_us=66508 touch_us=1554 pacing_us=15769 wall_us=644567 max_tick_us=9601 touch_samples=726 touch_interval_max_us=1128 touch_read_max_us=420 touch_events=0 touch_down=0 touch_up=0 touch_events_ge_8ms=0 touch_event_age_max_us=0 touch_errors=0 touch_overflows=0 pass=1
[23:16:24] TINYDRAW_GATE1_WORKLOAD kind=realistic seed=7 operations=1000 samples=19844 maximum_stroke=198 load_us=345153 raw_source=1 lod_copies=0
[23:16:24] TINYDRAW_GATE1_PACED_COLD corpus=seed7 zoom=400 x=63 y=63 steps=281 tiles=56 compute_us=272920 present_us=84136 touch_us=596 pacing_us=8555 wall_us=366207 max_tick_us=12628 touch_samples=914 touch_interval_max_us=1900 touch_read_max_us=495 touch_events=0 touch_down=0 touch_up=0 touch_events_ge_8ms=0 touch_event_age_max_us=0 touch_errors=0 touch_overflows=0 pass=1
[23:16:24] TINYDRAW_LIVE_PRESENT kind=gate_fallback zoom=100 x=0 y=0 compose_us=25843 scroll_us=0 exposed_compose_us=0 chrome_us=8055 read_submit_us=39882 read_complete_us=40684 transfer_wait_us=19970 tile_pixels=0 uniform_pixels=0 overview_pixels=0 fallback_pixels=164864 resident_tiles=0 fallback_tiles=42 pushes=21 tear_wait_us=13177 tear_sync=1 frame_reused=0 pass=1
[23:16:25] TINYDRAW_GATE1_HARD zoom=100 cold=1 operations=1000 samples=19844 steps=275 tiles=42 scanned=12000 rendered=5232 max_supertask_us=9521 presentation_us=68631 total_us=378345 pass=1
[23:16:25] TINYDRAW_GATE1_LIVE_OVERLAY clear_updates=47 clear_wall_max_us=2975 clear_submit_max_us=2215 clear_complete_max_us=2259 overlay_updates=26 overlay_wall_max_us=2921 overlay_submit_max_us=2352 overlay_complete_max_us=2388 overlay_chrome_max_us=0 clear_failures=0 overlay_failures=0 pass=1
[23:16:25] TINYDRAW_GATE1_PAN zoom=100 from_x=0 from_y=0 to_x=88 to_y=88 compose_us=35424 scroll_us=11525 exposed_compose_us=15977 chrome_us=7922 event_submit_us=40140 event_complete_us=40943 transfer_us=19525 setup=1 present=1 moved=1 frame_reused=1 pass=0
[23:16:25] TINYDRAW_LIVE_PRESENT kind=gate_fallback zoom=400 x=0 y=0 compose_us=25167 scroll_us=0 exposed_compose_us=0 chrome_us=8052 read_submit_us=29536 read_complete_us=30336 transfer_wait_us=20163 tile_pixels=0 uniform_pixels=0 overview_pixels=0 fallback_pixels=164864 resident_tiles=0 fallback_tiles=42 pushes=21 tear_wait_us=3494 tear_sync=1 frame_reused=0 pass=1
[23:16:26] TINYDRAW_GATE1_HARD zoom=400 cold=1 operations=1000 samples=19844 steps=211 tiles=42 scanned=12000 rendered=591 max_supertask_us=11094 presentation_us=66307 total_us=264965 pass=1
[23:16:26] TINYDRAW_GATE1_PAN zoom=400 from_x=0 from_y=0 to_x=88 to_y=88 compose_us=35278 scroll_us=11531 exposed_compose_us=15880 chrome_us=7867 event_submit_us=39948 event_complete_us=40753 transfer_us=19802 setup=1 present=1 moved=1 frame_reused=1 pass=0
[23:16:30] TINYDRAW_PANSEQ_FRAME zoom=100 step=0 dx=24 dy=18 scroll_us=15716 exposed_compose_us=4749 tear_wait_us=10786 present_us=20345 prepare_us=9073 staging_us=10527 event_submit_us=40015 event_complete_us=40817 frame_us=68101 tear_sync=1 frame_reused=1 pass=1
[23:16:30] TINYDRAW_PANSEQ_FRAME zoom=100 step=1 dx=24 dy=18 scroll_us=15721 exposed_compose_us=4730 tear_wait_us=9929 present_us=20048 prepare_us=9099 staging_us=10533 event_submit_us=39138 event_complete_us=39942 frame_us=67132 tear_sync=1 frame_reused=1 pass=1
[23:16:30] TINYDRAW_PANSEQ_FRAME zoom=100 step=2 dx=24 dy=18 scroll_us=15719 exposed_compose_us=4413 tear_wait_us=10298 present_us=19801 prepare_us=8932 staging_us=10766 event_submit_us=39203 event_complete_us=40007 frame_us=66992 tear_sync=1 frame_reused=1 pass=1
[23:16:30] TINYDRAW_PANSEQ_FRAME zoom=100 step=3 dx=24 dy=18 scroll_us=15764 exposed_compose_us=5019 tear_wait_us=9934 present_us=19554 prepare_us=9038 staging_us=10596 event_submit_us=39414 event_complete_us=40216 frame_us=66897 tear_sync=1 frame_reused=1 pass=1
[23:16:30] TINYDRAW_PANSEQ_FRAME zoom=100 step=4 dx=24 dy=18 scroll_us=15737 exposed_compose_us=4485 tear_wait_us=10792 present_us=20284 prepare_us=9165 staging_us=10490 event_submit_us=39743 event_complete_us=40546 frame_us=68007 tear_sync=1 frame_reused=1 pass=1
[23:16:30] TINYDRAW_PANSEQ_FRAME zoom=100 step=5 dx=24 dy=18 scroll_us=15732 exposed_compose_us=4745 tear_wait_us=9842 present_us=19916 prepare_us=9012 staging_us=10714 event_submit_us=39053 event_complete_us=39855 frame_us=66941 tear_sync=1 frame_reused=1 pass=1
[23:16:30] TINYDRAW_PANSEQ_FRAME zoom=100 step=6 dx=24 dy=18 scroll_us=15747 exposed_compose_us=4409 tear_wait_us=10421 present_us=19654 prepare_us=8951 staging_us=10692 event_submit_us=39324 event_complete_us=40127 frame_us=66947 tear_sync=1 frame_reused=1 pass=1
[23:16:30] TINYDRAW_PANSEQ_FRAME zoom=100 step=7 dx=24 dy=18 scroll_us=15756 exposed_compose_us=4807 tear_wait_us=10340 present_us=20345 prepare_us=9039 staging_us=10575 event_submit_us=39636 event_complete_us=40433 frame_us=67894 tear_sync=1 frame_reused=1 pass=1
[23:16:30] TINYDRAW_PANSEQ_FRAME zoom=100 step=8 dx=24 dy=18 scroll_us=15728 exposed_compose_us=4865 tear_wait_us=9725 present_us=19973 prepare_us=9103 staging_us=10559 event_submit_us=39068 event_complete_us=39871 frame_us=67016 tear_sync=1 frame_reused=1 pass=1
[23:16:30] TINYDRAW_PANSEQ_FRAME zoom=100 step=9 dx=24 dy=18 scroll_us=15732 exposed_compose_us=4819 tear_wait_us=10018 present_us=19699 prepare_us=8936 staging_us=10793 event_submit_us=39274 event_complete_us=40076 frame_us=67066 tear_sync=1 frame_reused=1 pass=1
[23:16:30] TINYDRAW_PANSEQ_FRAME zoom=100 step=10 dx=24 dy=18 scroll_us=15745 exposed_compose_us=4438 tear_wait_us=10636 present_us=20287 prepare_us=9087 staging_us=10518 event_submit_us=39575 event_complete_us=40379 frame_us=67975 tear_sync=1 frame_reused=1 pass=1
[23:16:30] TINYDRAW_PANSEQ_FRAME zoom=100 step=11 dx=24 dy=18 scroll_us=15729 exposed_compose_us=5269 tear_wait_us=9255 present_us=19800 prepare_us=9000 staging_us=10715 event_submit_us=39042 event_complete_us=39845 frame_us=67032 tear_sync=1 frame_reused=1 pass=1
[23:16:30] TINYDRAW_PANSEQ_FRAME zoom=100 step=12 dx=24 dy=18 scroll_us=15734 exposed_compose_us=4618 tear_wait_us=10138 present_us=19563 prepare_us=9030 staging_us=10629 event_submit_us=39203 event_complete_us=40006 frame_us=66965 tear_sync=1 frame_reused=1 pass=1
[23:16:30] TINYDRAW_PANSEQ_FRAME zoom=100 step=13 dx=24 dy=18 scroll_us=15741 exposed_compose_us=4861 tear_wait_us=10206 present_us=20226 prepare_us=9132 staging_us=10489 event_submit_us=39528 event_complete_us=40330 frame_us=67812 tear_sync=1 frame_reused=1 pass=1
[23:16:30] TINYDRAW_PANSEQ_FRAME zoom=100 step=14 dx=24 dy=18 scroll_us=15750 exposed_compose_us=4653 tear_wait_us=9892 present_us=19886 prepare_us=9000 staging_us=10649 event_submit_us=39012 event_complete_us=39815 frame_us=67040 tear_sync=1 frame_reused=1 pass=1
[23:16:30] TINYDRAW_PANSEQ_FRAME zoom=100 step=15 dx=24 dy=18 scroll_us=15743 exposed_compose_us=4925 tear_wait_us=9786 present_us=19651 prepare_us=8967 staging_us=10676 event_submit_us=39162 event_complete_us=39964 frame_us=67029 tear_sync=1 frame_reused=1 pass=1
[23:16:31] TINYDRAW_PANSEQ_FRAME zoom=100 step=16 dx=72 dy=54 scroll_us=13704 exposed_compose_us=12889 tear_wait_us=4104 present_us=20365 prepare_us=9052 staging_us=10571 event_submit_us=39373 event_complete_us=40173 frame_us=68081 tear_sync=1 frame_reused=1 pass=1
[23:16:31] TINYDRAW_PANSEQ_FRAME zoom=100 step=17 dx=72 dy=54 scroll_us=13688 exposed_compose_us=12706 tear_wait_us=3504 present_us=20037 prepare_us=9090 staging_us=10545 event_submit_us=38574 event_complete_us=39378 frame_us=66888 tear_sync=1 frame_reused=1 pass=1
[23:16:31] TINYDRAW_PANSEQ_FRAME zoom=100 step=18 dx=72 dy=54 scroll_us=13702 exposed_compose_us=11789 tear_wait_us=4703 present_us=19775 prepare_us=8964 staging_us=10726 event_submit_us=38904 event_complete_us=39707 frame_us=66659 tear_sync=1 frame_reused=1 pass=1
[23:16:31] TINYDRAW_PANSEQ_FRAME zoom=100 step=19 dx=72 dy=54 scroll_us=13721 exposed_compose_us=11913 tear_wait_us=5196 present_us=20504 prepare_us=9067 staging_us=10571 event_submit_us=39464 event_complete_us=40266 frame_us=67619 tear_sync=1 frame_reused=1 pass=1
[23:16:31] TINYDRAW_PANSEQ_FRAME zoom=100 step=20 dx=-72 dy=-54 scroll_us=13636 exposed_compose_us=12895 tear_wait_us=3882 present_us=20162 prepare_us=9136 staging_us=10425 event_submit_us=39141 event_complete_us=39947 frame_us=67310 tear_sync=1 frame_reused=1 pass=1
[23:16:31] TINYDRAW_PANSEQ_FRAME zoom=100 step=21 dx=-72 dy=-54 scroll_us=13639 exposed_compose_us=12774 tear_wait_us=3987 present_us=19833 prepare_us=9005 staging_us=10676 event_submit_us=39115 event_complete_us=39918 frame_us=67139 tear_sync=1 frame_reused=1 pass=1
[23:16:31] TINYDRAW_PANSEQ_FRAME zoom=100 step=22 dx=-72 dy=-54 scroll_us=13664 exposed_compose_us=12679 tear_wait_us=4205 present_us=19588 prepare_us=9026 staging_us=10639 event_submit_us=39178 event_complete_us=39982 frame_us=67101 tear_sync=1 frame_reused=1 pass=1
[23:16:31] TINYDRAW_PANSEQ_FRAME zoom=100 step=23 dx=-72 dy=-54 scroll_us=13656 exposed_compose_us=12249 tear_wait_us=4767 present_us=20256 prepare_us=9047 staging_us=10569 event_submit_us=39363 event_complete_us=40165 frame_us=67831 tear_sync=1 frame_reused=1 pass=1
[23:16:31] TINYDRAW_GATE1_PANSEQ zoom=100 frames=24 scroll_avg_us=15050 exposed_avg_us=7320 tear_wait_avg_us=8181 present_avg_us=19981 prepare_avg_us=9039 staging_avg_us=10610 frame_avg_us=67311 frame_p50_us=67066 frame_p95_us=68081 frame_max_us=68101 complete_p50_us=40006 complete_p95_us=40546 complete_max_us=40817 all_reused=1 pass=1
[23:16:34] TINYDRAW_PANSEQ_FRAME zoom=400 step=0 dx=24 dy=18 scroll_us=15714 exposed_compose_us=4747 tear_wait_us=11246 present_us=20363 prepare_us=9082 staging_us=10566 event_submit_us=40325 event_complete_us=41125 frame_us=68233 tear_sync=1 frame_reused=1 pass=1
[23:16:34] TINYDRAW_PANSEQ_FRAME zoom=400 step=1 dx=24 dy=18 scroll_us=15691 exposed_compose_us=4659 tear_wait_us=10337 present_us=20047 prepare_us=9020 staging_us=10612 event_submit_us=39343 event_complete_us=40145 frame_us=67257 tear_sync=1 frame_reused=1 pass=1
[23:16:34] TINYDRAW_PANSEQ_FRAME zoom=400 step=2 dx=24 dy=18 scroll_us=15720 exposed_compose_us=4351 tear_wait_us=10576 present_us=19788 prepare_us=8980 staging_us=10656 event_submit_us=39304 event_complete_us=40107 frame_us=66730 tear_sync=1 frame_reused=1 pass=1
[23:16:34] TINYDRAW_PANSEQ_FRAME zoom=400 step=3 dx=24 dy=18 scroll_us=15725 exposed_compose_us=4753 tear_wait_us=10618 present_us=19553 prepare_us=9044 staging_us=10599 event_submit_us=39763 event_complete_us=40565 frame_us=66917 tear_sync=1 frame_reused=1 pass=1
[23:16:34] TINYDRAW_PANSEQ_FRAME zoom=400 step=4 dx=24 dy=18 scroll_us=15730 exposed_compose_us=4276 tear_wait_us=11407 present_us=20266 prepare_us=9099 staging_us=10546 event_submit_us=40089 event_complete_us=40891 frame_us=68038 tear_sync=1 frame_reused=1 pass=1
[23:16:34] TINYDRAW_PANSEQ_FRAME zoom=400 step=5 dx=24 dy=18 scroll_us=15701 exposed_compose_us=4548 tear_wait_us=10342 present_us=19988 prepare_us=9017 staging_us=10696 event_submit_us=39284 event_complete_us=40081 frame_us=66880 tear_sync=1 frame_reused=1 pass=1
[23:16:34] TINYDRAW_PANSEQ_FRAME zoom=400 step=6 dx=24 dy=18 scroll_us=15731 exposed_compose_us=4470 tear_wait_us=10693 present_us=19782 prepare_us=8908 staging_us=10775 event_submit_us=39562 event_complete_us=40365 frame_us=67410 tear_sync=1 frame_reused=1 pass=1
[23:16:34] TINYDRAW_PANSEQ_FRAME zoom=400 step=7 dx=24 dy=18 scroll_us=15745 exposed_compose_us=5018 tear_wait_us=9967 present_us=19524 prepare_us=9029 staging_us=10610 event_submit_us=39366 event_complete_us=40168 frame_us=67069 tear_sync=1 frame_reused=1 pass=1
[23:16:34] TINYDRAW_PANSEQ_FRAME zoom=400 step=8 dx=24 dy=18 scroll_us=15742 exposed_compose_us=5097 tear_wait_us=10027 present_us=20221 prepare_us=9173 staging_us=10448 event_submit_us=39555 event_complete_us=40357 frame_us=68051 tear_sync=1 frame_reused=1 pass=1
[23:16:34] TINYDRAW_PANSEQ_FRAME zoom=400 step=9 dx=24 dy=18 scroll_us=15738 exposed_compose_us=5031 tear_wait_us=9299 present_us=19917 prepare_us=8994 staging_us=10676 event_submit_us=38762 event_complete_us=39564 frame_us=67132 tear_sync=1 frame_reused=1 pass=1
[23:16:34] TINYDRAW_PANSEQ_FRAME zoom=400 step=10 dx=24 dy=18 scroll_us=15724 exposed_compose_us=4649 tear_wait_us=9773 present_us=19677 prepare_us=8924 staging_us=10765 event_submit_us=38826 event_complete_us=39629 frame_us=66902 tear_sync=1 frame_reused=1 pass=1
[23:16:34] TINYDRAW_PANSEQ_FRAME zoom=400 step=11 dx=24 dy=18 scroll_us=15733 exposed_compose_us=5543 tear_wait_us=9275 present_us=20381 prepare_us=9037 staging_us=10615 event_submit_us=39176 event_complete_us=39977 frame_us=68159 tear_sync=1 frame_reused=1 pass=1
[23:16:34] TINYDRAW_PANSEQ_FRAME zoom=400 step=12 dx=24 dy=18 scroll_us=15712 exposed_compose_us=4874 tear_wait_us=9038 present_us=20096 prepare_us=9156 staging_us=10457 event_submit_us=38258 event_complete_us=39063 frame_us=67043 tear_sync=1 frame_reused=1 pass=1
[23:16:34] TINYDRAW_PANSEQ_FRAME zoom=400 step=13 dx=24 dy=18 scroll_us=15730 exposed_compose_us=5082 tear_wait_us=9004 present_us=19782 prepare_us=8954 staging_us=10714 event_submit_us=38482 event_complete_us=39284 frame_us=66674 tear_sync=1 frame_reused=1 pass=1
[23:16:34] TINYDRAW_PANSEQ_FRAME zoom=400 step=14 dx=24 dy=18 scroll_us=15749 exposed_compose_us=4922 tear_wait_us=9651 present_us=20553 prepare_us=9025 staging_us=10658 event_submit_us=38994 event_complete_us=39797 frame_us=68131 tear_sync=1 frame_reused=1 pass=1
[23:16:34] TINYDRAW_PANSEQ_FRAME zoom=400 step=15 dx=24 dy=18 scroll_us=15717 exposed_compose_us=5253 tear_wait_us=8564 present_us=20230 prepare_us=9143 staging_us=10463 event_submit_us=38138 event_complete_us=38940 frame_us=67038 tear_sync=1 frame_reused=1 pass=1
[23:16:34] TINYDRAW_PANSEQ_FRAME zoom=400 step=16 dx=72 dy=54 scroll_us=13682 exposed_compose_us=13511 tear_wait_us=2529 present_us=19911 prepare_us=8986 staging_us=10721 event_submit_us=38374 event_complete_us=39177 frame_us=67129 tear_sync=1 frame_reused=1 pass=1
[23:16:34] TINYDRAW_PANSEQ_FRAME zoom=400 step=17 dx=72 dy=54 scroll_us=13701 exposed_compose_us=13173 tear_wait_us=3037 present_us=19634 prepare_us=8923 staging_us=10782 event_submit_us=38475 event_complete_us=39277 frame_us=66778 tear_sync=1 frame_reused=1 pass=1
[23:16:34] TINYDRAW_PANSEQ_FRAME zoom=400 step=18 dx=72 dy=54 scroll_us=13678 exposed_compose_us=13324 tear_wait_us=3332 present_us=20346 prepare_us=9060 staging_us=10554 event_submit_us=38941 event_complete_us=39742 frame_us=67892 tear_sync=1 frame_reused=1 pass=1
[23:16:34] TINYDRAW_PANSEQ_FRAME zoom=400 step=19 dx=72 dy=54 scroll_us=13699 exposed_compose_us=13998 tear_wait_us=1979 present_us=20025 prepare_us=9043 staging_us=10676 event_submit_us=38325 event_complete_us=39129 frame_us=67476 tear_sync=1 frame_reused=1 pass=1
[23:16:34] TINYDRAW_PANSEQ_FRAME zoom=400 step=20 dx=-72 dy=-54 scroll_us=13654 exposed_compose_us=13562 tear_wait_us=2230 present_us=19752 prepare_us=8919 staging_us=10753 event_submit_us=38077 event_complete_us=38880 frame_us=66410 tear_sync=1 frame_reused=1 pass=1
[23:16:34] TINYDRAW_PANSEQ_FRAME zoom=400 step=21 dx=-72 dy=-54 scroll_us=13651 exposed_compose_us=13329 tear_wait_us=3351 present_us=20480 prepare_us=9098 staging_us=10501 event_submit_us=38893 event_complete_us=39692 frame_us=68029 tear_sync=1 frame_reused=1 pass=1
[23:16:34] TINYDRAW_PANSEQ_FRAME zoom=400 step=22 dx=-72 dy=-54 scroll_us=13635 exposed_compose_us=13078 tear_wait_us=2788 present_us=20158 prepare_us=9141 staging_us=10467 event_submit_us=38142 event_complete_us=38944 frame_us=67087 tear_sync=1 frame_reused=1 pass=1
[23:16:35] TINYDRAW_PANSEQ_FRAME zoom=400 step=23 dx=-72 dy=-54 scroll_us=13628 exposed_compose_us=12360 tear_wait_us=3651 present_us=19886 prepare_us=8930 staging_us=10799 event_submit_us=38270 event_complete_us=39073 frame_us=66809 tear_sync=1 frame_reused=1 pass=1
[23:16:35] TINYDRAW_GATE1_PANSEQ zoom=400 frames=24 scroll_avg_us=15038 exposed_avg_us=7650 tear_wait_avg_us=7613 present_avg_us=20015 prepare_avg_us=9028 staging_avg_us=10629 frame_avg_us=67303 frame_p50_us=67087 frame_p95_us=68159 frame_max_us=68233 complete_p50_us=39692 complete_p95_us=40891 complete_max_us=41125 all_reused=1 pass=1
[23:16:35] TINYDRAW_GATE1_DRAW_FILL zoom=400 revision=2140 append_us=1179 poll_gap_us=89 event_submit_us=2359 event_complete_us=2536 max_compute_slice_us=4957 max_display_slice_us=24465 fill_us=279335 revision_restarted=1 pass=1
[23:16:36] TINYDRAW_GATE1_CACHE_FILL zoom=50 x=63 y=63 published=56 total_us=543326 within_cold_gate=0 complete=1
[23:16:36] TINYDRAW_GATE1_CACHE_FILL zoom=100 x=63 y=63 published=56 total_us=510952 within_cold_gate=0 complete=1
[23:16:37] TINYDRAW_GATE1_CACHE_FILL zoom=200 x=63 y=63 published=56 total_us=416083 within_cold_gate=1 complete=1
[23:16:37] TINYDRAW_GATE1_CACHE_FILL zoom=400 x=63 y=63 published=56 total_us=372125 within_cold_gate=1 complete=1
[23:16:37] TINYDRAW_GATE1_CACHE_REVISIT zoom=50 remaining=0 tile_pixels=118128 fallback_pixels=0 compose_us=28047 complete_us=20317 hit=1
[23:16:37] TINYDRAW_GATE1_CACHE_REVISIT zoom=100 remaining=0 tile_pixels=164864 fallback_pixels=0 compose_us=30331 complete_us=20041 hit=1
[23:16:37] TINYDRAW_GATE1_CACHE_REVISIT zoom=200 remaining=0 tile_pixels=164864 fallback_pixels=0 compose_us=30920 complete_us=19767 hit=1
[23:16:37] TINYDRAW_GATE1_CACHE_REVISIT zoom=400 remaining=0 tile_pixels=164607 fallback_pixels=0 compose_us=31616 complete_us=19534 hit=1
[23:16:38] TINYDRAW_GATE1_CACHE_FILL zoom=400 x=575 y=575 published=56 total_us=405077 within_cold_gate=1 complete=1
[23:16:38] TINYDRAW_GATE1_CACHE_ROUND_TRIP zoom=50 from_x=63 from_y=63 via_x=575 via_y=575 remaining=0 tile_pixels=118128 fallback_pixels=0 compose_us=27973 complete_us=20540 hit=1
[23:16:38] TINYDRAW_GATE1_CACHE_ROUND_TRIP zoom=100 from_x=63 from_y=63 via_x=575 via_y=575 remaining=0 tile_pixels=164864 fallback_pixels=0 compose_us=30322 complete_us=20270 hit=1
[23:16:38] TINYDRAW_GATE1_CACHE_ROUND_TRIP zoom=200 from_x=63 from_y=63 via_x=575 via_y=575 remaining=0 tile_pixels=164864 fallback_pixels=0 compose_us=30958 complete_us=19973 hit=1
[23:16:38] TINYDRAW_GATE1_CACHE_ROUND_TRIP zoom=400 from_x=63 from_y=63 via_x=575 via_y=575 remaining=0 tile_pixels=164607 fallback_pixels=0 compose_us=31646 complete_us=19735 hit=1
[23:16:38] TINYDRAW_GATE1_CACHE_RETENTION pass=1 slots=384 revision=2140
[23:16:39] TINYDRAW_PAPER_SWEEP zoom=100 identities=644 raw=266 uniform=378 fallback=0 slots=384 total_us=1468344 pass=1
[23:16:45] TINYDRAW_GATE1_CACHE_TOUR slots=384 stops=16 forward_steps=2306 forward_tiles=832 forward_wall_us=2355102 return_missing_tiles=0 return_steps=16 return_tiles=0 return_wall_us=39709 home_missing=0 home_fallback_pixels=0 pass=1
[23:16:45] TINYDRAW_GATE1_MIXED_DRAW_WARM zoom=50 fill_tiles=56 fill_us=460099 raw=42 uniform=14
[23:16:46] TINYDRAW_GATE1_MIXED_DRAW_WARM zoom=100 fill_tiles=56 fill_us=423038 raw=56 uniform=0
[23:16:46] TINYDRAW_GATE1_MIXED_DRAW_WARM zoom=200 fill_tiles=56 fill_us=386340 raw=56 uniform=0
[23:16:47] TINYDRAW_GATE1_MIXED_DRAW_WARM zoom=400 fill_tiles=42 fill_us=261279 raw=42 uniform=0
[23:16:47] TINYDRAW_GATE1_MIXED_DRAW zoom=25 tool=pen chunks=33 append_max_us=13727 append_avg_us=13070 append_total_us=431333 affected_tiles=196 published=0 fallback=196 committed=1 authority=1 refresh=1 run_ok=1 pass=1
[23:16:48] TINYDRAW_GATE1_MIXED_DRAW zoom=25 tool=eraser chunks=33 append_max_us=13372 append_avg_us=12982 append_total_us=428427 affected_tiles=0 published=0 fallback=0 committed=1 authority=1 refresh=1 run_ok=1 pass=1
[23:16:50] TINYDRAW_GATE1_MIXED_DRAW zoom=50 tool=pen chunks=33 append_max_us=13450 append_avg_us=11905 append_total_us=392874 affected_tiles=269 published=221 fallback=48 committed=1 authority=1 refresh=1 run_ok=1 pass=1
[23:16:50] TINYDRAW_GATE1_MIXED_DRAW zoom=50 tool=eraser chunks=33 append_max_us=12554 append_avg_us=9351 append_total_us=308606 affected_tiles=153 published=153 fallback=0 committed=1 authority=1 refresh=1 run_ok=1 pass=1
[23:16:52] TINYDRAW_GATE1_MIXED_DRAW zoom=100 tool=pen chunks=33 append_max_us=12573 append_avg_us=10641 append_total_us=351159 affected_tiles=324 published=263 fallback=61 committed=1 authority=1 refresh=1 run_ok=1 pass=1
[23:16:53] TINYDRAW_GATE1_MIXED_DRAW zoom=100 tool=eraser chunks=33 append_max_us=11078 append_avg_us=9304 append_total_us=307054 affected_tiles=232 published=231 fallback=1 committed=1 authority=1 refresh=1 run_ok=1 pass=1
[23:16:55] TINYDRAW_GATE1_MIXED_DRAW zoom=200 tool=pen chunks=33 append_max_us=12195 append_avg_us=10384 append_total_us=342675 affected_tiles=329 published=284 fallback=45 committed=1 authority=1 refresh=1 run_ok=1 pass=1
[23:16:55] TINYDRAW_GATE1_MIXED_DRAW zoom=200 tool=eraser chunks=33 append_max_us=10816 append_avg_us=8622 append_total_us=284552 affected_tiles=250 published=249 fallback=1 committed=1 authority=1 refresh=1 run_ok=1 pass=1
[23:16:57] TINYDRAW_GATE1_MIXED_DRAW zoom=400 tool=pen chunks=33 append_max_us=11803 append_avg_us=10409 append_total_us=343515 affected_tiles=327 published=296 fallback=31 committed=1 authority=1 refresh=1 run_ok=1 pass=1
[23:16:57] TINYDRAW_GATE1_MIXED_DRAW zoom=400 tool=eraser chunks=33 append_max_us=10798 append_avg_us=9299 append_total_us=306868 affected_tiles=265 published=265 fallback=0 committed=1 authority=1 refresh=1 run_ok=1 pass=1
[23:16:57] TINYDRAW_GATE1_MIXED_DRAW_REVISIT zoom=50 missing=4 refill_tiles=4 refill_us=144602
[23:16:58] TINYDRAW_GATE1_MIXED_DRAW_REVISIT zoom=100 missing=9 refill_tiles=9 refill_us=255966
[23:16:58] TINYDRAW_GATE1_MIXED_DRAW_REVISIT zoom=200 missing=16 refill_tiles=16 refill_us=263986
[23:16:58] TINYDRAW_GATE1_MIXED_DRAW_REVISIT zoom=400 missing=10 refill_tiles=10 refill_us=224496
[23:16:58] TINYDRAW_GATE1_MIXED_DRAW_SUMMARY slots=384 strokes=10 worst_append_us=13727 pass=1
[23:17:00] TINYDRAW_GATE1_LONG_GESTURE path=reference samples=1600 chunks=26 append_total_us=695021 append_max_us=33393 append_avg_us=26731 refresh_fallback_pixels=0 committed=1 authority=1 refresh=1 run_ok=1
[23:17:00] TINYDRAW_GATE1_LONG_GESTURE path=in_place samples=1600 chunks=35 append_total_us=324667 append_max_us=11524 append_avg_us=9276 refresh_fallback_pixels=12272 committed=1 authority=1 refresh=1 run_ok=1
[23:17:00] TINYDRAW_GATE1_AUTOMATED_DONE stress=1 stress_100=1 stress_400=1 overlap_ready=1 overlap_cold=1 adversarial_ready=1 adversarial_cold=1 workload=1 paced_cold=1 hard_100=1 hard_400=1 pan_100=0 pan_400=0 pan_seq=1 live_overlay=1 draw_fill=1 cache=1 full_world_cache=1 cache_tour=1 mixed_draw=1 long_gesture=0 export_encode=0 export_reserve=0 return=1 ssaa_receipt=yellow
[23:17:00] TINYDRAW_VECTOR_V2_GATE_HARNESS_DONE pass=0
[23:17:00] I (43659) main_task: Returned from app_main()
