[23:44:50] I (103) esp_image: segment 0: paddr=00010020 vaddr=3c050020 sizeESP-ROM:esp32s3-20210327
[23:44:50] Build:Mar 27 2021
[23:44:50] rst:0x15 (USB_UART_CHIP_RESET),boot:0x2b (SPI_FAST_FLASH_BOOT)
[23:44:50] Saved PC:0x420087e7
[23:44:50] SPIWP:0xee
[23:44:50] mode:DIO, clock div:1
[23:44:50] load:0x3fce2820,len:0x1664
[23:44:50] load:0x403c8700,len:0xf38
[23:44:50] load:0x403cb700,len:0x31e8
[23:44:50] entry 0x403c8930
[23:44:50] I (24) boot: ESP-IDF v6.0.2 2nd stage bootloader
[23:44:50] I (24) boot: compile time Aug 14 2026 23:26:09
[23:44:50] I (25) boot: Multicore bootloader
[23:44:50] I (25) boot: chip revision: v0.2
[23:44:50] I (28) boot: efuse block revision: v1.3
[23:44:50] I (31) qio_mode: Enabling default flash chip QIO
[23:44:50] I (36) boot.esp32s3: Boot SPI Speed : 80MHz
[23:44:50] I (39) boot.esp32s3: SPI Mode       : QIO
[23:44:50] I (43) boot.esp32s3: SPI Flash Size : 16MB
[23:44:50] I (47) boot: Enabling RNG early entropy source...
[23:44:50] I (51) boot: Partition Table:
[23:44:50] I (54) boot: ## Label            Usage          Type ST Offset   Length
[23:44:50] I (60) boot:  0 nvs              WiFi data        01 02 00009000 00006000
[23:44:50] I (67) boot:  1 phy_init         RF data          01 01 0000f000 00001000
[23:44:50] I (73) boot:  2 factory          factory app      00 00 00010000 00100000
[23:44:50] I (80) boot:  3 drawing          Unknown data     01 40 00110000 00300000
[23:44:50] I (86) boot:  4 export           Unknown data     01 41 00410000 00500000
[23:44:50] I (93) boot:  5 coredump         Unknown data     01 03 00910000 00010000
[23:44:50] I (100) boot: End of partition table
[23:44:50] I (103) esp_image: segment 0: paddr=00010020 vaddr=3c050020 size=13d0ch ( 81164) map
[23:44:50] I (123) esp_image: segment 1: paddr=00023d34 vaddr=3fc94500 size=03764h ( 14180) load
[23:44:50] I (126) esp_image: segment 2: paddr=000274a0 vaddr=40374000 size=08b78h ( 35704) load
[23:44:50] I (134) esp_image: segment 3: paddr=00030020 vaddr=42000020 size=43838h (276536) map
[23:44:50] I (177) esp_image: segment 4: paddr=00073860 vaddr=4037cb78 size=078e4h ( 30948) load
[23:44:50] I (184) esp_image: segment 5: paddr=0007b14c vaddr=50000000 size=00024h (    36) load
[23:44:50] I (191) boot: Loaded app from partition at offset 0x10000
[23:44:50] I (192) boot: Disabling RNG early entropy source...
[23:44:50] I (203) octal_psram: vendor id    : 0x0d (AP)
[23:44:50] I (203) octal_psram: dev id       : 0x02 (generation 3)
[23:44:50] I (203) octal_psram: density      : 0x03 (64 Mbit)
[23:44:50] I (205) octal_psram: good-die     : 0x01 (Pass)
[23:44:50] I (209) octal_psram: Latency      : 0x01 (Fixed)
[23:44:50] I (213) octal_psram: VCC          : 0x01 (3V)
[23:44:50] I (217) octal_psram: SRF          : 0x01 (Fast Refresh)
[23:44:50] I (222) octal_psram: BurstType    : 0x01 (Hybrid Wrap)
[23:44:50] I (227) octal_psram: BurstLen     : 0x01 (32 Byte)
[23:44:50] I (232) octal_psram: Readlatency  : 0x02 (10 cycles@Fixed)
[23:44:50] I (237) octal_psram: DriveStrength: 0x00 (1/1)
[23:44:50] I (241) MSPI Timing: Enter psram timing tuning
[23:44:50] I (246) esp_psram: Found 8MB PSRAM device
[23:44:50] I (249) esp_psram: Speed: 80MHz
[23:44:50] I (252) cpu_start: Multicore app
[23:44:51] I (668) esp_psram: SPI SRAM memory test OK
[23:44:51] I (676) cpu_start: GPIO 44 and 43 are used as console UART I/O pins
[23:44:51] I (677) cpu_start: Pro cpu start user code
[23:44:51] I (677) cpu_start: cpu freq: 240000000 Hz
[23:44:51] I (679) app_init: Application information:
[23:44:51] I (682) app_init: Project name:     tinydraw_esp32
[23:44:51] I (687) app_init: App version:      b76b992
[23:44:51] I (691) app_init: Compile time:     Aug 14 2026 23:44:39
[23:44:51] I (696) app_init: ELF file SHA256:  40a16488b...
[23:44:51] I (700) app_init: ESP-IDF:          v6.0.2
[23:44:51] I (704) efuse_init: Min chip rev:     v0.0
[23:44:51] I (708) efuse_init: Max chip rev:     v0.99 
[23:44:51] I (712) efuse_init: Chip rev:         v0.2
[23:44:51] I (716) heap_init: Initializing. RAM available for dynamic allocation:
[23:44:51] I (722) heap_init: At 3FC99090 len 00050680 (321 KiB): RAM
[23:44:51] I (727) heap_init: At 3FCE9710 len 00005724 (21 KiB): RAM
[23:44:51] I (732) heap_init: At 3FCF0000 len 00008000 (32 KiB): DRAM
[23:44:51] I (737) heap_init: At 600FE000 len 00001FE8 (7 KiB): RTCRAM
[23:44:51] I (743) esp_psram: Adding pool of 8192K of PSRAM memory to heap allocator
[23:44:51] I (750) spi_flash: detected chip: generic
[23:44:51] I (753) spi_flash: flash io: qio
[23:44:51] I (756) sleep_gpio: Configure to isolate all GPIO pins in sleep state
[23:44:51] I (762) sleep_gpio: Enable automatic switching of GPIO sleep configuration
[23:44:51] I (769) main_task: Started on CPU0
[23:44:51] I (772) main_task: Calling app_main()
[23:44:51] TINYDRAW_PANEL_HARD_RESET=1
[23:44:51] I (969) co5300: version: 2.1.0
[23:44:51] I (970) co5300_spi: LCD panel create success, version: 2.1.0
[23:44:51] W (1050) co5300_spi: The 3Ah command has been used and will be overwritten by external initialization sequence
[23:44:51] I (1151) CST816S: IC id: 183
[23:44:51] TINYDRAW_LIVE_PRESENT kind=startup zoom=25 x=0 y=0 compose_us=36648 scroll_us=0 exposed_compose_us=0 chrome_us=8200 read_submit_us=0 read_complete_us=0 transfer_wait_us=18308 tile_pixels=0 uniform_pixels=0 overview_pixels=164864 fallback_pixels=0 resident_tiles=0 fallback_tiles=0 pushes=11 tear_wait_us=6174 tear_sync=1 frame_reused=0 pass=1
[23:44:52] TINYDRAW_LIVE_STRESS operations=1000 samples=20000 total_us=452198 average_us=452 maximum_us=1121 free_psram=2515156 largest_psram=2490368
[23:44:52] TINYDRAW_LIVE_PRESENT kind=gate_fallback zoom=100 x=0 y=0 compose_us=25324 scroll_us=0 exposed_compose_us=0 chrome_us=7919 read_submit_us=38752 read_complete_us=40364 transfer_wait_us=18621 tile_pixels=0 uniform_pixels=0 overview_pixels=0 fallback_pixels=164864 resident_tiles=0 fallback_tiles=42 pushes=11 tear_wait_us=12172 tear_sync=1 frame_reused=0 pass=1
[23:44:52] TINYDRAW_GATE1_HARD zoom=100 cold=1 operations=1000 samples=20000 steps=192 tiles=42 scanned=12000 rendered=1659 max_supertask_us=9132 presentation_us=68673 total_us=268649 pass=1
[23:44:52] TINYDRAW_LIVE_PRESENT kind=gate_fallback zoom=400 x=0 y=0 compose_us=24608 scroll_us=0 exposed_compose_us=0 chrome_us=7871 read_submit_us=31521 read_complete_us=33133 transfer_wait_us=18789 tile_pixels=0 uniform_pixels=0 overview_pixels=0 fallback_pixels=164864 resident_tiles=0 fallback_tiles=42 pushes=11 tear_wait_us=5639 tear_sync=1 frame_reused=0 pass=1
[23:44:52] TINYDRAW_GATE1_HARD zoom=400 cold=1 operations=1000 samples=20000 steps=196 tiles=42 scanned=12000 rendered=120 max_supertask_us=8472 presentation_us=67941 total_us=205230 pass=1
[23:44:53] TINYDRAW_OVERLAP_WORKLOAD operations=8 samples=1200 radius_world=80
[23:44:53] TINYDRAW_GATE1_PACED_COLD corpus=overlap zoom=50 x=215 y=255 steps=334 tiles=56 compute_us=369506 present_us=85367 touch_us=1115 pacing_us=8908 wall_us=464896 max_tick_us=9942 touch_samples=2198 touch_interval_max_us=1890 touch_read_max_us=609 touch_events=0 touch_down=0 touch_up=0 touch_events_ge_8ms=0 touch_event_age_max_us=0 touch_errors=0 touch_overflows=0 pass=1
[23:44:54] TINYDRAW_GATE1_PACED_COLD corpus=overlap zoom=100 x=583 y=703 steps=172 tiles=48 compute_us=228862 present_us=79558 touch_us=691 pacing_us=7076 wall_us=316187 max_tick_us=10014 touch_samples=404 touch_interval_max_us=1740 touch_read_max_us=540 touch_events=0 touch_down=0 touch_up=0 touch_events_ge_8ms=0 touch_event_age_max_us=0 touch_errors=0 touch_overflows=0 pass=1
[23:44:54] TINYDRAW_GATE1_PACED_COLD corpus=overlap zoom=200 x=1319 y=1599 steps=128 tiles=56 compute_us=229963 present_us=77992 touch_us=614 pacing_us=6387 wall_us=314956 max_tick_us=9570 touch_samples=402 touch_interval_max_us=1163 touch_read_max_us=453 touch_events=0 touch_down=0 touch_up=0 touch_events_ge_8ms=0 touch_event_age_max_us=0 touch_errors=0 touch_overflows=0 pass=1
[23:44:55] TINYDRAW_GATE1_PACED_COLD corpus=overlap zoom=400 x=2791 y=3391 steps=94 tiles=56 compute_us=215544 present_us=80249 touch_us=552 pacing_us=5578 wall_us=301923 max_tick_us=9591 touch_samples=390 touch_interval_max_us=1160 touch_read_max_us=445 touch_events=0 touch_down=0 touch_up=0 touch_events_ge_8ms=0 touch_event_age_max_us=0 touch_errors=0 touch_overflows=0 pass=1
[23:44:55] TINYDRAW_ADVERSARIAL_TAPERED_WORKLOAD operations=128 samples=4096 erasers=12 load_us=217407 appended=1
[23:44:55] TINYDRAW_GATE1_PACED_COLD corpus=adversarial_tapered_4x zoom=50 x=0 y=0 steps=104 tiles=42 compute_us=95621 present_us=63416 touch_us=460 pacing_us=4962 wall_us=164459 max_tick_us=7821 touch_samples=501 touch_interval_max_us=1165 touch_read_max_us=439 touch_events=0 touch_down=0 touch_up=0 touch_events_ge_8ms=0 touch_event_age_max_us=0 touch_errors=0 touch_overflows=0 pass=1
[23:44:55] TINYDRAW_GATE1_PACED_COLD corpus=adversarial_tapered_4x zoom=100 x=0 y=0 steps=348 tiles=42 compute_us=159524 present_us=61483 touch_us=713 pacing_us=8418 wall_us=230138 max_tick_us=7984 touch_samples=317 touch_interval_max_us=1158 touch_read_max_us=427 touch_events=0 touch_down=0 touch_up=0 touch_events_ge_8ms=0 touch_event_age_max_us=0 touch_errors=0 touch_overflows=0 pass=1
[23:44:57] TINYDRAW_GATE1_PACED_COLD corpus=adversarial_tapered_4x zoom=200 x=0 y=0 steps=1214 tiles=42 compute_us=443661 present_us=65190 touch_us=1720 pacing_us=17716 wall_us=528287 max_tick_us=9775 touch_samples=618 touch_interval_max_us=1170 touch_read_max_us=457 touch_events=0 touch_down=0 touch_up=0 touch_events_ge_8ms=0 touch_event_age_max_us=0 touch_errors=0 touch_overflows=0 pass=1
[23:44:57] TINYDRAW_GATE1_PACED_COLD corpus=adversarial_tapered_4x zoom=400 x=0 y=0 steps=904 tiles=42 compute_us=548808 present_us=66887 touch_us=1815 pacing_us=15789 wall_us=633299 max_tick_us=10104 touch_samples=709 touch_interval_max_us=1167 touch_read_max_us=457 touch_events=0 touch_down=0 touch_up=0 touch_events_ge_8ms=0 touch_event_age_max_us=0 touch_errors=0 touch_overflows=0 pass=1
[23:44:57] TINYDRAW_GATE1_WORKLOAD kind=realistic seed=7 operations=1000 samples=19844 maximum_stroke=198 load_us=357767 raw_source=1 lod_copies=0
[23:44:58] TINYDRAW_GATE1_PACED_COLD corpus=seed7 zoom=400 x=63 y=63 steps=281 tiles=56 compute_us=268159 present_us=83851 touch_us=663 pacing_us=7680 wall_us=360353 max_tick_us=12519 touch_samples=919 touch_interval_max_us=1926 touch_read_max_us=486 touch_events=0 touch_down=0 touch_up=0 touch_events_ge_8ms=0 touch_event_age_max_us=0 touch_errors=0 touch_overflows=0 pass=1
[23:44:58] TINYDRAW_LIVE_PRESENT kind=gate_fallback zoom=100 x=0 y=0 compose_us=25462 scroll_us=0 exposed_compose_us=0 chrome_us=7859 read_submit_us=29614 read_complete_us=31226 transfer_wait_us=18234 tile_pixels=0 uniform_pixels=0 overview_pixels=0 fallback_pixels=164864 resident_tiles=0 fallback_tiles=42 pushes=11 tear_wait_us=2882 tear_sync=1 frame_reused=0 pass=1
[23:44:58] TINYDRAW_GATE1_HARD zoom=100 cold=1 operations=1000 samples=19844 steps=275 tiles=42 scanned=12000 rendered=5232 max_supertask_us=9326 presentation_us=67937 total_us=372261 pass=1
[23:44:58] TINYDRAW_GATE1_LIVE_OVERLAY clear_updates=47 clear_wall_max_us=2935 clear_submit_max_us=2154 clear_complete_max_us=2200 overlay_updates=26 overlay_wall_max_us=2920 overlay_submit_max_us=2349 overlay_complete_max_us=2387 overlay_chrome_max_us=0 clear_failures=0 overlay_failures=0 pass=1
[23:44:59] TINYDRAW_GATE1_PAN zoom=100 from_x=0 from_y=0 to_x=88 to_y=88 compose_us=27055 scroll_us=11429 exposed_compose_us=15626 chrome_us=8434 event_submit_us=27868 event_complete_us=28454 transfer_us=23273 setup=1 present=1 moved=1 frame_reused=1 pass=1
[23:44:59] TINYDRAW_LIVE_PRESENT kind=gate_fallback zoom=400 x=0 y=0 compose_us=24784 scroll_us=0 exposed_compose_us=0 chrome_us=7870 read_submit_us=30778 read_complete_us=32391 transfer_wait_us=18869 tile_pixels=0 uniform_pixels=0 overview_pixels=0 fallback_pixels=164864 resident_tiles=0 fallback_tiles=42 pushes=11 tear_wait_us=4702 tear_sync=1 frame_reused=0 pass=1
[23:44:59] TINYDRAW_GATE1_HARD zoom=400 cold=1 operations=1000 samples=19844 steps=211 tiles=42 scanned=12000 rendered=591 max_supertask_us=10785 presentation_us=68469 total_us=263121 pass=1
[23:45:00] TINYDRAW_GATE1_PAN zoom=400 from_x=0 from_y=0 to_x=88 to_y=88 compose_us=27037 scroll_us=11431 exposed_compose_us=15606 chrome_us=8345 event_submit_us=27863 event_complete_us=28446 transfer_us=23163 setup=1 present=1 moved=1 frame_reused=1 pass=1
[23:45:03] TINYDRAW_PANSEQ_FRAME zoom=100 step=0 dx=24 dy=18 scroll_us=15669 exposed_compose_us=4600 tear_wait_us=2743 present_us=23338 prepare_us=7093 staging_us=8199 event_submit_us=23773 event_complete_us=24357 frame_us=46424 tear_sync=1 frame_reused=1 pass=1
[23:45:03] TINYDRAW_PANSEQ_FRAME zoom=100 step=1 dx=24 dy=18 scroll_us=15730 exposed_compose_us=4682 tear_wait_us=6521 present_us=23532 prepare_us=7224 staging_us=8205 event_submit_us=27654 event_complete_us=28230 frame_us=50534 tear_sync=1 frame_reused=1 pass=1
[23:45:03] TINYDRAW_PANSEQ_FRAME zoom=100 step=2 dx=24 dy=18 scroll_us=15727 exposed_compose_us=4330 tear_wait_us=6684 present_us=23363 prepare_us=7258 staging_us=8112 event_submit_us=27573 event_complete_us=28152 frame_us=50174 tear_sync=1 frame_reused=1 pass=1
[23:45:03] TINYDRAW_PANSEQ_FRAME zoom=100 step=3 dx=24 dy=18 scroll_us=15730 exposed_compose_us=4951 tear_wait_us=6228 present_us=23491 prepare_us=7119 staging_us=8246 event_submit_us=27642 event_complete_us=28225 frame_us=50473 tear_sync=1 frame_reused=1 pass=1
[23:45:03] TINYDRAW_PANSEQ_FRAME zoom=100 step=4 dx=24 dy=18 scroll_us=15713 exposed_compose_us=4432 tear_wait_us=6651 present_us=23316 prepare_us=7216 staging_us=8156 event_submit_us=27545 event_complete_us=28125 frame_us=50184 tear_sync=1 frame_reused=1 pass=1
[23:45:03] TINYDRAW_PANSEQ_FRAME zoom=100 step=5 dx=24 dy=18 scroll_us=15750 exposed_compose_us=4691 tear_wait_us=6527 present_us=23464 prepare_us=7103 staging_us=8210 event_submit_us=27769 event_complete_us=28352 frame_us=50502 tear_sync=1 frame_reused=1 pass=1
[23:45:03] TINYDRAW_PANSEQ_FRAME zoom=100 step=6 dx=24 dy=18 scroll_us=15710 exposed_compose_us=4387 tear_wait_us=6735 present_us=23582 prepare_us=7266 staging_us=8198 event_submit_us=27564 event_complete_us=28140 frame_us=50493 tear_sync=1 frame_reused=1 pass=1
[23:45:03] TINYDRAW_PANSEQ_FRAME zoom=100 step=7 dx=24 dy=18 scroll_us=15712 exposed_compose_us=4771 tear_wait_us=6220 present_us=23360 prepare_us=7237 staging_us=8111 event_submit_us=27549 event_complete_us=28134 frame_us=50160 tear_sync=1 frame_reused=1 pass=1
[23:45:04] TINYDRAW_PANSEQ_FRAME zoom=100 step=8 dx=24 dy=18 scroll_us=15723 exposed_compose_us=4800 tear_wait_us=6439 present_us=23502 prepare_us=7282 staging_us=8155 event_submit_us=27696 event_complete_us=28279 frame_us=50538 tear_sync=1 frame_reused=1 pass=1
[23:45:04] TINYDRAW_PANSEQ_FRAME zoom=100 step=9 dx=24 dy=18 scroll_us=15730 exposed_compose_us=4781 tear_wait_us=6308 present_us=23453 prepare_us=7152 staging_us=8157 event_submit_us=27623 event_complete_us=28209 frame_us=50340 tear_sync=1 frame_reused=1 pass=1
[23:45:04] TINYDRAW_PANSEQ_FRAME zoom=100 step=10 dx=24 dy=18 scroll_us=15730 exposed_compose_us=4414 tear_wait_us=6724 present_us=23469 prepare_us=7153 staging_us=8172 event_submit_us=27630 event_complete_us=28213 frame_us=50409 tear_sync=1 frame_reused=1 pass=1
[23:45:04] TINYDRAW_PANSEQ_FRAME zoom=100 step=11 dx=24 dy=18 scroll_us=15734 exposed_compose_us=5186 tear_wait_us=5937 present_us=23433 prepare_us=7094 staging_us=8181 event_submit_us=27613 event_complete_us=28194 frame_us=50361 tear_sync=1 frame_reused=1 pass=1
[23:45:04] TINYDRAW_PANSEQ_FRAME zoom=100 step=12 dx=24 dy=18 scroll_us=15697 exposed_compose_us=4579 tear_wait_us=6565 present_us=23452 prepare_us=7086 staging_us=8189 event_submit_us=27672 event_complete_us=28255 frame_us=50381 tear_sync=1 frame_reused=1 pass=1
[23:45:04] TINYDRAW_PANSEQ_FRAME zoom=100 step=13 dx=24 dy=18 scroll_us=15726 exposed_compose_us=4792 tear_wait_us=6338 present_us=23504 prepare_us=7180 staging_us=8247 event_submit_us=27607 event_complete_us=28183 frame_us=50437 tear_sync=1 frame_reused=1 pass=1
[23:45:04] TINYDRAW_PANSEQ_FRAME zoom=100 step=14 dx=24 dy=18 scroll_us=15725 exposed_compose_us=4593 tear_wait_us=6485 present_us=23615 prepare_us=7263 staging_us=8166 event_submit_us=27643 event_complete_us=28229 frame_us=50486 tear_sync=1 frame_reused=1 pass=1
[23:45:04] TINYDRAW_PANSEQ_FRAME zoom=100 step=15 dx=24 dy=18 scroll_us=15730 exposed_compose_us=4870 tear_wait_us=6106 present_us=23527 prepare_us=7258 staging_us=8155 event_submit_us=27439 event_complete_us=28023 frame_us=50313 tear_sync=1 frame_reused=1 pass=1
[23:45:04] TINYDRAW_PANSEQ_FRAME zoom=100 step=16 dx=72 dy=54 scroll_us=13580 exposed_compose_us=12692 tear_wait_us=508 present_us=23471 prepare_us=7091 staging_us=8216 event_submit_us=27599 event_complete_us=28182 frame_us=50320 tear_sync=1 frame_reused=1 pass=1
[23:45:04] TINYDRAW_PANSEQ_FRAME zoom=100 step=17 dx=72 dy=54 scroll_us=13603 exposed_compose_us=12520 tear_wait_us=737 present_us=23491 prepare_us=7059 staging_us=8207 event_submit_us=27612 event_complete_us=28194 frame_us=50423 tear_sync=1 frame_reused=1 pass=1
[23:45:04] TINYDRAW_PANSEQ_FRAME zoom=100 step=18 dx=72 dy=54 scroll_us=13590 exposed_compose_us=11589 tear_wait_us=1652 present_us=23196 prepare_us=7116 staging_us=8175 event_submit_us=27598 event_complete_us=28180 frame_us=50098 tear_sync=1 frame_reused=1 pass=1
[23:45:04] TINYDRAW_PANSEQ_FRAME zoom=100 step=19 dx=72 dy=54 scroll_us=13598 exposed_compose_us=11733 tear_wait_us=1780 present_us=22904 prepare_us=7064 staging_us=8178 event_submit_us=27894 event_complete_us=28477 frame_us=50083 tear_sync=1 frame_reused=1 pass=1
[23:45:04] TINYDRAW_PANSEQ_FRAME zoom=100 step=20 dx=-72 dy=-54 scroll_us=13472 exposed_compose_us=12668 tear_wait_us=1241 present_us=23307 prepare_us=7181 staging_us=8187 event_submit_us=28097 event_complete_us=28673 frame_us=50757 tear_sync=1 frame_reused=1 pass=1
[23:45:04] TINYDRAW_PANSEQ_FRAME zoom=100 step=21 dx=-72 dy=-54 scroll_us=13453 exposed_compose_us=12620 tear_wait_us=911 present_us=23492 prepare_us=7151 staging_us=8166 event_submit_us=27779 event_complete_us=28362 frame_us=50545 tear_sync=1 frame_reused=1 pass=1
[23:45:04] TINYDRAW_PANSEQ_FRAME zoom=100 step=22 dx=-72 dy=-54 scroll_us=13452 exposed_compose_us=12532 tear_wait_us=817 present_us=23595 prepare_us=7081 staging_us=8261 event_submit_us=27546 event_complete_us=28127 frame_us=50468 tear_sync=1 frame_reused=1 pass=1
[23:45:04] TINYDRAW_PANSEQ_FRAME zoom=100 step=23 dx=-72 dy=-54 scroll_us=13468 exposed_compose_us=12087 tear_wait_us=1136 present_us=23353 prepare_us=7114 staging_us=8199 event_submit_us=27454 event_complete_us=28035 frame_us=50115 tear_sync=1 frame_reused=1 pass=1
[23:45:04] TINYDRAW_GATE1_PANSEQ zoom=100 frames=24 scroll_avg_us=14989 exposed_avg_us=7220 tear_wait_avg_us=4499 present_avg_us=23425 prepare_avg_us=7160 staging_avg_us=8185 frame_avg_us=50209 frame_p50_us=50381 frame_p95_us=50545 frame_max_us=50757 complete_p50_us=28194 complete_p95_us=28477 complete_max_us=28673 all_reused=1 pass=1
[23:45:07] TINYDRAW_PANSEQ_FRAME zoom=400 step=0 dx=24 dy=18 scroll_us=15652 exposed_compose_us=4577 tear_wait_us=3849 present_us=23129 prepare_us=7263 staging_us=8084 event_submit_us=24880 event_complete_us=25466 frame_us=47282 tear_sync=1 frame_reused=1 pass=1
[23:45:07] TINYDRAW_PANSEQ_FRAME zoom=400 step=1 dx=24 dy=18 scroll_us=15725 exposed_compose_us=4589 tear_wait_us=6886 present_us=23314 prepare_us=7215 staging_us=8174 event_submit_us=27939 event_complete_us=28523 frame_us=50592 tear_sync=1 frame_reused=1 pass=1
[23:45:07] TINYDRAW_PANSEQ_FRAME zoom=400 step=2 dx=24 dy=18 scroll_us=15727 exposed_compose_us=4250 tear_wait_us=7030 present_us=23188 prepare_us=7181 staging_us=8139 event_submit_us=27828 event_complete_us=28405 frame_us=50268 tear_sync=1 frame_reused=1 pass=1
[23:45:07] TINYDRAW_PANSEQ_FRAME zoom=400 step=3 dx=24 dy=18 scroll_us=15733 exposed_compose_us=4713 tear_wait_us=6676 present_us=23298 prepare_us=7143 staging_us=8168 event_submit_us=27879 event_complete_us=28460 frame_us=50490 tear_sync=1 frame_reused=1 pass=1
[23:45:07] TINYDRAW_PANSEQ_FRAME zoom=400 step=4 dx=24 dy=18 scroll_us=15715 exposed_compose_us=4206 tear_wait_us=7100 present_us=23215 prepare_us=7226 staging_us=8169 event_submit_us=27776 event_complete_us=28350 frame_us=50308 tear_sync=1 frame_reused=1 pass=1
[23:45:07] TINYDRAW_PANSEQ_FRAME zoom=400 step=5 dx=24 dy=18 scroll_us=15724 exposed_compose_us=4466 tear_wait_us=6904 present_us=23257 prepare_us=7207 staging_us=8144 event_submit_us=27897 event_complete_us=28481 frame_us=50420 tear_sync=1 frame_reused=1 pass=1
[23:45:07] TINYDRAW_PANSEQ_FRAME zoom=400 step=6 dx=24 dy=18 scroll_us=15720 exposed_compose_us=4383 tear_wait_us=6983 present_us=23571 prepare_us=7283 staging_us=8141 event_submit_us=27855 event_complete_us=28431 frame_us=50755 tear_sync=1 frame_reused=1 pass=1
[23:45:07] TINYDRAW_PANSEQ_FRAME zoom=400 step=7 dx=24 dy=18 scroll_us=15693 exposed_compose_us=4947 tear_wait_us=6097 present_us=23436 prepare_us=7279 staging_us=8118 event_submit_us=27570 event_complete_us=28155 frame_us=50249 tear_sync=1 frame_reused=1 pass=1
[23:45:07] TINYDRAW_PANSEQ_FRAME zoom=400 step=8 dx=24 dy=18 scroll_us=15717 exposed_compose_us=4993 tear_wait_us=6189 present_us=23536 prepare_us=7361 staging_us=8153 event_submit_us=27618 event_complete_us=28200 frame_us=50509 tear_sync=1 frame_reused=1 pass=1
[23:45:07] TINYDRAW_PANSEQ_FRAME zoom=400 step=9 dx=24 dy=18 scroll_us=15719 exposed_compose_us=4942 tear_wait_us=6127 present_us=23502 prepare_us=7226 staging_us=8136 event_submit_us=27580 event_complete_us=28163 frame_us=50369 tear_sync=1 frame_reused=1 pass=1
[23:45:07] TINYDRAW_PANSEQ_FRAME zoom=400 step=10 dx=24 dy=18 scroll_us=15706 exposed_compose_us=4576 tear_wait_us=6531 present_us=23595 prepare_us=7239 staging_us=8190 event_submit_us=27550 event_complete_us=28135 frame_us=50481 tear_sync=1 frame_reused=1 pass=1
[23:45:07] TINYDRAW_PANSEQ_FRAME zoom=400 step=11 dx=24 dy=18 scroll_us=15726 exposed_compose_us=5433 tear_wait_us=5583 present_us=23573 prepare_us=7158 staging_us=8163 event_submit_us=27558 event_complete_us=28135 frame_us=50386 tear_sync=1 frame_reused=1 pass=1
[23:45:07] TINYDRAW_PANSEQ_FRAME zoom=400 step=12 dx=24 dy=18 scroll_us=15714 exposed_compose_us=4796 tear_wait_us=6231 present_us=23515 prepare_us=7105 staging_us=8203 event_submit_us=27487 event_complete_us=28068 frame_us=50329 tear_sync=1 frame_reused=1 pass=1
[23:45:07] TINYDRAW_PANSEQ_FRAME zoom=400 step=13 dx=24 dy=18 scroll_us=15723 exposed_compose_us=5017 tear_wait_us=6066 present_us=23540 prepare_us=7188 staging_us=8178 event_submit_us=27556 event_complete_us=28136 frame_us=50421 tear_sync=1 frame_reused=1 pass=1
[23:45:07] TINYDRAW_PANSEQ_FRAME zoom=400 step=14 dx=24 dy=18 scroll_us=15727 exposed_compose_us=4846 tear_wait_us=6203 present_us=23682 prepare_us=7157 staging_us=8172 event_submit_us=27568 event_complete_us=28151 frame_us=50528 tear_sync=1 frame_reused=1 pass=1
[23:45:07] TINYDRAW_PANSEQ_FRAME zoom=400 step=15 dx=24 dy=18 scroll_us=15727 exposed_compose_us=5174 tear_wait_us=5749 present_us=23580 prepare_us=7232 staging_us=8188 event_submit_us=27389 event_complete_us=27966 frame_us=50301 tear_sync=1 frame_reused=1 pass=1
[23:45:07] TINYDRAW_PANSEQ_FRAME zoom=400 step=16 dx=72 dy=54 scroll_us=13574 exposed_compose_us=13302 tear_wait_us=6 present_us=23669 prepare_us=7088 staging_us=8194 event_submit_us=27660 event_complete_us=28242 frame_us=50633 tear_sync=1 frame_reused=1 pass=1
[23:45:07] TINYDRAW_PANSEQ_FRAME zoom=400 step=17 dx=72 dy=54 scroll_us=13585 exposed_compose_us=12958 tear_wait_us=4 present_us=23648 prepare_us=7271 staging_us=8174 event_submit_us=27272 event_complete_us=27849 frame_us=50267 tear_sync=1 frame_reused=1 pass=1
[23:45:07] TINYDRAW_PANSEQ_FRAME zoom=400 step=18 dx=72 dy=54 scroll_us=13580 exposed_compose_us=13117 tear_wait_us=5 present_us=23603 prepare_us=7255 staging_us=8142 event_submit_us=27533 event_complete_us=28118 frame_us=50385 tear_sync=1 frame_reused=1 pass=1
[23:45:07] TINYDRAW_PANSEQ_FRAME zoom=400 step=19 dx=72 dy=54 scroll_us=13587 exposed_compose_us=13771 tear_wait_us=5 present_us=23923 prepare_us=7181 staging_us=8154 event_submit_us=28184 event_complete_us=28766 frame_us=51353 tear_sync=1 frame_reused=1 pass=1
[23:45:07] TINYDRAW_PANSEQ_FRAME zoom=400 step=20 dx=-72 dy=-54 scroll_us=13473 exposed_compose_us=13330 tear_wait_us=5 present_us=23516 prepare_us=7213 staging_us=8128 event_submit_us=27635 event_complete_us=28221 frame_us=50394 tear_sync=1 frame_reused=1 pass=1
[23:45:07] TINYDRAW_PANSEQ_FRAME zoom=400 step=21 dx=-72 dy=-54 scroll_us=13452 exposed_compose_us=13137 tear_wait_us=5 present_us=23578 prepare_us=7118 staging_us=8197 event_submit_us=27369 event_complete_us=27952 frame_us=50244 tear_sync=1 frame_reused=1 pass=1
[23:45:07] TINYDRAW_PANSEQ_FRAME zoom=400 step=22 dx=-72 dy=-54 scroll_us=13453 exposed_compose_us=12893 tear_wait_us=5 present_us=23630 prepare_us=7082 staging_us=8209 event_submit_us=27088 event_complete_us=27671 frame_us=50051 tear_sync=1 frame_reused=1 pass=1
[23:45:07] TINYDRAW_PANSEQ_FRAME zoom=400 step=23 dx=-72 dy=-54 scroll_us=13451 exposed_compose_us=12181 tear_wait_us=510 present_us=23570 prepare_us=7155 staging_us=8194 event_submit_us=26957 event_complete_us=27539 frame_us=49789 tear_sync=1 frame_reused=1 pass=1
[23:45:07] TINYDRAW_GATE1_PANSEQ zoom=400 frames=24 scroll_avg_us=14983 exposed_avg_us=7524 tear_wait_avg_us=4197 present_avg_us=23502 prepare_avg_us=7201 staging_avg_us=8163 frame_avg_us=50283 frame_p50_us=50385 frame_p95_us=50755 frame_max_us=51353 complete_p50_us=28151 complete_p95_us=28523 complete_max_us=28766 all_reused=1 pass=1
[23:45:08] TINYDRAW_GATE1_DRAW_FILL zoom=400 revision=2140 append_us=1257 poll_gap_us=87 event_submit_us=2437 event_complete_us=2615 max_compute_slice_us=4735 max_display_slice_us=25507 fill_us=277367 revision_restarted=1 pass=1
[23:45:08] TINYDRAW_GATE1_CACHE_FILL zoom=50 x=63 y=63 published=56 total_us=538461 within_cold_gate=0 complete=1
[23:45:09] TINYDRAW_GATE1_CACHE_FILL zoom=100 x=63 y=63 published=56 total_us=504088 within_cold_gate=0 complete=1
[23:45:09] TINYDRAW_GATE1_CACHE_FILL zoom=200 x=63 y=63 published=56 total_us=410236 within_cold_gate=1 complete=1
[23:45:10] TINYDRAW_GATE1_CACHE_FILL zoom=400 x=63 y=63 published=56 total_us=368321 within_cold_gate=1 complete=1
[23:45:10] TINYDRAW_GATE1_CACHE_REVISIT zoom=50 remaining=0 tile_pixels=118128 fallback_pixels=0 compose_us=27403 complete_us=18550 hit=1
[23:45:10] TINYDRAW_GATE1_CACHE_REVISIT zoom=100 remaining=0 tile_pixels=164864 fallback_pixels=0 compose_us=29632 complete_us=18330 hit=1
[23:45:10] TINYDRAW_GATE1_CACHE_REVISIT zoom=200 remaining=0 tile_pixels=164864 fallback_pixels=0 compose_us=30373 complete_us=18054 hit=1
[23:45:10] TINYDRAW_GATE1_CACHE_REVISIT zoom=400 remaining=0 tile_pixels=164607 fallback_pixels=0 compose_us=31044 complete_us=18795 hit=1
[23:45:10] TINYDRAW_GATE1_CACHE_FILL zoom=400 x=575 y=575 published=56 total_us=396246 within_cold_gate=1 complete=1
[23:45:10] TINYDRAW_GATE1_CACHE_ROUND_TRIP zoom=50 from_x=63 from_y=63 via_x=575 via_y=575 remaining=0 tile_pixels=118128 fallback_pixels=0 compose_us=27391 complete_us=18900 hit=1
[23:45:11] TINYDRAW_GATE1_CACHE_ROUND_TRIP zoom=100 from_x=63 from_y=63 via_x=575 via_y=575 remaining=0 tile_pixels=164864 fallback_pixels=0 compose_us=29657 complete_us=18677 hit=1
[23:45:11] TINYDRAW_GATE1_CACHE_ROUND_TRIP zoom=200 from_x=63 from_y=63 via_x=575 via_y=575 remaining=0 tile_pixels=164864 fallback_pixels=0 compose_us=30295 complete_us=18424 hit=1
[23:45:11] TINYDRAW_GATE1_CACHE_ROUND_TRIP zoom=400 from_x=63 from_y=63 via_x=575 via_y=575 remaining=0 tile_pixels=164607 fallback_pixels=0 compose_us=31001 complete_us=18228 hit=1
[23:45:11] TINYDRAW_GATE1_CACHE_RETENTION pass=1 slots=384 revision=2140
[23:45:12] TINYDRAW_PAPER_SWEEP zoom=100 identities=644 raw=266 uniform=378 fallback=0 slots=384 total_us=1447789 pass=1
[23:45:17] TINYDRAW_GATE1_CACHE_TOUR slots=384 stops=16 forward_steps=2306 forward_tiles=832 forward_wall_us=2316816 return_missing_tiles=0 return_steps=16 return_tiles=0 return_wall_us=39315 home_missing=0 home_fallback_pixels=0 pass=1
[23:45:17] TINYDRAW_GATE1_MIXED_DRAW_WARM zoom=50 fill_tiles=56 fill_us=452203 raw=42 uniform=14
[23:45:18] TINYDRAW_GATE1_MIXED_DRAW_WARM zoom=100 fill_tiles=56 fill_us=415538 raw=56 uniform=0
[23:45:19] TINYDRAW_GATE1_MIXED_DRAW_WARM zoom=200 fill_tiles=56 fill_us=377582 raw=56 uniform=0
[23:45:19] TINYDRAW_GATE1_MIXED_DRAW_WARM zoom=400 fill_tiles=42 fill_us=256190 raw=42 uniform=0
[23:45:20] TINYDRAW_GATE1_MIXED_DRAW zoom=25 tool=pen chunks=33 append_max_us=13511 append_avg_us=12974 append_total_us=428166 affected_tiles=196 published=0 fallback=196 committed=1 authority=1 refresh=1 run_ok=1 pass=1
[23:45:21] TINYDRAW_GATE1_MIXED_DRAW zoom=25 tool=eraser chunks=33 append_max_us=13265 append_avg_us=12904 append_total_us=425845 affected_tiles=0 published=0 fallback=0 committed=1 authority=1 refresh=1 run_ok=1 pass=1
[23:45:22] TINYDRAW_GATE1_MIXED_DRAW zoom=50 tool=pen chunks=33 append_max_us=13180 append_avg_us=11551 append_total_us=381200 affected_tiles=268 published=220 fallback=48 committed=1 authority=1 refresh=1 run_ok=1 pass=1
[23:45:23] TINYDRAW_GATE1_MIXED_DRAW zoom=50 tool=eraser chunks=33 append_max_us=11145 append_avg_us=9118 append_total_us=300894 affected_tiles=156 published=156 fallback=0 committed=1 authority=1 refresh=1 run_ok=1 pass=1
[23:45:25] TINYDRAW_GATE1_MIXED_DRAW zoom=100 tool=pen chunks=33 append_max_us=12365 append_avg_us=10535 append_total_us=347671 affected_tiles=328 published=269 fallback=59 committed=1 authority=1 refresh=1 run_ok=1 pass=1
[23:45:25] TINYDRAW_GATE1_MIXED_DRAW zoom=100 tool=eraser chunks=33 append_max_us=11047 append_avg_us=9459 append_total_us=312172 affected_tiles=246 published=246 fallback=0 committed=1 authority=1 refresh=1 run_ok=1 pass=1
[23:45:27] TINYDRAW_GATE1_MIXED_DRAW zoom=200 tool=pen chunks=33 append_max_us=11980 append_avg_us=10215 append_total_us=337123 affected_tiles=331 published=288 fallback=43 committed=1 authority=1 refresh=1 run_ok=1 pass=1
[23:45:28] TINYDRAW_GATE1_MIXED_DRAW zoom=200 tool=eraser chunks=33 append_max_us=10819 append_avg_us=9218 append_total_us=304203 affected_tiles=271 published=271 fallback=0 committed=1 authority=1 refresh=1 run_ok=1 pass=1
[23:45:29] TINYDRAW_GATE1_MIXED_DRAW zoom=400 tool=pen chunks=33 append_max_us=12278 append_avg_us=10420 append_total_us=343886 affected_tiles=331 published=300 fallback=31 committed=1 authority=1 refresh=1 run_ok=1 pass=1
[23:45:30] TINYDRAW_GATE1_MIXED_DRAW zoom=400 tool=eraser chunks=33 append_max_us=10605 append_avg_us=9372 append_total_us=309305 affected_tiles=270 published=270 fallback=0 committed=1 authority=1 refresh=1 run_ok=1 pass=1
[23:45:30] TINYDRAW_GATE1_MIXED_DRAW_REVISIT zoom=50 missing=4 refill_tiles=4 refill_us=141010
[23:45:30] TINYDRAW_GATE1_MIXED_DRAW_REVISIT zoom=100 missing=9 refill_tiles=9 refill_us=249479
[23:45:30] TINYDRAW_GATE1_MIXED_DRAW_REVISIT zoom=200 missing=16 refill_tiles=16 refill_us=260514
[23:45:31] TINYDRAW_GATE1_MIXED_DRAW_REVISIT zoom=400 missing=9 refill_tiles=9 refill_us=183096
[23:45:31] TINYDRAW_GATE1_MIXED_DRAW_SUMMARY slots=384 strokes=10 worst_append_us=13511 pass=1
[23:45:32] TINYDRAW_GATE1_LONG_GESTURE path=reference samples=1600 chunks=26 append_total_us=684087 append_max_us=32932 append_avg_us=26311 refresh_fallback_pixels=0 settled_fallback_pixels=0 committed=1 authority=1 refresh=1 run_ok=1
[23:45:32] TINYDRAW_GATE1_LONG_GESTURE path=in_place samples=1600 chunks=35 append_total_us=320573 append_max_us=11104 append_avg_us=9159 refresh_fallback_pixels=9456 settled_fallback_pixels=0 committed=1 authority=1 refresh=1 run_ok=1
[23:45:32] TINYDRAW_V2_EXPORT_PROGRESS row=0 of=1792
[23:45:33] TINYDRAW_V2_EXPORT_PROGRESS row=256 of=1792
[23:45:34] TINYDRAW_V2_EXPORT_PROGRESS row=512 of=1792
[23:45:35] TINYDRAW_V2_EXPORT_PROGRESS row=768 of=1792
[23:45:35] TINYDRAW_V2_EXPORT_PROGRESS row=1024 of=1792
[23:45:36] TINYDRAW_V2_EXPORT_PROGRESS row=1280 of=1792
[23:45:37] TINYDRAW_V2_EXPORT_PROGRESS row=1536 of=1792
[23:45:37] E (47251) task_wdt: Task watchdog got triggered. The following tasks/users did not reset the watchdog in time:
[23:45:37] E (47251) task_wdt:  - IDLE0 (CPU 0)
[23:45:37] E (47251) task_wdt: Tasks currently running:
[23:45:37] E (47251) task_wdt: CPU 0: main
[23:45:37] E (47251) task_wdt: CPU 1: IDLE1
[23:45:37] E (47251) task_wdt: Print CPU 0 (current core) backtrace
[23:45:37] 
[23:45:37] 
[23:45:37] Backtrace: 0x420349E5:0x3FC95A10 0x403787AD:0x3FC95A50 0x4203A30F:0x3FC9D110 0x4201CECB:0x3FC9D170 0x4201D1FE:0x3FC9D1B0 0x42019E35:0x3FC9D1D0 0x42012C31:0x3FC9D230 0x42012E4D:0x3FC9D2E0 0x420101DB:0x3FC9D310 0x4201862D:0x3FC9D380 0x4200C648:0x3FC9D7F0 0x420100C3:0x3FC9EB00 0x42007BCE:0x3FC9EB20
[23:45:37] 
[23:45:38] TINYDRAW_GATE1_EXPORT encoded=1 bytes=40045 elapsed_us=5781718 workspace_bytes=50652 band_bytes=376832 free_psram=2515156 free_internal=242524 signature=1 dimensions=1 pass=1
[23:45:38] TINYDRAW_EXPORT_RESERVE requested=1572864 free_before=2515156 largest_before=2490368 free_held=942288 largest_held=933888 pass=1
[23:45:38] TINYDRAW_GATE1_AUTOMATED_DONE stress=1 stress_100=1 stress_400=1 overlap_ready=1 overlap_cold=1 adversarial_ready=1 adversarial_cold=1 workload=1 paced_cold=1 hard_100=1 hard_400=1 pan_100=1 pan_400=1 pan_seq=1 live_overlay=1 draw_fill=1 cache=1 full_world_cache=1 cache_tour=1 mixed_draw=1 long_gesture=1 export_encode=1 export_reserve=1 return=1 ssaa_receipt=yellow
[23:45:38] TINYDRAW_VECTOR_V2_GATE_HARNESS_DONE pass=1
[23:45:38] TINYDRAW_VECTOR_V2_READY zoom=25 controls=chrome button=cycle_all_zooms operations_capacity=4000 samples_capacity=80000 live_storage_bytes=5829024 overview_bytes=1318912 raw_tile_bytes=3145728 tile_metadata_bytes=71416 operation_bytes=720000 live_scratch_bytes=572968 free_psram=2515156 largest_psram=2490368 te_edges=2782 te_period_us=16787 te_high_us=578 te_level=0 main_stack_free=6296
