[10:36:41] I (103) esp_image: segment 0: paddr=00010020 vaddr=3c050020 sizeESP-ROM:esp32s3-20210327
[10:36:41] Build:Mar 27 2021
[10:36:41] rst:0x15 (USB_UART_CHIP_RESET),boot:0x2b (SPI_FAST_FLASH_BOOT)
[10:36:41] Saved PC:0x42008617
[10:36:41] SPIWP:0xee
[10:36:41] mode:DIO, clock div:1
[10:36:41] load:0x3fce2820,len:0x1664
[10:36:41] load:0x403c8700,len:0xf38
[10:36:41] load:0x403cb700,len:0x31e8
[10:36:41] entry 0x403c8930
[10:36:41] I (24) boot: ESP-IDF v6.0.2 2nd stage bootloader
[10:36:41] I (24) boot: compile time Aug 15 2026 10:36:26
[10:36:41] I (25) boot: Multicore bootloader
[10:36:41] I (25) boot: chip revision: v0.2
[10:36:41] I (28) boot: efuse block revision: v1.3
[10:36:41] I (31) qio_mode: Enabling default flash chip QIO
[10:36:41] I (36) boot.esp32s3: Boot SPI Speed : 80MHz
[10:36:41] I (39) boot.esp32s3: SPI Mode       : QIO
[10:36:41] I (43) boot.esp32s3: SPI Flash Size : 16MB
[10:36:41] I (47) boot: Enabling RNG early entropy source...
[10:36:41] I (51) boot: Partition Table:
[10:36:41] I (54) boot: ## Label            Usage          Type ST Offset   Length
[10:36:41] I (60) boot:  0 nvs              WiFi data        01 02 00009000 00006000
[10:36:41] I (67) boot:  1 phy_init         RF data          01 01 0000f000 00001000
[10:36:41] I (73) boot:  2 factory          factory app      00 00 00010000 00100000
[10:36:41] I (80) boot:  3 drawing          Unknown data     01 40 00110000 00300000
[10:36:41] I (86) boot:  4 export           Unknown data     01 41 00410000 00500000
[10:36:41] I (93) boot:  5 coredump         Unknown data     01 03 00910000 00010000
[10:36:41] I (100) boot: End of partition table
[10:36:41] I (103) esp_image: segment 0: paddr=00010020 vaddr=3c050020 size=13e7ch ( 81532) map
[10:36:41] I (123) esp_image: segment 1: paddr=00023ea4 vaddr=3fc94500 size=03764h ( 14180) load
[10:36:41] I (126) esp_image: segment 2: paddr=00027610 vaddr=40374000 size=08a08h ( 35336) load
[10:36:41] I (134) esp_image: segment 3: paddr=00030020 vaddr=42000020 size=45680h (284288) map
[10:36:41] I (178) esp_image: segment 4: paddr=000756a8 vaddr=4037ca08 size=07a54h ( 31316) load
[10:36:41] I (185) esp_image: segment 5: paddr=0007d104 vaddr=50000000 size=00024h (    36) load
[10:36:41] I (192) boot: Loaded app from partition at offset 0x10000
[10:36:41] I (193) boot: Disabling RNG early entropy source...
[10:36:41] I (204) octal_psram: vendor id    : 0x0d (AP)
[10:36:41] I (204) octal_psram: dev id       : 0x02 (generation 3)
[10:36:41] I (204) octal_psram: density      : 0x03 (64 Mbit)
[10:36:41] I (206) octal_psram: good-die     : 0x01 (Pass)
[10:36:41] I (210) octal_psram: Latency      : 0x01 (Fixed)
[10:36:41] I (215) octal_psram: VCC          : 0x01 (3V)
[10:36:41] I (219) octal_psram: SRF          : 0x01 (Fast Refresh)
[10:36:41] I (224) octal_psram: BurstType    : 0x01 (Hybrid Wrap)
[10:36:41] I (228) octal_psram: BurstLen     : 0x01 (32 Byte)
[10:36:41] I (233) octal_psram: Readlatency  : 0x02 (10 cycles@Fixed)
[10:36:41] I (238) octal_psram: DriveStrength: 0x00 (1/1)
[10:36:41] I (242) MSPI Timing: Enter psram timing tuning
[10:36:41] I (247) esp_psram: Found 8MB PSRAM device
[10:36:41] I (250) esp_psram: Speed: 80MHz
[10:36:41] I (253) cpu_start: Multicore app
[10:36:41] I (669) esp_psram: SPI SRAM memory test OK
[10:36:41] I (677) cpu_start: GPIO 44 and 43 are used as console UART I/O pins
[10:36:41] I (678) cpu_start: Pro cpu start user code
[10:36:41] I (678) cpu_start: cpu freq: 240000000 Hz
[10:36:41] I (680) app_init: Application information:
[10:36:41] I (684) app_init: Project name:     tinydraw_esp32
[10:36:41] I (688) app_init: App version:      9f0b52f-dirty
[10:36:41] I (692) app_init: Compile time:     Aug 15 2026 10:36:20
[10:36:41] I (697) app_init: ELF file SHA256:  169ca5be3...
[10:36:41] I (702) app_init: ESP-IDF:          v6.0.2
[10:36:41] I (706) efuse_init: Min chip rev:     v0.0
[10:36:41] I (709) efuse_init: Max chip rev:     v0.99 
[10:36:41] I (713) efuse_init: Chip rev:         v0.2
[10:36:41] I (717) heap_init: Initializing. RAM available for dynamic allocation:
[10:36:41] I (724) heap_init: At 3FC99090 len 00050680 (321 KiB): RAM
[10:36:41] I (729) heap_init: At 3FCE9710 len 00005724 (21 KiB): RAM
[10:36:41] I (734) heap_init: At 3FCF0000 len 00008000 (32 KiB): DRAM
[10:36:41] I (739) heap_init: At 600FE000 len 00001FE8 (7 KiB): RTCRAM
[10:36:41] I (745) esp_psram: Adding pool of 8192K of PSRAM memory to heap allocator
[10:36:41] I (751) spi_flash: detected chip: generic
[10:36:41] I (755) spi_flash: flash io: qio
[10:36:41] I (758) sleep_gpio: Configure to isolate all GPIO pins in sleep state
[10:36:41] I (764) sleep_gpio: Enable automatic switching of GPIO sleep configuration
[10:36:41] I (771) main_task: Started on CPU0
[10:36:41] I (774) main_task: Calling app_main()
[10:36:41] TINYDRAW_PANEL_HARD_RESET=1
[10:36:41] I (971) co5300: version: 2.1.0
[10:36:41] I (972) co5300_spi: LCD panel create success, version: 2.1.0
[10:36:41] W (1052) co5300_spi: The 3Ah command has been used and will be overwritten by external initialization sequence
[10:36:41] I (1153) CST816S: IC id: 183
[10:36:42] TINYDRAW_LIVE_PRESENT kind=startup zoom=25 x=0 y=0 compose_us=36680 scroll_us=0 exposed_compose_us=0 chrome_us=8270 read_submit_us=0 read_complete_us=0 transfer_wait_us=18360 tile_pixels=0 uniform_pixels=0 overview_pixels=164864 fallback_pixels=0 resident_tiles=0 fallback_tiles=0 pushes=11 tear_wait_us=6109 tear_sync=1 frame_reused=0 pass=1
[10:36:42] TINYDRAW_LIVE_STRESS operations=1000 samples=20000 total_us=453216 average_us=453 maximum_us=1100 free_psram=2515156 largest_psram=2490368
[10:36:42] TINYDRAW_LIVE_PRESENT kind=gate_fallback zoom=100 x=0 y=0 compose_us=25238 scroll_us=0 exposed_compose_us=0 chrome_us=7888 read_submit_us=38133 read_complete_us=39744 transfer_wait_us=18240 tile_pixels=0 uniform_pixels=0 overview_pixels=0 fallback_pixels=164864 resident_tiles=0 fallback_tiles=42 pushes=11 tear_wait_us=11737 tear_sync=1 frame_reused=0 pass=1
[10:36:42] TINYDRAW_GATE1_HARD zoom=100 cold=1 operations=1000 samples=20000 steps=192 tiles=42 scanned=12000 rendered=1659 max_supertask_us=9084 presentation_us=70226 total_us=265373 pass=1
[10:36:42] TINYDRAW_LIVE_PRESENT kind=gate_fallback zoom=400 x=0 y=0 compose_us=24588 scroll_us=0 exposed_compose_us=0 chrome_us=7851 read_submit_us=35651 read_complete_us=37264 transfer_wait_us=17974 tile_pixels=0 uniform_pixels=0 overview_pixels=0 fallback_pixels=164864 resident_tiles=0 fallback_tiles=42 pushes=11 tear_wait_us=9886 tear_sync=1 frame_reused=0 pass=1
[10:36:43] TINYDRAW_GATE1_HARD zoom=400 cold=1 operations=1000 samples=20000 steps=196 tiles=42 scanned=12000 rendered=120 max_supertask_us=8360 presentation_us=66314 total_us=201953 pass=1
[10:36:43] TINYDRAW_OVERLAP_WORKLOAD operations=8 samples=1200 radius_world=80
[10:36:44] TINYDRAW_GATE1_PACED_COLD corpus=overlap zoom=50 x=215 y=255 steps=334 tiles=56 compute_us=358763 present_us=84735 touch_us=670 pacing_us=10265 wall_us=454433 max_tick_us=10187 touch_samples=2189 touch_interval_max_us=1808 touch_read_max_us=592 touch_events=0 touch_down=0 touch_up=0 touch_events_ge_8ms=0 touch_event_age_max_us=0 touch_errors=0 touch_overflows=0 pass=1
[10:36:44] TINYDRAW_GATE1_PACED_COLD corpus=overlap zoom=100 x=583 y=703 steps=172 tiles=48 compute_us=224047 present_us=81981 touch_us=435 pacing_us=5742 wall_us=312205 max_tick_us=10016 touch_samples=395 touch_interval_max_us=1157 touch_read_max_us=438 touch_events=0 touch_down=0 touch_up=0 touch_events_ge_8ms=0 touch_event_age_max_us=0 touch_errors=0 touch_overflows=0 pass=1
[10:36:44] TINYDRAW_GATE1_PACED_COLD corpus=overlap zoom=200 x=1319 y=1599 steps=128 tiles=56 compute_us=226097 present_us=77757 touch_us=422 pacing_us=5697 wall_us=309973 max_tick_us=9292 touch_samples=401 touch_interval_max_us=1914 touch_read_max_us=511 touch_events=0 touch_down=0 touch_up=0 touch_events_ge_8ms=0 touch_event_age_max_us=0 touch_errors=0 touch_overflows=0 pass=1
[10:36:45] TINYDRAW_GATE1_PACED_COLD corpus=overlap zoom=400 x=2791 y=3391 steps=94 tiles=56 compute_us=212934 present_us=81233 touch_us=382 pacing_us=6443 wall_us=300992 max_tick_us=9629 touch_samples=378 touch_interval_max_us=1179 touch_read_max_us=454 touch_events=0 touch_down=0 touch_up=0 touch_events_ge_8ms=0 touch_event_age_max_us=0 touch_errors=0 touch_overflows=0 pass=1
[10:36:45] TINYDRAW_ADVERSARIAL_TAPERED_WORKLOAD operations=128 samples=4096 erasers=12 load_us=218417 appended=1
[10:36:45] TINYDRAW_GATE1_PACED_COLD corpus=adversarial_tapered_4x zoom=50 x=0 y=0 steps=104 tiles=42 compute_us=91616 present_us=62663 touch_us=290 pacing_us=4942 wall_us=159511 max_tick_us=7810 touch_samples=498 touch_interval_max_us=1184 touch_read_max_us=446 touch_events=0 touch_down=0 touch_up=0 touch_events_ge_8ms=0 touch_event_age_max_us=0 touch_errors=0 touch_overflows=0 pass=1
[10:36:46] TINYDRAW_GATE1_PACED_COLD corpus=adversarial_tapered_4x zoom=100 x=0 y=0 steps=348 tiles=42 compute_us=152760 present_us=60587 touch_us=369 pacing_us=6449 wall_us=220165 max_tick_us=8027 touch_samples=313 touch_interval_max_us=1149 touch_read_max_us=413 touch_events=0 touch_down=0 touch_up=0 touch_events_ge_8ms=0 touch_event_age_max_us=0 touch_errors=0 touch_overflows=0 pass=1
[10:36:46] TINYDRAW_GATE1_PACED_COLD corpus=adversarial_tapered_4x zoom=200 x=0 y=0 steps=1214 tiles=42 compute_us=426262 present_us=64396 touch_us=858 pacing_us=17816 wall_us=509332 max_tick_us=9702 touch_samples=591 touch_interval_max_us=1163 touch_read_max_us=423 touch_events=0 touch_down=0 touch_up=0 touch_events_ge_8ms=0 touch_event_age_max_us=0 touch_errors=0 touch_overflows=0 pass=1
[10:36:47] TINYDRAW_GATE1_PACED_COLD corpus=adversarial_tapered_4x zoom=400 x=0 y=0 steps=904 tiles=42 compute_us=529452 present_us=65773 touch_us=959 pacing_us=18189 wall_us=614373 max_tick_us=9527 touch_samples=694 touch_interval_max_us=1169 touch_read_max_us=432 touch_events=0 touch_down=0 touch_up=0 touch_events_ge_8ms=0 touch_event_age_max_us=0 touch_errors=0 touch_overflows=0 pass=1
[10:36:48] TINYDRAW_GATE1_WORKLOAD kind=realistic seed=7 operations=1000 samples=19844 maximum_stroke=198 load_us=378720 raw_source=1 lod_copies=0
[10:36:48] TINYDRAW_GATE1_PACED_COLD corpus=seed7 zoom=400 x=63 y=63 steps=281 tiles=56 compute_us=264139 present_us=81975 touch_us=463 pacing_us=7826 wall_us=354403 max_tick_us=12311 touch_samples=934 touch_interval_max_us=1166 touch_read_max_us=437 touch_events=0 touch_down=0 touch_up=0 touch_events_ge_8ms=0 touch_event_age_max_us=0 touch_errors=0 touch_overflows=0 pass=1
[10:36:48] TINYDRAW_LIVE_PRESENT kind=gate_fallback zoom=100 x=0 y=0 compose_us=25407 scroll_us=0 exposed_compose_us=0 chrome_us=7884 read_submit_us=36430 read_complete_us=38041 transfer_wait_us=18428 tile_pixels=0 uniform_pixels=0 overview_pixels=0 fallback_pixels=164864 resident_tiles=0 fallback_tiles=42 pushes=11 tear_wait_us=9864 tear_sync=1 frame_reused=0 pass=1
[10:36:48] TINYDRAW_GATE1_HARD zoom=100 cold=1 operations=1000 samples=19844 steps=275 tiles=42 scanned=12000 rendered=5232 max_supertask_us=9169 presentation_us=70239 total_us=365062 pass=1
[10:36:49] TINYDRAW_GATE1_LIVE_OVERLAY clear_updates=47 clear_wall_max_us=2932 clear_submit_max_us=2191 clear_complete_max_us=2237 overlay_updates=26 overlay_wall_max_us=2919 overlay_submit_max_us=2360 overlay_complete_max_us=2397 overlay_chrome_max_us=0 clear_failures=0 overlay_failures=0 pass=1
[10:36:49] TINYDRAW_GATE1_PAN zoom=100 from_x=0 from_y=0 to_x=88 to_y=88 compose_us=16 scroll_us=13 exposed_compose_us=3 chrome_us=6450 event_submit_us=907 event_complete_us=1192 transfer_us=36780 setup=1 present=1 moved=1 frame_reused=1 pass=1
[10:36:49] TINYDRAW_LIVE_PRESENT kind=gate_fallback zoom=400 x=0 y=0 compose_us=24602 scroll_us=0 exposed_compose_us=0 chrome_us=7819 read_submit_us=29043 read_complete_us=30656 transfer_wait_us=18294 tile_pixels=0 uniform_pixels=0 overview_pixels=0 fallback_pixels=164864 resident_tiles=0 fallback_tiles=42 pushes=11 tear_wait_us=3282 tear_sync=1 frame_reused=0 pass=1
[10:36:50] TINYDRAW_GATE1_HARD zoom=400 cold=1 operations=1000 samples=19844 steps=211 tiles=42 scanned=12000 rendered=591 max_supertask_us=10624 presentation_us=66595 total_us=258259 pass=1
[10:36:50] TINYDRAW_GATE1_PAN zoom=400 from_x=0 from_y=0 to_x=88 to_y=88 compose_us=16 scroll_us=13 exposed_compose_us=3 chrome_us=6417 event_submit_us=749 event_complete_us=888 transfer_us=36859 setup=1 present=1 moved=1 frame_reused=1 pass=1
[10:36:53] TINYDRAW_PANSEQ_FRAME zoom=100 step=0 dx=24 dy=18 scroll_us=13 exposed_compose_us=4 tear_wait_us=1036 present_us=28485 prepare_us=6415 staging_us=7169 event_submit_us=1494 event_complete_us=3123 frame_us=28596 tear_sync=1 frame_reused=1 pass=1
[10:36:53] TINYDRAW_PANSEQ_FRAME zoom=100 step=1 dx=24 dy=18 scroll_us=11 exposed_compose_us=3 tear_wait_us=696 present_us=27853 prepare_us=6619 staging_us=6791 event_submit_us=1390 event_complete_us=3009 frame_us=27955 tear_sync=1 frame_reused=1 pass=1
[10:36:53] TINYDRAW_PANSEQ_FRAME zoom=100 step=2 dx=24 dy=18 scroll_us=12 exposed_compose_us=3 tear_wait_us=403 present_us=25454 prepare_us=6415 staging_us=6294 event_submit_us=1503 event_complete_us=2073 frame_us=25955 tear_sync=1 frame_reused=1 pass=1
[10:36:53] TINYDRAW_PANSEQ_FRAME zoom=100 step=3 dx=24 dy=18 scroll_us=11 exposed_compose_us=3 tear_wait_us=1006 present_us=27854 prepare_us=6387 staging_us=6244 event_submit_us=686 event_complete_us=1035 frame_us=27957 tear_sync=1 frame_reused=1 pass=1
[10:36:53] TINYDRAW_PANSEQ_FRAME zoom=100 step=4 dx=24 dy=18 scroll_us=13 exposed_compose_us=3 tear_wait_us=467 present_us=26846 prepare_us=6561 staging_us=6323 event_submit_us=811 event_complete_us=949 frame_us=26953 tear_sync=1 frame_reused=1 pass=1
[10:36:53] TINYDRAW_PANSEQ_FRAME zoom=100 step=5 dx=24 dy=18 scroll_us=13 exposed_compose_us=3 tear_wait_us=86 present_us=27850 prepare_us=6341 staging_us=7557 event_submit_us=2037 event_complete_us=2872 frame_us=27956 tear_sync=1 frame_reused=1 pass=1
[10:36:53] TINYDRAW_PANSEQ_FRAME zoom=100 step=6 dx=24 dy=18 scroll_us=12 exposed_compose_us=3 tear_wait_us=423 present_us=27851 prepare_us=6568 staging_us=7289 event_submit_us=1303 event_complete_us=2624 frame_us=27955 tear_sync=1 frame_reused=1 pass=1
[10:36:53] TINYDRAW_PANSEQ_FRAME zoom=100 step=7 dx=24 dy=18 scroll_us=13 exposed_compose_us=3 tear_wait_us=411 present_us=26850 prepare_us=6368 staging_us=6310 event_submit_us=824 event_complete_us=1330 frame_us=26955 tear_sync=1 frame_reused=1 pass=1
[10:36:53] TINYDRAW_PANSEQ_FRAME zoom=100 step=8 dx=24 dy=18 scroll_us=11 exposed_compose_us=3 tear_wait_us=8 present_us=27849 prepare_us=6425 staging_us=7894 event_submit_us=2414 event_complete_us=4041 frame_us=27954 tear_sync=1 frame_reused=1 pass=1
[10:36:53] TINYDRAW_PANSEQ_FRAME zoom=100 step=9 dx=24 dy=18 scroll_us=11 exposed_compose_us=3 tear_wait_us=352 present_us=27853 prepare_us=6652 staging_us=6748 event_submit_us=1432 event_complete_us=3050 frame_us=27956 tear_sync=1 frame_reused=1 pass=1
[10:36:53] TINYDRAW_PANSEQ_FRAME zoom=100 step=10 dx=24 dy=18 scroll_us=13 exposed_compose_us=3 tear_wait_us=211 present_us=26850 prepare_us=6394 staging_us=6441 event_submit_us=1055 event_complete_us=1413 frame_us=26953 tear_sync=1 frame_reused=1 pass=1
[10:36:53] TINYDRAW_PANSEQ_FRAME zoom=100 step=11 dx=24 dy=18 scroll_us=12 exposed_compose_us=3 tear_wait_us=1168 present_us=28852 prepare_us=6492 staging_us=6301 event_submit_us=1450 event_complete_us=3072 frame_us=28957 tear_sync=1 frame_reused=1 pass=1
[10:36:53] TINYDRAW_PANSEQ_FRAME zoom=100 step=12 dx=24 dy=18 scroll_us=13 exposed_compose_us=3 tear_wait_us=295 present_us=27848 prepare_us=6809 staging_us=6949 event_submit_us=1443 event_complete_us=3059 frame_us=27953 tear_sync=1 frame_reused=1 pass=1
[10:36:53] TINYDRAW_PANSEQ_FRAME zoom=100 step=13 dx=24 dy=18 scroll_us=13 exposed_compose_us=3 tear_wait_us=6 present_us=26852 prepare_us=6333 staging_us=6067 event_submit_us=1213 event_complete_us=1791 frame_us=26956 tear_sync=1 frame_reused=1 pass=1
[10:36:53] TINYDRAW_PANSEQ_FRAME zoom=100 step=14 dx=24 dy=18 scroll_us=12 exposed_compose_us=3 tear_wait_us=1178 present_us=27851 prepare_us=6616 staging_us=6514 event_submit_us=1460 event_complete_us=3081 frame_us=27955 tear_sync=1 frame_reused=1 pass=1
[10:36:53] TINYDRAW_PANSEQ_FRAME zoom=100 step=15 dx=24 dy=18 scroll_us=13 exposed_compose_us=3 tear_wait_us=7 present_us=27850 prepare_us=6441 staging_us=7321 event_submit_us=1414 event_complete_us=3034 frame_us=27956 tear_sync=1 frame_reused=1 pass=1
[10:36:53] TINYDRAW_PANSEQ_FRAME zoom=100 step=16 dx=72 dy=54 scroll_us=11 exposed_compose_us=3 tear_wait_us=536 present_us=34311 prepare_us=6350 staging_us=5522 event_submit_us=1892 event_complete_us=2471 frame_us=34952 tear_sync=1 frame_reused=1 pass=1
[10:36:53] TINYDRAW_PANSEQ_FRAME zoom=100 step=17 dx=72 dy=54 scroll_us=13 exposed_compose_us=3 tear_wait_us=6 present_us=34850 prepare_us=6354 staging_us=5462 event_submit_us=1254 event_complete_us=1686 frame_us=34955 tear_sync=1 frame_reused=1 pass=1
[10:36:53] TINYDRAW_PANSEQ_FRAME zoom=100 step=18 dx=72 dy=54 scroll_us=12 exposed_compose_us=3 tear_wait_us=7 present_us=32851 prepare_us=6432 staging_us=5651 event_submit_us=792 event_complete_us=1221 frame_us=32955 tear_sync=1 frame_reused=1 pass=1
[10:36:53] TINYDRAW_PANSEQ_FRAME zoom=100 step=19 dx=72 dy=54 scroll_us=11 exposed_compose_us=3 tear_wait_us=7 present_us=33852 prepare_us=6283 staging_us=5756 event_submit_us=1029 event_complete_us=1854 frame_us=33955 tear_sync=1 frame_reused=1 pass=1
[10:36:53] TINYDRAW_PANSEQ_FRAME zoom=100 step=20 dx=-72 dy=-54 scroll_us=12 exposed_compose_us=3 tear_wait_us=6 present_us=32852 prepare_us=5595 staging_us=5849 event_submit_us=2186 event_complete_us=2794 frame_us=32953 tear_sync=1 frame_reused=1 pass=1
[10:36:53] TINYDRAW_PANSEQ_FRAME zoom=100 step=21 dx=-72 dy=-54 scroll_us=11 exposed_compose_us=3 tear_wait_us=7 present_us=32852 prepare_us=5604 staging_us=5743 event_submit_us=1028 event_complete_us=1093 frame_us=32956 tear_sync=1 frame_reused=1 pass=1
[10:36:53] TINYDRAW_PANSEQ_FRAME zoom=100 step=22 dx=-72 dy=-54 scroll_us=13 exposed_compose_us=3 tear_wait_us=7 present_us=31850 prepare_us=5616 staging_us=5430 event_submit_us=2223 event_complete_us=2802 frame_us=31955 tear_sync=1 frame_reused=1 pass=1
[10:36:53] TINYDRAW_PANSEQ_FRAME zoom=100 step=23 dx=-72 dy=-54 scroll_us=11 exposed_compose_us=3 tear_wait_us=1162 present_us=31696 prepare_us=5538 staging_us=5354 event_submit_us=3348 event_complete_us=3928 frame_us=32956 tear_sync=1 frame_reused=1 pass=1
[10:36:53] TINYDRAW_GATE1_PANSEQ zoom=100 frames=24 scroll_avg_us=12 exposed_avg_us=3 tear_wait_avg_us=395 present_avg_us=29415 prepare_avg_us=6317 staging_avg_us=6374 frame_avg_us=29606 frame_p50_us=27956 frame_p95_us=34952 frame_max_us=34955 complete_p50_us=2624 complete_p95_us=3928 complete_max_us=4041 all_reused=1 pass=1
[10:36:56] TINYDRAW_PANSEQ_FRAME zoom=400 step=0 dx=24 dy=18 scroll_us=13 exposed_compose_us=3 tear_wait_us=1167 present_us=27858 prepare_us=6646 staging_us=7249 event_submit_us=1531 event_complete_us=3154 frame_us=27968 tear_sync=1 frame_reused=1 pass=1
[10:36:56] TINYDRAW_PANSEQ_FRAME zoom=400 step=1 dx=24 dy=18 scroll_us=13 exposed_compose_us=3 tear_wait_us=803 present_us=27835 prepare_us=6625 staging_us=6720 event_submit_us=1395 event_complete_us=3016 frame_us=27942 tear_sync=1 frame_reused=1 pass=1
[10:36:56] TINYDRAW_PANSEQ_FRAME zoom=400 step=2 dx=24 dy=18 scroll_us=13 exposed_compose_us=3 tear_wait_us=1223 present_us=25633 prepare_us=6505 staging_us=6459 event_submit_us=2385 event_complete_us=2963 frame_us=26955 tear_sync=1 frame_reused=1 pass=1
[10:36:56] TINYDRAW_PANSEQ_FRAME zoom=400 step=3 dx=24 dy=18 scroll_us=11 exposed_compose_us=3 tear_wait_us=1030 present_us=27851 prepare_us=6256 staging_us=6543 event_submit_us=608 event_complete_us=839 frame_us=27955 tear_sync=1 frame_reused=1 pass=1
[10:36:56] TINYDRAW_PANSEQ_FRAME zoom=400 step=4 dx=24 dy=18 scroll_us=13 exposed_compose_us=3 tear_wait_us=934 present_us=26849 prepare_us=6698 staging_us=6831 event_submit_us=1427 event_complete_us=3041 frame_us=26956 tear_sync=1 frame_reused=1 pass=1
[10:36:56] TINYDRAW_PANSEQ_FRAME zoom=400 step=5 dx=24 dy=18 scroll_us=13 exposed_compose_us=3 tear_wait_us=169 present_us=27847 prepare_us=6371 staging_us=7631 event_submit_us=1864 event_complete_us=2542 frame_us=27951 tear_sync=1 frame_reused=1 pass=1
[10:36:56] TINYDRAW_PANSEQ_FRAME zoom=400 step=6 dx=24 dy=18 scroll_us=12 exposed_compose_us=3 tear_wait_us=512 present_us=26852 prepare_us=6667 staging_us=6721 event_submit_us=1176 event_complete_us=2255 frame_us=26955 tear_sync=1 frame_reused=1 pass=1
[10:36:56] TINYDRAW_PANSEQ_FRAME zoom=400 step=7 dx=24 dy=18 scroll_us=13 exposed_compose_us=3 tear_wait_us=358 present_us=26851 prepare_us=6498 staging_us=5741 event_submit_us=1092 event_complete_us=2052 frame_us=26957 tear_sync=1 frame_reused=1 pass=1
[10:36:56] TINYDRAW_PANSEQ_FRAME zoom=400 step=8 dx=24 dy=18 scroll_us=13 exposed_compose_us=3 tear_wait_us=1104 present_us=27849 prepare_us=6707 staging_us=6387 event_submit_us=1435 event_complete_us=3058 frame_us=27955 tear_sync=1 frame_reused=1 pass=1
[10:36:56] TINYDRAW_PANSEQ_FRAME zoom=400 step=9 dx=24 dy=18 scroll_us=12 exposed_compose_us=3 tear_wait_us=522 present_us=27849 prepare_us=6623 staging_us=6488 event_submit_us=1410 event_complete_us=3031 frame_us=27956 tear_sync=1 frame_reused=1 pass=1
[10:36:56] TINYDRAW_PANSEQ_FRAME zoom=400 step=10 dx=24 dy=18 scroll_us=13 exposed_compose_us=3 tear_wait_us=7 present_us=25848 prepare_us=6377 staging_us=6103 event_submit_us=1212 event_complete_us=1790 frame_us=25953 tear_sync=1 frame_reused=1 pass=1
[10:36:56] TINYDRAW_PANSEQ_FRAME zoom=400 step=11 dx=24 dy=18 scroll_us=13 exposed_compose_us=3 tear_wait_us=643 present_us=27849 prepare_us=6373 staging_us=5862 event_submit_us=1307 event_complete_us=1959 frame_us=27954 tear_sync=1 frame_reused=1 pass=1
[10:36:56] TINYDRAW_PANSEQ_FRAME zoom=400 step=12 dx=24 dy=18 scroll_us=12 exposed_compose_us=3 tear_wait_us=576 present_us=27852 prepare_us=6773 staging_us=6230 event_submit_us=1446 event_complete_us=3061 frame_us=27958 tear_sync=1 frame_reused=1 pass=1
[10:36:56] TINYDRAW_PANSEQ_FRAME zoom=400 step=13 dx=24 dy=18 scroll_us=13 exposed_compose_us=3 tear_wait_us=1928 present_us=26926 prepare_us=6404 staging_us=5832 event_submit_us=3130 event_complete_us=3709 frame_us=28952 tear_sync=1 frame_reused=1 pass=1
[10:36:56] TINYDRAW_PANSEQ_FRAME zoom=400 step=14 dx=24 dy=18 scroll_us=12 exposed_compose_us=3 tear_wait_us=993 present_us=27850 prepare_us=6578 staging_us=6781 event_submit_us=1451 event_complete_us=3072 frame_us=27958 tear_sync=1 frame_reused=1 pass=1
[10:36:56] TINYDRAW_PANSEQ_FRAME zoom=400 step=15 dx=24 dy=18 scroll_us=12 exposed_compose_us=3 tear_wait_us=182 present_us=27848 prepare_us=6527 staging_us=6628 event_submit_us=1393 event_complete_us=3013 frame_us=27955 tear_sync=1 frame_reused=1 pass=1
[10:36:56] TINYDRAW_PANSEQ_FRAME zoom=400 step=16 dx=72 dy=54 scroll_us=11 exposed_compose_us=3 tear_wait_us=994 present_us=34861 prepare_us=6430 staging_us=5212 event_submit_us=2322 event_complete_us=2902 frame_us=35952 tear_sync=1 frame_reused=1 pass=1
[10:36:56] TINYDRAW_PANSEQ_FRAME zoom=400 step=17 dx=72 dy=54 scroll_us=13 exposed_compose_us=3 tear_wait_us=6 present_us=35850 prepare_us=6467 staging_us=5724 event_submit_us=1079 event_complete_us=1950 frame_us=35955 tear_sync=1 frame_reused=1 pass=1
[10:36:56] TINYDRAW_PANSEQ_FRAME zoom=400 step=18 dx=72 dy=54 scroll_us=13 exposed_compose_us=3 tear_wait_us=8 present_us=34848 prepare_us=6522 staging_us=5527 event_submit_us=1863 event_complete_us=3486 frame_us=34955 tear_sync=1 frame_reused=1 pass=1
[10:36:56] TINYDRAW_PANSEQ_FRAME zoom=400 step=19 dx=72 dy=54 scroll_us=12 exposed_compose_us=3 tear_wait_us=7 present_us=37850 prepare_us=6449 staging_us=6038 event_submit_us=1840 event_complete_us=3464 frame_us=37954 tear_sync=1 frame_reused=1 pass=1
[10:36:56] TINYDRAW_PANSEQ_FRAME zoom=400 step=20 dx=-72 dy=-54 scroll_us=13 exposed_compose_us=3 tear_wait_us=6 present_us=33849 prepare_us=5544 staging_us=5564 event_submit_us=1225 event_complete_us=1656 frame_us=33953 tear_sync=1 frame_reused=1 pass=1
[10:36:56] TINYDRAW_PANSEQ_FRAME zoom=400 step=21 dx=-72 dy=-54 scroll_us=13 exposed_compose_us=3 tear_wait_us=7 present_us=32850 prepare_us=5682 staging_us=5711 event_submit_us=896 event_complete_us=962 frame_us=32958 tear_sync=1 frame_reused=1 pass=1
[10:36:56] TINYDRAW_PANSEQ_FRAME zoom=400 step=22 dx=-72 dy=-54 scroll_us=11 exposed_compose_us=3 tear_wait_us=6 present_us=32851 prepare_us=5487 staging_us=5520 event_submit_us=1522 event_complete_us=2248 frame_us=32953 tear_sync=1 frame_reused=1 pass=1
[10:36:56] TINYDRAW_PANSEQ_FRAME zoom=400 step=23 dx=-72 dy=-54 scroll_us=13 exposed_compose_us=3 tear_wait_us=7 present_us=32851 prepare_us=5591 staging_us=6016 event_submit_us=1167 event_complete_us=1640 frame_us=32956 tear_sync=1 frame_reused=1 pass=1
[10:36:56] TINYDRAW_GATE1_PANSEQ zoom=400 frames=24 scroll_avg_us=12 exposed_avg_us=3 tear_wait_avg_us=549 present_avg_us=29719 prepare_avg_us=6366 staging_avg_us=6229 frame_avg_us=29996 frame_p50_us=27956 frame_p95_us=35955 frame_max_us=37954 complete_p50_us=2902 complete_p95_us=3486 complete_max_us=3709 all_reused=1 pass=1
[10:36:57] TINYDRAW_GATE1_DRAW_FILL zoom=400 revision=2140 append_us=1210 poll_gap_us=89 event_submit_us=2432 event_complete_us=2610 max_compute_slice_us=4615 max_display_slice_us=23696 fill_us=269440 revision_restarted=1 pass=1
[10:36:57] TINYDRAW_GATE1_CACHE_FILL zoom=50 x=63 y=63 published=56 total_us=517531 within_cold_gate=0 complete=1
[10:36:58] TINYDRAW_GATE1_CACHE_FILL zoom=100 x=63 y=63 published=56 total_us=491139 within_cold_gate=1 complete=1
[10:36:58] TINYDRAW_GATE1_CACHE_FILL zoom=200 x=63 y=63 published=56 total_us=401310 within_cold_gate=1 complete=1
[10:36:59] TINYDRAW_GATE1_CACHE_FILL zoom=400 x=63 y=63 published=56 total_us=366353 within_cold_gate=1 complete=1
[10:36:59] TINYDRAW_GATE1_CACHE_REVISIT zoom=50 remaining=0 tile_pixels=118128 fallback_pixels=0 compose_us=27411 complete_us=18893 hit=1
[10:36:59] TINYDRAW_GATE1_CACHE_REVISIT zoom=100 remaining=0 tile_pixels=164864 fallback_pixels=0 compose_us=29639 complete_us=18631 hit=1
[10:36:59] TINYDRAW_GATE1_CACHE_REVISIT zoom=200 remaining=0 tile_pixels=164864 fallback_pixels=0 compose_us=30361 complete_us=18423 hit=1
[10:36:59] TINYDRAW_GATE1_CACHE_REVISIT zoom=400 remaining=0 tile_pixels=164607 fallback_pixels=0 compose_us=31004 complete_us=18167 hit=1
[10:36:59] TINYDRAW_GATE1_CACHE_FILL zoom=400 x=575 y=575 published=56 total_us=394291 within_cold_gate=1 complete=1
[10:36:59] TINYDRAW_GATE1_CACHE_ROUND_TRIP zoom=50 from_x=63 from_y=63 via_x=575 via_y=575 remaining=0 tile_pixels=118128 fallback_pixels=0 compose_us=27420 complete_us=18217 hit=1
[10:37:00] TINYDRAW_GATE1_CACHE_ROUND_TRIP zoom=100 from_x=63 from_y=63 via_x=575 via_y=575 remaining=0 tile_pixels=164864 fallback_pixels=0 compose_us=29622 complete_us=17996 hit=1
[10:37:00] TINYDRAW_GATE1_CACHE_ROUND_TRIP zoom=200 from_x=63 from_y=63 via_x=575 via_y=575 remaining=0 tile_pixels=164864 fallback_pixels=0 compose_us=30257 complete_us=18750 hit=1
[10:37:00] TINYDRAW_GATE1_CACHE_ROUND_TRIP zoom=400 from_x=63 from_y=63 via_x=575 via_y=575 remaining=0 tile_pixels=164607 fallback_pixels=0 compose_us=30977 complete_us=18505 hit=1
[10:37:00] TINYDRAW_GATE1_CACHE_RETENTION pass=1 slots=384 revision=2140
[10:37:01] TINYDRAW_PAPER_SWEEP zoom=100 identities=644 raw=266 uniform=378 fallback=0 slots=384 total_us=1403707 pass=1
[10:37:06] TINYDRAW_GATE1_CACHE_TOUR slots=384 stops=16 forward_steps=2306 forward_tiles=832 forward_wall_us=2286285 return_missing_tiles=0 return_steps=16 return_tiles=0 return_wall_us=39412 home_missing=0 home_fallback_pixels=0 pass=1
[10:37:07] TINYDRAW_GATE1_MIXED_DRAW_WARM zoom=50 fill_tiles=56 fill_us=434585 raw=42 uniform=14
[10:37:07] TINYDRAW_GATE1_MIXED_DRAW_WARM zoom=100 fill_tiles=56 fill_us=402409 raw=56 uniform=0
[10:37:08] TINYDRAW_GATE1_MIXED_DRAW_WARM zoom=200 fill_tiles=56 fill_us=369646 raw=56 uniform=0
[10:37:08] TINYDRAW_GATE1_MIXED_DRAW_WARM zoom=400 fill_tiles=42 fill_us=251035 raw=42 uniform=0
[10:37:09] TINYDRAW_GATE1_MIXED_DRAW zoom=25 tool=pen chunks=50 append_max_us=9292 append_avg_us=8123 append_total_us=406190 affected_tiles=196 published=0 fallback=196 committed=1 authority=1 refresh=1 run_ok=1 pass=1
[10:37:09] TINYDRAW_GATE1_MIXED_DRAW zoom=25 tool=eraser chunks=50 append_max_us=9423 append_avg_us=8077 append_total_us=403881 affected_tiles=0 published=0 fallback=0 committed=1 authority=1 refresh=1 run_ok=1 pass=1
[10:37:11] TINYDRAW_GATE1_MIXED_DRAW zoom=50 tool=pen chunks=50 append_max_us=11868 append_avg_us=9725 append_total_us=486264 affected_tiles=422 published=400 fallback=22 committed=1 authority=1 refresh=1 run_ok=1 pass=1
[10:37:12] TINYDRAW_GATE1_MIXED_DRAW zoom=50 tool=eraser chunks=50 append_max_us=10423 append_avg_us=9477 append_total_us=473891 affected_tiles=405 published=405 fallback=0 committed=1 authority=1 refresh=1 run_ok=1 pass=1
[10:37:14] TINYDRAW_GATE1_MIXED_DRAW zoom=100 tool=pen chunks=50 append_max_us=9774 append_avg_us=8066 append_total_us=403349 affected_tiles=450 published=398 fallback=52 committed=1 authority=1 refresh=1 run_ok=1 pass=1
[10:37:14] TINYDRAW_GATE1_MIXED_DRAW zoom=100 tool=eraser chunks=50 append_max_us=8711 append_avg_us=7864 append_total_us=393236 affected_tiles=399 published=399 fallback=0 committed=1 authority=1 refresh=1 run_ok=1 pass=1
[10:37:16] TINYDRAW_GATE1_MIXED_DRAW zoom=200 tool=pen chunks=50 append_max_us=9286 append_avg_us=7530 append_total_us=376531 affected_tiles=425 published=389 fallback=36 committed=1 authority=1 refresh=1 run_ok=1 pass=1
[10:37:16] TINYDRAW_GATE1_MIXED_DRAW zoom=200 tool=eraser chunks=50 append_max_us=8316 append_avg_us=7269 append_total_us=363462 affected_tiles=388 published=388 fallback=0 committed=1 authority=1 refresh=1 run_ok=1 pass=1
[10:37:18] TINYDRAW_GATE1_MIXED_DRAW zoom=400 tool=pen chunks=50 append_max_us=8676 append_avg_us=6991 append_total_us=349589 affected_tiles=358 published=334 fallback=24 committed=1 authority=1 refresh=1 run_ok=1 pass=1
[10:37:18] TINYDRAW_GATE1_MIXED_DRAW zoom=400 tool=eraser chunks=50 append_max_us=7736 append_avg_us=6845 append_total_us=342257 affected_tiles=350 published=350 fallback=0 committed=1 authority=1 refresh=1 run_ok=1 pass=1
[10:37:18] TINYDRAW_GATE1_MIXED_DRAW_REVISIT zoom=50 missing=4 refill_tiles=4 refill_us=134727
[10:37:19] TINYDRAW_GATE1_MIXED_DRAW_REVISIT zoom=100 missing=9 refill_tiles=9 refill_us=230327
[10:37:19] TINYDRAW_GATE1_MIXED_DRAW_REVISIT zoom=200 missing=16 refill_tiles=16 refill_us=237000
[10:37:19] TINYDRAW_GATE1_MIXED_DRAW_REVISIT zoom=400 missing=0 refill_tiles=0 refill_us=860
[10:37:19] TINYDRAW_GATE1_MIXED_DRAW_SUMMARY slots=384 strokes=10 worst_append_us=11868 pass=1
[10:37:24] TINYDRAW_GATE1_IDLE_REPAIR damaged=588 remaining=0 plan_views=24 steps=4100 repair_us=3494319 worst_step_us=7518 warm_tiles=56 pass=1
[10:37:26] TINYDRAW_GATE1_LONG_GESTURE path=reference samples=1600 chunks=26 append_total_us=683510 append_max_us=32933 append_avg_us=26288 refresh_fallback_pixels=0 settled_fallback_pixels=0 committed=1 authority=1 refresh=1 run_ok=1
[10:37:26] TINYDRAW_GATE1_LONG_GESTURE path=in_place samples=1600 chunks=52 append_total_us=349919 append_max_us=8308 append_avg_us=6729 refresh_fallback_pixels=0 settled_fallback_pixels=0 committed=1 authority=1 refresh=1 run_ok=1
[10:37:26] TINYDRAW_V2_EXPORT_PROGRESS row=0 of=1792
[10:37:27] TINYDRAW_V2_EXPORT_PROGRESS row=256 of=1792
[10:37:27] TINYDRAW_V2_EXPORT_PROGRESS row=512 of=1792
[10:37:28] TINYDRAW_V2_EXPORT_PROGRESS row=768 of=1792
[10:37:29] TINYDRAW_V2_EXPORT_PROGRESS row=1024 of=1792
[10:37:30] TINYDRAW_V2_EXPORT_PROGRESS row=1280 of=1792
[10:37:31] TINYDRAW_V2_EXPORT_PROGRESS row=1536 of=1792
[10:37:31] E (50386) task_wdt: Task watchdog got triggered. The following tasks/users did not reset the watchdog in time:
[10:37:31] E (50386) task_wdt:  - IDLE0 (CPU 0)
[10:37:31] E (50386) task_wdt: Tasks currently running:
[10:37:31] E (50386) task_wdt: CPU 0: main
[10:37:31] E (50386) task_wdt: CPU 1: IDLE1
[10:37:31] E (50386) task_wdt: Print CPU 0 (current core) backtrace
[10:37:31] 
[10:37:31] 
[10:37:31] Backtrace: 0x4203657D:0x3FC95A10 0x403787AD:0x3FC95A50 0x4203BE69:0x3FC9CCD0 0x4201E273:0x3FC9CD30 0x4201E5A6:0x3FC9CD70 0x4201B1DD:0x3FC9CD90 0x420130FD:0x3FC9CDF0 0x42013319:0x3FC9CEA0 0x4200FEFF:0x3FC9CED0 0x42019705:0x3FC9CF40 0x4200C478:0x3FC9D420 0x4200FDE7:0x3FC9EB00 0x420079FE:0x3FC9EB20
[10:37:31] 
[10:37:31] TINYDRAW_GATE1_EXPORT encoded=1 bytes=40045 elapsed_us=5741052 workspace_bytes=50652 band_bytes=376832 free_psram=2515156 free_internal=242524 signature=1 dimensions=1 pass=1
[10:37:31] TINYDRAW_EXPORT_RESERVE requested=1572864 free_before=2515156 largest_before=2490368 free_held=942288 largest_held=933888 pass=1
[10:37:32] TINYDRAW_GATE1_AUTOMATED_DONE stress=1 stress_100=1 stress_400=1 overlap_ready=1 overlap_cold=1 adversarial_ready=1 adversarial_cold=1 workload=1 paced_cold=1 hard_100=1 hard_400=1 pan_100=1 pan_400=1 pan_seq=1 live_overlay=1 draw_fill=1 cache=1 full_world_cache=1 cache_tour=1 mixed_draw=1 idle_repair=1 long_gesture=1 export_encode=1 export_reserve=1 return=1 ssaa_receipt=yellow
[10:37:32] TINYDRAW_VECTOR_V2_GATE_HARNESS_DONE pass=1
[10:37:32] TINYDRAW_VECTOR_V2_READY zoom=25 controls=chrome button=cycle_all_zooms operations_capacity=4000 samples_capacity=80000 live_storage_bytes=5829024 overview_bytes=1318912 raw_tile_bytes=3145728 tile_metadata_bytes=71416 operation_bytes=720000 live_scratch_bytes=572968 free_psram=2515156 largest_psram=2490368 te_edges=2966 te_period_us=16809 te_high_us=579 te_level=0 main_stack_free=4984
