[23:08:59] ESP-ROM:esp32s3-20210327
[23:08:59] Build:Mar 27 2021
[23:08:59] rst:0x15 (USB_UART_CHIP_RESET),boot:0x2b (SPI_FAST_FLASH_BOOT)
[23:08:59] Saved PC:0x42024224
[23:08:59] SPIWP:0xee
[23:08:59] mode:DIO, clock div:1
[23:08:59] load:0x3fce2820,len:0x1664
[23:08:59] load:0x403c8700,len:0xf38
[23:08:59] load:0x403cb700,len:0x31e8
[23:08:59] entry 0x403c8930
[23:08:59] I (24) boot: ESP-IDF v6.0.2 2nd stage bootloader
[23:08:59] I (24) boot: compile time Aug 14 2026 22:55:51
[23:08:59] I (25) boot: Multicore bootloader
[23:08:59] I (25) boot: chip revision: v0.2
[23:08:59] I (28) boot: efuse block revision: v1.3
[23:08:59] I (31) qio_mode: Enabling default flash chip QIO
[23:08:59] I (36) boot.esp32s3: Boot SPI Speed : 80MHz
[23:08:59] I (39) boot.esp32s3: SPI Mode       : QIO
[23:08:59] I (43) boot.esp32s3: SPI Flash Size : 16MB
[23:08:59] I (47) boot: Enabling RNG early entropy source...
[23:08:59] I (51) boot: Partition Table:
[23:08:59] I (54) boot: ## Label            Usage          Type ST Offset   Length
[23:08:59] I (60) boot:  0 nvs              WiFi data        01 02 00009000 00006000
[23:08:59] I (67) boot:  1 phy_init         RF data          01 01 0000f000 00001000
[23:08:59] I (73) boot:  2 factory          factory app      00 00 00010000 00100000
[23:08:59] I (80) boot:  3 drawing          Unknown data     01 40 00110000 00300000
[23:08:59] I (86) boot:  4 export           Unknown data     01 41 00410000 00500000
[23:08:59] I (93) boot:  5 coredump         Unknown data     01 03 00910000 00010000
[23:08:59] I (100) boot: End of partition table
[23:08:59] I (103) esp_image: segment 0: paddr=00010020 vaddr=3c050020 size=13ccch ( 81100) map
[23:08:59] I (123) esp_image: segment 1: paddr=00023cf4 vaddr=3fc94500 size=03764h ( 14180) load
[23:08:59] I (126) esp_image: segment 2: paddr=00027460 vaddr=40374000 size=08bb8h ( 35768) load
[23:08:59] I (134) esp_image: segment 3: paddr=00030020 vaddr=42000020 size=42d40h (273728) map
[23:08:59] I (177) esp_image: segment 4: paddr=00072d68 vaddr=4037cbb8 size=078a4h ( 30884) load
[23:08:59] I (183) esp_image: segment 5: paddr=0007a614 vaddr=50000000 size=00024h (    36) load
[23:08:59] I (191) boot: Loaded app from partition at offset 0x10000
[23:08:59] I (191) boot: Disabling RNG early entropy source...
[23:08:59] I (202) octal_psram: vendor id    : 0x0d (AP)
[23:08:59] I (202) octal_psram: dev id       : 0x02 (generation 3)
[23:08:59] I (202) octal_psram: density      : 0x03 (64 Mbit)
[23:08:59] I (204) octal_psram: good-die     : 0x01 (Pass)
[23:08:59] I (209) octal_psram: Latency      : 0x01 (Fixed)
[23:08:59] I (213) octal_psram: VCC          : 0x01 (3V)
[23:08:59] I (217) octal_psram: SRF          : 0x01 (Fast Refresh)
[23:08:59] I (222) octal_psram: BurstType    : 0x01 (Hybrid Wrap)
[23:08:59] I (227) octal_psram: BurstLen     : 0x01 (32 Byte)
[23:08:59] I (231) octal_psram: Readlatency  : 0x02 (10 cycles@Fixed)
[23:08:59] I (237) octal_psram: DriveStrength: 0x00 (1/1)
[23:08:59] I (241) MSPI Timing: Enter psram timing tuning
[23:08:59] I (246) esp_psram: Found 8MB PSRAM device
[23:08:59] I (249) esp_psram: Speed: 80MHz
[23:08:59] I (252) cpu_start: Multicore app
[23:09:00] I (668) esp_psram: SPI SRAM memory test OK
[23:09:00] I (676) cpu_start: GPIO 44 and 43 are used as console UART I/O pins
[23:09:00] I (676) cpu_start: Pro cpu start user code
[23:09:00] I (676) cpu_start: cpu freq: 240000000 Hz
[23:09:00] I (678) app_init: Application information:
[23:09:00] I (682) app_init: Project name:     tinydraw_esp32
[23:09:00] I (686) app_init: App version:      e43b99d
[23:09:00] I (690) app_init: Compile time:     Aug 14 2026 23:08:37
[23:09:00] I (695) app_init: ELF file SHA256:  2334eba52...
[23:09:00] I (700) app_init: ESP-IDF:          v6.0.2
[23:09:00] I (704) efuse_init: Min chip rev:     v0.0
[23:09:00] I (707) efuse_init: Max chip rev:     v0.99 
[23:09:00] I (711) efuse_init: Chip rev:         v0.2
[23:09:00] I (715) heap_init: Initializing. RAM available for dynamic allocation:
[23:09:00] I (721) heap_init: At 3FC99090 len 00050680 (321 KiB): RAM
[23:09:00] I (727) heap_init: At 3FCE9710 len 00005724 (21 KiB): RAM
[23:09:00] I (732) heap_init: At 3FCF0000 len 00008000 (32 KiB): DRAM
[23:09:00] I (737) heap_init: At 600FE000 len 00001FE8 (7 KiB): RTCRAM
[23:09:00] I (742) esp_psram: Adding pool of 8192K of PSRAM memory to heap allocator
[23:09:00] I (749) spi_flash: detected chip: generic
[23:09:00] I (752) spi_flash: flash io: qio
[23:09:00] I (756) sleep_gpio: Configure to isolate all GPIO pins in sleep state
[23:09:00] I (762) sleep_gpio: Enable automatic switching of GPIO sleep configuration
[23:09:00] I (769) main_task: Started on CPU0
[23:09:00] I (772) main_task: Calling app_main()
[23:09:00] TINYDRAW_PANEL_HARD_RESET=1
[23:09:00] I (969) co5300: version: 2.1.0
[23:09:00] I (970) co5300_spi: LCD panel create success, version: 2.1.0
[23:09:00] W (1050) co5300_spi: The 3Ah command has been used and will be overwritten by external initialization sequence
[23:09:00] I (1151) CST816S: IC id: 183
[23:09:00] TINYDRAW_LIVE_PRESENT kind=startup zoom=25 x=0 y=0 compose_us=36707 scroll_us=0 exposed_compose_us=0 chrome_us=8268 read_submit_us=0 read_complete_us=0 transfer_wait_us=19729 tile_pixels=0 uniform_pixels=0 overview_pixels=164864 fallback_pixels=0 resident_tiles=0 fallback_tiles=0 pushes=21 tear_wait_us=6167 tear_sync=1 frame_reused=0 pass=1
[23:09:01] TINYDRAW_LIVE_STRESS operations=1000 samples=20000 total_us=435438 average_us=435 maximum_us=1091 free_psram=2515156 largest_psram=2490368
[23:09:01] TINYDRAW_LIVE_PRESENT kind=gate_fallback zoom=100 x=0 y=0 compose_us=25333 scroll_us=0 exposed_compose_us=0 chrome_us=8007 read_submit_us=37562 read_complete_us=38364 transfer_wait_us=19537 tile_pixels=0 uniform_pixels=0 overview_pixels=0 fallback_pixels=164864 resident_tiles=0 fallback_tiles=42 pushes=21 tear_wait_us=11440 tear_sync=1 frame_reused=0 pass=1
[23:09:01] TINYDRAW_GATE1_HARD zoom=100 cold=1 operations=1000 samples=20000 steps=192 tiles=42 scanned=12000 rendered=1659 max_supertask_us=9193 presentation_us=68109 total_us=267388 pass=1
[23:09:01] TINYDRAW_LIVE_PRESENT kind=gate_fallback zoom=400 x=0 y=0 compose_us=24625 scroll_us=0 exposed_compose_us=0 chrome_us=7921 read_submit_us=32136 read_complete_us=32935 transfer_wait_us=19402 tile_pixels=0 uniform_pixels=0 overview_pixels=0 fallback_pixels=164864 resident_tiles=0 fallback_tiles=42 pushes=21 tear_wait_us=6684 tear_sync=1 frame_reused=0 pass=1
[23:09:01] TINYDRAW_GATE1_HARD zoom=400 cold=1 operations=1000 samples=20000 steps=196 tiles=42 scanned=12000 rendered=120 max_supertask_us=8487 presentation_us=66132 total_us=203031 pass=1
[23:09:02] TINYDRAW_OVERLAP_WORKLOAD operations=8 samples=1200 radius_world=80
[23:09:02] TINYDRAW_GATE1_PACED_COLD corpus=overlap zoom=50 x=215 y=255 steps=334 tiles=56 compute_us=367230 present_us=82409 touch_us=845 pacing_us=10412 wall_us=460896 max_tick_us=9961 touch_samples=2179 touch_interval_max_us=1866 touch_read_max_us=575 touch_events=0 touch_down=0 touch_up=0 touch_events_ge_8ms=0 touch_event_age_max_us=0 touch_errors=0 touch_overflows=0 pass=1
[23:09:03] TINYDRAW_GATE1_PACED_COLD corpus=overlap zoom=100 x=583 y=703 steps=172 tiles=48 compute_us=228783 present_us=81208 touch_us=531 pacing_us=6624 wall_us=317146 max_tick_us=10018 touch_samples=409 touch_interval_max_us=1775 touch_read_max_us=512 touch_events=0 touch_down=0 touch_up=0 touch_events_ge_8ms=0 touch_event_age_max_us=0 touch_errors=0 touch_overflows=0 pass=1
[23:09:03] TINYDRAW_GATE1_PACED_COLD corpus=overlap zoom=200 x=1319 y=1599 steps=128 tiles=56 compute_us=230419 present_us=79935 touch_us=471 pacing_us=6113 wall_us=316938 max_tick_us=9533 touch_samples=404 touch_interval_max_us=1170 touch_read_max_us=455 touch_events=0 touch_down=0 touch_up=0 touch_events_ge_8ms=0 touch_event_age_max_us=0 touch_errors=0 touch_overflows=0 pass=1
[23:09:04] TINYDRAW_GATE1_PACED_COLD corpus=overlap zoom=400 x=2791 y=3391 steps=94 tiles=56 compute_us=216054 present_us=76055 touch_us=432 pacing_us=5366 wall_us=297907 max_tick_us=9636 touch_samples=385 touch_interval_max_us=1152 touch_read_max_us=432 touch_events=0 touch_down=0 touch_up=0 touch_events_ge_8ms=0 touch_event_age_max_us=0 touch_errors=0 touch_overflows=0 pass=1
[23:09:04] TINYDRAW_ADVERSARIAL_TAPERED_WORKLOAD operations=128 samples=4096 erasers=12 load_us=216242 appended=1
[23:09:04] TINYDRAW_GATE1_PACED_COLD corpus=adversarial_tapered_4x zoom=50 x=0 y=0 steps=104 tiles=42 compute_us=95691 present_us=61460 touch_us=295 pacing_us=5032 wall_us=162478 max_tick_us=7814 touch_samples=504 touch_interval_max_us=1133 touch_read_max_us=419 touch_events=0 touch_down=0 touch_up=0 touch_events_ge_8ms=0 touch_event_age_max_us=0 touch_errors=0 touch_overflows=0 pass=1
[23:09:04] TINYDRAW_GATE1_PACED_COLD corpus=adversarial_tapered_4x zoom=100 x=0 y=0 steps=348 tiles=42 compute_us=158703 present_us=58955 touch_us=383 pacing_us=7044 wall_us=225085 max_tick_us=8752 touch_samples=314 touch_interval_max_us=1146 touch_read_max_us=411 touch_events=0 touch_down=0 touch_up=0 touch_events_ge_8ms=0 touch_event_age_max_us=0 touch_errors=0 touch_overflows=0 pass=1
[23:09:06] TINYDRAW_GATE1_PACED_COLD corpus=adversarial_tapered_4x zoom=200 x=0 y=0 steps=1214 tiles=42 compute_us=445494 present_us=62217 touch_us=872 pacing_us=17678 wall_us=526261 max_tick_us=10128 touch_samples=604 touch_interval_max_us=1166 touch_read_max_us=442 touch_events=0 touch_down=0 touch_up=0 touch_events_ge_8ms=0 touch_event_age_max_us=0 touch_errors=0 touch_overflows=0 pass=1
[23:09:06] TINYDRAW_GATE1_PACED_COLD corpus=adversarial_tapered_4x zoom=400 x=0 y=0 steps=904 tiles=42 compute_us=549181 present_us=65545 touch_us=943 pacing_us=14666 wall_us=630335 max_tick_us=10100 touch_samples=709 touch_interval_max_us=1145 touch_read_max_us=438 touch_events=0 touch_down=0 touch_up=0 touch_events_ge_8ms=0 touch_event_age_max_us=0 touch_errors=0 touch_overflows=0 pass=1
[23:09:06] TINYDRAW_GATE1_WORKLOAD kind=realistic seed=7 operations=1000 samples=19844 maximum_stroke=198 load_us=362371 raw_source=1 lod_copies=0
[23:09:07] TINYDRAW_GATE1_PACED_COLD corpus=seed7 zoom=400 x=63 y=63 steps=281 tiles=56 compute_us=270033 present_us=81424 touch_us=467 pacing_us=8403 wall_us=360327 max_tick_us=12558 touch_samples=924 touch_interval_max_us=1139 touch_read_max_us=424 touch_events=0 touch_down=0 touch_up=0 touch_events_ge_8ms=0 touch_event_age_max_us=0 touch_errors=0 touch_overflows=0 pass=1
[23:09:07] TINYDRAW_LIVE_PRESENT kind=gate_fallback zoom=100 x=0 y=0 compose_us=25470 scroll_us=0 exposed_compose_us=0 chrome_us=7917 read_submit_us=29692 read_complete_us=30488 transfer_wait_us=20167 tile_pixels=0 uniform_pixels=0 overview_pixels=0 fallback_pixels=164864 resident_tiles=0 fallback_tiles=42 pushes=21 tear_wait_us=3379 tear_sync=1 frame_reused=0 pass=1
[23:09:07] TINYDRAW_GATE1_HARD zoom=100 cold=1 operations=1000 samples=19844 steps=275 tiles=42 scanned=12000 rendered=5232 max_supertask_us=9400 presentation_us=68201 total_us=373295 pass=1
[23:09:08] TINYDRAW_GATE1_LIVE_OVERLAY clear_updates=47 clear_wall_max_us=2932 clear_submit_max_us=2180 clear_complete_max_us=2225 overlay_updates=26 overlay_wall_max_us=2923 overlay_submit_max_us=2336 overlay_complete_max_us=2373 overlay_chrome_max_us=0 clear_failures=0 overlay_failures=0 pass=1
[23:09:08] TINYDRAW_GATE1_PAN zoom=100 from_x=0 from_y=0 to_x=88 to_y=88 compose_us=35041 scroll_us=11418 exposed_compose_us=15812 chrome_us=7811 event_submit_us=40522 event_complete_us=41324 transfer_us=20281 setup=1 present=1 moved=1 frame_reused=1 pass=0
[23:09:08] TINYDRAW_LIVE_PRESENT kind=gate_fallback zoom=400 x=0 y=0 compose_us=24806 scroll_us=0 exposed_compose_us=0 chrome_us=7928 read_submit_us=28849 read_complete_us=29651 transfer_wait_us=19964 tile_pixels=0 uniform_pixels=0 overview_pixels=0 fallback_pixels=164864 resident_tiles=0 fallback_tiles=42 pushes=21 tear_wait_us=3179 tear_sync=1 frame_reused=0 pass=1
[23:09:08] TINYDRAW_GATE1_HARD zoom=400 cold=1 operations=1000 samples=19844 steps=211 tiles=42 scanned=12000 rendered=591 max_supertask_us=10904 presentation_us=67418 total_us=263362 pass=1
[23:09:09] TINYDRAW_GATE1_PAN zoom=400 from_x=0 from_y=0 to_x=88 to_y=88 compose_us=35003 scroll_us=11427 exposed_compose_us=15803 chrome_us=7773 event_submit_us=40614 event_complete_us=41417 transfer_us=20260 setup=1 present=1 moved=1 frame_reused=1 pass=0
[23:09:13] TINYDRAW_PANSEQ_FRAME zoom=100 step=0 dx=24 dy=18 scroll_us=15648 exposed_compose_us=4705 tear_wait_us=10949 present_us=19558 prepare_us=8982 staging_us=10530 event_submit_us=39939 event_complete_us=40741 frame_us=67106 tear_sync=1 frame_reused=1 pass=1
[23:09:13] TINYDRAW_PANSEQ_FRAME zoom=100 step=1 dx=24 dy=18 scroll_us=15645 exposed_compose_us=4744 tear_wait_us=11047 present_us=20289 prepare_us=8921 staging_us=10611 event_submit_us=40059 event_complete_us=40860 frame_us=68147 tear_sync=1 frame_reused=1 pass=1
[23:09:13] TINYDRAW_PANSEQ_FRAME zoom=100 step=2 dx=24 dy=18 scroll_us=15657 exposed_compose_us=4401 tear_wait_us=10426 present_us=20014 prepare_us=8908 staging_us=10606 event_submit_us=39145 event_complete_us=39946 frame_us=66989 tear_sync=1 frame_reused=1 pass=1
[23:09:13] TINYDRAW_PANSEQ_FRAME zoom=100 step=3 dx=24 dy=18 scroll_us=15683 exposed_compose_us=4965 tear_wait_us=10098 present_us=19799 prepare_us=8919 staging_us=10566 event_submit_us=39328 event_complete_us=40131 frame_us=66916 tear_sync=1 frame_reused=1 pass=1
[23:09:13] TINYDRAW_PANSEQ_FRAME zoom=100 step=4 dx=24 dy=18 scroll_us=15678 exposed_compose_us=4499 tear_wait_us=10935 present_us=19468 prepare_us=9008 staging_us=10492 event_submit_us=39700 event_complete_us=40496 frame_us=67010 tear_sync=1 frame_reused=1 pass=1
[23:09:13] TINYDRAW_PANSEQ_FRAME zoom=100 step=5 dx=24 dy=18 scroll_us=15645 exposed_compose_us=4708 tear_wait_us=11004 present_us=20111 prepare_us=8920 staging_us=10603 event_submit_us=40004 event_complete_us=40806 frame_us=67976 tear_sync=1 frame_reused=1 pass=1
[23:09:13] TINYDRAW_PANSEQ_FRAME zoom=100 step=6 dx=24 dy=18 scroll_us=15678 exposed_compose_us=4445 tear_wait_us=10512 present_us=19825 prepare_us=8970 staging_us=10586 event_submit_us=39271 event_complete_us=40072 frame_us=66925 tear_sync=1 frame_reused=1 pass=1
[23:09:13] TINYDRAW_PANSEQ_FRAME zoom=100 step=7 dx=24 dy=18 scroll_us=15670 exposed_compose_us=4774 tear_wait_us=10460 present_us=19591 prepare_us=8972 staging_us=10516 event_submit_us=39537 event_complete_us=40339 frame_us=66868 tear_sync=1 frame_reused=1 pass=1
[23:09:13] TINYDRAW_PANSEQ_FRAME zoom=100 step=8 dx=24 dy=18 scroll_us=15677 exposed_compose_us=4807 tear_wait_us=10771 present_us=20300 prepare_us=8874 staging_us=10632 event_submit_us=39900 event_complete_us=40703 frame_us=68038 tear_sync=1 frame_reused=1 pass=1
[23:09:13] TINYDRAW_PANSEQ_FRAME zoom=100 step=9 dx=24 dy=18 scroll_us=15669 exposed_compose_us=4793 tear_wait_us=9993 present_us=20002 prepare_us=8951 staging_us=10600 event_submit_us=39115 event_complete_us=39910 frame_us=67095 tear_sync=1 frame_reused=1 pass=1
[23:09:13] TINYDRAW_PANSEQ_FRAME zoom=100 step=10 dx=24 dy=18 scroll_us=15685 exposed_compose_us=4427 tear_wait_us=10426 present_us=19785 prepare_us=8943 staging_us=10557 event_submit_us=39189 event_complete_us=39991 frame_us=66937 tear_sync=1 frame_reused=1 pass=1
[23:09:13] TINYDRAW_PANSEQ_FRAME zoom=100 step=11 dx=24 dy=18 scroll_us=15677 exposed_compose_us=5228 tear_wait_us=9918 present_us=19559 prepare_us=8927 staging_us=10562 event_submit_us=39428 event_complete_us=40230 frame_us=67035 tear_sync=1 frame_reused=1 pass=1
[23:09:13] TINYDRAW_PANSEQ_FRAME zoom=100 step=12 dx=24 dy=18 scroll_us=15676 exposed_compose_us=4574 tear_wait_us=10757 present_us=20255 prepare_us=8857 staging_us=10655 event_submit_us=39654 event_complete_us=40456 frame_us=67968 tear_sync=1 frame_reused=1 pass=1
[23:09:13] TINYDRAW_PANSEQ_FRAME zoom=100 step=13 dx=24 dy=18 scroll_us=15667 exposed_compose_us=4827 tear_wait_us=9823 present_us=19972 prepare_us=8949 staging_us=10585 event_submit_us=38925 event_complete_us=39728 frame_us=66846 tear_sync=1 frame_reused=1 pass=1
[23:09:13] TINYDRAW_PANSEQ_FRAME zoom=100 step=14 dx=24 dy=18 scroll_us=15666 exposed_compose_us=4610 tear_wait_us=10377 present_us=19720 prepare_us=8979 staging_us=10526 event_submit_us=39281 event_complete_us=40083 frame_us=67021 tear_sync=1 frame_reused=1 pass=1
[23:09:13] TINYDRAW_PANSEQ_FRAME zoom=100 step=15 dx=24 dy=18 scroll_us=15677 exposed_compose_us=4901 tear_wait_us=10296 present_us=19466 prepare_us=8982 staging_us=10494 event_submit_us=39470 event_complete_us=40267 frame_us=67015 tear_sync=1 frame_reused=1 pass=1
[23:09:13] TINYDRAW_PANSEQ_FRAME zoom=100 step=16 dx=72 dy=54 scroll_us=13560 exposed_compose_us=12757 tear_wait_us=4774 present_us=20200 prepare_us=8892 staging_us=10587 event_submit_us=39676 event_complete_us=40464 frame_us=68087 tear_sync=1 frame_reused=1 pass=1
[23:09:13] TINYDRAW_PANSEQ_FRAME zoom=100 step=17 dx=72 dy=54 scroll_us=13560 exposed_compose_us=12603 tear_wait_us=4031 present_us=19948 prepare_us=8949 staging_us=10603 event_submit_us=38797 event_complete_us=39599 frame_us=66854 tear_sync=1 frame_reused=1 pass=1
[23:09:13] TINYDRAW_PANSEQ_FRAME zoom=100 step=18 dx=72 dy=54 scroll_us=13574 exposed_compose_us=11656 tear_wait_us=5262 present_us=19730 prepare_us=8978 staging_us=10543 event_submit_us=39116 event_complete_us=39918 frame_us=66676 tear_sync=1 frame_reused=1 pass=1
[23:09:13] TINYDRAW_PANSEQ_FRAME zoom=100 step=19 dx=72 dy=54 scroll_us=13588 exposed_compose_us=11859 tear_wait_us=5585 present_us=19508 prepare_us=9001 staging_us=10495 event_submit_us=39620 event_complete_us=40421 frame_us=66675 tear_sync=1 frame_reused=1 pass=1
[23:09:13] TINYDRAW_PANSEQ_FRAME zoom=100 step=20 dx=-72 dy=-54 scroll_us=13518 exposed_compose_us=12777 tear_wait_us=5302 present_us=20225 prepare_us=8861 staging_us=10580 event_submit_us=40167 event_complete_us=40969 frame_us=68218 tear_sync=1 frame_reused=1 pass=1
[23:09:13] TINYDRAW_PANSEQ_FRAME zoom=100 step=21 dx=-72 dy=-54 scroll_us=13524 exposed_compose_us=12708 tear_wait_us=4327 present_us=19940 prepare_us=8900 staging_us=10603 event_submit_us=39192 event_complete_us=39994 frame_us=67235 tear_sync=1 frame_reused=1 pass=1
[23:09:13] TINYDRAW_PANSEQ_FRAME zoom=100 step=22 dx=-72 dy=-54 scroll_us=13516 exposed_compose_us=12580 tear_wait_us=4411 present_us=19742 prepare_us=8936 staging_us=10589 event_submit_us=39111 event_complete_us=39913 frame_us=67044 tear_sync=1 frame_reused=1 pass=1
[23:09:13] TINYDRAW_PANSEQ_FRAME zoom=100 step=23 dx=-72 dy=-54 scroll_us=13530 exposed_compose_us=12156 tear_wait_us=5050 present_us=19497 prepare_us=8910 staging_us=10549 event_submit_us=39269 event_complete_us=40069 frame_us=66854 tear_sync=1 frame_reused=1 pass=1
[23:09:13] TINYDRAW_GATE1_PANSEQ zoom=100 frames=24 scroll_avg_us=14961 exposed_avg_us=7271 tear_wait_avg_us=8605 present_avg_us=19854 prepare_avg_us=8937 staging_avg_us=10569 frame_avg_us=67230 frame_p50_us=67015 frame_p95_us=68147 frame_max_us=68218 complete_p50_us=40131 complete_p95_us=40860 complete_max_us=40969 all_reused=1 pass=1
[23:09:17] TINYDRAW_PANSEQ_FRAME zoom=400 step=0 dx=24 dy=18 scroll_us=15650 exposed_compose_us=4680 tear_wait_us=11487 present_us=19513 prepare_us=8962 staging_us=10520 event_submit_us=40344 event_complete_us=41146 frame_us=67270 tear_sync=1 frame_reused=1 pass=1
[23:09:17] TINYDRAW_PANSEQ_FRAME zoom=400 step=1 dx=24 dy=18 scroll_us=15672 exposed_compose_us=4625 tear_wait_us=11455 present_us=20204 prepare_us=8915 staging_us=10556 event_submit_us=40339 event_complete_us=41133 frame_us=68277 tear_sync=1 frame_reused=1 pass=1
[23:09:17] TINYDRAW_PANSEQ_FRAME zoom=400 step=2 dx=24 dy=18 scroll_us=15661 exposed_compose_us=4341 tear_wait_us=10714 present_us=19925 prepare_us=8876 staging_us=10635 event_submit_us=39285 event_complete_us=40088 frame_us=66742 tear_sync=1 frame_reused=1 pass=1
[23:09:17] TINYDRAW_PANSEQ_FRAME zoom=400 step=3 dx=24 dy=18 scroll_us=15656 exposed_compose_us=4731 tear_wait_us=10765 present_us=19693 prepare_us=8937 staging_us=10551 event_submit_us=39719 event_complete_us=40521 frame_us=66865 tear_sync=1 frame_reused=1 pass=1
[23:09:17] TINYDRAW_PANSEQ_FRAME zoom=400 step=4 dx=24 dy=18 scroll_us=15656 exposed_compose_us=4233 tear_wait_us=11586 present_us=19419 prepare_us=8940 staging_us=10575 event_submit_us=40085 event_complete_us=40879 frame_us=67052 tear_sync=1 frame_reused=1 pass=1
[23:09:17] TINYDRAW_PANSEQ_FRAME zoom=400 step=5 dx=24 dy=18 scroll_us=15640 exposed_compose_us=4513 tear_wait_us=11493 present_us=20160 prepare_us=8940 staging_us=10554 event_submit_us=40243 event_complete_us=41042 frame_us=67929 tear_sync=1 frame_reused=1 pass=1
[23:09:17] TINYDRAW_PANSEQ_FRAME zoom=400 step=6 dx=24 dy=18 scroll_us=15636 exposed_compose_us=4419 tear_wait_us=10864 present_us=19930 prepare_us=8852 staging_us=10646 event_submit_us=39486 event_complete_us=40288 frame_us=67340 tear_sync=1 frame_reused=1 pass=1
[23:09:17] TINYDRAW_PANSEQ_FRAME zoom=400 step=7 dx=24 dy=18 scroll_us=15672 exposed_compose_us=4977 tear_wait_us=10123 present_us=19720 prepare_us=8925 staging_us=10573 event_submit_us=39313 event_complete_us=40115 frame_us=66998 tear_sync=1 frame_reused=1 pass=1
[23:09:17] TINYDRAW_PANSEQ_FRAME zoom=400 step=8 dx=24 dy=18 scroll_us=15655 exposed_compose_us=5046 tear_wait_us=10280 present_us=19482 prepare_us=8968 staging_us=10505 event_submit_us=39503 event_complete_us=40299 frame_us=67138 tear_sync=1 frame_reused=1 pass=1
[23:09:17] TINYDRAW_PANSEQ_FRAME zoom=400 step=9 dx=24 dy=18 scroll_us=15665 exposed_compose_us=4980 tear_wait_us=10432 present_us=20171 prepare_us=8905 staging_us=10592 event_submit_us=39631 event_complete_us=40430 frame_us=68078 tear_sync=1 frame_reused=1 pass=1
[23:09:17] TINYDRAW_PANSEQ_FRAME zoom=400 step=10 dx=24 dy=18 scroll_us=15677 exposed_compose_us=4611 tear_wait_us=9963 present_us=19880 prepare_us=8861 staging_us=10631 event_submit_us=38800 event_complete_us=39604 frame_us=66919 tear_sync=1 frame_reused=1 pass=1
[23:09:17] TINYDRAW_PANSEQ_FRAME zoom=400 step=11 dx=24 dy=18 scroll_us=15660 exposed_compose_us=5488 tear_wait_us=9409 present_us=19617 prepare_us=8982 staging_us=10514 event_submit_us=39101 event_complete_us=39903 frame_us=67148 tear_sync=1 frame_reused=1 pass=1
[23:09:17] TINYDRAW_PANSEQ_FRAME zoom=400 step=12 dx=24 dy=18 scroll_us=15656 exposed_compose_us=4821 tear_wait_us=10183 present_us=20317 prepare_us=8946 staging_us=10583 event_submit_us=39210 event_complete_us=40011 frame_us=68021 tear_sync=1 frame_reused=1 pass=1
[23:09:17] TINYDRAW_PANSEQ_FRAME zoom=400 step=13 dx=24 dy=18 scroll_us=15645 exposed_compose_us=5025 tear_wait_us=9166 present_us=19988 prepare_us=8931 staging_us=10601 event_submit_us=38443 event_complete_us=39241 frame_us=66688 tear_sync=1 frame_reused=1 pass=1
[23:09:17] TINYDRAW_PANSEQ_FRAME zoom=400 step=14 dx=24 dy=18 scroll_us=15679 exposed_compose_us=4871 tear_wait_us=9852 present_us=19759 prepare_us=8946 staging_us=10575 event_submit_us=38944 event_complete_us=39745 frame_us=67114 tear_sync=1 frame_reused=1 pass=1
[23:09:17] TINYDRAW_PANSEQ_FRAME zoom=400 step=15 dx=24 dy=18 scroll_us=15671 exposed_compose_us=5201 tear_wait_us=9586 present_us=19508 prepare_us=9021 staging_us=10504 event_submit_us=39037 event_complete_us=39838 frame_us=67054 tear_sync=1 frame_reused=1 pass=1
[23:09:17] TINYDRAW_PANSEQ_FRAME zoom=400 step=16 dx=72 dy=54 scroll_us=13562 exposed_compose_us=13384 tear_wait_us=3803 present_us=20187 prepare_us=8889 staging_us=10597 event_submit_us=39250 event_complete_us=40041 frame_us=68076 tear_sync=1 frame_reused=1 pass=1
[23:09:17] TINYDRAW_PANSEQ_FRAME zoom=400 step=17 dx=72 dy=54 scroll_us=13579 exposed_compose_us=13031 tear_wait_us=3305 present_us=19849 prepare_us=8898 staging_us=10646 event_submit_us=38467 event_complete_us=39269 frame_us=66793 tear_sync=1 frame_reused=1 pass=1
[23:09:17] TINYDRAW_PANSEQ_FRAME zoom=400 step=18 dx=72 dy=54 scroll_us=13557 exposed_compose_us=13220 tear_wait_us=3545 present_us=19589 prepare_us=8967 staging_us=10521 event_submit_us=38871 event_complete_us=39673 frame_us=66881 tear_sync=1 frame_reused=1 pass=1
[23:09:17] TINYDRAW_PANSEQ_FRAME zoom=400 step=19 dx=72 dy=54 scroll_us=13575 exposed_compose_us=13848 tear_wait_us=3304 present_us=20302 prepare_us=8859 staging_us=10630 event_submit_us=39235 event_complete_us=40037 frame_us=68487 tear_sync=1 frame_reused=1 pass=1
[23:09:17] TINYDRAW_PANSEQ_FRAME zoom=400 step=20 dx=-72 dy=-54 scroll_us=13513 exposed_compose_us=13426 tear_wait_us=2550 present_us=19993 prepare_us=8880 staging_us=10651 event_submit_us=38007 event_complete_us=38807 frame_us=66436 tear_sync=1 frame_reused=1 pass=1
[23:09:17] TINYDRAW_PANSEQ_FRAME zoom=400 step=21 dx=-72 dy=-54 scroll_us=13512 exposed_compose_us=13177 tear_wait_us=3499 present_us=19753 prepare_us=8931 staging_us=10591 event_submit_us=38767 event_complete_us=39569 frame_us=67006 tear_sync=1 frame_reused=1 pass=1
[23:09:17] TINYDRAW_PANSEQ_FRAME zoom=400 step=22 dx=-72 dy=-54 scroll_us=13520 exposed_compose_us=12989 tear_wait_us=3920 present_us=19511 prepare_us=8994 staging_us=10517 event_submit_us=38942 event_complete_us=39744 frame_us=67086 tear_sync=1 frame_reused=1 pass=1
[23:09:17] TINYDRAW_PANSEQ_FRAME zoom=400 step=23 dx=-72 dy=-54 scroll_us=13531 exposed_compose_us=12243 tear_wait_us=4824 present_us=20198 prepare_us=8894 staging_us=10607 event_submit_us=39126 event_complete_us=39919 frame_us=67841 tear_sync=1 frame_reused=1 pass=1
[23:09:17] TINYDRAW_GATE1_PANSEQ zoom=400 frames=24 scroll_avg_us=14954 exposed_avg_us=7578 tear_wait_avg_us=8171 present_avg_us=19861 prepare_avg_us=8925 staging_avg_us=10578 frame_avg_us=67301 frame_p50_us=67086 frame_p95_us=68277 frame_max_us=68487 complete_p50_us=40011 complete_p95_us=41133 complete_max_us=41146 all_reused=1 pass=1
[23:09:18] TINYDRAW_GATE1_DRAW_FILL zoom=400 revision=2140 append_us=1180 poll_gap_us=105 event_submit_us=2392 event_complete_us=2564 max_compute_slice_us=4871 max_display_slice_us=23506 fill_us=273467 revision_restarted=1 pass=1
[23:09:18] TINYDRAW_GATE1_CACHE_FILL zoom=50 x=63 y=63 published=56 total_us=538462 within_cold_gate=0 complete=1
[23:09:19] TINYDRAW_GATE1_CACHE_FILL zoom=100 x=63 y=63 published=56 total_us=505087 within_cold_gate=0 complete=1
[23:09:19] TINYDRAW_GATE1_CACHE_FILL zoom=200 x=63 y=63 published=56 total_us=414208 within_cold_gate=1 complete=1
[23:09:20] TINYDRAW_GATE1_CACHE_FILL zoom=400 x=63 y=63 published=56 total_us=370319 within_cold_gate=1 complete=1
[23:09:20] TINYDRAW_GATE1_CACHE_REVISIT zoom=50 remaining=0 tile_pixels=118128 fallback_pixels=0 compose_us=27464 complete_us=19369 hit=1
[23:09:20] TINYDRAW_GATE1_CACHE_REVISIT zoom=100 remaining=0 tile_pixels=164864 fallback_pixels=0 compose_us=29735 complete_us=20068 hit=1
[23:09:20] TINYDRAW_GATE1_CACHE_REVISIT zoom=200 remaining=0 tile_pixels=164864 fallback_pixels=0 compose_us=30386 complete_us=19819 hit=1
[23:09:20] TINYDRAW_GATE1_CACHE_REVISIT zoom=400 remaining=0 tile_pixels=164607 fallback_pixels=0 compose_us=31067 complete_us=19592 hit=1
[23:09:20] TINYDRAW_GATE1_CACHE_FILL zoom=400 x=575 y=575 published=56 total_us=401213 within_cold_gate=1 complete=1
[23:09:20] TINYDRAW_GATE1_CACHE_ROUND_TRIP zoom=50 from_x=63 from_y=63 via_x=575 via_y=575 remaining=0 tile_pixels=118128 fallback_pixels=0 compose_us=27471 complete_us=19569 hit=1
[23:09:20] TINYDRAW_GATE1_CACHE_ROUND_TRIP zoom=100 from_x=63 from_y=63 via_x=575 via_y=575 remaining=0 tile_pixels=164864 fallback_pixels=0 compose_us=29670 complete_us=20293 hit=1
[23:09:21] TINYDRAW_GATE1_CACHE_ROUND_TRIP zoom=200 from_x=63 from_y=63 via_x=575 via_y=575 remaining=0 tile_pixels=164864 fallback_pixels=0 compose_us=30345 complete_us=19955 hit=1
[23:09:21] TINYDRAW_GATE1_CACHE_ROUND_TRIP zoom=400 from_x=63 from_y=63 via_x=575 via_y=575 remaining=0 tile_pixels=164607 fallback_pixels=0 compose_us=31055 complete_us=19719 hit=1
[23:09:21] TINYDRAW_GATE1_CACHE_RETENTION pass=1 slots=384 revision=2140
[23:09:22] TINYDRAW_PAPER_SWEEP zoom=100 identities=644 raw=266 uniform=378 fallback=0 slots=384 total_us=1453973 pass=1
[23:09:27] TINYDRAW_GATE1_CACHE_TOUR slots=384 stops=16 forward_steps=2306 forward_tiles=832 forward_wall_us=2326083 return_missing_tiles=0 return_steps=16 return_tiles=0 return_wall_us=39368 home_missing=0 home_fallback_pixels=0 pass=1
[23:09:28] TINYDRAW_GATE1_MIXED_DRAW_WARM zoom=50 fill_tiles=56 fill_us=451207 raw=42 uniform=14
[23:09:28] TINYDRAW_GATE1_MIXED_DRAW_WARM zoom=100 fill_tiles=56 fill_us=415507 raw=56 uniform=0
[23:09:29] TINYDRAW_GATE1_MIXED_DRAW_WARM zoom=200 fill_tiles=56 fill_us=380446 raw=56 uniform=0
[23:09:29] TINYDRAW_GATE1_MIXED_DRAW_WARM zoom=400 fill_tiles=42 fill_us=257123 raw=42 uniform=0
[23:09:30] TINYDRAW_GATE1_MIXED_DRAW zoom=25 tool=pen chunks=33 append_max_us=13529 append_avg_us=12935 append_total_us=426865 affected_tiles=196 published=0 fallback=196 committed=1 authority=1 refresh=1 run_ok=1 pass=1
[23:09:31] TINYDRAW_GATE1_MIXED_DRAW zoom=25 tool=eraser chunks=33 append_max_us=13200 append_avg_us=12839 append_total_us=423695 affected_tiles=0 published=0 fallback=0 committed=1 authority=1 refresh=1 run_ok=1 pass=1
[23:09:32] TINYDRAW_GATE1_MIXED_DRAW zoom=50 tool=pen chunks=33 append_max_us=17599 append_avg_us=14167 append_total_us=467532 affected_tiles=351 published=329 fallback=22 committed=1 authority=1 refresh=1 run_ok=1 pass=0
[23:09:33] TINYDRAW_GATE1_MIXED_DRAW zoom=50 tool=eraser chunks=33 append_max_us=16052 append_avg_us=13748 append_total_us=453695 affected_tiles=327 published=327 fallback=0 committed=1 authority=1 refresh=1 run_ok=1 pass=0
[23:09:35] TINYDRAW_GATE1_MIXED_DRAW zoom=100 tool=pen chunks=33 append_max_us=14989 append_avg_us=11750 append_total_us=387781 affected_tiles=375 published=323 fallback=52 committed=1 authority=1 refresh=1 run_ok=1 pass=1
[23:09:35] TINYDRAW_GATE1_MIXED_DRAW zoom=100 tool=eraser chunks=33 append_max_us=13229 append_avg_us=11395 append_total_us=376059 affected_tiles=321 published=321 fallback=0 committed=1 authority=1 refresh=1 run_ok=1 pass=1
[23:09:37] TINYDRAW_GATE1_MIXED_DRAW zoom=200 tool=pen chunks=33 append_max_us=14208 append_avg_us=10929 append_total_us=360684 affected_tiles=357 published=321 fallback=36 committed=1 authority=1 refresh=1 run_ok=1 pass=1
[23:09:37] TINYDRAW_GATE1_MIXED_DRAW zoom=200 tool=eraser chunks=33 append_max_us=12323 append_avg_us=10517 append_total_us=347071 affected_tiles=319 published=319 fallback=0 committed=1 authority=1 refresh=1 run_ok=1 pass=1
[23:09:39] TINYDRAW_GATE1_MIXED_DRAW zoom=400 tool=pen chunks=33 append_max_us=12937 append_avg_us=11391 append_total_us=375904 affected_tiles=364 published=340 fallback=24 committed=1 authority=1 refresh=1 run_ok=1 pass=1
[23:09:39] TINYDRAW_GATE1_MIXED_DRAW zoom=400 tool=eraser chunks=33 append_max_us=11714 append_avg_us=11193 append_total_us=369374 affected_tiles=352 published=352 fallback=0 committed=1 authority=1 refresh=1 run_ok=1 pass=1
[23:09:40] TINYDRAW_GATE1_MIXED_DRAW_REVISIT zoom=50 missing=4 refill_tiles=4 refill_us=141763
[23:09:40] TINYDRAW_GATE1_MIXED_DRAW_REVISIT zoom=100 missing=9 refill_tiles=9 refill_us=248643
[23:09:40] TINYDRAW_GATE1_MIXED_DRAW_REVISIT zoom=200 missing=16 refill_tiles=16 refill_us=258584
[23:09:40] TINYDRAW_GATE1_MIXED_DRAW_REVISIT zoom=400 missing=0 refill_tiles=0 refill_us=871
[23:09:40] TINYDRAW_GATE1_MIXED_DRAW_SUMMARY slots=384 strokes=10 worst_append_us=17599 pass=0
[23:09:42] TINYDRAW_GATE1_LONG_GESTURE path=reference samples=1600 chunks=26 append_total_us=690508 append_max_us=33143 append_avg_us=26558 refresh_fallback_pixels=0 committed=1 authority=1 refresh=1 run_ok=1
[23:09:42] TINYDRAW_GATE1_LONG_GESTURE path=in_place samples=1600 chunks=35 append_total_us=338607 append_max_us=11624 append_avg_us=9674 refresh_fallback_pixels=0 committed=1 authority=1 refresh=1 run_ok=1
[23:09:42] TINYDRAW_V2_EXPORT_PROGRESS row=0 of=1792
[23:09:43] TINYDRAW_V2_EXPORT_PROGRESS row=256 of=1792
[23:09:44] TINYDRAW_V2_EXPORT_PROGRESS row=512 of=1792
[23:09:44] TINYDRAW_V2_EXPORT_PROGRESS row=768 of=1792
[23:09:45] TINYDRAW_V2_EXPORT_PROGRESS row=1024 of=1792
[23:09:46] TINYDRAW_V2_EXPORT_PROGRESS row=1280 of=1792
[23:09:47] TINYDRAW_V2_EXPORT_PROGRESS row=1536 of=1792
[23:09:47] E (47685) task_wdt: Task watchdog got triggered. The following tasks/users did not reset the watchdog in time:
[23:09:47] E (47685) task_wdt:  - IDLE0 (CPU 0)
[23:09:47] E (47685) task_wdt: Tasks currently running:
[23:09:47] E (47685) task_wdt: CPU 0: main
[23:09:47] E (47685) task_wdt: CPU 1: IDLE1
[23:09:47] E (47685) task_wdt: Print CPU 0 (current core) backtrace
[23:09:47] 
[23:09:47] 
[23:09:47] Backtrace: 0x42034109:0x3FC95A10 0x403787AD:0x3FC95A50 0x42039A94:0x3FC9D120 0x4201C647:0x3FC9D180 0x4201C97A:0x3FC9D1C0 0x420195B1:0x3FC9D1E0 0x420125CD:0x3FC9D240 0x420127E9:0x3FC9D2F0 0x420103BF:0x3FC9D320 0x42017DA1:0x3FC9D390 0x4200C82C:0x3FC9D7F0 0x420102A7:0x3FC9EB00 0x42007DCA:0x3FC9EB20
[23:09:47] 
[23:09:48] TINYDRAW_GATE1_EXPORT encoded=1 bytes=40045 elapsed_us=5789235 workspace_bytes=50652 band_bytes=376832 free_psram=2515156 free_internal=291772 signature=1 dimensions=1 pass=1
[23:09:48] TINYDRAW_EXPORT_RESERVE requested=1572864 free_before=2515156 largest_before=2490368 free_held=942288 largest_held=933888 pass=1
[23:09:48] TINYDRAW_GATE1_AUTOMATED_DONE stress=1 stress_100=1 stress_400=1 overlap_ready=1 overlap_cold=1 adversarial_ready=1 adversarial_cold=1 workload=1 paced_cold=1 hard_100=1 hard_400=1 pan_100=0 pan_400=0 pan_seq=1 live_overlay=1 draw_fill=1 cache=1 full_world_cache=1 cache_tour=1 mixed_draw=0 long_gesture=1 export_encode=1 export_reserve=1 return=1 ssaa_receipt=yellow
[23:09:48] TINYDRAW_VECTOR_V2_GATE_HARNESS_DONE pass=0
[23:09:48] I (48614) main_task: Returned from app_main()
