[09:17:14] ESP-ROM:esp32s3-20210327
[09:17:14] Build:Mar 27 2021
[09:17:14] rst:0x15 (USB_UART_CHIP_RESET),boot:0x2b (SPI_FAST_FLASH_BOOT)
[09:17:14] Saved PC:0x4037b7d6
[09:17:14] SPIWP:0xee
[09:17:14] mode:DIO, clock div:1
[09:17:14] load:0x3fce2820,len:0x1664
[09:17:14] load:0x403c8700,len:0xf38
[09:17:14] load:0x403cb700,len:0x31e8
[09:17:14] entry 0x403c8930
[09:17:14] I (24) boot: ESP-IDF v6.0.2 2nd stage bootloader
[09:17:14] I (24) boot: compile time Aug 14 2026 08:59:02
[09:17:14] I (25) boot: Multicore bootloader
[09:17:14] I (25) boot: chip revision: v0.2
[09:17:14] I (28) boot: efuse block revision: v1.3
[09:17:14] I (31) qio_mode: Enabling default flash chip QIO
[09:17:14] I (36) boot.esp32s3: Boot SPI Speed : 80MHz
[09:17:14] I (39) boot.esp32s3: SPI Mode       : QIO
[09:17:14] I (43) boot.esp32s3: SPI Flash Size : 16MB
[09:17:14] I (47) boot: Enabling RNG early entropy source...
[09:17:14] I (51) boot: Partition Table:
[09:17:14] I (54) boot: ## Label            Usage          Type ST Offset   Length
[09:17:14] I (60) boot:  0 nvs              WiFi data        01 02 00009000 00006000
[09:17:14] I (67) boot:  1 phy_init         RF data          01 01 0000f000 00001000
[09:17:14] I (73) boot:  2 factory          factory app      00 00 00010000 00100000
[09:17:14] I (80) boot:  3 drawing          Unknown data     01 40 00110000 00300000
[09:17:14] I (86) boot:  4 export           Unknown data     01 41 00410000 00500000
[09:17:14] I (93) boot:  5 coredump         Unknown data     01 03 00910000 00010000
[09:17:14] I (100) boot: End of partition table
[09:17:14] I (103) esp_image: segment 0: paddr=00010020 vaddr=3c030020 size=0f4c4h ( 62660) map
[09:17:14] I (120) esp_image: segment 1: paddr=0001f4ec vaddr=3fc93e00 size=00b2ch (  2860) load
[09:17:14] I (121) esp_image: segment 2: paddr=00020020 vaddr=42000020 size=2ea4ch (191052) map
[09:17:14] I (155) esp_image: segment 3: paddr=0004ea74 vaddr=3fc9492c size=02af8h ( 11000) load
[09:17:14] I (157) esp_image: segment 4: paddr=00051574 vaddr=40374000 size=0fd1ch ( 64796) load
[09:17:14] I (172) esp_image: segment 5: paddr=00061298 vaddr=50000000 size=00024h (    36) load
[09:17:14] I (179) boot: Loaded app from partition at offset 0x10000
[09:17:14] I (179) boot: Disabling RNG early entropy source...
[09:17:14] I (189) octal_psram: vendor id    : 0x0d (AP)
[09:17:14] I (190) octal_psram: dev id       : 0x02 (generation 3)
[09:17:14] I (190) octal_psram: density      : 0x03 (64 Mbit)
[09:17:14] I (192) octal_psram: good-die     : 0x01 (Pass)
[09:17:14] I (196) octal_psram: Latency      : 0x01 (Fixed)
[09:17:14] I (200) octal_psram: VCC          : 0x01 (3V)
[09:17:14] I (204) octal_psram: SRF          : 0x01 (Fast Refresh)
[09:17:14] I (209) octal_psram: BurstType    : 0x01 (Hybrid Wrap)
[09:17:14] I (214) octal_psram: BurstLen     : 0x01 (32 Byte)
[09:17:14] I (219) octal_psram: Readlatency  : 0x02 (10 cycles@Fixed)
[09:17:14] I (224) octal_psram: DriveStrength: 0x00 (1/1)
[09:17:14] I (228) MSPI Timing: Enter psram timing tuning
[09:17:14] I (233) esp_psram: Found 8MB PSRAM device
[09:17:14] I (236) esp_psram: Speed: 80MHz
[09:17:14] I (239) cpu_start: Multicore app
[09:17:14] I (655) esp_psram: SPI SRAM memory test OK
[09:17:14] I (663) cpu_start: GPIO 44 and 43 are used as console UART I/O pins
[09:17:14] I (664) cpu_start: Pro cpu start user code
[09:17:14] I (664) cpu_start: cpu freq: 240000000 Hz
[09:17:14] I (665) app_init: Application information:
[09:17:14] I (669) app_init: Project name:     tinydraw_esp32
[09:17:14] I (674) app_init: App version:      f950e27
[09:17:14] I (678) app_init: Compile time:     Aug 14 2026 09:16:23
[09:17:14] I (683) app_init: ELF file SHA256:  64c1543bd...
[09:17:14] I (687) app_init: ESP-IDF:          v6.0.2
[09:17:14] I (691) efuse_init: Min chip rev:     v0.0
[09:17:14] I (695) efuse_init: Max chip rev:     v0.99 
[09:17:14] I (699) efuse_init: Chip rev:         v0.2
[09:17:14] I (703) heap_init: Initializing. RAM available for dynamic allocation:
[09:17:14] I (709) heap_init: At 3FC97EF0 len 00051820 (326 KiB): RAM
[09:17:14] I (714) heap_init: At 3FCE9710 len 00005724 (21 KiB): RAM
[09:17:14] I (719) heap_init: At 3FCF0000 len 00008000 (32 KiB): DRAM
[09:17:14] I (724) heap_init: At 600FE000 len 00001FE8 (7 KiB): RTCRAM
[09:17:14] I (730) esp_psram: Adding pool of 8192K of PSRAM memory to heap allocator
[09:17:14] I (737) spi_flash: detected chip: generic
[09:17:14] I (740) spi_flash: flash io: qio
[09:17:14] I (743) sleep_gpio: Configure to isolate all GPIO pins in sleep state
[09:17:14] I (749) sleep_gpio: Enable automatic switching of GPIO sleep configuration
[09:17:14] I (756) main_task: Started on CPU0
[09:17:14] I (759) main_task: Calling app_main()
[09:17:14] TINYDRAW_PANEL_HARD_RESET=1
[09:17:14] I (956) co5300: version: 2.1.0
[09:17:14] I (957) co5300_spi: LCD panel create success, version: 2.1.0
[09:17:14] W (1037) co5300_spi: The 3Ah command has been used and will be overwritten by external initialization sequence
[09:17:14] I (1138) CST816S: IC id: 183
[09:17:15] TINYDRAW_LIVE_PRESENT kind=startup zoom=25 x=0 y=0 compose_us=34404 read_submit_us=0 read_complete_us=0 transfer_wait_us=19689 tile_pixels=0 uniform_pixels=0 overview_pixels=164864 fallback_pixels=0 resident_tiles=0 fallback_tiles=0 pushes=21 tear_wait_us=11087 tear_sync=1 frame_reused=0 pass=1
[09:17:17] TINYDRAW_LIVE_STRESS operations=1000 samples=20000 total_us=2121978 average_us=2121 maximum_us=2300 free_psram=3067016 largest_psram=3014656
[09:17:17] TINYDRAW_LIVE_PRESENT kind=gate_fallback zoom=100 x=0 y=0 compose_us=22358 read_submit_us=28434 read_complete_us=29236 transfer_wait_us=19305 tile_pixels=0 uniform_pixels=0 overview_pixels=0 fallback_pixels=164864 resident_tiles=0 fallback_tiles=42 pushes=21 tear_wait_us=5256 tear_sync=1 frame_reused=0 pass=1
[09:17:17] TINYDRAW_GATE1_HARD zoom=100 cold=1 operations=1000 samples=20000 steps=192 tiles=42 scanned=12000 rendered=493 max_supertask_us=7670 presentation_us=60862 total_us=312930 pass=1
[09:17:17] TINYDRAW_LIVE_PRESENT kind=gate_fallback zoom=400 x=0 y=0 compose_us=21876 read_submit_us=32251 read_complete_us=33054 transfer_wait_us=19440 tile_pixels=0 uniform_pixels=0 overview_pixels=0 fallback_pixels=164864 resident_tiles=0 fallback_tiles=42 pushes=21 tear_wait_us=9551 tear_sync=1 frame_reused=0 pass=1
[09:17:17] TINYDRAW_GATE1_HARD zoom=400 cold=1 operations=1000 samples=20000 steps=195 tiles=42 scanned=12000 rendered=48 max_supertask_us=7596 presentation_us=60207 total_us=310877 pass=1
[09:17:18] TINYDRAW_OVERLAP_WORKLOAD operations=8 samples=1200 radius_world=80
[09:17:19] TINYDRAW_GATE1_PACED_COLD corpus=overlap zoom=50 x=215 y=255 steps=178 tiles=56 compute_us=612034 present_us=72876 touch_us=71899 pacing_us=14011 wall_us=770820 max_tick_us=10081 touch_errors=0 pass=1
[09:17:20] TINYDRAW_GATE1_PACED_COLD corpus=overlap zoom=100 x=583 y=703 steps=169 tiles=48 compute_us=635584 present_us=71522 touch_us=67129 pacing_us=15747 wall_us=789982 max_tick_us=11069 touch_errors=0 pass=1
[09:17:21] TINYDRAW_GATE1_PACED_COLD corpus=overlap zoom=200 x=1319 y=1599 steps=170 tiles=56 compute_us=725598 present_us=72218 touch_us=66725 pacing_us=14442 wall_us=878983 max_tick_us=9970 touch_errors=0 pass=1
[09:17:22] TINYDRAW_GATE1_PACED_COLD corpus=overlap zoom=400 x=2791 y=3391 steps=188 tiles=56 compute_us=824846 present_us=68742 touch_us=72635 pacing_us=13758 wall_us=979981 max_tick_us=9043 touch_errors=0 pass=1
[09:17:24] TINYDRAW_GATE1_WORKLOAD kind=realistic seed=7 operations=1000 samples=19844 maximum_stroke=198 load_us=2056456 raw_source=1 lod_copies=0
[09:17:24] TINYDRAW_GATE1_PACED_COLD corpus=seed7 zoom=400 x=63 y=63 steps=281 tiles=56 compute_us=446073 present_us=73069 touch_us=92120 pacing_us=20726 wall_us=631988 max_tick_us=9012 touch_errors=0 pass=1
[09:17:25] TINYDRAW_LIVE_PRESENT kind=gate_fallback zoom=100 x=0 y=0 compose_us=22547 read_submit_us=30695 read_complete_us=31499 transfer_wait_us=19902 tile_pixels=0 uniform_pixels=0 overview_pixels=0 fallback_pixels=164864 resident_tiles=0 fallback_tiles=42 pushes=21 tear_wait_us=7349 tear_sync=1 frame_reused=0 pass=1
[09:17:25] TINYDRAW_GATE1_HARD zoom=100 cold=1 operations=1000 samples=19844 steps=275 tiles=42 scanned=12000 rendered=5232 max_supertask_us=7624 presentation_us=60022 total_us=474975 pass=1
[09:17:25] TINYDRAW_GATE1_PAN zoom=100 from_x=0 from_y=0 to_x=24 to_y=24 compose_us=28866 event_submit_us=30458 event_complete_us=31261 transfer_us=19513 setup=1 present=1 moved=1 frame_reused=1 pass=1
[09:17:25] TINYDRAW_LIVE_PRESENT kind=gate_fallback zoom=400 x=0 y=0 compose_us=21911 read_submit_us=25226 read_complete_us=26029 transfer_wait_us=19972 tile_pixels=0 uniform_pixels=0 overview_pixels=0 fallback_pixels=164864 resident_tiles=0 fallback_tiles=42 pushes=21 tear_wait_us=2496 tear_sync=1 frame_reused=0 pass=1
[09:17:26] TINYDRAW_GATE1_HARD zoom=400 cold=1 operations=1000 samples=19844 steps=211 tiles=42 scanned=12000 rendered=591 max_supertask_us=7703 presentation_us=58745 total_us=334677 pass=1
[09:17:26] TINYDRAW_GATE1_PAN zoom=400 from_x=0 from_y=0 to_x=24 to_y=24 compose_us=29006 event_submit_us=30754 event_complete_us=31558 transfer_us=19216 setup=1 present=1 moved=1 frame_reused=1 pass=1
[09:17:26] TINYDRAW_GATE1_DRAW_FILL zoom=400 revision=2011 append_us=2360 poll_gap_us=1738 event_submit_us=3823 event_complete_us=4003 max_compute_slice_us=4035 max_display_slice_us=8580 fill_us=337549 revision_restarted=1 pass=1
[09:17:27] TINYDRAW_GATE1_CACHE_FILL zoom=50 x=63 y=63 published=56 total_us=835978 within_cold_gate=0 complete=1
[09:17:28] TINYDRAW_GATE1_CACHE_FILL zoom=100 x=63 y=63 published=56 total_us=771973 within_cold_gate=0 complete=1
[09:17:29] TINYDRAW_GATE1_CACHE_FILL zoom=200 x=63 y=63 published=56 total_us=702970 within_cold_gate=0 complete=1
[09:17:30] TINYDRAW_GATE1_CACHE_FILL zoom=400 x=63 y=63 published=56 total_us=677972 within_cold_gate=0 complete=1
[09:17:30] TINYDRAW_GATE1_CACHE_REVISIT zoom=50 remaining=0 tile_pixels=118128 fallback_pixels=0 compose_us=24969 complete_us=19781 hit=1
[09:17:30] TINYDRAW_GATE1_CACHE_REVISIT zoom=100 remaining=0 tile_pixels=164864 fallback_pixels=0 compose_us=27162 complete_us=19307 hit=1
[09:17:30] TINYDRAW_GATE1_CACHE_REVISIT zoom=200 remaining=0 tile_pixels=164864 fallback_pixels=0 compose_us=27882 complete_us=19846 hit=1
[09:17:30] TINYDRAW_GATE1_CACHE_REVISIT zoom=400 remaining=0 tile_pixels=164607 fallback_pixels=0 compose_us=28642 complete_us=19581 hit=1
[09:17:31] TINYDRAW_GATE1_CACHE_FILL zoom=400 x=575 y=575 published=56 total_us=809978 within_cold_gate=0 complete=1
[09:17:31] TINYDRAW_GATE1_CACHE_ROUND_TRIP zoom=50 from_x=63 from_y=63 via_x=575 via_y=575 remaining=0 tile_pixels=118128 fallback_pixels=0 compose_us=24983 complete_us=19361 hit=1
[09:17:31] TINYDRAW_GATE1_CACHE_ROUND_TRIP zoom=100 from_x=63 from_y=63 via_x=575 via_y=575 remaining=0 tile_pixels=164864 fallback_pixels=0 compose_us=27155 complete_us=19055 hit=1
[09:17:31] TINYDRAW_GATE1_CACHE_ROUND_TRIP zoom=200 from_x=63 from_y=63 via_x=575 via_y=575 remaining=0 tile_pixels=164864 fallback_pixels=0 compose_us=27887 complete_us=19770 hit=1
[09:17:31] TINYDRAW_GATE1_CACHE_ROUND_TRIP zoom=400 from_x=63 from_y=63 via_x=575 via_y=575 remaining=0 tile_pixels=164607 fallback_pixels=0 compose_us=28635 complete_us=19435 hit=1
[09:17:31] TINYDRAW_GATE1_CACHE_RETENTION pass=1 slots=320 revision=2011
[09:17:32] TINYDRAW_PAPER_SWEEP zoom=100 identities=644 raw=266 uniform=378 fallback=0 slots=320 total_us=1355693 pass=1
[09:17:32] TINYDRAW_EXPORT_RESERVE requested=1572864 free_before=3067016 largest_before=3014656 free_held=1494148 largest_held=1474560 pass=1
[09:17:32] TINYDRAW_GATE1_AUTOMATED_DONE stress=1 stress_100=1 stress_400=1 overlap_ready=1 overlap_cold=1 workload=1 paced_cold=1 hard_100=1 hard_400=1 pan_100=1 pan_400=1 draw_fill=1 cache=1 full_world_cache=1 export_reserve=1 return=1 ssaa_receipt=yellow
[09:17:32] TINYDRAW_VECTOR_V2_GATE_HARNESS_DONE pass=1
[09:17:32] TINYDRAW_VECTOR_V2_READY zoom=25 controls=chrome button=cycle_all_zooms operations_capacity=4000 samples_capacity=80000 live_storage_bytes=5273728 overview_bytes=1318912 raw_tile_bytes=2621440 tile_metadata_bytes=68856 operation_bytes=720000 live_scratch_bytes=544520 free_psram=3067016 largest_psram=3014656 te_edges=1071 te_period_us=16833 te_high_us=578 te_level=0 main_stack_free=1160
