[17:27:00] ESP-ROM:esp32s3-20210327
[17:27:00] Build:Mar 27 2021
[17:27:00] rst:0x15 (USB_UART_CHIP_RESET),boot:0x2b (SPI_FAST_FLASH_BOOT)
[17:27:00] Saved PC:0x40056f59
[17:27:00] SPIWP:0xee
[17:27:00] mode:DIO, clock div:1
[17:27:00] load:0x3fce2820,len:0x1664
[17:27:00] load:0x403c8700,len:0xf38
[17:27:00] load:0x403cb700,len:0x31e8
[17:27:00] entry 0x403c8930
[17:27:00] I (24) boot: ESP-IDF v6.0.2 2nd stage bootloader
[17:27:00] I (24) boot: compile time Aug 13 2026 17:26:41
[17:27:00] I (25) boot: Multicore bootloader
[17:27:00] I (25) boot: chip revision: v0.2
[17:27:00] I (28) boot: efuse block revision: v1.3
[17:27:00] I (31) qio_mode: Enabling default flash chip QIO
[17:27:00] I (36) boot.esp32s3: Boot SPI Speed : 80MHz
[17:27:00] I (39) boot.esp32s3: SPI Mode       : QIO
[17:27:00] I (43) boot.esp32s3: SPI Flash Size : 16MB
[17:27:00] I (47) boot: Enabling RNG early entropy source...
[17:27:00] I (51) boot: Partition Table:
[17:27:00] I (54) boot: ## Label            Usage          Type ST Offset   Length
[17:27:00] I (60) boot:  0 nvs              WiFi data        01 02 00009000 00006000
[17:27:00] I (67) boot:  1 phy_init         RF data          01 01 0000f000 00001000
[17:27:00] I (73) boot:  2 factory          factory app      00 00 00010000 00100000
[17:27:00] I (80) boot:  3 drawing          Unknown data     01 40 00110000 00300000
[17:27:00] I (86) boot:  4 export           Unknown data     01 41 00410000 00500000
[17:27:00] I (93) boot:  5 coredump         Unknown data     01 03 00910000 00010000
[17:27:00] I (100) boot: End of partition table
[17:27:00] I (103) esp_image: segment 0: paddr=00010020 vaddr=3c030020 size=0ed74h ( 60788) map
[17:27:00] I (120) esp_image: segment 1: paddr=0001ed9c vaddr=3fc93d00 size=0127ch (  4732) load
[17:27:00] I (121) esp_image: segment 2: paddr=00020020 vaddr=42000020 size=2a694h (173716) map
[17:27:00] I (152) esp_image: segment 3: paddr=0004a6bc vaddr=3fc94f7c size=023a8h (  9128) load
[17:27:00] I (154) esp_image: segment 4: paddr=0004ca6c vaddr=40374000 size=0fcbch ( 64700) load
[17:27:00] I (169) esp_image: segment 5: paddr=0005c730 vaddr=50000000 size=00024h (    36) load
[17:27:00] I (176) boot: Loaded app from partition at offset 0x10000
[17:27:00] I (176) boot: Disabling RNG early entropy source...
[17:27:00] I (187) octal_psram: vendor id    : 0x0d (AP)
[17:27:00] I (187) octal_psram: dev id       : 0x02 (generation 3)
[17:27:00] I (187) octal_psram: density      : 0x03 (64 Mbit)
[17:27:00] I (189) octal_psram: good-die     : 0x01 (Pass)
[17:27:00] I (193) octal_psram: Latency      : 0x01 (Fixed)
[17:27:00] I (198) octal_psram: VCC          : 0x01 (3V)
[17:27:00] I (202) octal_psram: SRF          : 0x01 (Fast Refresh)
[17:27:00] I (207) octal_psram: BurstType    : 0x01 (Hybrid Wrap)
[17:27:00] I (212) octal_psram: BurstLen     : 0x01 (32 Byte)
[17:27:00] I (216) octal_psram: Readlatency  : 0x02 (10 cycles@Fixed)
[17:27:00] I (221) octal_psram: DriveStrength: 0x00 (1/1)
[17:27:00] I (225) MSPI Timing: Enter psram timing tuning
[17:27:00] I (230) esp_psram: Found 8MB PSRAM device
[17:27:00] I (233) esp_psram: Speed: 80MHz
[17:27:00] I (236) cpu_start: Multicore app
[17:27:00] I (652) esp_psram: SPI SRAM memory test OK
[17:27:00] I (660) cpu_start: GPIO 44 and 43 are used as console UART I/O pins
[17:27:00] I (661) cpu_start: Pro cpu start user code
[17:27:00] I (661) cpu_start: cpu freq: 240000000 Hz
[17:27:00] I (663) app_init: Application information:
[17:27:00] I (667) app_init: Project name:     tinydraw_esp32
[17:27:00] I (671) app_init: App version:      217eb2a
[17:27:00] I (675) app_init: Compile time:     Aug 13 2026 17:26:37
[17:27:00] I (680) app_init: ELF file SHA256:  e25af24a0...
[17:27:00] I (684) app_init: ESP-IDF:          v6.0.2
[17:27:00] I (688) efuse_init: Min chip rev:     v0.0
[17:27:00] I (692) efuse_init: Max chip rev:     v0.99 
[17:27:00] I (696) efuse_init: Chip rev:         v0.2
[17:27:00] I (700) heap_init: Initializing. RAM available for dynamic allocation:
[17:27:00] I (706) heap_init: At 3FC97DF0 len 00051920 (326 KiB): RAM
[17:27:00] I (711) heap_init: At 3FCE9710 len 00005724 (21 KiB): RAM
[17:27:00] I (716) heap_init: At 3FCF0000 len 00008000 (32 KiB): DRAM
[17:27:00] I (722) heap_init: At 600FE000 len 00001FE8 (7 KiB): RTCRAM
[17:27:00] I (727) esp_psram: Adding pool of 8192K of PSRAM memory to heap allocator
[17:27:00] I (734) spi_flash: detected chip: generic
[17:27:00] I (737) spi_flash: flash io: qio
[17:27:00] I (740) sleep_gpio: Configure to isolate all GPIO pins in sleep state
[17:27:00] I (746) sleep_gpio: Enable automatic switching of GPIO sleep configuration
[17:27:00] I (753) main_task: Started on CPU0
[17:27:00] I (756) main_task: Calling app_main()
[17:27:00] TINYDRAW_PANEL_HARD_RESET=1
[17:27:00] I (949) co5300: version: 2.1.0
[17:27:00] I (950) co5300_spi: LCD panel create success, version: 2.1.0
[17:27:01] W (1030) co5300_spi: The 3Ah command has been used and will be overwritten by external initialization sequence
[17:27:01] I (1130) CST816S: IC id: 183
[17:27:01] TINYDRAW_LIVE_PRESENT kind=startup zoom=25 x=0 y=0 compose_us=34607 read_submit_us=0 read_complete_us=0 transfer_wait_us=19278 tile_pixels=0 overview_pixels=164864 fallback_pixels=0 resident_tiles=0 fallback_tiles=0 pushes=21 pass=1
[17:27:01] TINYDRAW_LIVE_STRESS operations=1000 samples=20000 total_us=404024 average_us=404 maximum_us=687 free_psram=2801332 largest_psram=2752512
[17:27:01] TINYDRAW_LIVE_PRESENT kind=gate_fallback zoom=100 x=0 y=0 compose_us=24353 read_submit_us=25125 read_complete_us=25927 transfer_wait_us=19235 tile_pixels=0 overview_pixels=0 fallback_pixels=164864 resident_tiles=0 fallback_tiles=42 pushes=21 pass=1
[17:27:02] TINYDRAW_GATE1_HARD zoom=100 cold=1 operations=1000 samples=20000 steps=192 tiles=42 scanned=12000 rendered=125 max_supertask_us=7566 presentation_us=60183 total_us=402258 pass=1
[17:27:02] TINYDRAW_LIVE_PRESENT kind=gate_fallback zoom=400 x=0 y=0 compose_us=23762 read_submit_us=24527 read_complete_us=25329 transfer_wait_us=19319 tile_pixels=0 overview_pixels=0 fallback_pixels=164864 resident_tiles=0 fallback_tiles=42 pushes=21 pass=1
[17:27:02] TINYDRAW_GATE1_HARD zoom=400 cold=1 operations=1000 samples=20000 steps=196 tiles=42 scanned=12000 rendered=28 max_supertask_us=12003 presentation_us=61779 total_us=317782 pass=1
[17:27:02] TINYDRAW_GATE1_WORKLOAD kind=realistic seed=7 operations=1000 samples=19844 maximum_stroke=198 load_us=273625 raw_source=1 lod_copies=0
[17:27:02] TINYDRAW_LIVE_PRESENT kind=gate_fallback zoom=100 x=0 y=0 compose_us=24332 read_submit_us=25112 read_complete_us=25910 transfer_wait_us=19988 tile_pixels=0 overview_pixels=0 fallback_pixels=164864 resident_tiles=0 fallback_tiles=42 pushes=21 pass=1
[17:27:03] TINYDRAW_GATE1_HARD zoom=100 cold=1 operations=1000 samples=19844 steps=275 tiles=42 scanned=12000 rendered=475 max_supertask_us=6246 presentation_us=60362 total_us=457069 pass=1
[17:27:03] TINYDRAW_GATE1_PAN zoom=100 from_x=0 from_y=0 to_x=120 to_y=120 compose_us=26789 event_submit_us=27452 event_complete_us=28258 transfer_us=19535 setup=1 present=1 moved=1 pass=1
[17:27:03] TINYDRAW_LIVE_PRESENT kind=gate_fallback zoom=400 x=0 y=0 compose_us=23784 read_submit_us=24500 read_complete_us=25304 transfer_wait_us=19878 tile_pixels=0 overview_pixels=0 fallback_pixels=164864 resident_tiles=0 fallback_tiles=42 pushes=21 pass=1
[17:27:03] TINYDRAW_GATE1_HARD zoom=400 cold=1 operations=1000 samples=19844 steps=211 tiles=42 scanned=12000 rendered=102 max_supertask_us=10879 presentation_us=60824 total_us=399356 pass=1
[17:27:03] TINYDRAW_GATE1_PAN zoom=400 from_x=0 from_y=0 to_x=120 to_y=120 compose_us=26533 event_submit_us=27197 event_complete_us=28002 transfer_us=19790 setup=1 present=1 moved=1 pass=1
[17:27:04] TINYDRAW_GATE1_DRAW_FILL zoom=400 revision=2002 append_us=613 poll_gap_us=1413 event_submit_us=3495 event_complete_us=3673 max_compute_slice_us=12834 max_display_slice_us=16134 fill_us=434300 stale_rejected=1 pass=1
[17:27:05] TINYDRAW_GATE1_CACHE_FILL zoom=50 x=63 y=63 published=56 total_us=687994 within_cold_gate=0 complete=1
[17:27:05] TINYDRAW_GATE1_CACHE_FILL zoom=100 x=63 y=63 published=56 total_us=688998 within_cold_gate=0 complete=1
[17:27:06] TINYDRAW_GATE1_CACHE_FILL zoom=200 x=63 y=63 published=56 total_us=644998 within_cold_gate=0 complete=1
[17:27:07] TINYDRAW_GATE1_CACHE_FILL zoom=400 x=63 y=63 published=56 total_us=670998 within_cold_gate=0 complete=1
[17:27:07] TINYDRAW_GATE1_CACHE_REVISIT zoom=50 remaining=0 tile_pixels=164864 fallback_pixels=0 compose_us=28682 complete_us=19899 hit=1
[17:27:07] TINYDRAW_GATE1_CACHE_REVISIT zoom=100 remaining=0 tile_pixels=164864 fallback_pixels=0 compose_us=29233 complete_us=19208 hit=1
[17:27:07] TINYDRAW_GATE1_CACHE_REVISIT zoom=200 remaining=0 tile_pixels=164864 fallback_pixels=0 compose_us=29963 complete_us=19223 hit=1
[17:27:07] TINYDRAW_GATE1_CACHE_REVISIT zoom=400 remaining=0 tile_pixels=164864 fallback_pixels=0 compose_us=30696 complete_us=19335 hit=1
[17:27:08] TINYDRAW_GATE1_CACHE_FILL zoom=400 x=575 y=575 published=56 total_us=722997 within_cold_gate=0 complete=1
[17:27:08] TINYDRAW_GATE1_CACHE_ROUND_TRIP zoom=50 from_x=63 from_y=63 via_x=575 via_y=575 remaining=0 tile_pixels=164864 fallback_pixels=0 compose_us=28678 complete_us=19909 hit=1
[17:27:08] TINYDRAW_GATE1_CACHE_ROUND_TRIP zoom=100 from_x=63 from_y=63 via_x=575 via_y=575 remaining=0 tile_pixels=164864 fallback_pixels=0 compose_us=29232 complete_us=19695 hit=1
[17:27:08] TINYDRAW_GATE1_CACHE_ROUND_TRIP zoom=200 from_x=63 from_y=63 via_x=575 via_y=575 remaining=0 tile_pixels=164864 fallback_pixels=0 compose_us=29964 complete_us=19715 hit=1
[17:27:08] TINYDRAW_GATE1_CACHE_ROUND_TRIP zoom=400 from_x=63 from_y=63 via_x=575 via_y=575 remaining=0 tile_pixels=164864 fallback_pixels=0 compose_us=30703 complete_us=19811 hit=1
[17:27:08] TINYDRAW_GATE1_CACHE_RETENTION pass=1 slots=320 revision=2002
[17:27:08] TINYDRAW_GATE1_AUTOMATED_DONE stress=1 stress_100=1 stress_400=1 workload=1 hard_100=1 hard_400=1 pan_100=1 pan_400=1 draw_fill=1 cache=1 return=1 ssaa_receipt=yellow
[17:27:08] TINYDRAW_LIVE_READY zoom=25 controls=toolbar button=cycle_25_100_400 long_button=load_1000 operations_capacity=4000 samples_capacity=80000 live_storage_bytes=5540584 free_psram=2801332 largest_psram=2752512
