[11:36:02] I (103) esp_image: segment 0: paddr=00010020 vaddr=3c050020 sizeESP-ROM:esp32s3-20210327
[11:36:02] Build:Mar 27 2021
[11:36:02] rst:0x15 (USB_UART_CHIP_RESET),boot:0x2b (SPI_FAST_FLASH_BOOT)
[11:36:02] Saved PC:0x42008583
[11:36:02] SPIWP:0xee
[11:36:02] mode:DIO, clock div:1
[11:36:02] load:0x3fce2820,len:0x1664
[11:36:02] load:0x403c8700,len:0xf38
[11:36:02] load:0x403cb700,len:0x31e8
[11:36:02] entry 0x403c8930
[11:36:02] I (24) boot: ESP-IDF v6.0.2 2nd stage bootloader
[11:36:02] I (24) boot: compile time Aug 15 2026 11:35:46
[11:36:02] I (25) boot: Multicore bootloader
[11:36:02] I (25) boot: chip revision: v0.2
[11:36:02] I (28) boot: efuse block revision: v1.3
[11:36:02] I (31) qio_mode: Enabling default flash chip QIO
[11:36:02] I (36) boot.esp32s3: Boot SPI Speed : 80MHz
[11:36:02] I (39) boot.esp32s3: SPI Mode       : QIO
[11:36:02] I (43) boot.esp32s3: SPI Flash Size : 16MB
[11:36:02] I (47) boot: Enabling RNG early entropy source...
[11:36:02] I (51) boot: Partition Table:
[11:36:02] I (54) boot: ## Label            Usage          Type ST Offset   Length
[11:36:02] I (60) boot:  0 nvs              WiFi data        01 02 00009000 00006000
[11:36:02] I (67) boot:  1 phy_init         RF data          01 01 0000f000 00001000
[11:36:02] I (73) boot:  2 factory          factory app      00 00 00010000 00100000
[11:36:02] I (80) boot:  3 drawing          Unknown data     01 40 00110000 00300000
[11:36:02] I (86) boot:  4 export           Unknown data     01 41 00410000 00500000
[11:36:02] I (93) boot:  5 coredump         Unknown data     01 03 00910000 00010000
[11:36:02] I (100) boot: End of partition table
[11:36:02] I (103) esp_image: segment 0: paddr=00010020 vaddr=3c050020 size=1419ch ( 82332) map
[11:36:02] I (123) esp_image: segment 1: paddr=000241c4 vaddr=3fc94500 size=03764h ( 14180) load
[11:36:02] I (126) esp_image: segment 2: paddr=00027930 vaddr=40374000 size=086e8h ( 34536) load
[11:36:02] I (134) esp_image: segment 3: paddr=00030020 vaddr=42000020 size=46a84h (289412) map
[11:36:02] I (179) esp_image: segment 4: paddr=00076aac vaddr=4037c6e8 size=07d74h ( 32116) load
[11:36:02] I (186) esp_image: segment 5: paddr=0007e828 vaddr=50000000 size=00024h (    36) load
[11:36:02] I (193) boot: Loaded app from partition at offset 0x10000
[11:36:02] I (194) boot: Disabling RNG early entropy source...
[11:36:02] I (205) octal_psram: vendor id    : 0x0d (AP)
[11:36:02] I (205) octal_psram: dev id       : 0x02 (generation 3)
[11:36:02] I (205) octal_psram: density      : 0x03 (64 Mbit)
[11:36:02] I (207) octal_psram: good-die     : 0x01 (Pass)
[11:36:02] I (211) octal_psram: Latency      : 0x01 (Fixed)
[11:36:02] I (215) octal_psram: VCC          : 0x01 (3V)
[11:36:02] I (220) octal_psram: SRF          : 0x01 (Fast Refresh)
[11:36:02] I (224) octal_psram: BurstType    : 0x01 (Hybrid Wrap)
[11:36:02] I (229) octal_psram: BurstLen     : 0x01 (32 Byte)
[11:36:02] I (234) octal_psram: Readlatency  : 0x02 (10 cycles@Fixed)
[11:36:02] I (239) octal_psram: DriveStrength: 0x00 (1/1)
[11:36:02] I (243) MSPI Timing: Enter psram timing tuning
[11:36:02] I (248) esp_psram: Found 8MB PSRAM device
[11:36:02] I (251) esp_psram: Speed: 80MHz
[11:36:02] I (254) cpu_start: Multicore app
[11:36:02] I (670) esp_psram: SPI SRAM memory test OK
[11:36:02] I (678) cpu_start: GPIO 44 and 43 are used as console UART I/O pins
[11:36:02] I (679) cpu_start: Pro cpu start user code
[11:36:02] I (679) cpu_start: cpu freq: 240000000 Hz
[11:36:02] I (681) app_init: Application information:
[11:36:02] I (684) app_init: Project name:     tinydraw_esp32
[11:36:02] I (689) app_init: App version:      0b3309c-dirty
[11:36:02] I (693) app_init: Compile time:     Aug 15 2026 11:35:40
[11:36:02] I (698) app_init: ELF file SHA256:  4f24105e6...
[11:36:02] I (703) app_init: ESP-IDF:          v6.0.2
[11:36:03] I (707) efuse_init: Min chip rev:     v0.0
[11:36:03] I (710) efuse_init: Max chip rev:     v0.99 
[11:36:03] I (714) efuse_init: Chip rev:         v0.2
[11:36:03] I (718) heap_init: Initializing. RAM available for dynamic allocation:
[11:36:03] I (724) heap_init: At 3FC99090 len 00050680 (321 KiB): RAM
[11:36:03] I (730) heap_init: At 3FCE9710 len 00005724 (21 KiB): RAM
[11:36:03] I (735) heap_init: At 3FCF0000 len 00008000 (32 KiB): DRAM
[11:36:03] I (740) heap_init: At 600FE000 len 00001FE8 (7 KiB): RTCRAM
[11:36:03] I (745) esp_psram: Adding pool of 8192K of PSRAM memory to heap allocator
[11:36:03] I (752) spi_flash: detected chip: generic
[11:36:03] I (755) spi_flash: flash io: qio
[11:36:03] I (759) sleep_gpio: Configure to isolate all GPIO pins in sleep state
[11:36:03] I (765) sleep_gpio: Enable automatic switching of GPIO sleep configuration
[11:36:03] I (772) main_task: Started on CPU0
[11:36:03] I (775) main_task: Calling app_main()
[11:36:03] TINYDRAW_PANEL_HARD_RESET=1
[11:36:03] I (972) co5300: version: 2.1.0
[11:36:03] I (973) co5300_spi: LCD panel create success, version: 2.1.0
[11:36:03] W (1053) co5300_spi: The 3Ah command has been used and will be overwritten by external initialization sequence
[11:36:03] I (1154) CST816S: IC id: 183
[11:36:03] TINYDRAW_LIVE_PRESENT kind=startup zoom=25 x=0 y=0 compose_us=36498 scroll_us=0 exposed_compose_us=0 chrome_us=8002 read_submit_us=0 read_complete_us=0 transfer_wait_us=18234 tile_pixels=0 uniform_pixels=0 overview_pixels=164864 fallback_pixels=0 resident_tiles=0 fallback_tiles=0 pushes=11 tear_wait_us=6391 tear_sync=1 frame_reused=0 pass=1
[11:36:04] TINYDRAW_LIVE_STRESS operations=1000 samples=20000 total_us=454142 average_us=454 maximum_us=1083 free_psram=2515156 largest_psram=2490368
[11:36:04] TINYDRAW_LIVE_PRESENT kind=gate_fallback zoom=100 x=0 y=0 compose_us=25191 scroll_us=0 exposed_compose_us=0 chrome_us=7748 read_submit_us=37154 read_complete_us=38765 transfer_wait_us=18282 tile_pixels=0 uniform_pixels=0 overview_pixels=0 fallback_pixels=164864 resident_tiles=0 fallback_tiles=42 pushes=11 tear_wait_us=10794 tear_sync=1 frame_reused=0 pass=1
[11:36:04] TINYDRAW_GATE1_HARD zoom=100 cold=1 operations=1000 samples=20000 steps=192 tiles=42 scanned=12000 rendered=1659 max_supertask_us=9134 presentation_us=69454 total_us=266819 pass=1
[11:36:04] TINYDRAW_LIVE_PRESENT kind=gate_fallback zoom=400 x=0 y=0 compose_us=24452 scroll_us=0 exposed_compose_us=0 chrome_us=7647 read_submit_us=33911 read_complete_us=35523 transfer_wait_us=18207 tile_pixels=0 uniform_pixels=0 overview_pixels=0 fallback_pixels=164864 resident_tiles=0 fallback_tiles=42 pushes=11 tear_wait_us=8295 tear_sync=1 frame_reused=0 pass=1
[11:36:04] TINYDRAW_GATE1_HARD zoom=400 cold=1 operations=1000 samples=20000 steps=196 tiles=42 scanned=12000 rendered=120 max_supertask_us=8469 presentation_us=66338 total_us=203089 pass=1
[11:36:05] TINYDRAW_OVERLAP_WORKLOAD operations=8 samples=1200 radius_world=80
[11:36:05] TINYDRAW_GATE1_PACED_COLD corpus=overlap zoom=50 x=215 y=255 steps=334 tiles=56 compute_us=364328 present_us=84508 touch_us=773 pacing_us=10284 wall_us=459893 max_tick_us=9859 touch_samples=2192 touch_interval_max_us=2013 touch_read_max_us=583 touch_events=0 touch_down=0 touch_up=0 touch_events_ge_8ms=0 touch_event_age_max_us=0 touch_errors=0 touch_overflows=0 pass=1
[11:36:06] TINYDRAW_GATE1_PACED_COLD corpus=overlap zoom=100 x=583 y=703 steps=172 tiles=48 compute_us=227156 present_us=83432 touch_us=530 pacing_us=7059 wall_us=318177 max_tick_us=10021 touch_samples=395 touch_interval_max_us=1755 touch_read_max_us=526 touch_events=0 touch_down=0 touch_up=0 touch_events_ge_8ms=0 touch_event_age_max_us=0 touch_errors=0 touch_overflows=0 pass=1
[11:36:06] TINYDRAW_GATE1_PACED_COLD corpus=overlap zoom=200 x=1319 y=1599 steps=128 tiles=56 compute_us=228785 present_us=77700 touch_us=486 pacing_us=5940 wall_us=312911 max_tick_us=9466 touch_samples=397 touch_interval_max_us=1855 touch_read_max_us=519 touch_events=0 touch_down=0 touch_up=0 touch_events_ge_8ms=0 touch_event_age_max_us=0 touch_errors=0 touch_overflows=0 pass=1
[11:36:06] TINYDRAW_GATE1_PACED_COLD corpus=overlap zoom=400 x=2791 y=3391 steps=94 tiles=56 compute_us=214764 present_us=81511 touch_us=441 pacing_us=6226 wall_us=302942 max_tick_us=9690 touch_samples=394 touch_interval_max_us=1169 touch_read_max_us=456 touch_events=0 touch_down=0 touch_up=0 touch_events_ge_8ms=0 touch_event_age_max_us=0 touch_errors=0 touch_overflows=0 pass=1
[11:36:07] TINYDRAW_ADVERSARIAL_TAPERED_WORKLOAD operations=128 samples=4096 erasers=12 load_us=215335 appended=1
[11:36:07] TINYDRAW_GATE1_PACED_COLD corpus=adversarial_tapered_4x zoom=50 x=0 y=0 steps=104 tiles=42 compute_us=93409 present_us=62598 touch_us=197 pacing_us=4278 wall_us=160482 max_tick_us=7819 touch_samples=497 touch_interval_max_us=1175 touch_read_max_us=444 touch_events=0 touch_down=0 touch_up=0 touch_events_ge_8ms=0 touch_event_age_max_us=0 touch_errors=0 touch_overflows=0 pass=1
[11:36:07] TINYDRAW_GATE1_PACED_COLD corpus=adversarial_tapered_4x zoom=100 x=0 y=0 steps=348 tiles=42 compute_us=155810 present_us=61914 touch_us=220 pacing_us=7194 wall_us=225138 max_tick_us=9527 touch_samples=316 touch_interval_max_us=1135 touch_read_max_us=404 touch_events=0 touch_down=0 touch_up=0 touch_events_ge_8ms=0 touch_event_age_max_us=0 touch_errors=0 touch_overflows=0 pass=1
[11:36:08] TINYDRAW_GATE1_PACED_COLD corpus=adversarial_tapered_4x zoom=200 x=0 y=0 steps=1214 tiles=42 compute_us=433875 present_us=64864 touch_us=406 pacing_us=15167 wall_us=514312 max_tick_us=9335 touch_samples=591 touch_interval_max_us=1169 touch_read_max_us=448 touch_events=0 touch_down=0 touch_up=0 touch_events_ge_8ms=0 touch_event_age_max_us=0 touch_errors=0 touch_overflows=0 pass=1
[11:36:08] TINYDRAW_GATE1_PACED_COLD corpus=adversarial_tapered_4x zoom=400 x=0 y=0 steps=904 tiles=42 compute_us=537345 present_us=67903 touch_us=551 pacing_us=15515 wall_us=621314 max_tick_us=10011 touch_samples=713 touch_interval_max_us=1141 touch_read_max_us=419 touch_events=0 touch_down=0 touch_up=0 touch_events_ge_8ms=0 touch_event_age_max_us=0 touch_errors=0 touch_overflows=0 pass=1
[11:36:09] TINYDRAW_GATE1_WORKLOAD kind=realistic seed=7 operations=1000 samples=19844 maximum_stroke=198 load_us=377824 raw_source=1 lod_copies=0
[11:36:09] TINYDRAW_GATE1_PACED_COLD corpus=seed7 zoom=400 x=63 y=63 steps=281 tiles=56 compute_us=266821 present_us=84568 touch_us=456 pacing_us=7508 wall_us=359353 max_tick_us=12471 touch_samples=931 touch_interval_max_us=1145 touch_read_max_us=440 touch_events=0 touch_down=0 touch_up=0 touch_events_ge_8ms=0 touch_event_age_max_us=0 touch_errors=0 touch_overflows=0 pass=1
[11:36:09] TINYDRAW_LIVE_PRESENT kind=gate_fallback zoom=100 x=0 y=0 compose_us=25318 scroll_us=0 exposed_compose_us=0 chrome_us=7676 read_submit_us=31672 read_complete_us=33271 transfer_wait_us=18175 tile_pixels=0 uniform_pixels=0 overview_pixels=0 fallback_pixels=164864 resident_tiles=0 fallback_tiles=42 pushes=11 tear_wait_us=5177 tear_sync=1 frame_reused=0 pass=1
[11:36:10] TINYDRAW_GATE1_HARD zoom=100 cold=1 operations=1000 samples=19844 steps=275 tiles=42 scanned=12000 rendered=5232 max_supertask_us=9291 presentation_us=67552 total_us=368437 pass=1
[11:36:10] TINYDRAW_GATE1_LIVE_OVERLAY clear_updates=47 clear_wall_max_us=2939 clear_submit_max_us=2191 clear_complete_max_us=2237 overlay_updates=26 overlay_wall_max_us=2923 overlay_submit_max_us=2360 overlay_complete_max_us=2398 overlay_chrome_max_us=0 clear_failures=0 overlay_failures=0 pass=1
[11:36:11] TINYDRAW_GATE1_PAN zoom=100 from_x=0 from_y=0 to_x=88 to_y=88 compose_us=15 scroll_us=12 exposed_compose_us=3 chrome_us=6360 event_submit_us=918 event_complete_us=1270 transfer_us=37722 setup=1 present=1 moved=1 frame_reused=1 pass=1
[11:36:11] TINYDRAW_LIVE_PRESENT kind=gate_fallback zoom=400 x=0 y=0 compose_us=24528 scroll_us=0 exposed_compose_us=0 chrome_us=7602 read_submit_us=27759 read_complete_us=29371 transfer_wait_us=18582 tile_pixels=0 uniform_pixels=0 overview_pixels=0 fallback_pixels=164864 resident_tiles=0 fallback_tiles=42 pushes=11 tear_wait_us=2061 tear_sync=1 frame_reused=0 pass=1
[11:36:11] TINYDRAW_GATE1_HARD zoom=400 cold=1 operations=1000 samples=19844 steps=211 tiles=42 scanned=12000 rendered=591 max_supertask_us=10789 presentation_us=68807 total_us=262624 pass=1
[11:36:11] TINYDRAW_GATE1_PAN zoom=400 from_x=0 from_y=0 to_x=88 to_y=88 compose_us=16 scroll_us=14 exposed_compose_us=2 chrome_us=6252 event_submit_us=958 event_complete_us=1310 transfer_us=36823 setup=1 present=1 moved=1 frame_reused=1 pass=1
[11:36:14] TINYDRAW_PANSEQ_FRAME zoom=100 step=0 dx=24 dy=18 scroll_us=20 exposed_compose_us=4 tear_wait_us=7 present_us=26423 prepare_us=6599 staging_us=6582 event_submit_us=638 event_complete_us=872 frame_us=26550 tear_sync=1 frame_reused=1 pass=1
[11:36:14] TINYDRAW_PANSEQ_FRAME zoom=100 step=1 dx=24 dy=18 scroll_us=13 exposed_compose_us=2 tear_wait_us=6 present_us=26863 prepare_us=6557 staging_us=6502 event_submit_us=765 event_complete_us=1330 frame_us=26953 tear_sync=1 frame_reused=1 pass=1
[11:36:14] TINYDRAW_PANSEQ_FRAME zoom=100 step=2 dx=24 dy=18 scroll_us=11 exposed_compose_us=3 tear_wait_us=7 present_us=27867 prepare_us=6699 staging_us=7852 event_submit_us=2284 event_complete_us=3914 frame_us=27958 tear_sync=1 frame_reused=1 pass=1
[11:36:14] TINYDRAW_PANSEQ_FRAME zoom=100 step=3 dx=24 dy=18 scroll_us=13 exposed_compose_us=3 tear_wait_us=5 present_us=27865 prepare_us=6824 staging_us=6893 event_submit_us=1362 event_complete_us=2984 frame_us=27954 tear_sync=1 frame_reused=1 pass=1
[11:36:14] TINYDRAW_PANSEQ_FRAME zoom=100 step=4 dx=24 dy=18 scroll_us=12 exposed_compose_us=3 tear_wait_us=7 present_us=25863 prepare_us=6543 staging_us=6573 event_submit_us=999 event_complete_us=1357 frame_us=25957 tear_sync=1 frame_reused=1 pass=1
[11:36:14] TINYDRAW_PANSEQ_FRAME zoom=100 step=5 dx=24 dy=18 scroll_us=12 exposed_compose_us=3 tear_wait_us=7 present_us=26863 prepare_us=6637 staging_us=6037 event_submit_us=1352 event_complete_us=2985 frame_us=26955 tear_sync=1 frame_reused=1 pass=1
[11:36:14] TINYDRAW_PANSEQ_FRAME zoom=100 step=6 dx=24 dy=18 scroll_us=13 exposed_compose_us=3 tear_wait_us=7 present_us=26863 prepare_us=6856 staging_us=6616 event_submit_us=1397 event_complete_us=3019 frame_us=26956 tear_sync=1 frame_reused=1 pass=1
[11:36:14] TINYDRAW_PANSEQ_FRAME zoom=100 step=7 dx=24 dy=18 scroll_us=13 exposed_compose_us=3 tear_wait_us=2046 present_us=25822 prepare_us=6539 staging_us=6026 event_submit_us=3169 event_complete_us=3750 frame_us=27954 tear_sync=1 frame_reused=1 pass=1
[11:36:14] TINYDRAW_PANSEQ_FRAME zoom=100 step=8 dx=24 dy=18 scroll_us=13 exposed_compose_us=3 tear_wait_us=7 present_us=26862 prepare_us=6765 staging_us=6710 event_submit_us=1122 event_complete_us=2203 frame_us=26953 tear_sync=1 frame_reused=1 pass=1
[11:36:14] TINYDRAW_PANSEQ_FRAME zoom=100 step=9 dx=24 dy=18 scroll_us=13 exposed_compose_us=3 tear_wait_us=6 present_us=26867 prepare_us=6577 staging_us=6818 event_submit_us=1017 event_complete_us=1936 frame_us=26957 tear_sync=1 frame_reused=1 pass=1
[11:36:15] TINYDRAW_PANSEQ_FRAME zoom=100 step=10 dx=24 dy=18 scroll_us=13 exposed_compose_us=3 tear_wait_us=7 present_us=26865 prepare_us=6930 staging_us=6826 event_submit_us=1375 event_complete_us=3007 frame_us=26955 tear_sync=1 frame_reused=1 pass=1
[11:36:15] TINYDRAW_PANSEQ_FRAME zoom=100 step=11 dx=24 dy=18 scroll_us=13 exposed_compose_us=3 tear_wait_us=8 present_us=27865 prepare_us=6623 staging_us=6962 event_submit_us=1340 event_complete_us=2961 frame_us=27955 tear_sync=1 frame_reused=1 pass=1
[11:36:15] TINYDRAW_PANSEQ_FRAME zoom=100 step=12 dx=24 dy=18 scroll_us=13 exposed_compose_us=3 tear_wait_us=8 present_us=25865 prepare_us=6528 staging_us=6267 event_submit_us=1184 event_complete_us=1766 frame_us=25958 tear_sync=1 frame_reused=1 pass=1
[11:36:15] TINYDRAW_PANSEQ_FRAME zoom=100 step=13 dx=24 dy=18 scroll_us=13 exposed_compose_us=3 tear_wait_us=6 present_us=26865 prepare_us=6500 staging_us=6463 event_submit_us=924 event_complete_us=1638 frame_us=26955 tear_sync=1 frame_reused=1 pass=1
[11:36:15] TINYDRAW_PANSEQ_FRAME zoom=100 step=14 dx=24 dy=18 scroll_us=13 exposed_compose_us=3 tear_wait_us=10 present_us=26862 prepare_us=6731 staging_us=6626 event_submit_us=895 event_complete_us=1549 frame_us=26956 tear_sync=1 frame_reused=1 pass=1
[11:36:15] TINYDRAW_PANSEQ_FRAME zoom=100 step=15 dx=24 dy=18 scroll_us=13 exposed_compose_us=3 tear_wait_us=10 present_us=27862 prepare_us=6383 staging_us=7324 event_submit_us=2134 event_complete_us=3765 frame_us=27954 tear_sync=1 frame_reused=1 pass=1
[11:36:15] TINYDRAW_PANSEQ_FRAME zoom=100 step=16 dx=72 dy=54 scroll_us=13 exposed_compose_us=3 tear_wait_us=8 present_us=35865 prepare_us=6613 staging_us=6662 event_submit_us=1722 event_complete_us=3347 frame_us=35958 tear_sync=1 frame_reused=1 pass=1
[11:36:15] TINYDRAW_PANSEQ_FRAME zoom=100 step=17 dx=72 dy=54 scroll_us=12 exposed_compose_us=3 tear_wait_us=8 present_us=34862 prepare_us=6604 staging_us=5664 event_submit_us=1040 event_complete_us=1455 frame_us=34953 tear_sync=1 frame_reused=1 pass=1
[11:36:15] TINYDRAW_PANSEQ_FRAME zoom=100 step=18 dx=72 dy=54 scroll_us=12 exposed_compose_us=3 tear_wait_us=8 present_us=33865 prepare_us=6575 staging_us=6229 event_submit_us=1356 event_complete_us=2989 frame_us=33955 tear_sync=1 frame_reused=1 pass=1
[11:36:15] TINYDRAW_PANSEQ_FRAME zoom=100 step=19 dx=72 dy=54 scroll_us=13 exposed_compose_us=2 tear_wait_us=8 present_us=34866 prepare_us=6334 staging_us=5759 event_submit_us=2049 event_complete_us=3678 frame_us=34959 tear_sync=1 frame_reused=1 pass=1
[11:36:15] TINYDRAW_PANSEQ_FRAME zoom=100 step=20 dx=-72 dy=-54 scroll_us=13 exposed_compose_us=3 tear_wait_us=7 present_us=33862 prepare_us=5586 staging_us=6736 event_submit_us=2571 event_complete_us=4200 frame_us=33953 tear_sync=1 frame_reused=1 pass=1
[11:36:15] TINYDRAW_PANSEQ_FRAME zoom=100 step=21 dx=-72 dy=-54 scroll_us=12 exposed_compose_us=3 tear_wait_us=7 present_us=33865 prepare_us=5629 staging_us=7467 event_submit_us=2566 event_complete_us=4190 frame_us=33956 tear_sync=1 frame_reused=1 pass=1
[11:36:15] TINYDRAW_PANSEQ_FRAME zoom=100 step=22 dx=-72 dy=-54 scroll_us=13 exposed_compose_us=3 tear_wait_us=7 present_us=33865 prepare_us=5666 staging_us=7102 event_submit_us=2237 event_complete_us=3549 frame_us=33952 tear_sync=1 frame_reused=1 pass=1
[11:36:15] TINYDRAW_PANSEQ_FRAME zoom=100 step=23 dx=-72 dy=-54 scroll_us=13 exposed_compose_us=3 tear_wait_us=2607 present_us=31268 prepare_us=5491 staging_us=5551 event_submit_us=4801 event_complete_us=5379 frame_us=33963 tear_sync=1 frame_reused=1 pass=1
[11:36:15] TINYDRAW_GATE1_PANSEQ zoom=100 frames=24 scroll_avg_us=13 exposed_avg_us=2 tear_wait_avg_us=200 present_avg_us=29277 prepare_avg_us=6449 staging_avg_us=6593 frame_avg_us=29563 frame_p50_us=27954 frame_p95_us=34959 frame_max_us=35958 complete_p50_us=2985 complete_p95_us=4200 complete_max_us=5379 all_reused=1 pass=1
[11:36:17] TINYDRAW_PANSEQ_FRAME zoom=400 step=0 dx=24 dy=18 scroll_us=13 exposed_compose_us=3 tear_wait_us=8 present_us=26810 prepare_us=6969 staging_us=6899 event_submit_us=990 event_complete_us=1721 frame_us=26908 tear_sync=1 frame_reused=1 pass=1
[11:36:17] TINYDRAW_PANSEQ_FRAME zoom=400 step=1 dx=24 dy=18 scroll_us=14 exposed_compose_us=2 tear_wait_us=8 present_us=26864 prepare_us=6583 staging_us=6771 event_submit_us=875 event_complete_us=1573 frame_us=26958 tear_sync=1 frame_reused=1 pass=1
[11:36:17] TINYDRAW_PANSEQ_FRAME zoom=400 step=2 dx=24 dy=18 scroll_us=13 exposed_compose_us=2 tear_wait_us=7 present_us=26864 prepare_us=6653 staging_us=7851 event_submit_us=1910 event_complete_us=3541 frame_us=26953 tear_sync=1 frame_reused=1 pass=1
[11:36:18] TINYDRAW_PANSEQ_FRAME zoom=400 step=3 dx=24 dy=18 scroll_us=12 exposed_compose_us=3 tear_wait_us=7 present_us=26868 prepare_us=6562 staging_us=6977 event_submit_us=1335 event_complete_us=2956 frame_us=26957 tear_sync=1 frame_reused=1 pass=1
[11:36:18] TINYDRAW_PANSEQ_FRAME zoom=400 step=4 dx=24 dy=18 scroll_us=13 exposed_compose_us=3 tear_wait_us=166 present_us=25705 prepare_us=6621 staging_us=6530 event_submit_us=1274 event_complete_us=1853 frame_us=25958 tear_sync=1 frame_reused=1 pass=1
[11:36:18] TINYDRAW_PANSEQ_FRAME zoom=400 step=5 dx=24 dy=18 scroll_us=13 exposed_compose_us=3 tear_wait_us=8 present_us=26860 prepare_us=6762 staging_us=7001 event_submit_us=1134 event_complete_us=2277 frame_us=26953 tear_sync=1 frame_reused=1 pass=1
[11:36:18] TINYDRAW_PANSEQ_FRAME zoom=400 step=6 dx=24 dy=18 scroll_us=13 exposed_compose_us=3 tear_wait_us=8 present_us=25864 prepare_us=6809 staging_us=5987 event_submit_us=1063 event_complete_us=2024 frame_us=25960 tear_sync=1 frame_reused=1 pass=1
[11:36:18] TINYDRAW_PANSEQ_FRAME zoom=400 step=7 dx=24 dy=18 scroll_us=13 exposed_compose_us=3 tear_wait_us=43 present_us=26860 prepare_us=6513 staging_us=6435 event_submit_us=1349 event_complete_us=2981 frame_us=26952 tear_sync=1 frame_reused=1 pass=1
[11:36:18] TINYDRAW_PANSEQ_FRAME zoom=400 step=8 dx=24 dy=18 scroll_us=12 exposed_compose_us=3 tear_wait_us=8 present_us=26862 prepare_us=6896 staging_us=6095 event_submit_us=1378 event_complete_us=2999 frame_us=26959 tear_sync=1 frame_reused=1 pass=1
[11:36:18] TINYDRAW_PANSEQ_FRAME zoom=400 step=9 dx=24 dy=18 scroll_us=12 exposed_compose_us=3 tear_wait_us=1667 present_us=26203 prepare_us=6413 staging_us=5846 event_submit_us=2818 event_complete_us=3388 frame_us=27954 tear_sync=1 frame_reused=1 pass=1
[11:36:18] TINYDRAW_PANSEQ_FRAME zoom=400 step=10 dx=24 dy=18 scroll_us=13 exposed_compose_us=3 tear_wait_us=8 present_us=26863 prepare_us=6595 staging_us=6588 event_submit_us=926 event_complete_us=1640 frame_us=26955 tear_sync=1 frame_reused=1 pass=1
[11:36:18] TINYDRAW_PANSEQ_FRAME zoom=400 step=11 dx=24 dy=18 scroll_us=13 exposed_compose_us=2 tear_wait_us=8 present_us=27863 prepare_us=6602 staging_us=6298 event_submit_us=895 event_complete_us=1602 frame_us=27956 tear_sync=1 frame_reused=1 pass=1
[11:36:18] TINYDRAW_PANSEQ_FRAME zoom=400 step=12 dx=24 dy=18 scroll_us=13 exposed_compose_us=3 tear_wait_us=2732 present_us=26139 prepare_us=6569 staging_us=6033 event_submit_us=3899 event_complete_us=4479 frame_us=28959 tear_sync=1 frame_reused=1 pass=1
[11:36:18] TINYDRAW_PANSEQ_FRAME zoom=400 step=13 dx=24 dy=18 scroll_us=13 exposed_compose_us=2 tear_wait_us=8 present_us=27860 prepare_us=6716 staging_us=6285 event_submit_us=950 event_complete_us=1725 frame_us=27953 tear_sync=1 frame_reused=1 pass=1
[11:36:18] TINYDRAW_PANSEQ_FRAME zoom=400 step=14 dx=24 dy=18 scroll_us=13 exposed_compose_us=3 tear_wait_us=7 present_us=26863 prepare_us=6507 staging_us=6226 event_submit_us=476 event_complete_us=605 frame_us=26957 tear_sync=1 frame_reused=1 pass=1
[11:36:18] TINYDRAW_PANSEQ_FRAME zoom=400 step=15 dx=24 dy=18 scroll_us=13 exposed_compose_us=3 tear_wait_us=2812 present_us=27059 prepare_us=6461 staging_us=5838 event_submit_us=4006 event_complete_us=4585 frame_us=29958 tear_sync=1 frame_reused=1 pass=1
[11:36:18] TINYDRAW_PANSEQ_FRAME zoom=400 step=16 dx=72 dy=54 scroll_us=13 exposed_compose_us=3 tear_wait_us=7 present_us=35859 prepare_us=6511 staging_us=5558 event_submit_us=832 event_complete_us=885 frame_us=35952 tear_sync=1 frame_reused=1 pass=1
[11:36:18] TINYDRAW_PANSEQ_FRAME zoom=400 step=17 dx=72 dy=54 scroll_us=13 exposed_compose_us=3 tear_wait_us=6 present_us=35864 prepare_us=6528 staging_us=5482 event_submit_us=4097 event_complete_us=5733 frame_us=35952 tear_sync=1 frame_reused=1 pass=1
[11:36:18] TINYDRAW_PANSEQ_FRAME zoom=400 step=18 dx=72 dy=54 scroll_us=13 exposed_compose_us=3 tear_wait_us=1688 present_us=34186 prepare_us=6678 staging_us=5224 event_submit_us=3060 event_complete_us=3642 frame_us=35963 tear_sync=1 frame_reused=1 pass=1
[11:36:18] TINYDRAW_PANSEQ_FRAME zoom=400 step=19 dx=72 dy=54 scroll_us=12 exposed_compose_us=3 tear_wait_us=8 present_us=35858 prepare_us=6531 staging_us=4542 event_submit_us=1407 event_complete_us=1987 frame_us=35950 tear_sync=1 frame_reused=1 pass=1
[11:36:18] TINYDRAW_PANSEQ_FRAME zoom=400 step=20 dx=-72 dy=-54 scroll_us=13 exposed_compose_us=2 tear_wait_us=8 present_us=33864 prepare_us=5698 staging_us=5790 event_submit_us=2161 event_complete_us=2727 frame_us=33956 tear_sync=1 frame_reused=1 pass=1
[11:36:18] TINYDRAW_PANSEQ_FRAME zoom=400 step=21 dx=-72 dy=-54 scroll_us=12 exposed_compose_us=3 tear_wait_us=7 present_us=33865 prepare_us=5728 staging_us=5624 event_submit_us=1650 event_complete_us=1995 frame_us=33957 tear_sync=1 frame_reused=1 pass=1
[11:36:18] TINYDRAW_PANSEQ_FRAME zoom=400 step=22 dx=-72 dy=-54 scroll_us=13 exposed_compose_us=3 tear_wait_us=8 present_us=32862 prepare_us=5839 staging_us=5928 event_submit_us=934 event_complete_us=1038 frame_us=32957 tear_sync=1 frame_reused=1 pass=1
[11:36:18] TINYDRAW_PANSEQ_FRAME zoom=400 step=23 dx=-72 dy=-54 scroll_us=13 exposed_compose_us=3 tear_wait_us=6 present_us=32863 prepare_us=5730 staging_us=5843 event_submit_us=1840 event_complete_us=2312 frame_us=32954 tear_sync=1 frame_reused=1 pass=1
[11:36:18] TINYDRAW_GATE1_PANSEQ zoom=400 frames=24 scroll_avg_us=12 exposed_avg_us=2 tear_wait_avg_us=385 present_avg_us=29317 prepare_avg_us=6478 staging_avg_us=6152 frame_avg_us=29787 frame_p50_us=27953 frame_p95_us=35952 frame_max_us=35963 complete_p50_us=2024 complete_p95_us=4585 complete_max_us=5733 all_reused=1 pass=1
[11:36:18] TINYDRAW_GATE1_DRAW_FILL zoom=400 revision=2140 append_us=1214 poll_gap_us=98 event_submit_us=2427 event_complete_us=2599 max_compute_slice_us=4713 max_display_slice_us=24549 fill_us=273869 revision_restarted=1 pass=1
[11:36:19] TINYDRAW_GATE1_CACHE_FILL zoom=50 x=63 y=63 published=56 total_us=531483 within_cold_gate=0 complete=1
[11:36:19] TINYDRAW_GATE1_CACHE_FILL zoom=100 x=63 y=63 published=56 total_us=499090 within_cold_gate=1 complete=1
[11:36:20] TINYDRAW_GATE1_CACHE_FILL zoom=200 x=63 y=63 published=56 total_us=408228 within_cold_gate=1 complete=1
[11:36:20] TINYDRAW_GATE1_CACHE_FILL zoom=400 x=63 y=63 published=56 total_us=369320 within_cold_gate=1 complete=1
[11:36:20] TINYDRAW_GATE1_CACHE_REVISIT zoom=50 remaining=0 tile_pixels=118128 fallback_pixels=0 compose_us=27350 complete_us=18701 hit=1
[11:36:20] TINYDRAW_GATE1_CACHE_REVISIT zoom=100 remaining=0 tile_pixels=164864 fallback_pixels=0 compose_us=29694 complete_us=18515 hit=1
[11:36:21] TINYDRAW_GATE1_CACHE_REVISIT zoom=200 remaining=0 tile_pixels=164864 fallback_pixels=0 compose_us=30237 complete_us=18350 hit=1
[11:36:21] TINYDRAW_GATE1_CACHE_REVISIT zoom=400 remaining=0 tile_pixels=164607 fallback_pixels=0 compose_us=30923 complete_us=18086 hit=1
[11:36:21] TINYDRAW_GATE1_CACHE_FILL zoom=400 x=575 y=575 published=56 total_us=397237 within_cold_gate=1 complete=1
[11:36:21] TINYDRAW_GATE1_CACHE_ROUND_TRIP zoom=50 from_x=63 from_y=63 via_x=575 via_y=575 remaining=0 tile_pixels=118128 fallback_pixels=0 compose_us=27315 complete_us=18255 hit=1
[11:36:21] TINYDRAW_GATE1_CACHE_ROUND_TRIP zoom=100 from_x=63 from_y=63 via_x=575 via_y=575 remaining=0 tile_pixels=164864 fallback_pixels=0 compose_us=29524 complete_us=18014 hit=1
[11:36:21] TINYDRAW_GATE1_CACHE_ROUND_TRIP zoom=200 from_x=63 from_y=63 via_x=575 via_y=575 remaining=0 tile_pixels=164864 fallback_pixels=0 compose_us=30325 complete_us=18758 hit=1
[11:36:21] TINYDRAW_GATE1_CACHE_ROUND_TRIP zoom=400 from_x=63 from_y=63 via_x=575 via_y=575 remaining=0 tile_pixels=164607 fallback_pixels=0 compose_us=31047 complete_us=18511 hit=1
[11:36:21] TINYDRAW_GATE1_CACHE_RETENTION pass=1 slots=384 revision=2140
[11:36:23] TINYDRAW_PAPER_SWEEP zoom=100 identities=644 raw=266 uniform=378 fallback=0 slots=384 total_us=1437014 pass=1
[11:36:28] TINYDRAW_GATE1_CACHE_TOUR slots=384 stops=16 forward_steps=2306 forward_tiles=832 forward_wall_us=2312873 return_missing_tiles=0 return_steps=16 return_tiles=0 return_wall_us=39684 home_missing=0 home_fallback_pixels=0 pass=1
[11:36:28] TINYDRAW_GATE1_MIXED_DRAW_WARM zoom=50 fill_tiles=56 fill_us=444654 raw=42 uniform=14
[11:36:29] TINYDRAW_GATE1_MIXED_DRAW_WARM zoom=100 fill_tiles=56 fill_us=411105 raw=56 uniform=0
[11:36:29] TINYDRAW_GATE1_MIXED_DRAW_WARM zoom=200 fill_tiles=56 fill_us=374306 raw=56 uniform=0
[11:36:29] TINYDRAW_GATE1_MIXED_DRAW_WARM zoom=400 fill_tiles=42 fill_us=254064 raw=42 uniform=0
[11:36:30] TINYDRAW_GATE1_MIXED_DRAW zoom=25 tool=pen chunks=50 append_max_us=9311 append_avg_us=8127 append_total_us=406369 affected_tiles=196 published=0 fallback=196 committed=1 authority=1 refresh=1 run_ok=1 pass=1
[11:36:31] TINYDRAW_GATE1_MIXED_DRAW zoom=25 tool=eraser chunks=50 append_max_us=9459 append_avg_us=8078 append_total_us=403907 affected_tiles=0 published=0 fallback=0 committed=1 authority=1 refresh=1 run_ok=1 pass=1
[11:36:33] TINYDRAW_GATE1_MIXED_DRAW zoom=50 tool=pen chunks=50 append_max_us=11946 append_avg_us=9866 append_total_us=493326 affected_tiles=422 published=400 fallback=22 committed=1 authority=1 refresh=1 run_ok=1 pass=1
[11:36:33] TINYDRAW_GATE1_MIXED_DRAW zoom=50 tool=eraser chunks=50 append_max_us=10573 append_avg_us=9598 append_total_us=479948 affected_tiles=405 published=405 fallback=0 committed=1 authority=1 refresh=1 run_ok=1 pass=1
[11:36:35] TINYDRAW_GATE1_MIXED_DRAW zoom=100 tool=pen chunks=50 append_max_us=9980 append_avg_us=8208 append_total_us=410438 affected_tiles=450 published=398 fallback=52 committed=1 authority=1 refresh=1 run_ok=1 pass=1
[11:36:36] TINYDRAW_GATE1_MIXED_DRAW zoom=100 tool=eraser chunks=50 append_max_us=8860 append_avg_us=7981 append_total_us=399084 affected_tiles=399 published=399 fallback=0 committed=1 authority=1 refresh=1 run_ok=1 pass=1
[11:36:37] TINYDRAW_GATE1_MIXED_DRAW zoom=200 tool=pen chunks=50 append_max_us=9346 append_avg_us=7649 append_total_us=382497 affected_tiles=425 published=389 fallback=36 committed=1 authority=1 refresh=1 run_ok=1 pass=1
[11:36:38] TINYDRAW_GATE1_MIXED_DRAW zoom=200 tool=eraser chunks=50 append_max_us=8489 append_avg_us=7392 append_total_us=369620 affected_tiles=388 published=388 fallback=0 committed=1 authority=1 refresh=1 run_ok=1 pass=1
[11:36:39] TINYDRAW_GATE1_MIXED_DRAW zoom=400 tool=pen chunks=50 append_max_us=8775 append_avg_us=7102 append_total_us=355132 affected_tiles=358 published=334 fallback=24 committed=1 authority=1 refresh=1 run_ok=1 pass=1
[11:36:40] TINYDRAW_GATE1_MIXED_DRAW zoom=400 tool=eraser chunks=50 append_max_us=7867 append_avg_us=6942 append_total_us=347136 affected_tiles=350 published=350 fallback=0 committed=1 authority=1 refresh=1 run_ok=1 pass=1
[11:36:40] TINYDRAW_GATE1_MIXED_DRAW_REVISIT zoom=50 missing=4 refill_tiles=4 refill_us=137820
[11:36:40] TINYDRAW_GATE1_MIXED_DRAW_REVISIT zoom=100 missing=9 refill_tiles=9 refill_us=234832
[11:36:41] TINYDRAW_GATE1_MIXED_DRAW_REVISIT zoom=200 missing=16 refill_tiles=16 refill_us=241460
[11:36:41] TINYDRAW_GATE1_MIXED_DRAW_REVISIT zoom=400 missing=0 refill_tiles=0 refill_us=889
[11:36:41] TINYDRAW_GATE1_MIXED_DRAW_SUMMARY slots=384 strokes=10 worst_append_us=11946 pass=1
[11:36:46] TINYDRAW_GATE1_IDLE_REPAIR damaged=588 remaining=0 plan_views=24 steps=4100 repair_us=3556784 worst_step_us=7551 warm_tiles=56 pass=1
[11:36:47] TINYDRAW_HAIRLINE_DOC ops=740 samples=7279 append_total_us=806177 append_max_us=5778
[11:36:47] TINYDRAW_HAIRLINE_COLD zoom=100 wall_us=237647 steps=209 tiles=56 worst_step_us=8162
[11:36:47] TINYDRAW_HAIRLINE_COLD zoom=400 wall_us=189316 steps=194 tiles=48 worst_step_us=7705
[11:36:50] TINYDRAW_HAIRLINE_REPAIR steps=2109 wall_us=2164844 worst_step_us=8640 resident=354/384 grid_stopped=1 pass2_steps=8 pass2_wall_us=11108 no_churn=1
[11:36:52] TINYDRAW_HAIRLINE_TOUR stops=8 total_us=1467495 worst_stop_us=256695 worst_step_us=10524
[11:36:52] TINYDRAW_GATE1_HAIRLINE raw=275 uniform=69 fallback=300 capacity=384 worst_step_us=10524 grid_stopped=1 pass=1
[11:36:54] TINYDRAW_GATE1_LONG_GESTURE path=reference samples=1600 chunks=26 append_total_us=684485 append_max_us=32971 append_avg_us=26326 refresh_fallback_pixels=0 settled_fallback_pixels=0 committed=1 authority=1 refresh=1 run_ok=1
[11:36:54] TINYDRAW_GATE1_LONG_GESTURE path=in_place samples=1600 chunks=52 append_total_us=351733 append_max_us=8343 append_avg_us=6764 refresh_fallback_pixels=0 settled_fallback_pixels=0 committed=1 authority=1 refresh=1 run_ok=1
[11:36:54] TINYDRAW_V2_EXPORT_PROGRESS row=0 of=1792
[11:36:54] TINYDRAW_V2_EXPORT_PROGRESS row=256 of=1792
[11:36:55] TINYDRAW_V2_EXPORT_PROGRESS row=512 of=1792
[11:36:56] TINYDRAW_V2_EXPORT_PROGRESS row=768 of=1792
[11:36:57] TINYDRAW_V2_EXPORT_PROGRESS row=1024 of=1792
[11:36:58] TINYDRAW_V2_EXPORT_PROGRESS row=1280 of=1792
[11:36:58] TINYDRAW_V2_EXPORT_PROGRESS row=1536 of=1792
[11:36:58] E (56751) task_wdt: Task watchdog got triggered. The following tasks/users did not reset the watchdog in time:
[11:36:58] E (56751) task_wdt:  - IDLE0 (CPU 0)
[11:36:58] E (56751) task_wdt: Tasks currently running:
[11:36:58] E (56751) task_wdt: CPU 0: main
[11:36:58] E (56751) task_wdt: CPU 1: IDLE1
[11:36:58] E (56751) task_wdt: Print CPU 0 (current core) backtrace
[11:36:58] 
[11:36:58] 
[11:36:59] Backtrace: 0x42037925:0x3FC95A10 0x403787AD:0x3FC95A50 0x4203D2E5:0x3FC9CCC0 0x4201F20B:0x3FC9CD20 0x4201F53E:0x3FC9CD60 0x4201C175:0x3FC9CD80 0x42013105:0x3FC9CDE0 0x42013321:0x3FC9CE90 0x4200FF07:0x3FC9CEC0 0x4201A630:0x3FC9CF30 0x4200C3E4:0x3FC9D420 0x4200FDEF:0x3FC9EB00 0x4200796A:0x3FC9EB20
[11:36:59] 
[11:36:59] TINYDRAW_GATE1_EXPORT encoded=1 bytes=40045 elapsed_us=5779240 workspace_bytes=50652 band_bytes=376832 free_psram=2515156 free_internal=242524 signature=1 dimensions=1 pass=1
[11:36:59] TINYDRAW_EXPORT_RESERVE requested=1572864 free_before=2515156 largest_before=2490368 free_held=942288 largest_held=933888 pass=1
[11:36:59] TINYDRAW_GATE1_AUTOMATED_DONE stress=1 stress_100=1 stress_400=1 overlap_ready=1 overlap_cold=1 adversarial_ready=1 adversarial_cold=1 workload=1 paced_cold=1 hard_100=1 hard_400=1 pan_100=1 pan_400=1 pan_seq=1 live_overlay=1 draw_fill=1 cache=1 full_world_cache=1 cache_tour=1 mixed_draw=1 idle_repair=1 hairline=1 long_gesture=1 export_encode=1 export_reserve=1 return=1 ssaa_receipt=yellow
[11:36:59] TINYDRAW_VECTOR_V2_GATE_HARNESS_DONE pass=1
[11:36:59] TINYDRAW_VECTOR_V2_READY zoom=25 controls=chrome button=cycle_all_zooms operations_capacity=4000 samples_capacity=80000 live_storage_bytes=5829024 overview_bytes=1318912 raw_tile_bytes=3145728 tile_metadata_bytes=71416 operation_bytes=720000 live_scratch_bytes=572968 free_psram=2515156 largest_psram=2490368 te_edges=3349 te_period_us=16811 te_high_us=579 te_level=0 main_stack_free=5192
