[10:55:49] I (103) esp_image: segment 0: paddr=00010020 vaddr=3c050020 sizeESP-ROM:esp32s3-20210327
[10:55:49] Build:Mar 27 2021
[10:55:49] rst:0x15 (USB_UART_CHIP_RESET),boot:0x2b (SPI_FAST_FLASH_BOOT)
[10:55:49] Saved PC:0x4005706f
[10:55:49] SPIWP:0xee
[10:55:49] mode:DIO, clock div:1
[10:55:49] load:0x3fce2820,len:0x1664
[10:55:49] load:0x403c8700,len:0xf38
[10:55:49] load:0x403cb700,len:0x31e8
[10:55:49] entry 0x403c8930
[10:55:49] I (24) boot: ESP-IDF v6.0.2 2nd stage bootloader
[10:55:49] I (24) boot: compile time Aug 15 2026 10:55:31
[10:55:49] I (25) boot: Multicore bootloader
[10:55:49] I (25) boot: chip revision: v0.2
[10:55:49] I (28) boot: efuse block revision: v1.3
[10:55:49] I (31) qio_mode: Enabling default flash chip QIO
[10:55:49] I (36) boot.esp32s3: Boot SPI Speed : 80MHz
[10:55:49] I (39) boot.esp32s3: SPI Mode       : QIO
[10:55:49] I (43) boot.esp32s3: SPI Flash Size : 16MB
[10:55:49] I (47) boot: Enabling RNG early entropy source...
[10:55:49] I (51) boot: Partition Table:
[10:55:49] I (54) boot: ## Label            Usage          Type ST Offset   Length
[10:55:49] I (60) boot:  0 nvs              WiFi data        01 02 00009000 00006000
[10:55:49] I (67) boot:  1 phy_init         RF data          01 01 0000f000 00001000
[10:55:49] I (73) boot:  2 factory          factory app      00 00 00010000 00100000
[10:55:49] I (80) boot:  3 drawing          Unknown data     01 40 00110000 00300000
[10:55:49] I (86) boot:  4 export           Unknown data     01 41 00410000 00500000
[10:55:49] I (93) boot:  5 coredump         Unknown data     01 03 00910000 00010000
[10:55:49] I (100) boot: End of partition table
[10:55:49] I (103) esp_image: segment 0: paddr=00010020 vaddr=3c050020 size=13e7ch ( 81532) map
[10:55:49] I (123) esp_image: segment 1: paddr=00023ea4 vaddr=3fc94500 size=03764h ( 14180) load
[10:55:49] I (126) esp_image: segment 2: paddr=00027610 vaddr=40374000 size=08a08h ( 35336) load
[10:55:49] I (134) esp_image: segment 3: paddr=00030020 vaddr=42000020 size=45604h (284164) map
[10:55:49] I (178) esp_image: segment 4: paddr=0007562c vaddr=4037ca08 size=07a54h ( 31316) load
[10:55:49] I (185) esp_image: segment 5: paddr=0007d088 vaddr=50000000 size=00024h (    36) load
[10:55:49] I (192) boot: Loaded app from partition at offset 0x10000
[10:55:49] I (193) boot: Disabling RNG early entropy source...
[10:55:49] I (204) octal_psram: vendor id    : 0x0d (AP)
[10:55:49] I (204) octal_psram: dev id       : 0x02 (generation 3)
[10:55:49] I (204) octal_psram: density      : 0x03 (64 Mbit)
[10:55:49] I (206) octal_psram: good-die     : 0x01 (Pass)
[10:55:49] I (210) octal_psram: Latency      : 0x01 (Fixed)
[10:55:49] I (215) octal_psram: VCC          : 0x01 (3V)
[10:55:49] I (219) octal_psram: SRF          : 0x01 (Fast Refresh)
[10:55:49] I (224) octal_psram: BurstType    : 0x01 (Hybrid Wrap)
[10:55:49] I (228) octal_psram: BurstLen     : 0x01 (32 Byte)
[10:55:49] I (233) octal_psram: Readlatency  : 0x02 (10 cycles@Fixed)
[10:55:49] I (238) octal_psram: DriveStrength: 0x00 (1/1)
[10:55:49] I (242) MSPI Timing: Enter psram timing tuning
[10:55:49] I (247) esp_psram: Found 8MB PSRAM device
[10:55:49] I (250) esp_psram: Speed: 80MHz
[10:55:49] I (253) cpu_start: Multicore app
[10:55:50] I (669) esp_psram: SPI SRAM memory test OK
[10:55:50] I (677) cpu_start: GPIO 44 and 43 are used as console UART I/O pins
[10:55:50] I (678) cpu_start: Pro cpu start user code
[10:55:50] I (678) cpu_start: cpu freq: 240000000 Hz
[10:55:50] I (680) app_init: Application information:
[10:55:50] I (683) app_init: Project name:     tinydraw_esp32
[10:55:50] I (688) app_init: App version:      954482b-dirty
[10:55:50] I (692) app_init: Compile time:     Aug 15 2026 10:55:26
[10:55:50] I (697) app_init: ELF file SHA256:  eea277356...
[10:55:50] I (702) app_init: ESP-IDF:          v6.0.2
[10:55:50] I (706) efuse_init: Min chip rev:     v0.0
[10:55:50] I (709) efuse_init: Max chip rev:     v0.99 
[10:55:50] I (713) efuse_init: Chip rev:         v0.2
[10:55:50] I (717) heap_init: Initializing. RAM available for dynamic allocation:
[10:55:50] I (724) heap_init: At 3FC99090 len 00050680 (321 KiB): RAM
[10:55:50] I (729) heap_init: At 3FCE9710 len 00005724 (21 KiB): RAM
[10:55:50] I (734) heap_init: At 3FCF0000 len 00008000 (32 KiB): DRAM
[10:55:50] I (739) heap_init: At 600FE000 len 00001FE8 (7 KiB): RTCRAM
[10:55:50] I (744) esp_psram: Adding pool of 8192K of PSRAM memory to heap allocator
[10:55:50] I (751) spi_flash: detected chip: generic
[10:55:50] I (755) spi_flash: flash io: qio
[10:55:50] I (758) sleep_gpio: Configure to isolate all GPIO pins in sleep state
[10:55:50] I (764) sleep_gpio: Enable automatic switching of GPIO sleep configuration
[10:55:50] I (771) main_task: Started on CPU0
[10:55:50] I (774) main_task: Calling app_main()
[10:55:50] TINYDRAW_PANEL_HARD_RESET=1
[10:55:50] I (971) co5300: version: 2.1.0
[10:55:50] I (972) co5300_spi: LCD panel create success, version: 2.1.0
[10:55:50] W (1052) co5300_spi: The 3Ah command has been used and will be overwritten by external initialization sequence
[10:55:50] I (1153) CST816S: IC id: 183
[10:55:50] TINYDRAW_LIVE_PRESENT kind=startup zoom=25 x=0 y=0 compose_us=36723 scroll_us=0 exposed_compose_us=0 chrome_us=8298 read_submit_us=0 read_complete_us=0 transfer_wait_us=18470 tile_pixels=0 uniform_pixels=0 overview_pixels=164864 fallback_pixels=0 resident_tiles=0 fallback_tiles=0 pushes=11 tear_wait_us=5907 tear_sync=1 frame_reused=0 pass=1
[10:55:51] TINYDRAW_LIVE_STRESS operations=1000 samples=20000 total_us=460631 average_us=460 maximum_us=1085 free_psram=2515156 largest_psram=2490368
[10:55:51] TINYDRAW_LIVE_PRESENT kind=gate_fallback zoom=100 x=0 y=0 compose_us=25311 scroll_us=0 exposed_compose_us=0 chrome_us=7976 read_submit_us=29751 read_complete_us=31350 transfer_wait_us=18159 tile_pixels=0 uniform_pixels=0 overview_pixels=0 fallback_pixels=164864 resident_tiles=0 fallback_tiles=42 pushes=11 tear_wait_us=3274 tear_sync=1 frame_reused=0 pass=1
[10:55:51] TINYDRAW_GATE1_HARD zoom=100 cold=1 operations=1000 samples=20000 steps=192 tiles=42 scanned=12000 rendered=1659 max_supertask_us=9121 presentation_us=68754 total_us=266133 pass=1
[10:55:51] TINYDRAW_LIVE_PRESENT kind=gate_fallback zoom=400 x=0 y=0 compose_us=24572 scroll_us=0 exposed_compose_us=0 chrome_us=7792 read_submit_us=34387 read_complete_us=35996 transfer_wait_us=18521 tile_pixels=0 uniform_pixels=0 overview_pixels=0 fallback_pixels=164864 resident_tiles=0 fallback_tiles=42 pushes=11 tear_wait_us=8665 tear_sync=1 frame_reused=0 pass=1
[10:55:51] TINYDRAW_GATE1_HARD zoom=400 cold=1 operations=1000 samples=20000 steps=196 tiles=42 scanned=12000 rendered=120 max_supertask_us=8430 presentation_us=66691 total_us=203110 pass=1
[10:55:52] TINYDRAW_OVERLAP_WORKLOAD operations=8 samples=1200 radius_world=80
[10:55:52] TINYDRAW_GATE1_PACED_COLD corpus=overlap zoom=50 x=215 y=255 steps=334 tiles=56 compute_us=363854 present_us=84166 touch_us=758 pacing_us=9614 wall_us=458392 max_tick_us=9874 touch_samples=2187 touch_interval_max_us=2048 touch_read_max_us=599 touch_events=0 touch_down=0 touch_up=0 touch_events_ge_8ms=0 touch_event_age_max_us=0 touch_errors=0 touch_overflows=0 pass=1
[10:55:53] TINYDRAW_GATE1_PACED_COLD corpus=overlap zoom=100 x=583 y=703 steps=172 tiles=48 compute_us=226824 present_us=80576 touch_us=538 pacing_us=7232 wall_us=315170 max_tick_us=10013 touch_samples=390 touch_interval_max_us=1954 touch_read_max_us=512 touch_events=0 touch_down=0 touch_up=0 touch_events_ge_8ms=0 touch_event_age_max_us=0 touch_errors=0 touch_overflows=0 pass=1
[10:55:53] TINYDRAW_GATE1_PACED_COLD corpus=overlap zoom=200 x=1319 y=1599 steps=128 tiles=56 compute_us=228019 present_us=77229 touch_us=468 pacing_us=5242 wall_us=310958 max_tick_us=9438 touch_samples=398 touch_interval_max_us=1926 touch_read_max_us=525 touch_events=0 touch_down=0 touch_up=0 touch_events_ge_8ms=0 touch_event_age_max_us=0 touch_errors=0 touch_overflows=0 pass=1
[10:55:54] TINYDRAW_GATE1_PACED_COLD corpus=overlap zoom=400 x=2791 y=3391 steps=94 tiles=56 compute_us=214497 present_us=80745 touch_us=448 pacing_us=6277 wall_us=301967 max_tick_us=9696 touch_samples=394 touch_interval_max_us=1176 touch_read_max_us=452 touch_events=0 touch_down=0 touch_up=0 touch_events_ge_8ms=0 touch_event_age_max_us=0 touch_errors=0 touch_overflows=0 pass=1
[10:55:54] TINYDRAW_ADVERSARIAL_TAPERED_WORKLOAD operations=128 samples=4096 erasers=12 load_us=223307 appended=1
[10:55:54] TINYDRAW_GATE1_PACED_COLD corpus=adversarial_tapered_4x zoom=50 x=0 y=0 steps=104 tiles=42 compute_us=96334 present_us=63235 touch_us=350 pacing_us=4535 wall_us=164454 max_tick_us=7796 touch_samples=517 touch_interval_max_us=1168 touch_read_max_us=449 touch_events=0 touch_down=0 touch_up=0 touch_events_ge_8ms=0 touch_event_age_max_us=0 touch_errors=0 touch_overflows=0 pass=1
[10:55:54] TINYDRAW_GATE1_PACED_COLD corpus=adversarial_tapered_4x zoom=100 x=0 y=0 steps=348 tiles=42 compute_us=161230 present_us=61619 touch_us=471 pacing_us=7834 wall_us=231154 max_tick_us=8221 touch_samples=318 touch_interval_max_us=1177 touch_read_max_us=438 touch_events=0 touch_down=0 touch_up=0 touch_events_ge_8ms=0 touch_event_age_max_us=0 touch_errors=0 touch_overflows=0 pass=1
[10:55:56] TINYDRAW_GATE1_PACED_COLD corpus=adversarial_tapered_4x zoom=200 x=0 y=0 steps=1214 tiles=42 compute_us=449606 present_us=63596 touch_us=1053 pacing_us=17059 wall_us=531314 max_tick_us=8763 touch_samples=619 touch_interval_max_us=1159 touch_read_max_us=446 touch_events=0 touch_down=0 touch_up=0 touch_events_ge_8ms=0 touch_event_age_max_us=0 touch_errors=0 touch_overflows=0 pass=1
[10:55:56] TINYDRAW_GATE1_PACED_COLD corpus=adversarial_tapered_4x zoom=400 x=0 y=0 steps=904 tiles=42 compute_us=554785 present_us=68831 touch_us=1122 pacing_us=15835 wall_us=640573 max_tick_us=9204 touch_samples=731 touch_interval_max_us=1201 touch_read_max_us=469 touch_events=0 touch_down=0 touch_up=0 touch_events_ge_8ms=0 touch_event_age_max_us=0 touch_errors=0 touch_overflows=0 pass=1
[10:55:56] TINYDRAW_GATE1_WORKLOAD kind=realistic seed=7 operations=1000 samples=19844 maximum_stroke=198 load_us=367442 raw_source=1 lod_copies=0
[10:55:57] TINYDRAW_GATE1_PACED_COLD corpus=seed7 zoom=400 x=63 y=63 steps=281 tiles=56 compute_us=268567 present_us=86477 touch_us=560 pacing_us=7766 wall_us=363370 max_tick_us=12509 touch_samples=930 touch_interval_max_us=1909 touch_read_max_us=535 touch_events=0 touch_down=0 touch_up=0 touch_events_ge_8ms=0 touch_event_age_max_us=0 touch_errors=0 touch_overflows=0 pass=1
[10:55:57] TINYDRAW_LIVE_PRESENT kind=gate_fallback zoom=100 x=0 y=0 compose_us=25404 scroll_us=0 exposed_compose_us=0 chrome_us=7866 read_submit_us=27325 read_complete_us=28935 transfer_wait_us=18528 tile_pixels=0 uniform_pixels=0 overview_pixels=0 fallback_pixels=164864 resident_tiles=0 fallback_tiles=42 pushes=11 tear_wait_us=701 tear_sync=1 frame_reused=0 pass=1
[10:55:57] TINYDRAW_GATE1_HARD zoom=100 cold=1 operations=1000 samples=19844 steps=275 tiles=42 scanned=12000 rendered=5232 max_supertask_us=9285 presentation_us=69267 total_us=373535 pass=1
[10:55:57] TINYDRAW_GATE1_LIVE_OVERLAY clear_updates=47 clear_wall_max_us=2941 clear_submit_max_us=2193 clear_complete_max_us=2237 overlay_updates=26 overlay_wall_max_us=2926 overlay_submit_max_us=2345 overlay_complete_max_us=2383 overlay_chrome_max_us=0 clear_failures=0 overlay_failures=0 pass=1
[10:55:58] TINYDRAW_GATE1_PAN zoom=100 from_x=0 from_y=0 to_x=88 to_y=88 compose_us=16 scroll_us=13 exposed_compose_us=3 chrome_us=6620 event_submit_us=1964 event_complete_us=2692 transfer_us=43761 setup=1 present=1 moved=1 frame_reused=1 pass=1
[10:55:58] TINYDRAW_LIVE_PRESENT kind=gate_fallback zoom=400 x=0 y=0 compose_us=24640 scroll_us=0 exposed_compose_us=0 chrome_us=7837 read_submit_us=38248 read_complete_us=39852 transfer_wait_us=17999 tile_pixels=0 uniform_pixels=0 overview_pixels=0 fallback_pixels=164864 resident_tiles=0 fallback_tiles=42 pushes=11 tear_wait_us=12419 tear_sync=1 frame_reused=0 pass=1
[10:55:58] TINYDRAW_GATE1_HARD zoom=400 cold=1 operations=1000 samples=19844 steps=211 tiles=42 scanned=12000 rendered=591 max_supertask_us=10799 presentation_us=68159 total_us=263027 pass=1
[10:55:59] TINYDRAW_GATE1_PAN zoom=400 from_x=0 from_y=0 to_x=88 to_y=88 compose_us=15 scroll_us=12 exposed_compose_us=3 chrome_us=6543 event_submit_us=1877 event_complete_us=2604 transfer_us=43841 setup=1 present=1 moved=1 frame_reused=1 pass=1
[10:56:02] TINYDRAW_PANSEQ_FRAME zoom=100 step=0 dx=24 dy=18 scroll_us=18 exposed_compose_us=3 tear_wait_us=7 present_us=33422 prepare_us=6642 staging_us=13636 event_submit_us=1355 event_complete_us=2082 frame_us=33542 tear_sync=1 frame_reused=1 pass=1
[10:56:02] TINYDRAW_PANSEQ_FRAME zoom=100 step=1 dx=24 dy=18 scroll_us=9 exposed_compose_us=3 tear_wait_us=8 present_us=33860 prepare_us=6499 staging_us=13617 event_submit_us=1313 event_complete_us=2040 frame_us=33954 tear_sync=1 frame_reused=1 pass=1
[10:56:02] TINYDRAW_PANSEQ_FRAME zoom=100 step=2 dx=24 dy=18 scroll_us=12 exposed_compose_us=3 tear_wait_us=8 present_us=33858 prepare_us=6524 staging_us=13761 event_submit_us=1337 event_complete_us=2065 frame_us=33955 tear_sync=1 frame_reused=1 pass=1
[10:56:02] TINYDRAW_PANSEQ_FRAME zoom=100 step=3 dx=24 dy=18 scroll_us=12 exposed_compose_us=2 tear_wait_us=8 present_us=33858 prepare_us=6676 staging_us=13294 event_submit_us=1282 event_complete_us=1797 frame_us=33955 tear_sync=1 frame_reused=1 pass=1
[10:56:02] TINYDRAW_PANSEQ_FRAME zoom=100 step=4 dx=24 dy=18 scroll_us=11 exposed_compose_us=3 tear_wait_us=7 present_us=33860 prepare_us=6598 staging_us=13398 event_submit_us=956 event_complete_us=1021 frame_us=33956 tear_sync=1 frame_reused=1 pass=1
[10:56:02] TINYDRAW_PANSEQ_FRAME zoom=100 step=5 dx=24 dy=18 scroll_us=11 exposed_compose_us=3 tear_wait_us=8 present_us=33860 prepare_us=6471 staging_us=13795 event_submit_us=1597 event_complete_us=2750 frame_us=33955 tear_sync=1 frame_reused=1 pass=1
[10:56:02] TINYDRAW_PANSEQ_FRAME zoom=100 step=6 dx=24 dy=18 scroll_us=11 exposed_compose_us=3 tear_wait_us=8 present_us=33857 prepare_us=6575 staging_us=13824 event_submit_us=1520 event_complete_us=2673 frame_us=33957 tear_sync=1 frame_reused=1 pass=1
[10:56:02] TINYDRAW_PANSEQ_FRAME zoom=100 step=7 dx=24 dy=18 scroll_us=11 exposed_compose_us=3 tear_wait_us=8 present_us=34859 prepare_us=6378 staging_us=14004 event_submit_us=1589 event_complete_us=2735 frame_us=34954 tear_sync=1 frame_reused=1 pass=1
[10:56:02] TINYDRAW_PANSEQ_FRAME zoom=100 step=8 dx=24 dy=18 scroll_us=10 exposed_compose_us=3 tear_wait_us=9 present_us=33869 prepare_us=6437 staging_us=13823 event_submit_us=2244 event_complete_us=3396 frame_us=33968 tear_sync=1 frame_reused=1 pass=1
[10:56:02] TINYDRAW_PANSEQ_FRAME zoom=100 step=9 dx=24 dy=18 scroll_us=11 exposed_compose_us=3 tear_wait_us=2615 present_us=34237 prepare_us=6380 staging_us=13739 event_submit_us=3927 event_complete_us=4501 frame_us=36942 tear_sync=1 frame_reused=1 pass=1
[10:56:02] TINYDRAW_PANSEQ_FRAME zoom=100 step=10 dx=24 dy=18 scroll_us=10 exposed_compose_us=3 tear_wait_us=7 present_us=32866 prepare_us=6308 staging_us=13667 event_submit_us=1261 event_complete_us=1841 frame_us=32961 tear_sync=1 frame_reused=1 pass=1
[10:56:02] TINYDRAW_PANSEQ_FRAME zoom=100 step=11 dx=24 dy=18 scroll_us=12 exposed_compose_us=3 tear_wait_us=8 present_us=34856 prepare_us=6710 staging_us=13548 event_submit_us=1354 event_complete_us=1933 frame_us=34953 tear_sync=1 frame_reused=1 pass=1
[10:56:02] TINYDRAW_PANSEQ_FRAME zoom=100 step=12 dx=24 dy=18 scroll_us=12 exposed_compose_us=3 tear_wait_us=8 present_us=33858 prepare_us=6365 staging_us=13662 event_submit_us=1288 event_complete_us=1867 frame_us=33957 tear_sync=1 frame_reused=1 pass=1
[10:56:02] TINYDRAW_PANSEQ_FRAME zoom=100 step=13 dx=24 dy=18 scroll_us=11 exposed_compose_us=2 tear_wait_us=8 present_us=34862 prepare_us=6668 staging_us=13514 event_submit_us=1229 event_complete_us=1661 frame_us=34957 tear_sync=1 frame_reused=1 pass=1
[10:56:02] TINYDRAW_PANSEQ_FRAME zoom=100 step=14 dx=24 dy=18 scroll_us=11 exposed_compose_us=2 tear_wait_us=9 present_us=33858 prepare_us=6461 staging_us=13567 event_submit_us=1192 event_complete_us=1551 frame_us=33956 tear_sync=1 frame_reused=1 pass=1
[10:56:02] TINYDRAW_PANSEQ_FRAME zoom=100 step=15 dx=24 dy=18 scroll_us=12 exposed_compose_us=2 tear_wait_us=8 present_us=34858 prepare_us=6390 staging_us=13793 event_submit_us=1261 event_complete_us=1608 frame_us=34955 tear_sync=1 frame_reused=1 pass=1
[10:56:02] TINYDRAW_PANSEQ_FRAME zoom=100 step=16 dx=72 dy=54 scroll_us=11 exposed_compose_us=3 tear_wait_us=7 present_us=41858 prepare_us=6071 staging_us=14000 event_submit_us=2162 event_complete_us=3482 frame_us=41954 tear_sync=1 frame_reused=1 pass=1
[10:56:02] TINYDRAW_PANSEQ_FRAME zoom=100 step=17 dx=72 dy=54 scroll_us=10 exposed_compose_us=3 tear_wait_us=8 present_us=41858 prepare_us=6297 staging_us=13774 event_submit_us=5201 event_complete_us=6355 frame_us=41953 tear_sync=1 frame_reused=1 pass=1
[10:56:02] TINYDRAW_PANSEQ_FRAME zoom=100 step=18 dx=72 dy=54 scroll_us=12 exposed_compose_us=3 tear_wait_us=9 present_us=40857 prepare_us=6083 staging_us=14048 event_submit_us=2239 event_complete_us=3559 frame_us=40957 tear_sync=1 frame_reused=1 pass=1
[10:56:02] TINYDRAW_PANSEQ_FRAME zoom=100 step=19 dx=72 dy=54 scroll_us=12 exposed_compose_us=3 tear_wait_us=8 present_us=40857 prepare_us=6248 staging_us=13604 event_submit_us=3030 event_complete_us=4183 frame_us=40955 tear_sync=1 frame_reused=1 pass=1
[10:56:02] TINYDRAW_PANSEQ_FRAME zoom=100 step=20 dx=-72 dy=-54 scroll_us=12 exposed_compose_us=3 tear_wait_us=9 present_us=41855 prepare_us=5750 staging_us=13944 event_submit_us=2831 event_complete_us=3190 frame_us=41955 tear_sync=1 frame_reused=1 pass=1
[10:56:02] TINYDRAW_PANSEQ_FRAME zoom=100 step=21 dx=-72 dy=-54 scroll_us=12 exposed_compose_us=3 tear_wait_us=8 present_us=40856 prepare_us=5840 staging_us=13724 event_submit_us=1978 event_complete_us=3131 frame_us=40954 tear_sync=1 frame_reused=1 pass=1
[10:56:02] TINYDRAW_PANSEQ_FRAME zoom=100 step=22 dx=-72 dy=-54 scroll_us=11 exposed_compose_us=3 tear_wait_us=8 present_us=40857 prepare_us=5727 staging_us=13417 event_submit_us=4734 event_complete_us=4786 frame_us=40955 tear_sync=1 frame_reused=1 pass=1
[10:56:02] TINYDRAW_PANSEQ_FRAME zoom=100 step=23 dx=-72 dy=-54 scroll_us=12 exposed_compose_us=3 tear_wait_us=9 present_us=40854 prepare_us=5858 staging_us=13796 event_submit_us=1819 event_complete_us=2545 frame_us=40954 tear_sync=1 frame_reused=1 pass=1
[10:56:02] TINYDRAW_GATE1_PANSEQ zoom=100 frames=24 scroll_avg_us=11 exposed_avg_us=2 tear_wait_avg_us=116 present_avg_us=36439 prepare_avg_us=6331 staging_avg_us=13706 frame_avg_us=36646 frame_p50_us=34953 frame_p95_us=41954 frame_max_us=41955 complete_p50_us=2545 complete_p95_us=4786 complete_max_us=6355 all_reused=1 pass=1
[10:56:05] TINYDRAW_PANSEQ_FRAME zoom=400 step=0 dx=24 dy=18 scroll_us=12 exposed_compose_us=3 tear_wait_us=8 present_us=33790 prepare_us=6570 staging_us=13685 event_submit_us=1293 event_complete_us=2020 frame_us=33894 tear_sync=1 frame_reused=1 pass=1
[10:56:05] TINYDRAW_PANSEQ_FRAME zoom=400 step=1 dx=24 dy=18 scroll_us=10 exposed_compose_us=3 tear_wait_us=7 present_us=33860 prepare_us=6609 staging_us=13310 event_submit_us=1170 event_complete_us=1677 frame_us=33955 tear_sync=1 frame_reused=1 pass=1
[10:56:05] TINYDRAW_PANSEQ_FRAME zoom=400 step=2 dx=24 dy=18 scroll_us=12 exposed_compose_us=3 tear_wait_us=8 present_us=32857 prepare_us=6654 staging_us=13393 event_submit_us=1003 event_complete_us=1137 frame_us=32957 tear_sync=1 frame_reused=1 pass=1
[10:56:05] TINYDRAW_PANSEQ_FRAME zoom=400 step=3 dx=24 dy=18 scroll_us=10 exposed_compose_us=3 tear_wait_us=8 present_us=33859 prepare_us=6724 staging_us=13487 event_submit_us=1361 event_complete_us=2087 frame_us=33954 tear_sync=1 frame_reused=1 pass=1
[10:56:05] TINYDRAW_PANSEQ_FRAME zoom=400 step=4 dx=24 dy=18 scroll_us=11 exposed_compose_us=3 tear_wait_us=9 present_us=32856 prepare_us=6698 staging_us=13212 event_submit_us=1072 event_complete_us=1357 frame_us=32958 tear_sync=1 frame_reused=1 pass=1
[10:56:05] TINYDRAW_PANSEQ_FRAME zoom=400 step=5 dx=24 dy=18 scroll_us=11 exposed_compose_us=3 tear_wait_us=8 present_us=33858 prepare_us=6619 staging_us=13720 event_submit_us=1284 event_complete_us=2011 frame_us=33955 tear_sync=1 frame_reused=1 pass=1
[10:56:05] TINYDRAW_PANSEQ_FRAME zoom=400 step=6 dx=24 dy=18 scroll_us=12 exposed_compose_us=3 tear_wait_us=8 present_us=33857 prepare_us=6523 staging_us=13465 event_submit_us=1274 event_complete_us=1781 frame_us=33957 tear_sync=1 frame_reused=1 pass=1
[10:56:05] TINYDRAW_PANSEQ_FRAME zoom=400 step=7 dx=24 dy=18 scroll_us=10 exposed_compose_us=3 tear_wait_us=8 present_us=33857 prepare_us=6215 staging_us=13587 event_submit_us=1078 event_complete_us=1142 frame_us=33956 tear_sync=1 frame_reused=1 pass=1
[10:56:05] TINYDRAW_PANSEQ_FRAME zoom=400 step=8 dx=24 dy=18 scroll_us=11 exposed_compose_us=3 tear_wait_us=8 present_us=34855 prepare_us=6694 staging_us=13686 event_submit_us=1717 event_complete_us=2870 frame_us=34955 tear_sync=1 frame_reused=1 pass=1
[10:56:05] TINYDRAW_PANSEQ_FRAME zoom=400 step=9 dx=24 dy=18 scroll_us=11 exposed_compose_us=3 tear_wait_us=8 present_us=34858 prepare_us=6617 staging_us=13545 event_submit_us=1706 event_complete_us=2859 frame_us=34955 tear_sync=1 frame_reused=1 pass=1
[10:56:05] TINYDRAW_PANSEQ_FRAME zoom=400 step=10 dx=24 dy=18 scroll_us=12 exposed_compose_us=3 tear_wait_us=2468 present_us=33397 prepare_us=6219 staging_us=13801 event_submit_us=3733 event_complete_us=4313 frame_us=35957 tear_sync=1 frame_reused=1 pass=1
[10:56:05] TINYDRAW_PANSEQ_FRAME zoom=400 step=11 dx=24 dy=18 scroll_us=11 exposed_compose_us=3 tear_wait_us=64 present_us=34802 prepare_us=6123 staging_us=13760 event_submit_us=1519 event_complete_us=2095 frame_us=34956 tear_sync=1 frame_reused=1 pass=1
[10:56:05] TINYDRAW_PANSEQ_FRAME zoom=400 step=12 dx=24 dy=18 scroll_us=12 exposed_compose_us=3 tear_wait_us=8 present_us=33855 prepare_us=6590 staging_us=13578 event_submit_us=1347 event_complete_us=1928 frame_us=33956 tear_sync=1 frame_reused=1 pass=1
[10:56:05] TINYDRAW_PANSEQ_FRAME zoom=400 step=13 dx=24 dy=18 scroll_us=11 exposed_compose_us=3 tear_wait_us=9 present_us=34860 prepare_us=6671 staging_us=13747 event_submit_us=1384 event_complete_us=1965 frame_us=34958 tear_sync=1 frame_reused=1 pass=1
[10:56:05] TINYDRAW_PANSEQ_FRAME zoom=400 step=14 dx=24 dy=18 scroll_us=12 exposed_compose_us=3 tear_wait_us=8 present_us=34858 prepare_us=6464 staging_us=13645 event_submit_us=1255 event_complete_us=1614 frame_us=34958 tear_sync=1 frame_reused=1 pass=1
[10:56:05] TINYDRAW_PANSEQ_FRAME zoom=400 step=15 dx=24 dy=18 scroll_us=10 exposed_compose_us=3 tear_wait_us=9 present_us=34858 prepare_us=6304 staging_us=13207 event_submit_us=1819 event_complete_us=3140 frame_us=34956 tear_sync=1 frame_reused=1 pass=1
[10:56:05] TINYDRAW_PANSEQ_FRAME zoom=400 step=16 dx=72 dy=54 scroll_us=11 exposed_compose_us=3 tear_wait_us=8 present_us=41855 prepare_us=5979 staging_us=13106 event_submit_us=2229 event_complete_us=3550 frame_us=41956 tear_sync=1 frame_reused=1 pass=1
[10:56:05] TINYDRAW_PANSEQ_FRAME zoom=400 step=17 dx=72 dy=54 scroll_us=12 exposed_compose_us=3 tear_wait_us=2372 present_us=41491 prepare_us=6151 staging_us=13616 event_submit_us=4130 event_complete_us=4711 frame_us=43955 tear_sync=1 frame_reused=1 pass=1
[10:56:05] TINYDRAW_PANSEQ_FRAME zoom=400 step=18 dx=72 dy=54 scroll_us=12 exposed_compose_us=3 tear_wait_us=7 present_us=41856 prepare_us=6050 staging_us=13919 event_submit_us=2320 event_complete_us=3641 frame_us=41958 tear_sync=1 frame_reused=1 pass=1
[10:56:05] TINYDRAW_PANSEQ_FRAME zoom=400 step=19 dx=72 dy=54 scroll_us=11 exposed_compose_us=3 tear_wait_us=384 present_us=42478 prepare_us=6292 staging_us=13519 event_submit_us=2347 event_complete_us=2928 frame_us=42955 tear_sync=1 frame_reused=1 pass=1
[10:56:05] TINYDRAW_PANSEQ_FRAME zoom=400 step=20 dx=-72 dy=-54 scroll_us=12 exposed_compose_us=3 tear_wait_us=10 present_us=42853 prepare_us=6019 staging_us=13696 event_submit_us=1760 event_complete_us=1958 frame_us=42955 tear_sync=1 frame_reused=1 pass=1
[10:56:05] TINYDRAW_PANSEQ_FRAME zoom=400 step=21 dx=-72 dy=-54 scroll_us=12 exposed_compose_us=3 tear_wait_us=7 present_us=41855 prepare_us=6099 staging_us=13565 event_submit_us=5381 event_complete_us=5961 frame_us=41955 tear_sync=1 frame_reused=1 pass=1
[10:56:05] TINYDRAW_PANSEQ_FRAME zoom=400 step=22 dx=-72 dy=-54 scroll_us=12 exposed_compose_us=3 tear_wait_us=8 present_us=41858 prepare_us=5901 staging_us=13864 event_submit_us=1875 event_complete_us=2603 frame_us=41959 tear_sync=1 frame_reused=1 pass=1
[10:56:05] TINYDRAW_PANSEQ_FRAME zoom=400 step=23 dx=-72 dy=-54 scroll_us=12 exposed_compose_us=2 tear_wait_us=9 present_us=40854 prepare_us=6123 staging_us=13602 event_submit_us=5242 event_complete_us=5822 frame_us=40955 tear_sync=1 frame_reused=1 pass=1
[10:56:05] TINYDRAW_GATE1_PANSEQ zoom=400 frames=24 scroll_avg_us=11 exposed_avg_us=2 tear_wait_avg_us=227 present_avg_us=36676 prepare_avg_us=6371 staging_avg_us=13571 frame_avg_us=36995 frame_p50_us=34956 frame_p95_us=42955 frame_max_us=43955 complete_p50_us=2087 complete_p95_us=5822 complete_max_us=5961 all_reused=1 pass=1
[10:56:06] TINYDRAW_GATE1_DRAW_FILL zoom=400 revision=2140 append_us=1236 poll_gap_us=90 event_submit_us=2433 event_complete_us=2596 max_compute_slice_us=4784 max_display_slice_us=24524 fill_us=275354 revision_restarted=1 pass=1
[10:56:07] TINYDRAW_GATE1_CACHE_FILL zoom=50 x=63 y=63 published=56 total_us=540451 within_cold_gate=0 complete=1
[10:56:07] TINYDRAW_GATE1_CACHE_FILL zoom=100 x=63 y=63 published=56 total_us=504101 within_cold_gate=0 complete=1
[10:56:08] TINYDRAW_GATE1_CACHE_FILL zoom=200 x=63 y=63 published=56 total_us=411258 within_cold_gate=1 complete=1
[10:56:08] TINYDRAW_GATE1_CACHE_FILL zoom=400 x=63 y=63 published=56 total_us=370338 within_cold_gate=1 complete=1
[10:56:08] TINYDRAW_GATE1_CACHE_REVISIT zoom=50 remaining=0 tile_pixels=118128 fallback_pixels=0 compose_us=27464 complete_us=18899 hit=1
[10:56:08] TINYDRAW_GATE1_CACHE_REVISIT zoom=100 remaining=0 tile_pixels=164864 fallback_pixels=0 compose_us=29668 complete_us=18703 hit=1
[10:56:08] TINYDRAW_GATE1_CACHE_REVISIT zoom=200 remaining=0 tile_pixels=164864 fallback_pixels=0 compose_us=30357 complete_us=18539 hit=1
[10:56:08] TINYDRAW_GATE1_CACHE_REVISIT zoom=400 remaining=0 tile_pixels=164607 fallback_pixels=0 compose_us=30976 complete_us=18390 hit=1
[10:56:09] TINYDRAW_GATE1_CACHE_FILL zoom=400 x=575 y=575 published=56 total_us=397245 within_cold_gate=1 complete=1
[10:56:09] TINYDRAW_GATE1_CACHE_ROUND_TRIP zoom=50 from_x=63 from_y=63 via_x=575 via_y=575 remaining=0 tile_pixels=118128 fallback_pixels=0 compose_us=27415 complete_us=18900 hit=1
[10:56:09] TINYDRAW_GATE1_CACHE_ROUND_TRIP zoom=100 from_x=63 from_y=63 via_x=575 via_y=575 remaining=0 tile_pixels=164864 fallback_pixels=0 compose_us=29625 complete_us=18727 hit=1
[10:56:09] TINYDRAW_GATE1_CACHE_ROUND_TRIP zoom=200 from_x=63 from_y=63 via_x=575 via_y=575 remaining=0 tile_pixels=164864 fallback_pixels=0 compose_us=30277 complete_us=18565 hit=1
[10:56:09] TINYDRAW_GATE1_CACHE_ROUND_TRIP zoom=400 from_x=63 from_y=63 via_x=575 via_y=575 remaining=0 tile_pixels=164607 fallback_pixels=0 compose_us=31000 complete_us=18380 hit=1
[10:56:09] TINYDRAW_GATE1_CACHE_RETENTION pass=1 slots=384 revision=2140
[10:56:11] TINYDRAW_PAPER_SWEEP zoom=100 identities=644 raw=266 uniform=378 fallback=0 slots=384 total_us=1449250 pass=1
[10:56:15] TINYDRAW_GATE1_CACHE_TOUR slots=384 stops=16 forward_steps=2306 forward_tiles=832 forward_wall_us=2314031 return_missing_tiles=0 return_steps=16 return_tiles=0 return_wall_us=39318 home_missing=0 home_fallback_pixels=0 pass=1
[10:56:16] TINYDRAW_GATE1_MIXED_DRAW_WARM zoom=50 fill_tiles=56 fill_us=452463 raw=42 uniform=14
[10:56:16] TINYDRAW_GATE1_MIXED_DRAW_WARM zoom=100 fill_tiles=56 fill_us=415694 raw=56 uniform=0
[10:56:17] TINYDRAW_GATE1_MIXED_DRAW_WARM zoom=200 fill_tiles=56 fill_us=378368 raw=56 uniform=0
[10:56:17] TINYDRAW_GATE1_MIXED_DRAW_WARM zoom=400 fill_tiles=42 fill_us=255776 raw=42 uniform=0
[10:56:18] TINYDRAW_GATE1_MIXED_DRAW zoom=25 tool=pen chunks=50 append_max_us=9332 append_avg_us=8165 append_total_us=408277 affected_tiles=196 published=0 fallback=196 committed=1 authority=1 refresh=1 run_ok=1 pass=1
[10:56:19] TINYDRAW_GATE1_MIXED_DRAW zoom=25 tool=eraser chunks=50 append_max_us=9429 append_avg_us=8112 append_total_us=405629 affected_tiles=0 published=0 fallback=0 committed=1 authority=1 refresh=1 run_ok=1 pass=1
[10:56:21] TINYDRAW_GATE1_MIXED_DRAW zoom=50 tool=pen chunks=50 append_max_us=12037 append_avg_us=9911 append_total_us=495561 affected_tiles=422 published=400 fallback=22 committed=1 authority=1 refresh=1 run_ok=1 pass=1
[10:56:21] TINYDRAW_GATE1_MIXED_DRAW zoom=50 tool=eraser chunks=50 append_max_us=10628 append_avg_us=9652 append_total_us=482632 affected_tiles=405 published=405 fallback=0 committed=1 authority=1 refresh=1 run_ok=1 pass=1
[10:56:23] TINYDRAW_GATE1_MIXED_DRAW zoom=100 tool=pen chunks=50 append_max_us=10019 append_avg_us=8258 append_total_us=412925 affected_tiles=450 published=398 fallback=52 committed=1 authority=1 refresh=1 run_ok=1 pass=1
[10:56:24] TINYDRAW_GATE1_MIXED_DRAW zoom=100 tool=eraser chunks=50 append_max_us=8969 append_avg_us=8023 append_total_us=401167 affected_tiles=399 published=399 fallback=0 committed=1 authority=1 refresh=1 run_ok=1 pass=1
[10:56:25] TINYDRAW_GATE1_MIXED_DRAW zoom=200 tool=pen chunks=50 append_max_us=9482 append_avg_us=7695 append_total_us=384783 affected_tiles=425 published=389 fallback=36 committed=1 authority=1 refresh=1 run_ok=1 pass=1
[10:56:26] TINYDRAW_GATE1_MIXED_DRAW zoom=200 tool=eraser chunks=50 append_max_us=8546 append_avg_us=7424 append_total_us=371238 affected_tiles=388 published=388 fallback=0 committed=1 authority=1 refresh=1 run_ok=1 pass=1
[10:56:27] TINYDRAW_GATE1_MIXED_DRAW zoom=400 tool=pen chunks=50 append_max_us=8880 append_avg_us=7127 append_total_us=356355 affected_tiles=358 published=334 fallback=24 committed=1 authority=1 refresh=1 run_ok=1 pass=1
[10:56:28] TINYDRAW_GATE1_MIXED_DRAW zoom=400 tool=eraser chunks=50 append_max_us=7889 append_avg_us=6969 append_total_us=348472 affected_tiles=350 published=350 fallback=0 committed=1 authority=1 refresh=1 run_ok=1 pass=1
[10:56:28] TINYDRAW_GATE1_MIXED_DRAW_REVISIT zoom=50 missing=4 refill_tiles=4 refill_us=138591
[10:56:28] TINYDRAW_GATE1_MIXED_DRAW_REVISIT zoom=100 missing=9 refill_tiles=9 refill_us=235813
[10:56:29] TINYDRAW_GATE1_MIXED_DRAW_REVISIT zoom=200 missing=16 refill_tiles=16 refill_us=241178
[10:56:29] TINYDRAW_GATE1_MIXED_DRAW_REVISIT zoom=400 missing=0 refill_tiles=0 refill_us=869
[10:56:29] TINYDRAW_GATE1_MIXED_DRAW_SUMMARY slots=384 strokes=10 worst_append_us=12037 pass=1
[10:56:34] TINYDRAW_GATE1_IDLE_REPAIR damaged=588 remaining=0 plan_views=24 steps=4100 repair_us=3535991 worst_step_us=7528 warm_tiles=56 pass=1
[10:56:35] TINYDRAW_GATE1_LONG_GESTURE path=reference samples=1600 chunks=26 append_total_us=685214 append_max_us=32923 append_avg_us=26354 refresh_fallback_pixels=0 settled_fallback_pixels=0 committed=1 authority=1 refresh=1 run_ok=1
[10:56:35] TINYDRAW_GATE1_LONG_GESTURE path=in_place samples=1600 chunks=52 append_total_us=355905 append_max_us=8387 append_avg_us=6844 refresh_fallback_pixels=0 settled_fallback_pixels=0 committed=1 authority=1 refresh=1 run_ok=1
[10:56:35] TINYDRAW_V2_EXPORT_PROGRESS row=0 of=1792
[10:56:36] TINYDRAW_V2_EXPORT_PROGRESS row=256 of=1792
[10:56:37] TINYDRAW_V2_EXPORT_PROGRESS row=512 of=1792
[10:56:38] TINYDRAW_V2_EXPORT_PROGRESS row=768 of=1792
[10:56:39] TINYDRAW_V2_EXPORT_PROGRESS row=1024 of=1792
[10:56:40] TINYDRAW_V2_EXPORT_PROGRESS row=1280 of=1792
[10:56:40] TINYDRAW_V2_EXPORT_PROGRESS row=1536 of=1792
[10:56:40] E (51387) task_wdt: Task watchdog got triggered. The following tasks/users did not reset the watchdog in time:
[10:56:40] E (51387) task_wdt:  - IDLE0 (CPU 0)
[10:56:40] E (51387) task_wdt: Tasks currently running:
[10:56:40] E (51387) task_wdt: CPU 0: main
[10:56:40] E (51387) task_wdt: CPU 1: IDLE1
[10:56:40] E (51387) task_wdt: Print CPU 0 (current core) backtrace
[10:56:40] 
[10:56:40] 
[10:56:40] Backtrace: 0x42036501:0x3FC95A10 0x403787AD:0x3FC95A50 0x4203BE63:0x3FC9CCD0 0x4201E1B3:0x3FC9CD30 0x4201E4E6:0x3FC9CD70 0x4201B11D:0x3FC9CD90 0x4201303D:0x3FC9CDF0 0x42013259:0x3FC9CEA0 0x4200FF9B:0x3FC9CED0 0x42019645:0x3FC9CF40 0x4200C478:0x3FC9D420 0x4200FE83:0x3FC9EB00 0x420079FE:0x3FC9EB20
[10:56:40] 
[10:56:41] TINYDRAW_GATE1_EXPORT encoded=1 bytes=40045 elapsed_us=5826145 workspace_bytes=50652 band_bytes=376832 free_psram=2515156 free_internal=242524 signature=1 dimensions=1 pass=1
[10:56:41] TINYDRAW_EXPORT_RESERVE requested=1572864 free_before=2515156 largest_before=2490368 free_held=942288 largest_held=933888 pass=1
[10:56:41] TINYDRAW_GATE1_AUTOMATED_DONE stress=1 stress_100=1 stress_400=1 overlap_ready=1 overlap_cold=1 adversarial_ready=1 adversarial_cold=1 workload=1 paced_cold=1 hard_100=1 hard_400=1 pan_100=1 pan_400=1 pan_seq=1 live_overlay=1 draw_fill=1 cache=1 full_world_cache=1 cache_tour=1 mixed_draw=1 idle_repair=1 long_gesture=1 export_encode=1 export_reserve=1 return=1 ssaa_receipt=yellow
[10:56:41] TINYDRAW_VECTOR_V2_GATE_HARNESS_DONE pass=1
[10:56:41] TINYDRAW_VECTOR_V2_READY zoom=25 controls=chrome button=cycle_all_zooms operations_capacity=4000 samples_capacity=80000 live_storage_bytes=5829024 overview_bytes=1318912 raw_tile_bytes=3145728 tile_metadata_bytes=71416 operation_bytes=720000 live_scratch_bytes=572968 free_psram=2515156 largest_psram=2490368 te_edges=3038 te_period_us=16776 te_high_us=577 te_level=0 main_stack_free=5208
