[11:09:41] I (103) esp_image: segment 0: paddr=00010020 vaddr=3c050020 sizeESP-ROM:esp32s3-20210327
[11:09:41] Build:Mar 27 2021
[11:09:41] rst:0x15 (USB_UART_CHIP_RESET),boot:0x2b (SPI_FAST_FLASH_BOOT)
[11:09:41] Saved PC:0x420085b3
[11:09:41] SPIWP:0xee
[11:09:41] mode:DIO, clock div:1
[11:09:41] load:0x3fce2820,len:0x1664
[11:09:41] load:0x403c8700,len:0xf38
[11:09:41] load:0x403cb700,len:0x31e8
[11:09:41] entry 0x403c8930
[11:09:41] I (24) boot: ESP-IDF v6.0.2 2nd stage bootloader
[11:09:41] I (24) boot: compile time Aug 15 2026 11:09:26
[11:09:41] I (25) boot: Multicore bootloader
[11:09:41] I (25) boot: chip revision: v0.2
[11:09:41] I (28) boot: efuse block revision: v1.3
[11:09:41] I (31) qio_mode: Enabling default flash chip QIO
[11:09:41] I (36) boot.esp32s3: Boot SPI Speed : 80MHz
[11:09:41] I (39) boot.esp32s3: SPI Mode       : QIO
[11:09:41] I (43) boot.esp32s3: SPI Flash Size : 16MB
[11:09:41] I (47) boot: Enabling RNG early entropy source...
[11:09:41] I (51) boot: Partition Table:
[11:09:41] I (54) boot: ## Label            Usage          Type ST Offset   Length
[11:09:41] I (60) boot:  0 nvs              WiFi data        01 02 00009000 00006000
[11:09:41] I (67) boot:  1 phy_init         RF data          01 01 0000f000 00001000
[11:09:41] I (73) boot:  2 factory          factory app      00 00 00010000 00100000
[11:09:41] I (80) boot:  3 drawing          Unknown data     01 40 00110000 00300000
[11:09:41] I (86) boot:  4 export           Unknown data     01 41 00410000 00500000
[11:09:41] I (93) boot:  5 coredump         Unknown data     01 03 00910000 00010000
[11:09:41] I (100) boot: End of partition table
[11:09:41] I (103) esp_image: segment 0: paddr=00010020 vaddr=3c050020 size=13each ( 81580) map
[11:09:41] I (123) esp_image: segment 1: paddr=00023ed4 vaddr=3fc94500 size=03764h ( 14180) load
[11:09:41] I (126) esp_image: segment 2: paddr=00027640 vaddr=40374000 size=089d8h ( 35288) load
[11:09:41] I (134) esp_image: segment 3: paddr=00030020 vaddr=42000020 size=456e4h (284388) map
[11:09:41] I (178) esp_image: segment 4: paddr=0007570c vaddr=4037c9d8 size=07a84h ( 31364) load
[11:09:41] I (185) esp_image: segment 5: paddr=0007d198 vaddr=50000000 size=00024h (    36) load
[11:09:41] I (192) boot: Loaded app from partition at offset 0x10000
[11:09:41] I (193) boot: Disabling RNG early entropy source...
[11:09:41] I (204) octal_psram: vendor id    : 0x0d (AP)
[11:09:41] I (204) octal_psram: dev id       : 0x02 (generation 3)
[11:09:41] I (204) octal_psram: density      : 0x03 (64 Mbit)
[11:09:41] I (206) octal_psram: good-die     : 0x01 (Pass)
[11:09:41] I (210) octal_psram: Latency      : 0x01 (Fixed)
[11:09:41] I (215) octal_psram: VCC          : 0x01 (3V)
[11:09:41] I (219) octal_psram: SRF          : 0x01 (Fast Refresh)
[11:09:41] I (224) octal_psram: BurstType    : 0x01 (Hybrid Wrap)
[11:09:41] I (228) octal_psram: BurstLen     : 0x01 (32 Byte)
[11:09:41] I (233) octal_psram: Readlatency  : 0x02 (10 cycles@Fixed)
[11:09:41] I (238) octal_psram: DriveStrength: 0x00 (1/1)
[11:09:41] I (242) MSPI Timing: Enter psram timing tuning
[11:09:41] I (247) esp_psram: Found 8MB PSRAM device
[11:09:41] I (250) esp_psram: Speed: 80MHz
[11:09:41] I (253) cpu_start: Multicore app
[11:09:41] I (669) esp_psram: SPI SRAM memory test OK
[11:09:41] I (677) cpu_start: GPIO 44 and 43 are used as console UART I/O pins
[11:09:41] I (678) cpu_start: Pro cpu start user code
[11:09:41] I (678) cpu_start: cpu freq: 240000000 Hz
[11:09:41] I (680) app_init: Application information:
[11:09:41] I (683) app_init: Project name:     tinydraw_esp32
[11:09:41] I (688) app_init: App version:      954482b-dirty
[11:09:41] I (692) app_init: Compile time:     Aug 15 2026 11:09:21
[11:09:41] I (697) app_init: ELF file SHA256:  20a6452c0...
[11:09:41] I (702) app_init: ESP-IDF:          v6.0.2
[11:09:42] I (706) efuse_init: Min chip rev:     v0.0
[11:09:42] I (709) efuse_init: Max chip rev:     v0.99 
[11:09:42] I (713) efuse_init: Chip rev:         v0.2
[11:09:42] I (717) heap_init: Initializing. RAM available for dynamic allocation:
[11:09:42] I (724) heap_init: At 3FC99090 len 00050680 (321 KiB): RAM
[11:09:42] I (729) heap_init: At 3FCE9710 len 00005724 (21 KiB): RAM
[11:09:42] I (734) heap_init: At 3FCF0000 len 00008000 (32 KiB): DRAM
[11:09:42] I (739) heap_init: At 600FE000 len 00001FE8 (7 KiB): RTCRAM
[11:09:42] I (745) esp_psram: Adding pool of 8192K of PSRAM memory to heap allocator
[11:09:42] I (751) spi_flash: detected chip: generic
[11:09:42] I (755) spi_flash: flash io: qio
[11:09:42] I (758) sleep_gpio: Configure to isolate all GPIO pins in sleep state
[11:09:42] I (764) sleep_gpio: Enable automatic switching of GPIO sleep configuration
[11:09:42] I (771) main_task: Started on CPU0
[11:09:42] I (774) main_task: Calling app_main()
[11:09:42] TINYDRAW_PANEL_HARD_RESET=1
[11:09:42] I (971) co5300: version: 2.1.0
[11:09:42] I (972) co5300_spi: LCD panel create success, version: 2.1.0
[11:09:42] W (1052) co5300_spi: The 3Ah command has been used and will be overwritten by external initialization sequence
[11:09:42] I (1153) CST816S: IC id: 183
[11:09:42] TINYDRAW_LIVE_PRESENT kind=startup zoom=25 x=0 y=0 compose_us=36502 scroll_us=0 exposed_compose_us=0 chrome_us=7983 read_submit_us=0 read_complete_us=0 transfer_wait_us=18375 tile_pixels=0 uniform_pixels=0 overview_pixels=164864 fallback_pixels=0 resident_tiles=0 fallback_tiles=0 pushes=11 tear_wait_us=6250 tear_sync=1 frame_reused=0 pass=1
[11:09:42] TINYDRAW_LIVE_STRESS operations=1000 samples=20000 total_us=424945 average_us=424 maximum_us=1052 free_psram=2515156 largest_psram=2490368
[11:09:43] TINYDRAW_LIVE_PRESENT kind=gate_fallback zoom=100 x=0 y=0 compose_us=25235 scroll_us=0 exposed_compose_us=0 chrome_us=7691 read_submit_us=32616 read_complete_us=34228 transfer_wait_us=18024 tile_pixels=0 uniform_pixels=0 overview_pixels=0 fallback_pixels=164864 resident_tiles=0 fallback_tiles=42 pushes=11 tear_wait_us=6195 tear_sync=1 frame_reused=0 pass=1
[11:09:43] TINYDRAW_GATE1_HARD zoom=100 cold=1 operations=1000 samples=20000 steps=192 tiles=42 scanned=12000 rendered=1659 max_supertask_us=9114 presentation_us=69110 total_us=267237 pass=1
[11:09:43] TINYDRAW_LIVE_PRESENT kind=gate_fallback zoom=400 x=0 y=0 compose_us=24590 scroll_us=0 exposed_compose_us=0 chrome_us=7647 read_submit_us=33830 read_complete_us=35442 transfer_wait_us=17870 tile_pixels=0 uniform_pixels=0 overview_pixels=0 fallback_pixels=164864 resident_tiles=0 fallback_tiles=42 pushes=11 tear_wait_us=8054 tear_sync=1 frame_reused=0 pass=1
[11:09:43] TINYDRAW_GATE1_HARD zoom=400 cold=1 operations=1000 samples=20000 steps=196 tiles=42 scanned=12000 rendered=120 max_supertask_us=8409 presentation_us=67432 total_us=204010 pass=1
[11:09:44] TINYDRAW_OVERLAP_WORKLOAD operations=8 samples=1200 radius_world=80
[11:09:44] TINYDRAW_GATE1_PACED_COLD corpus=overlap zoom=50 x=215 y=255 steps=334 tiles=56 compute_us=363232 present_us=85024 touch_us=619 pacing_us=10480 wall_us=459355 max_tick_us=9861 touch_samples=2160 touch_interval_max_us=1904 touch_read_max_us=586 touch_events=0 touch_down=0 touch_up=0 touch_events_ge_8ms=0 touch_event_age_max_us=0 touch_errors=0 touch_overflows=0 pass=1
[11:09:44] TINYDRAW_GATE1_PACED_COLD corpus=overlap zoom=100 x=583 y=703 steps=172 tiles=48 compute_us=226493 present_us=81239 touch_us=361 pacing_us=6027 wall_us=314120 max_tick_us=10020 touch_samples=391 touch_interval_max_us=1807 touch_read_max_us=451 touch_events=0 touch_down=0 touch_up=0 touch_events_ge_8ms=0 touch_event_age_max_us=0 touch_errors=0 touch_overflows=0 pass=1
[11:09:45] TINYDRAW_GATE1_PACED_COLD corpus=overlap zoom=200 x=1319 y=1599 steps=128 tiles=56 compute_us=228078 present_us=77376 touch_us=344 pacing_us=5082 wall_us=310880 max_tick_us=9413 touch_samples=399 touch_interval_max_us=1962 touch_read_max_us=498 touch_events=0 touch_down=0 touch_up=0 touch_events_ge_8ms=0 touch_event_age_max_us=0 touch_errors=0 touch_overflows=0 pass=1
[11:09:45] TINYDRAW_GATE1_PACED_COLD corpus=overlap zoom=400 x=2791 y=3391 steps=94 tiles=56 compute_us=214383 present_us=81028 touch_us=319 pacing_us=6183 wall_us=301913 max_tick_us=9724 touch_samples=395 touch_interval_max_us=1180 touch_read_max_us=465 touch_events=0 touch_down=0 touch_up=0 touch_events_ge_8ms=0 touch_event_age_max_us=0 touch_errors=0 touch_overflows=0 pass=1
[11:09:46] TINYDRAW_ADVERSARIAL_TAPERED_WORKLOAD operations=128 samples=4096 erasers=12 load_us=217018 appended=1
[11:09:46] TINYDRAW_GATE1_PACED_COLD corpus=adversarial_tapered_4x zoom=50 x=0 y=0 steps=104 tiles=42 compute_us=95136 present_us=62539 touch_us=232 pacing_us=4501 wall_us=162408 max_tick_us=7829 touch_samples=499 touch_interval_max_us=1173 touch_read_max_us=436 touch_events=0 touch_down=0 touch_up=0 touch_events_ge_8ms=0 touch_event_age_max_us=0 touch_errors=0 touch_overflows=0 pass=1
[11:09:46] TINYDRAW_GATE1_PACED_COLD corpus=adversarial_tapered_4x zoom=100 x=0 y=0 steps=348 tiles=42 compute_us=158674 present_us=61005 touch_us=342 pacing_us=7051 wall_us=227072 max_tick_us=8020 touch_samples=317 touch_interval_max_us=1163 touch_read_max_us=433 touch_events=0 touch_down=0 touch_up=0 touch_events_ge_8ms=0 touch_event_age_max_us=0 touch_errors=0 touch_overflows=0 pass=1
[11:09:48] TINYDRAW_GATE1_PACED_COLD corpus=adversarial_tapered_4x zoom=200 x=0 y=0 steps=1214 tiles=42 compute_us=444771 present_us=64980 touch_us=854 pacing_us=17585 wall_us=528190 max_tick_us=10009 touch_samples=619 touch_interval_max_us=1814 touch_read_max_us=477 touch_events=0 touch_down=0 touch_up=0 touch_events_ge_8ms=0 touch_event_age_max_us=0 touch_errors=0 touch_overflows=0 pass=1
[11:09:48] TINYDRAW_GATE1_PACED_COLD corpus=adversarial_tapered_4x zoom=400 x=0 y=0 steps=904 tiles=42 compute_us=548648 present_us=67561 touch_us=916 pacing_us=15112 wall_us=632237 max_tick_us=9742 touch_samples=709 touch_interval_max_us=1150 touch_read_max_us=436 touch_events=0 touch_down=0 touch_up=0 touch_events_ge_8ms=0 touch_event_age_max_us=0 touch_errors=0 touch_overflows=0 pass=1
[11:09:48] TINYDRAW_GATE1_WORKLOAD kind=realistic seed=7 operations=1000 samples=19844 maximum_stroke=198 load_us=356764 raw_source=1 lod_copies=0
[11:09:49] TINYDRAW_GATE1_PACED_COLD corpus=seed7 zoom=400 x=63 y=63 steps=281 tiles=56 compute_us=268039 present_us=84336 touch_us=369 pacing_us=7552 wall_us=360296 max_tick_us=12517 touch_samples=922 touch_interval_max_us=1160 touch_read_max_us=452 touch_events=0 touch_down=0 touch_up=0 touch_events_ge_8ms=0 touch_event_age_max_us=0 touch_errors=0 touch_overflows=0 pass=1
[11:09:49] TINYDRAW_LIVE_PRESENT kind=gate_fallback zoom=100 x=0 y=0 compose_us=25458 scroll_us=0 exposed_compose_us=0 chrome_us=7653 read_submit_us=30479 read_complete_us=32084 transfer_wait_us=18367 tile_pixels=0 uniform_pixels=0 overview_pixels=0 fallback_pixels=164864 resident_tiles=0 fallback_tiles=42 pushes=11 tear_wait_us=3828 tear_sync=1 frame_reused=0 pass=1
[11:09:49] TINYDRAW_GATE1_HARD zoom=100 cold=1 operations=1000 samples=19844 steps=275 tiles=42 scanned=12000 rendered=5232 max_supertask_us=9255 presentation_us=68097 total_us=370832 pass=1
[11:09:49] TINYDRAW_GATE1_LIVE_OVERLAY clear_updates=47 clear_wall_max_us=2933 clear_submit_max_us=2162 clear_complete_max_us=2206 overlay_updates=26 overlay_wall_max_us=2927 overlay_submit_max_us=2353 overlay_complete_max_us=2388 overlay_chrome_max_us=0 clear_failures=0 overlay_failures=0 pass=1
[11:09:50] TINYDRAW_GATE1_PAN zoom=100 from_x=0 from_y=0 to_x=88 to_y=88 compose_us=14 scroll_us=12 exposed_compose_us=2 chrome_us=0 event_submit_us=5391 event_complete_us=6972 transfer_us=55689 setup=1 present=1 moved=1 frame_reused=1 pass=1
[11:09:50] TINYDRAW_LIVE_PRESENT kind=gate_fallback zoom=400 x=0 y=0 compose_us=24592 scroll_us=0 exposed_compose_us=0 chrome_us=7640 read_submit_us=26730 read_complete_us=28341 transfer_wait_us=18790 tile_pixels=0 uniform_pixels=0 overview_pixels=0 fallback_pixels=164864 resident_tiles=0 fallback_tiles=42 pushes=11 tear_wait_us=924 tear_sync=1 frame_reused=0 pass=1
[11:09:50] TINYDRAW_GATE1_HARD zoom=400 cold=1 operations=1000 samples=19844 steps=211 tiles=42 scanned=12000 rendered=591 max_supertask_us=10828 presentation_us=68225 total_us=263149 pass=1
[11:09:50] TINYDRAW_GATE1_PAN zoom=400 from_x=0 from_y=0 to_x=88 to_y=88 compose_us=14 scroll_us=12 exposed_compose_us=2 chrome_us=0 event_submit_us=5119 event_complete_us=6718 transfer_us=54758 setup=1 present=1 moved=1 frame_reused=1 pass=1
[11:09:54] TINYDRAW_PANSEQ_FRAME zoom=100 step=0 dx=24 dy=18 scroll_us=17 exposed_compose_us=3 tear_wait_us=5 present_us=46386 prepare_us=2800 staging_us=2171 event_submit_us=5015 event_complete_us=6598 frame_us=46515 tear_sync=1 frame_reused=1 pass=1
[11:09:54] TINYDRAW_PANSEQ_FRAME zoom=100 step=1 dx=24 dy=18 scroll_us=11 exposed_compose_us=2 tear_wait_us=6 present_us=45857 prepare_us=2788 staging_us=2055 event_submit_us=4718 event_complete_us=6314 frame_us=45955 tear_sync=1 frame_reused=1 pass=1
[11:09:54] TINYDRAW_PANSEQ_FRAME zoom=100 step=2 dx=24 dy=18 scroll_us=10 exposed_compose_us=2 tear_wait_us=5 present_us=44860 prepare_us=2942 staging_us=2194 event_submit_us=4950 event_complete_us=6542 frame_us=44955 tear_sync=1 frame_reused=1 pass=1
[11:09:54] TINYDRAW_PANSEQ_FRAME zoom=100 step=3 dx=24 dy=18 scroll_us=12 exposed_compose_us=2 tear_wait_us=6 present_us=46856 prepare_us=2798 staging_us=2256 event_submit_us=5619 event_complete_us=7203 frame_us=46958 tear_sync=1 frame_reused=1 pass=1
[11:09:54] TINYDRAW_PANSEQ_FRAME zoom=100 step=4 dx=24 dy=18 scroll_us=12 exposed_compose_us=2 tear_wait_us=5 present_us=45857 prepare_us=2780 staging_us=2002 event_submit_us=4557 event_complete_us=6136 frame_us=45957 tear_sync=1 frame_reused=1 pass=1
[11:09:54] TINYDRAW_PANSEQ_FRAME zoom=100 step=5 dx=24 dy=18 scroll_us=12 exposed_compose_us=2 tear_wait_us=5 present_us=46859 prepare_us=2793 staging_us=2232 event_submit_us=4761 event_complete_us=6360 frame_us=46957 tear_sync=1 frame_reused=1 pass=1
[11:09:54] TINYDRAW_PANSEQ_FRAME zoom=100 step=6 dx=24 dy=18 scroll_us=10 exposed_compose_us=2 tear_wait_us=5 present_us=44860 prepare_us=2898 staging_us=2187 event_submit_us=4832 event_complete_us=6431 frame_us=44955 tear_sync=1 frame_reused=1 pass=1
[11:09:54] TINYDRAW_PANSEQ_FRAME zoom=100 step=7 dx=24 dy=18 scroll_us=12 exposed_compose_us=2 tear_wait_us=5 present_us=45856 prepare_us=2798 staging_us=2071 event_submit_us=5567 event_complete_us=7151 frame_us=45958 tear_sync=1 frame_reused=1 pass=1
[11:09:54] TINYDRAW_PANSEQ_FRAME zoom=100 step=8 dx=24 dy=18 scroll_us=12 exposed_compose_us=2 tear_wait_us=5 present_us=46857 prepare_us=2769 staging_us=2260 event_submit_us=4752 event_complete_us=6350 frame_us=46957 tear_sync=1 frame_reused=1 pass=1
[11:09:54] TINYDRAW_PANSEQ_FRAME zoom=100 step=9 dx=24 dy=18 scroll_us=11 exposed_compose_us=2 tear_wait_us=5 present_us=46860 prepare_us=2775 staging_us=2266 event_submit_us=4712 event_complete_us=6311 frame_us=46957 tear_sync=1 frame_reused=1 pass=1
[11:09:54] TINYDRAW_PANSEQ_FRAME zoom=100 step=10 dx=24 dy=18 scroll_us=10 exposed_compose_us=2 tear_wait_us=5 present_us=44860 prepare_us=2807 staging_us=2483 event_submit_us=4820 event_complete_us=6418 frame_us=44951 tear_sync=1 frame_reused=1 pass=1
[11:09:54] TINYDRAW_PANSEQ_FRAME zoom=100 step=11 dx=24 dy=18 scroll_us=12 exposed_compose_us=2 tear_wait_us=6 present_us=46861 prepare_us=2781 staging_us=2035 event_submit_us=5617 event_complete_us=7207 frame_us=46962 tear_sync=1 frame_reused=1 pass=1
[11:09:54] TINYDRAW_PANSEQ_FRAME zoom=100 step=12 dx=24 dy=18 scroll_us=12 exposed_compose_us=2 tear_wait_us=5 present_us=45857 prepare_us=2778 staging_us=2051 event_submit_us=4562 event_complete_us=6142 frame_us=45957 tear_sync=1 frame_reused=1 pass=1
[11:09:54] TINYDRAW_PANSEQ_FRAME zoom=100 step=13 dx=24 dy=18 scroll_us=12 exposed_compose_us=2 tear_wait_us=5 present_us=46859 prepare_us=2778 staging_us=2310 event_submit_us=4826 event_complete_us=6417 frame_us=46957 tear_sync=1 frame_reused=1 pass=1
[11:09:54] TINYDRAW_PANSEQ_FRAME zoom=100 step=14 dx=24 dy=18 scroll_us=10 exposed_compose_us=2 tear_wait_us=5 present_us=44860 prepare_us=2777 staging_us=1995 event_submit_us=4776 event_complete_us=6367 frame_us=44957 tear_sync=1 frame_reused=1 pass=1
[11:09:54] TINYDRAW_PANSEQ_FRAME zoom=100 step=15 dx=24 dy=18 scroll_us=11 exposed_compose_us=2 tear_wait_us=6 present_us=46859 prepare_us=2780 staging_us=2011 event_submit_us=5757 event_complete_us=7340 frame_us=46957 tear_sync=1 frame_reused=1 pass=1
[11:09:54] TINYDRAW_PANSEQ_FRAME zoom=100 step=16 dx=72 dy=54 scroll_us=11 exposed_compose_us=2 tear_wait_us=6 present_us=52859 prepare_us=2792 staging_us=2033 event_submit_us=5046 event_complete_us=6644 frame_us=52958 tear_sync=1 frame_reused=1 pass=1
[11:09:54] TINYDRAW_PANSEQ_FRAME zoom=100 step=17 dx=72 dy=54 scroll_us=11 exposed_compose_us=2 tear_wait_us=5 present_us=53859 prepare_us=2813 staging_us=2231 event_submit_us=6694 event_complete_us=8292 frame_us=53956 tear_sync=1 frame_reused=1 pass=1
[11:09:54] TINYDRAW_PANSEQ_FRAME zoom=100 step=18 dx=72 dy=54 scroll_us=10 exposed_compose_us=2 tear_wait_us=1005 present_us=50860 prepare_us=2786 staging_us=2133 event_submit_us=6353 event_complete_us=7951 frame_us=51957 tear_sync=1 frame_reused=1 pass=1
[11:09:54] TINYDRAW_PANSEQ_FRAME zoom=100 step=19 dx=72 dy=54 scroll_us=11 exposed_compose_us=2 tear_wait_us=6 present_us=51855 prepare_us=2749 staging_us=2109 event_submit_us=5606 event_complete_us=7188 frame_us=51956 tear_sync=1 frame_reused=1 pass=1
[11:09:54] TINYDRAW_PANSEQ_FRAME zoom=100 step=20 dx=-72 dy=-54 scroll_us=12 exposed_compose_us=2 tear_wait_us=5 present_us=52858 prepare_us=2870 staging_us=2223 event_submit_us=9273 event_complete_us=10871 frame_us=52955 tear_sync=1 frame_reused=1 pass=1
[11:09:54] TINYDRAW_PANSEQ_FRAME zoom=100 step=21 dx=-72 dy=-54 scroll_us=11 exposed_compose_us=2 tear_wait_us=5 present_us=52856 prepare_us=2788 staging_us=1981 event_submit_us=5206 event_complete_us=6804 frame_us=52957 tear_sync=1 frame_reused=1 pass=1
[11:09:54] TINYDRAW_PANSEQ_FRAME zoom=100 step=22 dx=-72 dy=-54 scroll_us=11 exposed_compose_us=1 tear_wait_us=5 present_us=53859 prepare_us=2825 staging_us=2167 event_submit_us=5356 event_complete_us=6954 frame_us=53957 tear_sync=1 frame_reused=1 pass=1
[11:09:54] TINYDRAW_PANSEQ_FRAME zoom=100 step=23 dx=-72 dy=-54 scroll_us=10 exposed_compose_us=2 tear_wait_us=5 present_us=52860 prepare_us=2789 staging_us=3407 event_submit_us=5614 event_complete_us=7202 frame_us=52957 tear_sync=1 frame_reused=1 pass=1
[11:09:55] TINYDRAW_GATE1_PANSEQ zoom=100 frames=24 scroll_avg_us=11 exposed_avg_us=2 tear_wait_avg_us=46 present_avg_us=48297 prepare_avg_us=2802 staging_avg_us=2202 frame_avg_us=48438 frame_p50_us=46957 frame_p95_us=53956 frame_max_us=53957 complete_p50_us=6598 complete_p95_us=8292 complete_max_us=10871 all_reused=1 pass=1
[11:09:57] TINYDRAW_PANSEQ_FRAME zoom=400 step=0 dx=24 dy=18 scroll_us=12 exposed_compose_us=2 tear_wait_us=5 present_us=45754 prepare_us=2775 staging_us=2080 event_submit_us=4505 event_complete_us=6093 frame_us=45859 tear_sync=1 frame_reused=1 pass=1
[11:09:57] TINYDRAW_PANSEQ_FRAME zoom=400 step=1 dx=24 dy=18 scroll_us=11 exposed_compose_us=2 tear_wait_us=6 present_us=45858 prepare_us=2801 staging_us=2298 event_submit_us=4723 event_complete_us=6323 frame_us=45956 tear_sync=1 frame_reused=1 pass=1
[11:09:57] TINYDRAW_PANSEQ_FRAME zoom=400 step=2 dx=24 dy=18 scroll_us=10 exposed_compose_us=2 tear_wait_us=5 present_us=43860 prepare_us=2791 staging_us=2049 event_submit_us=4820 event_complete_us=6419 frame_us=43957 tear_sync=1 frame_reused=1 pass=1
[11:09:57] TINYDRAW_PANSEQ_FRAME zoom=400 step=3 dx=24 dy=18 scroll_us=12 exposed_compose_us=2 tear_wait_us=5 present_us=45860 prepare_us=2784 staging_us=2055 event_submit_us=5589 event_complete_us=7177 frame_us=45957 tear_sync=1 frame_reused=1 pass=1
[11:09:57] TINYDRAW_PANSEQ_FRAME zoom=400 step=4 dx=24 dy=18 scroll_us=11 exposed_compose_us=2 tear_wait_us=5 present_us=45860 prepare_us=2809 staging_us=2329 event_submit_us=4688 event_complete_us=6287 frame_us=45957 tear_sync=1 frame_reused=1 pass=1
[11:09:57] TINYDRAW_PANSEQ_FRAME zoom=400 step=5 dx=24 dy=18 scroll_us=11 exposed_compose_us=2 tear_wait_us=5 present_us=44859 prepare_us=2781 staging_us=2011 event_submit_us=4851 event_complete_us=6451 frame_us=44956 tear_sync=1 frame_reused=1 pass=1
[11:09:57] TINYDRAW_PANSEQ_FRAME zoom=400 step=6 dx=24 dy=18 scroll_us=10 exposed_compose_us=2 tear_wait_us=2808 present_us=45057 prepare_us=2801 staging_us=2091 event_submit_us=7598 event_complete_us=9188 frame_us=47958 tear_sync=1 frame_reused=1 pass=1
[11:09:57] TINYDRAW_PANSEQ_FRAME zoom=400 step=7 dx=24 dy=18 scroll_us=12 exposed_compose_us=2 tear_wait_us=5 present_us=46856 prepare_us=2759 staging_us=2080 event_submit_us=5817 event_complete_us=7414 frame_us=46955 tear_sync=1 frame_reused=1 pass=1
[11:09:58] TINYDRAW_PANSEQ_FRAME zoom=400 step=8 dx=24 dy=18 scroll_us=12 exposed_compose_us=2 tear_wait_us=5 present_us=46857 prepare_us=2767 staging_us=2088 event_submit_us=4799 event_complete_us=6386 frame_us=46956 tear_sync=1 frame_reused=1 pass=1
[11:09:58] TINYDRAW_PANSEQ_FRAME zoom=400 step=9 dx=24 dy=18 scroll_us=12 exposed_compose_us=2 tear_wait_us=5 present_us=46859 prepare_us=2751 staging_us=2118 event_submit_us=4775 event_complete_us=6375 frame_us=46957 tear_sync=1 frame_reused=1 pass=1
[11:09:58] TINYDRAW_PANSEQ_FRAME zoom=400 step=10 dx=24 dy=18 scroll_us=12 exposed_compose_us=1 tear_wait_us=5 present_us=45859 prepare_us=2785 staging_us=1997 event_submit_us=4838 event_complete_us=6437 frame_us=45957 tear_sync=1 frame_reused=1 pass=1
[11:09:58] TINYDRAW_PANSEQ_FRAME zoom=400 step=11 dx=24 dy=18 scroll_us=10 exposed_compose_us=2 tear_wait_us=5 present_us=47860 prepare_us=2779 staging_us=2315 event_submit_us=6577 event_complete_us=8167 frame_us=47957 tear_sync=1 frame_reused=1 pass=1
[11:09:58] TINYDRAW_PANSEQ_FRAME zoom=400 step=12 dx=24 dy=18 scroll_us=11 exposed_compose_us=2 tear_wait_us=6 present_us=45859 prepare_us=2798 staging_us=2048 event_submit_us=5456 event_complete_us=7040 frame_us=45957 tear_sync=1 frame_reused=1 pass=1
[11:09:58] TINYDRAW_PANSEQ_FRAME zoom=400 step=13 dx=24 dy=18 scroll_us=11 exposed_compose_us=2 tear_wait_us=6 present_us=46859 prepare_us=2788 staging_us=2313 event_submit_us=4800 event_complete_us=6375 frame_us=46957 tear_sync=1 frame_reused=1 pass=1
[11:09:58] TINYDRAW_PANSEQ_FRAME zoom=400 step=14 dx=24 dy=18 scroll_us=10 exposed_compose_us=2 tear_wait_us=5 present_us=46860 prepare_us=2792 staging_us=2217 event_submit_us=4549 event_complete_us=6131 frame_us=46965 tear_sync=1 frame_reused=1 pass=1
[11:09:58] TINYDRAW_PANSEQ_FRAME zoom=400 step=15 dx=24 dy=18 scroll_us=12 exposed_compose_us=2 tear_wait_us=6 present_us=45851 prepare_us=2781 staging_us=2108 event_submit_us=4691 event_complete_us=6291 frame_us=45950 tear_sync=1 frame_reused=1 pass=1
[11:09:58] TINYDRAW_PANSEQ_FRAME zoom=400 step=16 dx=72 dy=54 scroll_us=12 exposed_compose_us=2 tear_wait_us=6 present_us=53856 prepare_us=2771 staging_us=2110 event_submit_us=7210 event_complete_us=8811 frame_us=53955 tear_sync=1 frame_reused=1 pass=1
[11:09:58] TINYDRAW_PANSEQ_FRAME zoom=400 step=17 dx=72 dy=54 scroll_us=11 exposed_compose_us=2 tear_wait_us=774 present_us=53091 prepare_us=2769 staging_us=2163 event_submit_us=6192 event_complete_us=7791 frame_us=53957 tear_sync=1 frame_reused=1 pass=1
[11:09:58] TINYDRAW_PANSEQ_FRAME zoom=400 step=18 dx=72 dy=54 scroll_us=12 exposed_compose_us=2 tear_wait_us=5 present_us=53857 prepare_us=2776 staging_us=2117 event_submit_us=5714 event_complete_us=7313 frame_us=53956 tear_sync=1 frame_reused=1 pass=1
[11:09:58] TINYDRAW_PANSEQ_FRAME zoom=400 step=19 dx=72 dy=54 scroll_us=10 exposed_compose_us=2 tear_wait_us=5 present_us=54860 prepare_us=2800 staging_us=2074 event_submit_us=5415 event_complete_us=7015 frame_us=54957 tear_sync=1 frame_reused=1 pass=1
[11:09:58] TINYDRAW_PANSEQ_FRAME zoom=400 step=20 dx=-72 dy=-54 scroll_us=11 exposed_compose_us=2 tear_wait_us=6 present_us=53859 prepare_us=2796 staging_us=2041 event_submit_us=5964 event_complete_us=7550 frame_us=53957 tear_sync=1 frame_reused=1 pass=1
[11:09:58] TINYDRAW_PANSEQ_FRAME zoom=400 step=21 dx=-72 dy=-54 scroll_us=11 exposed_compose_us=2 tear_wait_us=2328 present_us=52537 prepare_us=2801 staging_us=2018 event_submit_us=11223 event_complete_us=12821 frame_us=54957 tear_sync=1 frame_reused=1 pass=1
[11:09:58] TINYDRAW_PANSEQ_FRAME zoom=400 step=22 dx=-72 dy=-54 scroll_us=11 exposed_compose_us=1 tear_wait_us=5 present_us=52859 prepare_us=2820 staging_us=2264 event_submit_us=9037 event_complete_us=10636 frame_us=52957 tear_sync=1 frame_reused=1 pass=1
[11:09:58] TINYDRAW_PANSEQ_FRAME zoom=400 step=23 dx=-72 dy=-54 scroll_us=10 exposed_compose_us=2 tear_wait_us=5 present_us=52853 prepare_us=2811 staging_us=2056 event_submit_us=5060 event_complete_us=6657 frame_us=52955 tear_sync=1 frame_reused=1 pass=1
[11:09:58] TINYDRAW_GATE1_PANSEQ zoom=400 frames=24 scroll_avg_us=11 exposed_avg_us=1 tear_wait_avg_us=250 present_avg_us=48525 prepare_avg_us=2786 staging_avg_us=2126 frame_avg_us=48869 frame_p50_us=46957 frame_p95_us=54957 frame_max_us=54957 complete_p50_us=6657 complete_p95_us=10636 complete_max_us=12821 all_reused=1 pass=1
[11:09:58] TINYDRAW_GATE1_DRAW_FILL zoom=400 revision=2140 append_us=1147 poll_gap_us=100 event_submit_us=2431 event_complete_us=2597 max_compute_slice_us=4768 max_display_slice_us=23567 fill_us=275394 revision_restarted=1 pass=1
[11:09:59] TINYDRAW_GATE1_CACHE_FILL zoom=50 x=63 y=63 published=56 total_us=534417 within_cold_gate=0 complete=1
[11:09:59] TINYDRAW_GATE1_CACHE_FILL zoom=100 x=63 y=63 published=56 total_us=501049 within_cold_gate=0 complete=1
[11:10:00] TINYDRAW_GATE1_CACHE_FILL zoom=200 x=63 y=63 published=56 total_us=411197 within_cold_gate=1 complete=1
[11:10:00] TINYDRAW_GATE1_CACHE_FILL zoom=400 x=63 y=63 published=56 total_us=370268 within_cold_gate=1 complete=1
[11:10:00] TINYDRAW_GATE1_CACHE_REVISIT zoom=50 remaining=0 tile_pixels=118128 fallback_pixels=0 compose_us=27508 complete_us=18150 hit=1
[11:10:00] TINYDRAW_GATE1_CACHE_REVISIT zoom=100 remaining=0 tile_pixels=164864 fallback_pixels=0 compose_us=29764 complete_us=17916 hit=1
[11:10:00] TINYDRAW_GATE1_CACHE_REVISIT zoom=200 remaining=0 tile_pixels=164864 fallback_pixels=0 compose_us=30322 complete_us=18695 hit=1
[11:10:00] TINYDRAW_GATE1_CACHE_REVISIT zoom=400 remaining=0 tile_pixels=164607 fallback_pixels=0 compose_us=31131 complete_us=18462 hit=1
[11:10:01] TINYDRAW_GATE1_CACHE_FILL zoom=400 x=575 y=575 published=56 total_us=397194 within_cold_gate=1 complete=1
[11:10:01] TINYDRAW_GATE1_CACHE_ROUND_TRIP zoom=50 from_x=63 from_y=63 via_x=575 via_y=575 remaining=0 tile_pixels=118128 fallback_pixels=0 compose_us=27482 complete_us=18574 hit=1
[11:10:01] TINYDRAW_GATE1_CACHE_ROUND_TRIP zoom=100 from_x=63 from_y=63 via_x=575 via_y=575 remaining=0 tile_pixels=164864 fallback_pixels=0 compose_us=29652 complete_us=18359 hit=1
[11:10:01] TINYDRAW_GATE1_CACHE_ROUND_TRIP zoom=200 from_x=63 from_y=63 via_x=575 via_y=575 remaining=0 tile_pixels=164864 fallback_pixels=0 compose_us=30435 complete_us=18073 hit=1
[11:10:01] TINYDRAW_GATE1_CACHE_ROUND_TRIP zoom=400 from_x=63 from_y=63 via_x=575 via_y=575 remaining=0 tile_pixels=164607 fallback_pixels=0 compose_us=31151 complete_us=17876 hit=1
[11:10:01] TINYDRAW_GATE1_CACHE_RETENTION pass=1 slots=384 revision=2140
[11:10:03] TINYDRAW_PAPER_SWEEP zoom=100 identities=644 raw=266 uniform=378 fallback=0 slots=384 total_us=1433841 pass=1
[11:10:08] TINYDRAW_GATE1_CACHE_TOUR slots=384 stops=16 forward_steps=2306 forward_tiles=832 forward_wall_us=2310982 return_missing_tiles=0 return_steps=16 return_tiles=0 return_wall_us=39248 home_missing=0 home_fallback_pixels=0 pass=1
[11:10:08] TINYDRAW_GATE1_MIXED_DRAW_WARM zoom=50 fill_tiles=56 fill_us=445800 raw=42 uniform=14
[11:10:09] TINYDRAW_GATE1_MIXED_DRAW_WARM zoom=100 fill_tiles=56 fill_us=411683 raw=56 uniform=0
[11:10:09] TINYDRAW_GATE1_MIXED_DRAW_WARM zoom=200 fill_tiles=56 fill_us=377551 raw=56 uniform=0
[11:10:10] TINYDRAW_GATE1_MIXED_DRAW_WARM zoom=400 fill_tiles=42 fill_us=255517 raw=42 uniform=0
[11:10:11] TINYDRAW_GATE1_MIXED_DRAW zoom=25 tool=pen chunks=50 append_max_us=9326 append_avg_us=8184 append_total_us=409214 affected_tiles=196 published=0 fallback=196 committed=1 authority=1 refresh=1 run_ok=1 pass=1
[11:10:11] TINYDRAW_GATE1_MIXED_DRAW zoom=25 tool=eraser chunks=50 append_max_us=9452 append_avg_us=8129 append_total_us=406459 affected_tiles=0 published=0 fallback=0 committed=1 authority=1 refresh=1 run_ok=1 pass=1
[11:10:13] TINYDRAW_GATE1_MIXED_DRAW zoom=50 tool=pen chunks=50 append_max_us=11960 append_avg_us=9843 append_total_us=492175 affected_tiles=422 published=400 fallback=22 committed=1 authority=1 refresh=1 run_ok=1 pass=1
[11:10:14] TINYDRAW_GATE1_MIXED_DRAW zoom=50 tool=eraser chunks=50 append_max_us=10535 append_avg_us=9582 append_total_us=479133 affected_tiles=405 published=405 fallback=0 committed=1 authority=1 refresh=1 run_ok=1 pass=1
[11:10:15] TINYDRAW_GATE1_MIXED_DRAW zoom=100 tool=pen chunks=50 append_max_us=9886 append_avg_us=8179 append_total_us=408986 affected_tiles=450 published=398 fallback=52 committed=1 authority=1 refresh=1 run_ok=1 pass=1
[11:10:16] TINYDRAW_GATE1_MIXED_DRAW zoom=100 tool=eraser chunks=50 append_max_us=8806 append_avg_us=7956 append_total_us=397823 affected_tiles=399 published=399 fallback=0 committed=1 authority=1 refresh=1 run_ok=1 pass=1
[11:10:17] TINYDRAW_GATE1_MIXED_DRAW zoom=200 tool=pen chunks=50 append_max_us=9370 append_avg_us=7598 append_total_us=379948 affected_tiles=425 published=389 fallback=36 committed=1 authority=1 refresh=1 run_ok=1 pass=1
[11:10:18] TINYDRAW_GATE1_MIXED_DRAW zoom=200 tool=eraser chunks=50 append_max_us=8362 append_avg_us=7344 append_total_us=367241 affected_tiles=388 published=388 fallback=0 committed=1 authority=1 refresh=1 run_ok=1 pass=1
[11:10:19] TINYDRAW_GATE1_MIXED_DRAW zoom=400 tool=pen chunks=50 append_max_us=8793 append_avg_us=7053 append_total_us=352676 affected_tiles=358 published=334 fallback=24 committed=1 authority=1 refresh=1 run_ok=1 pass=1
[11:10:20] TINYDRAW_GATE1_MIXED_DRAW zoom=400 tool=eraser chunks=50 append_max_us=7766 append_avg_us=6892 append_total_us=344647 affected_tiles=350 published=350 fallback=0 committed=1 authority=1 refresh=1 run_ok=1 pass=1
[11:10:20] TINYDRAW_GATE1_MIXED_DRAW_REVISIT zoom=50 missing=4 refill_tiles=4 refill_us=138709
[11:10:20] TINYDRAW_GATE1_MIXED_DRAW_REVISIT zoom=100 missing=9 refill_tiles=9 refill_us=235600
[11:10:21] TINYDRAW_GATE1_MIXED_DRAW_REVISIT zoom=200 missing=16 refill_tiles=16 refill_us=241464
[11:10:21] TINYDRAW_GATE1_MIXED_DRAW_REVISIT zoom=400 missing=0 refill_tiles=0 refill_us=869
[11:10:21] TINYDRAW_GATE1_MIXED_DRAW_SUMMARY slots=384 strokes=10 worst_append_us=11960 pass=1
[11:10:26] TINYDRAW_GATE1_IDLE_REPAIR damaged=588 remaining=0 plan_views=24 steps=4100 repair_us=3543320 worst_step_us=7571 warm_tiles=56 pass=1
[11:10:28] TINYDRAW_GATE1_LONG_GESTURE path=reference samples=1600 chunks=26 append_total_us=683357 append_max_us=32810 append_avg_us=26282 refresh_fallback_pixels=0 settled_fallback_pixels=0 committed=1 authority=1 refresh=1 run_ok=1
[11:10:28] TINYDRAW_GATE1_LONG_GESTURE path=in_place samples=1600 chunks=52 append_total_us=353190 append_max_us=8410 append_avg_us=6792 refresh_fallback_pixels=0 settled_fallback_pixels=0 committed=1 authority=1 refresh=1 run_ok=1
[11:10:28] TINYDRAW_V2_EXPORT_PROGRESS row=0 of=1792
[11:10:28] TINYDRAW_V2_EXPORT_PROGRESS row=256 of=1792
[11:10:29] TINYDRAW_V2_EXPORT_PROGRESS row=512 of=1792
[11:10:30] TINYDRAW_V2_EXPORT_PROGRESS row=768 of=1792
[11:10:31] TINYDRAW_V2_EXPORT_PROGRESS row=1024 of=1792
[11:10:32] TINYDRAW_V2_EXPORT_PROGRESS row=1280 of=1792
[11:10:32] TINYDRAW_V2_EXPORT_PROGRESS row=1536 of=1792
[11:10:33] E (51670) task_wdt: Task watchdog got triggered. The following tasks/users did not reset the watchdog in time:
[11:10:33] E (51670) task_wdt:  - IDLE0 (CPU 0)
[11:10:33] E (51670) task_wdt: Tasks currently running:
[11:10:33] E (51670) task_wdt: CPU 0: main
[11:10:33] E (51670) task_wdt: CPU 1: IDLE1
[11:10:33] E (51670) task_wdt: Print CPU 0 (current core) backtrace
[11:10:33] 
[11:10:33] 
[11:10:33] Backtrace: 0x42036619:0x3FC95A10 0x403787AD:0x3FC95A50 0x4203C022:0x3FC9CCC0 0x4201DEBF:0x3FC9CD20 0x4201E1F2:0x3FC9CD60 0x4201AE29:0x3FC9CD80 0x42012D49:0x3FC9CDE0 0x42012F65:0x3FC9CE90 0x4200FD87:0x3FC9CEC0 0x42019351:0x3FC9CF30 0x4200C491:0x3FC9D410 0x4200FC6F:0x3FC9EB00 0x4200799A:0x3FC9EB20
[11:10:33] 
[11:10:33] TINYDRAW_GATE1_EXPORT encoded=1 bytes=40045 elapsed_us=5749967 workspace_bytes=50652 band_bytes=376832 free_psram=2515156 free_internal=209752 signature=1 dimensions=1 pass=1
[11:10:33] TINYDRAW_EXPORT_RESERVE requested=1572864 free_before=2515156 largest_before=2490368 free_held=942288 largest_held=933888 pass=1
[11:10:33] TINYDRAW_GATE1_AUTOMATED_DONE stress=1 stress_100=1 stress_400=1 overlap_ready=1 overlap_cold=1 adversarial_ready=1 adversarial_cold=1 workload=1 paced_cold=1 hard_100=1 hard_400=1 pan_100=1 pan_400=1 pan_seq=1 live_overlay=1 draw_fill=1 cache=1 full_world_cache=1 cache_tour=1 mixed_draw=1 idle_repair=1 long_gesture=1 export_encode=1 export_reserve=1 return=1 ssaa_receipt=yellow
[11:10:33] TINYDRAW_VECTOR_V2_GATE_HARNESS_DONE pass=1
[11:10:33] TINYDRAW_VECTOR_V2_READY zoom=25 controls=chrome button=cycle_all_zooms operations_capacity=4000 samples_capacity=80000 live_storage_bytes=5829024 overview_bytes=1318912 raw_tile_bytes=3145728 tile_metadata_bytes=71416 operation_bytes=720000 live_scratch_bytes=572968 free_psram=2515156 largest_psram=2490368 te_edges=3043 te_period_us=16801 te_high_us=577 te_level=0 main_stack_free=5192
