[11:18:26] I (103) esp_image: segment 0: paddr=00010020 vaddr=3c050020 sizeESP-ROM:esp32s3-20210327
[11:18:26] Build:Mar 27 2021
[11:18:26] rst:0x15 (USB_UART_CHIP_RESET),boot:0x2b (SPI_FAST_FLASH_BOOT)
[11:18:26] Saved PC:0x4200858f
[11:18:26] SPIWP:0xee
[11:18:26] mode:DIO, clock div:1
[11:18:26] load:0x3fce2820,len:0x1664
[11:18:26] load:0x403c8700,len:0xf38
[11:18:26] load:0x403cb700,len:0x31e8
[11:18:26] entry 0x403c8930
[11:18:26] I (24) boot: ESP-IDF v6.0.2 2nd stage bootloader
[11:18:26] I (24) boot: compile time Aug 15 2026 11:18:11
[11:18:26] I (25) boot: Multicore bootloader
[11:18:26] I (25) boot: chip revision: v0.2
[11:18:26] I (28) boot: efuse block revision: v1.3
[11:18:26] I (31) qio_mode: Enabling default flash chip QIO
[11:18:26] I (36) boot.esp32s3: Boot SPI Speed : 80MHz
[11:18:26] I (39) boot.esp32s3: SPI Mode       : QIO
[11:18:26] I (43) boot.esp32s3: SPI Flash Size : 16MB
[11:18:26] I (47) boot: Enabling RNG early entropy source...
[11:18:26] I (51) boot: Partition Table:
[11:18:26] I (54) boot: ## Label            Usage          Type ST Offset   Length
[11:18:26] I (60) boot:  0 nvs              WiFi data        01 02 00009000 00006000
[11:18:26] I (67) boot:  1 phy_init         RF data          01 01 0000f000 00001000
[11:18:26] I (73) boot:  2 factory          factory app      00 00 00010000 00100000
[11:18:26] I (80) boot:  3 drawing          Unknown data     01 40 00110000 00300000
[11:18:26] I (86) boot:  4 export           Unknown data     01 41 00410000 00500000
[11:18:26] I (93) boot:  5 coredump         Unknown data     01 03 00910000 00010000
[11:18:26] I (100) boot: End of partition table
[11:18:26] I (103) esp_image: segment 0: paddr=00010020 vaddr=3c050020 size=13each ( 81580) map
[11:18:26] I (123) esp_image: segment 1: paddr=00023ed4 vaddr=3fc94500 size=03764h ( 14180) load
[11:18:26] I (126) esp_image: segment 2: paddr=00027640 vaddr=40374000 size=089d8h ( 35288) load
[11:18:26] I (134) esp_image: segment 3: paddr=00030020 vaddr=42000020 size=45a00h (285184) map
[11:18:26] I (179) esp_image: segment 4: paddr=00075a28 vaddr=4037c9d8 size=07a84h ( 31364) load
[11:18:26] I (185) esp_image: segment 5: paddr=0007d4b4 vaddr=50000000 size=00024h (    36) load
[11:18:26] I (193) boot: Loaded app from partition at offset 0x10000
[11:18:26] I (193) boot: Disabling RNG early entropy source...
[11:18:26] I (204) octal_psram: vendor id    : 0x0d (AP)
[11:18:26] I (204) octal_psram: dev id       : 0x02 (generation 3)
[11:18:26] I (204) octal_psram: density      : 0x03 (64 Mbit)
[11:18:26] I (206) octal_psram: good-die     : 0x01 (Pass)
[11:18:26] I (210) octal_psram: Latency      : 0x01 (Fixed)
[11:18:26] I (215) octal_psram: VCC          : 0x01 (3V)
[11:18:26] I (219) octal_psram: SRF          : 0x01 (Fast Refresh)
[11:18:26] I (224) octal_psram: BurstType    : 0x01 (Hybrid Wrap)
[11:18:26] I (229) octal_psram: BurstLen     : 0x01 (32 Byte)
[11:18:26] I (233) octal_psram: Readlatency  : 0x02 (10 cycles@Fixed)
[11:18:26] I (238) octal_psram: DriveStrength: 0x00 (1/1)
[11:18:26] I (242) MSPI Timing: Enter psram timing tuning
[11:18:26] I (247) esp_psram: Found 8MB PSRAM device
[11:18:26] I (250) esp_psram: Speed: 80MHz
[11:18:26] I (253) cpu_start: Multicore app
[11:18:26] I (669) esp_psram: SPI SRAM memory test OK
[11:18:26] I (677) cpu_start: GPIO 44 and 43 are used as console UART I/O pins
[11:18:26] I (678) cpu_start: Pro cpu start user code
[11:18:26] I (678) cpu_start: cpu freq: 240000000 Hz
[11:18:26] I (680) app_init: Application information:
[11:18:26] I (684) app_init: Project name:     tinydraw_esp32
[11:18:26] I (688) app_init: App version:      954482b-dirty
[11:18:26] I (693) app_init: Compile time:     Aug 15 2026 11:18:05
[11:18:26] I (698) app_init: ELF file SHA256:  b5945bcc2...
[11:18:26] I (702) app_init: ESP-IDF:          v6.0.2
[11:18:26] I (706) efuse_init: Min chip rev:     v0.0
[11:18:26] I (710) efuse_init: Max chip rev:     v0.99 
[11:18:26] I (714) efuse_init: Chip rev:         v0.2
[11:18:26] I (717) heap_init: Initializing. RAM available for dynamic allocation:
[11:18:26] I (724) heap_init: At 3FC99090 len 00050680 (321 KiB): RAM
[11:18:26] I (729) heap_init: At 3FCE9710 len 00005724 (21 KiB): RAM
[11:18:26] I (734) heap_init: At 3FCF0000 len 00008000 (32 KiB): DRAM
[11:18:26] I (739) heap_init: At 600FE000 len 00001FE8 (7 KiB): RTCRAM
[11:18:26] I (745) esp_psram: Adding pool of 8192K of PSRAM memory to heap allocator
[11:18:26] I (751) spi_flash: detected chip: generic
[11:18:26] I (755) spi_flash: flash io: qio
[11:18:26] I (758) sleep_gpio: Configure to isolate all GPIO pins in sleep state
[11:18:26] I (764) sleep_gpio: Enable automatic switching of GPIO sleep configuration
[11:18:26] I (771) main_task: Started on CPU0
[11:18:26] I (774) main_task: Calling app_main()
[11:18:26] TINYDRAW_PANEL_HARD_RESET=1
[11:18:26] I (971) co5300: version: 2.1.0
[11:18:26] I (972) co5300_spi: LCD panel create success, version: 2.1.0
[11:18:26] W (1052) co5300_spi: The 3Ah command has been used and will be overwritten by external initialization sequence
[11:18:26] I (1153) CST816S: IC id: 183
[11:18:27] TINYDRAW_LIVE_PRESENT kind=startup zoom=25 x=0 y=0 compose_us=36460 scroll_us=0 exposed_compose_us=0 chrome_us=7963 read_submit_us=0 read_complete_us=0 transfer_wait_us=18506 tile_pixels=0 uniform_pixels=0 overview_pixels=164864 fallback_pixels=0 resident_tiles=0 fallback_tiles=0 pushes=11 tear_wait_us=6139 tear_sync=1 frame_reused=0 pass=1
[11:18:27] TINYDRAW_LIVE_STRESS operations=1000 samples=20000 total_us=452978 average_us=452 maximum_us=1046 free_psram=2515156 largest_psram=2490368
[11:18:27] TINYDRAW_LIVE_PRESENT kind=gate_fallback zoom=100 x=0 y=0 compose_us=25089 scroll_us=0 exposed_compose_us=0 chrome_us=7672 read_submit_us=37519 read_complete_us=39131 transfer_wait_us=18078 tile_pixels=0 uniform_pixels=0 overview_pixels=0 fallback_pixels=164864 resident_tiles=0 fallback_tiles=42 pushes=11 tear_wait_us=11242 tear_sync=1 frame_reused=0 pass=1
[11:18:27] TINYDRAW_GATE1_HARD zoom=100 cold=1 operations=1000 samples=20000 steps=192 tiles=42 scanned=12000 rendered=1659 max_supertask_us=9015 presentation_us=69653 total_us=265681 pass=1
[11:18:27] TINYDRAW_LIVE_PRESENT kind=gate_fallback zoom=400 x=0 y=0 compose_us=24404 scroll_us=0 exposed_compose_us=0 chrome_us=7635 read_submit_us=34862 read_complete_us=36468 transfer_wait_us=18457 tile_pixels=0 uniform_pixels=0 overview_pixels=0 fallback_pixels=164864 resident_tiles=0 fallback_tiles=42 pushes=11 tear_wait_us=9262 tear_sync=1 frame_reused=0 pass=1
[11:18:28] TINYDRAW_GATE1_HARD zoom=400 cold=1 operations=1000 samples=20000 steps=196 tiles=42 scanned=12000 rendered=120 max_supertask_us=8356 presentation_us=66392 total_us=201924 pass=1
[11:18:28] TINYDRAW_OVERLAP_WORKLOAD operations=8 samples=1200 radius_world=80
[11:18:29] TINYDRAW_GATE1_PACED_COLD corpus=overlap zoom=50 x=215 y=255 steps=334 tiles=56 compute_us=362856 present_us=84318 touch_us=883 pacing_us=10381 wall_us=458438 max_tick_us=9923 touch_samples=2192 touch_interval_max_us=1618 touch_read_max_us=590 touch_events=0 touch_down=0 touch_up=0 touch_events_ge_8ms=0 touch_event_age_max_us=0 touch_errors=0 touch_overflows=0 pass=1
[11:18:29] TINYDRAW_GATE1_PACED_COLD corpus=overlap zoom=100 x=583 y=703 steps=172 tiles=48 compute_us=225897 present_us=81343 touch_us=569 pacing_us=7420 wall_us=315229 max_tick_us=10018 touch_samples=391 touch_interval_max_us=1875 touch_read_max_us=491 touch_events=0 touch_down=0 touch_up=0 touch_events_ge_8ms=0 touch_event_age_max_us=0 touch_errors=0 touch_overflows=0 pass=1
[11:18:29] TINYDRAW_GATE1_PACED_COLD corpus=overlap zoom=200 x=1319 y=1599 steps=128 tiles=56 compute_us=227026 present_us=77117 touch_us=501 pacing_us=5338 wall_us=309982 max_tick_us=9396 touch_samples=397 touch_interval_max_us=1944 touch_read_max_us=489 touch_events=0 touch_down=0 touch_up=0 touch_events_ge_8ms=0 touch_event_age_max_us=0 touch_errors=0 touch_overflows=0 pass=1
[11:18:30] TINYDRAW_GATE1_PACED_COLD corpus=overlap zoom=400 x=2791 y=3391 steps=94 tiles=56 compute_us=213397 present_us=80706 touch_us=462 pacing_us=6423 wall_us=300988 max_tick_us=9634 touch_samples=394 touch_interval_max_us=1172 touch_read_max_us=456 touch_events=0 touch_down=0 touch_up=0 touch_events_ge_8ms=0 touch_event_age_max_us=0 touch_errors=0 touch_overflows=0 pass=1
[11:18:30] TINYDRAW_ADVERSARIAL_TAPERED_WORKLOAD operations=128 samples=4096 erasers=12 load_us=215729 appended=1
[11:18:30] TINYDRAW_GATE1_PACED_COLD corpus=adversarial_tapered_4x zoom=50 x=0 y=0 steps=104 tiles=42 compute_us=92692 present_us=62800 touch_us=272 pacing_us=4748 wall_us=160512 max_tick_us=7833 touch_samples=498 touch_interval_max_us=1141 touch_read_max_us=406 touch_events=0 touch_down=0 touch_up=0 touch_events_ge_8ms=0 touch_event_age_max_us=0 touch_errors=0 touch_overflows=0 pass=1
[11:18:31] TINYDRAW_GATE1_PACED_COLD corpus=adversarial_tapered_4x zoom=100 x=0 y=0 steps=348 tiles=42 compute_us=154761 present_us=60194 touch_us=356 pacing_us=6855 wall_us=222166 max_tick_us=9393 touch_samples=312 touch_interval_max_us=1147 touch_read_max_us=411 touch_events=0 touch_down=0 touch_up=0 touch_events_ge_8ms=0 touch_event_age_max_us=0 touch_errors=0 touch_overflows=0 pass=1
[11:18:31] TINYDRAW_GATE1_PACED_COLD corpus=adversarial_tapered_4x zoom=200 x=0 y=0 steps=1214 tiles=42 compute_us=432706 present_us=63751 touch_us=842 pacing_us=15044 wall_us=512343 max_tick_us=9240 touch_samples=593 touch_interval_max_us=1156 touch_read_max_us=423 touch_events=0 touch_down=0 touch_up=0 touch_events_ge_8ms=0 touch_event_age_max_us=0 touch_errors=0 touch_overflows=0 pass=1
[11:18:32] TINYDRAW_GATE1_PACED_COLD corpus=adversarial_tapered_4x zoom=400 x=0 y=0 steps=904 tiles=42 compute_us=536068 present_us=67232 touch_us=966 pacing_us=16311 wall_us=620577 max_tick_us=9883 touch_samples=712 touch_interval_max_us=1128 touch_read_max_us=404 touch_events=0 touch_down=0 touch_up=0 touch_events_ge_8ms=0 touch_event_age_max_us=0 touch_errors=0 touch_overflows=0 pass=1
[11:18:32] TINYDRAW_GATE1_WORKLOAD kind=realistic seed=7 operations=1000 samples=19844 maximum_stroke=198 load_us=364732 raw_source=1 lod_copies=0
[11:18:33] TINYDRAW_GATE1_PACED_COLD corpus=seed7 zoom=400 x=63 y=63 steps=281 tiles=56 compute_us=264075 present_us=82200 touch_us=501 pacing_us=7614 wall_us=354390 max_tick_us=12323 touch_samples=909 touch_interval_max_us=1578 touch_read_max_us=448 touch_events=0 touch_down=0 touch_up=0 touch_events_ge_8ms=0 touch_event_age_max_us=0 touch_errors=0 touch_overflows=0 pass=1
[11:18:33] TINYDRAW_LIVE_PRESENT kind=gate_fallback zoom=100 x=0 y=0 compose_us=25282 scroll_us=0 exposed_compose_us=0 chrome_us=7653 read_submit_us=36467 read_complete_us=38078 transfer_wait_us=18390 tile_pixels=0 uniform_pixels=0 overview_pixels=0 fallback_pixels=164864 resident_tiles=0 fallback_tiles=42 pushes=11 tear_wait_us=10014 tear_sync=1 frame_reused=0 pass=1
[11:18:33] TINYDRAW_GATE1_HARD zoom=100 cold=1 operations=1000 samples=19844 steps=275 tiles=42 scanned=12000 rendered=5232 max_supertask_us=9165 presentation_us=68936 total_us=366758 pass=1
[11:18:34] TINYDRAW_GATE1_LIVE_OVERLAY clear_updates=47 clear_wall_max_us=2935 clear_submit_max_us=2162 clear_complete_max_us=2207 overlay_updates=26 overlay_wall_max_us=2925 overlay_submit_max_us=2301 overlay_complete_max_us=2337 overlay_chrome_max_us=0 clear_failures=0 overlay_failures=0 pass=1
[11:18:34] TINYDRAW_GATE1_PAN zoom=100 from_x=0 from_y=0 to_x=88 to_y=88 compose_us=24032 scroll_us=11 exposed_compose_us=24021 chrome_us=0 event_submit_us=25949 event_complete_us=27563 transfer_us=23207 setup=1 present=1 moved=1 frame_reused=1 pass=1
[11:18:34] TINYDRAW_LIVE_PRESENT kind=gate_fallback zoom=400 x=0 y=0 compose_us=24488 scroll_us=0 exposed_compose_us=0 chrome_us=7544 read_submit_us=34193 read_complete_us=35805 transfer_wait_us=18070 tile_pixels=0 uniform_pixels=0 overview_pixels=0 fallback_pixels=164864 resident_tiles=0 fallback_tiles=42 pushes=11 tear_wait_us=8542 tear_sync=1 frame_reused=0 pass=1
[11:18:34] TINYDRAW_GATE1_HARD zoom=400 cold=1 operations=1000 samples=19844 steps=211 tiles=42 scanned=12000 rendered=591 max_supertask_us=10630 presentation_us=67181 total_us=259417 pass=1
[11:18:35] TINYDRAW_GATE1_PAN zoom=400 from_x=0 from_y=0 to_x=88 to_y=88 compose_us=23769 scroll_us=11 exposed_compose_us=23758 chrome_us=0 event_submit_us=25925 event_complete_us=27541 transfer_us=23215 setup=1 present=1 moved=1 frame_reused=1 pass=1
[11:18:38] TINYDRAW_PANSEQ_FRAME zoom=100 step=0 dx=24 dy=18 scroll_us=11 exposed_compose_us=19515 tear_wait_us=8 present_us=21425 prepare_us=7436 staging_us=5898 event_submit_us=21304 event_complete_us=22915 frame_us=41040 tear_sync=1 frame_reused=1 pass=1
[11:18:38] TINYDRAW_PANSEQ_FRAME zoom=100 step=1 dx=24 dy=18 scroll_us=14 exposed_compose_us=19817 tear_wait_us=7 present_us=19583 prepare_us=7196 staging_us=4146 event_submit_us=21741 event_complete_us=23353 frame_us=39510 tear_sync=1 frame_reused=1 pass=1
[11:18:38] TINYDRAW_PANSEQ_FRAME zoom=100 step=2 dx=24 dy=18 scroll_us=11 exposed_compose_us=19634 tear_wait_us=12 present_us=21303 prepare_us=7050 staging_us=6108 event_submit_us=21459 event_complete_us=23064 frame_us=41040 tear_sync=1 frame_reused=1 pass=1
[11:18:38] TINYDRAW_PANSEQ_FRAME zoom=100 step=3 dx=24 dy=18 scroll_us=11 exposed_compose_us=20138 tear_wait_us=7 present_us=19847 prepare_us=6929 staging_us=4383 event_submit_us=22178 event_complete_us=23792 frame_us=40082 tear_sync=1 frame_reused=1 pass=1
[11:18:38] TINYDRAW_PANSEQ_FRAME zoom=100 step=4 dx=24 dy=18 scroll_us=11 exposed_compose_us=19587 tear_wait_us=8 present_us=19691 prepare_us=7169 staging_us=4490 event_submit_us=21401 event_complete_us=23015 frame_us=39377 tear_sync=1 frame_reused=1 pass=1
[11:18:38] TINYDRAW_PANSEQ_FRAME zoom=100 step=5 dx=24 dy=18 scroll_us=11 exposed_compose_us=19809 tear_wait_us=9 present_us=21423 prepare_us=7027 staging_us=5811 event_submit_us=21638 event_complete_us=23255 frame_us=41347 tear_sync=1 frame_reused=1 pass=1
[11:18:38] TINYDRAW_PANSEQ_FRAME zoom=100 step=6 dx=24 dy=18 scroll_us=11 exposed_compose_us=19565 tear_wait_us=20 present_us=19416 prepare_us=7000 staging_us=4262 event_submit_us=21443 event_complete_us=23057 frame_us=39093 tear_sync=1 frame_reused=1 pass=1
[11:18:38] TINYDRAW_PANSEQ_FRAME zoom=100 step=7 dx=24 dy=18 scroll_us=11 exposed_compose_us=19837 tear_wait_us=9 present_us=20990 prepare_us=7229 staging_us=5222 event_submit_us=21698 event_complete_us=23309 frame_us=40926 tear_sync=1 frame_reused=1 pass=1
[11:18:38] TINYDRAW_PANSEQ_FRAME zoom=100 step=8 dx=24 dy=18 scroll_us=11 exposed_compose_us=19814 tear_wait_us=669 present_us=19753 prepare_us=7089 staging_us=4379 event_submit_us=22473 event_complete_us=24086 frame_us=40329 tear_sync=1 frame_reused=1 pass=1
[11:18:38] TINYDRAW_PANSEQ_FRAME zoom=100 step=9 dx=24 dy=18 scroll_us=11 exposed_compose_us=19830 tear_wait_us=12 present_us=19991 prepare_us=7155 staging_us=4211 event_submit_us=21750 event_complete_us=23364 frame_us=39928 tear_sync=1 frame_reused=1 pass=1
[11:18:39] TINYDRAW_PANSEQ_FRAME zoom=100 step=10 dx=24 dy=18 scroll_us=11 exposed_compose_us=19564 tear_wait_us=7 present_us=20996 prepare_us=6921 staging_us=5632 event_submit_us=21370 event_complete_us=22987 frame_us=40656 tear_sync=1 frame_reused=1 pass=1
[11:18:39] TINYDRAW_PANSEQ_FRAME zoom=100 step=11 dx=24 dy=18 scroll_us=11 exposed_compose_us=20271 tear_wait_us=7 present_us=19743 prepare_us=6932 staging_us=3870 event_submit_us=22247 event_complete_us=23855 frame_us=40114 tear_sync=1 frame_reused=1 pass=1
[11:18:39] TINYDRAW_PANSEQ_FRAME zoom=100 step=12 dx=24 dy=18 scroll_us=20 exposed_compose_us=19631 tear_wait_us=8 present_us=21389 prepare_us=7224 staging_us=5772 event_submit_us=21521 event_complete_us=23134 frame_us=41135 tear_sync=1 frame_reused=1 pass=1
[11:18:39] TINYDRAW_PANSEQ_FRAME zoom=100 step=13 dx=24 dy=18 scroll_us=11 exposed_compose_us=19913 tear_wait_us=7 present_us=19938 prepare_us=7050 staging_us=4194 event_submit_us=21968 event_complete_us=23574 frame_us=39949 tear_sync=1 frame_reused=1 pass=1
[11:18:39] TINYDRAW_PANSEQ_FRAME zoom=100 step=14 dx=24 dy=18 scroll_us=11 exposed_compose_us=19684 tear_wait_us=8 present_us=19719 prepare_us=7123 staging_us=4248 event_submit_us=21546 event_complete_us=23160 frame_us=39500 tear_sync=1 frame_reused=1 pass=1
[11:18:39] TINYDRAW_PANSEQ_FRAME zoom=100 step=15 dx=24 dy=18 scroll_us=11 exposed_compose_us=20004 tear_wait_us=7 present_us=20367 prepare_us=7098 staging_us=4329 event_submit_us=21916 event_complete_us=23530 frame_us=40469 tear_sync=1 frame_reused=1 pass=1
[11:18:39] TINYDRAW_PANSEQ_FRAME zoom=100 step=16 dx=72 dy=54 scroll_us=26 exposed_compose_us=24689 tear_wait_us=7 present_us=23669 prepare_us=6767 staging_us=4557 event_submit_us=26539 event_complete_us=28152 frame_us=48470 tear_sync=1 frame_reused=1 pass=1
[11:18:39] TINYDRAW_PANSEQ_FRAME zoom=100 step=17 dx=72 dy=54 scroll_us=11 exposed_compose_us=24636 tear_wait_us=8 present_us=23503 prepare_us=7042 staging_us=3924 event_submit_us=26468 event_complete_us=28083 frame_us=48238 tear_sync=1 frame_reused=1 pass=1
[11:18:39] TINYDRAW_PANSEQ_FRAME zoom=100 step=18 dx=72 dy=54 scroll_us=14 exposed_compose_us=24106 tear_wait_us=8 present_us=21666 prepare_us=6809 staging_us=3080 event_submit_us=25986 event_complete_us=27601 frame_us=45906 tear_sync=1 frame_reused=1 pass=1
[11:18:39] TINYDRAW_PANSEQ_FRAME zoom=100 step=19 dx=72 dy=54 scroll_us=19 exposed_compose_us=24369 tear_wait_us=1617 present_us=21425 prepare_us=6652 staging_us=2707 event_submit_us=28014 event_complete_us=29629 frame_us=47510 tear_sync=1 frame_reused=1 pass=1
[11:18:39] TINYDRAW_PANSEQ_FRAME zoom=100 step=20 dx=-72 dy=-54 scroll_us=11 exposed_compose_us=18659 tear_wait_us=8 present_us=24752 prepare_us=6397 staging_us=2034 event_submit_us=20942 event_complete_us=22555 frame_us=43524 tear_sync=1 frame_reused=1 pass=1
[11:18:39] TINYDRAW_PANSEQ_FRAME zoom=100 step=21 dx=-72 dy=-54 scroll_us=11 exposed_compose_us=18876 tear_wait_us=57 present_us=24262 prepare_us=6335 staging_us=2222 event_submit_us=23617 event_complete_us=25231 frame_us=43288 tear_sync=1 frame_reused=1 pass=1
[11:18:39] TINYDRAW_PANSEQ_FRAME zoom=100 step=22 dx=-72 dy=-54 scroll_us=11 exposed_compose_us=18826 tear_wait_us=8 present_us=23929 prepare_us=6427 staging_us=2038 event_submit_us=21006 event_complete_us=22622 frame_us=42861 tear_sync=1 frame_reused=1 pass=1
[11:18:39] TINYDRAW_PANSEQ_FRAME zoom=100 step=23 dx=-72 dy=-54 scroll_us=11 exposed_compose_us=18970 tear_wait_us=7 present_us=24790 prepare_us=6356 staging_us=2708 event_submit_us=23378 event_complete_us=24993 frame_us=43857 tear_sync=1 frame_reused=1 pass=1
[11:18:39] TINYDRAW_GATE1_PANSEQ zoom=100 frames=24 scroll_avg_us=12 exposed_avg_us=20406 tear_wait_avg_us=105 present_avg_us=21398 prepare_avg_us=6933 staging_avg_us=4176 frame_avg_us=42006 frame_p50_us=40926 frame_p95_us=48238 frame_max_us=48470 complete_p50_us=23353 complete_p95_us=28152 complete_max_us=29629 all_reused=1 pass=1
[11:18:41] TINYDRAW_PANSEQ_FRAME zoom=400 step=0 dx=24 dy=18 scroll_us=11 exposed_compose_us=19204 tear_wait_us=8 present_us=21040 prepare_us=7232 staging_us=5677 event_submit_us=20971 event_complete_us=22584 frame_us=40343 tear_sync=1 frame_reused=1 pass=1
[11:18:42] TINYDRAW_PANSEQ_FRAME zoom=400 step=1 dx=24 dy=18 scroll_us=21 exposed_compose_us=19612 tear_wait_us=8 present_us=20853 prepare_us=6967 staging_us=5616 event_submit_us=21631 event_complete_us=23242 frame_us=40592 tear_sync=1 frame_reused=1 pass=1
[11:18:42] TINYDRAW_PANSEQ_FRAME zoom=400 step=2 dx=24 dy=18 scroll_us=11 exposed_compose_us=19313 tear_wait_us=9 present_us=19961 prepare_us=7239 staging_us=5141 event_submit_us=21127 event_complete_us=22741 frame_us=39374 tear_sync=1 frame_reused=1 pass=1
[11:18:42] TINYDRAW_PANSEQ_FRAME zoom=400 step=3 dx=24 dy=18 scroll_us=16 exposed_compose_us=19748 tear_wait_us=1404 present_us=19584 prepare_us=7018 staging_us=4738 event_submit_us=23078 event_complete_us=24691 frame_us=40846 tear_sync=1 frame_reused=1 pass=1
[11:18:42] TINYDRAW_PANSEQ_FRAME zoom=400 step=4 dx=24 dy=18 scroll_us=16 exposed_compose_us=19237 tear_wait_us=7 present_us=20753 prepare_us=7387 staging_us=5793 event_submit_us=21013 event_complete_us=22627 frame_us=40098 tear_sync=1 frame_reused=1 pass=1
[11:18:42] TINYDRAW_PANSEQ_FRAME zoom=400 step=5 dx=24 dy=18 scroll_us=11 exposed_compose_us=19469 tear_wait_us=7 present_us=20880 prepare_us=7127 staging_us=5850 event_submit_us=21242 event_complete_us=22855 frame_us=40447 tear_sync=1 frame_reused=1 pass=1
[11:18:42] TINYDRAW_PANSEQ_FRAME zoom=400 step=6 dx=24 dy=18 scroll_us=11 exposed_compose_us=19625 tear_wait_us=12 present_us=20469 prepare_us=7209 staging_us=4533 event_submit_us=21581 event_complete_us=23196 frame_us=40207 tear_sync=1 frame_reused=1 pass=1
[11:18:42] TINYDRAW_PANSEQ_FRAME zoom=400 step=7 dx=24 dy=18 scroll_us=11 exposed_compose_us=19901 tear_wait_us=7 present_us=20360 prepare_us=6909 staging_us=4271 event_submit_us=21869 event_complete_us=23483 frame_us=40361 tear_sync=1 frame_reused=1 pass=1
[11:18:42] TINYDRAW_PANSEQ_FRAME zoom=400 step=8 dx=24 dy=18 scroll_us=11 exposed_compose_us=19880 tear_wait_us=891 present_us=19838 prepare_us=7017 staging_us=3999 event_submit_us=22847 event_complete_us=24460 frame_us=40714 tear_sync=1 frame_reused=1 pass=1
[11:18:42] TINYDRAW_PANSEQ_FRAME zoom=400 step=9 dx=24 dy=18 scroll_us=15 exposed_compose_us=19947 tear_wait_us=7 present_us=19944 prepare_us=7043 staging_us=3787 event_submit_us=21896 event_complete_us=23511 frame_us=40013 tear_sync=1 frame_reused=1 pass=1
[11:18:42] TINYDRAW_PANSEQ_FRAME zoom=400 step=10 dx=24 dy=18 scroll_us=11 exposed_compose_us=19673 tear_wait_us=8 present_us=20246 prepare_us=7085 staging_us=4323 event_submit_us=21559 event_complete_us=23174 frame_us=40017 tear_sync=1 frame_reused=1 pass=1
[11:18:42] TINYDRAW_PANSEQ_FRAME zoom=400 step=11 dx=24 dy=18 scroll_us=11 exposed_compose_us=20406 tear_wait_us=7 present_us=20183 prepare_us=6951 staging_us=3638 event_submit_us=22502 event_complete_us=24115 frame_us=40690 tear_sync=1 frame_reused=1 pass=1
[11:18:42] TINYDRAW_PANSEQ_FRAME zoom=400 step=12 dx=24 dy=18 scroll_us=11 exposed_compose_us=19762 tear_wait_us=9 present_us=20341 prepare_us=7036 staging_us=4237 event_submit_us=21733 event_complete_us=23350 frame_us=40204 tear_sync=1 frame_reused=1 pass=1
[11:18:42] TINYDRAW_PANSEQ_FRAME zoom=400 step=13 dx=24 dy=18 scroll_us=11 exposed_compose_us=19969 tear_wait_us=653 present_us=20136 prepare_us=6886 staging_us=3883 event_submit_us=22710 event_complete_us=24325 frame_us=40855 tear_sync=1 frame_reused=1 pass=1
[11:18:42] TINYDRAW_PANSEQ_FRAME zoom=400 step=14 dx=24 dy=18 scroll_us=11 exposed_compose_us=19662 tear_wait_us=7 present_us=19900 prepare_us=7039 staging_us=3870 event_submit_us=21575 event_complete_us=23189 frame_us=39668 tear_sync=1 frame_reused=1 pass=1
[11:18:42] TINYDRAW_PANSEQ_FRAME zoom=400 step=15 dx=24 dy=18 scroll_us=11 exposed_compose_us=20125 tear_wait_us=7 present_us=20348 prepare_us=6865 staging_us=3891 event_submit_us=22091 event_complete_us=23709 frame_us=40572 tear_sync=1 frame_reused=1 pass=1
[11:18:42] TINYDRAW_PANSEQ_FRAME zoom=400 step=16 dx=72 dy=54 scroll_us=11 exposed_compose_us=24949 tear_wait_us=7 present_us=22647 prepare_us=6718 staging_us=2899 event_submit_us=26779 event_complete_us=28391 frame_us=47696 tear_sync=1 frame_reused=1 pass=1
[11:18:42] TINYDRAW_PANSEQ_FRAME zoom=400 step=17 dx=72 dy=54 scroll_us=11 exposed_compose_us=24941 tear_wait_us=7 present_us=22339 prepare_us=6799 staging_us=2334 event_submit_us=26824 event_complete_us=28439 frame_us=47376 tear_sync=1 frame_reused=1 pass=1
[11:18:42] TINYDRAW_PANSEQ_FRAME zoom=400 step=18 dx=72 dy=54 scroll_us=11 exposed_compose_us=24427 tear_wait_us=8 present_us=22462 prepare_us=6659 staging_us=2627 event_submit_us=26539 event_complete_us=28147 frame_us=46986 tear_sync=1 frame_reused=1 pass=1
[11:18:42] TINYDRAW_PANSEQ_FRAME zoom=400 step=19 dx=72 dy=54 scroll_us=11 exposed_compose_us=25482 tear_wait_us=757 present_us=22966 prepare_us=6611 staging_us=2408 event_submit_us=28489 event_complete_us=30100 frame_us=49299 tear_sync=1 frame_reused=1 pass=1
[11:18:42] TINYDRAW_PANSEQ_FRAME zoom=400 step=20 dx=-72 dy=-54 scroll_us=19 exposed_compose_us=18683 tear_wait_us=8 present_us=25487 prepare_us=6341 staging_us=1871 event_submit_us=21088 event_complete_us=22694 frame_us=44275 tear_sync=1 frame_reused=1 pass=1
[11:18:42] TINYDRAW_PANSEQ_FRAME zoom=400 step=21 dx=-72 dy=-54 scroll_us=11 exposed_compose_us=18884 tear_wait_us=9 present_us=25871 prepare_us=6329 staging_us=2761 event_submit_us=23559 event_complete_us=25172 frame_us=44857 tear_sync=1 frame_reused=1 pass=1
[11:18:42] TINYDRAW_PANSEQ_FRAME zoom=400 step=22 dx=-72 dy=-54 scroll_us=20 exposed_compose_us=18747 tear_wait_us=16 present_us=24702 prepare_us=6407 staging_us=2077 event_submit_us=21046 event_complete_us=22657 frame_us=43572 tear_sync=1 frame_reused=1 pass=1
[11:18:42] TINYDRAW_PANSEQ_FRAME zoom=400 step=23 dx=-72 dy=-54 scroll_us=11 exposed_compose_us=19035 tear_wait_us=9 present_us=26036 prepare_us=6558 staging_us=3774 event_submit_us=21252 event_complete_us=22861 frame_us=45166 tear_sync=1 frame_reused=1 pass=1
[11:18:42] TINYDRAW_GATE1_PANSEQ zoom=400 frames=24 scroll_avg_us=12 exposed_avg_us=20445 tear_wait_avg_us=161 present_avg_us=21556 prepare_avg_us=6893 staging_avg_us=3916 frame_avg_us=42259 frame_p50_us=40592 frame_p95_us=47696 frame_max_us=49299 complete_p50_us=23350 complete_p95_us=28439 complete_max_us=30100 all_reused=1 pass=1
[11:18:42] TINYDRAW_GATE1_DRAW_FILL zoom=400 revision=2140 append_us=1165 poll_gap_us=88 event_submit_us=2413 event_complete_us=2590 max_compute_slice_us=4646 max_display_slice_us=23701 fill_us=270696 revision_restarted=1 pass=1
[11:18:43] TINYDRAW_GATE1_CACHE_FILL zoom=50 x=63 y=63 published=56 total_us=527520 within_cold_gate=0 complete=1
[11:18:43] TINYDRAW_GATE1_CACHE_FILL zoom=100 x=63 y=63 published=56 total_us=493147 within_cold_gate=1 complete=1
[11:18:44] TINYDRAW_GATE1_CACHE_FILL zoom=200 x=63 y=63 published=56 total_us=404303 within_cold_gate=1 complete=1
[11:18:44] TINYDRAW_GATE1_CACHE_FILL zoom=400 x=63 y=63 published=56 total_us=366376 within_cold_gate=1 complete=1
[11:18:44] TINYDRAW_GATE1_CACHE_REVISIT zoom=50 remaining=0 tile_pixels=118128 fallback_pixels=0 compose_us=27165 complete_us=18334 hit=1
[11:18:44] TINYDRAW_GATE1_CACHE_REVISIT zoom=100 remaining=0 tile_pixels=164864 fallback_pixels=0 compose_us=29477 complete_us=18069 hit=1
[11:18:45] TINYDRAW_GATE1_CACHE_REVISIT zoom=200 remaining=0 tile_pixels=164864 fallback_pixels=0 compose_us=30187 complete_us=17875 hit=1
[11:18:45] TINYDRAW_GATE1_CACHE_REVISIT zoom=400 remaining=0 tile_pixels=164607 fallback_pixels=0 compose_us=30850 complete_us=18634 hit=1
[11:18:45] TINYDRAW_GATE1_CACHE_FILL zoom=400 x=575 y=575 published=56 total_us=394306 within_cold_gate=1 complete=1
[11:18:45] TINYDRAW_GATE1_CACHE_ROUND_TRIP zoom=50 from_x=63 from_y=63 via_x=575 via_y=575 remaining=0 tile_pixels=118128 fallback_pixels=0 compose_us=27172 complete_us=17903 hit=1
[11:18:45] TINYDRAW_GATE1_CACHE_ROUND_TRIP zoom=100 from_x=63 from_y=63 via_x=575 via_y=575 remaining=0 tile_pixels=164864 fallback_pixels=0 compose_us=29481 complete_us=18684 hit=1
[11:18:45] TINYDRAW_GATE1_CACHE_ROUND_TRIP zoom=200 from_x=63 from_y=63 via_x=575 via_y=575 remaining=0 tile_pixels=164864 fallback_pixels=0 compose_us=30078 complete_us=18467 hit=1
[11:18:45] TINYDRAW_GATE1_CACHE_ROUND_TRIP zoom=400 from_x=63 from_y=63 via_x=575 via_y=575 remaining=0 tile_pixels=164607 fallback_pixels=0 compose_us=30849 complete_us=18263 hit=1
[11:18:45] TINYDRAW_GATE1_CACHE_RETENTION pass=1 slots=384 revision=2140
[11:18:47] TINYDRAW_PAPER_SWEEP zoom=100 identities=644 raw=266 uniform=378 fallback=0 slots=384 total_us=1412815 pass=1
[11:18:52] TINYDRAW_GATE1_CACHE_TOUR slots=384 stops=16 forward_steps=2306 forward_tiles=832 forward_wall_us=2284484 return_missing_tiles=0 return_steps=16 return_tiles=0 return_wall_us=39215 home_missing=0 home_fallback_pixels=0 pass=1
[11:18:52] TINYDRAW_GATE1_MIXED_DRAW_WARM zoom=50 fill_tiles=56 fill_us=439924 raw=42 uniform=14
[11:18:53] TINYDRAW_GATE1_MIXED_DRAW_WARM zoom=100 fill_tiles=56 fill_us=405710 raw=56 uniform=0
[11:18:53] TINYDRAW_GATE1_MIXED_DRAW_WARM zoom=200 fill_tiles=56 fill_us=371121 raw=56 uniform=0
[11:18:53] TINYDRAW_GATE1_MIXED_DRAW_WARM zoom=400 fill_tiles=42 fill_us=251585 raw=42 uniform=0
[11:18:55] TINYDRAW_GATE1_MIXED_DRAW zoom=25 tool=pen chunks=50 append_max_us=9348 append_avg_us=8162 append_total_us=408125 affected_tiles=196 published=0 fallback=196 committed=1 authority=1 refresh=1 run_ok=1 pass=1
[11:18:55] TINYDRAW_GATE1_MIXED_DRAW zoom=25 tool=eraser chunks=50 append_max_us=9425 append_avg_us=8091 append_total_us=404563 affected_tiles=0 published=0 fallback=0 committed=1 authority=1 refresh=1 run_ok=1 pass=1
[11:18:57] TINYDRAW_GATE1_MIXED_DRAW zoom=50 tool=pen chunks=50 append_max_us=11767 append_avg_us=9705 append_total_us=485258 affected_tiles=422 published=400 fallback=22 committed=1 authority=1 refresh=1 run_ok=1 pass=1
[11:18:58] TINYDRAW_GATE1_MIXED_DRAW zoom=50 tool=eraser chunks=50 append_max_us=10399 append_avg_us=9460 append_total_us=473030 affected_tiles=405 published=405 fallback=0 committed=1 authority=1 refresh=1 run_ok=1 pass=1
[11:18:59] TINYDRAW_GATE1_MIXED_DRAW zoom=100 tool=pen chunks=50 append_max_us=9724 append_avg_us=8065 append_total_us=403275 affected_tiles=450 published=398 fallback=52 committed=1 authority=1 refresh=1 run_ok=1 pass=1
[11:19:00] TINYDRAW_GATE1_MIXED_DRAW zoom=100 tool=eraser chunks=50 append_max_us=8708 append_avg_us=7839 append_total_us=391962 affected_tiles=399 published=399 fallback=0 committed=1 authority=1 refresh=1 run_ok=1 pass=1
[11:19:01] TINYDRAW_GATE1_MIXED_DRAW zoom=200 tool=pen chunks=50 append_max_us=9248 append_avg_us=7506 append_total_us=375309 affected_tiles=425 published=389 fallback=36 committed=1 authority=1 refresh=1 run_ok=1 pass=1
[11:19:02] TINYDRAW_GATE1_MIXED_DRAW zoom=200 tool=eraser chunks=50 append_max_us=8274 append_avg_us=7249 append_total_us=362487 affected_tiles=388 published=388 fallback=0 committed=1 authority=1 refresh=1 run_ok=1 pass=1
[11:19:03] TINYDRAW_GATE1_MIXED_DRAW zoom=400 tool=pen chunks=50 append_max_us=8674 append_avg_us=6967 append_total_us=348373 affected_tiles=358 published=334 fallback=24 committed=1 authority=1 refresh=1 run_ok=1 pass=1
[11:19:04] TINYDRAW_GATE1_MIXED_DRAW zoom=400 tool=eraser chunks=50 append_max_us=7657 append_avg_us=6820 append_total_us=341042 affected_tiles=350 published=350 fallback=0 committed=1 authority=1 refresh=1 run_ok=1 pass=1
[11:19:04] TINYDRAW_GATE1_MIXED_DRAW_REVISIT zoom=50 missing=4 refill_tiles=4 refill_us=136364
[11:19:04] TINYDRAW_GATE1_MIXED_DRAW_REVISIT zoom=100 missing=9 refill_tiles=9 refill_us=232701
[11:19:05] TINYDRAW_GATE1_MIXED_DRAW_REVISIT zoom=200 missing=16 refill_tiles=16 refill_us=238729
[11:19:05] TINYDRAW_GATE1_MIXED_DRAW_REVISIT zoom=400 missing=0 refill_tiles=0 refill_us=855
[11:19:05] TINYDRAW_GATE1_MIXED_DRAW_SUMMARY slots=384 strokes=10 worst_append_us=11767 pass=1
[11:19:10] TINYDRAW_GATE1_IDLE_REPAIR damaged=588 remaining=0 plan_views=24 steps=4100 repair_us=3501195 worst_step_us=7444 warm_tiles=56 pass=1
[11:19:11] TINYDRAW_GATE1_LONG_GESTURE path=reference samples=1600 chunks=26 append_total_us=681863 append_max_us=32735 append_avg_us=26225 refresh_fallback_pixels=0 settled_fallback_pixels=0 committed=1 authority=1 refresh=1 run_ok=1
[11:19:11] TINYDRAW_GATE1_LONG_GESTURE path=in_place samples=1600 chunks=52 append_total_us=348623 append_max_us=8258 append_avg_us=6704 refresh_fallback_pixels=0 settled_fallback_pixels=0 committed=1 authority=1 refresh=1 run_ok=1
[11:19:12] TINYDRAW_V2_EXPORT_PROGRESS row=0 of=1792
[11:19:12] TINYDRAW_V2_EXPORT_PROGRESS row=256 of=1792
[11:19:13] TINYDRAW_V2_EXPORT_PROGRESS row=512 of=1792
[11:19:14] TINYDRAW_V2_EXPORT_PROGRESS row=768 of=1792
[11:19:15] TINYDRAW_V2_EXPORT_PROGRESS row=1024 of=1792
[11:19:15] TINYDRAW_V2_EXPORT_PROGRESS row=1280 of=1792
[11:19:16] TINYDRAW_V2_EXPORT_PROGRESS row=1536 of=1792
[11:19:16] E (51119) task_wdt: Task watchdog got triggered. The following tasks/users did not reset the watchdog in time:
[11:19:16] E (51119) task_wdt:  - IDLE0 (CPU 0)
[11:19:16] E (51119) task_wdt: Tasks currently running:
[11:19:16] E (51119) task_wdt: CPU 0: main
[11:19:16] E (51119) task_wdt: CPU 1: IDLE1
[11:19:16] E (51119) task_wdt: Print CPU 0 (current core) backtrace
[11:19:16] 
[11:19:16] 
[11:19:16] Backtrace: 0x42036925:0x3FC95A10 0x403787AD:0x3FC95A50 0x4203C209:0x3FC9CCC0 0x4201E1DB:0x3FC9CD20 0x4201E50E:0x3FC9CD60 0x4201B145:0x3FC9CD80 0x42013065:0x3FC9CDE0 0x42013281:0x3FC9CE90 0x4200FDA7:0x3FC9CEC0 0x4201966D:0x3FC9CF30 0x4200C4AD:0x3FC9D410 0x4200FC8F:0x3FC9EB00 0x42007976:0x3FC9EB20
[11:19:16] 
[11:19:17] TINYDRAW_GATE1_EXPORT encoded=1 bytes=40045 elapsed_us=5757029 workspace_bytes=50652 band_bytes=376832 free_psram=2515156 free_internal=152404 signature=1 dimensions=1 pass=1
[11:19:17] TINYDRAW_EXPORT_RESERVE requested=1572864 free_before=2515156 largest_before=2490368 free_held=942288 largest_held=933888 pass=1
[11:19:17] TINYDRAW_GATE1_AUTOMATED_DONE stress=1 stress_100=1 stress_400=1 overlap_ready=1 overlap_cold=1 adversarial_ready=1 adversarial_cold=1 workload=1 paced_cold=1 hard_100=1 hard_400=1 pan_100=1 pan_400=1 pan_seq=1 live_overlay=1 draw_fill=1 cache=1 full_world_cache=1 cache_tour=1 mixed_draw=1 idle_repair=1 long_gesture=1 export_encode=1 export_reserve=1 return=1 ssaa_receipt=yellow
[11:19:17] TINYDRAW_VECTOR_V2_GATE_HARNESS_DONE pass=1
[11:19:17] TINYDRAW_VECTOR_V2_READY zoom=25 controls=chrome button=cycle_all_zooms operations_capacity=4000 samples_capacity=80000 live_storage_bytes=5829024 overview_bytes=1318912 raw_tile_bytes=3145728 tile_metadata_bytes=71416 operation_bytes=720000 live_scratch_bytes=572968 free_psram=2515156 largest_psram=2490368 te_edges=3012 te_period_us=16802 te_high_us=579 te_level=0 main_stack_free=5000
