[12:13:58] ESP-ROM:esp32s3-20210327
[12:13:58] Build:Mar 27 2021
[12:13:58] rst:0x15 (USB_UART_CHIP_RESET),boot:0x2b (SPI_FAST_FLASH_BOOT)
[12:13:58] Saved PC:0x4200937f
[12:13:58] SPIWP:0xee
[12:13:58] mode:DIO, clock div:1
[12:13:58] load:0x3fce2820,len:0x1664
[12:13:58] load:0x403c8700,len:0xf38
[12:13:58] load:0x403cb700,len:0x31e8
[12:13:58] entry 0x403c8930
[12:13:58] I (24) boot: ESP-IDF v6.0.2 2nd stage bootloader
[12:13:58] I (24) boot: compile time Aug 17 2026 12:13:28
[12:13:58] I (25) boot: Multicore bootloader
[12:13:58] I (25) boot: chip revision: v0.2
[12:13:58] I (28) boot: efuse block revision: v1.3
[12:13:58] I (31) qio_mode: Enabling default flash chip QIO
[12:13:58] I (36) boot.esp32s3: Boot SPI Speed : 80MHz
[12:13:58] I (39) boot.esp32s3: SPI Mode       : QIO
[12:13:58] I (43) boot.esp32s3: SPI Flash Size : 16MB
[12:13:58] I (47) boot: Enabling RNG early entropy source...
[12:13:58] I (51) boot: Partition Table:
[12:13:58] I (54) boot: ## Label            Usage          Type ST Offset   Length
[12:13:58] I (60) boot:  0 nvs              WiFi data        01 02 00009000 00006000
[12:13:58] I (67) boot:  1 phy_init         RF data          01 01 0000f000 00001000
[12:13:58] I (73) boot:  2 factory          factory app      00 00 00010000 00140000
[12:13:58] I (80) boot:  3 drawing          Unknown data     01 40 00150000 00300000
[12:13:58] I (86) boot:  4 export           Unknown data     01 41 00450000 004c0000
[12:13:58] I (93) boot:  5 coredump         Unknown data     01 03 00910000 00010000
[12:13:58] I (100) boot: End of partition table
[12:13:58] I (103) esp_image: segment 0: paddr=00010020 vaddr=3c0d0020 size=3ad5ch (240988) map
[12:13:58] I (148) esp_image: segment 1: paddr=0004ad84 vaddr=3fc9e100 size=05294h ( 21140) load
[12:13:58] I (152) esp_image: segment 2: paddr=00050020 vaddr=42000020 size=c5094h (807060) map
[12:13:58] I (277) esp_image: segment 3: paddr=001150bc vaddr=3fca3394 size=003c4h (   964) load
[12:13:58] I (278) esp_image: segment 4: paddr=00115488 vaddr=40374000 size=1a06ch (106604) load
[12:13:58] I (302) esp_image: segment 5: paddr=0012f4fc vaddr=50000000 size=00024h (    36) load
[12:13:58] I (314) boot: Loaded app from partition at offset 0x10000
[12:13:58] I (314) boot: Disabling RNG early entropy source...
[12:13:58] I (324) octal_psram: vendor id    : 0x0d (AP)
[12:13:58] I (324) octal_psram: dev id       : 0x02 (generation 3)
[12:13:58] I (324) octal_psram: density      : 0x03 (64 Mbit)
[12:13:58] I (326) octal_psram: good-die     : 0x01 (Pass)
[12:13:58] I (330) octal_psram: Latency      : 0x01 (Fixed)
[12:13:58] I (335) octal_psram: VCC          : 0x01 (3V)
[12:13:58] I (339) octal_psram: SRF          : 0x01 (Fast Refresh)
[12:13:58] I (344) octal_psram: BurstType    : 0x01 (Hybrid Wrap)
[12:13:58] I (349) octal_psram: BurstLen     : 0x01 (32 Byte)
[12:13:58] I (353) octal_psram: Readlatency  : 0x02 (10 cycles@Fixed)
[12:13:58] I (358) octal_psram: DriveStrength: 0x00 (1/1)
[12:13:58] I (363) MSPI Timing: Enter psram timing tuning
[12:13:58] I (367) esp_psram: Found 8MB PSRAM device
[12:13:58] I (370) esp_psram: Speed: 80MHz
[12:13:58] I (373) cpu_start: Multicore app
[12:13:58] I (789) esp_psram: SPI SRAM memory test OK
[12:13:58] I (798) cpu_start: GPIO 44 and 43 are used as console UART I/O pins
[12:13:58] I (798) cpu_start: Pro cpu start user code
[12:13:58] I (798) cpu_start: cpu freq: 240000000 Hz
[12:13:58] I (800) app_init: Application information:
[12:13:58] I (804) app_init: Project name:     tinydraw_esp32
[12:13:58] I (808) app_init: App version:      ea94071
[12:13:58] I (812) app_init: Compile time:     Aug 17 2026 12:13:14
[12:13:58] I (817) app_init: ELF file SHA256:  93b7cf0a5...
[12:13:58] I (822) app_init: ESP-IDF:          v6.0.2
[12:13:58] I (825) efuse_init: Min chip rev:     v0.0
[12:13:58] I (829) efuse_init: Max chip rev:     v0.99 
[12:13:58] I (833) efuse_init: Chip rev:         v0.2
[12:13:58] I (837) heap_init: Initializing. RAM available for dynamic allocation:
[12:13:58] I (843) heap_init: At 3FCA82B0 len 00041460 (261 KiB): RAM
[12:13:58] I (848) heap_init: At 3FCE9710 len 00005724 (21 KiB): RAM
[12:13:58] I (854) heap_init: At 3FCF0000 len 00008000 (32 KiB): DRAM
[12:13:58] I (859) heap_init: At 600FE000 len 00001FE8 (7 KiB): RTCRAM
[12:13:58] I (864) esp_psram: Adding pool of 8192K of PSRAM memory to heap allocator
[12:13:58] I (871) spi_flash: detected chip: generic
[12:13:58] I (874) spi_flash: flash io: qio
[12:13:58] I (878) sleep_gpio: Configure to isolate all GPIO pins in sleep state
[12:13:58] I (884) sleep_gpio: Enable automatic switching of GPIO sleep configuration
[12:13:58] I (891) main_task: Started on CPU0
[12:13:58] I (894) main_task: Calling app_main()
[12:13:58] TINYDRAW_PRODUCER_SCRATCH supertask_internal=1 slot_directory_internal=0 free_internal=236196 free_psram=1820524
[12:13:59] TINYDRAW_PANEL_HARD_RESET=1
[12:13:59] TINYDRAW_PANEL_TRANSPORT requested_clock_mhz=50 effective_clock_mhz=40
[12:13:59] I (1101) co5300: version: 2.1.0
[12:13:59] I (1101) co5300_spi: LCD panel create success, version: 2.1.0
[12:13:59] W (1186) co5300_spi: The 3Ah command has been used and will be overwritten by external initialization sequence
[12:13:59] I (1287) CST816S: IC id: 183
[12:13:59] I (1288) PCF85063A: PCF85063A initialized successfully
[12:13:59] TINYDRAW_RTC ready=1 retained=1 local=2026-08-17T11:13:59
[12:13:59] TINYDRAW_VECTOR_V2_PRESENTATION experiment=boundary-top-sweep te_edge=rising requested_clock_mhz=50 effective_clock_mhz=40 optical_acceptance=external_manual
[12:13:59] TINYDRAW_LIVE_PRESENT kind=startup zoom=25 x=0 y=0 compose_us=26081 scroll_us=0 exposed_compose_us=0 chrome_us=13239 chrome_prepare_us=8287 chrome_stage_us=4952 read_submit_us=0 read_complete_us=0 transfer_wait_us=21095 tile_pixels=0 uniform_pixels=0 overview_pixels=164864 fallback_pixels=0 resident_tiles=0 fallback_tiles=0 pushes=11 tear_wait_us=10700 tear_edge_isr_to_resume_us=12 tear_edge_observed=1 tear_edge_wait_resumed=1 tear_edge_timeout=0 tear_heal_attempted=0 tear_heal_command_sent=0 presentation_experiment=boundary-top-sweep te_edge=rising requested_clock_mhz=50 effective_clock_mhz=40 frame_reused=0 pass=1
[12:13:59] TINYDRAW_GATE1_ZOOM_OVERLAY_PAN tap_zoom=1 drag_pan=1 threshold_px=8 pass=1
[12:13:59] TINYDRAW_GATE1_ZOOM_CYCLE_RETURN explored_x=2300 explored_y=3100 returned_x=2300 returned_y=3100 pass=1
[12:13:59] TINYDRAW_GATE1_COLOR_DIALOG wall_us=27679 maximum_us=40000 compose_us=0 chrome_us=9645 chrome_prepare_us=9 chrome_stage_us=9636 complete_us=23987 pushes=11 pass=1
[12:13:59] TINYDRAW_GATE1_MINIMAP_NAV hit=1 threshold_px=4 threshold_400_px=2 intent=1 tap_x=552 tap_y=710 tap_complete_us=20964 tap_pass=1 drag_x=626 drag_y=782 drag_complete_us=16320 drag_reused=1 drag_pass=1 acquire_x=2906 acquire_y=3544 acquire_complete_us=20939 acquire_pass=1 pass=1
[12:14:00] TINYDRAW_LIVE_STRESS operations=1000 samples=20000 total_us=679360 average_us=679 maximum_us=1043 free_psram=1818884 largest_psram=1802240
[12:14:00] TINYDRAW_LIVE_PRESENT kind=gate_fallback zoom=100 x=0 y=0 compose_us=11337 scroll_us=0 exposed_compose_us=0 chrome_us=8669 chrome_prepare_us=4203 chrome_stage_us=4466 read_submit_us=25549 read_complete_us=28904 transfer_wait_us=20378 tile_pixels=0 uniform_pixels=0 overview_pixels=0 fallback_pixels=164864 resident_tiles=0 fallback_tiles=42 pushes=11 tear_wait_us=9824 tear_edge_isr_to_resume_us=11 tear_edge_observed=1 tear_edge_wait_resumed=1 tear_edge_timeout=0 tear_heal_attempted=0 tear_heal_command_sent=0 presentation_experiment=boundary-top-sweep te_edge=rising requested_clock_mhz=50 effective_clock_mhz=40 frame_reused=0 pass=1
[12:14:00] TINYDRAW_GATE1_HARD zoom=100 cold=1 operations=1000 samples=20000 steps=193 tiles=42 scanned=12000 rendered=122 max_supertask_us=6681 presentation_us=71043 total_us=274553 maximum_wall_us=500000 pass=1
[12:14:00] TINYDRAW_LIVE_PRESENT kind=gate_fallback zoom=400 x=0 y=0 compose_us=10748 scroll_us=0 exposed_compose_us=0 chrome_us=5460 chrome_prepare_us=1155 chrome_stage_us=4305 read_submit_us=22268 read_complete_us=25890 transfer_wait_us=21054 tile_pixels=0 uniform_pixels=0 overview_pixels=0 fallback_pixels=164864 resident_tiles=0 fallback_tiles=42 pushes=11 tear_wait_us=10205 tear_edge_isr_to_resume_us=11 tear_edge_observed=1 tear_edge_wait_resumed=1 tear_edge_timeout=0 tear_heal_attempted=0 tear_heal_command_sent=0 presentation_experiment=boundary-top-sweep te_edge=rising requested_clock_mhz=50 effective_clock_mhz=40 frame_reused=0 pass=1
[12:14:00] TINYDRAW_GATE1_HARD zoom=400 cold=1 operations=1000 samples=20000 steps=199 tiles=42 scanned=12000 rendered=17 max_supertask_us=5223 presentation_us=66135 total_us=156996 maximum_wall_us=500000 pass=1
[12:14:01] TINYDRAW_OVERLAP_WORKLOAD operations=8 samples=1200 radius_world=80
[12:14:02] TINYDRAW_GATE1_PACED_COLD corpus=overlap zoom=50 x=215 y=255 steps=235 tiles=56 compute_us=510355 present_us=80911 touch_us=1129 pacing_us=14102 wall_us=606497 maximum_wall_us=500000 max_tick_us=10542 touch_samples=2694 touch_interval_max_us=2040 touch_read_max_us=598 touch_events=0 touch_down=0 touch_up=0 touch_events_ge_8ms=0 touch_event_age_max_us=0 touch_errors=0 touch_overflows=0 pass=0
[12:14:02] TINYDRAW_GATE1_PACED_COLD corpus=overlap zoom=100 x=583 y=703 steps=183 tiles=48 compute_us=277107 present_us=76381 touch_us=781 pacing_us=6694 wall_us=360963 maximum_wall_us=500000 max_tick_us=9620 touch_samples=427 touch_interval_max_us=1894 touch_read_max_us=532 touch_events=0 touch_down=0 touch_up=0 touch_events_ge_8ms=0 touch_event_age_max_us=0 touch_errors=0 touch_overflows=0 pass=1
[12:14:03] TINYDRAW_GATE1_PACED_COLD corpus=overlap zoom=200 x=1319 y=1599 steps=180 tiles=56 compute_us=251781 present_us=75449 touch_us=677 pacing_us=8055 wall_us=335962 maximum_wall_us=500000 max_tick_us=9260 touch_samples=412 touch_interval_max_us=1892 touch_read_max_us=471 touch_events=0 touch_down=0 touch_up=0 touch_events_ge_8ms=0 touch_event_age_max_us=0 touch_errors=0 touch_overflows=0 pass=1
[12:14:03] TINYDRAW_GATE1_PACED_COLD corpus=overlap zoom=400 x=2791 y=3391 steps=181 tiles=56 compute_us=215716 present_us=72964 touch_us=626 pacing_us=7656 wall_us=296962 maximum_wall_us=500000 max_tick_us=8610 touch_samples=364 touch_interval_max_us=1194 touch_read_max_us=501 touch_events=0 touch_down=0 touch_up=0 touch_events_ge_8ms=0 touch_event_age_max_us=0 touch_errors=0 touch_overflows=0 pass=1
[12:14:03] TINYDRAW_ADVERSARIAL_TAPERED_WORKLOAD operations=128 samples=4096 erasers=12 load_us=227905 appended=1
[12:14:04] TINYDRAW_GENERAL_COLD_WORKLOAD operations=910 samples=12157 hairline_operations=782 hairline_samples=8061 hairline_load_us=1123802 appended=1
[12:14:05] TINYDRAW_GATE1_PACED_COLD corpus=adversarial_tapered_4x+evil_hairlines zoom=50 x=0 y=0 steps=313 tiles=42 compute_us=340142 present_us=69830 touch_us=967 pacing_us=10029 wall_us=420968 maximum_wall_us=500000 max_tick_us=8191 touch_samples=1595 touch_interval_max_us=2075 touch_read_max_us=555 touch_events=0 touch_down=0 touch_up=0 touch_events_ge_8ms=0 touch_event_age_max_us=0 touch_errors=0 touch_overflows=0 pass=1
[12:14:05] TINYDRAW_GATE1_PACED_COLD corpus=adversarial_tapered_4x+evil_hairlines zoom=100 x=0 y=0 steps=334 tiles=42 compute_us=330787 present_us=64689 touch_us=855 pacing_us=9478 wall_us=405809 maximum_wall_us=500000 max_tick_us=7912 touch_samples=473 touch_interval_max_us=1151 touch_read_max_us=458 touch_events=0 touch_down=0 touch_up=0 touch_events_ge_8ms=0 touch_event_age_max_us=0 touch_errors=0 touch_overflows=0 pass=1
[12:14:06] TINYDRAW_GATE1_PACED_COLD corpus=adversarial_tapered_4x+evil_hairlines zoom=200 x=0 y=0 steps=406 tiles=42 compute_us=392228 present_us=62157 touch_us=944 pacing_us=11568 wall_us=466897 maximum_wall_us=500000 max_tick_us=7699 touch_samples=533 touch_interval_max_us=1147 touch_read_max_us=438 touch_events=0 touch_down=0 touch_up=0 touch_events_ge_8ms=0 touch_event_age_max_us=0 touch_errors=0 touch_overflows=0 pass=1
[12:14:06] TINYDRAW_GATE1_PACED_COLD corpus=adversarial_tapered_4x+evil_hairlines zoom=400 x=0 y=0 steps=491 tiles=42 compute_us=429753 present_us=62916 touch_us=917 pacing_us=11357 wall_us=504943 maximum_wall_us=520000 max_tick_us=10013 touch_samples=577 touch_interval_max_us=1145 touch_read_max_us=442 touch_events=0 touch_down=0 touch_up=0 touch_events_ge_8ms=0 touch_event_age_max_us=0 touch_errors=0 touch_overflows=0 pass=1
[12:14:07] TINYDRAW_GATE1_WORKLOAD kind=realistic seed=7 operations=1000 samples=19844 maximum_stroke=198 load_us=574468 raw_source=1 lod_copies=0
[12:14:07] TINYDRAW_GATE1_PACED_COLD corpus=seed7 zoom=400 x=63 y=63 steps=263 tiles=56 compute_us=186458 present_us=79929 touch_us=498 pacing_us=5079 wall_us=271964 maximum_wall_us=500000 max_tick_us=9952 touch_samples=835 touch_interval_max_us=2068 touch_read_max_us=560 touch_events=0 touch_down=0 touch_up=0 touch_events_ge_8ms=0 touch_event_age_max_us=0 touch_errors=0 touch_overflows=0 pass=1
[12:14:07] TINYDRAW_LIVE_PRESENT kind=gate_fallback zoom=100 x=0 y=0 compose_us=11360 scroll_us=0 exposed_compose_us=0 chrome_us=5598 chrome_prepare_us=1178 chrome_stage_us=4420 read_submit_us=21933 read_complete_us=25528 transfer_wait_us=20179 tile_pixels=0 uniform_pixels=0 overview_pixels=0 fallback_pixels=164864 resident_tiles=0 fallback_tiles=42 pushes=11 tear_wait_us=9238 tear_edge_isr_to_resume_us=12 tear_edge_observed=1 tear_edge_wait_resumed=1 tear_edge_timeout=0 tear_heal_attempted=0 tear_heal_command_sent=0 presentation_experiment=boundary-top-sweep te_edge=rising requested_clock_mhz=50 effective_clock_mhz=40 frame_reused=0 pass=1
[12:14:08] TINYDRAW_GATE1_HARD zoom=100 cold=1 operations=1000 samples=19844 steps=246 tiles=42 scanned=12000 rendered=390 max_supertask_us=5241 presentation_us=68683 total_us=349509 maximum_wall_us=500000 pass=1
[12:14:08] TINYDRAW_GATE1_OVERLAY_CANVAS regions=zoom,minimap,toolbar,battery operations=4 presentation_mutations=0 authority=1 pass=1
[12:14:08] TINYDRAW_GATE1_LIVE_OVERLAY clear_updates=48 clear_wall_max_us=3938 clear_submit_max_us=2151 clear_complete_max_us=3047 overlay_updates=48 overlay_wall_max_us=3918 overlay_submit_max_us=2115 overlay_complete_max_us=3178 overlay_chrome_max_us=241 clear_failures=0 overlay_failures=0 pass=1
[12:14:08] TINYDRAW_EDGE_INK corners=4 edge_failures=0 pass=1
[12:14:09] TINYDRAW_GATE1_PAN zoom=100 from_x=0 from_y=0 to_x=88 to_y=88 compose_us=15447 scroll_us=10 exposed_compose_us=15437 chrome_us=2344 event_submit_us=30570 event_complete_us=33738 transfer_us=16429 setup=1 present=1 moved=1 frame_reused=1 pass=1
[12:14:09] TINYDRAW_LIVE_PRESENT kind=gate_fallback zoom=400 x=0 y=0 compose_us=10697 scroll_us=0 exposed_compose_us=0 chrome_us=5549 chrome_prepare_us=1221 chrome_stage_us=4328 read_submit_us=23599 read_complete_us=27253 transfer_wait_us=20822 tile_pixels=0 uniform_pixels=0 overview_pixels=0 fallback_pixels=164864 resident_tiles=0 fallback_tiles=42 pushes=11 tear_wait_us=11528 tear_edge_isr_to_resume_us=13 tear_edge_observed=1 tear_edge_wait_resumed=1 tear_edge_timeout=0 tear_heal_attempted=0 tear_heal_command_sent=0 presentation_experiment=boundary-top-sweep te_edge=rising requested_clock_mhz=50 effective_clock_mhz=40 frame_reused=0 pass=1
[12:14:09] TINYDRAW_GATE1_HARD zoom=400 cold=1 operations=1008 samples=19852 steps=200 tiles=42 scanned=12096 rendered=62 max_supertask_us=7847 presentation_us=68434 total_us=207672 maximum_wall_us=500000 pass=1
[12:14:09] TINYDRAW_GATE1_PAN zoom=400 from_x=0 from_y=0 to_x=88 to_y=88 compose_us=15378 scroll_us=10 exposed_compose_us=15368 chrome_us=2224 event_submit_us=29526 event_complete_us=32720 transfer_us=16482 setup=1 present=1 moved=1 frame_reused=1 pass=1
[12:14:12] TINYDRAW_PANSEQ_FRAME zoom=100 step=0 dx=24 dy=18 scroll_us=12 exposed_compose_us=4382 chrome_us=2325 tear_wait_us=8612 present_us=16813 prepare_us=10769 acquire_wait_us=19 ring_copy_us=8443 patch_us=2317 byte_swap_us=9 staging_us=4132 event_submit_us=13163 event_complete_us=16366 frame_us=29986 tear_edge_observed=1 frame_reused=1 pass=1
[12:14:12] TINYDRAW_PANSEQ_FRAME zoom=100 step=1 dx=24 dy=18 scroll_us=12 exposed_compose_us=4400 chrome_us=2330 tear_wait_us=12222 present_us=16131 prepare_us=10719 acquire_wait_us=22 ring_copy_us=8391 patch_us=2322 byte_swap_us=6 staging_us=4131 event_submit_us=16778 event_complete_us=19925 frame_us=32902 tear_edge_observed=1 frame_reused=1 pass=1
[12:14:12] TINYDRAW_PANSEQ_FRAME zoom=100 step=2 dx=24 dy=18 scroll_us=12 exposed_compose_us=4129 chrome_us=2334 tear_wait_us=13215 present_us=16435 prepare_us=10743 acquire_wait_us=31 ring_copy_us=8406 patch_us=2328 byte_swap_us=9 staging_us=4132 event_submit_us=17506 event_complete_us=20681 frame_us=33940 tear_edge_observed=1 frame_reused=1 pass=1
[12:14:12] TINYDRAW_PANSEQ_FRAME zoom=100 step=3 dx=24 dy=18 scroll_us=12 exposed_compose_us=4613 chrome_us=2372 tear_wait_us=12423 present_us=16733 prepare_us=10726 acquire_wait_us=21 ring_copy_us=8357 patch_us=2360 byte_swap_us=9 staging_us=4156 event_submit_us=17194 event_complete_us=20381 frame_us=33916 tear_edge_observed=1 frame_reused=1 pass=1
[12:14:12] TINYDRAW_PANSEQ_FRAME zoom=100 step=4 dx=24 dy=18 scroll_us=12 exposed_compose_us=4161 chrome_us=2346 tear_wait_us=12560 present_us=16049 prepare_us=10728 acquire_wait_us=20 ring_copy_us=8384 patch_us=2335 byte_swap_us=9 staging_us=4140 event_submit_us=16887 event_complete_us=20053 frame_us=32932 tear_edge_observed=1 frame_reused=1 pass=1
[12:14:12] TINYDRAW_PANSEQ_FRAME zoom=100 step=5 dx=24 dy=18 scroll_us=12 exposed_compose_us=4448 chrome_us=2350 tear_wait_us=12961 present_us=16359 prepare_us=10701 acquire_wait_us=21 ring_copy_us=8354 patch_us=2338 byte_swap_us=9 staging_us=4159 event_submit_us=17567 event_complete_us=20726 frame_us=33919 tear_edge_observed=1 frame_reused=1 pass=1
[12:14:12] TINYDRAW_PANSEQ_FRAME zoom=100 step=6 dx=24 dy=18 scroll_us=12 exposed_compose_us=4099 chrome_us=2355 tear_wait_us=13010 present_us=16667 prepare_us=10807 acquire_wait_us=23 ring_copy_us=8454 patch_us=2344 byte_swap_us=9 staging_us=4064 event_submit_us=17274 event_complete_us=20436 frame_us=33938 tear_edge_observed=1 frame_reused=1 pass=1
[12:14:12] TINYDRAW_PANSEQ_FRAME zoom=100 step=7 dx=24 dy=18 scroll_us=12 exposed_compose_us=4392 chrome_us=2367 tear_wait_us=12393 present_us=15975 prepare_us=10711 acquire_wait_us=19 ring_copy_us=8341 patch_us=2361 byte_swap_us=9 staging_us=4159 event_submit_us=16951 event_complete_us=20129 frame_us=32919 tear_edge_observed=1 frame_reused=1 pass=1
[12:14:12] TINYDRAW_PANSEQ_FRAME zoom=100 step=8 dx=24 dy=18 scroll_us=12 exposed_compose_us=4393 chrome_us=2354 tear_wait_us=13104 present_us=16278 prepare_us=10772 acquire_wait_us=19 ring_copy_us=8424 patch_us=2339 byte_swap_us=9 staging_us=4087 event_submit_us=17671 event_complete_us=20824 frame_us=33938 tear_edge_observed=1 frame_reused=1 pass=1
[12:14:12] TINYDRAW_PANSEQ_FRAME zoom=100 step=9 dx=24 dy=18 scroll_us=12 exposed_compose_us=4423 chrome_us=2337 tear_wait_us=12756 present_us=16587 prepare_us=10744 acquire_wait_us=19 ring_copy_us=8410 patch_us=2326 byte_swap_us=8 staging_us=4099 event_submit_us=17339 event_complete_us=20489 frame_us=33919 tear_edge_observed=1 frame_reused=1 pass=1
[12:14:12] TINYDRAW_PANSEQ_FRAME zoom=100 step=10 dx=24 dy=18 scroll_us=12 exposed_compose_us=4119 chrome_us=2393 tear_wait_us=12759 present_us=15898 prepare_us=10811 acquire_wait_us=20 ring_copy_us=8421 patch_us=2383 byte_swap_us=7 staging_us=4068 event_submit_us=17042 event_complete_us=20206 frame_us=32938 tear_edge_observed=1 frame_reused=1 pass=1
[12:14:12] TINYDRAW_PANSEQ_FRAME zoom=100 step=11 dx=24 dy=18 scroll_us=12 exposed_compose_us=4636 chrome_us=2339 tear_wait_us=12925 present_us=16207 prepare_us=10722 acquire_wait_us=20 ring_copy_us=8386 patch_us=2328 byte_swap_us=8 staging_us=4126 event_submit_us=17719 event_complete_us=20879 frame_us=33919 tear_edge_observed=1 frame_reused=1 pass=1
[12:14:12] TINYDRAW_PANSEQ_FRAME zoom=100 step=12 dx=24 dy=18 scroll_us=12 exposed_compose_us=4165 chrome_us=2344 tear_wait_us=13105 present_us=16506 prepare_us=10767 acquire_wait_us=19 ring_copy_us=8429 patch_us=2329 byte_swap_us=9 staging_us=4105 event_submit_us=17451 event_complete_us=20614 frame_us=33938 tear_edge_observed=1 frame_reused=1 pass=1
[12:14:12] TINYDRAW_PANSEQ_FRAME zoom=100 step=13 dx=24 dy=18 scroll_us=12 exposed_compose_us=4422 chrome_us=2342 tear_wait_us=12537 present_us=15817 prepare_us=10712 acquire_wait_us=22 ring_copy_us=8378 patch_us=2325 byte_swap_us=9 staging_us=4161 event_submit_us=17120 event_complete_us=20303 frame_us=32925 tear_edge_observed=1 frame_reused=1 pass=1
[12:14:12] TINYDRAW_PANSEQ_FRAME zoom=100 step=14 dx=24 dy=18 scroll_us=12 exposed_compose_us=4131 chrome_us=2347 tear_wait_us=13530 present_us=16109 prepare_us=10770 acquire_wait_us=21 ring_copy_us=8426 patch_us=2338 byte_swap_us=6 staging_us=4086 event_submit_us=17822 event_complete_us=20984 frame_us=33932 tear_edge_observed=1 frame_reused=1 pass=1
[12:14:12] TINYDRAW_PANSEQ_FRAME zoom=100 step=15 dx=24 dy=18 scroll_us=12 exposed_compose_us=4474 chrome_us=2350 tear_wait_us=12952 present_us=16342 prepare_us=10711 acquire_wait_us=20 ring_copy_us=8366 patch_us=2338 byte_swap_us=7 staging_us=4127 event_submit_us=17584 event_complete_us=20747 frame_us=33919 tear_edge_observed=1 frame_reused=1 pass=1
[12:14:12] TINYDRAW_PANSEQ_FRAME zoom=100 step=16 dx=72 dy=54 scroll_us=12 exposed_compose_us=11708 chrome_us=2350 tear_wait_us=5426 present_us=16642 prepare_us=10784 acquire_wait_us=20 ring_copy_us=8438 patch_us=2338 byte_swap_us=8 staging_us=4062 event_submit_us=17299 event_complete_us=20448 frame_us=33938 tear_edge_observed=1 frame_reused=1 pass=1
[12:14:12] TINYDRAW_PANSEQ_FRAME zoom=100 step=17 dx=72 dy=54 scroll_us=12 exposed_compose_us=11675 chrome_us=2373 tear_wait_us=5155 present_us=15938 prepare_us=10731 acquire_wait_us=19 ring_copy_us=8364 patch_us=2359 byte_swap_us=8 staging_us=4135 event_submit_us=16989 event_complete_us=20157 frame_us=32919 tear_edge_observed=1 frame_reused=1 pass=1
[12:14:12] TINYDRAW_PANSEQ_FRAME zoom=100 step=18 dx=72 dy=54 scroll_us=12 exposed_compose_us=10050 chrome_us=2329 tear_wait_us=7499 present_us=16227 prepare_us=10768 acquire_wait_us=19 ring_copy_us=8430 patch_us=2329 byte_swap_us=9 staging_us=4093 event_submit_us=17709 event_complete_us=20856 frame_us=33939 tear_edge_observed=1 frame_reused=1 pass=1
[12:14:12] TINYDRAW_PANSEQ_FRAME zoom=100 step=19 dx=72 dy=54 scroll_us=12 exposed_compose_us=10050 chrome_us=2335 tear_wait_us=7197 present_us=16520 prepare_us=10728 acquire_wait_us=18 ring_copy_us=8392 patch_us=2329 byte_swap_us=7 staging_us=4126 event_submit_us=17427 event_complete_us=20586 frame_us=33917 tear_edge_observed=1 frame_reused=1 pass=1
[12:14:12] TINYDRAW_PANSEQ_FRAME zoom=100 step=20 dx=-72 dy=-54 scroll_us=11 exposed_compose_us=11528 chrome_us=2362 tear_wait_us=5439 present_us=15800 prepare_us=10770 acquire_wait_us=20 ring_copy_us=8420 patch_us=2341 byte_swap_us=9 staging_us=4080 event_submit_us=17139 event_complete_us=20285 frame_us=32938 tear_edge_observed=1 frame_reused=1 pass=1
[12:14:12] TINYDRAW_PANSEQ_FRAME zoom=100 step=21 dx=-72 dy=-54 scroll_us=12 exposed_compose_us=11675 chrome_us=2345 tear_wait_us=6009 present_us=16084 prepare_us=10696 acquire_wait_us=20 ring_copy_us=8352 patch_us=2335 byte_swap_us=9 staging_us=4123 event_submit_us=17842 event_complete_us=20968 frame_us=33919 tear_edge_observed=1 frame_reused=1 pass=1
[12:14:12] TINYDRAW_PANSEQ_FRAME zoom=100 step=22 dx=-72 dy=-54 scroll_us=12 exposed_compose_us=11693 chrome_us=2342 tear_wait_us=5717 present_us=16365 prepare_us=10692 acquire_wait_us=20 ring_copy_us=8344 patch_us=2329 byte_swap_us=19 staging_us=4133 event_submit_us=17573 event_complete_us=20712 frame_us=33938 tear_edge_observed=1 frame_reused=1 pass=1
[12:14:12] TINYDRAW_PANSEQ_FRAME zoom=100 step=23 dx=-72 dy=-54 scroll_us=12 exposed_compose_us=11361 chrome_us=2350 tear_wait_us=5761 present_us=16645 prepare_us=10731 acquire_wait_us=25 ring_copy_us=8387 patch_us=2337 byte_swap_us=7 staging_us=4108 event_submit_us=17284 event_complete_us=20431 frame_us=33919 tear_edge_observed=1 frame_reused=1 pass=1
[12:14:12] TINYDRAW_PANSEQ_STRIP zoom=100 strip=0 panel_y=0 rows=44 samples=24 staging_mean_us=1345 staging_max_us=1385 wire_budget_us=1619 over_budget_us=0 pass=1
[12:14:12] TINYDRAW_PANSEQ_STRIP zoom=100 strip=1 panel_y=44 rows=44 samples=24 staging_mean_us=1247 staging_max_us=1268 wire_budget_us=1619 over_budget_us=0 pass=1
[12:14:12] TINYDRAW_PANSEQ_STRIP zoom=100 strip=2 panel_y=88 rows=44 samples=24 staging_mean_us=1200 staging_max_us=1210 wire_budget_us=1619 over_budget_us=0 pass=1
[12:14:12] TINYDRAW_PANSEQ_STRIP zoom=100 strip=3 panel_y=132 rows=44 samples=24 staging_mean_us=1196 staging_max_us=1210 wire_budget_us=1619 over_budget_us=0 pass=1
[12:14:12] TINYDRAW_PANSEQ_STRIP zoom=100 strip=4 panel_y=176 rows=44 samples=24 staging_mean_us=1193 staging_max_us=1205 wire_budget_us=1619 over_budget_us=0 pass=1
[12:14:12] TINYDRAW_PANSEQ_STRIP zoom=100 strip=5 panel_y=220 rows=44 samples=24 staging_mean_us=1205 staging_max_us=1220 wire_budget_us=1619 over_budget_us=0 pass=1
[12:14:12] TINYDRAW_PANSEQ_STRIP zoom=100 strip=6 panel_y=264 rows=44 samples=24 staging_mean_us=1398 staging_max_us=1426 wire_budget_us=1619 over_budget_us=0 pass=1
[12:14:13] TINYDRAW_PANSEQ_STRIP zoom=100 strip=7 panel_y=308 rows=44 samples=24 staging_mean_us=1355 staging_max_us=1371 wire_budget_us=1619 over_budget_us=0 pass=1
[12:14:13] TINYDRAW_PANSEQ_STRIP zoom=100 strip=8 panel_y=352 rows=20 samples=24 staging_mean_us=620 staging_max_us=645 wire_budget_us=736 over_budget_us=0 pass=1
[12:14:13] TINYDRAW_GATE1_PANSEQ zoom=100 frames=24 scroll_avg_us=11 exposed_avg_us=6630 chrome_avg_us=2348 tear_wait_avg_us=10386 present_avg_us=16296 prepare_avg_us=10742 acquire_wait_avg_us=20 ring_copy_avg_us=8395 patch_avg_us=2337 byte_swap_avg_us=8 staging_avg_us=4116 frame_avg_us=33471 frame_p50_us=33919 frame_p95_us=33939 frame_max_us=33940 complete_p50_us=20448 complete_p95_us=20968 complete_max_us=20984 tear_edge_failures=0 presentation_experiment=boundary-top-sweep te_edge=rising requested_clock_mhz=50 effective_clock_mhz=40 chrome_bottom_redraws=0 chrome_battery_redraws=0 chrome_zoom_redraws=0 chrome_minimap_base_redraws=0 strip_samples=216 staging_mean_us=1195 staging_max_us=1426 worst_strip=8 worst_strip_y=352 worst_wire_budget_us=736 worst_headroom_us=91 staging_invariant=1 pacing_pass=1 all_reused=1 pass=1
[12:14:14] TINYDRAW_PANSEQ_FRAME zoom=400 step=0 dx=24 dy=18 scroll_us=12 exposed_compose_us=4356 chrome_us=2215 tear_wait_us=8353 present_us=16086 prepare_us=10615 acquire_wait_us=20 ring_copy_us=8407 patch_us=2200 byte_swap_us=8 staging_us=4251 event_submit_us=12884 event_complete_us=16044 frame_us=28973 tear_edge_observed=1 frame_reused=1 pass=1
[12:14:14] TINYDRAW_PANSEQ_FRAME zoom=400 step=1 dx=24 dy=18 scroll_us=12 exposed_compose_us=4408 chrome_us=2217 tear_wait_us=12954 present_us=16397 prepare_us=10525 acquire_wait_us=20 ring_copy_us=8310 patch_us=2208 byte_swap_us=7 staging_us=4316 event_submit_us=17523 event_complete_us=20679 frame_us=33911 tear_edge_observed=1 frame_reused=1 pass=1
[12:14:14] TINYDRAW_PANSEQ_FRAME zoom=400 step=2 dx=24 dy=18 scroll_us=12 exposed_compose_us=4121 chrome_us=2242 tear_wait_us=12948 present_us=16709 prepare_us=10700 acquire_wait_us=19 ring_copy_us=8458 patch_us=2234 byte_swap_us=8 staging_us=4173 event_submit_us=17231 event_complete_us=20409 frame_us=33937 tear_edge_observed=1 frame_reused=1 pass=1
[12:14:15] TINYDRAW_PANSEQ_FRAME zoom=400 step=3 dx=24 dy=18 scroll_us=11 exposed_compose_us=4590 chrome_us=2222 tear_wait_us=12155 present_us=16015 prepare_us=10554 acquire_wait_us=22 ring_copy_us=8337 patch_us=2208 byte_swap_us=9 staging_us=4305 event_submit_us=16915 event_complete_us=20076 frame_us=32920 tear_edge_observed=1 frame_reused=1 pass=1
[12:14:15] TINYDRAW_PANSEQ_FRAME zoom=400 step=4 dx=24 dy=18 scroll_us=12 exposed_compose_us=4162 chrome_us=2228 tear_wait_us=13288 present_us=16326 prepare_us=10619 acquire_wait_us=20 ring_copy_us=8395 patch_us=2216 byte_swap_us=8 staging_us=4239 event_submit_us=17612 event_complete_us=20784 frame_us=33937 tear_edge_observed=1 frame_reused=1 pass=1
[12:14:15] TINYDRAW_PANSEQ_FRAME zoom=400 step=5 dx=24 dy=18 scroll_us=12 exposed_compose_us=4426 chrome_us=2212 tear_wait_us=12706 present_us=16635 prepare_us=10580 acquire_wait_us=18 ring_copy_us=8375 patch_us=2196 byte_swap_us=9 staging_us=4253 event_submit_us=17294 event_complete_us=20444 frame_us=33920 tear_edge_observed=1 frame_reused=1 pass=1
[12:14:15] TINYDRAW_PANSEQ_FRAME zoom=400 step=6 dx=24 dy=18 scroll_us=12 exposed_compose_us=4082 chrome_us=2224 tear_wait_us=12775 present_us=15920 prepare_us=10653 acquire_wait_us=21 ring_copy_us=8432 patch_us=2212 byte_swap_us=9 staging_us=4228 event_submit_us=17018 event_complete_us=20186 frame_us=32937 tear_edge_observed=1 frame_reused=1 pass=1
[12:14:15] TINYDRAW_PANSEQ_FRAME zoom=400 step=7 dx=24 dy=18 scroll_us=12 exposed_compose_us=4414 chrome_us=2209 tear_wait_us=13137 present_us=16216 prepare_us=10618 acquire_wait_us=29 ring_copy_us=8411 patch_us=2199 byte_swap_us=8 staging_us=4229 event_submit_us=17710 event_complete_us=20865 frame_us=33920 tear_edge_observed=1 frame_reused=1 pass=1
[12:14:15] TINYDRAW_PANSEQ_FRAME zoom=400 step=8 dx=24 dy=18 scroll_us=12 exposed_compose_us=4374 chrome_us=2206 tear_wait_us=12884 present_us=16516 prepare_us=10656 acquire_wait_us=18 ring_copy_us=8452 patch_us=2195 byte_swap_us=9 staging_us=4218 event_submit_us=17439 event_complete_us=20609 frame_us=33937 tear_edge_observed=1 frame_reused=1 pass=1
[12:14:15] TINYDRAW_PANSEQ_FRAME zoom=400 step=9 dx=24 dy=18 scroll_us=12 exposed_compose_us=4404 chrome_us=2229 tear_wait_us=12541 present_us=15821 prepare_us=10622 acquire_wait_us=22 ring_copy_us=8399 patch_us=2215 byte_swap_us=8 staging_us=4248 event_submit_us=17107 event_complete_us=20276 frame_us=32920 tear_edge_observed=1 frame_reused=1 pass=1
[12:14:15] TINYDRAW_PANSEQ_FRAME zoom=400 step=10 dx=24 dy=18 scroll_us=12 exposed_compose_us=4127 chrome_us=2209 tear_wait_us=13515 present_us=16133 prepare_us=10646 acquire_wait_us=21 ring_copy_us=8438 patch_us=2199 byte_swap_us=9 staging_us=4210 event_submit_us=17805 event_complete_us=20955 frame_us=33937 tear_edge_observed=1 frame_reused=1 pass=1
[12:14:15] TINYDRAW_PANSEQ_FRAME zoom=400 step=11 dx=24 dy=18 scroll_us=12 exposed_compose_us=4639 chrome_us=2214 tear_wait_us=12678 present_us=16450 prepare_us=10569 acquire_wait_us=21 ring_copy_us=8356 patch_us=2206 byte_swap_us=7 staging_us=4294 event_submit_us=17479 event_complete_us=20650 frame_us=33920 tear_edge_observed=1 frame_reused=1 pass=1
[12:14:15] TINYDRAW_PANSEQ_FRAME zoom=400 step=12 dx=24 dy=18 scroll_us=12 exposed_compose_us=4155 chrome_us=2203 tear_wait_us=12866 present_us=16755 prepare_us=10582 acquire_wait_us=22 ring_copy_us=8384 patch_us=2191 byte_swap_us=7 staging_us=4290 event_submit_us=17185 event_complete_us=20357 frame_us=33937 tear_edge_observed=1 frame_reused=1 pass=1
[12:14:15] TINYDRAW_PANSEQ_FRAME zoom=400 step=13 dx=24 dy=18 scroll_us=12 exposed_compose_us=4402 chrome_us=2220 tear_wait_us=12290 present_us=16069 prepare_us=10570 acquire_wait_us=19 ring_copy_us=8350 patch_us=2211 byte_swap_us=9 staging_us=4267 event_submit_us=16856 event_complete_us=19994 frame_us=32912 tear_edge_observed=1 frame_reused=1 pass=1
[12:14:15] TINYDRAW_PANSEQ_FRAME zoom=400 step=14 dx=24 dy=18 scroll_us=12 exposed_compose_us=4128 chrome_us=2207 tear_wait_us=13262 present_us=16386 prepare_us=10570 acquire_wait_us=20 ring_copy_us=8361 patch_us=2201 byte_swap_us=8 staging_us=4273 event_submit_us=17552 event_complete_us=20712 frame_us=33937 tear_edge_observed=1 frame_reused=1 pass=1
[12:14:15] TINYDRAW_PANSEQ_FRAME zoom=400 step=15 dx=24 dy=18 scroll_us=12 exposed_compose_us=4457 chrome_us=2218 tear_wait_us=12617 present_us=16692 prepare_us=10618 acquire_wait_us=20 ring_copy_us=8406 patch_us=2203 byte_swap_us=9 staging_us=4246 event_submit_us=17236 event_complete_us=20408 frame_us=33920 tear_edge_observed=1 frame_reused=1 pass=1
[12:14:15] TINYDRAW_PANSEQ_FRAME zoom=400 step=16 dx=72 dy=54 scroll_us=12 exposed_compose_us=11674 chrome_us=2205 tear_wait_us=5101 present_us=15993 prepare_us=10551 acquire_wait_us=20 ring_copy_us=8347 patch_us=2196 byte_swap_us=8 staging_us=4316 event_submit_us=16943 event_complete_us=20103 frame_us=32938 tear_edge_observed=1 frame_reused=1 pass=1
[12:14:15] TINYDRAW_PANSEQ_FRAME zoom=400 step=17 dx=72 dy=54 scroll_us=12 exposed_compose_us=11507 chrome_us=2233 tear_wait_us=5953 present_us=16306 prepare_us=10573 acquire_wait_us=20 ring_copy_us=8340 patch_us=2225 byte_swap_us=8 staging_us=4262 event_submit_us=17629 event_complete_us=20772 frame_us=33918 tear_edge_observed=1 frame_reused=1 pass=1
[12:14:15] TINYDRAW_PANSEQ_FRAME zoom=400 step=18 dx=72 dy=54 scroll_us=12 exposed_compose_us=11392 chrome_us=2224 tear_wait_us=5799 present_us=16584 prepare_us=10640 acquire_wait_us=19 ring_copy_us=8419 patch_us=2214 byte_swap_us=7 staging_us=4189 event_submit_us=17354 event_complete_us=20493 frame_us=33937 tear_edge_observed=1 frame_reused=1 pass=1
[12:14:15] TINYDRAW_PANSEQ_FRAME zoom=400 step=19 dx=72 dy=54 scroll_us=12 exposed_compose_us=11591 chrome_us=2242 tear_wait_us=5304 present_us=15871 prepare_us=10606 acquire_wait_us=20 ring_copy_us=8369 patch_us=2230 byte_swap_us=7 staging_us=4267 event_submit_us=17055 event_complete_us=20218 frame_us=32919 tear_edge_observed=1 frame_reused=1 pass=1
[12:14:15] TINYDRAW_PANSEQ_FRAME zoom=400 step=20 dx=-72 dy=-54 scroll_us=12 exposed_compose_us=11760 chrome_us=2207 tear_wait_us=5823 present_us=16189 prepare_us=10592 acquire_wait_us=19 ring_copy_us=8387 patch_us=2196 byte_swap_us=9 staging_us=4235 event_submit_us=17748 event_complete_us=20878 frame_us=33937 tear_edge_observed=1 frame_reused=1 pass=1
[12:14:15] TINYDRAW_PANSEQ_FRAME zoom=400 step=21 dx=-72 dy=-54 scroll_us=12 exposed_compose_us=11661 chrome_us=2226 tear_wait_us=5603 present_us=16503 prepare_us=10571 acquire_wait_us=20 ring_copy_us=8349 patch_us=2215 byte_swap_us=7 staging_us=4270 event_submit_us=17442 event_complete_us=20577 frame_us=33918 tear_edge_observed=1 frame_reused=1 pass=1
[12:14:15] TINYDRAW_PANSEQ_FRAME zoom=400 step=22 dx=-72 dy=-54 scroll_us=10 exposed_compose_us=11672 chrome_us=2241 tear_wait_us=5275 present_us=15828 prepare_us=10672 acquire_wait_us=20 ring_copy_us=8437 patch_us=2228 byte_swap_us=7 staging_us=4190 event_submit_us=17115 event_complete_us=20267 frame_us=32938 tear_edge_observed=1 frame_reused=1 pass=1
[12:14:15] TINYDRAW_PANSEQ_FRAME zoom=400 step=23 dx=-72 dy=-54 scroll_us=12 exposed_compose_us=11374 chrome_us=2203 tear_wait_us=6239 present_us=16157 prepare_us=10555 acquire_wait_us=21 ring_copy_us=8339 patch_us=2208 byte_swap_us=8 staging_us=4295 event_submit_us=17769 event_complete_us=20905 frame_us=33918 tear_edge_observed=1 frame_reused=1 pass=1
[12:14:15] TINYDRAW_PANSEQ_STRIP zoom=400 strip=0 panel_y=0 rows=44 samples=24 staging_mean_us=1343 staging_max_us=1370 wire_budget_us=1619 over_budget_us=0 pass=1
[12:14:15] TINYDRAW_PANSEQ_STRIP zoom=400 strip=1 panel_y=44 rows=44 samples=24 staging_mean_us=1245 staging_max_us=1258 wire_budget_us=1619 over_budget_us=0 pass=1
[12:14:15] TINYDRAW_PANSEQ_STRIP zoom=400 strip=2 panel_y=88 rows=44 samples=24 staging_mean_us=1197 staging_max_us=1212 wire_budget_us=1619 over_budget_us=0 pass=1
[12:14:15] TINYDRAW_PANSEQ_STRIP zoom=400 strip=3 panel_y=132 rows=44 samples=24 staging_mean_us=1195 staging_max_us=1209 wire_budget_us=1619 over_budget_us=0 pass=1
[12:14:15] TINYDRAW_PANSEQ_STRIP zoom=400 strip=4 panel_y=176 rows=44 samples=24 staging_mean_us=1192 staging_max_us=1206 wire_budget_us=1619 over_budget_us=0 pass=1
[12:14:15] TINYDRAW_PANSEQ_STRIP zoom=400 strip=5 panel_y=220 rows=44 samples=24 staging_mean_us=1179 staging_max_us=1205 wire_budget_us=1619 over_budget_us=0 pass=1
[12:14:15] TINYDRAW_PANSEQ_STRIP zoom=400 strip=6 panel_y=264 rows=44 samples=24 staging_mean_us=1340 staging_max_us=1381 wire_budget_us=1619 over_budget_us=0 pass=1
[12:14:15] TINYDRAW_PANSEQ_STRIP zoom=400 strip=7 panel_y=308 rows=44 samples=24 staging_mean_us=1331 staging_max_us=1345 wire_budget_us=1619 over_budget_us=0 pass=1
[12:14:15] TINYDRAW_PANSEQ_STRIP zoom=400 strip=8 panel_y=352 rows=20 samples=24 staging_mean_us=596 staging_max_us=622 wire_budget_us=736 over_budget_us=0 pass=1
[12:14:15] TINYDRAW_GATE1_PANSEQ zoom=400 frames=24 scroll_avg_us=11 exposed_avg_us=6744 chrome_avg_us=2219 tear_wait_avg_us=10252 present_avg_us=16273 prepare_avg_us=10602 acquire_wait_avg_us=20 ring_copy_avg_us=8385 patch_avg_us=2208 byte_swap_avg_us=8 staging_avg_us=4252 frame_avg_us=33429 frame_p50_us=33918 frame_p95_us=33937 frame_max_us=33937 complete_p50_us=20444 complete_p95_us=20905 complete_max_us=20955 tear_edge_failures=0 presentation_experiment=boundary-top-sweep te_edge=rising requested_clock_mhz=50 effective_clock_mhz=40 chrome_bottom_redraws=0 chrome_battery_redraws=0 chrome_zoom_redraws=0 chrome_minimap_base_redraws=0 strip_samples=216 staging_mean_us=1180 staging_max_us=1381 worst_strip=8 worst_strip_y=352 worst_wire_budget_us=736 worst_headroom_us=114 staging_invariant=1 pacing_pass=1 all_reused=1 pass=1
[12:14:16] TINYDRAW_GATE1_PAN_BOUNDARY zoom=100 slow_1px_trace=1 below_delta=94 below_reused=1 at_delta=96 at_reused=1 above_delta=98 above_fallback=1 pass=1
[12:14:16] TINYDRAW_GATE1_PAN_BOUNDARY zoom=400 slow_1px_trace=1 below_delta=94 below_reused=1 at_delta=96 at_reused=1 above_delta=98 above_fallback=1 pass=1
[12:14:16] TINYDRAW_GATE1_DRAW_FILL zoom=400 revision=2930 append_us=1418 poll_gap_us=95 event_submit_us=220 event_complete_us=2164 max_compute_slice_us=5364 max_display_slice_us=15510 fill_us=217784 revision_restarted=1 pass=1
[12:14:17] TINYDRAW_GATE1_CACHE_FILL zoom=50 x=63 y=63 published=56 total_us=564960 within_cold_gate=0 complete=1
[12:14:17] TINYDRAW_GATE1_CACHE_FILL zoom=100 x=63 y=63 published=56 total_us=458958 within_cold_gate=1 complete=1
[12:14:18] TINYDRAW_GATE1_CACHE_FILL zoom=200 x=63 y=63 published=56 total_us=324958 within_cold_gate=1 complete=1
[12:14:18] TINYDRAW_GATE1_CACHE_FILL zoom=400 x=63 y=63 published=56 total_us=270959 within_cold_gate=1 complete=1
[12:14:18] TINYDRAW_GATE1_CACHE_REVISIT zoom=50 remaining=0 tile_pixels=118128 fallback_pixels=0 compose_us=15949 complete_us=20739 hit=1
[12:14:18] TINYDRAW_GATE1_CACHE_REVISIT zoom=100 remaining=0 tile_pixels=164864 fallback_pixels=0 compose_us=18422 complete_us=20232 hit=1
[12:14:18] TINYDRAW_GATE1_CACHE_REVISIT zoom=200 remaining=0 tile_pixels=164864 fallback_pixels=0 compose_us=18396 complete_us=20729 hit=1
[12:14:18] TINYDRAW_GATE1_CACHE_REVISIT zoom=400 remaining=0 tile_pixels=164608 fallback_pixels=0 compose_us=18383 complete_us=20206 hit=1
[12:14:19] TINYDRAW_GATE1_CACHE_FILL zoom=400 x=575 y=575 published=56 total_us=285962 within_cold_gate=1 complete=1
[12:14:19] TINYDRAW_GATE1_CACHE_ROUND_TRIP zoom=50 from_x=63 from_y=63 via_x=575 via_y=575 remaining=0 tile_pixels=118128 fallback_pixels=0 compose_us=15977 complete_us=20920 hit=1
[12:14:19] TINYDRAW_GATE1_CACHE_ROUND_TRIP zoom=100 from_x=63 from_y=63 via_x=575 via_y=575 remaining=0 tile_pixels=164864 fallback_pixels=0 compose_us=18389 complete_us=20402 hit=1
[12:14:19] TINYDRAW_GATE1_CACHE_ROUND_TRIP zoom=200 from_x=63 from_y=63 via_x=575 via_y=575 remaining=0 tile_pixels=164864 fallback_pixels=0 compose_us=18428 complete_us=20866 hit=1
[12:14:19] TINYDRAW_GATE1_CACHE_ROUND_TRIP zoom=400 from_x=63 from_y=63 via_x=575 via_y=575 remaining=0 tile_pixels=164608 fallback_pixels=0 compose_us=18421 complete_us=20349 hit=1
[12:14:19] TINYDRAW_GATE1_CACHE_RETENTION pass=1 slots=448 revision=2930
[12:14:20] TINYDRAW_PAPER_SWEEP zoom=100 identities=644 raw=266 uniform=378 fallback=0 slots=448 total_us=1256936 pass=1
[12:14:20] TINYDRAW_RERENDER_LEDGER_RESET site=cache_tour_start
[12:14:23] TINYDRAW_GATE1_CACHE_TOUR slots=448 stops=16 forward_steps=2161 forward_tiles=832 forward_wall_us=1278239 return_missing_tiles=0 return_steps=16 return_tiles=0 return_wall_us=5330 home_missing=0 home_fallback_pixels=0 pass=1
[12:14:23] TINYDRAW_RERENDER_LEDGER site=cache_tour renders=137 unique=137 amplification=1.000 cold=137 damage=0 evict=0 stale=0 unexplained=0
[12:14:24] TINYDRAW_GATE1_MIXED_DRAW_WARM zoom=50 fill_tiles=56 fill_us=491547 raw=42 uniform=14
[12:14:24] TINYDRAW_GATE1_MIXED_DRAW_WARM zoom=100 fill_tiles=56 fill_us=379972 raw=56 uniform=0
[12:14:24] TINYDRAW_GATE1_MIXED_DRAW_WARM zoom=200 fill_tiles=56 fill_us=295910 raw=56 uniform=0
[12:14:25] TINYDRAW_GATE1_MIXED_DRAW_WARM zoom=400 fill_tiles=42 fill_us=189824 raw=42 uniform=0
[12:14:26] TINYDRAW_GATE1_MIXED_DRAW zoom=25 tool=pen chunks=50 append_max_us=153 append_avg_us=72 append_total_us=3603 affected_tiles=391 published=207 fallback=184 visible_fallback=0 drop_uni_slot=0 drop_uni_paint=0 drop_raw_edit=0 drop_raw_paint=0 off_skip=184 drain_ops=50 drain_total_us=909906 drain_max_us=31085 ph_prepare_max_us=139 ph_overview_max_us=8990 ph_enumerate_max_us=592 ph_uniform_max_us=5265 ph_raw_max_us=15 ph_offscreen_max_us=17749 ph_commit_max_us=4093 committed=1 authority=1 refresh=1 run_ok=1 pass=1
[12:14:27] TINYDRAW_GATE1_MIXED_DRAW zoom=25 tool=eraser chunks=50 append_max_us=126 append_avg_us=70 append_total_us=3501 affected_tiles=142 published=141 fallback=1 visible_fallback=0 drop_uni_slot=0 drop_uni_paint=0 drop_raw_edit=0 drop_raw_paint=0 off_skip=1 drain_ops=50 drain_total_us=813987 drain_max_us=28942 ph_prepare_max_us=116 ph_overview_max_us=9085 ph_enumerate_max_us=544 ph_uniform_max_us=28 ph_raw_max_us=17 ph_offscreen_max_us=16296 ph_commit_max_us=4020 committed=1 authority=1 refresh=1 run_ok=1 pass=1
[12:14:29] TINYDRAW_GATE1_MIXED_DRAW zoom=50 tool=pen chunks=50 append_max_us=130 append_avg_us=70 append_total_us=3519 affected_tiles=691 published=550 fallback=141 visible_fallback=0 drop_uni_slot=0 drop_uni_paint=0 drop_raw_edit=0 drop_raw_paint=0 off_skip=141 drain_ops=50 drain_total_us=1021649 drain_max_us=38552 ph_prepare_max_us=119 ph_overview_max_us=3804 ph_enumerate_max_us=571 ph_uniform_max_us=21573 ph_raw_max_us=12041 ph_offscreen_max_us=13322 ph_commit_max_us=1761 committed=1 authority=1 refresh=1 run_ok=1 pass=1
[12:14:30] TINYDRAW_GATE1_MIXED_DRAW zoom=50 tool=eraser chunks=50 append_max_us=146 append_avg_us=72 append_total_us=3643 affected_tiles=469 published=469 fallback=0 visible_fallback=0 drop_uni_slot=0 drop_uni_paint=0 drop_raw_edit=0 drop_raw_paint=0 off_skip=0 drain_ops=50 drain_total_us=890135 drain_max_us=26606 ph_prepare_max_us=127 ph_overview_max_us=3759 ph_enumerate_max_us=592 ph_uniform_max_us=32 ph_raw_max_us=12051 ph_offscreen_max_us=12060 ph_commit_max_us=1674 committed=1 authority=1 refresh=1 run_ok=1 pass=1
[12:14:32] TINYDRAW_GATE1_MIXED_DRAW zoom=100 tool=pen chunks=50 append_max_us=171 append_avg_us=75 append_total_us=3793 affected_tiles=740 published=647 fallback=93 visible_fallback=0 drop_uni_slot=0 drop_uni_paint=0 drop_raw_edit=0 drop_raw_paint=0 off_skip=93 drain_ops=50 drain_total_us=1020191 drain_max_us=33302 ph_prepare_max_us=147 ph_overview_max_us=1868 ph_enumerate_max_us=543 ph_uniform_max_us=22208 ph_raw_max_us=11940 ph_offscreen_max_us=15113 ph_commit_max_us=1083 committed=1 authority=1 refresh=1 run_ok=1 pass=1
[12:14:34] TINYDRAW_GATE1_MIXED_DRAW zoom=100 tool=eraser chunks=50 append_max_us=157 append_avg_us=72 append_total_us=3630 affected_tiles=549 published=549 fallback=0 visible_fallback=0 drop_uni_slot=0 drop_uni_paint=0 drop_raw_edit=0 drop_raw_paint=0 off_skip=0 drain_ops=50 drain_total_us=871208 drain_max_us=26295 ph_prepare_max_us=140 ph_overview_max_us=1876 ph_enumerate_max_us=568 ph_uniform_max_us=34 ph_raw_max_us=12026 ph_offscreen_max_us=13365 ph_commit_max_us=965 committed=1 authority=1 refresh=1 run_ok=1 pass=1
[12:14:36] TINYDRAW_GATE1_MIXED_DRAW zoom=200 tool=pen chunks=50 append_max_us=162 append_avg_us=75 append_total_us=3769 affected_tiles=718 published=685 fallback=33 visible_fallback=0 drop_uni_slot=0 drop_uni_paint=0 drop_raw_edit=0 drop_raw_paint=0 off_skip=33 drain_ops=50 drain_total_us=1021119 drain_max_us=27801 ph_prepare_max_us=144 ph_overview_max_us=1058 ph_enumerate_max_us=552 ph_uniform_max_us=12099 ph_raw_max_us=12130 ph_offscreen_max_us=14686 ph_commit_max_us=908 committed=1 authority=1 refresh=1 run_ok=1 pass=1
[12:14:37] TINYDRAW_GATE1_MIXED_DRAW zoom=200 tool=eraser chunks=50 append_max_us=150 append_avg_us=69 append_total_us=3478 affected_tiles=641 published=640 fallback=1 visible_fallback=0 drop_uni_slot=0 drop_uni_paint=0 drop_raw_edit=0 drop_raw_paint=0 off_skip=1 drain_ops=50 drain_total_us=958331 drain_max_us=25950 ph_prepare_max_us=132 ph_overview_max_us=1091 ph_enumerate_max_us=573 ph_uniform_max_us=38 ph_raw_max_us=12059 ph_offscreen_max_us=14956 ph_commit_max_us=836 committed=1 authority=1 refresh=1 run_ok=1 pass=1
[12:14:39] TINYDRAW_GATE1_MIXED_DRAW zoom=400 tool=pen chunks=50 append_max_us=130 append_avg_us=69 append_total_us=3472 affected_tiles=743 published=743 fallback=0 visible_fallback=0 drop_uni_slot=0 drop_uni_paint=0 drop_raw_edit=0 drop_raw_paint=0 off_skip=0 drain_ops=50 drain_total_us=1007355 drain_max_us=23818 ph_prepare_max_us=112 ph_overview_max_us=732 ph_enumerate_max_us=708 ph_uniform_max_us=4023 ph_raw_max_us=12043 ph_offscreen_max_us=10066 ph_commit_max_us=802 committed=1 authority=1 refresh=1 run_ok=1 pass=1
[12:14:40] TINYDRAW_GATE1_MIXED_DRAW zoom=400 tool=eraser chunks=50 append_max_us=163 append_avg_us=75 append_total_us=3785 affected_tiles=746 published=746 fallback=0 visible_fallback=0 drop_uni_slot=0 drop_uni_paint=0 drop_raw_edit=0 drop_raw_paint=0 off_skip=0 drain_ops=50 drain_total_us=1003180 drain_max_us=23803 ph_prepare_max_us=145 ph_overview_max_us=729 ph_enumerate_max_us=696 ph_uniform_max_us=38 ph_raw_max_us=12080 ph_offscreen_max_us=9927 ph_commit_max_us=786 committed=1 authority=1 refresh=1 run_ok=1 pass=1
[12:14:40] TINYDRAW_GATE1_MIXED_DRAW_REVISIT zoom=50 missing=0 refill_tiles=0 refill_us=328
[12:14:40] TINYDRAW_GATE1_MIXED_DRAW_REVISIT zoom=100 missing=0 refill_tiles=0 refill_us=329
[12:14:40] TINYDRAW_GATE1_MIXED_DRAW_REVISIT zoom=200 missing=0 refill_tiles=0 refill_us=323
[12:14:40] TINYDRAW_GATE1_MIXED_DRAW_REVISIT zoom=400 missing=0 refill_tiles=0 refill_us=264
[12:14:40] TINYDRAW_GATE1_MIXED_DRAW_SUMMARY slots=448 strokes=10 worst_append_us=171 pass=1
[12:14:46] TINYDRAW_GATE1_IDLE_REPAIR damaged=588 remaining=0 plan_views=24 steps=4382 repair_us=3701449 worst_step_us=5302 warm_tiles=56 pass=1
[12:14:47] TINYDRAW_INKTRACE trace=fast-curve-dense-25 zoom=25 events=411 consumed=389 coalesced=22 down=1/1 up=1/1 max_time_gap_us=4078 max_space_gap_px=55.33 e2c_p50=505 e2c_p95=919 e2c_max=1582 e2g_p95=794 e2s_p95=2628 e2d_p50=2353 e2d_p95=3691 e2d_max=3926 latency_samples=33 presentation_failures=0 commit_failures=0 overflows=0 revision=3482 fb_tiles=0 fb_start=0 fb_mid_max=0 fb_up_max=0 fb_end=0 drop_uni_slot=0 drop_uni_paint=0 drop_raw_edit=0 drop_raw_paint=0 off_skip=61 drain_ops=2 drain_max_us=37143 latency_pass=1 pass=1
[12:14:47] TINYDRAW_INKTRACE trace=fast-curve-400 zoom=400 events=414 consumed=365 coalesced=49 down=1/1 up=1/1 max_time_gap_us=4411 max_space_gap_px=65.51 e2c_p50=505 e2c_p95=1041 e2c_max=2007 e2g_p95=792 e2s_p95=2809 e2d_p50=2485 e2d_p95=4359 e2d_max=4385 latency_samples=33 presentation_failures=0 commit_failures=0 overflows=0 revision=3484 fb_tiles=42 fb_start=30 fb_mid_max=30 fb_up_max=30 fb_end=30 drop_uni_slot=0 drop_uni_paint=0 drop_raw_edit=0 drop_raw_paint=0 off_skip=0 drain_ops=2 drain_max_us=10681 latency_pass=1 pass=1
[12:14:50] TINYDRAW_INKTRACE trace=fast-curve-400-xl zoom=400 events=2296 consumed=1941 coalesced=355 down=1/1 up=1/1 max_time_gap_us=6079 max_space_gap_px=47.85 e2c_p50=505 e2c_p95=506 e2c_max=1579 e2g_p95=796 e2s_p95=2962 e2d_p50=3345 e2d_p95=4662 e2d_max=5612 latency_samples=172 presentation_failures=0 commit_failures=0 overflows=0 revision=3490 fb_tiles=42 fb_start=30 fb_mid_max=30 fb_up_max=30 fb_end=30 drop_uni_slot=0 drop_uni_paint=0 drop_raw_edit=0 drop_raw_paint=0 off_skip=0 drain_ops=6 drain_max_us=15295 latency_pass=1 pass=1
[12:14:51] TINYDRAW_INKTRACE trace=slow-precise-100 zoom=100 events=741 consumed=717 coalesced=24 down=1/1 up=1/1 max_time_gap_us=3000 max_space_gap_px=13.45 e2c_p50=505 e2c_p95=1047 e2c_max=1912 e2g_p95=794 e2s_p95=1856 e2d_p50=1985 e2d_p95=2354 e2d_max=2392 latency_samples=53 presentation_failures=0 commit_failures=0 overflows=0 revision=3492 fb_tiles=42 fb_start=20 fb_mid_max=20 fb_up_max=20 fb_end=20 drop_uni_slot=0 drop_uni_paint=0 drop_raw_edit=0 drop_raw_paint=0 off_skip=0 drain_ops=2 drain_max_us=13338 latency_pass=1 pass=1
[12:14:54] TINYDRAW_INKTRACE trace=scribble-multistroke zoom=100 events=848 consumed=728 coalesced=120 down=7/7 up=7/7 max_time_gap_us=7078 max_space_gap_px=109.46 e2c_p50=505 e2c_p95=581 e2c_max=2056 e2g_p95=793 e2s_p95=3419 e2d_p50=3358 e2d_p95=5884 e2d_max=7196 latency_samples=55 presentation_failures=0 commit_failures=0 overflows=0 revision=3499 fb_tiles=42 fb_start=20 fb_mid_max=20 fb_up_max=20 fb_end=20 drop_uni_slot=0 drop_uni_paint=0 drop_raw_edit=0 drop_raw_paint=0 off_skip=0 drain_ops=7 drain_max_us=18545 latency_pass=1 pass=1
[12:14:55] TINYDRAW_HAIRLINE_DOC ops=782 samples=8061 append_total_us=1063335 append_max_us=7168
[12:14:55] TINYDRAW_GATE1_PACED_COLD corpus=evil_hairlines_capacity zoom=100 x=552 y=672 steps=239 tiles=56 compute_us=218340 present_us=75369 touch_us=669 pacing_us=6585 wall_us=300963 maximum_wall_us=500000 max_tick_us=8870 touch_samples=46696 touch_interval_max_us=2142 touch_read_max_us=634 touch_events=0 touch_down=0 touch_up=0 touch_events_ge_8ms=0 touch_event_age_max_us=0 touch_errors=0 touch_overflows=0 pass=1
[12:14:55] TINYDRAW_GATE1_PACED_COLD corpus=evil_hairlines_capacity zoom=400 x=2760 y=3360 steps=212 tiles=48 compute_us=126676 present_us=75341 touch_us=477 pacing_us=4468 wall_us=206962 maximum_wall_us=500000 max_tick_us=9022 touch_samples=276 touch_interval_max_us=1865 touch_read_max_us=490 touch_events=0 touch_down=0 touch_up=0 touch_events_ge_8ms=0 touch_event_age_max_us=0 touch_errors=0 touch_overflows=0 pass=1
[12:14:58] TINYDRAW_HAIRLINE_REPAIR steps=2353 wall_us=2035278 worst_step_us=5285 resident=406/448 grid_stopped=1 pass2_steps=8 pass2_wall_us=2160 no_churn=1
[12:14:59] TINYDRAW_HAIRLINE_TOUR stops=8 total_us=837054 worst_stop_us=173358 worst_step_us=6378
[12:14:59] TINYDRAW_GATE1_HAIRLINE raw=339 uniform=73 fallback=232 capacity=448 worst_step_us=6378 grid_stopped=1 pass=1
[12:15:01] TINYDRAW_GATE1_LONG_GESTURE path=reference samples=1600 chunks=26 append_total_us=927808 append_max_us=43721 append_avg_us=35684 refresh_fallback_pixels=0 settled_fallback_pixels=0 committed=1 authority=1 refresh=1 run_ok=1
[12:15:01] TINYDRAW_GATE1_LONG_GESTURE path=in_place samples=1600 chunks=52 append_total_us=593953 append_max_us=13973 append_avg_us=11422 refresh_fallback_pixels=0 settled_fallback_pixels=0 committed=1 authority=1 refresh=1 run_ok=1
[12:15:02] TINYDRAW_GATE1_EXPORT format=svg encoded=1 bytes=155150 elapsed_us=467914 workspace_bytes=4096 operations=52 sink_calls=152 flash_pages=38 crc32=b3ad618d free_psram=1818884 free_internal=116008 prolog=1 dimensions=1 terminator=1 crc_ok=1 paths=1 path_only=0 pass=0
[12:15:02] TINYDRAW_RERENDER_LEDGER site=final renders=0 unique=0 amplification=0.000 cold=0 damage=0 evict=0 stale=0 unexplained=0
[12:15:02] TINYDRAW_GATE1_AUTOMATED_DONE minimap_navigation=1 zoom_cycle_return=1 zoom_overlay_pan=1 color_dialog=1 stress=1 stress_100=1 stress_400=1 overlap_ready=1 overlap_cold=0 general_cold_ready=1 general_cold=1 workload=1 paced_cold=1 hard_100=1 hard_400=1 pan_100=1 pan_400=1 pan_seq=1 pan_boundary=1 live_overlay=1 draw_fill=1 cache=1 full_world_cache=1 cache_tour=1 mixed_draw=1 idle_repair=1 ink_trace=1 hairline_capacity=1 long_gesture=1 export_encode=0 export_reserve=0 return=1 ssaa_receipt=yellow
[12:15:02] TINYDRAW_VECTOR_V2_GATE_HARNESS_DONE pass=0
[12:15:02] TINYDRAW_VECTOR_V2_READY zoom=25 controls=chrome button=cycle_all_zooms operations_capacity=4000 samples_capacity=80000 live_storage_bytes=6383640 overview_bytes=1318912 raw_tile_bytes=3670016 tile_metadata_bytes=101360 operation_bytes=720000 live_scratch_bytes=573352 free_psram=1818884 largest_psram=1802240 te_edges=3731 te_period_us=16832 te_high_us=580 te_level=1 main_stack_free=1672
[12:15:04] TINYDRAW_LIVE_SETTLE zoom=25 tiles=42 total_us=151415 max_tile_us=76134 failures=0
