[12:15:51] ESP-ROM:esp32s3-20210327
[12:15:51] Build:Mar 27 2021
[12:15:51] rst:0x15 (USB_UART_CHIP_RESET),boot:0x2b (SPI_FAST_FLASH_BOOT)
[12:15:51] Saved PC:0x4037db96
[12:15:51] SPIWP:0xee
[12:15:51] mode:DIO, clock div:1
[12:15:51] load:0x3fce2820,len:0x1664
[12:15:51] load:0x403c8700,len:0xf38
[12:15:51] load:0x403cb700,len:0x31e8
[12:15:51] entry 0x403c8930
[12:15:51] I (24) boot: ESP-IDF v6.0.2 2nd stage bootloader
[12:15:51] I (24) boot: compile time Aug 17 2026 12:13:28
[12:15:51] I (25) boot: Multicore bootloader
[12:15:51] I (25) boot: chip revision: v0.2
[12:15:51] I (28) boot: efuse block revision: v1.3
[12:15:51] I (31) qio_mode: Enabling default flash chip QIO
[12:15:51] I (36) boot.esp32s3: Boot SPI Speed : 80MHz
[12:15:51] I (39) boot.esp32s3: SPI Mode       : QIO
[12:15:51] I (43) boot.esp32s3: SPI Flash Size : 16MB
[12:15:51] I (47) boot: Enabling RNG early entropy source...
[12:15:51] I (51) boot: Partition Table:
[12:15:51] I (54) boot: ## Label            Usage          Type ST Offset   Length
[12:15:51] I (60) boot:  0 nvs              WiFi data        01 02 00009000 00006000
[12:15:51] I (67) boot:  1 phy_init         RF data          01 01 0000f000 00001000
[12:15:51] I (73) boot:  2 factory          factory app      00 00 00010000 00140000
[12:15:51] I (80) boot:  3 drawing          Unknown data     01 40 00150000 00300000
[12:15:51] I (86) boot:  4 export           Unknown data     01 41 00450000 004c0000
[12:15:51] I (93) boot:  5 coredump         Unknown data     01 03 00910000 00010000
[12:15:51] I (100) boot: End of partition table
[12:15:51] I (103) esp_image: segment 0: paddr=00010020 vaddr=3c0d0020 size=3ad5ch (240988) map
[12:15:51] I (148) esp_image: segment 1: paddr=0004ad84 vaddr=3fc9e100 size=05294h ( 21140) load
[12:15:51] I (152) esp_image: segment 2: paddr=00050020 vaddr=42000020 size=c5094h (807060) map
[12:15:51] I (277) esp_image: segment 3: paddr=001150bc vaddr=3fca3394 size=003c4h (   964) load
[12:15:51] I (278) esp_image: segment 4: paddr=00115488 vaddr=40374000 size=1a06ch (106604) load
[12:15:51] I (302) esp_image: segment 5: paddr=0012f4fc vaddr=50000000 size=00024h (    36) load
[12:15:51] I (314) boot: Loaded app from partition at offset 0x10000
[12:15:51] I (314) boot: Disabling RNG early entropy source...
[12:15:51] I (324) octal_psram: vendor id    : 0x0d (AP)
[12:15:51] I (324) octal_psram: dev id       : 0x02 (generation 3)
[12:15:51] I (324) octal_psram: density      : 0x03 (64 Mbit)
[12:15:51] I (326) octal_psram: good-die     : 0x01 (Pass)
[12:15:51] I (330) octal_psram: Latency      : 0x01 (Fixed)
[12:15:51] I (335) octal_psram: VCC          : 0x01 (3V)
[12:15:51] I (339) octal_psram: SRF          : 0x01 (Fast Refresh)
[12:15:51] I (344) octal_psram: BurstType    : 0x01 (Hybrid Wrap)
[12:15:51] I (349) octal_psram: BurstLen     : 0x01 (32 Byte)
[12:15:51] I (353) octal_psram: Readlatency  : 0x02 (10 cycles@Fixed)
[12:15:51] I (358) octal_psram: DriveStrength: 0x00 (1/1)
[12:15:51] I (363) MSPI Timing: Enter psram timing tuning
[12:15:51] I (367) esp_psram: Found 8MB PSRAM device
[12:15:51] I (370) esp_psram: Speed: 80MHz
[12:15:51] I (373) cpu_start: Multicore app
[12:15:52] I (789) esp_psram: SPI SRAM memory test OK
[12:15:52] I (798) cpu_start: GPIO 44 and 43 are used as console UART I/O pins
[12:15:52] I (798) cpu_start: Pro cpu start user code
[12:15:52] I (798) cpu_start: cpu freq: 240000000 Hz
[12:15:52] I (800) app_init: Application information:
[12:15:52] I (804) app_init: Project name:     tinydraw_esp32
[12:15:52] I (808) app_init: App version:      ea94071
[12:15:52] I (812) app_init: Compile time:     Aug 17 2026 12:13:14
[12:15:52] I (817) app_init: ELF file SHA256:  93b7cf0a5...
[12:15:52] I (822) app_init: ESP-IDF:          v6.0.2
[12:15:52] I (825) efuse_init: Min chip rev:     v0.0
[12:15:52] I (829) efuse_init: Max chip rev:     v0.99 
[12:15:52] I (833) efuse_init: Chip rev:         v0.2
[12:15:52] I (837) heap_init: Initializing. RAM available for dynamic allocation:
[12:15:52] I (843) heap_init: At 3FCA82B0 len 00041460 (261 KiB): RAM
[12:15:52] I (848) heap_init: At 3FCE9710 len 00005724 (21 KiB): RAM
[12:15:52] I (854) heap_init: At 3FCF0000 len 00008000 (32 KiB): DRAM
[12:15:52] I (859) heap_init: At 600FE000 len 00001FE8 (7 KiB): RTCRAM
[12:15:52] I (864) esp_psram: Adding pool of 8192K of PSRAM memory to heap allocator
[12:15:52] I (871) spi_flash: detected chip: generic
[12:15:52] I (874) spi_flash: flash io: qio
[12:15:52] I (878) sleep_gpio: Configure to isolate all GPIO pins in sleep state
[12:15:52] I (884) sleep_gpio: Enable automatic switching of GPIO sleep configuration
[12:15:52] I (891) main_task: Started on CPU0
[12:15:52] I (894) main_task: Calling app_main()
[12:15:52] TINYDRAW_PRODUCER_SCRATCH supertask_internal=1 slot_directory_internal=0 free_internal=236196 free_psram=1820524
[12:15:52] TINYDRAW_PANEL_HARD_RESET=1
[12:15:52] TINYDRAW_PANEL_TRANSPORT requested_clock_mhz=50 effective_clock_mhz=40
[12:15:52] I (1101) co5300: version: 2.1.0
[12:15:52] I (1101) co5300_spi: LCD panel create success, version: 2.1.0
[12:15:52] W (1186) co5300_spi: The 3Ah command has been used and will be overwritten by external initialization sequence
[12:15:52] I (1287) CST816S: IC id: 183
[12:15:52] I (1288) PCF85063A: PCF85063A initialized successfully
[12:15:52] TINYDRAW_RTC ready=1 retained=1 local=2026-08-17T11:15:52
[12:15:52] TINYDRAW_VECTOR_V2_PRESENTATION experiment=boundary-top-sweep te_edge=rising requested_clock_mhz=50 effective_clock_mhz=40 optical_acceptance=external_manual
[12:15:52] TINYDRAW_LIVE_PRESENT kind=startup zoom=25 x=0 y=0 compose_us=26080 scroll_us=0 exposed_compose_us=0 chrome_us=13248 chrome_prepare_us=8291 chrome_stage_us=4957 read_submit_us=0 read_complete_us=0 transfer_wait_us=20997 tile_pixels=0 uniform_pixels=0 overview_pixels=164864 fallback_pixels=0 resident_tiles=0 fallback_tiles=0 pushes=11 tear_wait_us=10789 tear_edge_isr_to_resume_us=13 tear_edge_observed=1 tear_edge_wait_resumed=1 tear_edge_timeout=0 tear_heal_attempted=0 tear_heal_command_sent=0 presentation_experiment=boundary-top-sweep te_edge=rising requested_clock_mhz=50 effective_clock_mhz=40 frame_reused=0 pass=1
[12:15:52] TINYDRAW_GATE1_ZOOM_OVERLAY_PAN tap_zoom=1 drag_pan=1 threshold_px=8 pass=1
[12:15:52] TINYDRAW_GATE1_ZOOM_CYCLE_RETURN explored_x=2300 explored_y=3100 returned_x=2300 returned_y=3100 pass=1
[12:15:53] TINYDRAW_GATE1_COLOR_DIALOG wall_us=27678 maximum_us=40000 compose_us=0 chrome_us=9610 chrome_prepare_us=9 chrome_stage_us=9601 complete_us=23853 pushes=11 pass=1
[12:15:53] TINYDRAW_GATE1_MINIMAP_NAV hit=1 threshold_px=4 threshold_400_px=2 intent=1 tap_x=552 tap_y=710 tap_complete_us=20798 tap_pass=1 drag_x=626 drag_y=782 drag_complete_us=16142 drag_reused=1 drag_pass=1 acquire_x=2906 acquire_y=3544 acquire_complete_us=20797 acquire_pass=1 pass=1
[12:15:53] TINYDRAW_LIVE_STRESS operations=1000 samples=20000 total_us=691110 average_us=691 maximum_us=1052 free_psram=1818884 largest_psram=1802240
[12:15:54] TINYDRAW_LIVE_PRESENT kind=gate_fallback zoom=100 x=0 y=0 compose_us=11265 scroll_us=0 exposed_compose_us=0 chrome_us=8793 chrome_prepare_us=4333 chrome_stage_us=4460 read_submit_us=30744 read_complete_us=34106 transfer_wait_us=20364 tile_pixels=0 uniform_pixels=0 overview_pixels=0 fallback_pixels=164864 resident_tiles=0 fallback_tiles=42 pushes=11 tear_wait_us=14988 tear_edge_isr_to_resume_us=10 tear_edge_observed=1 tear_edge_wait_resumed=1 tear_edge_timeout=0 tear_heal_attempted=0 tear_heal_command_sent=0 presentation_experiment=boundary-top-sweep te_edge=rising requested_clock_mhz=50 effective_clock_mhz=40 frame_reused=0 pass=1
[12:15:54] TINYDRAW_GATE1_HARD zoom=100 cold=1 operations=1000 samples=20000 steps=193 tiles=42 scanned=12000 rendered=122 max_supertask_us=6615 presentation_us=71034 total_us=274498 maximum_wall_us=500000 pass=1
[12:15:54] TINYDRAW_LIVE_PRESENT kind=gate_fallback zoom=400 x=0 y=0 compose_us=10731 scroll_us=0 exposed_compose_us=0 chrome_us=5448 chrome_prepare_us=1144 chrome_stage_us=4304 read_submit_us=22231 read_complete_us=25852 transfer_wait_us=21076 tile_pixels=0 uniform_pixels=0 overview_pixels=0 fallback_pixels=164864 resident_tiles=0 fallback_tiles=42 pushes=11 tear_wait_us=10178 tear_edge_isr_to_resume_us=12 tear_edge_observed=1 tear_edge_wait_resumed=1 tear_edge_timeout=0 tear_heal_attempted=0 tear_heal_command_sent=0 presentation_experiment=boundary-top-sweep te_edge=rising requested_clock_mhz=50 effective_clock_mhz=40 frame_reused=0 pass=1
[12:15:54] TINYDRAW_GATE1_HARD zoom=400 cold=1 operations=1000 samples=20000 steps=199 tiles=42 scanned=12000 rendered=17 max_supertask_us=5223 presentation_us=66150 total_us=157041 maximum_wall_us=500000 pass=1
[12:15:55] TINYDRAW_OVERLAP_WORKLOAD operations=8 samples=1200 radius_world=80
[12:15:56] TINYDRAW_GATE1_PACED_COLD corpus=overlap zoom=50 x=215 y=255 steps=235 tiles=56 compute_us=510412 present_us=80882 touch_us=1115 pacing_us=14098 wall_us=606507 maximum_wall_us=500000 max_tick_us=10537 touch_samples=2751 touch_interval_max_us=2055 touch_read_max_us=601 touch_events=0 touch_down=0 touch_up=0 touch_events_ge_8ms=0 touch_event_age_max_us=0 touch_errors=0 touch_overflows=0 pass=0
[12:15:56] TINYDRAW_GATE1_PACED_COLD corpus=overlap zoom=100 x=583 y=703 steps=183 tiles=48 compute_us=277183 present_us=76346 touch_us=758 pacing_us=6678 wall_us=360965 maximum_wall_us=500000 max_tick_us=9629 touch_samples=425 touch_interval_max_us=1885 touch_read_max_us=527 touch_events=0 touch_down=0 touch_up=0 touch_events_ge_8ms=0 touch_event_age_max_us=0 touch_errors=0 touch_overflows=0 pass=1
[12:15:56] TINYDRAW_GATE1_PACED_COLD corpus=overlap zoom=200 x=1319 y=1599 steps=180 tiles=56 compute_us=251842 present_us=75240 touch_us=717 pacing_us=9164 wall_us=336963 maximum_wall_us=500000 max_tick_us=9244 touch_samples=414 touch_interval_max_us=1504 touch_read_max_us=466 touch_events=0 touch_down=0 touch_up=0 touch_events_ge_8ms=0 touch_event_age_max_us=0 touch_errors=0 touch_overflows=0 pass=1
[12:15:57] TINYDRAW_GATE1_PACED_COLD corpus=overlap zoom=400 x=2791 y=3391 steps=181 tiles=56 compute_us=215793 present_us=73011 touch_us=627 pacing_us=7531 wall_us=296962 maximum_wall_us=500000 max_tick_us=8598 touch_samples=362 touch_interval_max_us=1173 touch_read_max_us=488 touch_events=0 touch_down=0 touch_up=0 touch_events_ge_8ms=0 touch_event_age_max_us=0 touch_errors=0 touch_overflows=0 pass=1
[12:15:57] TINYDRAW_ADVERSARIAL_TAPERED_WORKLOAD operations=128 samples=4096 erasers=12 load_us=227935 appended=1
[12:15:58] TINYDRAW_GENERAL_COLD_WORKLOAD operations=910 samples=12157 hairline_operations=782 hairline_samples=8061 hairline_load_us=1120911 appended=1
[12:15:59] TINYDRAW_GATE1_PACED_COLD corpus=adversarial_tapered_4x+evil_hairlines zoom=50 x=0 y=0 steps=313 tiles=42 compute_us=339757 present_us=69075 touch_us=968 pacing_us=10168 wall_us=419968 maximum_wall_us=500000 max_tick_us=8052 touch_samples=1573 touch_interval_max_us=2073 touch_read_max_us=550 touch_events=0 touch_down=0 touch_up=0 touch_events_ge_8ms=0 touch_event_age_max_us=0 touch_errors=0 touch_overflows=0 pass=1
[12:15:59] TINYDRAW_GATE1_PACED_COLD corpus=adversarial_tapered_4x+evil_hairlines zoom=100 x=0 y=0 steps=334 tiles=42 compute_us=330793 present_us=64789 touch_us=848 pacing_us=9382 wall_us=405812 maximum_wall_us=500000 max_tick_us=7898 touch_samples=474 touch_interval_max_us=1513 touch_read_max_us=464 touch_events=0 touch_down=0 touch_up=0 touch_events_ge_8ms=0 touch_event_age_max_us=0 touch_errors=0 touch_overflows=0 pass=1
[12:16:00] TINYDRAW_GATE1_PACED_COLD corpus=adversarial_tapered_4x+evil_hairlines zoom=200 x=0 y=0 steps=406 tiles=42 compute_us=392566 present_us=60899 touch_us=985 pacing_us=14139 wall_us=468589 maximum_wall_us=500000 max_tick_us=7229 touch_samples=533 touch_interval_max_us=1147 touch_read_max_us=427 touch_events=0 touch_down=0 touch_up=0 touch_events_ge_8ms=0 touch_event_age_max_us=0 touch_errors=0 touch_overflows=0 pass=1
[12:16:00] TINYDRAW_GATE1_PACED_COLD corpus=adversarial_tapered_4x+evil_hairlines zoom=400 x=0 y=0 steps=491 tiles=42 compute_us=429226 present_us=63161 touch_us=923 pacing_us=10632 wall_us=503942 maximum_wall_us=520000 max_tick_us=9996 touch_samples=574 touch_interval_max_us=1148 touch_read_max_us=445 touch_events=0 touch_down=0 touch_up=0 touch_events_ge_8ms=0 touch_event_age_max_us=0 touch_errors=0 touch_overflows=0 pass=1
[12:16:01] TINYDRAW_GATE1_WORKLOAD kind=realistic seed=7 operations=1000 samples=19844 maximum_stroke=198 load_us=579168 raw_source=1 lod_copies=0
[12:16:01] TINYDRAW_GATE1_PACED_COLD corpus=seed7 zoom=400 x=63 y=63 steps=263 tiles=56 compute_us=186694 present_us=79829 touch_us=495 pacing_us=4944 wall_us=271962 maximum_wall_us=500000 max_tick_us=9938 touch_samples=858 touch_interval_max_us=2050 touch_read_max_us=541 touch_events=0 touch_down=0 touch_up=0 touch_events_ge_8ms=0 touch_event_age_max_us=0 touch_errors=0 touch_overflows=0 pass=1
[12:16:01] TINYDRAW_LIVE_PRESENT kind=gate_fallback zoom=100 x=0 y=0 compose_us=11359 scroll_us=0 exposed_compose_us=0 chrome_us=5588 chrome_prepare_us=1162 chrome_stage_us=4426 read_submit_us=20767 read_complete_us=24360 transfer_wait_us=20341 tile_pixels=0 uniform_pixels=0 overview_pixels=0 fallback_pixels=164864 resident_tiles=0 fallback_tiles=42 pushes=11 tear_wait_us=8088 tear_edge_isr_to_resume_us=11 tear_edge_observed=1 tear_edge_wait_resumed=1 tear_edge_timeout=0 tear_heal_attempted=0 tear_heal_command_sent=0 presentation_experiment=boundary-top-sweep te_edge=rising requested_clock_mhz=50 effective_clock_mhz=40 frame_reused=0 pass=1
[12:16:02] TINYDRAW_GATE1_HARD zoom=100 cold=1 operations=1000 samples=19844 steps=246 tiles=42 scanned=12000 rendered=390 max_supertask_us=5258 presentation_us=70547 total_us=351582 maximum_wall_us=500000 pass=1
[12:16:02] TINYDRAW_GATE1_OVERLAY_CANVAS regions=zoom,minimap,toolbar,battery operations=4 presentation_mutations=0 authority=1 pass=1
[12:16:02] TINYDRAW_GATE1_LIVE_OVERLAY clear_updates=48 clear_wall_max_us=3939 clear_submit_max_us=2143 clear_complete_max_us=3033 overlay_updates=48 overlay_wall_max_us=3918 overlay_submit_max_us=2108 overlay_complete_max_us=3172 overlay_chrome_max_us=246 clear_failures=0 overlay_failures=0 pass=1
[12:16:02] TINYDRAW_EDGE_INK corners=4 edge_failures=0 pass=1
[12:16:03] TINYDRAW_GATE1_PAN zoom=100 from_x=0 from_y=0 to_x=88 to_y=88 compose_us=15428 scroll_us=10 exposed_compose_us=15418 chrome_us=2347 event_submit_us=30220 event_complete_us=33420 transfer_us=16778 setup=1 present=1 moved=1 frame_reused=1 pass=1
[12:16:03] TINYDRAW_LIVE_PRESENT kind=gate_fallback zoom=400 x=0 y=0 compose_us=10692 scroll_us=0 exposed_compose_us=0 chrome_us=5522 chrome_prepare_us=1203 chrome_stage_us=4319 read_submit_us=23174 read_complete_us=26817 transfer_wait_us=20241 tile_pixels=0 uniform_pixels=0 overview_pixels=0 fallback_pixels=164864 resident_tiles=0 fallback_tiles=42 pushes=11 tear_wait_us=11114 tear_edge_isr_to_resume_us=11 tear_edge_observed=1 tear_edge_wait_resumed=1 tear_edge_timeout=0 tear_heal_attempted=0 tear_heal_command_sent=0 presentation_experiment=boundary-top-sweep te_edge=rising requested_clock_mhz=50 effective_clock_mhz=40 frame_reused=0 pass=1
[12:16:03] TINYDRAW_GATE1_HARD zoom=400 cold=1 operations=1008 samples=19852 steps=200 tiles=42 scanned=12096 rendered=62 max_supertask_us=7806 presentation_us=68481 total_us=207671 maximum_wall_us=500000 pass=1
[12:16:03] TINYDRAW_GATE1_PAN zoom=400 from_x=0 from_y=0 to_x=88 to_y=88 compose_us=15380 scroll_us=11 exposed_compose_us=15369 chrome_us=2229 event_submit_us=29555 event_complete_us=32748 transfer_us=16452 setup=1 present=1 moved=1 frame_reused=1 pass=1
[12:16:05] TINYDRAW_PANSEQ_FRAME zoom=100 step=0 dx=24 dy=18 scroll_us=12 exposed_compose_us=4384 chrome_us=2351 tear_wait_us=8738 present_us=16683 prepare_us=10849 acquire_wait_us=19 ring_copy_us=8499 patch_us=2342 byte_swap_us=8 staging_us=4036 event_submit_us=13293 event_complete_us=16480 frame_us=29976 tear_edge_observed=1 frame_reused=1 pass=1
[12:16:05] TINYDRAW_PANSEQ_FRAME zoom=100 step=1 dx=24 dy=18 scroll_us=12 exposed_compose_us=4377 chrome_us=2365 tear_wait_us=12384 present_us=15992 prepare_us=10726 acquire_wait_us=19 ring_copy_us=8368 patch_us=2350 byte_swap_us=8 staging_us=4133 event_submit_us=16928 event_complete_us=20086 frame_us=32909 tear_edge_observed=1 frame_reused=1 pass=1
[12:16:06] TINYDRAW_PANSEQ_FRAME zoom=100 step=2 dx=24 dy=18 scroll_us=12 exposed_compose_us=4124 chrome_us=2352 tear_wait_us=13335 present_us=16321 prepare_us=10716 acquire_wait_us=22 ring_copy_us=8362 patch_us=2348 byte_swap_us=6 staging_us=4135 event_submit_us=17629 event_complete_us=20789 frame_us=33941 tear_edge_observed=1 frame_reused=1 pass=1
[12:16:06] TINYDRAW_PANSEQ_FRAME zoom=100 step=3 dx=24 dy=18 scroll_us=12 exposed_compose_us=4612 chrome_us=2330 tear_wait_us=12506 present_us=16652 prepare_us=10733 acquire_wait_us=19 ring_copy_us=8402 patch_us=2322 byte_swap_us=9 staging_us=4125 event_submit_us=17274 event_complete_us=20433 frame_us=33916 tear_edge_observed=1 frame_reused=1 pass=1
[12:16:06] TINYDRAW_PANSEQ_FRAME zoom=100 step=4 dx=24 dy=18 scroll_us=12 exposed_compose_us=4157 chrome_us=2366 tear_wait_us=12650 present_us=15971 prepare_us=10775 acquire_wait_us=20 ring_copy_us=8411 patch_us=2355 byte_swap_us=9 staging_us=4104 event_submit_us=16968 event_complete_us=20144 frame_us=32940 tear_edge_observed=1 frame_reused=1 pass=1
[12:16:06] TINYDRAW_PANSEQ_FRAME zoom=100 step=5 dx=24 dy=18 scroll_us=12 exposed_compose_us=4450 chrome_us=2357 tear_wait_us=13036 present_us=16289 prepare_us=10721 acquire_wait_us=21 ring_copy_us=8362 patch_us=2352 byte_swap_us=7 staging_us=4136 event_submit_us=17648 event_complete_us=20803 frame_us=33916 tear_edge_observed=1 frame_reused=1 pass=1
[12:16:06] TINYDRAW_PANSEQ_FRAME zoom=100 step=6 dx=24 dy=18 scroll_us=12 exposed_compose_us=4105 chrome_us=2350 tear_wait_us=13070 present_us=16602 prepare_us=10807 acquire_wait_us=28 ring_copy_us=8457 patch_us=2341 byte_swap_us=9 staging_us=4031 event_submit_us=17337 event_complete_us=20474 frame_us=33940 tear_edge_observed=1 frame_reused=1 pass=1
[12:16:06] TINYDRAW_PANSEQ_FRAME zoom=100 step=7 dx=24 dy=18 scroll_us=12 exposed_compose_us=4399 chrome_us=2383 tear_wait_us=12458 present_us=15912 prepare_us=10766 acquire_wait_us=22 ring_copy_us=8385 patch_us=2373 byte_swap_us=8 staging_us=4106 event_submit_us=17013 event_complete_us=20180 frame_us=32915 tear_edge_observed=1 frame_reused=1 pass=1
[12:16:06] TINYDRAW_PANSEQ_FRAME zoom=100 step=8 dx=24 dy=18 scroll_us=12 exposed_compose_us=4381 chrome_us=2331 tear_wait_us=13175 present_us=16221 prepare_us=10770 acquire_wait_us=20 ring_copy_us=8443 patch_us=2319 byte_swap_us=8 staging_us=4087 event_submit_us=17720 event_complete_us=20881 frame_us=33940 tear_edge_observed=1 frame_reused=1 pass=1
[12:16:06] TINYDRAW_PANSEQ_FRAME zoom=100 step=9 dx=24 dy=18 scroll_us=12 exposed_compose_us=4412 chrome_us=2336 tear_wait_us=12815 present_us=16545 prepare_us=10708 acquire_wait_us=19 ring_copy_us=8368 patch_us=2331 byte_swap_us=9 staging_us=4135 event_submit_us=17396 event_complete_us=20547 frame_us=33916 tear_edge_observed=1 frame_reused=1 pass=1
[12:16:06] TINYDRAW_PANSEQ_FRAME zoom=100 step=10 dx=24 dy=18 scroll_us=12 exposed_compose_us=4109 chrome_us=2378 tear_wait_us=12785 present_us=15885 prepare_us=10804 acquire_wait_us=19 ring_copy_us=8414 patch_us=2381 byte_swap_us=9 staging_us=4073 event_submit_us=17058 event_complete_us=20225 frame_us=32941 tear_edge_observed=1 frame_reused=1 pass=1
[12:16:06] TINYDRAW_PANSEQ_FRAME zoom=100 step=11 dx=24 dy=18 scroll_us=12 exposed_compose_us=4634 chrome_us=2338 tear_wait_us=12912 present_us=16224 prepare_us=10728 acquire_wait_us=29 ring_copy_us=8389 patch_us=2331 byte_swap_us=8 staging_us=4126 event_submit_us=17701 event_complete_us=20863 frame_us=33916 tear_edge_observed=1 frame_reused=1 pass=1
[12:16:06] TINYDRAW_PANSEQ_FRAME zoom=100 step=12 dx=24 dy=18 scroll_us=12 exposed_compose_us=4162 chrome_us=2344 tear_wait_us=13051 present_us=16563 prepare_us=10751 acquire_wait_us=19 ring_copy_us=8408 patch_us=2336 byte_swap_us=7 staging_us=4087 event_submit_us=17376 event_complete_us=20532 frame_us=33940 tear_edge_observed=1 frame_reused=1 pass=1
[12:16:06] TINYDRAW_PANSEQ_FRAME zoom=100 step=13 dx=24 dy=18 scroll_us=12 exposed_compose_us=4412 chrome_us=2374 tear_wait_us=12444 present_us=15914 prepare_us=10747 acquire_wait_us=21 ring_copy_us=8375 patch_us=2363 byte_swap_us=9 staging_us=4127 event_submit_us=17014 event_complete_us=20177 frame_us=32916 tear_edge_observed=1 frame_reused=1 pass=1
[12:16:06] TINYDRAW_PANSEQ_FRAME zoom=100 step=14 dx=24 dy=18 scroll_us=12 exposed_compose_us=4124 chrome_us=2331 tear_wait_us=13413 present_us=16240 prepare_us=10768 acquire_wait_us=20 ring_copy_us=8432 patch_us=2329 byte_swap_us=7 staging_us=4103 event_submit_us=17699 event_complete_us=20859 frame_us=33940 tear_edge_observed=1 frame_reused=1 pass=1
[12:16:06] TINYDRAW_PANSEQ_FRAME zoom=100 step=15 dx=24 dy=18 scroll_us=12 exposed_compose_us=4462 chrome_us=2336 tear_wait_us=12726 present_us=16581 prepare_us=10719 acquire_wait_us=18 ring_copy_us=8382 patch_us=2329 byte_swap_us=8 staging_us=4105 event_submit_us=17345 event_complete_us=20486 frame_us=33916 tear_edge_observed=1 frame_reused=1 pass=1
[12:16:06] TINYDRAW_PANSEQ_FRAME zoom=100 step=16 dx=72 dy=54 scroll_us=12 exposed_compose_us=11697 chrome_us=2371 tear_wait_us=5174 present_us=15906 prepare_us=10782 acquire_wait_us=21 ring_copy_us=8417 patch_us=2357 byte_swap_us=8 staging_us=4079 event_submit_us=17035 event_complete_us=20190 frame_us=32940 tear_edge_observed=1 frame_reused=1 pass=1
[12:16:06] TINYDRAW_PANSEQ_FRAME zoom=100 step=17 dx=72 dy=54 scroll_us=12 exposed_compose_us=11681 chrome_us=2350 tear_wait_us=5847 present_us=16240 prepare_us=10709 acquire_wait_us=19 ring_copy_us=8361 patch_us=2339 byte_swap_us=9 staging_us=4142 event_submit_us=17686 event_complete_us=20833 frame_us=33916 tear_edge_observed=1 frame_reused=1 pass=1
[12:16:06] TINYDRAW_PANSEQ_FRAME zoom=100 step=18 dx=72 dy=54 scroll_us=12 exposed_compose_us=10043 chrome_us=2340 tear_wait_us=7159 present_us=16573 prepare_us=10765 acquire_wait_us=18 ring_copy_us=8428 patch_us=2329 byte_swap_us=8 staging_us=4064 event_submit_us=17364 event_complete_us=20499 frame_us=33940 tear_edge_observed=1 frame_reused=1 pass=1
[12:16:06] TINYDRAW_PANSEQ_FRAME zoom=100 step=19 dx=72 dy=54 scroll_us=12 exposed_compose_us=10031 chrome_us=2383 tear_wait_us=6820 present_us=15920 prepare_us=10768 acquire_wait_us=23 ring_copy_us=8386 patch_us=2374 byte_swap_us=8 staging_us=4106 event_submit_us=17005 event_complete_us=20182 frame_us=32917 tear_edge_observed=1 frame_reused=1 pass=1
[12:16:06] TINYDRAW_PANSEQ_FRAME zoom=100 step=20 dx=-72 dy=-54 scroll_us=12 exposed_compose_us=11536 chrome_us=2364 tear_wait_us=5983 present_us=16240 prepare_us=10723 acquire_wait_us=23 ring_copy_us=8376 patch_us=2339 byte_swap_us=8 staging_us=4119 event_submit_us=17698 event_complete_us=20827 frame_us=33939 tear_edge_observed=1 frame_reused=1 pass=1
[12:16:06] TINYDRAW_PANSEQ_FRAME zoom=100 step=21 dx=-72 dy=-54 scroll_us=12 exposed_compose_us=11651 chrome_us=2345 tear_wait_us=5548 present_us=16570 prepare_us=10698 acquire_wait_us=19 ring_copy_us=8356 patch_us=2335 byte_swap_us=7 staging_us=4108 event_submit_us=17356 event_complete_us=20486 frame_us=33916 tear_edge_observed=1 frame_reused=1 pass=1
[12:16:06] TINYDRAW_PANSEQ_FRAME zoom=100 step=22 dx=-72 dy=-54 scroll_us=12 exposed_compose_us=11673 chrome_us=2377 tear_wait_us=5212 present_us=15893 prepare_us=10764 acquire_wait_us=19 ring_copy_us=8389 patch_us=2367 byte_swap_us=8 staging_us=4079 event_submit_us=17049 event_complete_us=20197 frame_us=32940 tear_edge_observed=1 frame_reused=1 pass=1
[12:16:06] TINYDRAW_PANSEQ_FRAME zoom=100 step=23 dx=-72 dy=-54 scroll_us=12 exposed_compose_us=11363 chrome_us=2335 tear_wait_us=6181 present_us=16225 prepare_us=10694 acquire_wait_us=19 ring_copy_us=8355 patch_us=2332 byte_swap_us=7 staging_us=4153 event_submit_us=17700 event_complete_us=20839 frame_us=33916 tear_edge_observed=1 frame_reused=1 pass=1
[12:16:06] TINYDRAW_PANSEQ_STRIP zoom=100 strip=0 panel_y=0 rows=44 samples=24 staging_mean_us=1341 staging_max_us=1379 wire_budget_us=1619 over_budget_us=0 pass=1
[12:16:06] TINYDRAW_PANSEQ_STRIP zoom=100 strip=1 panel_y=44 rows=44 samples=24 staging_mean_us=1245 staging_max_us=1258 wire_budget_us=1619 over_budget_us=0 pass=1
[12:16:06] TINYDRAW_PANSEQ_STRIP zoom=100 strip=2 panel_y=88 rows=44 samples=24 staging_mean_us=1200 staging_max_us=1217 wire_budget_us=1619 over_budget_us=0 pass=1
[12:16:06] TINYDRAW_PANSEQ_STRIP zoom=100 strip=3 panel_y=132 rows=44 samples=24 staging_mean_us=1199 staging_max_us=1214 wire_budget_us=1619 over_budget_us=0 pass=1
[12:16:06] TINYDRAW_PANSEQ_STRIP zoom=100 strip=4 panel_y=176 rows=44 samples=24 staging_mean_us=1197 staging_max_us=1205 wire_budget_us=1619 over_budget_us=0 pass=1
[12:16:06] TINYDRAW_PANSEQ_STRIP zoom=100 strip=5 panel_y=220 rows=44 samples=24 staging_mean_us=1209 staging_max_us=1230 wire_budget_us=1619 over_budget_us=0 pass=1
[12:16:06] TINYDRAW_PANSEQ_STRIP zoom=100 strip=6 panel_y=264 rows=44 samples=24 staging_mean_us=1399 staging_max_us=1430 wire_budget_us=1619 over_budget_us=0 pass=1
[12:16:06] TINYDRAW_PANSEQ_STRIP zoom=100 strip=7 panel_y=308 rows=44 samples=24 staging_mean_us=1356 staging_max_us=1374 wire_budget_us=1619 over_budget_us=0 pass=1
[12:16:06] TINYDRAW_PANSEQ_STRIP zoom=100 strip=8 panel_y=352 rows=20 samples=24 staging_mean_us=621 staging_max_us=647 wire_budget_us=736 over_budget_us=0 pass=1
[12:16:06] TINYDRAW_GATE1_PANSEQ zoom=100 frames=24 scroll_avg_us=12 exposed_avg_us=6624 chrome_avg_us=2353 tear_wait_avg_us=10392 present_avg_us=16256 prepare_avg_us=10749 acquire_wait_avg_us=20 ring_copy_avg_us=8396 patch_avg_us=2344 byte_swap_avg_us=8 staging_avg_us=4104 frame_avg_us=33429 frame_p50_us=33916 frame_p95_us=33940 frame_max_us=33941 complete_p50_us=20486 complete_p95_us=20863 complete_max_us=20881 tear_edge_failures=0 presentation_experiment=boundary-top-sweep te_edge=rising requested_clock_mhz=50 effective_clock_mhz=40 chrome_bottom_redraws=0 chrome_battery_redraws=0 chrome_zoom_redraws=0 chrome_minimap_base_redraws=0 strip_samples=216 staging_mean_us=1196 staging_max_us=1430 worst_strip=8 worst_strip_y=352 worst_wire_budget_us=736 worst_headroom_us=89 staging_invariant=1 pacing_pass=1 all_reused=1 pass=1
[12:16:08] TINYDRAW_PANSEQ_FRAME zoom=400 step=0 dx=24 dy=18 scroll_us=13 exposed_compose_us=4357 chrome_us=2218 tear_wait_us=8013 present_us=16429 prepare_us=10569 acquire_wait_us=21 ring_copy_us=8360 patch_us=2200 byte_swap_us=9 staging_us=4297 event_submit_us=12547 event_complete_us=15721 frame_us=28978 tear_edge_observed=1 frame_reused=1 pass=1
[12:16:08] TINYDRAW_PANSEQ_FRAME zoom=400 step=1 dx=24 dy=18 scroll_us=12 exposed_compose_us=4404 chrome_us=2203 tear_wait_us=12589 present_us=16766 prepare_us=10533 acquire_wait_us=21 ring_copy_us=8337 patch_us=2188 byte_swap_us=8 staging_us=4354 event_submit_us=17153 event_complete_us=20336 frame_us=33909 tear_edge_observed=1 frame_reused=1 pass=1
[12:16:08] TINYDRAW_PANSEQ_FRAME zoom=400 step=2 dx=24 dy=18 scroll_us=12 exposed_compose_us=4108 chrome_us=2189 tear_wait_us=12565 present_us=16101 prepare_us=10582 acquire_wait_us=21 ring_copy_us=8389 patch_us=2184 byte_swap_us=9 staging_us=4266 event_submit_us=16831 event_complete_us=19983 frame_us=32932 tear_edge_observed=1 frame_reused=1 pass=1
[12:16:08] TINYDRAW_PANSEQ_FRAME zoom=400 step=3 dx=24 dy=18 scroll_us=12 exposed_compose_us=4618 chrome_us=2208 tear_wait_us=12726 present_us=16425 prepare_us=10545 acquire_wait_us=19 ring_copy_us=8337 patch_us=2199 byte_swap_us=9 staging_us=4313 event_submit_us=17502 event_complete_us=20672 frame_us=33918 tear_edge_observed=1 frame_reused=1 pass=1
[12:16:08] TINYDRAW_PANSEQ_FRAME zoom=400 step=4 dx=24 dy=18 scroll_us=12 exposed_compose_us=4173 chrome_us=2205 tear_wait_us=12849 present_us=16757 prepare_us=10601 acquire_wait_us=20 ring_copy_us=8390 patch_us=2194 byte_swap_us=17 staging_us=4281 event_submit_us=17184 event_complete_us=20361 frame_us=33939 tear_edge_observed=1 frame_reused=1 pass=1
[12:16:08] TINYDRAW_PANSEQ_FRAME zoom=400 step=5 dx=24 dy=18 scroll_us=11 exposed_compose_us=4429 chrome_us=2225 tear_wait_us=12252 present_us=16081 prepare_us=10568 acquire_wait_us=22 ring_copy_us=8346 patch_us=2214 byte_swap_us=8 staging_us=4268 event_submit_us=16839 event_complete_us=19983 frame_us=32912 tear_edge_observed=1 frame_reused=1 pass=1
[12:16:08] TINYDRAW_PANSEQ_FRAME zoom=400 step=6 dx=24 dy=18 scroll_us=12 exposed_compose_us=4091 chrome_us=2226 tear_wait_us=13277 present_us=16411 prepare_us=10586 acquire_wait_us=21 ring_copy_us=8359 patch_us=2218 byte_swap_us=9 staging_us=4272 event_submit_us=17528 event_complete_us=20695 frame_us=33939 tear_edge_observed=1 frame_reused=1 pass=1
[12:16:08] TINYDRAW_PANSEQ_FRAME zoom=400 step=7 dx=24 dy=18 scroll_us=12 exposed_compose_us=4405 chrome_us=2248 tear_wait_us=12627 present_us=16736 prepare_us=10627 acquire_wait_us=19 ring_copy_us=8377 patch_us=2241 byte_swap_us=9 staging_us=4260 event_submit_us=17193 event_complete_us=20384 frame_us=33918 tear_edge_observed=1 frame_reused=1 pass=1
[12:16:08] TINYDRAW_PANSEQ_FRAME zoom=400 step=8 dx=24 dy=18 scroll_us=12 exposed_compose_us=4348 chrome_us=2214 tear_wait_us=12342 present_us=16075 prepare_us=10598 acquire_wait_us=22 ring_copy_us=8390 patch_us=2199 byte_swap_us=9 staging_us=4238 event_submit_us=16857 event_complete_us=19999 frame_us=32932 tear_edge_observed=1 frame_reused=1 pass=1
[12:16:08] TINYDRAW_PANSEQ_FRAME zoom=400 step=9 dx=24 dy=18 scroll_us=12 exposed_compose_us=4417 chrome_us=2221 tear_wait_us=12930 present_us=16422 prepare_us=10551 acquire_wait_us=19 ring_copy_us=8331 patch_us=2212 byte_swap_us=8 staging_us=4297 event_submit_us=17505 event_complete_us=20665 frame_us=33918 tear_edge_observed=1 frame_reused=1 pass=1
[12:16:08] TINYDRAW_PANSEQ_FRAME zoom=400 step=10 dx=24 dy=18 scroll_us=12 exposed_compose_us=4108 chrome_us=2199 tear_wait_us=12908 present_us=16763 prepare_us=10583 acquire_wait_us=22 ring_copy_us=8388 patch_us=2186 byte_swap_us=9 staging_us=4307 event_submit_us=17178 event_complete_us=20360 frame_us=33939 tear_edge_observed=1 frame_reused=1 pass=1
[12:16:08] TINYDRAW_PANSEQ_FRAME zoom=400 step=11 dx=24 dy=18 scroll_us=11 exposed_compose_us=4621 chrome_us=2217 tear_wait_us=12033 present_us=16108 prepare_us=10593 acquire_wait_us=19 ring_copy_us=8374 patch_us=2210 byte_swap_us=9 staging_us=4265 event_submit_us=16812 event_complete_us=19967 frame_us=32912 tear_edge_observed=1 frame_reused=1 pass=1
[12:16:08] TINYDRAW_PANSEQ_FRAME zoom=400 step=12 dx=24 dy=18 scroll_us=12 exposed_compose_us=4162 chrome_us=2214 tear_wait_us=13170 present_us=16447 prepare_us=10613 acquire_wait_us=20 ring_copy_us=8397 patch_us=2209 byte_swap_us=7 staging_us=4251 event_submit_us=17493 event_complete_us=20655 frame_us=33939 tear_edge_observed=1 frame_reused=1 pass=1
[12:16:08] TINYDRAW_PANSEQ_FRAME zoom=400 step=13 dx=24 dy=18 scroll_us=12 exposed_compose_us=4419 chrome_us=2206 tear_wait_us=12572 present_us=16778 prepare_us=10546 acquire_wait_us=21 ring_copy_us=8347 patch_us=2192 byte_swap_us=7 staging_us=4342 event_submit_us=17151 event_complete_us=20340 frame_us=33918 tear_edge_observed=1 frame_reused=1 pass=1
[12:16:08] TINYDRAW_PANSEQ_FRAME zoom=400 step=14 dx=24 dy=18 scroll_us=12 exposed_compose_us=4104 chrome_us=2212 tear_wait_us=12555 present_us=16113 prepare_us=10626 acquire_wait_us=21 ring_copy_us=8412 patch_us=2206 byte_swap_us=8 staging_us=4230 event_submit_us=16819 event_complete_us=19973 frame_us=32932 tear_edge_observed=1 frame_reused=1 pass=1
[12:16:08] TINYDRAW_PANSEQ_FRAME zoom=400 step=15 dx=24 dy=18 scroll_us=12 exposed_compose_us=4473 chrome_us=2211 tear_wait_us=12823 present_us=16473 prepare_us=10581 acquire_wait_us=20 ring_copy_us=8368 patch_us=2204 byte_swap_us=9 staging_us=4289 event_submit_us=17458 event_complete_us=20625 frame_us=33918 tear_edge_observed=1 frame_reused=1 pass=1
[12:16:08] TINYDRAW_PANSEQ_FRAME zoom=400 step=16 dx=72 dy=54 scroll_us=12 exposed_compose_us=11686 chrome_us=2240 tear_wait_us=5261 present_us=15830 prepare_us=10678 acquire_wait_us=19 ring_copy_us=8441 patch_us=2229 byte_swap_us=8 staging_us=4205 event_submit_us=17109 event_complete_us=20274 frame_us=32940 tear_edge_observed=1 frame_reused=1 pass=1
[12:16:08] TINYDRAW_PANSEQ_FRAME zoom=400 step=17 dx=72 dy=54 scroll_us=12 exposed_compose_us=11513 chrome_us=2202 tear_wait_us=6075 present_us=16181 prepare_us=10585 acquire_wait_us=26 ring_copy_us=8368 patch_us=2210 byte_swap_us=7 staging_us=4276 event_submit_us=17741 event_complete_us=20896 frame_us=33917 tear_edge_observed=1 frame_reused=1 pass=1
[12:16:08] TINYDRAW_PANSEQ_FRAME zoom=400 step=18 dx=72 dy=54 scroll_us=12 exposed_compose_us=11397 chrome_us=2208 tear_wait_us=5853 present_us=16529 prepare_us=10610 acquire_wait_us=18 ring_copy_us=8404 patch_us=2198 byte_swap_us=8 staging_us=4235 event_submit_us=17431 event_complete_us=20575 frame_us=33939 tear_edge_observed=1 frame_reused=1 pass=1
[12:16:08] TINYDRAW_PANSEQ_FRAME zoom=400 step=19 dx=72 dy=54 scroll_us=11 exposed_compose_us=11595 chrome_us=2254 tear_wait_us=5298 present_us=15876 prepare_us=10628 acquire_wait_us=21 ring_copy_us=8378 patch_us=2243 byte_swap_us=7 staging_us=4255 event_submit_us=17051 event_complete_us=20222 frame_us=32917 tear_edge_observed=1 frame_reused=1 pass=1
[12:16:09] TINYDRAW_PANSEQ_FRAME zoom=400 step=20 dx=-72 dy=-54 scroll_us=12 exposed_compose_us=11757 chrome_us=2219 tear_wait_us=5794 present_us=16224 prepare_us=10599 acquire_wait_us=19 ring_copy_us=8382 patch_us=2209 byte_swap_us=8 staging_us=4237 event_submit_us=17714 event_complete_us=20840 frame_us=33939 tear_edge_observed=1 frame_reused=1 pass=1
[12:16:09] TINYDRAW_PANSEQ_FRAME zoom=400 step=21 dx=-72 dy=-54 scroll_us=12 exposed_compose_us=11663 chrome_us=2217 tear_wait_us=5535 present_us=16573 prepare_us=10600 acquire_wait_us=19 ring_copy_us=8383 patch_us=2210 byte_swap_us=7 staging_us=4198 event_submit_us=17354 event_complete_us=20474 frame_us=33916 tear_edge_observed=1 frame_reused=1 pass=1
[12:16:09] TINYDRAW_PANSEQ_FRAME zoom=400 step=22 dx=-72 dy=-54 scroll_us=12 exposed_compose_us=11672 chrome_us=2250 tear_wait_us=5191 present_us=15914 prepare_us=10664 acquire_wait_us=20 ring_copy_us=8420 patch_us=2236 byte_swap_us=8 staging_us=4197 event_submit_us=17030 event_complete_us=20185 frame_us=32940 tear_edge_observed=1 frame_reused=1 pass=1
[12:16:09] TINYDRAW_PANSEQ_FRAME zoom=400 step=23 dx=-72 dy=-54 scroll_us=12 exposed_compose_us=11372 chrome_us=2212 tear_wait_us=6134 present_us=16265 prepare_us=10565 acquire_wait_us=22 ring_copy_us=8353 patch_us=2203 byte_swap_us=9 staging_us=4276 event_submit_us=17672 event_complete_us=20807 frame_us=33916 tear_edge_observed=1 frame_reused=1 pass=1
[12:16:09] TINYDRAW_PANSEQ_STRIP zoom=400 strip=0 panel_y=0 rows=44 samples=24 staging_mean_us=1346 staging_max_us=1383 wire_budget_us=1619 over_budget_us=0 pass=1
[12:16:09] TINYDRAW_PANSEQ_STRIP zoom=400 strip=1 panel_y=44 rows=44 samples=24 staging_mean_us=1241 staging_max_us=1254 wire_budget_us=1619 over_budget_us=0 pass=1
[12:16:09] TINYDRAW_PANSEQ_STRIP zoom=400 strip=2 panel_y=88 rows=44 samples=24 staging_mean_us=1196 staging_max_us=1210 wire_budget_us=1619 over_budget_us=0 pass=1
[12:16:09] TINYDRAW_PANSEQ_STRIP zoom=400 strip=3 panel_y=132 rows=44 samples=24 staging_mean_us=1195 staging_max_us=1211 wire_budget_us=1619 over_budget_us=0 pass=1
[12:16:09] TINYDRAW_PANSEQ_STRIP zoom=400 strip=4 panel_y=176 rows=44 samples=24 staging_mean_us=1189 staging_max_us=1205 wire_budget_us=1619 over_budget_us=0 pass=1
[12:16:09] TINYDRAW_PANSEQ_STRIP zoom=400 strip=5 panel_y=220 rows=44 samples=24 staging_mean_us=1179 staging_max_us=1194 wire_budget_us=1619 over_budget_us=0 pass=1
[12:16:09] TINYDRAW_PANSEQ_STRIP zoom=400 strip=6 panel_y=264 rows=44 samples=24 staging_mean_us=1337 staging_max_us=1368 wire_budget_us=1619 over_budget_us=0 pass=1
[12:16:09] TINYDRAW_PANSEQ_STRIP zoom=400 strip=7 panel_y=308 rows=44 samples=24 staging_mean_us=1330 staging_max_us=1344 wire_budget_us=1619 over_budget_us=0 pass=1
[12:16:09] TINYDRAW_PANSEQ_STRIP zoom=400 strip=8 panel_y=352 rows=20 samples=24 staging_mean_us=596 staging_max_us=630 wire_budget_us=736 over_budget_us=0 pass=1
[12:16:09] TINYDRAW_GATE1_PANSEQ zoom=400 frames=24 scroll_avg_us=11 exposed_avg_us=6745 chrome_avg_us=2217 tear_wait_avg_us=10140 present_avg_us=16344 prepare_avg_us=10592 acquire_wait_avg_us=20 ring_copy_avg_us=8376 patch_avg_us=2208 byte_swap_avg_us=8 staging_avg_us=4267 frame_avg_us=33386 frame_p50_us=33916 frame_p95_us=33939 frame_max_us=33939 complete_p50_us=20360 complete_p95_us=20840 complete_max_us=20896 tear_edge_failures=0 presentation_experiment=boundary-top-sweep te_edge=rising requested_clock_mhz=50 effective_clock_mhz=40 chrome_bottom_redraws=0 chrome_battery_redraws=0 chrome_zoom_redraws=0 chrome_minimap_base_redraws=0 strip_samples=216 staging_mean_us=1179 staging_max_us=1383 worst_strip=8 worst_strip_y=352 worst_wire_budget_us=736 worst_headroom_us=106 staging_invariant=1 pacing_pass=1 all_reused=1 pass=1
[12:16:09] TINYDRAW_GATE1_PAN_BOUNDARY zoom=100 slow_1px_trace=1 below_delta=94 below_reused=1 at_delta=96 at_reused=1 above_delta=98 above_fallback=1 pass=1
[12:16:09] TINYDRAW_GATE1_PAN_BOUNDARY zoom=400 slow_1px_trace=1 below_delta=94 below_reused=1 at_delta=96 at_reused=1 above_delta=98 above_fallback=1 pass=1
[12:16:10] TINYDRAW_GATE1_DRAW_FILL zoom=400 revision=2930 append_us=1422 poll_gap_us=95 event_submit_us=216 event_complete_us=2164 max_compute_slice_us=5388 max_display_slice_us=15474 fill_us=217792 revision_restarted=1 pass=1
[12:16:11] TINYDRAW_GATE1_CACHE_FILL zoom=50 x=63 y=63 published=56 total_us=566959 within_cold_gate=0 complete=1
[12:16:11] TINYDRAW_GATE1_CACHE_FILL zoom=100 x=63 y=63 published=56 total_us=458958 within_cold_gate=1 complete=1
[12:16:11] TINYDRAW_GATE1_CACHE_FILL zoom=200 x=63 y=63 published=56 total_us=323959 within_cold_gate=1 complete=1
[12:16:12] TINYDRAW_GATE1_CACHE_FILL zoom=400 x=63 y=63 published=56 total_us=270959 within_cold_gate=1 complete=1
[12:16:12] TINYDRAW_GATE1_CACHE_REVISIT zoom=50 remaining=0 tile_pixels=118128 fallback_pixels=0 compose_us=15940 complete_us=20460 hit=1
[12:16:12] TINYDRAW_GATE1_CACHE_REVISIT zoom=100 remaining=0 tile_pixels=164864 fallback_pixels=0 compose_us=18403 complete_us=20993 hit=1
[12:16:12] TINYDRAW_GATE1_CACHE_REVISIT zoom=200 remaining=0 tile_pixels=164864 fallback_pixels=0 compose_us=18387 complete_us=20525 hit=1
[12:16:12] TINYDRAW_GATE1_CACHE_REVISIT zoom=400 remaining=0 tile_pixels=164608 fallback_pixels=0 compose_us=18390 complete_us=21040 hit=1
[12:16:12] TINYDRAW_GATE1_CACHE_FILL zoom=400 x=575 y=575 published=56 total_us=285961 within_cold_gate=1 complete=1
[12:16:12] TINYDRAW_GATE1_CACHE_ROUND_TRIP zoom=50 from_x=63 from_y=63 via_x=575 via_y=575 remaining=0 tile_pixels=118128 fallback_pixels=0 compose_us=15972 complete_us=20925 hit=1
[12:16:12] TINYDRAW_GATE1_CACHE_ROUND_TRIP zoom=100 from_x=63 from_y=63 via_x=575 via_y=575 remaining=0 tile_pixels=164864 fallback_pixels=0 compose_us=18394 complete_us=20432 hit=1
[12:16:12] TINYDRAW_GATE1_CACHE_ROUND_TRIP zoom=200 from_x=63 from_y=63 via_x=575 via_y=575 remaining=0 tile_pixels=164864 fallback_pixels=0 compose_us=18441 complete_us=20940 hit=1
[12:16:13] TINYDRAW_GATE1_CACHE_ROUND_TRIP zoom=400 from_x=63 from_y=63 via_x=575 via_y=575 remaining=0 tile_pixels=164608 fallback_pixels=0 compose_us=18424 complete_us=20450 hit=1
[12:16:13] TINYDRAW_GATE1_CACHE_RETENTION pass=1 slots=448 revision=2930
[12:16:14] TINYDRAW_PAPER_SWEEP zoom=100 identities=644 raw=266 uniform=378 fallback=0 slots=448 total_us=1256868 pass=1
[12:16:14] TINYDRAW_RERENDER_LEDGER_RESET site=cache_tour_start
[12:16:17] TINYDRAW_GATE1_CACHE_TOUR slots=448 stops=16 forward_steps=2161 forward_tiles=832 forward_wall_us=1277784 return_missing_tiles=0 return_steps=16 return_tiles=0 return_wall_us=5327 home_missing=0 home_fallback_pixels=0 pass=1
[12:16:17] TINYDRAW_RERENDER_LEDGER site=cache_tour renders=137 unique=137 amplification=1.000 cold=137 damage=0 evict=0 stale=0 unexplained=0
[12:16:17] TINYDRAW_GATE1_MIXED_DRAW_WARM zoom=50 fill_tiles=56 fill_us=492570 raw=42 uniform=14
[12:16:18] TINYDRAW_GATE1_MIXED_DRAW_WARM zoom=100 fill_tiles=56 fill_us=380842 raw=56 uniform=0
[12:16:18] TINYDRAW_GATE1_MIXED_DRAW_WARM zoom=200 fill_tiles=56 fill_us=295858 raw=56 uniform=0
[12:16:18] TINYDRAW_GATE1_MIXED_DRAW_WARM zoom=400 fill_tiles=42 fill_us=189815 raw=42 uniform=0
[12:16:20] TINYDRAW_GATE1_MIXED_DRAW zoom=25 tool=pen chunks=50 append_max_us=127 append_avg_us=69 append_total_us=3459 affected_tiles=391 published=207 fallback=184 visible_fallback=0 drop_uni_slot=0 drop_uni_paint=0 drop_raw_edit=0 drop_raw_paint=0 off_skip=184 drain_ops=50 drain_total_us=909846 drain_max_us=31117 ph_prepare_max_us=111 ph_overview_max_us=8989 ph_enumerate_max_us=592 ph_uniform_max_us=5129 ph_raw_max_us=15 ph_offscreen_max_us=17742 ph_commit_max_us=4103 committed=1 authority=1 refresh=1 run_ok=1 pass=1
[12:16:21] TINYDRAW_GATE1_MIXED_DRAW zoom=25 tool=eraser chunks=50 append_max_us=146 append_avg_us=71 append_total_us=3597 affected_tiles=142 published=141 fallback=1 visible_fallback=0 drop_uni_slot=0 drop_uni_paint=0 drop_raw_edit=0 drop_raw_paint=0 off_skip=1 drain_ops=50 drain_total_us=813986 drain_max_us=28948 ph_prepare_max_us=124 ph_overview_max_us=9073 ph_enumerate_max_us=540 ph_uniform_max_us=30 ph_raw_max_us=14 ph_offscreen_max_us=16271 ph_commit_max_us=4019 committed=1 authority=1 refresh=1 run_ok=1 pass=1
[12:16:23] TINYDRAW_GATE1_MIXED_DRAW zoom=50 tool=pen chunks=50 append_max_us=153 append_avg_us=72 append_total_us=3625 affected_tiles=691 published=550 fallback=141 visible_fallback=0 drop_uni_slot=0 drop_uni_paint=0 drop_raw_edit=0 drop_raw_paint=0 off_skip=141 drain_ops=50 drain_total_us=1021893 drain_max_us=38555 ph_prepare_max_us=132 ph_overview_max_us=3798 ph_enumerate_max_us=578 ph_uniform_max_us=21586 ph_raw_max_us=12069 ph_offscreen_max_us=13304 ph_commit_max_us=1752 committed=1 authority=1 refresh=1 run_ok=1 pass=1
[12:16:24] TINYDRAW_GATE1_MIXED_DRAW zoom=50 tool=eraser chunks=50 append_max_us=145 append_avg_us=71 append_total_us=3590 affected_tiles=469 published=469 fallback=0 visible_fallback=0 drop_uni_slot=0 drop_uni_paint=0 drop_raw_edit=0 drop_raw_paint=0 off_skip=0 drain_ops=50 drain_total_us=889631 drain_max_us=26590 ph_prepare_max_us=131 ph_overview_max_us=3761 ph_enumerate_max_us=585 ph_uniform_max_us=34 ph_raw_max_us=12065 ph_offscreen_max_us=12079 ph_commit_max_us=1697 committed=1 authority=1 refresh=1 run_ok=1 pass=1
[12:16:26] TINYDRAW_GATE1_MIXED_DRAW zoom=100 tool=pen chunks=50 append_max_us=162 append_avg_us=73 append_total_us=3659 affected_tiles=740 published=647 fallback=93 visible_fallback=0 drop_uni_slot=0 drop_uni_paint=0 drop_raw_edit=0 drop_raw_paint=0 off_skip=93 drain_ops=50 drain_total_us=1020920 drain_max_us=33349 ph_prepare_max_us=142 ph_overview_max_us=1931 ph_enumerate_max_us=540 ph_uniform_max_us=22322 ph_raw_max_us=11907 ph_offscreen_max_us=15076 ph_commit_max_us=1084 committed=1 authority=1 refresh=1 run_ok=1 pass=1
[12:16:27] TINYDRAW_GATE1_MIXED_DRAW zoom=100 tool=eraser chunks=50 append_max_us=166 append_avg_us=71 append_total_us=3573 affected_tiles=549 published=549 fallback=0 visible_fallback=0 drop_uni_slot=0 drop_uni_paint=0 drop_raw_edit=0 drop_raw_paint=0 off_skip=0 drain_ops=50 drain_total_us=871366 drain_max_us=26291 ph_prepare_max_us=146 ph_overview_max_us=1918 ph_enumerate_max_us=571 ph_uniform_max_us=36 ph_raw_max_us=12010 ph_offscreen_max_us=13376 ph_commit_max_us=965 committed=1 authority=1 refresh=1 run_ok=1 pass=1
[12:16:29] TINYDRAW_GATE1_MIXED_DRAW zoom=200 tool=pen chunks=50 append_max_us=149 append_avg_us=73 append_total_us=3683 affected_tiles=718 published=685 fallback=33 visible_fallback=0 drop_uni_slot=0 drop_uni_paint=0 drop_raw_edit=0 drop_raw_paint=0 off_skip=33 drain_ops=50 drain_total_us=1021348 drain_max_us=27793 ph_prepare_max_us=135 ph_overview_max_us=1056 ph_enumerate_max_us=550 ph_uniform_max_us=12051 ph_raw_max_us=12106 ph_offscreen_max_us=14687 ph_commit_max_us=889 committed=1 authority=1 refresh=1 run_ok=1 pass=1
[12:16:31] TINYDRAW_GATE1_MIXED_DRAW zoom=200 tool=eraser chunks=50 append_max_us=165 append_avg_us=71 append_total_us=3588 affected_tiles=641 published=640 fallback=1 visible_fallback=0 drop_uni_slot=0 drop_uni_paint=0 drop_raw_edit=0 drop_raw_paint=0 off_skip=1 drain_ops=50 drain_total_us=958548 drain_max_us=25893 ph_prepare_max_us=146 ph_overview_max_us=1087 ph_enumerate_max_us=574 ph_uniform_max_us=31 ph_raw_max_us=12068 ph_offscreen_max_us=14931 ph_commit_max_us=838 committed=1 authority=1 refresh=1 run_ok=1 pass=1
[12:16:32] TINYDRAW_GATE1_MIXED_DRAW zoom=400 tool=pen chunks=50 append_max_us=171 append_avg_us=72 append_total_us=3639 affected_tiles=743 published=743 fallback=0 visible_fallback=0 drop_uni_slot=0 drop_uni_paint=0 drop_raw_edit=0 drop_raw_paint=0 off_skip=0 drain_ops=50 drain_total_us=1007406 drain_max_us=23879 ph_prepare_max_us=150 ph_overview_max_us=739 ph_enumerate_max_us=704 ph_uniform_max_us=4016 ph_raw_max_us=12023 ph_offscreen_max_us=10070 ph_commit_max_us=810 committed=1 authority=1 refresh=1 run_ok=1 pass=1
[12:16:34] TINYDRAW_GATE1_MIXED_DRAW zoom=400 tool=eraser chunks=50 append_max_us=170 append_avg_us=75 append_total_us=3771 affected_tiles=746 published=746 fallback=0 visible_fallback=0 drop_uni_slot=0 drop_uni_paint=0 drop_raw_edit=0 drop_raw_paint=0 off_skip=0 drain_ops=50 drain_total_us=1002721 drain_max_us=23715 ph_prepare_max_us=148 ph_overview_max_us=700 ph_enumerate_max_us=704 ph_uniform_max_us=33 ph_raw_max_us=12069 ph_offscreen_max_us=9939 ph_commit_max_us=798 committed=1 authority=1 refresh=1 run_ok=1 pass=1
[12:16:34] TINYDRAW_GATE1_MIXED_DRAW_REVISIT zoom=50 missing=0 refill_tiles=0 refill_us=328
[12:16:34] TINYDRAW_GATE1_MIXED_DRAW_REVISIT zoom=100 missing=0 refill_tiles=0 refill_us=327
[12:16:34] TINYDRAW_GATE1_MIXED_DRAW_REVISIT zoom=200 missing=0 refill_tiles=0 refill_us=324
[12:16:34] TINYDRAW_GATE1_MIXED_DRAW_REVISIT zoom=400 missing=0 refill_tiles=0 refill_us=264
[12:16:34] TINYDRAW_GATE1_MIXED_DRAW_SUMMARY slots=448 strokes=10 worst_append_us=171 pass=1
[12:16:39] TINYDRAW_GATE1_IDLE_REPAIR damaged=588 remaining=0 plan_views=24 steps=4382 repair_us=3701503 worst_step_us=5297 warm_tiles=56 pass=1
[12:16:40] TINYDRAW_INKTRACE trace=fast-curve-dense-25 zoom=25 events=411 consumed=389 coalesced=22 down=1/1 up=1/1 max_time_gap_us=4079 max_space_gap_px=55.33 e2c_p50=505 e2c_p95=921 e2c_max=1582 e2g_p95=794 e2s_p95=2610 e2d_p50=2360 e2d_p95=3666 e2d_max=3931 latency_samples=33 presentation_failures=0 commit_failures=0 overflows=0 revision=3482 fb_tiles=0 fb_start=0 fb_mid_max=0 fb_up_max=0 fb_end=0 drop_uni_slot=0 drop_uni_paint=0 drop_raw_edit=0 drop_raw_paint=0 off_skip=61 drain_ops=2 drain_max_us=37114 latency_pass=1 pass=1
[12:16:41] TINYDRAW_INKTRACE trace=fast-curve-400 zoom=400 events=414 consumed=365 coalesced=49 down=1/1 up=1/1 max_time_gap_us=4411 max_space_gap_px=65.51 e2c_p50=505 e2c_p95=1034 e2c_max=2004 e2g_p95=794 e2s_p95=2814 e2d_p50=2485 e2d_p95=4364 e2d_max=4392 latency_samples=33 presentation_failures=0 commit_failures=0 overflows=0 revision=3484 fb_tiles=42 fb_start=30 fb_mid_max=30 fb_up_max=30 fb_end=30 drop_uni_slot=0 drop_uni_paint=0 drop_raw_edit=0 drop_raw_paint=0 off_skip=0 drain_ops=2 drain_max_us=10697 latency_pass=1 pass=1
[12:16:43] TINYDRAW_INKTRACE trace=fast-curve-400-xl zoom=400 events=2296 consumed=1941 coalesced=355 down=1/1 up=1/1 max_time_gap_us=6078 max_space_gap_px=47.85 e2c_p50=506 e2c_p95=506 e2c_max=1579 e2g_p95=797 e2s_p95=2962 e2d_p50=3349 e2d_p95=4661 e2d_max=5610 latency_samples=172 presentation_failures=0 commit_failures=0 overflows=0 revision=3490 fb_tiles=42 fb_start=30 fb_mid_max=30 fb_up_max=30 fb_end=30 drop_uni_slot=0 drop_uni_paint=0 drop_raw_edit=0 drop_raw_paint=0 off_skip=0 drain_ops=6 drain_max_us=15349 latency_pass=1 pass=1
[12:16:44] TINYDRAW_INKTRACE trace=slow-precise-100 zoom=100 events=741 consumed=716 coalesced=25 down=1/1 up=1/1 max_time_gap_us=3000 max_space_gap_px=13.45 e2c_p50=505 e2c_p95=1046 e2c_max=1914 e2g_p95=795 e2s_p95=1857 e2d_p50=1982 e2d_p95=2353 e2d_max=2389 latency_samples=53 presentation_failures=0 commit_failures=0 overflows=0 revision=3492 fb_tiles=42 fb_start=20 fb_mid_max=20 fb_up_max=20 fb_end=20 drop_uni_slot=0 drop_uni_paint=0 drop_raw_edit=0 drop_raw_paint=0 off_skip=0 drain_ops=2 drain_max_us=13369 latency_pass=1 pass=1
[12:16:47] TINYDRAW_INKTRACE trace=scribble-multistroke zoom=100 events=848 consumed=727 coalesced=121 down=7/7 up=7/7 max_time_gap_us=7078 max_space_gap_px=109.46 e2c_p50=505 e2c_p95=582 e2c_max=2054 e2g_p95=793 e2s_p95=3407 e2d_p50=3357 e2d_p95=5889 e2d_max=7194 latency_samples=55 presentation_failures=0 commit_failures=0 overflows=0 revision=3499 fb_tiles=42 fb_start=20 fb_mid_max=20 fb_up_max=20 fb_end=20 drop_uni_slot=0 drop_uni_paint=0 drop_raw_edit=0 drop_raw_paint=0 off_skip=0 drain_ops=7 drain_max_us=18553 latency_pass=1 pass=1
[12:16:48] TINYDRAW_HAIRLINE_DOC ops=782 samples=8061 append_total_us=1064971 append_max_us=7217
[12:16:49] TINYDRAW_GATE1_PACED_COLD corpus=evil_hairlines_capacity zoom=100 x=552 y=672 steps=239 tiles=56 compute_us=218414 present_us=75273 touch_us=680 pacing_us=6596 wall_us=300963 maximum_wall_us=500000 max_tick_us=8884 touch_samples=46712 touch_interval_max_us=2147 touch_read_max_us=632 touch_events=0 touch_down=0 touch_up=0 touch_events_ge_8ms=0 touch_event_age_max_us=0 touch_errors=0 touch_overflows=0 pass=1
[12:16:49] TINYDRAW_GATE1_PACED_COLD corpus=evil_hairlines_capacity zoom=400 x=2760 y=3360 steps=212 tiles=48 compute_us=126564 present_us=74438 touch_us=476 pacing_us=4493 wall_us=205971 maximum_wall_us=500000 max_tick_us=9021 touch_samples=275 touch_interval_max_us=1880 touch_read_max_us=478 touch_events=0 touch_down=0 touch_up=0 touch_events_ge_8ms=0 touch_event_age_max_us=0 touch_errors=0 touch_overflows=0 pass=1
[12:16:51] TINYDRAW_HAIRLINE_REPAIR steps=2353 wall_us=2036282 worst_step_us=5279 resident=406/448 grid_stopped=1 pass2_steps=8 pass2_wall_us=2154 no_churn=1
[12:16:53] TINYDRAW_HAIRLINE_TOUR stops=8 total_us=837956 worst_stop_us=173370 worst_step_us=6344
[12:16:53] TINYDRAW_GATE1_HAIRLINE raw=339 uniform=73 fallback=232 capacity=448 worst_step_us=6344 grid_stopped=1 pass=1
[12:16:55] TINYDRAW_GATE1_LONG_GESTURE path=reference samples=1600 chunks=26 append_total_us=927772 append_max_us=43751 append_avg_us=35683 refresh_fallback_pixels=0 settled_fallback_pixels=0 committed=1 authority=1 refresh=1 run_ok=1
[12:16:55] TINYDRAW_GATE1_LONG_GESTURE path=in_place samples=1600 chunks=52 append_total_us=594737 append_max_us=13979 append_avg_us=11437 refresh_fallback_pixels=0 settled_fallback_pixels=0 committed=1 authority=1 refresh=1 run_ok=1
[12:16:56] TINYDRAW_GATE1_EXPORT format=svg encoded=1 bytes=155150 elapsed_us=954864 workspace_bytes=4096 operations=52 sink_calls=152 flash_pages=38 crc32=b3ad618d free_psram=1818884 free_internal=116008 prolog=1 dimensions=1 terminator=1 crc_ok=1 paths=1 path_only=0 pass=0
[12:16:56] TINYDRAW_RERENDER_LEDGER site=final renders=0 unique=0 amplification=0.000 cold=0 damage=0 evict=0 stale=0 unexplained=0
[12:16:56] TINYDRAW_GATE1_AUTOMATED_DONE minimap_navigation=1 zoom_cycle_return=1 zoom_overlay_pan=1 color_dialog=1 stress=1 stress_100=1 stress_400=1 overlap_ready=1 overlap_cold=0 general_cold_ready=1 general_cold=1 workload=1 paced_cold=1 hard_100=1 hard_400=1 pan_100=1 pan_400=1 pan_seq=1 pan_boundary=1 live_overlay=1 draw_fill=1 cache=1 full_world_cache=1 cache_tour=1 mixed_draw=1 idle_repair=1 ink_trace=1 hairline_capacity=1 long_gesture=1 export_encode=0 export_reserve=0 return=1 ssaa_receipt=yellow
[12:16:56] TINYDRAW_VECTOR_V2_GATE_HARNESS_DONE pass=0
[12:16:56] TINYDRAW_VECTOR_V2_READY zoom=25 controls=chrome button=cycle_all_zooms operations_capacity=4000 samples_capacity=80000 live_storage_bytes=6383640 overview_bytes=1318912 raw_tile_bytes=3670016 tile_metadata_bytes=101360 operation_bytes=720000 live_scratch_bytes=573352 free_psram=1818884 largest_psram=1802240 te_edges=3739 te_period_us=16821 te_high_us=579 te_level=0 main_stack_free=1832
[12:16:58] TINYDRAW_LIVE_SETTLE zoom=25 tiles=42 total_us=151257 max_tile_us=75991 failures=0
