2026-08-17 11:12:17 - 11 - 08 - INFO - Using selected IDF version: v6.0.2
Added environment variable ESP_IDF_VERSION = 6.0
Added environment variable IDF_VERSION = 6.0.2
Added environment variable IDF_TOOLS_PATH = /Users/sarah/.espressif/tools
Added environment variable IDF_COMPONENT_LOCAL_STORAGE_URL = file:///Users/sarah/.espressif/tools
Added environment variable IDF_PATH = /Users/sarah/.espressif/v6.0.2/esp-idf
Added environment variable ESP_ROM_ELF_DIR = /Users/sarah/.espressif/tools/esp-rom-elfs/20241011/
Added environment variable OPENOCD_SCRIPTS = /Users/sarah/.espressif/tools/openocd-esp32/v0.12.0-esp32-20260424/openocd-esp32/share/openocd/scripts
Added environment variable IDF_PYTHON_ENV_PATH = /Users/sarah/.espressif/tools/python/v6.0.2/venv
Added environment variable ESP_CLANG_LIBS_PATH = /Users/sarah/.espressif/tools/esp-clang-libs/esp-20.1.1_20250829/esp-clang/lib
Added proper directory to PATH
Activated virtual environment at /Users/sarah/.espressif/tools/python/v6.0.2/venv
Environment setup complete for the current shell session.
These changes will be lost when you close this terminal.
You are now using IDF version 6.0.2.
eim select v6.0.2
Adding "flash"'s dependency "all" to list of commands with default set of options.
Executing action: all (aliases: build)
Running ninja in directory /Users/sarah/src/tries/2026-08-09-espdraw/out/build/esp32-vector-v2-gate-harness
Executing "ninja all"...
[1/4] cd /Users/sarah/src/tries/2026-08-09-espdraw/out/build/esp32-vector-v2-gate-harness && /Users/sarah/.espressif/tools/python/v6.0.2/venv/bin/python /Users/sarah/.espressif/v6.0.2/esp-idf/components/partition_table/check_sizes.py --offset 0x8000 partition --type app /Users/sarah/src/tries/2026-08-09-espdraw/out/build/esp32-vector-v2-gate-harness/partition_table/partition-table.bin /Users/sarah/src/tries/2026-08-09-espdraw/out/build/esp32-vector-v2-gate-harness/tinydraw_esp32.bin
tinydraw_esp32.bin binary size 0x8db00 bytes. Smallest app partition is 0x100000 bytes. 0x72500 bytes (45%) free.
[2/4] Performing build step for 'bootloader'
[1/1] cd /Users/sarah/src/tries/2026-08-09-espdraw/out/build/esp32-vector-v2-gate-harness/bootloader && /Users/sarah/.espressif/tools/python/v6.0.2/venv/bin/python /Users/sarah/.espressif/v6.0.2/esp-idf/components/partition_table/check_sizes.py --offset 0x8000 bootloader 0x0 /Users/sarah/src/tries/2026-08-09-espdraw/out/build/esp32-vector-v2-gate-harness/bootloader/bootloader.bin
Bootloader binary size 0x57e0 bytes. 0x2820 bytes (31%) free.
[3/4] No install step for 'bootloader'
[4/4] Completed 'bootloader'
Executing action: flash
Running ninja in directory /Users/sarah/src/tries/2026-08-09-espdraw/out/build/esp32-vector-v2-gate-harness
Executing "ninja flash"...
[1/5] cd /Users/sarah/src/tries/2026-08-09-espdraw/out/build/esp32-vector-v2-gate-harness && /Users/sarah/.espressif/tools/python/v6.0.2/venv/bin/python /Users/sarah/.espressif/v6.0.2/esp-idf/components/partition_table/check_sizes.py --offset 0x8000 partition --type app /Users/sarah/src/tries/2026-08-09-espdraw/out/build/esp32-vector-v2-gate-harness/partition_table/partition-table.bin /Users/sarah/src/tries/2026-08-09-espdraw/out/build/esp32-vector-v2-gate-harness/tinydraw_esp32.bin
tinydraw_esp32.bin binary size 0x8db00 bytes. Smallest app partition is 0x100000 bytes. 0x72500 bytes (45%) free.
[2/5] Performing build step for 'bootloader'
[1/1] cd /Users/sarah/src/tries/2026-08-09-espdraw/out/build/esp32-vector-v2-gate-harness/bootloader && /Users/sarah/.espressif/tools/python/v6.0.2/venv/bin/python /Users/sarah/.espressif/v6.0.2/esp-idf/components/partition_table/check_sizes.py --offset 0x8000 bootloader 0x0 /Users/sarah/src/tries/2026-08-09-espdraw/out/build/esp32-vector-v2-gate-harness/bootloader/bootloader.bin
Bootloader binary size 0x57e0 bytes. 0x2820 bytes (31%) free.
[3/5] No install step for 'bootloader'
[4/5] Completed 'bootloader'
[4/5] Running utility command for flash
esptool --chip esp32s3 -p /dev/cu.usbmodem101 -b 460800 --before=default-reset --after=hard-reset write-flash --flash-mode dio --flash-freq 80m --flash-size 16MB 0x0 bootloader/bootloader.bin 0x8000 partition_table/partition-table.bin 0x10000 tinydraw_esp32.bin
esptool v5.3.1
Serial port /dev/cu.usbmodem101:

A fatal error occurred: Could not open /dev/cu.usbmodem101, the port is busy or doesn't exist.
([Errno 2] could not open port /dev/cu.usbmodem101: [Errno 2] No such file or directory: '/dev/cu.usbmodem101')

Hint: Check if the port is correct and ESP connected

CMake Error at /Users/sarah/.espressif/v6.0.2/esp-idf/components/esptool_py/run_serial_tool.cmake:67 (message):
  
  /Users/sarah/.espressif/tools/python/v6.0.2/venv/bin/python;-m;esptool;--chip;esp32s3
  failed.



FAILED: CMakeFiles/flash.util 
cd /Users/sarah/src/tries/2026-08-09-espdraw/esp32 && /Users/sarah/.espressif/tools/cmake/4.0.3/CMake.app/Contents/bin/cmake -D IDF_PATH=/Users/sarah/.espressif/v6.0.2/esp-idf -D "SERIAL_TOOL=/Users/sarah/.espressif/tools/python/v6.0.2/venv/bin/python;-m;esptool;--chip;esp32s3" -D "SERIAL_TOOL_ARGS=--before=default-reset;--after=hard-reset;write-flash;@flash_args" -D WORKING_DIRECTORY=/Users/sarah/src/tries/2026-08-09-espdraw/out/build/esp32-vector-v2-gate-harness -P /Users/sarah/.espressif/v6.0.2/esp-idf/components/esptool_py/run_serial_tool.cmake
ninja: build stopped: subcommand failed.
ninja failed with exit code 1, output of the command is in the /Users/sarah/src/tries/2026-08-09-espdraw/out/build/esp32-vector-v2-gate-harness/log/idf_py_stderr_output_45051 and /Users/sarah/src/tries/2026-08-09-espdraw/out/build/esp32-vector-v2-gate-harness/log/idf_py_stdout_output_45051
Error executing CLI: Command failed to execute
