[13:23:32] ESP-ROM:esp32s3-20210327
[13:23:32] Build:Mar 27 2021
[13:23:32] rst:0x15 (USB_UART_CHIP_RESET),boot:0x2b (SPI_FAST_FLASH_BOOT)
[13:23:32] Saved PC:0x42009387
[13:23:32] SPIWP:0xee
[13:23:32] mode:DIO, clock div:1
[13:23:32] load:0x3fce2820,len:0x1664
[13:23:32] load:0x403c8700,len:0xf38
[13:23:32] load:0x403cb700,len:0x31e8
[13:23:32] entry 0x403c8930
[13:23:32] I (24) boot: ESP-IDF v6.0.2 2nd stage bootloader
[13:23:32] I (24) boot: compile time Aug 17 2026 13:23:07
[13:23:32] I (25) boot: Multicore bootloader
[13:23:32] I (25) boot: chip revision: v0.2
[13:23:32] I (28) boot: efuse block revision: v1.3
[13:23:32] I (31) qio_mode: Enabling default flash chip QIO
[13:23:32] I (36) boot.esp32s3: Boot SPI Speed : 80MHz
[13:23:32] I (39) boot.esp32s3: SPI Mode       : QIO
[13:23:32] I (43) boot.esp32s3: SPI Flash Size : 16MB
[13:23:32] I (47) boot: Enabling RNG early entropy source...
[13:23:32] I (51) boot: Partition Table:
[13:23:32] I (54) boot: ## Label            Usage          Type ST Offset   Length
[13:23:32] I (60) boot:  0 nvs              WiFi data        01 02 00009000 00006000
[13:23:32] I (67) boot:  1 phy_init         RF data          01 01 0000f000 00001000
[13:23:32] I (73) boot:  2 factory          factory app      00 00 00010000 00140000
[13:23:32] I (80) boot:  3 drawing          Unknown data     01 40 00150000 00300000
[13:23:32] I (86) boot:  4 export           Unknown data     01 41 00450000 004c0000
[13:23:32] I (93) boot:  5 coredump         Unknown data     01 03 00910000 00010000
[13:23:32] I (100) boot: End of partition table
[13:23:32] I (103) esp_image: segment 0: paddr=00010020 vaddr=3c0d0020 size=3adach (241068) map
[13:23:32] I (148) esp_image: segment 1: paddr=0004add4 vaddr=3fc9e100 size=05244h ( 21060) load
[13:23:32] I (152) esp_image: segment 2: paddr=00050020 vaddr=42000020 size=c5248h (807496) map
[13:23:32] I (277) esp_image: segment 3: paddr=00115270 vaddr=3fca3344 size=00414h (  1044) load
[13:23:32] I (278) esp_image: segment 4: paddr=0011568c vaddr=40374000 size=1a06ch (106604) load
[13:23:32] I (302) esp_image: segment 5: paddr=0012f700 vaddr=50000000 size=00024h (    36) load
[13:23:32] I (314) boot: Loaded app from partition at offset 0x10000
[13:23:32] I (314) boot: Disabling RNG early entropy source...
[13:23:32] I (324) octal_psram: vendor id    : 0x0d (AP)
[13:23:32] I (324) octal_psram: dev id       : 0x02 (generation 3)
[13:23:32] I (324) octal_psram: density      : 0x03 (64 Mbit)
[13:23:32] I (326) octal_psram: good-die     : 0x01 (Pass)
[13:23:32] I (331) octal_psram: Latency      : 0x01 (Fixed)
[13:23:32] I (335) octal_psram: VCC          : 0x01 (3V)
[13:23:32] I (339) octal_psram: SRF          : 0x01 (Fast Refresh)
[13:23:32] I (344) octal_psram: BurstType    : 0x01 (Hybrid Wrap)
[13:23:32] I (349) octal_psram: BurstLen     : 0x01 (32 Byte)
[13:23:32] I (353) octal_psram: Readlatency  : 0x02 (10 cycles@Fixed)
[13:23:32] I (358) octal_psram: DriveStrength: 0x00 (1/1)
[13:23:32] I (363) MSPI Timing: Enter psram timing tuning
[13:23:32] I (367) esp_psram: Found 8MB PSRAM device
[13:23:32] I (371) esp_psram: Speed: 80MHz
[13:23:32] I (373) cpu_start: Multicore app
[13:23:32] I (789) esp_psram: SPI SRAM memory test OK
[13:23:32] I (798) cpu_start: GPIO 44 and 43 are used as console UART I/O pins
[13:23:32] I (798) cpu_start: Pro cpu start user code
[13:23:32] I (798) cpu_start: cpu freq: 240000000 Hz
[13:23:32] I (800) app_init: Application information:
[13:23:32] I (804) app_init: Project name:     tinydraw_esp32
[13:23:32] I (808) app_init: App version:      889fe54-dirty
[13:23:32] I (813) app_init: Compile time:     Aug 17 2026 13:22:56
[13:23:32] I (818) app_init: ELF file SHA256:  699e3df9b...
[13:23:32] I (822) app_init: ESP-IDF:          v6.0.2
[13:23:32] I (826) efuse_init: Min chip rev:     v0.0
[13:23:32] I (830) efuse_init: Max chip rev:     v0.99 
[13:23:32] I (834) efuse_init: Chip rev:         v0.2
[13:23:32] I (838) heap_init: Initializing. RAM available for dynamic allocation:
[13:23:32] I (844) heap_init: At 3FCA82B0 len 00041460 (261 KiB): RAM
[13:23:32] I (849) heap_init: At 3FCE9710 len 00005724 (21 KiB): RAM
[13:23:32] I (854) heap_init: At 3FCF0000 len 00008000 (32 KiB): DRAM
[13:23:32] I (859) heap_init: At 600FE000 len 00001FE8 (7 KiB): RTCRAM
[13:23:32] I (865) esp_psram: Adding pool of 8192K of PSRAM memory to heap allocator
[13:23:32] I (872) spi_flash: detected chip: generic
[13:23:32] I (875) spi_flash: flash io: qio
[13:23:32] I (878) sleep_gpio: Configure to isolate all GPIO pins in sleep state
[13:23:32] I (884) sleep_gpio: Enable automatic switching of GPIO sleep configuration
[13:23:32] I (891) main_task: Started on CPU0
[13:23:32] I (894) main_task: Calling app_main()
[13:23:32] TINYDRAW_PRODUCER_SCRATCH supertask_internal=1 slot_directory_internal=0 free_internal=236196 free_psram=1820524
[13:23:33] TINYDRAW_PANEL_HARD_RESET=1
[13:23:33] TINYDRAW_PANEL_TRANSPORT requested_clock_mhz=50 effective_clock_mhz=40
[13:23:33] I (1101) co5300: version: 2.1.0
[13:23:33] I (1101) co5300_spi: LCD panel create success, version: 2.1.0
[13:23:33] W (1186) co5300_spi: The 3Ah command has been used and will be overwritten by external initialization sequence
[13:23:33] I (1287) CST816S: IC id: 183
[13:23:33] I (1288) PCF85063A: PCF85063A initialized successfully
[13:23:33] TINYDRAW_RTC ready=1 retained=1 local=2026-08-17T12:23:33
[13:23:33] TINYDRAW_VECTOR_V2_PRESENTATION experiment=boundary-top-sweep te_edge=rising requested_clock_mhz=50 effective_clock_mhz=40 optical_acceptance=external_manual
[13:23:33] TINYDRAW_LIVE_PRESENT kind=startup zoom=25 x=0 y=0 compose_us=26076 scroll_us=0 exposed_compose_us=0 chrome_us=13080 chrome_prepare_us=8253 chrome_stage_us=4827 read_submit_us=0 read_complete_us=0 transfer_wait_us=20267 tile_pixels=0 uniform_pixels=0 overview_pixels=164864 fallback_pixels=0 resident_tiles=0 fallback_tiles=0 pushes=11 tear_wait_us=10582 tear_edge_isr_to_resume_us=11 tear_edge_observed=1 tear_edge_wait_resumed=1 tear_edge_timeout=0 tear_heal_attempted=0 tear_heal_command_sent=0 presentation_experiment=boundary-top-sweep te_edge=rising requested_clock_mhz=50 effective_clock_mhz=40 frame_reused=0 pass=1
[13:23:33] TINYDRAW_GATE1_ZOOM_OVERLAY_PAN tap_zoom=1 drag_pan=1 threshold_px=8 pass=1
[13:23:33] TINYDRAW_GATE1_ZOOM_CYCLE_RETURN explored_x=2300 explored_y=3100 returned_x=2300 returned_y=3100 pass=1
[13:23:33] TINYDRAW_GATE1_COLOR_DIALOG wall_us=27691 maximum_us=40000 compose_us=0 chrome_us=9332 chrome_prepare_us=8 chrome_stage_us=9324 complete_us=23312 pushes=11 pass=1
[13:23:33] TINYDRAW_GATE1_MINIMAP_NAV hit=1 threshold_px=4 threshold_400_px=2 intent=1 tap_x=552 tap_y=710 tap_complete_us=20436 tap_pass=1 drag_x=626 drag_y=782 drag_complete_us=15848 drag_reused=1 drag_pass=1 acquire_zone_x=1914 acquire_zone_y=2192 acquire_zone_pass=1 acquire_x=2796 acquire_y=3434 acquire_complete_us=20562 acquire_pass=1 fine_400_px=36 pass=1
[13:23:34] TINYDRAW_LIVE_STRESS operations=1000 samples=20000 total_us=705064 average_us=705 maximum_us=1172 free_psram=1818884 largest_psram=1802240
[13:23:34] TINYDRAW_LIVE_PRESENT kind=gate_fallback zoom=100 x=0 y=0 compose_us=11235 scroll_us=0 exposed_compose_us=0 chrome_us=8481 chrome_prepare_us=4155 chrome_stage_us=4326 read_submit_us=25630 read_complete_us=28973 transfer_wait_us=19964 tile_pixels=0 uniform_pixels=0 overview_pixels=0 fallback_pixels=164864 resident_tiles=0 fallback_tiles=42 pushes=11 tear_wait_us=10064 tear_edge_isr_to_resume_us=16 tear_edge_observed=1 tear_edge_wait_resumed=1 tear_edge_timeout=0 tear_heal_attempted=0 tear_heal_command_sent=0 presentation_experiment=boundary-top-sweep te_edge=rising requested_clock_mhz=50 effective_clock_mhz=40 frame_reused=0 pass=1
[13:23:34] TINYDRAW_GATE1_HARD zoom=100 cold=1 operations=1000 samples=20000 steps=193 tiles=42 scanned=12000 rendered=122 max_supertask_us=6558 presentation_us=71045 total_us=275768 maximum_wall_us=500000 pass=1
[13:23:34] TINYDRAW_LIVE_PRESENT kind=gate_fallback zoom=400 x=0 y=0 compose_us=10698 scroll_us=0 exposed_compose_us=0 chrome_us=5316 chrome_prepare_us=1106 chrome_stage_us=4210 read_submit_us=20486 read_complete_us=24096 transfer_wait_us=20452 tile_pixels=0 uniform_pixels=0 overview_pixels=0 fallback_pixels=164864 resident_tiles=0 fallback_tiles=42 pushes=11 tear_wait_us=8530 tear_edge_isr_to_resume_us=11 tear_edge_observed=1 tear_edge_wait_resumed=1 tear_edge_timeout=0 tear_heal_attempted=0 tear_heal_command_sent=0 presentation_experiment=boundary-top-sweep te_edge=rising requested_clock_mhz=50 effective_clock_mhz=40 frame_reused=0 pass=1
[13:23:35] TINYDRAW_GATE1_HARD zoom=400 cold=1 operations=1000 samples=20000 steps=199 tiles=42 scanned=12000 rendered=17 max_supertask_us=5197 presentation_us=66267 total_us=157120 maximum_wall_us=500000 pass=1
[13:23:35] TINYDRAW_OVERLAP_WORKLOAD operations=8 samples=1200 radius_world=80
[13:23:36] TINYDRAW_GATE1_PACED_COLD corpus=overlap zoom=50 x=215 y=255 steps=235 tiles=56 compute_us=508569 present_us=82691 touch_us=974 pacing_us=14279 wall_us=606513 maximum_wall_us=500000 max_tick_us=10551 touch_samples=2879 touch_interval_max_us=2031 touch_read_max_us=590 touch_events=0 touch_down=0 touch_up=0 touch_events_ge_8ms=0 touch_event_age_max_us=0 touch_errors=0 touch_overflows=0 pass=0
[13:23:36] TINYDRAW_GATE1_PACED_COLD corpus=overlap zoom=100 x=583 y=703 steps=183 tiles=48 compute_us=275112 present_us=75649 touch_us=626 pacing_us=7587 wall_us=358974 maximum_wall_us=500000 max_tick_us=9748 touch_samples=424 touch_interval_max_us=1744 touch_read_max_us=553 touch_events=0 touch_down=0 touch_up=0 touch_events_ge_8ms=0 touch_event_age_max_us=0 touch_errors=0 touch_overflows=0 pass=1
[13:23:37] TINYDRAW_GATE1_PACED_COLD corpus=overlap zoom=200 x=1319 y=1599 steps=180 tiles=56 compute_us=250197 present_us=76868 touch_us=544 pacing_us=7362 wall_us=334971 maximum_wall_us=500000 max_tick_us=9387 touch_samples=395 touch_interval_max_us=1850 touch_read_max_us=501 touch_events=0 touch_down=0 touch_up=0 touch_events_ge_8ms=0 touch_event_age_max_us=0 touch_errors=0 touch_overflows=0 pass=1
[13:23:37] TINYDRAW_GATE1_PACED_COLD corpus=overlap zoom=400 x=2791 y=3391 steps=181 tiles=56 compute_us=214559 present_us=74071 touch_us=497 pacing_us=5847 wall_us=294974 maximum_wall_us=500000 max_tick_us=8703 touch_samples=363 touch_interval_max_us=1180 touch_read_max_us=455 touch_events=0 touch_down=0 touch_up=0 touch_events_ge_8ms=0 touch_event_age_max_us=0 touch_errors=0 touch_overflows=0 pass=1
[13:23:37] TINYDRAW_ADVERSARIAL_TAPERED_WORKLOAD operations=128 samples=4096 erasers=12 load_us=223976 appended=1
[13:23:38] TINYDRAW_GENERAL_COLD_WORKLOAD operations=910 samples=12157 hairline_operations=782 hairline_samples=8061 hairline_load_us=1122836 appended=1
[13:23:39] TINYDRAW_GATE1_PACED_COLD corpus=adversarial_tapered_4x+evil_hairlines zoom=50 x=0 y=0 steps=313 tiles=42 compute_us=341473 present_us=69391 touch_us=877 pacing_us=11239 wall_us=422980 maximum_wall_us=500000 max_tick_us=8123 touch_samples=1559 touch_interval_max_us=2078 touch_read_max_us=579 touch_events=0 touch_down=0 touch_up=0 touch_events_ge_8ms=0 touch_event_age_max_us=0 touch_errors=0 touch_overflows=0 pass=1
[13:23:39] TINYDRAW_GATE1_PACED_COLD corpus=adversarial_tapered_4x+evil_hairlines zoom=100 x=0 y=0 steps=334 tiles=42 compute_us=330852 present_us=65443 touch_us=772 pacing_us=8715 wall_us=405782 maximum_wall_us=500000 max_tick_us=7947 touch_samples=471 touch_interval_max_us=1150 touch_read_max_us=425 touch_events=0 touch_down=0 touch_up=0 touch_events_ge_8ms=0 touch_event_age_max_us=0 touch_errors=0 touch_overflows=0 pass=1
[13:23:40] TINYDRAW_GATE1_PACED_COLD corpus=adversarial_tapered_4x+evil_hairlines zoom=200 x=0 y=0 steps=406 tiles=42 compute_us=391654 present_us=61499 touch_us=840 pacing_us=12543 wall_us=466536 maximum_wall_us=500000 max_tick_us=7392 touch_samples=530 touch_interval_max_us=1158 touch_read_max_us=430 touch_events=0 touch_down=0 touch_up=0 touch_events_ge_8ms=0 touch_event_age_max_us=0 touch_errors=0 touch_overflows=0 pass=1
[13:23:40] TINYDRAW_GATE1_PACED_COLD corpus=adversarial_tapered_4x+evil_hairlines zoom=400 x=0 y=0 steps=491 tiles=42 compute_us=428037 present_us=61786 touch_us=783 pacing_us=9340 wall_us=499946 maximum_wall_us=520000 max_tick_us=9985 touch_samples=572 touch_interval_max_us=1163 touch_read_max_us=442 touch_events=0 touch_down=0 touch_up=0 touch_events_ge_8ms=0 touch_event_age_max_us=0 touch_errors=0 touch_overflows=0 pass=1
[13:23:41] TINYDRAW_GATE1_WORKLOAD kind=realistic seed=7 operations=1000 samples=19844 maximum_stroke=198 load_us=569191 raw_source=1 lod_copies=0
[13:23:41] TINYDRAW_GATE1_PACED_COLD corpus=seed7 zoom=400 x=63 y=63 steps=263 tiles=56 compute_us=185703 present_us=79876 touch_us=421 pacing_us=4974 wall_us=270974 maximum_wall_us=500000 max_tick_us=9406 touch_samples=829 touch_interval_max_us=2040 touch_read_max_us=531 touch_events=0 touch_down=0 touch_up=0 touch_events_ge_8ms=0 touch_event_age_max_us=0 touch_errors=0 touch_overflows=0 pass=1
[13:23:42] TINYDRAW_LIVE_PRESENT kind=gate_fallback zoom=100 x=0 y=0 compose_us=11317 scroll_us=0 exposed_compose_us=0 chrome_us=5442 chrome_prepare_us=1132 chrome_stage_us=4310 read_submit_us=21943 read_complete_us=25553 transfer_wait_us=20157 tile_pixels=0 uniform_pixels=0 overview_pixels=0 fallback_pixels=164864 resident_tiles=0 fallback_tiles=42 pushes=11 tear_wait_us=9340 tear_edge_isr_to_resume_us=10 tear_edge_observed=1 tear_edge_wait_resumed=1 tear_edge_timeout=0 tear_heal_attempted=0 tear_heal_command_sent=0 presentation_experiment=boundary-top-sweep te_edge=rising requested_clock_mhz=50 effective_clock_mhz=40 frame_reused=0 pass=1
[13:23:42] TINYDRAW_GATE1_HARD zoom=100 cold=1 operations=1000 samples=19844 steps=246 tiles=42 scanned=12000 rendered=390 max_supertask_us=5141 presentation_us=69518 total_us=353652 maximum_wall_us=500000 pass=1
[13:23:42] TINYDRAW_GATE1_OVERLAY_CANVAS regions=zoom,minimap,toolbar,battery operations=4 presentation_mutations=0 authority=1 pass=1
[13:23:42] TINYDRAW_GATE1_LIVE_OVERLAY clear_updates=48 clear_wall_max_us=3932 clear_submit_max_us=2148 clear_complete_max_us=3069 overlay_updates=48 overlay_wall_max_us=3915 overlay_submit_max_us=2112 overlay_complete_max_us=3186 overlay_chrome_max_us=230 clear_failures=0 overlay_failures=0 pass=1
[13:23:42] TINYDRAW_EDGE_INK corners=4 edge_failures=0 pass=1
[13:23:43] TINYDRAW_GATE1_PAN zoom=100 from_x=0 from_y=0 to_x=88 to_y=88 compose_us=15368 scroll_us=10 exposed_compose_us=15358 chrome_us=2291 event_submit_us=30517 event_complete_us=33706 transfer_us=16480 setup=1 present=1 moved=1 frame_reused=1 pass=1
[13:23:43] TINYDRAW_LIVE_PRESENT kind=gate_fallback zoom=400 x=0 y=0 compose_us=10681 scroll_us=0 exposed_compose_us=0 chrome_us=5382 chrome_prepare_us=1167 chrome_stage_us=4215 read_submit_us=23445 read_complete_us=27029 transfer_wait_us=20985 tile_pixels=0 uniform_pixels=0 overview_pixels=0 fallback_pixels=164864 resident_tiles=0 fallback_tiles=42 pushes=11 tear_wait_us=11437 tear_edge_isr_to_resume_us=10 tear_edge_observed=1 tear_edge_wait_resumed=1 tear_edge_timeout=0 tear_heal_attempted=0 tear_heal_command_sent=0 presentation_experiment=boundary-top-sweep te_edge=rising requested_clock_mhz=50 effective_clock_mhz=40 frame_reused=0 pass=1
[13:23:43] TINYDRAW_GATE1_HARD zoom=400 cold=1 operations=1008 samples=19852 steps=200 tiles=42 scanned=12096 rendered=62 max_supertask_us=7807 presentation_us=68635 total_us=207691 maximum_wall_us=500000 pass=1
[13:23:44] TINYDRAW_GATE1_PAN zoom=400 from_x=0 from_y=0 to_x=88 to_y=88 compose_us=15385 scroll_us=10 exposed_compose_us=15375 chrome_us=2177 event_submit_us=30249 event_complete_us=33458 transfer_us=16757 setup=1 present=1 moved=1 frame_reused=1 pass=1
[13:23:46] TINYDRAW_PANSEQ_FRAME zoom=100 step=0 dx=24 dy=18 scroll_us=10 exposed_compose_us=4391 chrome_us=2263 tear_wait_us=8337 present_us=16078 prepare_us=10608 acquire_wait_us=24 ring_copy_us=8345 patch_us=2255 byte_swap_us=8 staging_us=4206 event_submit_us=12894 event_complete_us=16043 frame_us=28977 tear_edge_observed=1 frame_reused=1 pass=1
[13:23:46] TINYDRAW_PANSEQ_FRAME zoom=100 step=1 dx=24 dy=18 scroll_us=10 exposed_compose_us=4443 chrome_us=2281 tear_wait_us=12880 present_us=16445 prepare_us=10577 acquire_wait_us=24 ring_copy_us=8291 patch_us=2278 byte_swap_us=8 staging_us=4261 event_submit_us=17476 event_complete_us=20635 frame_us=33924 tear_edge_observed=1 frame_reused=1 pass=1
[13:23:46] TINYDRAW_PANSEQ_FRAME zoom=100 step=2 dx=24 dy=18 scroll_us=11 exposed_compose_us=4122 chrome_us=2277 tear_wait_us=12833 present_us=15813 prepare_us=10682 acquire_wait_us=26 ring_copy_us=8396 patch_us=2278 byte_swap_us=8 staging_us=4179 event_submit_us=17110 event_complete_us=20289 frame_us=32928 tear_edge_observed=1 frame_reused=1 pass=1
[13:23:46] TINYDRAW_PANSEQ_FRAME zoom=100 step=3 dx=24 dy=18 scroll_us=11 exposed_compose_us=4660 chrome_us=2293 tear_wait_us=12914 present_us=16189 prepare_us=10606 acquire_wait_us=25 ring_copy_us=8306 patch_us=2292 byte_swap_us=8 staging_us=4263 event_submit_us=17730 event_complete_us=20900 frame_us=33925 tear_edge_observed=1 frame_reused=1 pass=1
[13:23:46] TINYDRAW_PANSEQ_FRAME zoom=100 step=4 dx=24 dy=18 scroll_us=11 exposed_compose_us=4179 chrome_us=2288 tear_wait_us=13018 present_us=16568 prepare_us=10647 acquire_wait_us=26 ring_copy_us=8350 patch_us=2289 byte_swap_us=8 staging_us=4178 event_submit_us=17353 event_complete_us=20512 frame_us=33927 tear_edge_observed=1 frame_reused=1 pass=1
[13:23:46] TINYDRAW_PANSEQ_FRAME zoom=100 step=5 dx=24 dy=18 scroll_us=11 exposed_compose_us=4456 chrome_us=2325 tear_wait_us=12371 present_us=15941 prepare_us=10621 acquire_wait_us=27 ring_copy_us=8288 patch_us=2326 byte_swap_us=7 staging_us=4229 event_submit_us=16979 event_complete_us=20143 frame_us=32925 tear_edge_observed=1 frame_reused=1 pass=1
[13:23:46] TINYDRAW_PANSEQ_FRAME zoom=100 step=6 dx=24 dy=18 scroll_us=11 exposed_compose_us=4142 chrome_us=2289 tear_wait_us=13321 present_us=16305 prepare_us=10665 acquire_wait_us=27 ring_copy_us=8365 patch_us=2291 byte_swap_us=9 staging_us=4171 event_submit_us=17628 event_complete_us=20788 frame_us=33927 tear_edge_observed=1 frame_reused=1 pass=1
[13:23:46] TINYDRAW_PANSEQ_FRAME zoom=100 step=7 dx=24 dy=18 scroll_us=11 exposed_compose_us=4429 chrome_us=2297 tear_wait_us=12665 present_us=16673 prepare_us=10663 acquire_wait_us=26 ring_copy_us=8351 patch_us=2303 byte_swap_us=9 staging_us=4195 event_submit_us=17247 event_complete_us=20422 frame_us=33925 tear_edge_observed=1 frame_reused=1 pass=1
[13:23:46] TINYDRAW_PANSEQ_FRAME zoom=100 step=8 dx=24 dy=18 scroll_us=11 exposed_compose_us=4372 chrome_us=2291 tear_wait_us=12401 present_us=15986 prepare_us=10621 acquire_wait_us=25 ring_copy_us=8321 patch_us=2291 byte_swap_us=9 staging_us=4215 event_submit_us=16935 event_complete_us=20092 frame_us=32927 tear_edge_observed=1 frame_reused=1 pass=1
[13:23:46] TINYDRAW_PANSEQ_FRAME zoom=100 step=9 dx=24 dy=18 scroll_us=11 exposed_compose_us=4459 chrome_us=2279 tear_wait_us=12967 present_us=16342 prepare_us=10578 acquire_wait_us=25 ring_copy_us=8288 patch_us=2282 byte_swap_us=8 staging_us=4237 event_submit_us=17578 event_complete_us=20737 frame_us=33925 tear_edge_observed=1 frame_reused=1 pass=1
[13:23:46] TINYDRAW_PANSEQ_FRAME zoom=100 step=10 dx=24 dy=18 scroll_us=11 exposed_compose_us=4136 chrome_us=2299 tear_wait_us=12925 present_us=16705 prepare_us=10683 acquire_wait_us=25 ring_copy_us=8374 patch_us=2300 byte_swap_us=9 staging_us=4177 event_submit_us=17216 event_complete_us=20398 frame_us=33927 tear_edge_observed=1 frame_reused=1 pass=1
[13:23:46] TINYDRAW_PANSEQ_FRAME zoom=100 step=11 dx=24 dy=18 scroll_us=12 exposed_compose_us=4652 chrome_us=2274 tear_wait_us=12037 present_us=16070 prepare_us=10590 acquire_wait_us=24 ring_copy_us=8305 patch_us=2276 byte_swap_us=9 staging_us=4235 event_submit_us=16843 event_complete_us=19995 frame_us=32918 tear_edge_observed=1 frame_reused=1 pass=1
[13:23:46] TINYDRAW_PANSEQ_FRAME zoom=100 step=12 dx=24 dy=18 scroll_us=11 exposed_compose_us=4183 chrome_us=2291 tear_wait_us=13135 present_us=16449 prepare_us=10653 acquire_wait_us=24 ring_copy_us=8353 patch_us=2291 byte_swap_us=9 staging_us=4188 event_submit_us=17478 event_complete_us=20638 frame_us=33927 tear_edge_observed=1 frame_reused=1 pass=1
[13:23:46] TINYDRAW_PANSEQ_FRAME zoom=100 step=13 dx=24 dy=18 scroll_us=11 exposed_compose_us=4448 chrome_us=2296 tear_wait_us=12496 present_us=15825 prepare_us=10645 acquire_wait_us=25 ring_copy_us=8337 patch_us=2300 byte_swap_us=8 staging_us=4204 event_submit_us=17096 event_complete_us=20255 frame_us=32925 tear_edge_observed=1 frame_reused=1 pass=1
[13:23:46] TINYDRAW_PANSEQ_FRAME zoom=100 step=14 dx=24 dy=18 scroll_us=11 exposed_compose_us=4161 chrome_us=2299 tear_wait_us=13402 present_us=16204 prepare_us=10674 acquire_wait_us=27 ring_copy_us=8362 patch_us=2304 byte_swap_us=8 staging_us=4179 event_submit_us=17717 event_complete_us=20881 frame_us=33927 tear_edge_observed=1 frame_reused=1 pass=1
[13:23:47] TINYDRAW_PANSEQ_FRAME zoom=100 step=15 dx=24 dy=18 scroll_us=11 exposed_compose_us=4488 chrome_us=2274 tear_wait_us=12705 present_us=16575 prepare_us=10627 acquire_wait_us=26 ring_copy_us=8337 patch_us=2281 byte_swap_us=9 staging_us=4214 event_submit_us=17346 event_complete_us=20506 frame_us=33925 tear_edge_observed=1 frame_reused=1 pass=1
[13:23:47] TINYDRAW_PANSEQ_FRAME zoom=100 step=16 dx=72 dy=54 scroll_us=11 exposed_compose_us=11722 chrome_us=2324 tear_wait_us=5107 present_us=15936 prepare_us=10645 acquire_wait_us=26 ring_copy_us=8315 patch_us=2323 byte_swap_us=7 staging_us=4190 event_submit_us=16985 event_complete_us=20143 frame_us=32927 tear_edge_observed=1 frame_reused=1 pass=1
[13:23:47] TINYDRAW_PANSEQ_FRAME zoom=100 step=17 dx=72 dy=54 scroll_us=11 exposed_compose_us=11731 chrome_us=2293 tear_wait_us=5720 present_us=16314 prepare_us=10583 acquire_wait_us=33 ring_copy_us=8280 patch_us=2296 byte_swap_us=7 staging_us=4239 event_submit_us=17616 event_complete_us=20764 frame_us=33925 tear_edge_observed=1 frame_reused=1 pass=1
[13:23:47] TINYDRAW_PANSEQ_FRAME zoom=100 step=18 dx=72 dy=54 scroll_us=11 exposed_compose_us=10066 chrome_us=2276 tear_wait_us=7027 present_us=16677 prepare_us=10695 acquire_wait_us=27 ring_copy_us=8405 patch_us=2285 byte_swap_us=5 staging_us=4160 event_submit_us=17244 event_complete_us=20418 frame_us=33927 tear_edge_observed=1 frame_reused=1 pass=1
[13:23:47] TINYDRAW_PANSEQ_FRAME zoom=100 step=19 dx=72 dy=54 scroll_us=12 exposed_compose_us=10059 chrome_us=2274 tear_wait_us=6661 present_us=16040 prepare_us=10631 acquire_wait_us=25 ring_copy_us=8346 patch_us=2278 byte_swap_us=7 staging_us=4219 event_submit_us=16887 event_complete_us=20055 frame_us=32925 tear_edge_observed=1 frame_reused=1 pass=1
[13:23:47] TINYDRAW_PANSEQ_FRAME zoom=100 step=20 dx=-72 dy=-54 scroll_us=11 exposed_compose_us=11545 chrome_us=2306 tear_wait_us=5781 present_us=16426 prepare_us=10602 acquire_wait_us=28 ring_copy_us=8303 patch_us=2293 byte_swap_us=6 staging_us=4223 event_submit_us=17496 event_complete_us=20651 frame_us=33927 tear_edge_observed=1 frame_reused=1 pass=1
[13:23:47] TINYDRAW_PANSEQ_FRAME zoom=100 step=21 dx=-72 dy=-54 scroll_us=11 exposed_compose_us=11678 chrome_us=2310 tear_wait_us=5282 present_us=15805 prepare_us=10622 acquire_wait_us=27 ring_copy_us=8304 patch_us=2311 byte_swap_us=7 staging_us=4218 event_submit_us=17115 event_complete_us=20266 frame_us=32925 tear_edge_observed=1 frame_reused=1 pass=1
[13:23:47] TINYDRAW_PANSEQ_FRAME zoom=100 step=22 dx=-72 dy=-54 scroll_us=11 exposed_compose_us=11727 chrome_us=2270 tear_wait_us=5850 present_us=16188 prepare_us=10633 acquire_wait_us=36 ring_copy_us=8353 patch_us=2272 byte_swap_us=8 staging_us=4185 event_submit_us=17733 event_complete_us=20873 frame_us=33927 tear_edge_observed=1 frame_reused=1 pass=1
[13:23:47] TINYDRAW_PANSEQ_FRAME zoom=100 step=23 dx=-72 dy=-54 scroll_us=11 exposed_compose_us=11383 chrome_us=2278 tear_wait_us=5824 present_us=16560 prepare_us=10606 acquire_wait_us=27 ring_copy_us=8314 patch_us=2284 byte_swap_us=8 staging_us=4221 event_submit_us=17360 event_complete_us=20514 frame_us=33925 tear_edge_observed=1 frame_reused=1 pass=1
[13:23:47] TINYDRAW_PANSEQ_STRIP zoom=100 strip=0 panel_y=0 rows=44 samples=24 staging_mean_us=1339 staging_max_us=1367 wire_budget_us=1619 over_budget_us=0 pass=1
[13:23:47] TINYDRAW_PANSEQ_STRIP zoom=100 strip=1 panel_y=44 rows=44 samples=24 staging_mean_us=1233 staging_max_us=1251 wire_budget_us=1619 over_budget_us=0 pass=1
[13:23:47] TINYDRAW_PANSEQ_STRIP zoom=100 strip=2 panel_y=88 rows=44 samples=24 staging_mean_us=1188 staging_max_us=1197 wire_budget_us=1619 over_budget_us=0 pass=1
[13:23:47] TINYDRAW_PANSEQ_STRIP zoom=100 strip=3 panel_y=132 rows=44 samples=24 staging_mean_us=1184 staging_max_us=1197 wire_budget_us=1619 over_budget_us=0 pass=1
[13:23:47] TINYDRAW_PANSEQ_STRIP zoom=100 strip=4 panel_y=176 rows=44 samples=24 staging_mean_us=1186 staging_max_us=1199 wire_budget_us=1619 over_budget_us=0 pass=1
[13:23:47] TINYDRAW_PANSEQ_STRIP zoom=100 strip=5 panel_y=220 rows=44 samples=24 staging_mean_us=1190 staging_max_us=1204 wire_budget_us=1619 over_budget_us=0 pass=1
[13:23:47] TINYDRAW_PANSEQ_STRIP zoom=100 strip=6 panel_y=264 rows=44 samples=24 staging_mean_us=1382 staging_max_us=1400 wire_budget_us=1619 over_budget_us=0 pass=1
[13:23:47] TINYDRAW_PANSEQ_STRIP zoom=100 strip=7 panel_y=308 rows=44 samples=24 staging_mean_us=1343 staging_max_us=1357 wire_budget_us=1619 over_budget_us=0 pass=1
[13:23:47] TINYDRAW_PANSEQ_STRIP zoom=100 strip=8 panel_y=352 rows=20 samples=24 staging_mean_us=608 staging_max_us=625 wire_budget_us=736 over_budget_us=0 pass=1
[13:23:47] TINYDRAW_GATE1_PANSEQ zoom=100 frames=24 scroll_avg_us=11 exposed_avg_us=6651 chrome_avg_us=2289 tear_wait_avg_us=10319 present_avg_us=16254 prepare_avg_us=10631 acquire_wait_avg_us=26 ring_copy_avg_us=8332 patch_avg_us=2290 byte_swap_avg_us=7 staging_avg_us=4207 frame_avg_us=33386 frame_p50_us=33925 frame_p95_us=33927 frame_max_us=33927 complete_p50_us=20422 complete_p95_us=20881 complete_max_us=20900 tear_edge_failures=0 presentation_experiment=boundary-top-sweep te_edge=rising requested_clock_mhz=50 effective_clock_mhz=40 chrome_bottom_redraws=0 chrome_battery_redraws=0 chrome_zoom_redraws=0 chrome_minimap_base_redraws=0 strip_samples=216 staging_mean_us=1184 staging_max_us=1400 worst_strip=8 worst_strip_y=352 worst_wire_budget_us=736 worst_headroom_us=111 staging_invariant=1 pacing_pass=1 all_reused=1 pass=1
[13:23:48] TINYDRAW_PANSEQ_FRAME zoom=400 step=0 dx=24 dy=18 scroll_us=11 exposed_compose_us=4335 chrome_us=2164 tear_wait_us=9027 present_us=16432 prepare_us=10498 acquire_wait_us=25 ring_copy_us=8339 patch_us=2151 byte_swap_us=8 staging_us=4356 event_submit_us=13534 event_complete_us=16699 frame_us=29970 tear_edge_observed=1 frame_reused=1 pass=1
[13:23:49] TINYDRAW_PANSEQ_FRAME zoom=400 step=1 dx=24 dy=18 scroll_us=10 exposed_compose_us=4428 chrome_us=2154 tear_wait_us=12531 present_us=15807 prepare_us=10513 acquire_wait_us=25 ring_copy_us=8349 patch_us=2156 byte_swap_us=8 staging_us=4343 event_submit_us=17114 event_complete_us=20289 frame_us=32921 tear_edge_observed=1 frame_reused=1 pass=1
[13:23:49] TINYDRAW_PANSEQ_FRAME zoom=400 step=2 dx=24 dy=18 scroll_us=12 exposed_compose_us=4142 chrome_us=2166 tear_wait_us=13442 present_us=16185 prepare_us=10555 acquire_wait_us=26 ring_copy_us=8377 patch_us=2170 byte_swap_us=8 staging_us=4297 event_submit_us=17742 event_complete_us=20902 frame_us=33931 tear_edge_observed=1 frame_reused=1 pass=1
[13:23:49] TINYDRAW_PANSEQ_FRAME zoom=400 step=3 dx=24 dy=18 scroll_us=11 exposed_compose_us=4656 chrome_us=2156 tear_wait_us=12565 present_us=16546 prepare_us=10491 acquire_wait_us=36 ring_copy_us=8322 patch_us=2160 byte_swap_us=9 staging_us=4361 event_submit_us=17380 event_complete_us=20552 frame_us=33923 tear_edge_observed=1 frame_reused=1 pass=1
[13:23:49] TINYDRAW_PANSEQ_FRAME zoom=400 step=4 dx=24 dy=18 scroll_us=11 exposed_compose_us=4179 chrome_us=2190 tear_wait_us=12668 present_us=15921 prepare_us=10570 acquire_wait_us=19 ring_copy_us=8373 patch_us=2188 byte_swap_us=9 staging_us=4272 event_submit_us=17005 event_complete_us=20165 frame_us=32930 tear_edge_observed=1 frame_reused=1 pass=1
[13:23:49] TINYDRAW_PANSEQ_FRAME zoom=400 step=5 dx=24 dy=18 scroll_us=11 exposed_compose_us=4488 chrome_us=2171 tear_wait_us=12991 present_us=16287 prepare_us=10516 acquire_wait_us=20 ring_copy_us=8333 patch_us=2176 byte_swap_us=7 staging_us=4335 event_submit_us=17646 event_complete_us=20805 frame_us=33923 tear_edge_observed=1 frame_reused=1 pass=1
[13:23:49] TINYDRAW_PANSEQ_FRAME zoom=400 step=6 dx=24 dy=18 scroll_us=11 exposed_compose_us=4106 chrome_us=2162 tear_wait_us=12997 present_us=16668 prepare_us=10568 acquire_wait_us=21 ring_copy_us=8394 patch_us=2167 byte_swap_us=7 staging_us=4297 event_submit_us=17258 event_complete_us=20430 frame_us=33930 tear_edge_observed=1 frame_reused=1 pass=1
[13:23:49] TINYDRAW_PANSEQ_FRAME zoom=400 step=7 dx=24 dy=18 scroll_us=12 exposed_compose_us=4432 chrome_us=2162 tear_wait_us=12276 present_us=16050 prepare_us=10487 acquire_wait_us=18 ring_copy_us=8304 patch_us=2174 byte_swap_us=9 staging_us=4353 event_submit_us=16877 event_complete_us=20037 frame_us=32923 tear_edge_observed=1 frame_reused=1 pass=1
[13:23:49] TINYDRAW_PANSEQ_FRAME zoom=400 step=8 dx=24 dy=18 scroll_us=11 exposed_compose_us=4393 chrome_us=2164 tear_wait_us=12954 present_us=16423 prepare_us=10502 acquire_wait_us=21 ring_copy_us=8329 patch_us=2165 byte_swap_us=8 staging_us=4350 event_submit_us=17502 event_complete_us=20685 frame_us=33930 tear_edge_observed=1 frame_reused=1 pass=1
[13:23:49] TINYDRAW_PANSEQ_FRAME zoom=400 step=9 dx=24 dy=18 scroll_us=11 exposed_compose_us=4440 chrome_us=2156 tear_wait_us=12526 present_us=15801 prepare_us=10496 acquire_wait_us=20 ring_copy_us=8333 patch_us=2154 byte_swap_us=9 staging_us=4359 event_submit_us=17121 event_complete_us=20298 frame_us=32923 tear_edge_observed=1 frame_reused=1 pass=1
[13:23:49] TINYDRAW_PANSEQ_FRAME zoom=400 step=10 dx=24 dy=18 scroll_us=11 exposed_compose_us=4158 chrome_us=2146 tear_wait_us=13440 present_us=16171 prepare_us=10534 acquire_wait_us=20 ring_copy_us=8378 patch_us=2150 byte_swap_us=6 staging_us=4327 event_submit_us=17754 event_complete_us=20918 frame_us=33930 tear_edge_observed=1 frame_reused=1 pass=1
[13:23:49] TINYDRAW_PANSEQ_FRAME zoom=400 step=11 dx=24 dy=18 scroll_us=11 exposed_compose_us=4678 chrome_us=2151 tear_wait_us=12550 present_us=16540 prepare_us=10491 acquire_wait_us=20 ring_copy_us=8329 patch_us=2155 byte_swap_us=7 staging_us=4357 event_submit_us=17388 event_complete_us=20556 frame_us=33923 tear_edge_observed=1 frame_reused=1 pass=1
[13:23:49] TINYDRAW_PANSEQ_FRAME zoom=400 step=12 dx=24 dy=18 scroll_us=11 exposed_compose_us=4172 chrome_us=2194 tear_wait_us=12683 present_us=15912 prepare_us=10574 acquire_wait_us=20 ring_copy_us=8373 patch_us=2192 byte_swap_us=9 staging_us=4276 event_submit_us=17013 event_complete_us=20180 frame_us=32930 tear_edge_observed=1 frame_reused=1 pass=1
[13:23:49] TINYDRAW_PANSEQ_FRAME zoom=400 step=13 dx=24 dy=18 scroll_us=11 exposed_compose_us=4474 chrome_us=2178 tear_wait_us=13004 present_us=16288 prepare_us=10510 acquire_wait_us=18 ring_copy_us=8319 patch_us=2183 byte_swap_us=8 staging_us=4346 event_submit_us=17644 event_complete_us=20804 frame_us=33923 tear_edge_observed=1 frame_reused=1 pass=1
[13:23:49] TINYDRAW_PANSEQ_FRAME zoom=400 step=14 dx=24 dy=18 scroll_us=11 exposed_compose_us=4133 chrome_us=2162 tear_wait_us=12977 present_us=16659 prepare_us=10566 acquire_wait_us=21 ring_copy_us=8393 patch_us=2165 byte_swap_us=8 staging_us=4294 event_submit_us=17266 event_complete_us=20437 frame_us=33930 tear_edge_observed=1 frame_reused=1 pass=1
[13:23:49] TINYDRAW_PANSEQ_FRAME zoom=400 step=15 dx=24 dy=18 scroll_us=12 exposed_compose_us=4484 chrome_us=2163 tear_wait_us=12246 present_us=16028 prepare_us=10496 acquire_wait_us=19 ring_copy_us=8328 patch_us=2160 byte_swap_us=8 staging_us=4352 event_submit_us=16900 event_complete_us=20063 frame_us=32923 tear_edge_observed=1 frame_reused=1 pass=1
[13:23:49] TINYDRAW_PANSEQ_FRAME zoom=400 step=16 dx=72 dy=54 scroll_us=11 exposed_compose_us=11712 chrome_us=2163 tear_wait_us=5650 present_us=16405 prepare_us=10498 acquire_wait_us=23 ring_copy_us=8314 patch_us=2176 byte_swap_us=8 staging_us=4331 event_submit_us=17521 event_complete_us=20680 frame_us=33930 tear_edge_observed=1 frame_reused=1 pass=1
[13:23:49] TINYDRAW_PANSEQ_FRAME zoom=400 step=17 dx=72 dy=54 scroll_us=11 exposed_compose_us=11519 chrome_us=2147 tear_wait_us=5471 present_us=15783 prepare_us=10480 acquire_wait_us=23 ring_copy_us=8321 patch_us=2150 byte_swap_us=9 staging_us=4368 event_submit_us=17142 event_complete_us=20316 frame_us=32927 tear_edge_observed=1 frame_reused=1 pass=1
[13:23:49] TINYDRAW_PANSEQ_FRAME zoom=400 step=18 dx=72 dy=54 scroll_us=11 exposed_compose_us=11435 chrome_us=2152 tear_wait_us=6178 present_us=16152 prepare_us=10530 acquire_wait_us=21 ring_copy_us=8369 patch_us=2153 byte_swap_us=8 staging_us=4311 event_submit_us=17770 event_complete_us=20916 frame_us=33926 tear_edge_observed=1 frame_reused=1 pass=1
[13:23:49] TINYDRAW_PANSEQ_FRAME zoom=400 step=19 dx=72 dy=54 scroll_us=11 exposed_compose_us=11649 chrome_us=2144 tear_wait_us=5609 present_us=16508 prepare_us=10492 acquire_wait_us=21 ring_copy_us=8334 patch_us=2150 byte_swap_us=8 staging_us=4361 event_submit_us=17417 event_complete_us=20591 frame_us=33925 tear_edge_observed=1 frame_reused=1 pass=1
[13:23:49] TINYDRAW_PANSEQ_FRAME zoom=400 step=20 dx=-72 dy=-54 scroll_us=11 exposed_compose_us=11758 chrome_us=2177 tear_wait_us=5157 present_us=15853 prepare_us=10511 acquire_wait_us=27 ring_copy_us=8324 patch_us=2179 byte_swap_us=8 staging_us=4320 event_submit_us=17070 event_complete_us=20220 frame_us=32927 tear_edge_observed=1 frame_reused=1 pass=1
[13:23:49] TINYDRAW_PANSEQ_FRAME zoom=400 step=21 dx=-72 dy=-54 scroll_us=11 exposed_compose_us=11712 chrome_us=2169 tear_wait_us=5818 present_us=16235 prepare_us=10499 acquire_wait_us=26 ring_copy_us=8319 patch_us=2173 byte_swap_us=7 staging_us=4332 event_submit_us=17688 event_complete_us=20828 frame_us=33925 tear_edge_observed=1 frame_reused=1 pass=1
[13:23:49] TINYDRAW_PANSEQ_FRAME zoom=400 step=22 dx=-72 dy=-54 scroll_us=11 exposed_compose_us=11691 chrome_us=2158 tear_wait_us=5461 present_us=16618 prepare_us=10536 acquire_wait_us=26 ring_copy_us=8364 patch_us=2163 byte_swap_us=9 staging_us=4301 event_submit_us=17305 event_complete_us=20459 frame_us=33927 tear_edge_observed=1 frame_reused=1 pass=1
[13:23:49] TINYDRAW_PANSEQ_FRAME zoom=400 step=23 dx=-72 dy=-54 scroll_us=19 exposed_compose_us=11359 chrome_us=2152 tear_wait_us=5400 present_us=16000 prepare_us=10442 acquire_wait_us=34 ring_copy_us=8281 patch_us=2154 byte_swap_us=7 staging_us=4400 event_submit_us=16922 event_complete_us=20083 frame_us=32925 tear_edge_observed=1 frame_reused=1 pass=1
[13:23:49] TINYDRAW_PANSEQ_STRIP zoom=400 strip=0 panel_y=0 rows=44 samples=24 staging_mean_us=1340 staging_max_us=1358 wire_budget_us=1619 over_budget_us=0 pass=1
[13:23:49] TINYDRAW_PANSEQ_STRIP zoom=400 strip=1 panel_y=44 rows=44 samples=24 staging_mean_us=1234 staging_max_us=1246 wire_budget_us=1619 over_budget_us=0 pass=1
[13:23:49] TINYDRAW_PANSEQ_STRIP zoom=400 strip=2 panel_y=88 rows=44 samples=24 staging_mean_us=1190 staging_max_us=1199 wire_budget_us=1619 over_budget_us=0 pass=1
[13:23:49] TINYDRAW_PANSEQ_STRIP zoom=400 strip=3 panel_y=132 rows=44 samples=24 staging_mean_us=1183 staging_max_us=1192 wire_budget_us=1619 over_budget_us=0 pass=1
[13:23:49] TINYDRAW_PANSEQ_STRIP zoom=400 strip=4 panel_y=176 rows=44 samples=24 staging_mean_us=1188 staging_max_us=1199 wire_budget_us=1619 over_budget_us=0 pass=1
[13:23:49] TINYDRAW_PANSEQ_STRIP zoom=400 strip=5 panel_y=220 rows=44 samples=24 staging_mean_us=1166 staging_max_us=1180 wire_budget_us=1619 over_budget_us=0 pass=1
[13:23:49] TINYDRAW_PANSEQ_STRIP zoom=400 strip=6 panel_y=264 rows=44 samples=24 staging_mean_us=1330 staging_max_us=1347 wire_budget_us=1619 over_budget_us=0 pass=1
[13:23:49] TINYDRAW_PANSEQ_STRIP zoom=400 strip=7 panel_y=308 rows=44 samples=24 staging_mean_us=1315 staging_max_us=1326 wire_budget_us=1619 over_budget_us=0 pass=1
[13:23:49] TINYDRAW_PANSEQ_STRIP zoom=400 strip=8 panel_y=352 rows=20 samples=24 staging_mean_us=588 staging_max_us=607 wire_budget_us=736 over_budget_us=0 pass=1
[13:23:49] TINYDRAW_GATE1_PANSEQ zoom=400 frames=24 scroll_avg_us=11 exposed_avg_us=6772 chrome_avg_us=2162 tear_wait_avg_us=10234 present_avg_us=16219 prepare_avg_us=10514 acquire_wait_avg_us=22 ring_copy_avg_us=8341 patch_avg_us=2165 byte_swap_avg_us=8 staging_avg_us=4333 frame_avg_us=33386 frame_p50_us=33923 frame_p95_us=33930 frame_max_us=33931 complete_p50_us=20437 complete_p95_us=20916 complete_max_us=20918 tear_edge_failures=0 presentation_experiment=boundary-top-sweep te_edge=rising requested_clock_mhz=50 effective_clock_mhz=40 chrome_bottom_redraws=0 chrome_battery_redraws=0 chrome_zoom_redraws=0 chrome_minimap_base_redraws=0 strip_samples=216 staging_mean_us=1170 staging_max_us=1358 worst_strip=8 worst_strip_y=352 worst_wire_budget_us=736 worst_headroom_us=129 staging_invariant=1 pacing_pass=1 all_reused=1 pass=1
[13:23:50] TINYDRAW_GATE1_PAN_BOUNDARY zoom=100 slow_1px_trace=1 below_delta=94 below_reused=1 at_delta=96 at_reused=1 above_delta=98 above_fallback=1 pass=1
[13:23:50] TINYDRAW_GATE1_PAN_BOUNDARY zoom=400 slow_1px_trace=1 below_delta=94 below_reused=1 at_delta=96 at_reused=1 above_delta=98 above_fallback=1 pass=1
[13:23:50] TINYDRAW_GATE1_DRAW_FILL zoom=400 revision=2930 append_us=1429 poll_gap_us=96 event_submit_us=222 event_complete_us=2164 max_compute_slice_us=5444 max_display_slice_us=15518 fill_us=217714 revision_restarted=1 pass=1
[13:23:51] TINYDRAW_GATE1_CACHE_FILL zoom=50 x=63 y=63 published=56 total_us=571966 within_cold_gate=0 complete=1
[13:23:51] TINYDRAW_GATE1_CACHE_FILL zoom=100 x=63 y=63 published=56 total_us=461963 within_cold_gate=1 complete=1
[13:23:52] TINYDRAW_GATE1_CACHE_FILL zoom=200 x=63 y=63 published=56 total_us=323965 within_cold_gate=1 complete=1
[13:23:52] TINYDRAW_GATE1_CACHE_FILL zoom=400 x=63 y=63 published=56 total_us=269966 within_cold_gate=1 complete=1
[13:23:52] TINYDRAW_GATE1_CACHE_REVISIT zoom=50 remaining=0 tile_pixels=118128 fallback_pixels=0 compose_us=15960 complete_us=20234 hit=1
[13:23:52] TINYDRAW_GATE1_CACHE_REVISIT zoom=100 remaining=0 tile_pixels=164864 fallback_pixels=0 compose_us=18377 complete_us=20799 hit=1
[13:23:52] TINYDRAW_GATE1_CACHE_REVISIT zoom=200 remaining=0 tile_pixels=164864 fallback_pixels=0 compose_us=18367 complete_us=20358 hit=1
[13:23:52] TINYDRAW_GATE1_CACHE_REVISIT zoom=400 remaining=0 tile_pixels=164608 fallback_pixels=0 compose_us=18357 complete_us=20930 hit=1
[13:23:53] TINYDRAW_GATE1_CACHE_FILL zoom=400 x=575 y=575 published=56 total_us=285976 within_cold_gate=1 complete=1
[13:23:53] TINYDRAW_GATE1_CACHE_ROUND_TRIP zoom=50 from_x=63 from_y=63 via_x=575 via_y=575 remaining=0 tile_pixels=118128 fallback_pixels=0 compose_us=15946 complete_us=21079 hit=1
[13:23:53] TINYDRAW_GATE1_CACHE_ROUND_TRIP zoom=100 from_x=63 from_y=63 via_x=575 via_y=575 remaining=0 tile_pixels=164864 fallback_pixels=0 compose_us=18345 complete_us=20611 hit=1
[13:23:53] TINYDRAW_GATE1_CACHE_ROUND_TRIP zoom=200 from_x=63 from_y=63 via_x=575 via_y=575 remaining=0 tile_pixels=164864 fallback_pixels=0 compose_us=18354 complete_us=20146 hit=1
[13:23:53] TINYDRAW_GATE1_CACHE_ROUND_TRIP zoom=400 from_x=63 from_y=63 via_x=575 via_y=575 remaining=0 tile_pixels=164608 fallback_pixels=0 compose_us=18376 complete_us=20675 hit=1
[13:23:53] TINYDRAW_GATE1_CACHE_RETENTION pass=1 slots=448 revision=2930
[13:23:54] TINYDRAW_PAPER_SWEEP zoom=100 identities=644 raw=266 uniform=378 fallback=0 slots=448 total_us=1269381 pass=1
[13:23:54] TINYDRAW_RERENDER_LEDGER_RESET site=cache_tour_start
[13:23:57] TINYDRAW_GATE1_CACHE_TOUR slots=448 stops=16 forward_steps=2161 forward_tiles=832 forward_wall_us=1277556 return_missing_tiles=0 return_steps=16 return_tiles=0 return_wall_us=5420 home_missing=0 home_fallback_pixels=0 pass=1
[13:23:57] TINYDRAW_RERENDER_LEDGER site=cache_tour renders=137 unique=137 amplification=1.000 cold=137 damage=0 evict=0 stale=0 unexplained=0
[13:23:58] TINYDRAW_GATE1_MIXED_DRAW_WARM zoom=50 fill_tiles=56 fill_us=498528 raw=42 uniform=14
[13:23:58] TINYDRAW_GATE1_MIXED_DRAW_WARM zoom=100 fill_tiles=56 fill_us=382209 raw=56 uniform=0
[13:23:58] TINYDRAW_GATE1_MIXED_DRAW_WARM zoom=200 fill_tiles=56 fill_us=297057 raw=56 uniform=0
[13:23:59] TINYDRAW_GATE1_MIXED_DRAW_WARM zoom=400 fill_tiles=42 fill_us=189894 raw=42 uniform=0
[13:24:00] TINYDRAW_GATE1_MIXED_DRAW zoom=25 tool=pen chunks=50 append_max_us=131 append_avg_us=70 append_total_us=3529 affected_tiles=400 published=218 fallback=182 visible_fallback=0 drop_uni_slot=0 drop_uni_paint=0 drop_raw_edit=0 drop_raw_paint=0 off_skip=182 drain_ops=50 drain_total_us=925874 drain_max_us=31034 ph_prepare_max_us=117 ph_overview_max_us=8965 ph_enumerate_max_us=575 ph_uniform_max_us=5098 ph_raw_max_us=18 ph_offscreen_max_us=17756 ph_commit_max_us=4124 committed=1 authority=1 refresh=1 run_ok=1 pass=1
[13:24:01] TINYDRAW_GATE1_MIXED_DRAW zoom=25 tool=eraser chunks=50 append_max_us=135 append_avg_us=70 append_total_us=3534 affected_tiles=169 published=169 fallback=0 visible_fallback=0 drop_uni_slot=0 drop_uni_paint=0 drop_raw_edit=0 drop_raw_paint=0 off_skip=0 drain_ops=50 drain_total_us=845899 drain_max_us=28635 ph_prepare_max_us=124 ph_overview_max_us=9033 ph_enumerate_max_us=521 ph_uniform_max_us=28 ph_raw_max_us=16 ph_offscreen_max_us=16432 ph_commit_max_us=4017 committed=1 authority=1 refresh=1 run_ok=1 pass=1
[13:24:04] TINYDRAW_GATE1_MIXED_DRAW zoom=50 tool=pen chunks=50 append_max_us=153 append_avg_us=73 append_total_us=3666 affected_tiles=692 published=551 fallback=141 visible_fallback=0 drop_uni_slot=0 drop_uni_paint=0 drop_raw_edit=0 drop_raw_paint=0 off_skip=141 drain_ops=50 drain_total_us=1015986 drain_max_us=38200 ph_prepare_max_us=132 ph_overview_max_us=3771 ph_enumerate_max_us=574 ph_uniform_max_us=21252 ph_raw_max_us=11976 ph_offscreen_max_us=13223 ph_commit_max_us=1753 committed=1 authority=1 refresh=1 run_ok=1 pass=1
[13:24:05] TINYDRAW_GATE1_MIXED_DRAW zoom=50 tool=eraser chunks=50 append_max_us=154 append_avg_us=71 append_total_us=3573 affected_tiles=469 published=469 fallback=0 visible_fallback=0 drop_uni_slot=0 drop_uni_paint=0 drop_raw_edit=0 drop_raw_paint=0 off_skip=0 drain_ops=50 drain_total_us=883263 drain_max_us=26428 ph_prepare_max_us=136 ph_overview_max_us=3727 ph_enumerate_max_us=590 ph_uniform_max_us=34 ph_raw_max_us=11977 ph_offscreen_max_us=11914 ph_commit_max_us=1656 committed=1 authority=1 refresh=1 run_ok=1 pass=1
[13:24:07] TINYDRAW_GATE1_MIXED_DRAW zoom=100 tool=pen chunks=50 append_max_us=160 append_avg_us=76 append_total_us=3806 affected_tiles=742 published=649 fallback=93 visible_fallback=0 drop_uni_slot=0 drop_uni_paint=0 drop_raw_edit=0 drop_raw_paint=0 off_skip=93 drain_ops=50 drain_total_us=1014464 drain_max_us=32830 ph_prepare_max_us=141 ph_overview_max_us=1855 ph_enumerate_max_us=544 ph_uniform_max_us=21980 ph_raw_max_us=11883 ph_offscreen_max_us=14941 ph_commit_max_us=1030 committed=1 authority=1 refresh=1 run_ok=1 pass=1
[13:24:08] TINYDRAW_GATE1_MIXED_DRAW zoom=100 tool=eraser chunks=50 append_max_us=133 append_avg_us=70 append_total_us=3514 affected_tiles=549 published=549 fallback=0 visible_fallback=0 drop_uni_slot=0 drop_uni_paint=0 drop_raw_edit=0 drop_raw_paint=0 off_skip=0 drain_ops=50 drain_total_us=863919 drain_max_us=26103 ph_prepare_max_us=120 ph_overview_max_us=1852 ph_enumerate_max_us=566 ph_uniform_max_us=35 ph_raw_max_us=11938 ph_offscreen_max_us=13238 ph_commit_max_us=969 committed=1 authority=1 refresh=1 run_ok=1 pass=1
[13:24:10] TINYDRAW_GATE1_MIXED_DRAW zoom=200 tool=pen chunks=50 append_max_us=168 append_avg_us=76 append_total_us=3811 affected_tiles=700 published=663 fallback=37 visible_fallback=0 drop_uni_slot=0 drop_uni_paint=0 drop_raw_edit=0 drop_raw_paint=0 off_skip=37 drain_ops=50 drain_total_us=988341 drain_max_us=27853 ph_prepare_max_us=149 ph_overview_max_us=1024 ph_enumerate_max_us=551 ph_uniform_max_us=11858 ph_raw_max_us=11993 ph_offscreen_max_us=15573 ph_commit_max_us=916 committed=1 authority=1 refresh=1 run_ok=1 pass=1
[13:24:11] TINYDRAW_GATE1_MIXED_DRAW zoom=200 tool=eraser chunks=50 append_max_us=158 append_avg_us=77 append_total_us=3854 affected_tiles=601 published=601 fallback=0 visible_fallback=0 drop_uni_slot=0 drop_uni_paint=0 drop_raw_edit=0 drop_raw_paint=0 off_skip=0 drain_ops=50 drain_total_us=905336 drain_max_us=26032 ph_prepare_max_us=138 ph_overview_max_us=1050 ph_enumerate_max_us=570 ph_uniform_max_us=31 ph_raw_max_us=11967 ph_offscreen_max_us=14228 ph_commit_max_us=865 committed=1 authority=1 refresh=1 run_ok=1 pass=1
[13:24:13] TINYDRAW_GATE1_MIXED_DRAW zoom=400 tool=pen chunks=50 append_max_us=154 append_avg_us=77 append_total_us=3856 affected_tiles=743 published=743 fallback=0 visible_fallback=0 drop_uni_slot=0 drop_uni_paint=0 drop_raw_edit=0 drop_raw_paint=0 off_skip=0 drain_ops=50 drain_total_us=997450 drain_max_us=23665 ph_prepare_max_us=139 ph_overview_max_us=726 ph_enumerate_max_us=694 ph_uniform_max_us=3434 ph_raw_max_us=11923 ph_offscreen_max_us=9975 ph_commit_max_us=833 committed=1 authority=1 refresh=1 run_ok=1 pass=1
[13:24:14] TINYDRAW_GATE1_MIXED_DRAW zoom=400 tool=eraser chunks=50 append_max_us=159 append_avg_us=73 append_total_us=3697 affected_tiles=746 published=746 fallback=0 visible_fallback=0 drop_uni_slot=0 drop_uni_paint=0 drop_raw_edit=0 drop_raw_paint=0 off_skip=0 drain_ops=50 drain_total_us=993111 drain_max_us=23460 ph_prepare_max_us=140 ph_overview_max_us=719 ph_enumerate_max_us=720 ph_uniform_max_us=31 ph_raw_max_us=11898 ph_offscreen_max_us=9792 ph_commit_max_us=768 committed=1 authority=1 refresh=1 run_ok=1 pass=1
[13:24:14] TINYDRAW_GATE1_MIXED_DRAW_REVISIT zoom=50 missing=0 refill_tiles=0 refill_us=329
[13:24:14] TINYDRAW_GATE1_MIXED_DRAW_REVISIT zoom=100 missing=0 refill_tiles=0 refill_us=324
[13:24:14] TINYDRAW_GATE1_MIXED_DRAW_REVISIT zoom=200 missing=0 refill_tiles=0 refill_us=325
[13:24:14] TINYDRAW_GATE1_MIXED_DRAW_REVISIT zoom=400 missing=0 refill_tiles=0 refill_us=262
[13:24:14] TINYDRAW_GATE1_MIXED_DRAW_SUMMARY slots=448 strokes=10 worst_append_us=168 pass=1
[13:24:20] TINYDRAW_GATE1_IDLE_REPAIR damaged=588 remaining=0 plan_views=24 steps=4382 repair_us=3677340 worst_step_us=5375 warm_tiles=56 pass=1
[13:24:21] TINYDRAW_INKTRACE trace=fast-curve-dense-25 zoom=25 events=411 consumed=389 coalesced=22 down=1/1 up=1/1 max_time_gap_us=4071 max_space_gap_px=55.33 e2c_p50=505 e2c_p95=920 e2c_max=1576 e2g_p95=787 e2s_p95=2579 e2d_p50=2347 e2d_p95=3620 e2d_max=3894 latency_samples=33 presentation_failures=0 commit_failures=0 overflows=0 revision=3482 fb_tiles=0 fb_start=0 fb_mid_max=0 fb_up_max=0 fb_end=0 drop_uni_slot=0 drop_uni_paint=0 drop_raw_edit=0 drop_raw_paint=0 off_skip=61 drain_ops=2 drain_max_us=37010 latency_pass=1 pass=1
[13:24:21] TINYDRAW_INKTRACE trace=fast-curve-400 zoom=400 events=414 consumed=367 coalesced=47 down=1/1 up=1/1 max_time_gap_us=4404 max_space_gap_px=65.51 e2c_p50=505 e2c_p95=1031 e2c_max=2014 e2g_p95=789 e2s_p95=2782 e2d_p50=2478 e2d_p95=4348 e2d_max=4371 latency_samples=33 presentation_failures=0 commit_failures=0 overflows=0 revision=3484 fb_tiles=42 fb_start=30 fb_mid_max=30 fb_up_max=30 fb_end=30 drop_uni_slot=0 drop_uni_paint=0 drop_raw_edit=0 drop_raw_paint=0 off_skip=0 drain_ops=2 drain_max_us=10612 latency_pass=1 pass=1
[13:24:24] TINYDRAW_INKTRACE trace=fast-curve-400-xl zoom=400 events=2296 consumed=1945 coalesced=351 down=1/1 up=1/1 max_time_gap_us=6070 max_space_gap_px=47.85 e2c_p50=505 e2c_p95=507 e2c_max=1574 e2g_p95=791 e2s_p95=2958 e2d_p50=3326 e2d_p95=4624 e2d_max=5607 latency_samples=172 presentation_failures=0 commit_failures=0 overflows=0 revision=3490 fb_tiles=42 fb_start=30 fb_mid_max=30 fb_up_max=30 fb_end=30 drop_uni_slot=0 drop_uni_paint=0 drop_raw_edit=0 drop_raw_paint=0 off_skip=0 drain_ops=6 drain_max_us=15217 latency_pass=1 pass=1
[13:24:25] TINYDRAW_INKTRACE trace=slow-precise-100 zoom=100 events=741 consumed=716 coalesced=25 down=1/1 up=1/1 max_time_gap_us=2997 max_space_gap_px=13.45 e2c_p50=505 e2c_p95=1044 e2c_max=1910 e2g_p95=789 e2s_p95=1820 e2d_p50=1965 e2d_p95=2333 e2d_max=2372 latency_samples=53 presentation_failures=0 commit_failures=0 overflows=0 revision=3492 fb_tiles=42 fb_start=20 fb_mid_max=20 fb_up_max=20 fb_end=20 drop_uni_slot=0 drop_uni_paint=0 drop_raw_edit=0 drop_raw_paint=0 off_skip=0 drain_ops=2 drain_max_us=13104 latency_pass=1 pass=1
[13:24:28] TINYDRAW_INKTRACE trace=scribble-multistroke zoom=100 events=848 consumed=729 coalesced=119 down=7/7 up=7/7 max_time_gap_us=7072 max_space_gap_px=109.46 e2c_p50=505 e2c_p95=576 e2c_max=2024 e2g_p95=788 e2s_p95=3398 e2d_p50=3355 e2d_p95=5884 e2d_max=7187 latency_samples=55 presentation_failures=0 commit_failures=0 overflows=0 revision=3499 fb_tiles=42 fb_start=20 fb_mid_max=20 fb_up_max=20 fb_end=20 drop_uni_slot=0 drop_uni_paint=0 drop_raw_edit=0 drop_raw_paint=0 off_skip=0 drain_ops=7 drain_max_us=17923 latency_pass=1 pass=1
[13:24:29] TINYDRAW_HAIRLINE_DOC ops=782 samples=8061 append_total_us=1066391 append_max_us=7238
[13:24:29] TINYDRAW_GATE1_PACED_COLD corpus=evil_hairlines_capacity zoom=100 x=552 y=672 steps=239 tiles=56 compute_us=219769 present_us=79086 touch_us=637 pacing_us=6483 wall_us=305975 maximum_wall_us=500000 max_tick_us=9565 touch_samples=46590 touch_interval_max_us=2160 touch_read_max_us=628 touch_events=0 touch_down=0 touch_up=0 touch_events_ge_8ms=0 touch_event_age_max_us=0 touch_errors=0 touch_overflows=0 pass=1
[13:24:29] TINYDRAW_GATE1_PACED_COLD corpus=evil_hairlines_capacity zoom=400 x=2760 y=3360 steps=212 tiles=48 compute_us=126212 present_us=73888 touch_us=407 pacing_us=4466 wall_us=204973 maximum_wall_us=500000 max_tick_us=8574 touch_samples=268 touch_interval_max_us=1191 touch_read_max_us=480 touch_events=0 touch_down=0 touch_up=0 touch_events_ge_8ms=0 touch_event_age_max_us=0 touch_errors=0 touch_overflows=0 pass=1
[13:24:32] TINYDRAW_HAIRLINE_REPAIR steps=2353 wall_us=2043225 worst_step_us=5314 resident=406/448 grid_stopped=1 pass2_steps=8 pass2_wall_us=2115 no_churn=1
[13:24:33] TINYDRAW_HAIRLINE_TOUR stops=8 total_us=839546 worst_stop_us=173654 worst_step_us=6261
[13:24:33] TINYDRAW_GATE1_HAIRLINE raw=339 uniform=73 fallback=232 capacity=448 worst_step_us=6261 grid_stopped=1 pass=1
[13:24:35] TINYDRAW_GATE1_LONG_GESTURE path=reference samples=1600 chunks=26 append_total_us=917639 append_max_us=43316 append_avg_us=35293 refresh_fallback_pixels=0 settled_fallback_pixels=0 committed=1 authority=1 refresh=1 run_ok=1
[13:24:35] TINYDRAW_GATE1_LONG_GESTURE path=in_place samples=1600 chunks=52 append_total_us=588821 append_max_us=13830 append_avg_us=11323 refresh_fallback_pixels=0 settled_fallback_pixels=0 committed=1 authority=1 refresh=1 run_ok=1
[13:24:36] TINYDRAW_GATE1_EXPORT format=svg encoded=1 bytes=155150 elapsed_us=971788 workspace_bytes=4096 operations=52 sink_calls=152 flash_pages=38 crc32=b3ad618d free_psram=1818884 free_internal=116008 prolog=1 dimensions=1 terminator=1 crc_ok=1 paths=1 path_only=1 pass=1
[13:24:36] TINYDRAW_EXPORT_RESERVE requested=1572864 free_before=1818884 largest_before=1802240 free_held=246016 largest_held=245760 pass=1
[13:24:36] TINYDRAW_RERENDER_LEDGER site=final renders=0 unique=0 amplification=0.000 cold=0 damage=0 evict=0 stale=0 unexplained=0
[13:24:36] TINYDRAW_GATE1_AUTOMATED_DONE minimap_navigation=1 zoom_cycle_return=1 zoom_overlay_pan=1 color_dialog=1 stress=1 stress_100=1 stress_400=1 overlap_ready=1 overlap_cold=0 general_cold_ready=1 general_cold=1 workload=1 paced_cold=1 hard_100=1 hard_400=1 pan_100=1 pan_400=1 pan_seq=1 pan_boundary=1 live_overlay=1 draw_fill=1 cache=1 full_world_cache=1 cache_tour=1 mixed_draw=1 idle_repair=1 ink_trace=1 hairline_capacity=1 long_gesture=1 export_encode=1 export_reserve=1 return=1 ssaa_receipt=yellow
[13:24:36] TINYDRAW_VECTOR_V2_GATE_HARNESS_DONE pass=0
[13:24:36] TINYDRAW_VECTOR_V2_READY zoom=25 controls=chrome button=cycle_all_zooms operations_capacity=4000 samples_capacity=80000 live_storage_bytes=6383640 overview_bytes=1318912 raw_tile_bytes=3670016 tile_metadata_bytes=101360 operation_bytes=720000 live_scratch_bytes=573352 free_psram=1818884 largest_psram=1802240 te_edges=3740 te_period_us=16803 te_high_us=579 te_level=0 main_stack_free=1656
[13:24:38] TINYDRAW_LIVE_SETTLE zoom=25 tiles=42 total_us=151238 max_tile_us=75754 failures=0
