Test project out/build/host-asan
      Start  1: tinydraw_vector_v2_tests
 1/11 Test  #1: tinydraw_vector_v2_tests .......................   Passed    6.78 sec
      Start  2: tinydraw_ink_trace_check_recorded
 2/11 Test  #2: tinydraw_ink_trace_check_recorded ..............   Passed    0.06 sec
      Start  3: tinydraw_vector_v2_cold_replay_exactness
 3/11 Test  #3: tinydraw_vector_v2_cold_replay_exactness .......   Passed    6.31 sec
      Start  4: tinydraw_vector_v2_fuzz_collinear_coalesce
 4/11 Test  #4: tinydraw_vector_v2_fuzz_collinear_coalesce .....   Passed    9.50 sec
      Start  5: tinydraw_vector_v2_fuzz_collinear_regression
 5/11 Test  #5: tinydraw_vector_v2_fuzz_collinear_regression ...   Passed   47.59 sec
      Start  6: tinydraw_vector_v2_fuzz_random_documents
 6/11 Test  #6: tinydraw_vector_v2_fuzz_random_documents .......   Passed    3.34 sec
      Start  7: tinydraw_tests
 7/11 Test  #7: tinydraw_tests .................................   Passed    2.93 sec
      Start  8: tinydraw_fat16_generate
 8/11 Test  #8: tinydraw_fat16_generate ........................   Passed    0.17 sec
      Start  9: tinydraw_fat16_fsck
 9/11 Test  #9: tinydraw_fat16_fsck ............................   Passed    0.00 sec
      Start 10: tinydraw_perf_characterization
10/11 Test #10: tinydraw_perf_characterization .................   Passed    0.76 sec
      Start 11: tinydraw_png_roundtrip
11/11 Test #11: tinydraw_png_roundtrip .........................   Passed    0.20 sec

100% tests passed out of 11

Total Test time (real) =  77.66 sec
