[10:35:36] ESP-ROM:esp32s3-20210327
[10:35:36] Build:Mar 27 2021
[10:35:36] rst:0x15 (USB_UART_CHIP_RESET),boot:0x2b (SPI_FAST_FLASH_BOOT)
[10:35:36] Saved PC:0x40378c7e
[10:35:36] SPIWP:0xee
[10:35:36] mode:DIO, clock div:1
[10:35:36] load:0x3fce2820,len:0x1178
[10:35:36] load:0x403c8700,len:0xce0
[10:35:36] load:0x403cb700,len:0x2ff8
[10:35:36] entry 0x403c88a8
[10:35:36] CAL_RECORD {"type":"configuration","schema_version":"1.0.0","harness_version":"1.0.0","idf_version":"v6.0.2","target":"esp32s3","chip_revision":2,"cores":2,"cpu_hz":240000000,"ccount_hz":240000000,"flash_bytes":16777216,"flash_mode":"qio","flash_image_header_mode":"dio","flash_frequency_mhz":80,"psram_bytes":8388608,"psram_mode":"octal","psram_frequency_mhz":80,"data_cache_bytes":32768,"data_cache_line_bytes":32,"instruction_cache_bytes":16384,"external_working_set_bytes":524288,"internal_working_set_bytes":131072,"trials":9,"uncertainty_notes":["CCOUNT includes interrupt and loop overhead; medians and minima are retained.","Random external-memory results subtract an identical LCG/index loop baseline.","Random 512 KiB working sets are miss-dominated, not guaranteed one miss per access.","IRAM bandwidth uses the two-byte Xtensa density nop encoding confirmed from the ELF symbol size."]}
[10:35:36] CAL_RECORD {"type":"metric","name":"iram_call_loop_baseline","memory":"iram","access_pattern":"empty_calls","operations_per_trial":8192,"bytes_per_operation":0,"ccount_samples":[98306,98306,98306,98306,98306,98306,98306,98306,98306],"baseline":null,"note":"Function-call and loop baseline for the IRAM nop block."}
[10:35:36] CAL_RECORD {"type":"metric","name":"iram_instruction_fetch","memory":"iram","access_pattern":"sequential_nops","operations_per_trial":2097152,"bytes_per_operation":2,"ccount_samples":[2207889,2207889,2207883,2207883,2207883,2207883,2207883,2207883,2207883],"baseline":"iram_call_loop_baseline","note":"256 two-byte sequential IRAM-resident nops per call; baseline is one empty call per block."}
[10:35:36] CAL_RECORD {"type":"metric","name":"sram_read_hit","memory":"internal_sram","access_pattern":"same_word","operations_per_trial":1048576,"bytes_per_operation":4,"ccount_samples":[8438548,8438472,8438472,8438472,8438472,8438472,8438472,8438472,8438472],"baseline":null,"note":"Repeated volatile reads from one warm internal-SRAM word."}
[10:35:37] CAL_RECORD {"type":"metric","name":"sram_read_sequential","memory":"internal_sram","access_pattern":"sequential_128k","operations_per_trial":1048576,"bytes_per_operation":4,"ccount_samples":[10548825,10547497,10547497,10547497,10547497,10547497,10547497,10547497,10547497],"baseline":null,"note":"Eight complete passes through a 128 KiB internal-SRAM working set."}
[10:35:37] CAL_RECORD {"type":"metric","name":"sram_write_sequential","memory":"internal_sram","access_pattern":"sequential_128k","operations_per_trial":1048576,"bytes_per_operation":4,"ccount_samples":[6326425,6326425,6326425,6326425,6326425,6326425,6326425,6326425,6326425],"baseline":null,"note":"Eight complete volatile-write passes through internal SRAM."}
[10:35:38] CAL_RECORD {"type":"metric","name":"flash_read_hit","memory":"mapped_flash","access_pattern":"same_word","operations_per_trial":1048576,"bytes_per_operation":4,"ccount_samples":[8438466,8438475,8438467,8438467,8438467,8438467,8438467,8438467,8438467],"baseline":null,"note":"Repeated volatile reads from one warm flash-cache word."}
[10:35:39] CAL_RECORD {"type":"metric","name":"flash_read_sequential","memory":"mapped_flash","access_pattern":"sequential_512k","operations_per_trial":1048576,"bytes_per_operation":4,"ccount_samples":[38339728,38338482,38338482,38338482,38338482,38338482,38338482,38338482,38338482],"baseline":null,"note":"Four sequential passes through mapped flash; includes line fills and cache hits."}
[10:35:40] CAL_RECORD {"type":"metric","name":"flash_random_index_baseline","memory":"internal_registers","access_pattern":"lcg_index_only","operations_per_trial":1048576,"bytes_per_operation":0,"ccount_samples":[9495057,9493712,9493712,9493712,9493712,9493712,9493712,9493712,9493712],"baseline":null,"note":"Identical LCG/index arithmetic used by flash_read_random."}
[10:35:51] CAL_RECORD {"type":"metric","name":"flash_read_random","memory":"mapped_flash","access_pattern":"random_512k","operations_per_trial":1048576,"bytes_per_operation":4,"ccount_samples":[279999978,280003367,280003367,280003367,280003367,280003367,280003367,280003367,280003367],"baseline":"flash_random_index_baseline","note":"Pseudo-random reads over 512 KiB; cache-miss-dominated."}
[10:35:52] CAL_RECORD {"type":"metric","name":"psram_read_hit","memory":"octal_psram","access_pattern":"same_word","operations_per_trial":1048576,"bytes_per_operation":4,"ccount_samples":[8438466,8438467,8438467,8438467,8438467,8438467,8438467,8438467,8438467],"baseline":null,"note":"Repeated volatile reads from one warm PSRAM-cache word."}
[10:35:53] CAL_RECORD {"type":"metric","name":"psram_read_sequential","memory":"octal_psram","access_pattern":"sequential_512k","operations_per_trial":1048576,"bytes_per_operation":4,"ccount_samples":[21355915,21354703,21354703,21354703,21354703,21354703,21354703,21354703,21354703],"baseline":null,"note":"Four sequential passes through PSRAM; includes line fills and cache hits."}
[10:35:54] CAL_RECORD {"type":"metric","name":"psram_write_sequential","memory":"octal_psram","access_pattern":"sequential_512k","operations_per_trial":1048576,"bytes_per_operation":4,"ccount_samples":[28853330,28853245,28853245,28853245,28853245,28853245,28853245,28853245,28853245],"baseline":null,"note":"Four sequential volatile-write passes through PSRAM."}
[10:35:54] CAL_RECORD {"type":"metric","name":"psram_random_index_baseline","memory":"internal_registers","access_pattern":"lcg_index_only","operations_per_trial":1048576,"bytes_per_operation":0,"ccount_samples":[9493710,9493712,9493712,9493712,9493712,9493712,9493712,9493712,9493712],"baseline":null,"note":"Identical LCG/index arithmetic used by psram_read_random."}
[10:35:59] CAL_RECORD {"type":"metric","name":"psram_read_random","memory":"octal_psram","access_pattern":"random_512k","operations_per_trial":1048576,"bytes_per_operation":4,"ccount_samples":[124199205,124197689,124197689,124197689,124197689,124197689,124197689,124197689,124197689],"baseline":"psram_random_index_baseline","note":"Pseudo-random reads over 512 KiB; cache-miss-dominated."}
[10:35:59] CALIBRATION_DONE sink=4294443008
