[14:09:38] I (373) cpu_start: Multicore app
[14:09:38] ESP-ROM:esp32s3-20210327
[14:09:38] Build:Mar 27 2021
[14:09:38] rst:0x15 (USB_UART_CHIP_RESET),boot:0x2b (SPI_FAST_FLASH_BOOT)
[14:09:38] Saved PC:0x4200936f
[14:09:38] SPIWP:0xee
[14:09:38] mode:DIO, clock div:1
[14:09:38] load:0x3fce2820,len:0x1664
[14:09:38] load:0x403c8700,len:0xf38
[14:09:38] load:0x403cb700,len:0x31e8
[14:09:38] entry 0x403c8930
[14:09:38] I (24) boot: ESP-IDF v6.0.2 2nd stage bootloader
[14:09:38] I (24) boot: compile time Aug 17 2026 14:09:13
[14:09:38] I (25) boot: Multicore bootloader
[14:09:38] I (25) boot: chip revision: v0.2
[14:09:38] I (28) boot: efuse block revision: v1.3
[14:09:38] I (31) qio_mode: Enabling default flash chip QIO
[14:09:38] I (36) boot.esp32s3: Boot SPI Speed : 80MHz
[14:09:38] I (39) boot.esp32s3: SPI Mode       : QIO
[14:09:38] I (43) boot.esp32s3: SPI Flash Size : 16MB
[14:09:38] I (47) boot: Enabling RNG early entropy source...
[14:09:38] I (51) boot: Partition Table:
[14:09:38] I (54) boot: ## Label            Usage          Type ST Offset   Length
[14:09:38] I (60) boot:  0 nvs              WiFi data        01 02 00009000 00006000
[14:09:38] I (67) boot:  1 phy_init         RF data          01 01 0000f000 00001000
[14:09:38] I (73) boot:  2 factory          factory app      00 00 00010000 00140000
[14:09:38] I (80) boot:  3 drawing          Unknown data     01 40 00150000 00300000
[14:09:38] I (86) boot:  4 export           Unknown data     01 41 00450000 004c0000
[14:09:38] I (93) boot:  5 coredump         Unknown data     01 03 00910000 00010000
[14:09:38] I (100) boot: End of partition table
[14:09:38] I (103) esp_image: segment 0: paddr=00010020 vaddr=3c0d0020 size=3adach (241068) map
[14:09:38] I (148) esp_image: segment 1: paddr=0004add4 vaddr=3fc9e100 size=05244h ( 21060) load
[14:09:38] I (152) esp_image: segment 2: paddr=00050020 vaddr=42000020 size=c4dd8h (806360) map
[14:09:38] I (277) esp_image: segment 3: paddr=00114e00 vaddr=3fca3344 size=00414h (  1044) load
[14:09:38] I (278) esp_image: segment 4: paddr=0011521c vaddr=40374000 size=1a06ch (106604) load
[14:09:38] I (302) esp_image: segment 5: paddr=0012f290 vaddr=50000000 size=00024h (    36) load
[14:09:38] I (314) boot: Loaded app from partition at offset 0x10000
[14:09:38] I (314) boot: Disabling RNG early entropy source...
[14:09:38] I (324) octal_psram: vendor id    : 0x0d (AP)
[14:09:38] I (324) octal_psram: dev id       : 0x02 (generation 3)
[14:09:38] I (324) octal_psram: density      : 0x03 (64 Mbit)
[14:09:38] I (326) octal_psram: good-die     : 0x01 (Pass)
[14:09:38] I (330) octal_psram: Latency      : 0x01 (Fixed)
[14:09:38] I (335) octal_psram: VCC          : 0x01 (3V)
[14:09:38] I (339) octal_psram: SRF          : 0x01 (Fast Refresh)
[14:09:38] I (344) octal_psram: BurstType    : 0x01 (Hybrid Wrap)
[14:09:38] I (349) octal_psram: BurstLen     : 0x01 (32 Byte)
[14:09:38] I (353) octal_psram: Readlatency  : 0x02 (10 cycles@Fixed)
[14:09:38] I (358) octal_psram: DriveStrength: 0x00 (1/1)
[14:09:38] I (363) MSPI Timing: Enter psram timing tuning
[14:09:38] I (367) esp_psram: Found 8MB PSRAM device
[14:09:38] I (370) esp_psram: Speed: 80MHz
[14:09:38] I (373) cpu_start: Multicore app
[14:09:38] I (789) esp_psram: SPI SRAM memory test OK
[14:09:38] I (798) cpu_start: GPIO 44 and 43 are used as console UART I/O pins
[14:09:38] I (798) cpu_start: Pro cpu start user code
[14:09:38] I (798) cpu_start: cpu freq: 240000000 Hz
[14:09:38] I (800) app_init: Application information:
[14:09:38] I (804) app_init: Project name:     tinydraw_esp32
[14:09:38] I (808) app_init: App version:      278f1cb
[14:09:38] I (812) app_init: Compile time:     Aug 17 2026 14:08:59
[14:09:38] I (817) app_init: ELF file SHA256:  5c17fe4e3...
[14:09:38] I (821) app_init: ESP-IDF:          v6.0.2
[14:09:38] I (825) efuse_init: Min chip rev:     v0.0
[14:09:38] I (829) efuse_init: Max chip rev:     v0.99 
[14:09:38] I (833) efuse_init: Chip rev:         v0.2
[14:09:38] I (837) heap_init: Initializing. RAM available for dynamic allocation:
[14:09:38] I (843) heap_init: At 3FCA82B0 len 00041460 (261 KiB): RAM
[14:09:38] I (848) heap_init: At 3FCE9710 len 00005724 (21 KiB): RAM
[14:09:38] I (854) heap_init: At 3FCF0000 len 00008000 (32 KiB): DRAM
[14:09:38] I (859) heap_init: At 600FE000 len 00001FE8 (7 KiB): RTCRAM
[14:09:38] I (864) esp_psram: Adding pool of 8192K of PSRAM memory to heap allocator
[14:09:38] I (871) spi_flash: detected chip: generic
[14:09:38] I (874) spi_flash: flash io: qio
[14:09:38] I (878) sleep_gpio: Configure to isolate all GPIO pins in sleep state
[14:09:38] I (884) sleep_gpio: Enable automatic switching of GPIO sleep configuration
[14:09:38] I (890) main_task: Started on CPU0
[14:09:38] I (893) main_task: Calling app_main()
[14:09:38] TINYDRAW_PRODUCER_SCRATCH supertask_internal=1 slot_directory_internal=0 free_internal=236196 free_psram=1820524
[14:09:38] TINYDRAW_PANEL_HARD_RESET=1
[14:09:38] TINYDRAW_PANEL_TRANSPORT requested_clock_mhz=50 effective_clock_mhz=40
[14:09:38] I (1100) co5300: version: 2.1.0
[14:09:38] I (1100) co5300_spi: LCD panel create success, version: 2.1.0
[14:09:38] W (1185) co5300_spi: The 3Ah command has been used and will be overwritten by external initialization sequence
[14:09:39] I (1286) CST816S: IC id: 183
[14:09:39] I (1287) PCF85063A: PCF85063A initialized successfully
[14:09:39] TINYDRAW_RTC ready=1 retained=1 local=2026-08-17T13:09:38
[14:09:39] TINYDRAW_VECTOR_V2_PRESENTATION experiment=boundary-top-sweep te_edge=rising requested_clock_mhz=50 effective_clock_mhz=40 optical_acceptance=external_manual
[14:09:39] TINYDRAW_LIVE_PRESENT kind=startup zoom=25 x=0 y=0 compose_us=26096 scroll_us=0 exposed_compose_us=0 chrome_us=13175 chrome_prepare_us=8288 chrome_stage_us=4887 read_submit_us=0 read_complete_us=0 transfer_wait_us=21283 tile_pixels=0 uniform_pixels=0 overview_pixels=164864 fallback_pixels=0 resident_tiles=0 fallback_tiles=0 pushes=11 tear_wait_us=10497 tear_edge_isr_to_resume_us=13 tear_edge_observed=1 tear_edge_wait_resumed=1 tear_edge_timeout=0 tear_heal_attempted=0 tear_heal_command_sent=0 presentation_experiment=boundary-top-sweep te_edge=rising requested_clock_mhz=50 effective_clock_mhz=40 frame_reused=0 pass=1
[14:09:39] TINYDRAW_GATE1_ZOOM_OVERLAY_PAN tap_zoom=1 drag_pan=1 threshold_px=8 pass=1
[14:09:39] TINYDRAW_GATE1_ZOOM_CYCLE_RETURN explored_x=2300 explored_y=3100 returned_x=2300 returned_y=3100 pass=1
[14:09:39] TINYDRAW_GATE1_COLOR_DIALOG wall_us=27677 maximum_us=40000 compose_us=0 chrome_us=9684 chrome_prepare_us=6 chrome_stage_us=9678 complete_us=24290 pushes=11 pass=1
[14:09:39] TINYDRAW_GATE1_MINIMAP_NAV hit=1 mode=absolute tap_x=552 tap_y=710 tap_complete_us=20383 tap_pass=1 drag_x=626 drag_y=782 drag_complete_us=16782 drag_reused=1 drag_pass=1 bottom_right_to_center_x=2760 bottom_right_to_center_y=3398 acquire_complete_us=20681 acquire_pass=1 edge_x=0 edge_y=0 edge_complete_us=21059 edge_pass=1 pass=1
[14:09:40] TINYDRAW_LIVE_STRESS operations=1000 samples=20000 total_us=687660 average_us=687 maximum_us=1069 free_psram=1818884 largest_psram=1802240
[14:09:40] TINYDRAW_LIVE_PRESENT kind=gate_fallback zoom=100 x=0 y=0 compose_us=11449 scroll_us=0 exposed_compose_us=0 chrome_us=8569 chrome_prepare_us=4148 chrome_stage_us=4421 read_submit_us=27788 read_complete_us=31171 transfer_wait_us=20070 tile_pixels=0 uniform_pixels=0 overview_pixels=0 fallback_pixels=164864 resident_tiles=0 fallback_tiles=42 pushes=11 tear_wait_us=12035 tear_edge_isr_to_resume_us=12 tear_edge_observed=1 tear_edge_wait_resumed=1 tear_edge_timeout=0 tear_heal_attempted=0 tear_heal_command_sent=0 presentation_experiment=boundary-top-sweep te_edge=rising requested_clock_mhz=50 effective_clock_mhz=40 frame_reused=0 pass=1
[14:09:40] TINYDRAW_GATE1_HARD zoom=100 cold=1 operations=1000 samples=20000 steps=193 tiles=42 scanned=12000 rendered=122 max_supertask_us=6669 presentation_us=71192 total_us=274493 maximum_wall_us=500000 pass=1
[14:09:40] TINYDRAW_LIVE_PRESENT kind=gate_fallback zoom=400 x=0 y=0 compose_us=10805 scroll_us=0 exposed_compose_us=0 chrome_us=5395 chrome_prepare_us=1132 chrome_stage_us=4263 read_submit_us=21904 read_complete_us=25528 transfer_wait_us=20405 tile_pixels=0 uniform_pixels=0 overview_pixels=0 fallback_pixels=164864 resident_tiles=0 fallback_tiles=42 pushes=11 tear_wait_us=9799 tear_edge_isr_to_resume_us=13 tear_edge_observed=1 tear_edge_wait_resumed=1 tear_edge_timeout=0 tear_heal_attempted=0 tear_heal_command_sent=0 presentation_experiment=boundary-top-sweep te_edge=rising requested_clock_mhz=50 effective_clock_mhz=40 frame_reused=0 pass=1
[14:09:41] TINYDRAW_GATE1_HARD zoom=400 cold=1 operations=1000 samples=20000 steps=199 tiles=42 scanned=12000 rendered=17 max_supertask_us=5209 presentation_us=66057 total_us=157197 maximum_wall_us=500000 pass=1
[14:09:41] TINYDRAW_OVERLAP_WORKLOAD operations=8 samples=1200 radius_world=80
[14:09:42] TINYDRAW_GATE1_PACED_COLD corpus=overlap zoom=50 x=215 y=255 steps=235 tiles=56 compute_us=507709 present_us=81662 touch_us=810 pacing_us=14006 wall_us=604187 maximum_wall_us=500000 max_tick_us=10591 touch_samples=2782 touch_interval_max_us=2034 touch_read_max_us=607 touch_events=0 touch_down=0 touch_up=0 touch_events_ge_8ms=0 touch_event_age_max_us=0 touch_errors=0 touch_overflows=0 pass=0
[14:09:42] TINYDRAW_GATE1_PACED_COLD corpus=overlap zoom=100 x=583 y=703 steps=183 tiles=48 compute_us=275001 present_us=77965 touch_us=536 pacing_us=7463 wall_us=360965 maximum_wall_us=500000 max_tick_us=9714 touch_samples=429 touch_interval_max_us=1488 touch_read_max_us=464 touch_events=0 touch_down=0 touch_up=0 touch_events_ge_8ms=0 touch_event_age_max_us=0 touch_errors=0 touch_overflows=0 pass=1
[14:09:43] TINYDRAW_GATE1_PACED_COLD corpus=overlap zoom=200 x=1319 y=1599 steps=180 tiles=56 compute_us=249974 present_us=75990 touch_us=498 pacing_us=7507 wall_us=333969 maximum_wall_us=500000 max_tick_us=9377 touch_samples=409 touch_interval_max_us=1775 touch_read_max_us=525 touch_events=0 touch_down=0 touch_up=0 touch_events_ge_8ms=0 touch_event_age_max_us=0 touch_errors=0 touch_overflows=0 pass=1
[14:09:43] TINYDRAW_GATE1_PACED_COLD corpus=overlap zoom=400 x=2791 y=3391 steps=181 tiles=56 compute_us=214199 present_us=71724 touch_us=452 pacing_us=6597 wall_us=292972 maximum_wall_us=500000 max_tick_us=8702 touch_samples=362 touch_interval_max_us=1828 touch_read_max_us=494 touch_events=0 touch_down=0 touch_up=0 touch_events_ge_8ms=0 touch_event_age_max_us=0 touch_errors=0 touch_overflows=0 pass=1
[14:09:43] TINYDRAW_ADVERSARIAL_TAPERED_WORKLOAD operations=128 samples=4096 erasers=12 load_us=221455 appended=1
[14:09:44] TINYDRAW_GENERAL_COLD_WORKLOAD operations=910 samples=12157 hairline_operations=782 hairline_samples=8061 hairline_load_us=1123406 appended=1
[14:09:45] TINYDRAW_GATE1_PACED_COLD corpus=adversarial_tapered_4x+evil_hairlines zoom=50 x=0 y=0 steps=313 tiles=42 compute_us=341607 present_us=69441 touch_us=738 pacing_us=11196 wall_us=422982 maximum_wall_us=500000 max_tick_us=8054 touch_samples=1531 touch_interval_max_us=2081 touch_read_max_us=577 touch_events=0 touch_down=0 touch_up=0 touch_events_ge_8ms=0 touch_event_age_max_us=0 touch_errors=0 touch_overflows=0 pass=1
[14:09:45] TINYDRAW_GATE1_PACED_COLD corpus=adversarial_tapered_4x+evil_hairlines zoom=100 x=0 y=0 steps=334 tiles=42 compute_us=331922 present_us=65684 touch_us=682 pacing_us=8541 wall_us=406829 maximum_wall_us=500000 max_tick_us=7910 touch_samples=472 touch_interval_max_us=1149 touch_read_max_us=434 touch_events=0 touch_down=0 touch_up=0 touch_events_ge_8ms=0 touch_event_age_max_us=0 touch_errors=0 touch_overflows=0 pass=1
[14:09:46] TINYDRAW_GATE1_PACED_COLD corpus=adversarial_tapered_4x+evil_hairlines zoom=200 x=0 y=0 steps=406 tiles=42 compute_us=392956 present_us=60952 touch_us=809 pacing_us=11814 wall_us=466531 maximum_wall_us=500000 max_tick_us=7042 touch_samples=530 touch_interval_max_us=1159 touch_read_max_us=428 touch_events=0 touch_down=0 touch_up=0 touch_events_ge_8ms=0 touch_event_age_max_us=0 touch_errors=0 touch_overflows=0 pass=1
[14:09:46] TINYDRAW_GATE1_PACED_COLD corpus=adversarial_tapered_4x+evil_hairlines zoom=400 x=0 y=0 steps=491 tiles=42 compute_us=428249 present_us=61384 touch_us=804 pacing_us=9510 wall_us=499947 maximum_wall_us=520000 max_tick_us=10005 touch_samples=571 touch_interval_max_us=1145 touch_read_max_us=433 touch_events=0 touch_down=0 touch_up=0 touch_events_ge_8ms=0 touch_event_age_max_us=0 touch_errors=0 touch_overflows=0 pass=1
[14:09:47] TINYDRAW_GATE1_WORKLOAD kind=realistic seed=7 operations=1000 samples=19844 maximum_stroke=198 load_us=579001 raw_source=1 lod_copies=0
[14:09:47] TINYDRAW_GATE1_PACED_COLD corpus=seed7 zoom=400 x=63 y=63 steps=263 tiles=56 compute_us=186745 present_us=78877 touch_us=453 pacing_us=4889 wall_us=270964 maximum_wall_us=500000 max_tick_us=9265 touch_samples=881 touch_interval_max_us=2038 touch_read_max_us=542 touch_events=0 touch_down=0 touch_up=0 touch_events_ge_8ms=0 touch_event_age_max_us=0 touch_errors=0 touch_overflows=0 pass=1
[14:09:48] TINYDRAW_LIVE_PRESENT kind=gate_fallback zoom=100 x=0 y=0 compose_us=11444 scroll_us=0 exposed_compose_us=0 chrome_us=5569 chrome_prepare_us=1196 chrome_stage_us=4373 read_submit_us=22250 read_complete_us=25867 transfer_wait_us=20858 tile_pixels=0 uniform_pixels=0 overview_pixels=0 fallback_pixels=164864 resident_tiles=0 fallback_tiles=42 pushes=11 tear_wait_us=9457 tear_edge_isr_to_resume_us=13 tear_edge_observed=1 tear_edge_wait_resumed=1 tear_edge_timeout=0 tear_heal_attempted=0 tear_heal_command_sent=0 presentation_experiment=boundary-top-sweep te_edge=rising requested_clock_mhz=50 effective_clock_mhz=40 frame_reused=0 pass=1
[14:09:48] TINYDRAW_GATE1_HARD zoom=100 cold=1 operations=1000 samples=19844 steps=246 tiles=42 scanned=12000 rendered=390 max_supertask_us=5215 presentation_us=70177 total_us=351638 maximum_wall_us=500000 pass=1
[14:09:48] TINYDRAW_GATE1_OVERLAY_CANVAS regions=zoom,minimap,toolbar,battery operations=4 presentation_mutations=0 authority=1 pass=1
[14:09:48] TINYDRAW_GATE1_LIVE_OVERLAY clear_updates=48 clear_wall_max_us=3933 clear_submit_max_us=2170 clear_complete_max_us=3058 overlay_updates=48 overlay_wall_max_us=3916 overlay_submit_max_us=2114 overlay_complete_max_us=3173 overlay_chrome_max_us=229 clear_failures=0 overlay_failures=0 pass=1
[14:09:48] TINYDRAW_EDGE_INK corners=4 edge_failures=0 pass=1
[14:09:49] TINYDRAW_GATE1_PAN zoom=100 from_x=0 from_y=0 to_x=88 to_y=88 compose_us=15423 scroll_us=13 exposed_compose_us=15410 chrome_us=2303 event_submit_us=29557 event_complete_us=32755 transfer_us=16455 setup=1 present=1 moved=1 frame_reused=1 pass=1
[14:09:49] TINYDRAW_LIVE_PRESENT kind=gate_fallback zoom=400 x=0 y=0 compose_us=10768 scroll_us=0 exposed_compose_us=0 chrome_us=5456 chrome_prepare_us=1201 chrome_stage_us=4255 read_submit_us=23455 read_complete_us=27077 transfer_wait_us=20967 tile_pixels=0 uniform_pixels=0 overview_pixels=0 fallback_pixels=164864 resident_tiles=0 fallback_tiles=42 pushes=11 tear_wait_us=11334 tear_edge_isr_to_resume_us=19 tear_edge_observed=1 tear_edge_wait_resumed=1 tear_edge_timeout=0 tear_heal_attempted=0 tear_heal_command_sent=0 presentation_experiment=boundary-top-sweep te_edge=rising requested_clock_mhz=50 effective_clock_mhz=40 frame_reused=0 pass=1
[14:09:49] TINYDRAW_GATE1_HARD zoom=400 cold=1 operations=1008 samples=19852 steps=200 tiles=42 scanned=12096 rendered=62 max_supertask_us=7858 presentation_us=68297 total_us=207791 maximum_wall_us=500000 pass=1
[14:09:49] TINYDRAW_GATE1_PAN zoom=400 from_x=0 from_y=0 to_x=88 to_y=88 compose_us=15463 scroll_us=12 exposed_compose_us=15451 chrome_us=2173 event_submit_us=30332 event_complete_us=33524 transfer_us=16682 setup=1 present=1 moved=1 frame_reused=1 pass=1
[14:09:52] TINYDRAW_PANSEQ_FRAME zoom=100 step=0 dx=24 dy=18 scroll_us=11 exposed_compose_us=4378 chrome_us=2289 tear_wait_us=8254 present_us=16192 prepare_us=10695 acquire_wait_us=20 ring_copy_us=8407 patch_us=2279 byte_swap_us=9 staging_us=4149 event_submit_us=12787 event_complete_us=15939 frame_us=28977 tear_edge_observed=1 frame_reused=1 pass=1
[14:09:52] TINYDRAW_PANSEQ_FRAME zoom=100 step=1 dx=24 dy=18 scroll_us=13 exposed_compose_us=4419 chrome_us=2298 tear_wait_us=12778 present_us=16575 prepare_us=10604 acquire_wait_us=20 ring_copy_us=8304 patch_us=2293 byte_swap_us=7 staging_us=4257 event_submit_us=17348 event_complete_us=20531 frame_us=33917 tear_edge_observed=1 frame_reused=1 pass=1
[14:09:52] TINYDRAW_PANSEQ_FRAME zoom=100 step=2 dx=24 dy=18 scroll_us=13 exposed_compose_us=4123 chrome_us=2323 tear_wait_us=12703 present_us=15960 prepare_us=10752 acquire_wait_us=18 ring_copy_us=8425 patch_us=2320 byte_swap_us=7 staging_us=4128 event_submit_us=16979 event_complete_us=20169 frame_us=32932 tear_edge_observed=1 frame_reused=1 pass=1
[14:09:52] TINYDRAW_PANSEQ_FRAME zoom=100 step=3 dx=24 dy=18 scroll_us=13 exposed_compose_us=4625 chrome_us=2305 tear_wait_us=12817 present_us=16345 prepare_us=10646 acquire_wait_us=19 ring_copy_us=8337 patch_us=2301 byte_swap_us=8 staging_us=4213 event_submit_us=17586 event_complete_us=20779 frame_us=33925 tear_edge_observed=1 frame_reused=1 pass=1
[14:09:52] TINYDRAW_PANSEQ_FRAME zoom=100 step=4 dx=24 dy=18 scroll_us=13 exposed_compose_us=4162 chrome_us=2311 tear_wait_us=12906 present_us=16724 prepare_us=10746 acquire_wait_us=19 ring_copy_us=8428 patch_us=2311 byte_swap_us=7 staging_us=4136 event_submit_us=17213 event_complete_us=20406 frame_us=33932 tear_edge_observed=1 frame_reused=1 pass=1
[14:09:52] TINYDRAW_PANSEQ_FRAME zoom=100 step=5 dx=24 dy=18 scroll_us=13 exposed_compose_us=4422 chrome_us=2279 tear_wait_us=12238 present_us=16115 prepare_us=10623 acquire_wait_us=19 ring_copy_us=8343 patch_us=2273 byte_swap_us=7 staging_us=4232 event_submit_us=16810 event_complete_us=19986 frame_us=32917 tear_edge_observed=1 frame_reused=1 pass=1
[14:09:52] TINYDRAW_PANSEQ_FRAME zoom=100 step=6 dx=24 dy=18 scroll_us=13 exposed_compose_us=4106 chrome_us=2290 tear_wait_us=13186 present_us=16495 prepare_us=10683 acquire_wait_us=20 ring_copy_us=8392 patch_us=2283 byte_swap_us=8 staging_us=4188 event_submit_us=17445 event_complete_us=20635 frame_us=33932 tear_edge_observed=1 frame_reused=1 pass=1
[14:09:52] TINYDRAW_PANSEQ_FRAME zoom=100 step=7 dx=24 dy=18 scroll_us=13 exposed_compose_us=4409 chrome_us=2310 tear_wait_us=12504 present_us=15868 prepare_us=10659 acquire_wait_us=19 ring_copy_us=8347 patch_us=2303 byte_swap_us=9 staging_us=4225 event_submit_us=17061 event_complete_us=20248 frame_us=32925 tear_edge_observed=1 frame_reused=1 pass=1
[14:09:52] TINYDRAW_PANSEQ_FRAME zoom=100 step=8 dx=24 dy=18 scroll_us=13 exposed_compose_us=4393 chrome_us=2272 tear_wait_us=13153 present_us=16240 prepare_us=10699 acquire_wait_us=18 ring_copy_us=8424 patch_us=2267 byte_swap_us=8 staging_us=4160 event_submit_us=17700 event_complete_us=20871 frame_us=33932 tear_edge_observed=1 frame_reused=1 pass=1
[14:09:52] TINYDRAW_PANSEQ_FRAME zoom=100 step=9 dx=24 dy=18 scroll_us=13 exposed_compose_us=4397 chrome_us=2288 tear_wait_us=12756 present_us=16634 prepare_us=10675 acquire_wait_us=18 ring_copy_us=8379 patch_us=2287 byte_swap_us=9 staging_us=4182 event_submit_us=17297 event_complete_us=20471 frame_us=33925 tear_edge_observed=1 frame_reused=1 pass=1
[14:09:52] TINYDRAW_PANSEQ_FRAME zoom=100 step=10 dx=24 dy=18 scroll_us=13 exposed_compose_us=4106 chrome_us=2310 tear_wait_us=12657 present_us=16018 prepare_us=10717 acquire_wait_us=19 ring_copy_us=8401 patch_us=2307 byte_swap_us=9 staging_us=4146 event_submit_us=16925 event_complete_us=20092 frame_us=32932 tear_edge_observed=1 frame_reused=1 pass=1
[14:09:52] TINYDRAW_PANSEQ_FRAME zoom=100 step=11 dx=24 dy=18 scroll_us=13 exposed_compose_us=4654 chrome_us=2324 tear_wait_us=12733 present_us=16403 prepare_us=10652 acquire_wait_us=19 ring_copy_us=8316 patch_us=2327 byte_swap_us=9 staging_us=4206 event_submit_us=17530 event_complete_us=20718 frame_us=33925 tear_edge_observed=1 frame_reused=1 pass=1
[14:09:52] TINYDRAW_PANSEQ_FRAME zoom=100 step=12 dx=24 dy=18 scroll_us=13 exposed_compose_us=4150 chrome_us=2281 tear_wait_us=12844 present_us=16805 prepare_us=10730 acquire_wait_us=19 ring_copy_us=8432 patch_us=2289 byte_swap_us=9 staging_us=4179 event_submit_us=17140 event_complete_us=20359 frame_us=33940 tear_edge_observed=1 frame_reused=1 pass=1
[14:09:52] TINYDRAW_PANSEQ_FRAME zoom=100 step=13 dx=24 dy=18 scroll_us=14 exposed_compose_us=4397 chrome_us=2279 tear_wait_us=12187 present_us=16192 prepare_us=10676 acquire_wait_us=18 ring_copy_us=8392 patch_us=2275 byte_swap_us=9 staging_us=4204 event_submit_us=16732 event_complete_us=19913 frame_us=32918 tear_edge_observed=1 frame_reused=1 pass=1
[14:09:52] TINYDRAW_PANSEQ_FRAME zoom=100 step=14 dx=24 dy=18 scroll_us=13 exposed_compose_us=4116 chrome_us=2286 tear_wait_us=13101 present_us=16570 prepare_us=10665 acquire_wait_us=19 ring_copy_us=8372 patch_us=2284 byte_swap_us=9 staging_us=4166 event_submit_us=17369 event_complete_us=20530 frame_us=33932 tear_edge_observed=1 frame_reused=1 pass=1
[14:09:52] TINYDRAW_PANSEQ_FRAME zoom=100 step=15 dx=24 dy=18 scroll_us=13 exposed_compose_us=4448 chrome_us=2329 tear_wait_us=12372 present_us=15959 prepare_us=10682 acquire_wait_us=18 ring_copy_us=8352 patch_us=2321 byte_swap_us=9 staging_us=4193 event_submit_us=16972 event_complete_us=20161 frame_us=32925 tear_edge_observed=1 frame_reused=1 pass=1
[14:09:52] TINYDRAW_PANSEQ_FRAME zoom=100 step=16 dx=72 dy=54 scroll_us=13 exposed_compose_us=11724 chrome_us=2296 tear_wait_us=5695 present_us=16370 prepare_us=10679 acquire_wait_us=20 ring_copy_us=8373 patch_us=2298 byte_swap_us=8 staging_us=4153 event_submit_us=17567 event_complete_us=20722 frame_us=33932 tear_edge_observed=1 frame_reused=1 pass=1
[14:09:52] TINYDRAW_PANSEQ_FRAME zoom=100 step=17 dx=72 dy=54 scroll_us=13 exposed_compose_us=11701 chrome_us=2311 tear_wait_us=5319 present_us=16762 prepare_us=10651 acquire_wait_us=20 ring_copy_us=8336 patch_us=2307 byte_swap_us=8 staging_us=4240 event_submit_us=17171 event_complete_us=20379 frame_us=33933 tear_edge_observed=1 frame_reused=1 pass=1
[14:09:52] TINYDRAW_PANSEQ_FRAME zoom=100 step=18 dx=72 dy=54 scroll_us=13 exposed_compose_us=10024 chrome_us=2282 tear_wait_us=6599 present_us=16157 prepare_us=10707 acquire_wait_us=21 ring_copy_us=8419 patch_us=2279 byte_swap_us=9 staging_us=4141 event_submit_us=16772 event_complete_us=19917 frame_us=32924 tear_edge_observed=1 frame_reused=1 pass=1
[14:09:52] TINYDRAW_PANSEQ_FRAME zoom=100 step=19 dx=72 dy=54 scroll_us=12 exposed_compose_us=10027 chrome_us=2287 tear_wait_us=7220 present_us=16537 prepare_us=10604 acquire_wait_us=19 ring_copy_us=8314 patch_us=2282 byte_swap_us=8 staging_us=4234 event_submit_us=17409 event_complete_us=20571 frame_us=33925 tear_edge_observed=1 frame_reused=1 pass=1
[14:09:52] TINYDRAW_PANSEQ_FRAME zoom=100 step=20 dx=-72 dy=-54 scroll_us=12 exposed_compose_us=11548 chrome_us=2311 tear_wait_us=5341 present_us=15917 prepare_us=10688 acquire_wait_us=19 ring_copy_us=8355 patch_us=2325 byte_swap_us=8 staging_us=4159 event_submit_us=17021 event_complete_us=20181 frame_us=32932 tear_edge_observed=1 frame_reused=1 pass=1
[14:09:52] TINYDRAW_PANSEQ_FRAME zoom=100 step=21 dx=-72 dy=-54 scroll_us=13 exposed_compose_us=11689 chrome_us=2299 tear_wait_us=5802 present_us=16289 prepare_us=10677 acquire_wait_us=18 ring_copy_us=8360 patch_us=2298 byte_swap_us=19 staging_us=4173 event_submit_us=17660 event_complete_us=20809 frame_us=33925 tear_edge_observed=1 frame_reused=1 pass=1
[14:09:52] TINYDRAW_PANSEQ_FRAME zoom=100 step=22 dx=-72 dy=-54 scroll_us=13 exposed_compose_us=11695 chrome_us=2292 tear_wait_us=5412 present_us=16682 prepare_us=10715 acquire_wait_us=18 ring_copy_us=8415 patch_us=2291 byte_swap_us=9 staging_us=4132 event_submit_us=17255 event_complete_us=20422 frame_us=33932 tear_edge_observed=1 frame_reused=1 pass=1
[14:09:52] TINYDRAW_PANSEQ_FRAME zoom=100 step=23 dx=-72 dy=-54 scroll_us=13 exposed_compose_us=11361 chrome_us=2310 tear_wait_us=5347 present_us=16061 prepare_us=10633 acquire_wait_us=18 ring_copy_us=8326 patch_us=2300 byte_swap_us=7 staging_us=4204 event_submit_us=16870 event_complete_us=20020 frame_us=32918 tear_edge_observed=1 frame_reused=1 pass=1
[14:09:52] TINYDRAW_PANSEQ_STRIP zoom=100 strip=0 panel_y=0 rows=44 samples=24 staging_mean_us=1362 staging_max_us=1406 wire_budget_us=1619 over_budget_us=0 pass=1
[14:09:52] TINYDRAW_PANSEQ_STRIP zoom=100 strip=1 panel_y=44 rows=44 samples=24 staging_mean_us=1235 staging_max_us=1250 wire_budget_us=1619 over_budget_us=0 pass=1
[14:09:52] TINYDRAW_PANSEQ_STRIP zoom=100 strip=2 panel_y=88 rows=44 samples=24 staging_mean_us=1188 staging_max_us=1194 wire_budget_us=1619 over_budget_us=0 pass=1
[14:09:52] TINYDRAW_PANSEQ_STRIP zoom=100 strip=3 panel_y=132 rows=44 samples=24 staging_mean_us=1187 staging_max_us=1205 wire_budget_us=1619 over_budget_us=0 pass=1
[14:09:52] TINYDRAW_PANSEQ_STRIP zoom=100 strip=4 panel_y=176 rows=44 samples=24 staging_mean_us=1185 staging_max_us=1203 wire_budget_us=1619 over_budget_us=0 pass=1
[14:09:53] TINYDRAW_PANSEQ_STRIP zoom=100 strip=5 panel_y=220 rows=44 samples=24 staging_mean_us=1187 staging_max_us=1217 wire_budget_us=1619 over_budget_us=0 pass=1
[14:09:53] TINYDRAW_PANSEQ_STRIP zoom=100 strip=6 panel_y=264 rows=44 samples=24 staging_mean_us=1390 staging_max_us=1417 wire_budget_us=1619 over_budget_us=0 pass=1
[14:09:53] TINYDRAW_PANSEQ_STRIP zoom=100 strip=7 panel_y=308 rows=44 samples=24 staging_mean_us=1344 staging_max_us=1357 wire_budget_us=1619 over_budget_us=0 pass=1
[14:09:53] TINYDRAW_PANSEQ_STRIP zoom=100 strip=8 panel_y=352 rows=20 samples=24 staging_mean_us=613 staging_max_us=633 wire_budget_us=736 over_budget_us=0 pass=1
[14:09:53] TINYDRAW_GATE1_PANSEQ zoom=100 frames=24 scroll_avg_us=12 exposed_avg_us=6628 chrome_avg_us=2298 tear_wait_avg_us=10246 present_avg_us=16327 prepare_avg_us=10677 acquire_wait_avg_us=18 ring_copy_avg_us=8372 patch_avg_us=2295 byte_swap_avg_us=8 staging_avg_us=4183 frame_avg_us=33346 frame_p50_us=33925 frame_p95_us=33933 frame_max_us=33940 complete_p50_us=20379 complete_p95_us=20809 complete_max_us=20871 tear_edge_failures=0 presentation_experiment=boundary-top-sweep te_edge=rising requested_clock_mhz=50 effective_clock_mhz=40 chrome_bottom_redraws=0 chrome_battery_redraws=0 chrome_zoom_redraws=0 chrome_minimap_base_redraws=0 strip_samples=216 staging_mean_us=1188 staging_max_us=1417 worst_strip=8 worst_strip_y=352 worst_wire_budget_us=736 worst_headroom_us=103 staging_invariant=1 pacing_pass=1 all_reused=1 pass=1
[14:09:54] TINYDRAW_PANSEQ_FRAME zoom=400 step=0 dx=24 dy=18 scroll_us=12 exposed_compose_us=4360 chrome_us=2160 tear_wait_us=8951 present_us=16509 prepare_us=10536 acquire_wait_us=20 ring_copy_us=8380 patch_us=2150 byte_swap_us=6 staging_us=4337 event_submit_us=13477 event_complete_us=16660 frame_us=29979 tear_edge_observed=1 frame_reused=1 pass=1
[14:09:54] TINYDRAW_PANSEQ_FRAME zoom=400 step=1 dx=24 dy=18 scroll_us=13 exposed_compose_us=4420 chrome_us=2201 tear_wait_us=12437 present_us=15911 prepare_us=10555 acquire_wait_us=18 ring_copy_us=8352 patch_us=2195 byte_swap_us=8 staging_us=4323 event_submit_us=17009 event_complete_us=20196 frame_us=32916 tear_edge_observed=1 frame_reused=1 pass=1
[14:09:55] TINYDRAW_PANSEQ_FRAME zoom=400 step=2 dx=24 dy=18 scroll_us=13 exposed_compose_us=4126 chrome_us=2173 tear_wait_us=13339 present_us=16323 prepare_us=10557 acquire_wait_us=21 ring_copy_us=8376 patch_us=2172 byte_swap_us=9 staging_us=4312 event_submit_us=17624 event_complete_us=20804 frame_us=33933 tear_edge_observed=1 frame_reused=1 pass=1
[14:09:55] TINYDRAW_PANSEQ_FRAME zoom=400 step=3 dx=24 dy=18 scroll_us=13 exposed_compose_us=4622 chrome_us=2186 tear_wait_us=12435 present_us=16727 prepare_us=10569 acquire_wait_us=25 ring_copy_us=8377 patch_us=2183 byte_swap_us=9 staging_us=4310 event_submit_us=17203 event_complete_us=20400 frame_us=33925 tear_edge_observed=1 frame_reused=1 pass=1
[14:09:55] TINYDRAW_PANSEQ_FRAME zoom=400 step=4 dx=24 dy=18 scroll_us=13 exposed_compose_us=4157 chrome_us=2160 tear_wait_us=12496 present_us=16131 prepare_us=10584 acquire_wait_us=19 ring_copy_us=8414 patch_us=2161 byte_swap_us=9 staging_us=4279 event_submit_us=16797 event_complete_us=19974 frame_us=32925 tear_edge_observed=1 frame_reused=1 pass=1
[14:09:55] TINYDRAW_PANSEQ_FRAME zoom=400 step=5 dx=24 dy=18 scroll_us=13 exposed_compose_us=4447 chrome_us=2169 tear_wait_us=12813 present_us=16531 prepare_us=10494 acquire_wait_us=20 ring_copy_us=8315 patch_us=2173 byte_swap_us=6 staging_us=4373 event_submit_us=17414 event_complete_us=20596 frame_us=33925 tear_edge_observed=1 frame_reused=1 pass=1
[14:09:55] TINYDRAW_PANSEQ_FRAME zoom=400 step=6 dx=24 dy=18 scroll_us=13 exposed_compose_us=4109 chrome_us=2188 tear_wait_us=12745 present_us=15932 prepare_us=10593 acquire_wait_us=19 ring_copy_us=8392 patch_us=2192 byte_swap_us=9 staging_us=4291 event_submit_us=17002 event_complete_us=20190 frame_us=32933 tear_edge_observed=1 frame_reused=1 pass=1
[14:09:55] TINYDRAW_PANSEQ_FRAME zoom=400 step=7 dx=24 dy=18 scroll_us=13 exposed_compose_us=4426 chrome_us=2196 tear_wait_us=13025 present_us=16331 prepare_us=10559 acquire_wait_us=20 ring_copy_us=8360 patch_us=2190 byte_swap_us=9 staging_us=4311 event_submit_us=17599 event_complete_us=20795 frame_us=33925 tear_edge_observed=1 frame_reused=1 pass=1
[14:09:55] TINYDRAW_PANSEQ_FRAME zoom=400 step=8 dx=24 dy=18 scroll_us=13 exposed_compose_us=4378 chrome_us=2157 tear_wait_us=12688 present_us=16722 prepare_us=10601 acquire_wait_us=18 ring_copy_us=8438 patch_us=2155 byte_swap_us=8 staging_us=4287 event_submit_us=17217 event_complete_us=20425 frame_us=33933 tear_edge_observed=1 frame_reused=1 pass=1
[14:09:55] TINYDRAW_PANSEQ_FRAME zoom=400 step=9 dx=24 dy=18 scroll_us=13 exposed_compose_us=4392 chrome_us=2163 tear_wait_us=12268 present_us=16113 prepare_us=10527 acquire_wait_us=19 ring_copy_us=8363 patch_us=2157 byte_swap_us=7 staging_us=4328 event_submit_us=16809 event_complete_us=19990 frame_us=32917 tear_edge_observed=1 frame_reused=1 pass=1
[14:09:55] TINYDRAW_PANSEQ_FRAME zoom=400 step=10 dx=24 dy=18 scroll_us=13 exposed_compose_us=4131 chrome_us=2173 tear_wait_us=13142 present_us=16517 prepare_us=10554 acquire_wait_us=20 ring_copy_us=8378 patch_us=2167 byte_swap_us=9 staging_us=4311 event_submit_us=17430 event_complete_us=20610 frame_us=33933 tear_edge_observed=1 frame_reused=1 pass=1
[14:09:55] TINYDRAW_PANSEQ_FRAME zoom=400 step=11 dx=24 dy=18 scroll_us=13 exposed_compose_us=4628 chrome_us=2171 tear_wait_us=12236 present_us=15917 prepare_us=10554 acquire_wait_us=21 ring_copy_us=8365 patch_us=2180 byte_swap_us=9 staging_us=4345 event_submit_us=17015 event_complete_us=20220 frame_us=32925 tear_edge_observed=1 frame_reused=1 pass=1
[14:09:55] TINYDRAW_PANSEQ_FRAME zoom=400 step=12 dx=24 dy=18 scroll_us=13 exposed_compose_us=4178 chrome_us=2168 tear_wait_us=13303 present_us=16315 prepare_us=10583 acquire_wait_us=18 ring_copy_us=8405 patch_us=2172 byte_swap_us=6 staging_us=4283 event_submit_us=17630 event_complete_us=20814 frame_us=33933 tear_edge_observed=1 frame_reused=1 pass=1
[14:09:55] TINYDRAW_PANSEQ_FRAME zoom=400 step=13 dx=24 dy=18 scroll_us=13 exposed_compose_us=4413 chrome_us=2164 tear_wait_us=12661 present_us=16707 prepare_us=10562 acquire_wait_us=18 ring_copy_us=8397 patch_us=2158 byte_swap_us=7 staging_us=4330 event_submit_us=17223 event_complete_us=20432 frame_us=33925 tear_edge_observed=1 frame_reused=1 pass=1
[14:09:55] TINYDRAW_PANSEQ_FRAME zoom=400 step=14 dx=24 dy=18 scroll_us=13 exposed_compose_us=4115 chrome_us=2170 tear_wait_us=12601 present_us=16067 prepare_us=10579 acquire_wait_us=18 ring_copy_us=8400 patch_us=2170 byte_swap_us=9 staging_us=4279 event_submit_us=16869 event_complete_us=20039 frame_us=32925 tear_edge_observed=1 frame_reused=1 pass=1
[14:09:55] TINYDRAW_PANSEQ_FRAME zoom=400 step=15 dx=24 dy=18 scroll_us=13 exposed_compose_us=4463 chrome_us=2178 tear_wait_us=12934 present_us=16387 prepare_us=10506 acquire_wait_us=19 ring_copy_us=8321 patch_us=2177 byte_swap_us=8 staging_us=4345 event_submit_us=17543 event_complete_us=20726 frame_us=33925 tear_edge_observed=1 frame_reused=1 pass=1
[14:09:55] TINYDRAW_PANSEQ_FRAME zoom=400 step=16 dx=72 dy=54 scroll_us=13 exposed_compose_us=11699 chrome_us=2150 tear_wait_us=5307 present_us=16784 prepare_us=10552 acquire_wait_us=20 ring_copy_us=8397 patch_us=2148 byte_swap_us=7 staging_us=4340 event_submit_us=17152 event_complete_us=20357 frame_us=33941 tear_edge_observed=1 frame_reused=1 pass=1
[14:09:55] TINYDRAW_PANSEQ_FRAME zoom=400 step=17 dx=72 dy=54 scroll_us=13 exposed_compose_us=11480 chrome_us=2173 tear_wait_us=5123 present_us=16174 prepare_us=10561 acquire_wait_us=19 ring_copy_us=8383 patch_us=2170 byte_swap_us=8 staging_us=4303 event_submit_us=16749 event_complete_us=19925 frame_us=32917 tear_edge_observed=1 frame_reused=1 pass=1
[14:09:55] TINYDRAW_PANSEQ_FRAME zoom=400 step=18 dx=72 dy=54 scroll_us=13 exposed_compose_us=11412 chrome_us=2173 tear_wait_us=5819 present_us=16558 prepare_us=10538 acquire_wait_us=19 ring_copy_us=8358 patch_us=2171 byte_swap_us=9 staging_us=4306 event_submit_us=17379 event_complete_us=20549 frame_us=33933 tear_edge_observed=1 frame_reused=1 pass=1
[14:09:55] TINYDRAW_PANSEQ_FRAME zoom=400 step=19 dx=72 dy=54 scroll_us=13 exposed_compose_us=11562 chrome_us=2220 tear_wait_us=5257 present_us=15946 prepare_us=10562 acquire_wait_us=21 ring_copy_us=8356 patch_us=2199 byte_swap_us=7 staging_us=4316 event_submit_us=16984 event_complete_us=20175 frame_us=32925 tear_edge_observed=1 frame_reused=1 pass=1
[14:09:55] TINYDRAW_PANSEQ_FRAME zoom=400 step=20 dx=-72 dy=-54 scroll_us=13 exposed_compose_us=11773 chrome_us=2193 tear_wait_us=5680 present_us=16336 prepare_us=10545 acquire_wait_us=22 ring_copy_us=8348 patch_us=2191 byte_swap_us=6 staging_us=4282 event_submit_us=17601 event_complete_us=20770 frame_us=33933 tear_edge_observed=1 frame_reused=1 pass=1
[14:09:55] TINYDRAW_PANSEQ_FRAME zoom=400 step=21 dx=-72 dy=-54 scroll_us=13 exposed_compose_us=11678 chrome_us=2188 tear_wait_us=5389 present_us=16714 prepare_us=10536 acquire_wait_us=18 ring_copy_us=8348 patch_us=2180 byte_swap_us=8 staging_us=4322 event_submit_us=17216 event_complete_us=20395 frame_us=33925 tear_edge_observed=1 frame_reused=1 pass=1
[14:09:55] TINYDRAW_PANSEQ_FRAME zoom=400 step=22 dx=-72 dy=-54 scroll_us=13 exposed_compose_us=11686 chrome_us=2160 tear_wait_us=4986 present_us=16106 prepare_us=10547 acquire_wait_us=19 ring_copy_us=8384 patch_us=2155 byte_swap_us=8 staging_us=4293 event_submit_us=16821 event_complete_us=19980 frame_us=32924 tear_edge_observed=1 frame_reused=1 pass=1
[14:09:55] TINYDRAW_PANSEQ_FRAME zoom=400 step=23 dx=-72 dy=-54 scroll_us=13 exposed_compose_us=11364 chrome_us=2182 tear_wait_us=5914 present_us=16498 prepare_us=10523 acquire_wait_us=19 ring_copy_us=8344 patch_us=2171 byte_swap_us=8 staging_us=4352 event_submit_us=17438 event_complete_us=20637 frame_us=33925 tear_edge_observed=1 frame_reused=1 pass=1
[14:09:55] TINYDRAW_PANSEQ_STRIP zoom=400 strip=0 panel_y=0 rows=44 samples=24 staging_mean_us=1370 staging_max_us=1402 wire_budget_us=1619 over_budget_us=0 pass=1
[14:09:55] TINYDRAW_PANSEQ_STRIP zoom=400 strip=1 panel_y=44 rows=44 samples=24 staging_mean_us=1234 staging_max_us=1251 wire_budget_us=1619 over_budget_us=0 pass=1
[14:09:55] TINYDRAW_PANSEQ_STRIP zoom=400 strip=2 panel_y=88 rows=44 samples=24 staging_mean_us=1189 staging_max_us=1198 wire_budget_us=1619 over_budget_us=0 pass=1
[14:09:55] TINYDRAW_PANSEQ_STRIP zoom=400 strip=3 panel_y=132 rows=44 samples=24 staging_mean_us=1187 staging_max_us=1201 wire_budget_us=1619 over_budget_us=0 pass=1
[14:09:55] TINYDRAW_PANSEQ_STRIP zoom=400 strip=4 panel_y=176 rows=44 samples=24 staging_mean_us=1185 staging_max_us=1198 wire_budget_us=1619 over_budget_us=0 pass=1
[14:09:55] TINYDRAW_PANSEQ_STRIP zoom=400 strip=5 panel_y=220 rows=44 samples=24 staging_mean_us=1163 staging_max_us=1174 wire_budget_us=1619 over_budget_us=0 pass=1
[14:09:55] TINYDRAW_PANSEQ_STRIP zoom=400 strip=6 panel_y=264 rows=44 samples=24 staging_mean_us=1334 staging_max_us=1358 wire_budget_us=1619 over_budget_us=0 pass=1
[14:09:55] TINYDRAW_PANSEQ_STRIP zoom=400 strip=7 panel_y=308 rows=44 samples=24 staging_mean_us=1316 staging_max_us=1330 wire_budget_us=1619 over_budget_us=0 pass=1
[14:09:55] TINYDRAW_PANSEQ_STRIP zoom=400 strip=8 panel_y=352 rows=20 samples=24 staging_mean_us=591 staging_max_us=612 wire_budget_us=736 over_budget_us=0 pass=1
[14:09:55] TINYDRAW_GATE1_PANSEQ zoom=400 frames=24 scroll_avg_us=12 exposed_avg_us=6750 chrome_avg_us=2175 tear_wait_avg_us=10147 present_avg_us=16344 prepare_avg_us=10553 acquire_wait_avg_us=19 ring_copy_avg_us=8372 patch_avg_us=2172 byte_swap_avg_us=7 staging_avg_us=4314 frame_avg_us=33387 frame_p50_us=33925 frame_p95_us=33933 frame_max_us=33941 complete_p50_us=20395 complete_p95_us=20804 complete_max_us=20814 tear_edge_failures=0 presentation_experiment=boundary-top-sweep te_edge=rising requested_clock_mhz=50 effective_clock_mhz=40 chrome_bottom_redraws=0 chrome_battery_redraws=0 chrome_zoom_redraws=0 chrome_minimap_base_redraws=0 strip_samples=216 staging_mean_us=1174 staging_max_us=1402 worst_strip=8 worst_strip_y=352 worst_wire_budget_us=736 worst_headroom_us=124 staging_invariant=1 pacing_pass=1 all_reused=1 pass=1
[14:09:56] TINYDRAW_GATE1_PAN_BOUNDARY zoom=100 slow_1px_trace=1 below_delta=94 below_reused=1 at_delta=96 at_reused=1 above_delta=98 above_fallback=1 pass=1
[14:09:56] TINYDRAW_GATE1_PAN_BOUNDARY zoom=400 slow_1px_trace=1 below_delta=94 below_reused=1 at_delta=96 at_reused=1 above_delta=98 above_fallback=1 pass=1
[14:09:56] TINYDRAW_GATE1_DRAW_FILL zoom=400 revision=2930 append_us=1425 poll_gap_us=95 event_submit_us=220 event_complete_us=2136 max_compute_slice_us=5455 max_display_slice_us=15447 fill_us=217882 revision_restarted=1 pass=1
[14:09:57] TINYDRAW_GATE1_CACHE_FILL zoom=50 x=63 y=63 published=56 total_us=568960 within_cold_gate=0 complete=1
[14:09:57] TINYDRAW_GATE1_CACHE_FILL zoom=100 x=63 y=63 published=56 total_us=460961 within_cold_gate=1 complete=1
[14:09:58] TINYDRAW_GATE1_CACHE_FILL zoom=200 x=63 y=63 published=56 total_us=324960 within_cold_gate=1 complete=1
[14:09:58] TINYDRAW_GATE1_CACHE_FILL zoom=400 x=63 y=63 published=56 total_us=269960 within_cold_gate=1 complete=1
[14:09:58] TINYDRAW_GATE1_CACHE_REVISIT zoom=50 remaining=0 tile_pixels=118128 fallback_pixels=0 compose_us=15961 complete_us=20224 hit=1
[14:09:58] TINYDRAW_GATE1_CACHE_REVISIT zoom=100 remaining=0 tile_pixels=164864 fallback_pixels=0 compose_us=18362 complete_us=20812 hit=1
[14:09:58] TINYDRAW_GATE1_CACHE_REVISIT zoom=200 remaining=0 tile_pixels=164864 fallback_pixels=0 compose_us=18389 complete_us=20407 hit=1
[14:09:58] TINYDRAW_GATE1_CACHE_REVISIT zoom=400 remaining=0 tile_pixels=164608 fallback_pixels=0 compose_us=18365 complete_us=21003 hit=1
[14:09:59] TINYDRAW_GATE1_CACHE_FILL zoom=400 x=575 y=575 published=56 total_us=284962 within_cold_gate=1 complete=1
[14:09:59] TINYDRAW_GATE1_CACHE_ROUND_TRIP zoom=50 from_x=63 from_y=63 via_x=575 via_y=575 remaining=0 tile_pixels=118128 fallback_pixels=0 compose_us=15965 complete_us=20425 hit=1
[14:09:59] TINYDRAW_GATE1_CACHE_ROUND_TRIP zoom=100 from_x=63 from_y=63 via_x=575 via_y=575 remaining=0 tile_pixels=164864 fallback_pixels=0 compose_us=18358 complete_us=21002 hit=1
[14:09:59] TINYDRAW_GATE1_CACHE_ROUND_TRIP zoom=200 from_x=63 from_y=63 via_x=575 via_y=575 remaining=0 tile_pixels=164864 fallback_pixels=0 compose_us=18377 complete_us=20574 hit=1
[14:09:59] TINYDRAW_GATE1_CACHE_ROUND_TRIP zoom=400 from_x=63 from_y=63 via_x=575 via_y=575 remaining=0 tile_pixels=164608 fallback_pixels=0 compose_us=18373 complete_us=20156 hit=1
[14:09:59] TINYDRAW_GATE1_CACHE_RETENTION pass=1 slots=448 revision=2930
[14:10:00] TINYDRAW_PAPER_SWEEP zoom=100 identities=644 raw=266 uniform=378 fallback=0 slots=448 total_us=1260374 pass=1
[14:10:00] TINYDRAW_RERENDER_LEDGER_RESET site=cache_tour_start
[14:10:03] TINYDRAW_GATE1_CACHE_TOUR slots=448 stops=16 forward_steps=2161 forward_tiles=832 forward_wall_us=1280357 return_missing_tiles=0 return_steps=16 return_tiles=0 return_wall_us=5429 home_missing=0 home_fallback_pixels=0 pass=1
[14:10:03] TINYDRAW_RERENDER_LEDGER site=cache_tour renders=137 unique=137 amplification=1.000 cold=137 damage=0 evict=0 stale=0 unexplained=0
[14:10:04] TINYDRAW_GATE1_MIXED_DRAW_WARM zoom=50 fill_tiles=56 fill_us=495536 raw=42 uniform=14
[14:10:04] TINYDRAW_GATE1_MIXED_DRAW_WARM zoom=100 fill_tiles=56 fill_us=382215 raw=56 uniform=0
[14:10:04] TINYDRAW_GATE1_MIXED_DRAW_WARM zoom=200 fill_tiles=56 fill_us=297109 raw=56 uniform=0
[14:10:05] TINYDRAW_GATE1_MIXED_DRAW_WARM zoom=400 fill_tiles=42 fill_us=189915 raw=42 uniform=0
[14:10:06] TINYDRAW_GATE1_MIXED_DRAW zoom=25 tool=pen chunks=50 append_max_us=158 append_avg_us=75 append_total_us=3790 affected_tiles=391 published=207 fallback=184 visible_fallback=0 drop_uni_slot=0 drop_uni_paint=0 drop_raw_edit=0 drop_raw_paint=0 off_skip=184 drain_ops=50 drain_total_us=911090 drain_max_us=31129 ph_prepare_max_us=144 ph_overview_max_us=8973 ph_enumerate_max_us=593 ph_uniform_max_us=5241 ph_raw_max_us=15 ph_offscreen_max_us=17772 ph_commit_max_us=4076 committed=1 authority=1 refresh=1 run_ok=1 pass=1
[14:10:07] TINYDRAW_GATE1_MIXED_DRAW zoom=25 tool=eraser chunks=50 append_max_us=156 append_avg_us=75 append_total_us=3792 affected_tiles=142 published=141 fallback=1 visible_fallback=0 drop_uni_slot=0 drop_uni_paint=0 drop_raw_edit=0 drop_raw_paint=0 off_skip=1 drain_ops=50 drain_total_us=815100 drain_max_us=28953 ph_prepare_max_us=136 ph_overview_max_us=9078 ph_enumerate_max_us=522 ph_uniform_max_us=27 ph_raw_max_us=14 ph_offscreen_max_us=16302 ph_commit_max_us=4014 committed=1 authority=1 refresh=1 run_ok=1 pass=1
[14:10:09] TINYDRAW_GATE1_MIXED_DRAW zoom=50 tool=pen chunks=50 append_max_us=172 append_avg_us=74 append_total_us=3734 affected_tiles=690 published=548 fallback=142 visible_fallback=0 drop_uni_slot=0 drop_uni_paint=0 drop_raw_edit=0 drop_raw_paint=0 off_skip=142 drain_ops=50 drain_total_us=1021284 drain_max_us=37681 ph_prepare_max_us=151 ph_overview_max_us=3812 ph_enumerate_max_us=599 ph_uniform_max_us=20698 ph_raw_max_us=11991 ph_offscreen_max_us=13366 ph_commit_max_us=1731 committed=1 authority=1 refresh=1 run_ok=1 pass=1
[14:10:10] TINYDRAW_GATE1_MIXED_DRAW zoom=50 tool=eraser chunks=50 append_max_us=168 append_avg_us=75 append_total_us=3780 affected_tiles=466 published=466 fallback=0 visible_fallback=0 drop_uni_slot=0 drop_uni_paint=0 drop_raw_edit=0 drop_raw_paint=0 off_skip=0 drain_ops=50 drain_total_us=886990 drain_max_us=26725 ph_prepare_max_us=148 ph_overview_max_us=3748 ph_enumerate_max_us=614 ph_uniform_max_us=31 ph_raw_max_us=12035 ph_offscreen_max_us=12073 ph_commit_max_us=1636 committed=1 authority=1 refresh=1 run_ok=1 pass=1
[14:10:13] TINYDRAW_GATE1_MIXED_DRAW zoom=100 tool=pen chunks=50 append_max_us=159 append_avg_us=75 append_total_us=3759 affected_tiles=739 published=645 fallback=94 visible_fallback=0 drop_uni_slot=0 drop_uni_paint=0 drop_raw_edit=0 drop_raw_paint=0 off_skip=94 drain_ops=50 drain_total_us=1012726 drain_max_us=33386 ph_prepare_max_us=131 ph_overview_max_us=1905 ph_enumerate_max_us=552 ph_uniform_max_us=22278 ph_raw_max_us=11864 ph_offscreen_max_us=15060 ph_commit_max_us=1064 committed=1 authority=1 refresh=1 run_ok=1 pass=1
[14:10:14] TINYDRAW_GATE1_MIXED_DRAW zoom=100 tool=eraser chunks=50 append_max_us=143 append_avg_us=74 append_total_us=3720 affected_tiles=541 published=541 fallback=0 visible_fallback=0 drop_uni_slot=0 drop_uni_paint=0 drop_raw_edit=0 drop_raw_paint=0 off_skip=0 drain_ops=50 drain_total_us=856427 drain_max_us=25432 ph_prepare_max_us=126 ph_overview_max_us=1907 ph_enumerate_max_us=591 ph_uniform_max_us=35 ph_raw_max_us=11997 ph_offscreen_max_us=12515 ph_commit_max_us=993 committed=1 authority=1 refresh=1 run_ok=1 pass=1
[14:10:16] TINYDRAW_GATE1_MIXED_DRAW zoom=200 tool=pen chunks=50 append_max_us=178 append_avg_us=76 append_total_us=3834 affected_tiles=724 published=692 fallback=32 visible_fallback=0 drop_uni_slot=0 drop_uni_paint=0 drop_raw_edit=0 drop_raw_paint=0 off_skip=32 drain_ops=50 drain_total_us=1028772 drain_max_us=27957 ph_prepare_max_us=155 ph_overview_max_us=1087 ph_enumerate_max_us=562 ph_uniform_max_us=12083 ph_raw_max_us=12022 ph_offscreen_max_us=15383 ph_commit_max_us=892 committed=1 authority=1 refresh=1 run_ok=1 pass=1
[14:10:17] TINYDRAW_GATE1_MIXED_DRAW zoom=200 tool=eraser chunks=50 append_max_us=154 append_avg_us=77 append_total_us=3855 affected_tiles=649 published=648 fallback=1 visible_fallback=0 drop_uni_slot=0 drop_uni_paint=0 drop_raw_edit=0 drop_raw_paint=0 off_skip=1 drain_ops=50 drain_total_us=966610 drain_max_us=26837 ph_prepare_max_us=135 ph_overview_max_us=1072 ph_enumerate_max_us=581 ph_uniform_max_us=27 ph_raw_max_us=12060 ph_offscreen_max_us=15896 ph_commit_max_us=863 committed=1 authority=1 refresh=1 run_ok=1 pass=1
[14:10:19] TINYDRAW_GATE1_MIXED_DRAW zoom=400 tool=pen chunks=50 append_max_us=169 append_avg_us=79 append_total_us=3994 affected_tiles=743 published=743 fallback=0 visible_fallback=0 drop_uni_slot=0 drop_uni_paint=0 drop_raw_edit=0 drop_raw_paint=0 off_skip=0 drain_ops=50 drain_total_us=1003171 drain_max_us=23816 ph_prepare_max_us=150 ph_overview_max_us=726 ph_enumerate_max_us=704 ph_uniform_max_us=4078 ph_raw_max_us=11979 ph_offscreen_max_us=10032 ph_commit_max_us=817 committed=1 authority=1 refresh=1 run_ok=1 pass=1
[14:10:20] TINYDRAW_GATE1_MIXED_DRAW zoom=400 tool=eraser chunks=50 append_max_us=148 append_avg_us=71 append_total_us=3554 affected_tiles=746 published=746 fallback=0 visible_fallback=0 drop_uni_slot=0 drop_uni_paint=0 drop_raw_edit=0 drop_raw_paint=0 off_skip=0 drain_ops=50 drain_total_us=999344 drain_max_us=23701 ph_prepare_max_us=127 ph_overview_max_us=761 ph_enumerate_max_us=732 ph_uniform_max_us=34 ph_raw_max_us=11963 ph_offscreen_max_us=9930 ph_commit_max_us=759 committed=1 authority=1 refresh=1 run_ok=1 pass=1
[14:10:20] TINYDRAW_GATE1_MIXED_DRAW_REVISIT zoom=50 missing=0 refill_tiles=0 refill_us=330
[14:10:20] TINYDRAW_GATE1_MIXED_DRAW_REVISIT zoom=100 missing=0 refill_tiles=0 refill_us=331
[14:10:20] TINYDRAW_GATE1_MIXED_DRAW_REVISIT zoom=200 missing=0 refill_tiles=0 refill_us=330
[14:10:20] TINYDRAW_GATE1_MIXED_DRAW_REVISIT zoom=400 missing=0 refill_tiles=0 refill_us=266
[14:10:20] TINYDRAW_GATE1_MIXED_DRAW_SUMMARY slots=448 strokes=10 worst_append_us=178 pass=1
[14:10:26] TINYDRAW_GATE1_IDLE_REPAIR damaged=588 remaining=0 plan_views=24 steps=4382 repair_us=3675848 worst_step_us=5330 warm_tiles=56 pass=1
[14:10:27] TINYDRAW_INKTRACE trace=fast-curve-dense-25 zoom=25 events=411 consumed=389 coalesced=22 down=1/1 up=1/1 max_time_gap_us=4078 max_space_gap_px=55.33 e2c_p50=504 e2c_p95=912 e2c_max=1581 e2g_p95=787 e2s_p95=2613 e2d_p50=2348 e2d_p95=3671 e2d_max=3923 latency_samples=33 presentation_failures=0 commit_failures=0 overflows=0 revision=3482 fb_tiles=0 fb_start=0 fb_mid_max=0 fb_up_max=0 fb_end=0 drop_uni_slot=0 drop_uni_paint=0 drop_raw_edit=0 drop_raw_paint=0 off_skip=62 drain_ops=2 drain_max_us=36964 latency_pass=1 pass=1
[14:10:27] TINYDRAW_INKTRACE trace=fast-curve-400 zoom=400 events=414 consumed=366 coalesced=48 down=1/1 up=1/1 max_time_gap_us=4412 max_space_gap_px=65.51 e2c_p50=504 e2c_p95=1024 e2c_max=1993 e2g_p95=786 e2s_p95=2787 e2d_p50=2485 e2d_p95=4340 e2d_max=4375 latency_samples=33 presentation_failures=0 commit_failures=0 overflows=0 revision=3484 fb_tiles=42 fb_start=30 fb_mid_max=30 fb_up_max=30 fb_end=30 drop_uni_slot=0 drop_uni_paint=0 drop_raw_edit=0 drop_raw_paint=0 off_skip=0 drain_ops=2 drain_max_us=10838 latency_pass=1 pass=1
[14:10:30] TINYDRAW_INKTRACE trace=fast-curve-400-xl zoom=400 events=2296 consumed=1946 coalesced=350 down=1/1 up=1/1 max_time_gap_us=6077 max_space_gap_px=47.85 e2c_p50=504 e2c_p95=504 e2c_max=1762 e2g_p95=791 e2s_p95=2968 e2d_p50=3320 e2d_p95=4605 e2d_max=5584 latency_samples=172 presentation_failures=0 commit_failures=0 overflows=0 revision=3490 fb_tiles=42 fb_start=30 fb_mid_max=30 fb_up_max=30 fb_end=30 drop_uni_slot=0 drop_uni_paint=0 drop_raw_edit=0 drop_raw_paint=0 off_skip=0 drain_ops=6 drain_max_us=15211 latency_pass=1 pass=1
[14:10:31] TINYDRAW_INKTRACE trace=slow-precise-100 zoom=100 events=741 consumed=717 coalesced=24 down=1/1 up=1/1 max_time_gap_us=2999 max_space_gap_px=13.45 e2c_p50=504 e2c_p95=1036 e2c_max=1920 e2g_p95=789 e2s_p95=1841 e2d_p50=1976 e2d_p95=2348 e2d_max=2383 latency_samples=53 presentation_failures=0 commit_failures=0 overflows=0 revision=3492 fb_tiles=42 fb_start=20 fb_mid_max=20 fb_up_max=20 fb_end=20 drop_uni_slot=0 drop_uni_paint=0 drop_raw_edit=0 drop_raw_paint=0 off_skip=0 drain_ops=2 drain_max_us=13324 latency_pass=1 pass=1
[14:10:34] TINYDRAW_INKTRACE trace=scribble-multistroke zoom=100 events=848 consumed=729 coalesced=119 down=7/7 up=7/7 max_time_gap_us=7079 max_space_gap_px=109.46 e2c_p50=504 e2c_p95=582 e2c_max=2035 e2g_p95=787 e2s_p95=3384 e2d_p50=3339 e2d_p95=5888 e2d_max=7169 latency_samples=55 presentation_failures=0 commit_failures=0 overflows=0 revision=3499 fb_tiles=42 fb_start=20 fb_mid_max=20 fb_up_max=20 fb_end=20 drop_uni_slot=0 drop_uni_paint=0 drop_raw_edit=0 drop_raw_paint=0 off_skip=0 drain_ops=7 drain_max_us=18355 latency_pass=1 pass=1
[14:10:35] TINYDRAW_HAIRLINE_DOC ops=782 samples=8061 append_total_us=1061051 append_max_us=7165
[14:10:35] TINYDRAW_GATE1_PACED_COLD corpus=evil_hairlines_capacity zoom=100 x=552 y=672 steps=239 tiles=56 compute_us=219442 present_us=76446 touch_us=548 pacing_us=6539 wall_us=302975 maximum_wall_us=500000 max_tick_us=8987 touch_samples=46640 touch_interval_max_us=2161 touch_read_max_us=643 touch_events=0 touch_down=0 touch_up=0 touch_events_ge_8ms=0 touch_event_age_max_us=0 touch_errors=0 touch_overflows=0 pass=1
[14:10:35] TINYDRAW_GATE1_PACED_COLD corpus=evil_hairlines_capacity zoom=400 x=2760 y=3360 steps=212 tiles=48 compute_us=126932 present_us=74216 touch_us=421 pacing_us=4412 wall_us=205981 maximum_wall_us=500000 max_tick_us=9007 touch_samples=272 touch_interval_max_us=1883 touch_read_max_us=506 touch_events=0 touch_down=0 touch_up=0 touch_events_ge_8ms=0 touch_event_age_max_us=0 touch_errors=0 touch_overflows=0 pass=1
[14:10:38] TINYDRAW_HAIRLINE_REPAIR steps=2353 wall_us=2048115 worst_step_us=5294 resident=406/448 grid_stopped=1 pass2_steps=8 pass2_wall_us=2143 no_churn=1
[14:10:39] TINYDRAW_HAIRLINE_TOUR stops=8 total_us=842613 worst_stop_us=175585 worst_step_us=6357
[14:10:39] TINYDRAW_GATE1_HAIRLINE raw=339 uniform=73 fallback=232 capacity=448 worst_step_us=6357 grid_stopped=1 pass=1
[14:10:41] TINYDRAW_GATE1_LONG_GESTURE path=reference samples=1600 chunks=26 append_total_us=930768 append_max_us=43974 append_avg_us=35798 refresh_fallback_pixels=0 settled_fallback_pixels=0 committed=1 authority=1 refresh=1 run_ok=1
[14:10:41] TINYDRAW_GATE1_LONG_GESTURE path=in_place samples=1600 chunks=52 append_total_us=592664 append_max_us=13906 append_avg_us=11397 refresh_fallback_pixels=0 settled_fallback_pixels=0 committed=1 authority=1 refresh=1 run_ok=1
[14:10:42] TINYDRAW_GATE1_EXPORT format=svg encoded=1 bytes=155150 elapsed_us=967784 workspace_bytes=4096 operations=52 sink_calls=152 flash_pages=38 crc32=b3ad618d free_psram=1818884 free_internal=116008 prolog=1 dimensions=1 terminator=1 crc_ok=1 paths=1 path_only=1 pass=1
[14:10:42] TINYDRAW_EXPORT_RESERVE requested=1572864 free_before=1818884 largest_before=1802240 free_held=246016 largest_held=245760 pass=1
[14:10:42] TINYDRAW_RERENDER_LEDGER site=final renders=0 unique=0 amplification=0.000 cold=0 damage=0 evict=0 stale=0 unexplained=0
[14:10:42] TINYDRAW_GATE1_AUTOMATED_DONE minimap_navigation=1 zoom_cycle_return=1 zoom_overlay_pan=1 color_dialog=1 stress=1 stress_100=1 stress_400=1 overlap_ready=1 overlap_cold=0 general_cold_ready=1 general_cold=1 workload=1 paced_cold=1 hard_100=1 hard_400=1 pan_100=1 pan_400=1 pan_seq=1 pan_boundary=1 live_overlay=1 draw_fill=1 cache=1 full_world_cache=1 cache_tour=1 mixed_draw=1 idle_repair=1 ink_trace=1 hairline_capacity=1 long_gesture=1 export_encode=1 export_reserve=1 return=1 ssaa_receipt=yellow
[14:10:42] TINYDRAW_VECTOR_V2_GATE_HARNESS_DONE pass=0
[14:10:42] TINYDRAW_VECTOR_V2_READY zoom=25 controls=chrome button=cycle_all_zooms operations_capacity=4000 samples_capacity=80000 live_storage_bytes=6383640 overview_bytes=1318912 raw_tile_bytes=3670016 tile_metadata_bytes=101360 operation_bytes=720000 live_scratch_bytes=573352 free_psram=1818884 largest_psram=1802240 te_edges=3741 te_period_us=16804 te_high_us=579 te_level=1 main_stack_free=1656
[14:10:44] TINYDRAW_LIVE_SETTLE zoom=25 tiles=42 total_us=150635 max_tile_us=75313 failures=0
