[12:22:01] I (103) esp_image: segment 0: paddr=00010020 vaddr=3c050020 sizeESP-ROM:esp32s3-20210327
[12:22:01] Build:Mar 27 2021
[12:22:01] rst:0x15 (USB_UART_CHIP_RESET),boot:0x2b (SPI_FAST_FLASH_BOOT)
[12:22:01] Saved PC:0x4200870f
[12:22:01] SPIWP:0xee
[12:22:01] mode:DIO, clock div:1
[12:22:01] load:0x3fce2820,len:0x1664
[12:22:01] load:0x403c8700,len:0xf38
[12:22:01] load:0x403cb700,len:0x31e8
[12:22:01] entry 0x403c8930
[12:22:01] I (24) boot: ESP-IDF v6.0.2 2nd stage bootloader
[12:22:01] I (24) boot: compile time Aug 16 2026 12:21:44
[12:22:01] I (25) boot: Multicore bootloader
[12:22:01] I (25) boot: chip revision: v0.2
[12:22:01] I (28) boot: efuse block revision: v1.3
[12:22:01] I (31) qio_mode: Enabling default flash chip QIO
[12:22:01] I (36) boot.esp32s3: Boot SPI Speed : 80MHz
[12:22:01] I (39) boot.esp32s3: SPI Mode       : QIO
[12:22:01] I (43) boot.esp32s3: SPI Flash Size : 16MB
[12:22:01] I (47) boot: Enabling RNG early entropy source...
[12:22:01] I (51) boot: Partition Table:
[12:22:01] I (54) boot: ## Label            Usage          Type ST Offset   Length
[12:22:01] I (60) boot:  0 nvs              WiFi data        01 02 00009000 00006000
[12:22:01] I (67) boot:  1 phy_init         RF data          01 01 0000f000 00001000
[12:22:01] I (73) boot:  2 factory          factory app      00 00 00010000 00100000
[12:22:01] I (80) boot:  3 drawing          Unknown data     01 40 00110000 00300000
[12:22:01] I (86) boot:  4 export           Unknown data     01 41 00410000 00500000
[12:22:01] I (93) boot:  5 coredump         Unknown data     01 03 00910000 00010000
[12:22:01] I (100) boot: End of partition table
[12:22:01] I (103) esp_image: segment 0: paddr=00010020 vaddr=3c050020 size=1491ch ( 84252) map
[12:22:01] I (123) esp_image: segment 1: paddr=00024944 vaddr=3fc94500 size=03764h ( 14180) load
[12:22:01] I (126) esp_image: segment 2: paddr=000280b0 vaddr=40374000 size=07f68h ( 32616) load
[12:22:01] I (134) esp_image: segment 3: paddr=00030020 vaddr=42000020 size=4b1fch (307708) map
[12:22:01] I (182) esp_image: segment 4: paddr=0007b224 vaddr=4037bf68 size=08558h ( 34136) load
[12:22:01] I (190) esp_image: segment 5: paddr=00083784 vaddr=50000000 size=00024h (    36) load
[12:22:01] I (197) boot: Loaded app from partition at offset 0x10000
[12:22:01] I (197) boot: Disabling RNG early entropy source...
[12:22:01] I (208) octal_psram: vendor id    : 0x0d (AP)
[12:22:01] I (208) octal_psram: dev id       : 0x02 (generation 3)
[12:22:01] I (208) octal_psram: density      : 0x03 (64 Mbit)
[12:22:01] I (210) octal_psram: good-die     : 0x01 (Pass)
[12:22:01] I (214) octal_psram: Latency      : 0x01 (Fixed)
[12:22:01] I (219) octal_psram: VCC          : 0x01 (3V)
[12:22:01] I (223) octal_psram: SRF          : 0x01 (Fast Refresh)
[12:22:01] I (228) octal_psram: BurstType    : 0x01 (Hybrid Wrap)
[12:22:01] I (232) octal_psram: BurstLen     : 0x01 (32 Byte)
[12:22:01] I (237) octal_psram: Readlatency  : 0x02 (10 cycles@Fixed)
[12:22:01] I (242) octal_psram: DriveStrength: 0x00 (1/1)
[12:22:01] I (246) MSPI Timing: Enter psram timing tuning
[12:22:01] I (251) esp_psram: Found 8MB PSRAM device
[12:22:01] I (254) esp_psram: Speed: 80MHz
[12:22:01] I (257) cpu_start: Multicore app
[12:22:01] I (673) esp_psram: SPI SRAM memory test OK
[12:22:01] I (681) cpu_start: GPIO 44 and 43 are used as console UART I/O pins
[12:22:01] I (682) cpu_start: Pro cpu start user code
[12:22:01] I (682) cpu_start: cpu freq: 240000000 Hz
[12:22:01] I (684) app_init: Application information:
[12:22:01] I (688) app_init: Project name:     tinydraw_esp32
[12:22:01] I (692) app_init: App version:      a560d20-dirty
[12:22:01] I (696) app_init: Compile time:     Aug 16 2026 12:21:37
[12:22:01] I (701) app_init: ELF file SHA256:  67d3a2d26...
[12:22:01] I (706) app_init: ESP-IDF:          v6.0.2
[12:22:01] I (710) efuse_init: Min chip rev:     v0.0
[12:22:01] I (713) efuse_init: Max chip rev:     v0.99 
[12:22:01] I (717) efuse_init: Chip rev:         v0.2
[12:22:01] I (721) heap_init: Initializing. RAM available for dynamic allocation:
[12:22:01] I (728) heap_init: At 3FC99090 len 00050680 (321 KiB): RAM
[12:22:01] I (733) heap_init: At 3FCE9710 len 00005724 (21 KiB): RAM
[12:22:01] I (738) heap_init: At 3FCF0000 len 00008000 (32 KiB): DRAM
[12:22:01] I (743) heap_init: At 600FE000 len 00001FE8 (7 KiB): RTCRAM
[12:22:01] I (749) esp_psram: Adding pool of 8192K of PSRAM memory to heap allocator
[12:22:01] I (755) spi_flash: detected chip: generic
[12:22:01] I (759) spi_flash: flash io: qio
[12:22:01] I (762) sleep_gpio: Configure to isolate all GPIO pins in sleep state
[12:22:01] I (768) sleep_gpio: Enable automatic switching of GPIO sleep configuration
[12:22:01] I (775) main_task: Started on CPU0
[12:22:01] I (778) main_task: Calling app_main()
[12:22:01] TINYDRAW_PRODUCER_SCRATCH supertask_internal=1 packed_internal=1 free_internal=319136 free_psram=1921932
[12:22:01] TINYDRAW_PANEL_HARD_RESET=1
[12:22:01] TINYDRAW_PANEL_TRANSPORT requested_clock_mhz=50 effective_clock_mhz=40
[12:22:01] I (983) co5300: version: 2.1.0
[12:22:01] I (983) co5300_spi: LCD panel create success, version: 2.1.0
[12:22:01] W (1068) co5300_spi: The 3Ah command has been used and will be overwritten by external initialization sequence
[12:22:01] I (1169) CST816S: IC id: 183
[12:22:01] TINYDRAW_VECTOR_V2_PRESENTATION experiment=boundary-top-sweep te_edge=rising requested_clock_mhz=50 effective_clock_mhz=40 optical_acceptance=external_manual
[12:22:02] TINYDRAW_LIVE_PRESENT kind=startup zoom=25 x=0 y=0 compose_us=26067 scroll_us=0 exposed_compose_us=0 chrome_us=16985 chrome_prepare_us=11877 chrome_stage_us=5108 read_submit_us=0 read_complete_us=0 transfer_wait_us=21104 tile_pixels=0 uniform_pixels=0 overview_pixels=164864 fallback_pixels=0 resident_tiles=0 fallback_tiles=0 pushes=11 tear_wait_us=409 tear_edge_isr_to_resume_us=29 tear_edge_observed=1 tear_edge_wait_resumed=1 tear_edge_timeout=0 tear_heal_attempted=0 tear_heal_command_sent=0 presentation_experiment=boundary-top-sweep te_edge=rising requested_clock_mhz=50 effective_clock_mhz=40 frame_reused=0 pass=1
[12:22:02] TINYDRAW_LIVE_STRESS operations=1000 samples=20000 total_us=695157 average_us=695 maximum_us=961 free_psram=1920344 largest_psram=1900544
[12:22:03] TINYDRAW_LIVE_PRESENT kind=gate_fallback zoom=100 x=0 y=0 compose_us=16439 scroll_us=0 exposed_compose_us=0 chrome_us=11128 chrome_prepare_us=6676 chrome_stage_us=4452 read_submit_us=28506 read_complete_us=31947 transfer_wait_us=20624 tile_pixels=0 uniform_pixels=0 overview_pixels=0 fallback_pixels=164864 resident_tiles=0 fallback_tiles=42 pushes=11 tear_wait_us=5266 tear_edge_isr_to_resume_us=14 tear_edge_observed=1 tear_edge_wait_resumed=1 tear_edge_timeout=0 tear_heal_attempted=0 tear_heal_command_sent=0 presentation_experiment=boundary-top-sweep te_edge=rising requested_clock_mhz=50 effective_clock_mhz=40 frame_reused=0 pass=1
[12:22:03] TINYDRAW_GATE1_HARD zoom=100 cold=1 operations=1000 samples=20000 steps=196 tiles=42 scanned=12000 rendered=3168 max_supertask_us=8702 presentation_us=73179 total_us=304964 maximum_wall_us=500000 pass=1
[12:22:03] TINYDRAW_LIVE_PRESENT kind=gate_fallback zoom=400 x=0 y=0 compose_us=15993 scroll_us=0 exposed_compose_us=0 chrome_us=6556 chrome_prepare_us=2287 chrome_stage_us=4269 read_submit_us=24356 read_complete_us=27994 transfer_wait_us=20346 tile_pixels=0 uniform_pixels=0 overview_pixels=0 fallback_pixels=164864 resident_tiles=0 fallback_tiles=42 pushes=11 tear_wait_us=5951 tear_edge_isr_to_resume_us=14 tear_edge_observed=1 tear_edge_wait_resumed=1 tear_edge_timeout=0 tear_heal_attempted=0 tear_heal_command_sent=0 presentation_experiment=boundary-top-sweep te_edge=rising requested_clock_mhz=50 effective_clock_mhz=40 frame_reused=0 pass=1
[12:22:03] TINYDRAW_GATE1_HARD zoom=400 cold=1 operations=1000 samples=20000 steps=200 tiles=42 scanned=12000 rendered=222 max_supertask_us=6841 presentation_us=70055 total_us=203792 maximum_wall_us=500000 pass=1
[12:22:04] TINYDRAW_OVERLAP_WORKLOAD operations=8 samples=1200 radius_world=80
[12:22:04] TINYDRAW_GATE1_PACED_COLD corpus=overlap zoom=50 x=215 y=255 steps=650 tiles=56 compute_us=544876 present_us=87571 touch_us=862 pacing_us=13644 wall_us=646953 maximum_wall_us=500000 max_tick_us=10019 touch_samples=2821 touch_interval_max_us=1984 touch_read_max_us=611 touch_events=0 touch_down=0 touch_up=0 touch_events_ge_8ms=0 touch_event_age_max_us=0 touch_errors=0 touch_overflows=0 pass=0
[12:22:05] TINYDRAW_GATE1_PACED_COLD corpus=overlap zoom=100 x=583 y=703 steps=319 tiles=48 compute_us=306850 present_us=87052 touch_us=559 pacing_us=8517 wall_us=402978 maximum_wall_us=500000 max_tick_us=10697 touch_samples=479 touch_interval_max_us=1169 touch_read_max_us=459 touch_events=0 touch_down=0 touch_up=0 touch_events_ge_8ms=0 touch_event_age_max_us=0 touch_errors=0 touch_overflows=0 pass=1
[12:22:05] TINYDRAW_GATE1_PACED_COLD corpus=overlap zoom=200 x=1319 y=1599 steps=231 tiles=56 compute_us=276678 present_us=84380 touch_us=516 pacing_us=7401 wall_us=368975 maximum_wall_us=500000 max_tick_us=10019 touch_samples=435 touch_interval_max_us=1822 touch_read_max_us=504 touch_events=0 touch_down=0 touch_up=0 touch_events_ge_8ms=0 touch_event_age_max_us=0 touch_errors=0 touch_overflows=0 pass=1
[12:22:06] TINYDRAW_GATE1_PACED_COLD corpus=overlap zoom=400 x=2791 y=3391 steps=160 tiles=56 compute_us=236911 present_us=83018 touch_us=438 pacing_us=6609 wall_us=326976 maximum_wall_us=500000 max_tick_us=9583 touch_samples=394 touch_interval_max_us=1921 touch_read_max_us=489 touch_events=0 touch_down=0 touch_up=0 touch_events_ge_8ms=0 touch_event_age_max_us=0 touch_errors=0 touch_overflows=0 pass=1
[12:22:06] TINYDRAW_ADVERSARIAL_TAPERED_WORKLOAD operations=128 samples=4096 erasers=12 load_us=190126 appended=1
[12:22:07] TINYDRAW_GENERAL_COLD_WORKLOAD operations=910 samples=12157 hairline_operations=782 hairline_samples=8061 hairline_load_us=1058777 appended=1
[12:22:07] TINYDRAW_GATE1_PACED_COLD corpus=adversarial_tapered_4x+evil_hairlines zoom=50 x=0 y=0 steps=417 tiles=42 compute_us=450805 present_us=71210 touch_us=767 pacing_us=10841 wall_us=533623 maximum_wall_us=500000 max_tick_us=8958 touch_samples=1837 touch_interval_max_us=2017 touch_read_max_us=529 touch_events=0 touch_down=0 touch_up=0 touch_events_ge_8ms=0 touch_event_age_max_us=0 touch_errors=0 touch_overflows=0 pass=0
[12:22:08] TINYDRAW_GATE1_PACED_COLD corpus=adversarial_tapered_4x+evil_hairlines zoom=100 x=0 y=0 steps=814 tiles=42 compute_us=528751 present_us=70231 touch_us=809 pacing_us=12065 wall_us=611856 maximum_wall_us=500000 max_tick_us=8353 touch_samples=684 touch_interval_max_us=1169 touch_read_max_us=463 touch_events=0 touch_down=0 touch_up=0 touch_events_ge_8ms=0 touch_event_age_max_us=0 touch_errors=0 touch_overflows=0 pass=0
[12:22:09] TINYDRAW_GATE1_PACED_COLD corpus=adversarial_tapered_4x+evil_hairlines zoom=200 x=0 y=0 steps=1442 tiles=42 compute_us=708397 present_us=67622 touch_us=1094 pacing_us=21869 wall_us=798982 maximum_wall_us=500000 max_tick_us=7956 touch_samples=875 touch_interval_max_us=1156 touch_read_max_us=463 touch_events=0 touch_down=0 touch_up=0 touch_events_ge_8ms=0 touch_event_age_max_us=0 touch_errors=0 touch_overflows=0 pass=0
[12:22:10] TINYDRAW_GATE1_PACED_COLD corpus=adversarial_tapered_4x+evil_hairlines zoom=400 x=0 y=0 steps=1184 tiles=42 compute_us=698911 present_us=67387 touch_us=1043 pacing_us=18774 wall_us=786115 maximum_wall_us=500000 max_tick_us=8627 touch_samples=861 touch_interval_max_us=1165 touch_read_max_us=450 touch_events=0 touch_down=0 touch_up=0 touch_events_ge_8ms=0 touch_event_age_max_us=0 touch_errors=0 touch_overflows=0 pass=0
[12:22:10] TINYDRAW_GATE1_WORKLOAD kind=realistic seed=7 operations=1000 samples=19844 maximum_stroke=198 load_us=521324 raw_source=1 lod_copies=0
[12:22:11] TINYDRAW_GATE1_PACED_COLD corpus=seed7 zoom=400 x=63 y=63 steps=326 tiles=56 compute_us=280486 present_us=88154 touch_us=506 pacing_us=6832 wall_us=375978 maximum_wall_us=500000 max_tick_us=10599 touch_samples=1083 touch_interval_max_us=1895 touch_read_max_us=506 touch_events=0 touch_down=0 touch_up=0 touch_events_ge_8ms=0 touch_event_age_max_us=0 touch_errors=0 touch_overflows=0 pass=1
[12:22:11] TINYDRAW_LIVE_PRESENT kind=gate_fallback zoom=100 x=0 y=0 compose_us=17027 scroll_us=0 exposed_compose_us=0 chrome_us=6694 chrome_prepare_us=2258 chrome_stage_us=4436 read_submit_us=34533 read_complete_us=38199 transfer_wait_us=20401 tile_pixels=0 uniform_pixels=0 overview_pixels=0 fallback_pixels=164864 resident_tiles=0 fallback_tiles=42 pushes=11 tear_wait_us=15119 tear_edge_isr_to_resume_us=14 tear_edge_observed=1 tear_edge_wait_resumed=1 tear_edge_timeout=0 tear_heal_attempted=0 tear_heal_command_sent=0 presentation_experiment=boundary-top-sweep te_edge=rising requested_clock_mhz=50 effective_clock_mhz=40 frame_reused=0 pass=1
[12:22:11] TINYDRAW_GATE1_HARD zoom=100 cold=1 operations=1000 samples=19844 steps=387 tiles=42 scanned=12000 rendered=9976 max_supertask_us=7022 presentation_us=71842 total_us=442719 maximum_wall_us=500000 pass=1
[12:22:12] TINYDRAW_GATE1_OVERLAY_CANVAS regions=zoom,minimap,toolbar,battery operations=4 presentation_mutations=0 authority=1 pass=1
[12:22:12] TINYDRAW_GATE1_LIVE_OVERLAY clear_updates=48 clear_wall_max_us=3939 clear_submit_max_us=2178 clear_complete_max_us=3114 overlay_updates=48 overlay_wall_max_us=3914 overlay_submit_max_us=2098 overlay_complete_max_us=3233 overlay_chrome_max_us=236 clear_failures=0 overlay_failures=0 pass=1
[12:22:12] TINYDRAW_EDGE_INK corners=4 edge_failures=0 pass=1
[12:22:13] TINYDRAW_GATE1_PAN zoom=100 from_x=0 from_y=0 to_x=88 to_y=88 compose_us=16202 scroll_us=12 exposed_compose_us=16190 chrome_us=2389 event_submit_us=30102 event_complete_us=33398 transfer_us=16905 setup=1 present=1 moved=1 frame_reused=1 pass=1
[12:22:13] TINYDRAW_LIVE_PRESENT kind=gate_fallback zoom=400 x=0 y=0 compose_us=16068 scroll_us=0 exposed_compose_us=0 chrome_us=6507 chrome_prepare_us=2261 chrome_stage_us=4246 read_submit_us=22988 read_complete_us=26671 transfer_wait_us=20445 tile_pixels=0 uniform_pixels=0 overview_pixels=0 fallback_pixels=164864 resident_tiles=0 fallback_tiles=42 pushes=11 tear_wait_us=4520 tear_edge_isr_to_resume_us=16 tear_edge_observed=1 tear_edge_wait_resumed=1 tear_edge_timeout=0 tear_heal_attempted=0 tear_heal_command_sent=0 presentation_experiment=boundary-top-sweep te_edge=rising requested_clock_mhz=50 effective_clock_mhz=40 frame_reused=0 pass=1
[12:22:13] TINYDRAW_GATE1_HARD zoom=400 cold=1 operations=1008 samples=19852 steps=249 tiles=42 scanned=12096 rendered=1034 max_supertask_us=9545 presentation_us=71385 total_us=275247 maximum_wall_us=500000 pass=1
[12:22:13] TINYDRAW_GATE1_PAN zoom=400 from_x=0 from_y=0 to_x=88 to_y=88 compose_us=16188 scroll_us=11 exposed_compose_us=16177 chrome_us=2234 event_submit_us=30196 event_complete_us=33496 transfer_us=16826 setup=1 present=1 moved=1 frame_reused=1 pass=1
[12:22:18] TINYDRAW_PANSEQ_FRAME zoom=100 step=0 dx=24 dy=18 scroll_us=12 exposed_compose_us=4938 chrome_us=2404 tear_wait_us=7751 present_us=16146 prepare_us=11253 acquire_wait_us=23 ring_copy_us=8799 patch_us=2429 byte_swap_us=25 staging_us=3743 event_submit_us=12828 event_complete_us=16125 frame_us=28970 tear_edge_observed=1 frame_reused=1 pass=1
[12:22:18] TINYDRAW_PANSEQ_FRAME zoom=100 step=1 dx=24 dy=18 scroll_us=10 exposed_compose_us=4913 chrome_us=2443 tear_wait_us=12352 present_us=16532 prepare_us=11075 acquire_wait_us=21 ring_copy_us=8592 patch_us=2462 byte_swap_us=21 staging_us=3894 event_submit_us=17401 event_complete_us=20673 frame_us=33920 tear_edge_observed=1 frame_reused=1 pass=1
[12:22:18] TINYDRAW_PANSEQ_FRAME zoom=100 step=2 dx=24 dy=18 scroll_us=13 exposed_compose_us=4561 chrome_us=2418 tear_wait_us=12316 present_us=16918 prepare_us=11178 acquire_wait_us=25 ring_copy_us=8718 patch_us=2431 byte_swap_us=29 staging_us=3796 event_submit_us=17013 event_complete_us=20280 frame_us=33931 tear_edge_observed=1 frame_reused=1 pass=1
[12:22:18] TINYDRAW_PANSEQ_FRAME zoom=100 step=3 dx=24 dy=18 scroll_us=10 exposed_compose_us=5097 chrome_us=2420 tear_wait_us=11397 present_us=16302 prepare_us=11227 acquire_wait_us=25 ring_copy_us=8754 patch_us=2444 byte_swap_us=29 staging_us=3740 event_submit_us=16633 event_complete_us=19889 frame_us=32924 tear_edge_observed=1 frame_reused=1 pass=1
[12:22:18] TINYDRAW_PANSEQ_FRAME zoom=100 step=4 dx=24 dy=18 scroll_us=13 exposed_compose_us=4689 chrome_us=2427 tear_wait_us=12417 present_us=16692 prepare_us=11227 acquire_wait_us=21 ring_copy_us=8761 patch_us=2437 byte_swap_us=29 staging_us=3740 event_submit_us=17240 event_complete_us=20505 frame_us=33933 tear_edge_observed=1 frame_reused=1 pass=1
[12:22:18] TINYDRAW_PANSEQ_FRAME zoom=100 step=5 dx=24 dy=18 scroll_us=9 exposed_compose_us=4905 chrome_us=2411 tear_wait_us=11808 present_us=16071 prepare_us=11229 acquire_wait_us=23 ring_copy_us=8760 patch_us=2441 byte_swap_us=28 staging_us=3731 event_submit_us=16842 event_complete_us=20123 frame_us=32911 tear_edge_observed=1 frame_reused=1 pass=1
[12:22:18] TINYDRAW_PANSEQ_FRAME zoom=100 step=6 dx=24 dy=18 scroll_us=13 exposed_compose_us=4655 chrome_us=2481 tear_wait_us=12673 present_us=16470 prepare_us=11206 acquire_wait_us=23 ring_copy_us=8686 patch_us=2498 byte_swap_us=22 staging_us=3777 event_submit_us=17461 event_complete_us=20747 frame_us=33931 tear_edge_observed=1 frame_reused=1 pass=1
[12:22:18] TINYDRAW_PANSEQ_FRAME zoom=100 step=7 dx=24 dy=18 scroll_us=10 exposed_compose_us=4999 chrome_us=2410 tear_wait_us=11940 present_us=16860 prepare_us=11135 acquire_wait_us=24 ring_copy_us=8680 patch_us=2428 byte_swap_us=27 staging_us=3855 event_submit_us=17064 event_complete_us=20346 frame_us=33923 tear_edge_observed=1 frame_reused=1 pass=1
[12:22:18] TINYDRAW_PANSEQ_FRAME zoom=100 step=8 dx=24 dy=18 scroll_us=13 exposed_compose_us=4941 chrome_us=2408 tear_wait_us=11628 present_us=16232 prepare_us=11252 acquire_wait_us=27 ring_copy_us=8797 patch_us=2428 byte_swap_us=27 staging_us=3731 event_submit_us=16702 event_complete_us=19972 frame_us=32935 tear_edge_observed=1 frame_reused=1 pass=1
[12:22:18] TINYDRAW_PANSEQ_FRAME zoom=100 step=9 dx=24 dy=18 scroll_us=10 exposed_compose_us=4949 chrome_us=2388 tear_wait_us=12230 present_us=16619 prepare_us=11107 acquire_wait_us=27 ring_copy_us=8681 patch_us=2397 byte_swap_us=29 staging_us=3824 event_submit_us=17304 event_complete_us=20546 frame_us=33921 tear_edge_observed=1 frame_reused=1 pass=1
[12:22:18] TINYDRAW_PANSEQ_FRAME zoom=100 step=10 dx=24 dy=18 scroll_us=13 exposed_compose_us=4660 chrome_us=2430 tear_wait_us=12154 present_us=15984 prepare_us=11261 acquire_wait_us=25 ring_copy_us=8793 patch_us=2442 byte_swap_us=26 staging_us=3706 event_submit_us=16950 event_complete_us=20213 frame_us=32935 tear_edge_observed=1 frame_reused=1 pass=1
[12:22:18] TINYDRAW_PANSEQ_FRAME zoom=100 step=11 dx=24 dy=18 scroll_us=10 exposed_compose_us=5415 chrome_us=2433 tear_wait_us=12025 present_us=16357 prepare_us=11268 acquire_wait_us=32 ring_copy_us=8790 patch_us=2450 byte_swap_us=28 staging_us=3697 event_submit_us=17567 event_complete_us=20832 frame_us=33922 tear_edge_observed=1 frame_reused=1 pass=1
[12:22:18] TINYDRAW_PANSEQ_FRAME zoom=100 step=12 dx=24 dy=18 scroll_us=13 exposed_compose_us=4777 chrome_us=2420 tear_wait_us=12300 present_us=16722 prepare_us=11227 acquire_wait_us=22 ring_copy_us=8763 patch_us=2434 byte_swap_us=30 staging_us=3726 event_submit_us=17212 event_complete_us=20480 frame_us=33935 tear_edge_observed=1 frame_reused=1 pass=1
[12:22:18] TINYDRAW_PANSEQ_FRAME zoom=100 step=13 dx=24 dy=18 scroll_us=10 exposed_compose_us=4982 chrome_us=2409 tear_wait_us=11706 present_us=16098 prepare_us=11227 acquire_wait_us=24 ring_copy_us=8775 patch_us=2424 byte_swap_us=28 staging_us=3743 event_submit_us=16814 event_complete_us=20100 frame_us=32910 tear_edge_observed=1 frame_reused=1 pass=1
[12:22:18] TINYDRAW_PANSEQ_FRAME zoom=100 step=14 dx=24 dy=18 scroll_us=13 exposed_compose_us=4820 chrome_us=2472 tear_wait_us=12493 present_us=16482 prepare_us=11162 acquire_wait_us=22 ring_copy_us=8651 patch_us=2489 byte_swap_us=22 staging_us=3817 event_submit_us=17455 event_complete_us=20730 frame_us=33934 tear_edge_observed=1 frame_reused=1 pass=1
[12:22:18] TINYDRAW_PANSEQ_FRAME zoom=100 step=15 dx=24 dy=18 scroll_us=10 exposed_compose_us=5127 chrome_us=2421 tear_wait_us=11823 present_us=16848 prepare_us=11150 acquire_wait_us=23 ring_copy_us=8680 patch_us=2443 byte_swap_us=27 staging_us=3838 event_submit_us=17076 event_complete_us=20354 frame_us=33922 tear_edge_observed=1 frame_reused=1 pass=1
[12:22:18] TINYDRAW_PANSEQ_FRAME zoom=100 step=16 dx=72 dy=54 scroll_us=13 exposed_compose_us=13142 chrome_us=2415 tear_wait_us=3446 present_us=16210 prepare_us=11242 acquire_wait_us=26 ring_copy_us=8783 patch_us=2431 byte_swap_us=28 staging_us=3720 event_submit_us=16724 event_complete_us=19967 frame_us=32935 tear_edge_observed=1 frame_reused=1 pass=1
[12:22:18] TINYDRAW_PANSEQ_FRAME zoom=100 step=17 dx=72 dy=54 scroll_us=10 exposed_compose_us=12949 chrome_us=2386 tear_wait_us=4248 present_us=16600 prepare_us=11071 acquire_wait_us=27 ring_copy_us=8647 patch_us=2402 byte_swap_us=22 staging_us=3849 event_submit_us=17324 event_complete_us=20553 frame_us=33922 tear_edge_observed=1 frame_reused=1 pass=1
[12:22:18] TINYDRAW_PANSEQ_FRAME zoom=100 step=18 dx=72 dy=54 scroll_us=13 exposed_compose_us=12202 chrome_us=2434 tear_wait_us=4607 present_us=15990 prepare_us=11211 acquire_wait_us=26 ring_copy_us=8740 patch_us=2448 byte_swap_us=23 staging_us=3758 event_submit_us=16943 event_complete_us=20209 frame_us=32933 tear_edge_observed=1 frame_reused=1 pass=1
[12:22:18] TINYDRAW_PANSEQ_FRAME zoom=100 step=19 dx=72 dy=54 scroll_us=10 exposed_compose_us=12501 chrome_us=2429 tear_wait_us=4909 present_us=16388 prepare_us=11198 acquire_wait_us=23 ring_copy_us=8729 patch_us=2445 byte_swap_us=24 staging_us=3746 event_submit_us=17537 event_complete_us=20789 frame_us=33923 tear_edge_observed=1 frame_reused=1 pass=1
[12:22:18] TINYDRAW_PANSEQ_FRAME zoom=100 step=20 dx=-72 dy=-54 scroll_us=13 exposed_compose_us=13258 chrome_us=2424 tear_wait_us=3777 present_us=16766 prepare_us=11202 acquire_wait_us=24 ring_copy_us=8736 patch_us=2438 byte_swap_us=28 staging_us=3758 event_submit_us=17168 event_complete_us=20434 frame_us=33945 tear_edge_observed=1 frame_reused=1 pass=1
[12:22:18] TINYDRAW_PANSEQ_FRAME zoom=100 step=21 dx=-72 dy=-54 scroll_us=9 exposed_compose_us=13051 chrome_us=2410 tear_wait_us=3595 present_us=16141 prepare_us=11165 acquire_wait_us=24 ring_copy_us=8711 patch_us=2430 byte_swap_us=24 staging_us=3767 event_submit_us=16770 event_complete_us=19995 frame_us=32910 tear_edge_observed=1 frame_reused=1 pass=1
[12:22:18] TINYDRAW_PANSEQ_FRAME zoom=100 step=22 dx=-72 dy=-54 scroll_us=13 exposed_compose_us=13058 chrome_us=2441 tear_wait_us=4222 present_us=16520 prepare_us=11094 acquire_wait_us=23 ring_copy_us=8617 patch_us=2457 byte_swap_us=20 staging_us=3865 event_submit_us=17423 event_complete_us=20686 frame_us=33934 tear_edge_observed=1 frame_reused=1 pass=1
[12:22:18] TINYDRAW_PANSEQ_FRAME zoom=100 step=23 dx=-72 dy=-54 scroll_us=10 exposed_compose_us=12628 chrome_us=2412 tear_wait_us=4272 present_us=16899 prepare_us=11132 acquire_wait_us=25 ring_copy_us=8678 patch_us=2429 byte_swap_us=25 staging_us=3826 event_submit_us=17025 event_complete_us=20278 frame_us=33922 tear_edge_observed=1 frame_reused=1 pass=1
[12:22:18] TINYDRAW_PANSEQ_STRIP zoom=100 strip=0 panel_y=0 rows=44 samples=24 staging_mean_us=1407 staging_max_us=1434 wire_budget_us=1619 over_budget_us=0 pass=1
[12:22:18] TINYDRAW_PANSEQ_STRIP zoom=100 strip=1 panel_y=44 rows=44 samples=24 staging_mean_us=1285 staging_max_us=1318 wire_budget_us=1619 over_budget_us=0 pass=1
[12:22:18] TINYDRAW_PANSEQ_STRIP zoom=100 strip=2 panel_y=88 rows=44 samples=24 staging_mean_us=1234 staging_max_us=1252 wire_budget_us=1619 over_budget_us=0 pass=1
[12:22:18] TINYDRAW_PANSEQ_STRIP zoom=100 strip=3 panel_y=132 rows=44 samples=24 staging_mean_us=1234 staging_max_us=1246 wire_budget_us=1619 over_budget_us=0 pass=1
[12:22:18] TINYDRAW_PANSEQ_STRIP zoom=100 strip=4 panel_y=176 rows=44 samples=24 staging_mean_us=1228 staging_max_us=1243 wire_budget_us=1619 over_budget_us=0 pass=1
[12:22:18] TINYDRAW_PANSEQ_STRIP zoom=100 strip=5 panel_y=220 rows=44 samples=24 staging_mean_us=1257 staging_max_us=1273 wire_budget_us=1619 over_budget_us=0 pass=1
[12:22:18] TINYDRAW_PANSEQ_STRIP zoom=100 strip=6 panel_y=264 rows=44 samples=24 staging_mean_us=1446 staging_max_us=1479 wire_budget_us=1619 over_budget_us=0 pass=1
[12:22:18] TINYDRAW_PANSEQ_STRIP zoom=100 strip=7 panel_y=308 rows=44 samples=24 staging_mean_us=1434 staging_max_us=1456 wire_budget_us=1619 over_budget_us=0 pass=1
[12:22:18] TINYDRAW_PANSEQ_STRIP zoom=100 strip=8 panel_y=352 rows=20 samples=24 staging_mean_us=682 staging_max_us=733 wire_budget_us=736 over_budget_us=0 pass=1
[12:22:18] TINYDRAW_GATE1_PANSEQ zoom=100 frames=24 scroll_avg_us=11 exposed_avg_us=7550 chrome_avg_us=2422 tear_wait_avg_us=9253 present_avg_us=16451 prepare_avg_us=11187 acquire_wait_avg_us=24 ring_copy_avg_us=8721 patch_avg_us=2439 byte_swap_avg_us=25 staging_avg_us=3776 frame_avg_us=33386 frame_p50_us=33922 frame_p95_us=33935 frame_max_us=33945 complete_p50_us=20346 complete_p95_us=20789 complete_max_us=20832 tear_edge_failures=0 presentation_experiment=boundary-top-sweep te_edge=rising requested_clock_mhz=50 effective_clock_mhz=40 chrome_bottom_redraws=0 chrome_battery_redraws=0 chrome_zoom_redraws=0 chrome_minimap_base_redraws=0 strip_samples=216 staging_mean_us=1245 staging_max_us=1479 worst_strip=8 worst_strip_y=352 worst_wire_budget_us=736 worst_headroom_us=3 staging_invariant=1 pacing_pass=1 all_reused=1 pass=1
[12:22:21] TINYDRAW_PANSEQ_FRAME zoom=400 step=0 dx=24 dy=18 scroll_us=13 exposed_compose_us=4900 chrome_us=2242 tear_wait_us=7725 present_us=16200 prepare_us=11102 acquire_wait_us=29 ring_copy_us=8813 patch_us=2262 byte_swap_us=27 staging_us=3892 event_submit_us=12773 event_complete_us=16054 frame_us=28968 tear_edge_observed=1 frame_reused=1 pass=1
[12:22:21] TINYDRAW_PANSEQ_FRAME zoom=400 step=1 dx=24 dy=18 scroll_us=10 exposed_compose_us=4842 chrome_us=2238 tear_wait_us=12381 present_us=16573 prepare_us=10890 acquire_wait_us=23 ring_copy_us=8609 patch_us=2257 byte_swap_us=24 staging_us=4086 event_submit_us=17351 event_complete_us=20626 frame_us=33919 tear_edge_observed=1 frame_reused=1 pass=1
[12:22:21] TINYDRAW_PANSEQ_FRAME zoom=400 step=2 dx=24 dy=18 scroll_us=13 exposed_compose_us=4479 chrome_us=2230 tear_wait_us=12378 present_us=16941 prepare_us=11000 acquire_wait_us=23 ring_copy_us=8734 patch_us=2244 byte_swap_us=22 staging_us=3980 event_submit_us=16994 event_complete_us=20263 frame_us=33935 tear_edge_observed=1 frame_reused=1 pass=1
[12:22:21] TINYDRAW_PANSEQ_FRAME zoom=400 step=3 dx=24 dy=18 scroll_us=10 exposed_compose_us=4867 chrome_us=2252 tear_wait_us=11634 present_us=16295 prepare_us=11052 acquire_wait_us=24 ring_copy_us=8754 patch_us=2270 byte_swap_us=28 staging_us=3911 event_submit_us=16644 event_complete_us=19894 frame_us=32922 tear_edge_observed=1 frame_reused=1 pass=1
[12:22:21] TINYDRAW_PANSEQ_FRAME zoom=400 step=4 dx=24 dy=18 scroll_us=13 exposed_compose_us=4449 chrome_us=2211 tear_wait_us=12670 present_us=16678 prepare_us=11004 acquire_wait_us=26 ring_copy_us=8752 patch_us=2224 byte_swap_us=28 staging_us=3968 event_submit_us=17256 event_complete_us=20537 frame_us=33934 tear_edge_observed=1 frame_reused=1 pass=1
[12:22:21] TINYDRAW_PANSEQ_FRAME zoom=400 step=5 dx=24 dy=18 scroll_us=10 exposed_compose_us=4721 chrome_us=2229 tear_wait_us=12015 present_us=16049 prepare_us=11047 acquire_wait_us=24 ring_copy_us=8775 patch_us=2247 byte_swap_us=25 staging_us=3928 event_submit_us=16882 event_complete_us=20147 frame_us=32924 tear_edge_observed=1 frame_reused=1 pass=1
[12:22:21] TINYDRAW_PANSEQ_FRAME zoom=400 step=6 dx=24 dy=18 scroll_us=13 exposed_compose_us=4586 chrome_us=2267 tear_wait_us=12779 present_us=16422 prepare_us=11059 acquire_wait_us=24 ring_copy_us=8756 patch_us=2278 byte_swap_us=25 staging_us=3919 event_submit_us=17511 event_complete_us=20787 frame_us=33933 tear_edge_observed=1 frame_reused=1 pass=1
[12:22:21] TINYDRAW_PANSEQ_FRAME zoom=400 step=7 dx=24 dy=18 scroll_us=10 exposed_compose_us=5175 chrome_us=2279 tear_wait_us=11834 present_us=16790 prepare_us=11044 acquire_wait_us=23 ring_copy_us=8720 patch_us=2292 byte_swap_us=32 staging_us=3946 event_submit_us=17136 event_complete_us=20423 frame_us=33935 tear_edge_observed=1 frame_reused=1 pass=1
[12:22:21] TINYDRAW_PANSEQ_FRAME zoom=400 step=8 dx=24 dy=18 scroll_us=13 exposed_compose_us=5180 chrome_us=2229 tear_wait_us=11456 present_us=16149 prepare_us=11011 acquire_wait_us=23 ring_copy_us=8736 patch_us=2244 byte_swap_us=31 staging_us=3962 event_submit_us=16774 event_complete_us=20043 frame_us=32923 tear_edge_observed=1 frame_reused=1 pass=1
[12:22:21] TINYDRAW_PANSEQ_FRAME zoom=400 step=9 dx=24 dy=18 scroll_us=10 exposed_compose_us=5201 chrome_us=2261 tear_wait_us=12076 present_us=16521 prepare_us=10886 acquire_wait_us=25 ring_copy_us=8586 patch_us=2280 byte_swap_us=20 staging_us=4084 event_submit_us=17416 event_complete_us=20676 frame_us=33922 tear_edge_observed=1 frame_reused=1 pass=1
[12:22:21] TINYDRAW_PANSEQ_FRAME zoom=400 step=10 dx=24 dy=18 scroll_us=13 exposed_compose_us=4848 chrome_us=2215 tear_wait_us=12063 present_us=16884 prepare_us=10960 acquire_wait_us=24 ring_copy_us=8707 patch_us=2230 byte_swap_us=23 staging_us=4020 event_submit_us=17051 event_complete_us=20319 frame_us=33934 tear_edge_observed=1 frame_reused=1 pass=1
[12:22:21] TINYDRAW_PANSEQ_FRAME zoom=400 step=11 dx=24 dy=18 scroll_us=10 exposed_compose_us=5698 chrome_us=2220 tear_wait_us=10858 present_us=16237 prepare_us=11016 acquire_wait_us=24 ring_copy_us=8751 patch_us=2237 byte_swap_us=28 staging_us=3957 event_submit_us=16687 event_complete_us=19944 frame_us=32922 tear_edge_observed=1 frame_reused=1 pass=1
[12:22:22] TINYDRAW_PANSEQ_FRAME zoom=400 step=12 dx=24 dy=18 scroll_us=13 exposed_compose_us=5062 chrome_us=2208 tear_wait_us=12109 present_us=16627 prepare_us=10969 acquire_wait_us=25 ring_copy_us=8718 patch_us=2226 byte_swap_us=25 staging_us=3964 event_submit_us=17307 event_complete_us=20549 frame_us=33933 tear_edge_observed=1 frame_reused=1 pass=1
[12:22:22] TINYDRAW_PANSEQ_FRAME zoom=400 step=13 dx=24 dy=18 scroll_us=9 exposed_compose_us=5273 chrome_us=2266 tear_wait_us=11534 present_us=15989 prepare_us=11028 acquire_wait_us=22 ring_copy_us=8719 patch_us=2282 byte_swap_us=27 staging_us=3951 event_submit_us=16939 event_complete_us=20202 frame_us=32924 tear_edge_observed=1 frame_reused=1 pass=1
[12:22:22] TINYDRAW_PANSEQ_FRAME zoom=400 step=14 dx=24 dy=18 scroll_us=13 exposed_compose_us=5104 chrome_us=2228 tear_wait_us=12331 present_us=16363 prepare_us=11063 acquire_wait_us=24 ring_copy_us=8790 patch_us=2247 byte_swap_us=26 staging_us=3904 event_submit_us=17569 event_complete_us=20838 frame_us=33932 tear_edge_observed=1 frame_reused=1 pass=1
[12:22:22] TINYDRAW_PANSEQ_FRAME zoom=400 step=15 dx=24 dy=18 scroll_us=9 exposed_compose_us=5401 chrome_us=2263 tear_wait_us=11657 present_us=16735 prepare_us=11029 acquire_wait_us=23 ring_copy_us=8720 patch_us=2278 byte_swap_us=31 staging_us=3948 event_submit_us=17192 event_complete_us=20462 frame_us=33924 tear_edge_observed=1 frame_reused=1 pass=1
[12:22:22] TINYDRAW_PANSEQ_FRAME zoom=400 step=16 dx=72 dy=54 scroll_us=13 exposed_compose_us=13931 chrome_us=2237 tear_wait_us=2757 present_us=16099 prepare_us=11077 acquire_wait_us=23 ring_copy_us=8791 patch_us=2254 byte_swap_us=32 staging_us=3897 event_submit_us=16822 event_complete_us=20124 frame_us=32921 tear_edge_observed=1 frame_reused=1 pass=1
[12:22:22] TINYDRAW_PANSEQ_FRAME zoom=400 step=17 dx=72 dy=54 scroll_us=9 exposed_compose_us=13614 chrome_us=2281 tear_wait_us=3719 present_us=16463 prepare_us=10911 acquire_wait_us=24 ring_copy_us=8590 patch_us=2300 byte_swap_us=21 staging_us=4047 event_submit_us=17464 event_complete_us=20710 frame_us=33924 tear_edge_observed=1 frame_reused=1 pass=1
[12:22:22] TINYDRAW_PANSEQ_FRAME zoom=400 step=18 dx=72 dy=54 scroll_us=13 exposed_compose_us=13687 chrome_us=2255 tear_wait_us=3288 present_us=16830 prepare_us=11025 acquire_wait_us=23 ring_copy_us=8722 patch_us=2274 byte_swap_us=29 staging_us=3959 event_submit_us=17112 event_complete_us=20393 frame_us=33942 tear_edge_observed=1 frame_reused=1 pass=1
[12:22:22] TINYDRAW_PANSEQ_FRAME zoom=400 step=19 dx=72 dy=54 scroll_us=10 exposed_compose_us=14480 chrome_us=2229 tear_wait_us=2133 present_us=16173 prepare_us=11013 acquire_wait_us=22 ring_copy_us=8735 patch_us=2251 byte_swap_us=27 staging_us=3954 event_submit_us=16744 event_complete_us=19999 frame_us=32914 tear_edge_observed=1 frame_reused=1 pass=1
[12:22:22] TINYDRAW_PANSEQ_FRAME zoom=400 step=20 dx=-72 dy=-54 scroll_us=13 exposed_compose_us=14088 chrome_us=2260 tear_wait_us=3165 present_us=16543 prepare_us=10919 acquire_wait_us=23 ring_copy_us=8620 patch_us=2277 byte_swap_us=22 staging_us=4028 event_submit_us=17394 event_complete_us=20669 frame_us=33932 tear_edge_observed=1 frame_reused=1 pass=1
[12:22:22] TINYDRAW_PANSEQ_FRAME zoom=400 step=21 dx=-72 dy=-54 scroll_us=9 exposed_compose_us=13740 chrome_us=2231 tear_wait_us=3149 present_us=16908 prepare_us=10934 acquire_wait_us=24 ring_copy_us=8659 patch_us=2249 byte_swap_us=26 staging_us=4028 event_submit_us=17019 event_complete_us=20257 frame_us=33924 tear_edge_observed=1 frame_reused=1 pass=1
[12:22:22] TINYDRAW_PANSEQ_FRAME zoom=400 step=22 dx=-72 dy=-54 scroll_us=13 exposed_compose_us=13557 chrome_us=2231 tear_wait_us=2964 present_us=16264 prepare_us=11053 acquire_wait_us=23 ring_copy_us=8787 patch_us=2238 byte_swap_us=28 staging_us=3917 event_submit_us=16680 event_complete_us=19933 frame_us=32932 tear_edge_observed=1 frame_reused=1 pass=1
[12:22:22] TINYDRAW_PANSEQ_FRAME zoom=400 step=23 dx=-72 dy=-54 scroll_us=9 exposed_compose_us=12742 chrome_us=2237 tear_wait_us=4414 present_us=16640 prepare_us=10941 acquire_wait_us=26 ring_copy_us=8662 patch_us=2252 byte_swap_us=27 staging_us=3982 event_submit_us=17286 event_complete_us=20525 frame_us=33923 tear_edge_observed=1 frame_reused=1 pass=1
[12:22:22] TINYDRAW_PANSEQ_STRIP zoom=400 strip=0 panel_y=0 rows=44 samples=24 staging_mean_us=1405 staging_max_us=1441 wire_budget_us=1619 over_budget_us=0 pass=1
[12:22:22] TINYDRAW_PANSEQ_STRIP zoom=400 strip=1 panel_y=44 rows=44 samples=24 staging_mean_us=1282 staging_max_us=1302 wire_budget_us=1619 over_budget_us=0 pass=1
[12:22:22] TINYDRAW_PANSEQ_STRIP zoom=400 strip=2 panel_y=88 rows=44 samples=24 staging_mean_us=1235 staging_max_us=1248 wire_budget_us=1619 over_budget_us=0 pass=1
[12:22:22] TINYDRAW_PANSEQ_STRIP zoom=400 strip=3 panel_y=132 rows=44 samples=24 staging_mean_us=1233 staging_max_us=1247 wire_budget_us=1619 over_budget_us=0 pass=1
[12:22:22] TINYDRAW_PANSEQ_STRIP zoom=400 strip=4 panel_y=176 rows=44 samples=24 staging_mean_us=1230 staging_max_us=1245 wire_budget_us=1619 over_budget_us=0 pass=1
[12:22:22] TINYDRAW_PANSEQ_STRIP zoom=400 strip=5 panel_y=220 rows=44 samples=24 staging_mean_us=1212 staging_max_us=1229 wire_budget_us=1619 over_budget_us=0 pass=1
[12:22:22] TINYDRAW_PANSEQ_STRIP zoom=400 strip=6 panel_y=264 rows=44 samples=24 staging_mean_us=1396 staging_max_us=1426 wire_budget_us=1619 over_budget_us=0 pass=1
[12:22:22] TINYDRAW_PANSEQ_STRIP zoom=400 strip=7 panel_y=308 rows=44 samples=24 staging_mean_us=1390 staging_max_us=1408 wire_budget_us=1619 over_budget_us=0 pass=1
[12:22:22] TINYDRAW_PANSEQ_STRIP zoom=400 strip=8 panel_y=352 rows=20 samples=24 staging_mean_us=638 staging_max_us=699 wire_budget_us=736 over_budget_us=0 pass=1
[12:22:22] TINYDRAW_GATE1_PANSEQ zoom=400 frames=24 scroll_avg_us=11 exposed_avg_us=7901 chrome_avg_us=2241 tear_wait_avg_us=8878 present_avg_us=16473 prepare_avg_us=11001 acquire_wait_avg_us=23 ring_copy_avg_us=8716 patch_avg_us=2258 byte_swap_avg_us=26 staging_avg_us=3968 frame_avg_us=33387 frame_p50_us=33923 frame_p95_us=33935 frame_max_us=33942 complete_p50_us=20319 complete_p95_us=20787 complete_max_us=20838 tear_edge_failures=0 presentation_experiment=boundary-top-sweep te_edge=rising requested_clock_mhz=50 effective_clock_mhz=40 chrome_bottom_redraws=0 chrome_battery_redraws=0 chrome_zoom_redraws=0 chrome_minimap_base_redraws=0 strip_samples=216 staging_mean_us=1225 staging_max_us=1441 worst_strip=8 worst_strip_y=352 worst_wire_budget_us=736 worst_headroom_us=37 staging_invariant=1 pacing_pass=1 all_reused=1 pass=1
[12:22:22] TINYDRAW_GATE1_PAN_BOUNDARY zoom=100 slow_1px_trace=1 below_delta=94 below_reused=1 at_delta=96 at_reused=1 above_delta=98 above_fallback=1 pass=1
[12:22:23] TINYDRAW_GATE1_PAN_BOUNDARY zoom=400 slow_1px_trace=1 below_delta=94 below_reused=1 at_delta=96 at_reused=1 above_delta=98 above_fallback=1 pass=1
[12:22:23] TINYDRAW_GATE1_DRAW_FILL zoom=400 revision=2930 append_us=901 poll_gap_us=95 event_submit_us=216 event_complete_us=2215 max_compute_slice_us=4863 max_display_slice_us=17088 fill_us=283531 revision_restarted=1 pass=1
[12:22:24] TINYDRAW_GATE1_CACHE_FILL zoom=50 x=63 y=63 published=56 total_us=732974 within_cold_gate=0 complete=1
[12:22:25] TINYDRAW_GATE1_CACHE_FILL zoom=100 x=63 y=63 published=56 total_us=598971 within_cold_gate=0 complete=1
[12:22:25] TINYDRAW_GATE1_CACHE_FILL zoom=200 x=63 y=63 published=56 total_us=450971 within_cold_gate=1 complete=1
[12:22:25] TINYDRAW_GATE1_CACHE_FILL zoom=400 x=63 y=63 published=56 total_us=391972 within_cold_gate=1 complete=1
[12:22:26] TINYDRAW_GATE1_CACHE_REVISIT zoom=50 remaining=0 tile_pixels=118128 fallback_pixels=0 compose_us=18383 complete_us=20611 hit=1
[12:22:26] TINYDRAW_GATE1_CACHE_REVISIT zoom=100 remaining=0 tile_pixels=164864 fallback_pixels=0 compose_us=20275 complete_us=21144 hit=1
[12:22:26] TINYDRAW_GATE1_CACHE_REVISIT zoom=200 remaining=0 tile_pixels=164864 fallback_pixels=0 compose_us=21306 complete_us=20669 hit=1
[12:22:26] TINYDRAW_GATE1_CACHE_REVISIT zoom=400 remaining=0 tile_pixels=164608 fallback_pixels=0 compose_us=22221 complete_us=20201 hit=1
[12:22:26] TINYDRAW_GATE1_CACHE_FILL zoom=400 x=575 y=575 published=56 total_us=428973 within_cold_gate=1 complete=1
[12:22:26] TINYDRAW_GATE1_CACHE_ROUND_TRIP zoom=50 from_x=63 from_y=63 via_x=575 via_y=575 remaining=0 tile_pixels=118128 fallback_pixels=0 compose_us=18401 complete_us=21187 hit=1
[12:22:26] TINYDRAW_GATE1_CACHE_ROUND_TRIP zoom=100 from_x=63 from_y=63 via_x=575 via_y=575 remaining=0 tile_pixels=164864 fallback_pixels=0 compose_us=20474 complete_us=20691 hit=1
[12:22:26] TINYDRAW_GATE1_CACHE_ROUND_TRIP zoom=200 from_x=63 from_y=63 via_x=575 via_y=575 remaining=0 tile_pixels=164864 fallback_pixels=0 compose_us=21343 complete_us=20199 hit=1
[12:22:26] TINYDRAW_GATE1_CACHE_ROUND_TRIP zoom=400 from_x=63 from_y=63 via_x=575 via_y=575 remaining=0 tile_pixels=164608 fallback_pixels=0 compose_us=22334 complete_us=20743 hit=1
[12:22:26] TINYDRAW_GATE1_CACHE_RETENTION pass=1 slots=448 revision=2930
[12:22:28] TINYDRAW_PAPER_SWEEP zoom=100 identities=644 raw=266 uniform=378 fallback=0 slots=448 total_us=1682452 pass=1
[12:22:33] TINYDRAW_GATE1_CACHE_TOUR slots=448 stops=16 forward_steps=2596 forward_tiles=832 forward_wall_us=2431018 return_missing_tiles=0 return_steps=16 return_tiles=0 return_wall_us=43489 home_missing=0 home_fallback_pixels=0 pass=1
[12:22:33] TINYDRAW_GATE1_MIXED_DRAW_WARM zoom=50 fill_tiles=56 fill_us=648537 raw=42 uniform=14
[12:22:34] TINYDRAW_GATE1_MIXED_DRAW_WARM zoom=100 fill_tiles=56 fill_us=512704 raw=56 uniform=0
[12:22:35] TINYDRAW_GATE1_MIXED_DRAW_WARM zoom=200 fill_tiles=56 fill_us=429123 raw=56 uniform=0
[12:22:35] TINYDRAW_GATE1_MIXED_DRAW_WARM zoom=400 fill_tiles=42 fill_us=283367 raw=42 uniform=0
[12:22:36] TINYDRAW_GATE1_MIXED_DRAW zoom=25 tool=pen chunks=50 append_max_us=12737 append_avg_us=11436 append_total_us=571826 affected_tiles=196 published=0 fallback=196 visible_fallback=0 committed=1 authority=1 refresh=1 run_ok=1 pass=1
[12:22:37] TINYDRAW_GATE1_MIXED_DRAW zoom=25 tool=eraser chunks=50 append_max_us=12828 append_avg_us=11389 append_total_us=569483 affected_tiles=0 published=0 fallback=0 visible_fallback=0 committed=1 authority=1 refresh=1 run_ok=1 pass=1
[12:22:39] TINYDRAW_GATE1_MIXED_DRAW zoom=50 tool=pen chunks=50 append_max_us=17556 append_avg_us=14951 append_total_us=747594 affected_tiles=422 published=400 fallback=22 visible_fallback=0 committed=1 authority=1 refresh=1 run_ok=1 pass=0
[12:22:40] TINYDRAW_GATE1_MIXED_DRAW zoom=50 tool=eraser chunks=50 append_max_us=16230 append_avg_us=14699 append_total_us=734981 affected_tiles=405 published=405 fallback=0 visible_fallback=0 committed=1 authority=1 refresh=1 run_ok=1 pass=0
[12:22:42] TINYDRAW_GATE1_MIXED_DRAW zoom=100 tool=pen chunks=50 append_max_us=14415 append_avg_us=12494 append_total_us=624721 affected_tiles=450 published=398 fallback=52 visible_fallback=0 committed=1 authority=1 refresh=1 run_ok=1 pass=1
[12:22:43] TINYDRAW_GATE1_MIXED_DRAW zoom=100 tool=eraser chunks=50 append_max_us=13534 append_avg_us=12255 append_total_us=612771 affected_tiles=399 published=399 fallback=0 visible_fallback=0 committed=1 authority=1 refresh=1 run_ok=1 pass=1
[12:22:45] TINYDRAW_GATE1_MIXED_DRAW zoom=200 tool=pen chunks=50 append_max_us=13644 append_avg_us=11477 append_total_us=573866 affected_tiles=425 published=389 fallback=36 visible_fallback=0 committed=1 authority=1 refresh=1 run_ok=1 pass=1
[12:22:46] TINYDRAW_GATE1_MIXED_DRAW zoom=200 tool=eraser chunks=50 append_max_us=12507 append_avg_us=11205 append_total_us=560270 affected_tiles=388 published=388 fallback=0 visible_fallback=0 committed=1 authority=1 refresh=1 run_ok=1 pass=1
[12:22:48] TINYDRAW_GATE1_MIXED_DRAW zoom=400 tool=pen chunks=50 append_max_us=12878 append_avg_us=10690 append_total_us=534548 affected_tiles=359 published=334 fallback=25 visible_fallback=0 committed=1 authority=1 refresh=1 run_ok=1 pass=1
[12:22:49] TINYDRAW_GATE1_MIXED_DRAW zoom=400 tool=eraser chunks=50 append_max_us=11888 append_avg_us=10544 append_total_us=527230 affected_tiles=350 published=350 fallback=0 visible_fallback=0 committed=1 authority=1 refresh=1 run_ok=1 pass=1
[12:22:49] TINYDRAW_GATE1_MIXED_DRAW_REVISIT zoom=50 missing=4 refill_tiles=4 refill_us=288785
[12:22:50] TINYDRAW_GATE1_MIXED_DRAW_REVISIT zoom=100 missing=9 refill_tiles=9 refill_us=481918
[12:22:50] TINYDRAW_GATE1_MIXED_DRAW_REVISIT zoom=200 missing=16 refill_tiles=16 refill_us=404987
[12:22:50] TINYDRAW_GATE1_MIXED_DRAW_REVISIT zoom=400 missing=0 refill_tiles=0 refill_us=984
[12:22:50] TINYDRAW_GATE1_MIXED_DRAW_SUMMARY slots=448 strokes=10 worst_append_us=17556 pass=0
[12:22:58] TINYDRAW_GATE1_IDLE_REPAIR damaged=588 remaining=0 plan_views=24 steps=6299 repair_us=4995852 worst_step_us=5908 warm_tiles=56 pass=1
[12:22:59] TINYDRAW_HAIRLINE_DOC ops=782 samples=8061 append_total_us=997291 append_max_us=6899
[12:22:59] TINYDRAW_GATE1_PACED_COLD corpus=evil_hairlines_capacity zoom=100 x=552 y=672 steps=240 tiles=56 compute_us=280774 present_us=80753 touch_us=492 pacing_us=7960 wall_us=369979 maximum_wall_us=500000 max_tick_us=9813 touch_samples=47923 touch_interval_max_us=2046 touch_read_max_us=543 touch_events=0 touch_down=0 touch_up=0 touch_events_ge_8ms=0 touch_event_age_max_us=0 touch_errors=0 touch_overflows=0 pass=1
[12:22:59] TINYDRAW_GATE1_PACED_COLD corpus=evil_hairlines_capacity zoom=400 x=2760 y=3360 steps=211 tiles=48 compute_us=185860 present_us=79193 touch_us=412 pacing_us=5512 wall_us=270977 maximum_wall_us=500000 max_tick_us=9368 touch_samples=353 touch_interval_max_us=1936 touch_read_max_us=504 touch_events=0 touch_down=0 touch_up=0 touch_events_ge_8ms=0 touch_event_age_max_us=0 touch_errors=0 touch_overflows=0 pass=1
[12:23:03] TINYDRAW_HAIRLINE_REPAIR steps=3284 wall_us=2954474 worst_step_us=7668 resident=407/448 grid_stopped=1 pass2_steps=8 pass2_wall_us=12009 no_churn=1
[12:23:04] TINYDRAW_HAIRLINE_TOUR stops=8 total_us=1228760 worst_stop_us=252170 worst_step_us=9002
[12:23:04] TINYDRAW_GATE1_HAIRLINE raw=339 uniform=72 fallback=233 capacity=448 worst_step_us=9002 grid_stopped=1 pass=1
[12:23:06] TINYDRAW_GATE1_LONG_GESTURE path=reference samples=1600 chunks=26 append_total_us=941126 append_max_us=43322 append_avg_us=36197 refresh_fallback_pixels=0 settled_fallback_pixels=0 committed=1 authority=1 refresh=1 run_ok=1
[12:23:07] TINYDRAW_GATE1_LONG_GESTURE path=in_place samples=1600 chunks=52 append_total_us=534341 append_max_us=12469 append_avg_us=10275 refresh_fallback_pixels=0 settled_fallback_pixels=0 committed=1 authority=1 refresh=1 run_ok=1
[12:23:07] TINYDRAW_V2_EXPORT_PROGRESS row=0 of=1792
[12:23:07] TINYDRAW_V2_EXPORT_PROGRESS row=256 of=1792
[12:23:08] TINYDRAW_V2_EXPORT_PROGRESS row=512 of=1792
[12:23:09] TINYDRAW_V2_EXPORT_PROGRESS row=768 of=1792
[12:23:10] TINYDRAW_V2_EXPORT_PROGRESS row=1024 of=1792
[12:23:11] TINYDRAW_V2_EXPORT_PROGRESS row=1280 of=1792
[12:23:11] TINYDRAW_V2_EXPORT_PROGRESS row=1536 of=1792
[12:23:12] TINYDRAW_GATE1_EXPORT encoded=1 bytes=40166 elapsed_us=5823932 workspace_bytes=50652 band_bytes=376832 free_psram=1920344 free_internal=199124 signature=1 dimensions=1 chunks=3 chunks_ok=1 pass=1
[12:23:12] TINYDRAW_EXPORT_RESERVE requested=1572864 free_before=1920344 largest_before=1900544 free_held=347476 largest_held=344064 pass=1
[12:23:12] TINYDRAW_GATE1_AUTOMATED_DONE stress=1 stress_100=1 stress_400=1 overlap_ready=1 overlap_cold=0 general_cold_ready=1 general_cold=0 workload=1 paced_cold=1 hard_100=1 hard_400=1 pan_100=1 pan_400=1 pan_seq=1 pan_boundary=1 live_overlay=1 draw_fill=1 cache=1 full_world_cache=1 cache_tour=1 mixed_draw=0 idle_repair=1 hairline_capacity=1 long_gesture=1 export_encode=1 export_reserve=1 return=1 ssaa_receipt=yellow
[12:23:12] TINYDRAW_VECTOR_V2_GATE_HARNESS_DONE pass=0
[12:23:12] I (72174) main_task: Returned from app_main()
