[12:25:55] I (103) esp_image: segment 0: paddr=00010020 vaddr=3c050020 sizeESP-ROM:esp32s3-20210327
[12:25:55] Build:Mar 27 2021
[12:25:55] rst:0x15 (USB_UART_CHIP_RESET),boot:0x2b (SPI_FAST_FLASH_BOOT)
[12:25:55] Saved PC:0x4200870f
[12:25:55] SPIWP:0xee
[12:25:55] mode:DIO, clock div:1
[12:25:55] load:0x3fce2820,len:0x1664
[12:25:55] load:0x403c8700,len:0xf38
[12:25:55] load:0x403cb700,len:0x31e8
[12:25:55] entry 0x403c8930
[12:25:55] I (24) boot: ESP-IDF v6.0.2 2nd stage bootloader
[12:25:55] I (24) boot: compile time Aug 16 2026 12:25:39
[12:25:55] I (25) boot: Multicore bootloader
[12:25:55] I (25) boot: chip revision: v0.2
[12:25:55] I (28) boot: efuse block revision: v1.3
[12:25:55] I (31) qio_mode: Enabling default flash chip QIO
[12:25:55] I (36) boot.esp32s3: Boot SPI Speed : 80MHz
[12:25:55] I (39) boot.esp32s3: SPI Mode       : QIO
[12:25:55] I (43) boot.esp32s3: SPI Flash Size : 16MB
[12:25:55] I (47) boot: Enabling RNG early entropy source...
[12:25:55] I (51) boot: Partition Table:
[12:25:55] I (54) boot: ## Label            Usage          Type ST Offset   Length
[12:25:55] I (60) boot:  0 nvs              WiFi data        01 02 00009000 00006000
[12:25:55] I (67) boot:  1 phy_init         RF data          01 01 0000f000 00001000
[12:25:55] I (73) boot:  2 factory          factory app      00 00 00010000 00100000
[12:25:55] I (80) boot:  3 drawing          Unknown data     01 40 00110000 00300000
[12:25:55] I (86) boot:  4 export           Unknown data     01 41 00410000 00500000
[12:25:55] I (93) boot:  5 coredump         Unknown data     01 03 00910000 00010000
[12:25:55] I (100) boot: End of partition table
[12:25:55] I (103) esp_image: segment 0: paddr=00010020 vaddr=3c050020 size=1491ch ( 84252) map
[12:25:55] I (123) esp_image: segment 1: paddr=00024944 vaddr=3fc94500 size=03764h ( 14180) load
[12:25:55] I (126) esp_image: segment 2: paddr=000280b0 vaddr=40374000 size=07f68h ( 32616) load
[12:25:55] I (134) esp_image: segment 3: paddr=00030020 vaddr=42000020 size=4b284h (307844) map
[12:25:55] I (182) esp_image: segment 4: paddr=0007b2ac vaddr=4037bf68 size=08558h ( 34136) load
[12:25:55] I (190) esp_image: segment 5: paddr=0008380c vaddr=50000000 size=00024h (    36) load
[12:25:55] I (197) boot: Loaded app from partition at offset 0x10000
[12:25:55] I (197) boot: Disabling RNG early entropy source...
[12:25:55] I (208) octal_psram: vendor id    : 0x0d (AP)
[12:25:55] I (208) octal_psram: dev id       : 0x02 (generation 3)
[12:25:55] I (208) octal_psram: density      : 0x03 (64 Mbit)
[12:25:55] I (210) octal_psram: good-die     : 0x01 (Pass)
[12:25:55] I (214) octal_psram: Latency      : 0x01 (Fixed)
[12:25:55] I (219) octal_psram: VCC          : 0x01 (3V)
[12:25:55] I (223) octal_psram: SRF          : 0x01 (Fast Refresh)
[12:25:55] I (228) octal_psram: BurstType    : 0x01 (Hybrid Wrap)
[12:25:55] I (232) octal_psram: BurstLen     : 0x01 (32 Byte)
[12:25:55] I (237) octal_psram: Readlatency  : 0x02 (10 cycles@Fixed)
[12:25:55] I (242) octal_psram: DriveStrength: 0x00 (1/1)
[12:25:55] I (246) MSPI Timing: Enter psram timing tuning
[12:25:55] I (251) esp_psram: Found 8MB PSRAM device
[12:25:55] I (254) esp_psram: Speed: 80MHz
[12:25:55] I (257) cpu_start: Multicore app
[12:25:56] I (673) esp_psram: SPI SRAM memory test OK
[12:25:56] I (681) cpu_start: GPIO 44 and 43 are used as console UART I/O pins
[12:25:56] I (682) cpu_start: Pro cpu start user code
[12:25:56] I (682) cpu_start: cpu freq: 240000000 Hz
[12:25:56] I (684) app_init: Application information:
[12:25:56] I (688) app_init: Project name:     tinydraw_esp32
[12:25:56] I (692) app_init: App version:      a560d20-dirty
[12:25:56] I (696) app_init: Compile time:     Aug 16 2026 12:25:33
[12:25:56] I (702) app_init: ELF file SHA256:  1498871ba...
[12:25:56] I (706) app_init: ESP-IDF:          v6.0.2
[12:25:56] I (710) efuse_init: Min chip rev:     v0.0
[12:25:56] I (713) efuse_init: Max chip rev:     v0.99 
[12:25:56] I (717) efuse_init: Chip rev:         v0.2
[12:25:56] I (721) heap_init: Initializing. RAM available for dynamic allocation:
[12:25:56] I (728) heap_init: At 3FC99090 len 00050680 (321 KiB): RAM
[12:25:56] I (733) heap_init: At 3FCE9710 len 00005724 (21 KiB): RAM
[12:25:56] I (738) heap_init: At 3FCF0000 len 00008000 (32 KiB): DRAM
[12:25:56] I (743) heap_init: At 600FE000 len 00001FE8 (7 KiB): RTCRAM
[12:25:56] I (749) esp_psram: Adding pool of 8192K of PSRAM memory to heap allocator
[12:25:56] I (755) spi_flash: detected chip: generic
[12:25:56] I (759) spi_flash: flash io: qio
[12:25:56] I (762) sleep_gpio: Configure to isolate all GPIO pins in sleep state
[12:25:56] I (768) sleep_gpio: Enable automatic switching of GPIO sleep configuration
[12:25:56] I (775) main_task: Started on CPU0
[12:25:56] I (778) main_task: Calling app_main()
[12:25:56] TINYDRAW_PRODUCER_SCRATCH supertask_internal=1 packed_internal=1 free_internal=319136 free_psram=1921932
[12:25:56] TINYDRAW_PANEL_HARD_RESET=1
[12:25:56] TINYDRAW_PANEL_TRANSPORT requested_clock_mhz=50 effective_clock_mhz=40
[12:25:56] I (983) co5300: version: 2.1.0
[12:25:56] I (983) co5300_spi: LCD panel create success, version: 2.1.0
[12:25:56] W (1068) co5300_spi: The 3Ah command has been used and will be overwritten by external initialization sequence
[12:25:56] I (1169) CST816S: IC id: 183
[12:25:56] TINYDRAW_VECTOR_V2_PRESENTATION experiment=boundary-top-sweep te_edge=rising requested_clock_mhz=50 effective_clock_mhz=40 optical_acceptance=external_manual
[12:25:56] TINYDRAW_LIVE_PRESENT kind=startup zoom=25 x=0 y=0 compose_us=26056 scroll_us=0 exposed_compose_us=0 chrome_us=16995 chrome_prepare_us=11888 chrome_stage_us=5107 read_submit_us=0 read_complete_us=0 transfer_wait_us=21099 tile_pixels=0 uniform_pixels=0 overview_pixels=164864 fallback_pixels=0 resident_tiles=0 fallback_tiles=0 pushes=11 tear_wait_us=418 tear_edge_isr_to_resume_us=22 tear_edge_observed=1 tear_edge_wait_resumed=1 tear_edge_timeout=0 tear_heal_attempted=0 tear_heal_command_sent=0 presentation_experiment=boundary-top-sweep te_edge=rising requested_clock_mhz=50 effective_clock_mhz=40 frame_reused=0 pass=1
[12:25:57] TINYDRAW_LIVE_STRESS operations=1000 samples=20000 total_us=653583 average_us=653 maximum_us=966 free_psram=1920344 largest_psram=1900544
[12:25:57] TINYDRAW_LIVE_PRESENT kind=gate_fallback zoom=100 x=0 y=0 compose_us=16464 scroll_us=0 exposed_compose_us=0 chrome_us=11143 chrome_prepare_us=6688 chrome_stage_us=4455 read_submit_us=36109 read_complete_us=39582 transfer_wait_us=20690 tile_pixels=0 uniform_pixels=0 overview_pixels=0 fallback_pixels=164864 resident_tiles=0 fallback_tiles=42 pushes=11 tear_wait_us=12831 tear_edge_isr_to_resume_us=11 tear_edge_observed=1 tear_edge_wait_resumed=1 tear_edge_timeout=0 tear_heal_attempted=0 tear_heal_command_sent=0 presentation_experiment=boundary-top-sweep te_edge=rising requested_clock_mhz=50 effective_clock_mhz=40 frame_reused=0 pass=1
[12:25:58] TINYDRAW_GATE1_HARD zoom=100 cold=1 operations=1000 samples=20000 steps=196 tiles=42 scanned=12000 rendered=3168 max_supertask_us=8898 presentation_us=71350 total_us=306682 maximum_wall_us=500000 pass=1
[12:25:58] TINYDRAW_LIVE_PRESENT kind=gate_fallback zoom=400 x=0 y=0 compose_us=15992 scroll_us=0 exposed_compose_us=0 chrome_us=6519 chrome_prepare_us=2268 chrome_stage_us=4251 read_submit_us=22238 read_complete_us=25890 transfer_wait_us=20630 tile_pixels=0 uniform_pixels=0 overview_pixels=0 fallback_pixels=164864 resident_tiles=0 fallback_tiles=42 pushes=11 tear_wait_us=3852 tear_edge_isr_to_resume_us=17 tear_edge_observed=1 tear_edge_wait_resumed=1 tear_edge_timeout=0 tear_heal_attempted=0 tear_heal_command_sent=0 presentation_experiment=boundary-top-sweep te_edge=rising requested_clock_mhz=50 effective_clock_mhz=40 frame_reused=0 pass=1
[12:25:58] TINYDRAW_GATE1_HARD zoom=400 cold=1 operations=1000 samples=20000 steps=200 tiles=42 scanned=12000 rendered=222 max_supertask_us=6833 presentation_us=69714 total_us=203818 maximum_wall_us=500000 pass=1
[12:25:59] TINYDRAW_OVERLAP_WORKLOAD operations=8 samples=1200 radius_world=80
[12:25:59] TINYDRAW_GATE1_PACED_COLD corpus=overlap zoom=50 x=215 y=255 steps=650 tiles=56 compute_us=526537 present_us=88234 touch_us=1074 pacing_us=17708 wall_us=633553 maximum_wall_us=500000 max_tick_us=10259 touch_samples=2771 touch_interval_max_us=1995 touch_read_max_us=599 touch_events=0 touch_down=0 touch_up=0 touch_events_ge_8ms=0 touch_event_age_max_us=0 touch_errors=0 touch_overflows=0 pass=0
[12:26:00] TINYDRAW_GATE1_PACED_COLD corpus=overlap zoom=100 x=583 y=703 steps=319 tiles=48 compute_us=289359 present_us=84923 touch_us=663 pacing_us=7047 wall_us=381992 maximum_wall_us=500000 max_tick_us=10708 touch_samples=453 touch_interval_max_us=1756 touch_read_max_us=536 touch_events=0 touch_down=0 touch_up=0 touch_events_ge_8ms=0 touch_event_age_max_us=0 touch_errors=0 touch_overflows=0 pass=1
[12:26:00] TINYDRAW_GATE1_PACED_COLD corpus=overlap zoom=200 x=1319 y=1599 steps=231 tiles=56 compute_us=267609 present_us=87372 touch_us=546 pacing_us=6449 wall_us=361976 maximum_wall_us=500000 max_tick_us=10021 touch_samples=432 touch_interval_max_us=1487 touch_read_max_us=488 touch_events=0 touch_down=0 touch_up=0 touch_events_ge_8ms=0 touch_event_age_max_us=0 touch_errors=0 touch_overflows=0 pass=1
[12:26:00] TINYDRAW_GATE1_PACED_COLD corpus=overlap zoom=400 x=2791 y=3391 steps=160 tiles=56 compute_us=232015 present_us=82866 touch_us=489 pacing_us=6614 wall_us=321984 maximum_wall_us=500000 max_tick_us=9781 touch_samples=397 touch_interval_max_us=1895 touch_read_max_us=442 touch_events=0 touch_down=0 touch_up=0 touch_events_ge_8ms=0 touch_event_age_max_us=0 touch_errors=0 touch_overflows=0 pass=1
[12:26:01] TINYDRAW_ADVERSARIAL_TAPERED_WORKLOAD operations=128 samples=4096 erasers=12 load_us=188672 appended=1
[12:26:02] TINYDRAW_GENERAL_COLD_WORKLOAD operations=910 samples=12157 hairline_operations=782 hairline_samples=8061 hairline_load_us=1042109 appended=1
[12:26:02] TINYDRAW_GATE1_PACED_COLD corpus=adversarial_tapered_4x+evil_hairlines zoom=50 x=0 y=0 steps=417 tiles=42 compute_us=468868 present_us=72109 touch_us=928 pacing_us=13255 wall_us=555160 maximum_wall_us=500000 max_tick_us=8508 touch_samples=1888 touch_interval_max_us=2009 touch_read_max_us=495 touch_events=0 touch_down=0 touch_up=0 touch_events_ge_8ms=0 touch_event_age_max_us=0 touch_errors=0 touch_overflows=0 pass=0
[12:26:03] TINYDRAW_GATE1_PACED_COLD corpus=adversarial_tapered_4x+evil_hairlines zoom=100 x=0 y=0 steps=814 tiles=42 compute_us=542179 present_us=71352 touch_us=1066 pacing_us=18018 wall_us=632615 maximum_wall_us=500000 max_tick_us=8541 touch_samples=715 touch_interval_max_us=1158 touch_read_max_us=472 touch_events=0 touch_down=0 touch_up=0 touch_events_ge_8ms=0 touch_event_age_max_us=0 touch_errors=0 touch_overflows=0 pass=0
[12:26:04] TINYDRAW_GATE1_PACED_COLD corpus=adversarial_tapered_4x+evil_hairlines zoom=200 x=0 y=0 steps=1442 tiles=42 compute_us=692272 present_us=66887 touch_us=1377 pacing_us=23689 wall_us=784225 maximum_wall_us=500000 max_tick_us=8307 touch_samples=857 touch_interval_max_us=1138 touch_read_max_us=440 touch_events=0 touch_down=0 touch_up=0 touch_events_ge_8ms=0 touch_event_age_max_us=0 touch_errors=0 touch_overflows=0 pass=0
[12:26:05] TINYDRAW_GATE1_PACED_COLD corpus=adversarial_tapered_4x+evil_hairlines zoom=400 x=0 y=0 steps=1184 tiles=42 compute_us=679677 present_us=67997 touch_us=1297 pacing_us=20142 wall_us=769113 maximum_wall_us=500000 max_tick_us=8601 touch_samples=841 touch_interval_max_us=1145 touch_read_max_us=452 touch_events=0 touch_down=0 touch_up=0 touch_events_ge_8ms=0 touch_event_age_max_us=0 touch_errors=0 touch_overflows=0 pass=0
[12:26:05] TINYDRAW_GATE1_WORKLOAD kind=realistic seed=7 operations=1000 samples=19844 maximum_stroke=198 load_us=505526 raw_source=1 lod_copies=0
[12:26:06] TINYDRAW_GATE1_PACED_COLD corpus=seed7 zoom=400 x=63 y=63 steps=326 tiles=56 compute_us=283277 present_us=89091 touch_us=528 pacing_us=8081 wall_us=380977 maximum_wall_us=500000 max_tick_us=10655 touch_samples=1072 touch_interval_max_us=1607 touch_read_max_us=463 touch_events=0 touch_down=0 touch_up=0 touch_events_ge_8ms=0 touch_event_age_max_us=0 touch_errors=0 touch_overflows=0 pass=1
[12:26:06] TINYDRAW_LIVE_PRESENT kind=gate_fallback zoom=100 x=0 y=0 compose_us=16985 scroll_us=0 exposed_compose_us=0 chrome_us=6672 chrome_prepare_us=2231 chrome_stage_us=4441 read_submit_us=29319 read_complete_us=32973 transfer_wait_us=20626 tile_pixels=0 uniform_pixels=0 overview_pixels=0 fallback_pixels=164864 resident_tiles=0 fallback_tiles=42 pushes=11 tear_wait_us=9976 tear_edge_isr_to_resume_us=19 tear_edge_observed=1 tear_edge_wait_resumed=1 tear_edge_timeout=0 tear_heal_attempted=0 tear_heal_command_sent=0 presentation_experiment=boundary-top-sweep te_edge=rising requested_clock_mhz=50 effective_clock_mhz=40 frame_reused=0 pass=1
[12:26:06] TINYDRAW_GATE1_HARD zoom=100 cold=1 operations=1000 samples=19844 steps=387 tiles=42 scanned=12000 rendered=9976 max_supertask_us=7135 presentation_us=70595 total_us=451662 maximum_wall_us=500000 pass=1
[12:26:06] TINYDRAW_GATE1_OVERLAY_CANVAS regions=zoom,minimap,toolbar,battery operations=4 presentation_mutations=0 authority=1 pass=1
[12:26:07] TINYDRAW_GATE1_LIVE_OVERLAY clear_updates=48 clear_wall_max_us=3941 clear_submit_max_us=2137 clear_complete_max_us=3066 overlay_updates=48 overlay_wall_max_us=3916 overlay_submit_max_us=2062 overlay_complete_max_us=3178 overlay_chrome_max_us=224 clear_failures=0 overlay_failures=0 pass=1
[12:26:07] TINYDRAW_EDGE_INK corners=4 edge_failures=0 pass=1
[12:26:07] TINYDRAW_GATE1_PAN zoom=100 from_x=0 from_y=0 to_x=88 to_y=88 compose_us=16063 scroll_us=13 exposed_compose_us=16050 chrome_us=2411 event_submit_us=29978 event_complete_us=33296 transfer_us=16036 setup=1 present=1 moved=1 frame_reused=1 pass=1
[12:26:08] TINYDRAW_LIVE_PRESENT kind=gate_fallback zoom=400 x=0 y=0 compose_us=16045 scroll_us=0 exposed_compose_us=0 chrome_us=6498 chrome_prepare_us=2238 chrome_stage_us=4260 read_submit_us=23825 read_complete_us=27494 transfer_wait_us=20616 tile_pixels=0 uniform_pixels=0 overview_pixels=0 fallback_pixels=164864 resident_tiles=0 fallback_tiles=42 pushes=11 tear_wait_us=5414 tear_edge_isr_to_resume_us=18 tear_edge_observed=1 tear_edge_wait_resumed=1 tear_edge_timeout=0 tear_heal_attempted=0 tear_heal_command_sent=0 presentation_experiment=boundary-top-sweep te_edge=rising requested_clock_mhz=50 effective_clock_mhz=40 frame_reused=0 pass=1
[12:26:08] TINYDRAW_GATE1_HARD zoom=400 cold=1 operations=1008 samples=19852 steps=249 tiles=42 scanned=12096 rendered=1034 max_supertask_us=9605 presentation_us=71046 total_us=277104 maximum_wall_us=500000 pass=1
[12:26:08] TINYDRAW_GATE1_PAN zoom=400 from_x=0 from_y=0 to_x=88 to_y=88 compose_us=16040 scroll_us=13 exposed_compose_us=16027 chrome_us=2241 event_submit_us=29514 event_complete_us=32816 transfer_us=16521 setup=1 present=1 moved=1 frame_reused=1 pass=1
[12:26:12] TINYDRAW_PANSEQ_FRAME zoom=100 step=0 dx=24 dy=18 scroll_us=13 exposed_compose_us=4842 chrome_us=2413 tear_wait_us=8214 present_us=16761 prepare_us=11102 acquire_wait_us=26 ring_copy_us=8671 patch_us=2415 byte_swap_us=16 staging_us=3873 event_submit_us=13212 event_complete_us=16505 frame_us=29984 tear_edge_observed=1 frame_reused=1 pass=1
[12:26:12] TINYDRAW_PANSEQ_FRAME zoom=100 step=1 dx=24 dy=18 scroll_us=10 exposed_compose_us=4864 chrome_us=2407 tear_wait_us=11723 present_us=16187 prepare_us=11048 acquire_wait_us=27 ring_copy_us=8610 patch_us=2418 byte_swap_us=20 staging_us=3921 event_submit_us=16725 event_complete_us=20026 frame_us=32907 tear_edge_observed=1 frame_reused=1 pass=1
[12:26:12] TINYDRAW_PANSEQ_FRAME zoom=100 step=2 dx=24 dy=18 scroll_us=11 exposed_compose_us=4536 chrome_us=2382 tear_wait_us=12637 present_us=16615 prepare_us=11028 acquire_wait_us=29 ring_copy_us=8621 patch_us=2388 byte_swap_us=19 staging_us=3890 event_submit_us=17318 event_complete_us=20571 frame_us=33930 tear_edge_observed=1 frame_reused=1 pass=1
[12:26:12] TINYDRAW_PANSEQ_FRAME zoom=100 step=3 dx=24 dy=18 scroll_us=10 exposed_compose_us=5068 chrome_us=2421 tear_wait_us=11662 present_us=16043 prepare_us=11071 acquire_wait_us=28 ring_copy_us=8623 patch_us=2429 byte_swap_us=19 staging_us=3905 event_submit_us=16889 event_complete_us=20189 frame_us=32922 tear_edge_observed=1 frame_reused=1 pass=1
[12:26:12] TINYDRAW_PANSEQ_FRAME zoom=100 step=4 dx=24 dy=18 scroll_us=11 exposed_compose_us=4667 chrome_us=2449 tear_wait_us=12650 present_us=16468 prepare_us=11068 acquire_wait_us=25 ring_copy_us=8600 patch_us=2452 byte_swap_us=16 staging_us=3878 event_submit_us=17466 event_complete_us=20742 frame_us=33929 tear_edge_observed=1 frame_reused=1 pass=1
[12:26:12] TINYDRAW_PANSEQ_FRAME zoom=100 step=5 dx=24 dy=18 scroll_us=10 exposed_compose_us=4893 chrome_us=2415 tear_wait_us=12001 present_us=16890 prepare_us=11034 acquire_wait_us=26 ring_copy_us=8589 patch_us=2425 byte_swap_us=20 staging_us=3953 event_submit_us=17036 event_complete_us=20341 frame_us=33921 tear_edge_observed=1 frame_reused=1 pass=1
[12:26:12] TINYDRAW_PANSEQ_FRAME zoom=100 step=6 dx=24 dy=18 scroll_us=11 exposed_compose_us=4533 chrome_us=2393 tear_wait_us=11944 present_us=16311 prepare_us=11076 acquire_wait_us=24 ring_copy_us=8658 patch_us=2399 byte_swap_us=19 staging_us=3895 event_submit_us=16632 event_complete_us=19910 frame_us=32928 tear_edge_observed=1 frame_reused=1 pass=1
[12:26:12] TINYDRAW_PANSEQ_FRAME zoom=100 step=7 dx=24 dy=18 scroll_us=10 exposed_compose_us=4964 chrome_us=2398 tear_wait_us=12074 present_us=16748 prepare_us=11100 acquire_wait_us=27 ring_copy_us=8673 patch_us=2407 byte_swap_us=20 staging_us=3884 event_submit_us=17179 event_complete_us=20481 frame_us=33934 tear_edge_observed=1 frame_reused=1 pass=1
[12:26:12] TINYDRAW_PANSEQ_FRAME zoom=100 step=8 dx=24 dy=18 scroll_us=11 exposed_compose_us=4939 chrome_us=2408 tear_wait_us=11668 present_us=16168 prepare_us=11100 acquire_wait_us=30 ring_copy_us=8666 patch_us=2415 byte_swap_us=19 staging_us=3865 event_submit_us=16753 event_complete_us=20058 frame_us=32916 tear_edge_observed=1 frame_reused=1 pass=1
[12:26:12] TINYDRAW_PANSEQ_FRAME zoom=100 step=9 dx=24 dy=18 scroll_us=10 exposed_compose_us=4924 chrome_us=2405 tear_wait_us=12285 present_us=16577 prepare_us=10932 acquire_wait_us=32 ring_copy_us=8499 patch_us=2413 byte_swap_us=20 staging_us=3991 event_submit_us=17350 event_complete_us=20621 frame_us=33923 tear_edge_observed=1 frame_reused=1 pass=1
[12:26:13] TINYDRAW_PANSEQ_FRAME zoom=100 step=10 dx=24 dy=18 scroll_us=11 exposed_compose_us=4622 chrome_us=2411 tear_wait_us=12179 present_us=15986 prepare_us=11071 acquire_wait_us=29 ring_copy_us=8609 patch_us=2432 byte_swap_us=30 staging_us=3900 event_submit_us=16946 event_complete_us=20223 frame_us=32927 tear_edge_observed=1 frame_reused=1 pass=1
[12:26:13] TINYDRAW_PANSEQ_FRAME zoom=100 step=11 dx=24 dy=18 scroll_us=10 exposed_compose_us=5446 chrome_us=2410 tear_wait_us=11942 present_us=16397 prepare_us=11018 acquire_wait_us=26 ring_copy_us=8572 patch_us=2427 byte_swap_us=19 staging_us=3931 event_submit_us=17530 event_complete_us=20801 frame_us=33923 tear_edge_observed=1 frame_reused=1 pass=1
[12:26:13] TINYDRAW_PANSEQ_FRAME zoom=100 step=12 dx=24 dy=18 scroll_us=11 exposed_compose_us=4747 chrome_us=2448 tear_wait_us=12238 present_us=16812 prepare_us=11144 acquire_wait_us=28 ring_copy_us=8669 patch_us=2457 byte_swap_us=18 staging_us=3839 event_submit_us=17129 event_complete_us=20424 frame_us=33936 tear_edge_observed=1 frame_reused=1 pass=1
[12:26:13] TINYDRAW_PANSEQ_FRAME zoom=100 step=13 dx=24 dy=18 scroll_us=9 exposed_compose_us=4936 chrome_us=2395 tear_wait_us=11629 present_us=16211 prepare_us=11032 acquire_wait_us=26 ring_copy_us=8603 patch_us=2404 byte_swap_us=25 staging_us=3921 event_submit_us=16707 event_complete_us=19983 frame_us=32914 tear_edge_observed=1 frame_reused=1 pass=1
[12:26:13] TINYDRAW_PANSEQ_FRAME zoom=100 step=14 dx=24 dy=18 scroll_us=11 exposed_compose_us=4800 chrome_us=2392 tear_wait_us=12359 present_us=16621 prepare_us=11032 acquire_wait_us=28 ring_copy_us=8620 patch_us=2394 byte_swap_us=18 staging_us=3897 event_submit_us=17311 event_complete_us=20573 frame_us=33927 tear_edge_observed=1 frame_reused=1 pass=1
[12:26:13] TINYDRAW_PANSEQ_FRAME zoom=100 step=15 dx=24 dy=18 scroll_us=10 exposed_compose_us=5076 chrome_us=2403 tear_wait_us=11659 present_us=16040 prepare_us=11068 acquire_wait_us=26 ring_copy_us=8634 patch_us=2412 byte_swap_us=22 staging_us=3902 event_submit_us=16893 event_complete_us=20181 frame_us=32923 tear_edge_observed=1 frame_reused=1 pass=1
[12:26:13] TINYDRAW_PANSEQ_FRAME zoom=100 step=16 dx=72 dy=54 scroll_us=11 exposed_compose_us=13090 chrome_us=2458 tear_wait_us=4244 present_us=16452 prepare_us=11059 acquire_wait_us=29 ring_copy_us=8572 patch_us=2471 byte_swap_us=16 staging_us=3868 event_submit_us=17481 event_complete_us=20746 frame_us=33927 tear_edge_observed=1 frame_reused=1 pass=1
[12:26:13] TINYDRAW_PANSEQ_FRAME zoom=100 step=17 dx=72 dy=54 scroll_us=10 exposed_compose_us=12854 chrome_us=2408 tear_wait_us=4065 present_us=16864 prepare_us=11015 acquire_wait_us=26 ring_copy_us=8576 patch_us=2420 byte_swap_us=19 staging_us=3955 event_submit_us=17063 event_complete_us=20353 frame_us=33923 tear_edge_observed=1 frame_reused=1 pass=1
[12:26:13] TINYDRAW_PANSEQ_FRAME zoom=100 step=18 dx=72 dy=54 scroll_us=11 exposed_compose_us=12154 chrome_us=2395 tear_wait_us=4360 present_us=16274 prepare_us=11068 acquire_wait_us=28 ring_copy_us=8650 patch_us=2399 byte_swap_us=19 staging_us=3886 event_submit_us=16671 event_complete_us=19937 frame_us=32928 tear_edge_observed=1 frame_reused=1 pass=1
[12:26:13] TINYDRAW_PANSEQ_FRAME zoom=100 step=19 dx=72 dy=54 scroll_us=9 exposed_compose_us=12419 chrome_us=2400 tear_wait_us=4679 present_us=16688 prepare_us=11054 acquire_wait_us=29 ring_copy_us=8624 patch_us=2413 byte_swap_us=17 staging_us=3916 event_submit_us=17238 event_complete_us=20526 frame_us=33924 tear_edge_observed=1 frame_reused=1 pass=1
[12:26:13] TINYDRAW_PANSEQ_FRAME zoom=100 step=20 dx=-72 dy=-54 scroll_us=11 exposed_compose_us=13168 chrome_us=2410 tear_wait_us=3520 present_us=16087 prepare_us=11073 acquire_wait_us=34 ring_copy_us=8634 patch_us=2420 byte_swap_us=19 staging_us=3853 event_submit_us=16833 event_complete_us=20105 frame_us=32915 tear_edge_observed=1 frame_reused=1 pass=1
[12:26:13] TINYDRAW_PANSEQ_FRAME zoom=100 step=21 dx=-72 dy=-54 scroll_us=10 exposed_compose_us=12983 chrome_us=2425 tear_wait_us=4299 present_us=16505 prepare_us=10971 acquire_wait_us=25 ring_copy_us=8517 patch_us=2436 byte_swap_us=18 staging_us=3945 event_submit_us=17426 event_complete_us=20678 frame_us=33924 tear_edge_observed=1 frame_reused=1 pass=1
[12:26:13] TINYDRAW_PANSEQ_FRAME zoom=100 step=22 dx=-72 dy=-54 scroll_us=11 exposed_compose_us=12947 chrome_us=2396 tear_wait_us=3921 present_us=15928 prepare_us=11076 acquire_wait_us=30 ring_copy_us=8651 patch_us=2406 byte_swap_us=19 staging_us=3869 event_submit_us=17012 event_complete_us=20270 frame_us=32937 tear_edge_observed=1 frame_reused=1 pass=1
[12:26:13] TINYDRAW_PANSEQ_FRAME zoom=100 step=23 dx=-72 dy=-54 scroll_us=10 exposed_compose_us=12554 chrome_us=2424 tear_wait_us=4872 present_us=16342 prepare_us=11022 acquire_wait_us=27 ring_copy_us=8582 patch_us=2422 byte_swap_us=18 staging_us=3906 event_submit_us=17576 event_complete_us=20842 frame_us=33915 tear_edge_observed=1 frame_reused=1 pass=1
[12:26:13] TINYDRAW_PANSEQ_STRIP zoom=100 strip=0 panel_y=0 rows=44 samples=24 staging_mean_us=1417 staging_max_us=1449 wire_budget_us=1619 over_budget_us=0 pass=1
[12:26:13] TINYDRAW_PANSEQ_STRIP zoom=100 strip=1 panel_y=44 rows=44 samples=24 staging_mean_us=1263 staging_max_us=1286 wire_budget_us=1619 over_budget_us=0 pass=1
[12:26:13] TINYDRAW_PANSEQ_STRIP zoom=100 strip=2 panel_y=88 rows=44 samples=24 staging_mean_us=1215 staging_max_us=1228 wire_budget_us=1619 over_budget_us=0 pass=1
[12:26:13] TINYDRAW_PANSEQ_STRIP zoom=100 strip=3 panel_y=132 rows=44 samples=24 staging_mean_us=1211 staging_max_us=1226 wire_budget_us=1619 over_budget_us=0 pass=1
[12:26:13] TINYDRAW_PANSEQ_STRIP zoom=100 strip=4 panel_y=176 rows=44 samples=24 staging_mean_us=1209 staging_max_us=1224 wire_budget_us=1619 over_budget_us=0 pass=1
[12:26:13] TINYDRAW_PANSEQ_STRIP zoom=100 strip=5 panel_y=220 rows=44 samples=24 staging_mean_us=1241 staging_max_us=1261 wire_budget_us=1619 over_budget_us=0 pass=1
[12:26:13] TINYDRAW_PANSEQ_STRIP zoom=100 strip=6 panel_y=264 rows=44 samples=24 staging_mean_us=1431 staging_max_us=1466 wire_budget_us=1619 over_budget_us=0 pass=1
[12:26:13] TINYDRAW_PANSEQ_STRIP zoom=100 strip=7 panel_y=308 rows=44 samples=24 staging_mean_us=1416 staging_max_us=1435 wire_budget_us=1619 over_budget_us=0 pass=1
[12:26:13] TINYDRAW_PANSEQ_STRIP zoom=100 strip=8 panel_y=352 rows=20 samples=24 staging_mean_us=671 staging_max_us=711 wire_budget_us=736 over_budget_us=0 pass=1
[12:26:13] TINYDRAW_GATE1_PANSEQ zoom=100 frames=24 scroll_avg_us=10 exposed_avg_us=7501 chrome_avg_us=2411 tear_wait_avg_us=9284 present_avg_us=16415 prepare_avg_us=11052 acquire_wait_avg_us=27 ring_copy_avg_us=8613 patch_avg_us=2419 byte_swap_avg_us=19 staging_avg_us=3901 frame_avg_us=33343 frame_p50_us=33915 frame_p95_us=33934 frame_max_us=33936 complete_p50_us=20341 complete_p95_us=20801 complete_max_us=20842 tear_edge_failures=0 presentation_experiment=boundary-top-sweep te_edge=rising requested_clock_mhz=50 effective_clock_mhz=40 chrome_bottom_redraws=0 chrome_battery_redraws=0 chrome_zoom_redraws=0 chrome_minimap_base_redraws=0 strip_samples=216 staging_mean_us=1231 staging_max_us=1466 worst_strip=8 worst_strip_y=352 worst_wire_budget_us=736 worst_headroom_us=25 staging_invariant=1 pacing_pass=1 all_reused=1 pass=1
[12:26:16] TINYDRAW_PANSEQ_FRAME zoom=400 step=0 dx=24 dy=18 scroll_us=13 exposed_compose_us=4812 chrome_us=2284 tear_wait_us=7539 present_us=16466 prepare_us=10901 acquire_wait_us=26 ring_copy_us=8596 patch_us=2286 byte_swap_us=19 staging_us=4062 event_submit_us=12515 event_complete_us=15797 frame_us=28972 tear_edge_observed=1 frame_reused=1 pass=1
[12:26:16] TINYDRAW_PANSEQ_FRAME zoom=400 step=1 dx=24 dy=18 scroll_us=10 exposed_compose_us=4813 chrome_us=2228 tear_wait_us=12086 present_us=16877 prepare_us=10843 acquire_wait_us=30 ring_copy_us=8590 patch_us=2232 byte_swap_us=21 staging_us=4158 event_submit_us=17045 event_complete_us=20354 frame_us=33918 tear_edge_observed=1 frame_reused=1 pass=1
[12:26:16] TINYDRAW_PANSEQ_FRAME zoom=400 step=2 dx=24 dy=18 scroll_us=10 exposed_compose_us=4427 chrome_us=2233 tear_wait_us=12083 present_us=16280 prepare_us=10878 acquire_wait_us=24 ring_copy_us=8629 patch_us=2229 byte_swap_us=20 staging_us=4087 event_submit_us=16672 event_complete_us=19951 frame_us=32928 tear_edge_observed=1 frame_reused=1 pass=1
[12:26:16] TINYDRAW_PANSEQ_FRAME zoom=400 step=3 dx=24 dy=18 scroll_us=10 exposed_compose_us=4861 chrome_us=2229 tear_wait_us=12241 present_us=16686 prepare_us=10875 acquire_wait_us=30 ring_copy_us=8621 patch_us=2235 byte_swap_us=19 staging_us=4099 event_submit_us=17241 event_complete_us=20533 frame_us=33924 tear_edge_observed=1 frame_reused=1 pass=1
[12:26:16] TINYDRAW_PANSEQ_FRAME zoom=400 step=4 dx=24 dy=18 scroll_us=10 exposed_compose_us=4387 chrome_us=2237 tear_wait_us=12291 present_us=16098 prepare_us=10906 acquire_wait_us=29 ring_copy_us=8641 patch_us=2246 byte_swap_us=19 staging_us=4071 event_submit_us=16822 event_complete_us=20136 frame_us=32916 tear_edge_observed=1 frame_reused=1 pass=1
[12:26:16] TINYDRAW_PANSEQ_FRAME zoom=400 step=5 dx=24 dy=18 scroll_us=10 exposed_compose_us=4708 chrome_us=2243 tear_wait_us=12563 present_us=16514 prepare_us=10784 acquire_wait_us=25 ring_copy_us=8515 patch_us=2250 byte_swap_us=19 staging_us=4160 event_submit_us=17418 event_complete_us=20688 frame_us=33924 tear_edge_observed=1 frame_reused=1 pass=1
[12:26:16] TINYDRAW_PANSEQ_FRAME zoom=400 step=6 dx=24 dy=18 scroll_us=11 exposed_compose_us=4543 chrome_us=2207 tear_wait_us=12327 present_us=16920 prepare_us=10890 acquire_wait_us=27 ring_copy_us=8653 patch_us=2219 byte_swap_us=18 staging_us=4107 event_submit_us=17012 event_complete_us=20312 frame_us=33927 tear_edge_observed=1 frame_reused=1 pass=1
[12:26:16] TINYDRAW_PANSEQ_FRAME zoom=400 step=7 dx=24 dy=18 scroll_us=10 exposed_compose_us=5149 chrome_us=2219 tear_wait_us=11322 present_us=16324 prepare_us=10866 acquire_wait_us=23 ring_copy_us=8613 patch_us=2235 byte_swap_us=18 staging_us=4083 event_submit_us=16602 event_complete_us=19880 frame_us=32923 tear_edge_observed=1 frame_reused=1 pass=1
[12:26:16] TINYDRAW_PANSEQ_FRAME zoom=400 step=8 dx=24 dy=18 scroll_us=10 exposed_compose_us=5191 chrome_us=2223 tear_wait_us=11860 present_us=16737 prepare_us=10931 acquire_wait_us=26 ring_copy_us=8684 patch_us=2230 byte_swap_us=17 staging_us=4059 event_submit_us=17196 event_complete_us=20491 frame_us=33941 tear_edge_observed=1 frame_reused=1 pass=1
[12:26:16] TINYDRAW_PANSEQ_FRAME zoom=400 step=9 dx=24 dy=18 scroll_us=9 exposed_compose_us=5156 chrome_us=2236 tear_wait_us=11457 present_us=16162 prepare_us=10856 acquire_wait_us=28 ring_copy_us=8593 patch_us=2244 byte_swap_us=19 staging_us=4098 event_submit_us=16753 event_complete_us=20035 frame_us=32910 tear_edge_observed=1 frame_reused=1 pass=1
[12:26:16] TINYDRAW_PANSEQ_FRAME zoom=400 step=10 dx=24 dy=18 scroll_us=10 exposed_compose_us=4834 chrome_us=2210 tear_wait_us=12367 present_us=16589 prepare_us=10844 acquire_wait_us=29 ring_copy_us=8607 patch_us=2219 byte_swap_us=18 staging_us=4089 event_submit_us=17344 event_complete_us=20613 frame_us=33929 tear_edge_observed=1 frame_reused=1 pass=1
[12:26:16] TINYDRAW_PANSEQ_FRAME zoom=400 step=11 dx=24 dy=18 scroll_us=10 exposed_compose_us=5697 chrome_us=2242 tear_wait_us=11093 present_us=15998 prepare_us=10853 acquire_wait_us=31 ring_copy_us=8580 patch_us=2255 byte_swap_us=18 staging_us=4089 event_submit_us=16928 event_complete_us=20198 frame_us=32922 tear_edge_observed=1 frame_reused=1 pass=1
[12:26:16] TINYDRAW_PANSEQ_FRAME zoom=400 step=12 dx=24 dy=18 scroll_us=10 exposed_compose_us=5053 chrome_us=2264 tear_wait_us=12313 present_us=16430 prepare_us=10866 acquire_wait_us=29 ring_copy_us=8565 patch_us=2282 byte_swap_us=19 staging_us=4063 event_submit_us=17502 event_complete_us=20770 frame_us=33930 tear_edge_observed=1 frame_reused=1 pass=1
[12:26:16] TINYDRAW_PANSEQ_FRAME zoom=400 step=13 dx=24 dy=18 scroll_us=9 exposed_compose_us=5261 chrome_us=2229 tear_wait_us=11690 present_us=16836 prepare_us=10868 acquire_wait_us=26 ring_copy_us=8603 patch_us=2237 byte_swap_us=28 staging_us=4103 event_submit_us=17090 event_complete_us=20397 frame_us=33921 tear_edge_observed=1 frame_reused=1 pass=1
[12:26:17] TINYDRAW_PANSEQ_FRAME zoom=400 step=14 dx=24 dy=18 scroll_us=10 exposed_compose_us=5026 chrome_us=2204 tear_wait_us=11532 present_us=16233 prepare_us=10880 acquire_wait_us=26 ring_copy_us=8649 patch_us=2212 byte_swap_us=19 staging_us=4062 event_submit_us=16701 event_complete_us=19963 frame_us=32928 tear_edge_observed=1 frame_reused=1 pass=1
[12:26:17] TINYDRAW_PANSEQ_FRAME zoom=400 step=15 dx=24 dy=18 scroll_us=10 exposed_compose_us=5369 chrome_us=2218 tear_wait_us=11776 present_us=16637 prepare_us=10822 acquire_wait_us=30 ring_copy_us=8583 patch_us=2221 byte_swap_us=18 staging_us=4108 event_submit_us=17290 event_complete_us=20541 frame_us=33924 tear_edge_observed=1 frame_reused=1 pass=1
[12:26:17] TINYDRAW_PANSEQ_FRAME zoom=400 step=16 dx=72 dy=54 scroll_us=10 exposed_compose_us=13880 chrome_us=2230 tear_wait_us=2873 present_us=16025 prepare_us=10918 acquire_wait_us=28 ring_copy_us=8655 patch_us=2243 byte_swap_us=20 staging_us=4046 event_submit_us=16913 event_complete_us=20196 frame_us=32927 tear_edge_observed=1 frame_reused=1 pass=1
[12:26:17] TINYDRAW_PANSEQ_FRAME zoom=400 step=17 dx=72 dy=54 scroll_us=10 exposed_compose_us=13533 chrome_us=2279 tear_wait_us=3818 present_us=16429 prepare_us=10813 acquire_wait_us=27 ring_copy_us=8516 patch_us=2279 byte_swap_us=18 staging_us=4092 event_submit_us=17497 event_complete_us=20745 frame_us=33924 tear_edge_observed=1 frame_reused=1 pass=1
[12:26:17] TINYDRAW_PANSEQ_FRAME zoom=400 step=18 dx=72 dy=54 scroll_us=11 exposed_compose_us=13540 chrome_us=2253 tear_wait_us=3408 present_us=16829 prepare_us=10909 acquire_wait_us=27 ring_copy_us=8636 patch_us=2254 byte_swap_us=19 staging_us=4053 event_submit_us=17102 event_complete_us=20395 frame_us=33927 tear_edge_observed=1 frame_reused=1 pass=1
[12:26:17] TINYDRAW_PANSEQ_FRAME zoom=400 step=19 dx=72 dy=54 scroll_us=10 exposed_compose_us=14363 chrome_us=2211 tear_wait_us=2196 present_us=16225 prepare_us=10853 acquire_wait_us=26 ring_copy_us=8615 patch_us=2219 byte_swap_us=19 staging_us=4072 event_submit_us=16702 event_complete_us=19948 frame_us=32923 tear_edge_observed=1 frame_reused=1 pass=1
[12:26:17] TINYDRAW_PANSEQ_FRAME zoom=400 step=20 dx=-72 dy=-54 scroll_us=11 exposed_compose_us=13986 chrome_us=2199 tear_wait_us=3180 present_us=16622 prepare_us=10850 acquire_wait_us=30 ring_copy_us=8620 patch_us=2205 byte_swap_us=25 staging_us=4065 event_submit_us=17311 event_complete_us=20553 frame_us=33929 tear_edge_observed=1 frame_reused=1 pass=1
[12:26:17] TINYDRAW_PANSEQ_FRAME zoom=400 step=21 dx=-72 dy=-54 scroll_us=21 exposed_compose_us=13623 chrome_us=2237 tear_wait_us=3137 present_us=16018 prepare_us=10867 acquire_wait_us=30 ring_copy_us=8601 patch_us=2247 byte_swap_us=19 staging_us=4067 event_submit_us=16913 event_complete_us=20171 frame_us=32922 tear_edge_observed=1 frame_reused=1 pass=1
[12:26:17] TINYDRAW_PANSEQ_FRAME zoom=400 step=22 dx=-72 dy=-54 scroll_us=10 exposed_compose_us=13509 chrome_us=2247 tear_wait_us=3869 present_us=16415 prepare_us=10842 acquire_wait_us=24 ring_copy_us=8558 patch_us=2263 byte_swap_us=21 staging_us=4068 event_submit_us=17517 event_complete_us=20769 frame_us=33930 tear_edge_observed=1 frame_reused=1 pass=1
[12:26:17] TINYDRAW_PANSEQ_FRAME zoom=400 step=23 dx=-72 dy=-54 scroll_us=9 exposed_compose_us=12629 chrome_us=2242 tear_wait_us=4338 present_us=16819 prepare_us=10850 acquire_wait_us=25 ring_copy_us=8580 patch_us=2253 byte_swap_us=17 staging_us=4098 event_submit_us=17106 event_complete_us=20396 frame_us=33922 tear_edge_observed=1 frame_reused=1 pass=1
[12:26:17] TINYDRAW_PANSEQ_STRIP zoom=400 strip=0 panel_y=0 rows=44 samples=24 staging_mean_us=1416 staging_max_us=1446 wire_budget_us=1619 over_budget_us=0 pass=1
[12:26:17] TINYDRAW_PANSEQ_STRIP zoom=400 strip=1 panel_y=44 rows=44 samples=24 staging_mean_us=1260 staging_max_us=1282 wire_budget_us=1619 over_budget_us=0 pass=1
[12:26:17] TINYDRAW_PANSEQ_STRIP zoom=400 strip=2 panel_y=88 rows=44 samples=24 staging_mean_us=1217 staging_max_us=1228 wire_budget_us=1619 over_budget_us=0 pass=1
[12:26:17] TINYDRAW_PANSEQ_STRIP zoom=400 strip=3 panel_y=132 rows=44 samples=24 staging_mean_us=1211 staging_max_us=1232 wire_budget_us=1619 over_budget_us=0 pass=1
[12:26:17] TINYDRAW_PANSEQ_STRIP zoom=400 strip=4 panel_y=176 rows=44 samples=24 staging_mean_us=1210 staging_max_us=1224 wire_budget_us=1619 over_budget_us=0 pass=1
[12:26:17] TINYDRAW_PANSEQ_STRIP zoom=400 strip=5 panel_y=220 rows=44 samples=24 staging_mean_us=1197 staging_max_us=1211 wire_budget_us=1619 over_budget_us=0 pass=1
[12:26:17] TINYDRAW_PANSEQ_STRIP zoom=400 strip=6 panel_y=264 rows=44 samples=24 staging_mean_us=1383 staging_max_us=1412 wire_budget_us=1619 over_budget_us=0 pass=1
[12:26:17] TINYDRAW_PANSEQ_STRIP zoom=400 strip=7 panel_y=308 rows=44 samples=24 staging_mean_us=1369 staging_max_us=1390 wire_budget_us=1619 over_budget_us=0 pass=1
[12:26:17] TINYDRAW_PANSEQ_STRIP zoom=400 strip=8 panel_y=352 rows=20 samples=24 staging_mean_us=626 staging_max_us=667 wire_budget_us=736 over_budget_us=0 pass=1
[12:26:17] TINYDRAW_GATE1_PANSEQ zoom=400 frames=24 scroll_avg_us=10 exposed_avg_us=7847 chrome_avg_us=2233 tear_wait_avg_us=8889 present_avg_us=16465 prepare_avg_us=10865 acquire_wait_avg_us=27 ring_copy_avg_us=8604 patch_avg_us=2241 byte_swap_avg_us=19 staging_avg_us=4085 frame_avg_us=33343 frame_p50_us=33921 frame_p95_us=33930 frame_max_us=33941 complete_p50_us=20354 complete_p95_us=20769 complete_max_us=20770 tear_edge_failures=0 presentation_experiment=boundary-top-sweep te_edge=rising requested_clock_mhz=50 effective_clock_mhz=40 chrome_bottom_redraws=0 chrome_battery_redraws=0 chrome_zoom_redraws=0 chrome_minimap_base_redraws=0 strip_samples=216 staging_mean_us=1210 staging_max_us=1446 worst_strip=8 worst_strip_y=352 worst_wire_budget_us=736 worst_headroom_us=69 staging_invariant=1 pacing_pass=1 all_reused=1 pass=1
[12:26:17] TINYDRAW_GATE1_PAN_BOUNDARY zoom=100 slow_1px_trace=1 below_delta=94 below_reused=1 at_delta=96 at_reused=1 above_delta=98 above_fallback=1 pass=1
[12:26:18] TINYDRAW_GATE1_PAN_BOUNDARY zoom=400 slow_1px_trace=1 below_delta=94 below_reused=1 at_delta=96 at_reused=1 above_delta=98 above_fallback=1 pass=1
[12:26:18] TINYDRAW_GATE1_DRAW_FILL zoom=400 revision=2930 append_us=898 poll_gap_us=96 event_submit_us=223 event_complete_us=2208 max_compute_slice_us=4915 max_display_slice_us=16970 fill_us=283987 revision_restarted=1 pass=1
[12:26:19] TINYDRAW_GATE1_CACHE_FILL zoom=50 x=63 y=63 published=56 total_us=754972 within_cold_gate=0 complete=1
[12:26:20] TINYDRAW_GATE1_CACHE_FILL zoom=100 x=63 y=63 published=56 total_us=610972 within_cold_gate=0 complete=1
[12:26:20] TINYDRAW_GATE1_CACHE_FILL zoom=200 x=63 y=63 published=56 total_us=455969 within_cold_gate=1 complete=1
[12:26:20] TINYDRAW_GATE1_CACHE_FILL zoom=400 x=63 y=63 published=56 total_us=393971 within_cold_gate=1 complete=1
[12:26:21] TINYDRAW_GATE1_CACHE_REVISIT zoom=50 remaining=0 tile_pixels=118128 fallback_pixels=0 compose_us=18002 complete_us=20996 hit=1
[12:26:21] TINYDRAW_GATE1_CACHE_REVISIT zoom=100 remaining=0 tile_pixels=164864 fallback_pixels=0 compose_us=19982 complete_us=20602 hit=1
[12:26:21] TINYDRAW_GATE1_CACHE_REVISIT zoom=200 remaining=0 tile_pixels=164864 fallback_pixels=0 compose_us=20884 complete_us=20198 hit=1
[12:26:21] TINYDRAW_GATE1_CACHE_REVISIT zoom=400 remaining=0 tile_pixels=164608 fallback_pixels=0 compose_us=21756 complete_us=20794 hit=1
[12:26:21] TINYDRAW_GATE1_CACHE_FILL zoom=400 x=575 y=575 published=56 total_us=431972 within_cold_gate=1 complete=1
[12:26:21] TINYDRAW_GATE1_CACHE_ROUND_TRIP zoom=50 from_x=63 from_y=63 via_x=575 via_y=575 remaining=0 tile_pixels=118128 fallback_pixels=0 compose_us=18004 complete_us=20321 hit=1
[12:26:21] TINYDRAW_GATE1_CACHE_ROUND_TRIP zoom=100 from_x=63 from_y=63 via_x=575 via_y=575 remaining=0 tile_pixels=164864 fallback_pixels=0 compose_us=20049 complete_us=20875 hit=1
[12:26:21] TINYDRAW_GATE1_CACHE_ROUND_TRIP zoom=200 from_x=63 from_y=63 via_x=575 via_y=575 remaining=0 tile_pixels=164864 fallback_pixels=0 compose_us=20957 complete_us=20431 hit=1
[12:26:21] TINYDRAW_GATE1_CACHE_ROUND_TRIP zoom=400 from_x=63 from_y=63 via_x=575 via_y=575 remaining=0 tile_pixels=164608 fallback_pixels=0 compose_us=22003 complete_us=21011 hit=1
[12:26:21] TINYDRAW_GATE1_CACHE_RETENTION pass=1 slots=448 revision=2930
[12:26:23] TINYDRAW_PAPER_SWEEP zoom=100 identities=644 raw=266 uniform=378 fallback=0 slots=448 total_us=1709019 pass=1
[12:26:28] TINYDRAW_GATE1_CACHE_TOUR slots=448 stops=16 forward_steps=2596 forward_tiles=832 forward_wall_us=2444513 return_missing_tiles=0 return_steps=16 return_tiles=0 return_wall_us=43301 home_missing=0 home_fallback_pixels=0 pass=1
[12:26:28] TINYDRAW_GATE1_MIXED_DRAW_WARM zoom=50 fill_tiles=56 fill_us=667908 raw=42 uniform=14
[12:26:29] TINYDRAW_GATE1_MIXED_DRAW_WARM zoom=100 fill_tiles=56 fill_us=525202 raw=56 uniform=0
[12:26:29] TINYDRAW_GATE1_MIXED_DRAW_WARM zoom=200 fill_tiles=56 fill_us=435120 raw=56 uniform=0
[12:26:30] TINYDRAW_GATE1_MIXED_DRAW_WARM zoom=400 fill_tiles=42 fill_us=285338 raw=42 uniform=0
[12:26:31] TINYDRAW_GATE1_MIXED_DRAW zoom=25 tool=pen chunks=50 append_max_us=12804 append_avg_us=11479 append_total_us=573964 affected_tiles=196 published=0 fallback=196 visible_fallback=0 committed=1 authority=1 refresh=1 run_ok=1 pass=1
[12:26:32] TINYDRAW_GATE1_MIXED_DRAW zoom=25 tool=eraser chunks=50 append_max_us=12914 append_avg_us=11429 append_total_us=571475 affected_tiles=0 published=0 fallback=0 visible_fallback=0 committed=1 authority=1 refresh=1 run_ok=1 pass=1
[12:26:34] TINYDRAW_GATE1_MIXED_DRAW zoom=50 tool=pen chunks=50 append_max_us=17863 append_avg_us=15281 append_total_us=764075 affected_tiles=422 published=400 fallback=22 visible_fallback=0 committed=1 authority=1 refresh=1 run_ok=1 pass=0
[12:26:35] TINYDRAW_GATE1_MIXED_DRAW zoom=50 tool=eraser chunks=50 append_max_us=16646 append_avg_us=15060 append_total_us=753030 affected_tiles=405 published=405 fallback=0 visible_fallback=0 committed=1 authority=1 refresh=1 run_ok=1 pass=0
[12:26:37] TINYDRAW_GATE1_MIXED_DRAW zoom=100 tool=pen chunks=50 append_max_us=14759 append_avg_us=12802 append_total_us=640122 affected_tiles=450 published=398 fallback=52 visible_fallback=0 committed=1 authority=1 refresh=1 run_ok=1 pass=1
[12:26:38] TINYDRAW_GATE1_MIXED_DRAW zoom=100 tool=eraser chunks=50 append_max_us=13954 append_avg_us=12592 append_total_us=629626 affected_tiles=399 published=399 fallback=0 visible_fallback=0 committed=1 authority=1 refresh=1 run_ok=1 pass=1
[12:26:40] TINYDRAW_GATE1_MIXED_DRAW zoom=200 tool=pen chunks=50 append_max_us=13938 append_avg_us=11773 append_total_us=588665 affected_tiles=425 published=389 fallback=36 visible_fallback=0 committed=1 authority=1 refresh=1 run_ok=1 pass=1
[12:26:41] TINYDRAW_GATE1_MIXED_DRAW zoom=200 tool=eraser chunks=50 append_max_us=12918 append_avg_us=11514 append_total_us=575723 affected_tiles=388 published=388 fallback=0 visible_fallback=0 committed=1 authority=1 refresh=1 run_ok=1 pass=1
[12:26:43] TINYDRAW_GATE1_MIXED_DRAW zoom=400 tool=pen chunks=50 append_max_us=13101 append_avg_us=10994 append_total_us=549711 affected_tiles=359 published=334 fallback=25 visible_fallback=0 committed=1 authority=1 refresh=1 run_ok=1 pass=1
[12:26:43] TINYDRAW_GATE1_MIXED_DRAW zoom=400 tool=eraser chunks=50 append_max_us=12305 append_avg_us=10871 append_total_us=543583 affected_tiles=350 published=350 fallback=0 visible_fallback=0 committed=1 authority=1 refresh=1 run_ok=1 pass=1
[12:26:44] TINYDRAW_GATE1_MIXED_DRAW_REVISIT zoom=50 missing=4 refill_tiles=4 refill_us=299417
[12:26:44] TINYDRAW_GATE1_MIXED_DRAW_REVISIT zoom=100 missing=9 refill_tiles=9 refill_us=485339
[12:26:45] TINYDRAW_GATE1_MIXED_DRAW_REVISIT zoom=200 missing=16 refill_tiles=16 refill_us=373113
[12:26:45] TINYDRAW_GATE1_MIXED_DRAW_REVISIT zoom=400 missing=0 refill_tiles=0 refill_us=972
[12:26:45] TINYDRAW_GATE1_MIXED_DRAW_SUMMARY slots=448 strokes=10 worst_append_us=17863 pass=0
[12:26:52] TINYDRAW_GATE1_IDLE_REPAIR damaged=588 remaining=0 plan_views=24 steps=6299 repair_us=4575891 worst_step_us=5880 warm_tiles=56 pass=1
[12:26:53] TINYDRAW_HAIRLINE_DOC ops=782 samples=8061 append_total_us=986666 append_max_us=6916
[12:26:53] TINYDRAW_GATE1_PACED_COLD corpus=evil_hairlines_capacity zoom=100 x=552 y=672 steps=240 tiles=56 compute_us=281602 present_us=81182 touch_us=585 pacing_us=6611 wall_us=369980 maximum_wall_us=500000 max_tick_us=9556 touch_samples=47448 touch_interval_max_us=2022 touch_read_max_us=558 touch_events=0 touch_down=0 touch_up=0 touch_events_ge_8ms=0 touch_event_age_max_us=0 touch_errors=0 touch_overflows=0 pass=1
[12:26:54] TINYDRAW_GATE1_PACED_COLD corpus=evil_hairlines_capacity zoom=400 x=2760 y=3360 steps=211 tiles=48 compute_us=186125 present_us=78920 touch_us=417 pacing_us=5517 wall_us=270979 maximum_wall_us=500000 max_tick_us=9358 touch_samples=354 touch_interval_max_us=1928 touch_read_max_us=485 touch_events=0 touch_down=0 touch_up=0 touch_events_ge_8ms=0 touch_event_age_max_us=0 touch_errors=0 touch_overflows=0 pass=1
[12:26:57] TINYDRAW_HAIRLINE_REPAIR steps=3284 wall_us=2881772 worst_step_us=7721 resident=407/448 grid_stopped=1 pass2_steps=8 pass2_wall_us=12164 no_churn=1
[12:26:59] TINYDRAW_HAIRLINE_TOUR stops=8 total_us=1220847 worst_stop_us=253025 worst_step_us=9058
[12:26:59] TINYDRAW_GATE1_HAIRLINE raw=339 uniform=72 fallback=233 capacity=448 worst_step_us=9058 grid_stopped=1 pass=1
[12:27:01] TINYDRAW_GATE1_LONG_GESTURE path=reference samples=1600 chunks=26 append_total_us=942677 append_max_us=43370 append_avg_us=36256 refresh_fallback_pixels=0 settled_fallback_pixels=0 committed=1 authority=1 refresh=1 run_ok=1
[12:27:01] TINYDRAW_GATE1_LONG_GESTURE path=in_place samples=1600 chunks=52 append_total_us=549572 append_max_us=12654 append_avg_us=10568 refresh_fallback_pixels=0 settled_fallback_pixels=0 committed=1 authority=1 refresh=1 run_ok=1
[12:27:01] TINYDRAW_V2_EXPORT_PROGRESS row=0 of=1792
[12:27:02] TINYDRAW_V2_EXPORT_PROGRESS row=256 of=1792
[12:27:02] TINYDRAW_V2_EXPORT_PROGRESS row=512 of=1792
[12:27:03] TINYDRAW_V2_EXPORT_PROGRESS row=768 of=1792
[12:27:04] TINYDRAW_V2_EXPORT_PROGRESS row=1024 of=1792
[12:27:05] TINYDRAW_V2_EXPORT_PROGRESS row=1280 of=1792
[12:27:06] TINYDRAW_V2_EXPORT_PROGRESS row=1536 of=1792
[12:27:07] TINYDRAW_GATE1_EXPORT encoded=1 bytes=40166 elapsed_us=5791056 workspace_bytes=50652 band_bytes=376832 free_psram=1920344 free_internal=199124 signature=1 dimensions=1 chunks=3 chunks_ok=1 pass=1
[12:27:07] TINYDRAW_EXPORT_RESERVE requested=1572864 free_before=1920344 largest_before=1900544 free_held=347476 largest_held=344064 pass=1
[12:27:07] TINYDRAW_GATE1_AUTOMATED_DONE stress=1 stress_100=1 stress_400=1 overlap_ready=1 overlap_cold=0 general_cold_ready=1 general_cold=0 workload=1 paced_cold=1 hard_100=1 hard_400=1 pan_100=1 pan_400=1 pan_seq=1 pan_boundary=1 live_overlay=1 draw_fill=1 cache=1 full_world_cache=1 cache_tour=1 mixed_draw=0 idle_repair=1 hairline_capacity=1 long_gesture=1 export_encode=1 export_reserve=1 return=1 ssaa_receipt=yellow
[12:27:07] TINYDRAW_VECTOR_V2_GATE_HARNESS_DONE pass=0
[12:27:07] I (71480) main_task: Returned from app_main()
