[12:13:18] I (103) esp_image: segment 0: paddr=00010020 vaddr=3c050020 sizeESP-ROM:esp32s3-20210327
[12:13:18] Build:Mar 27 2021
[12:13:18] rst:0x15 (USB_UART_CHIP_RESET),boot:0x2b (SPI_FAST_FLASH_BOOT)
[12:13:18] Saved PC:0x420086ab
[12:13:18] SPIWP:0xee
[12:13:18] mode:DIO, clock div:1
[12:13:18] load:0x3fce2820,len:0x1664
[12:13:18] load:0x403c8700,len:0xf38
[12:13:18] load:0x403cb700,len:0x31e8
[12:13:18] entry 0x403c8930
[12:13:18] I (24) boot: ESP-IDF v6.0.2 2nd stage bootloader
[12:13:18] I (24) boot: compile time Aug 16 2026 12:13:02
[12:13:18] I (25) boot: Multicore bootloader
[12:13:18] I (25) boot: chip revision: v0.2
[12:13:18] I (28) boot: efuse block revision: v1.3
[12:13:18] I (31) qio_mode: Enabling default flash chip QIO
[12:13:18] I (36) boot.esp32s3: Boot SPI Speed : 80MHz
[12:13:18] I (39) boot.esp32s3: SPI Mode       : QIO
[12:13:18] I (43) boot.esp32s3: SPI Flash Size : 16MB
[12:13:18] I (47) boot: Enabling RNG early entropy source...
[12:13:18] I (51) boot: Partition Table:
[12:13:18] I (54) boot: ## Label            Usage          Type ST Offset   Length
[12:13:18] I (60) boot:  0 nvs              WiFi data        01 02 00009000 00006000
[12:13:18] I (67) boot:  1 phy_init         RF data          01 01 0000f000 00001000
[12:13:18] I (73) boot:  2 factory          factory app      00 00 00010000 00100000
[12:13:18] I (80) boot:  3 drawing          Unknown data     01 40 00110000 00300000
[12:13:18] I (86) boot:  4 export           Unknown data     01 41 00410000 00500000
[12:13:18] I (93) boot:  5 coredump         Unknown data     01 03 00910000 00010000
[12:13:18] I (100) boot: End of partition table
[12:13:18] I (103) esp_image: segment 0: paddr=00010020 vaddr=3c050020 size=1491ch ( 84252) map
[12:13:18] I (123) esp_image: segment 1: paddr=00024944 vaddr=3fc94500 size=03764h ( 14180) load
[12:13:18] I (126) esp_image: segment 2: paddr=000280b0 vaddr=40374000 size=07f68h ( 32616) load
[12:13:18] I (134) esp_image: segment 3: paddr=00030020 vaddr=42000020 size=4af0ch (306956) map
[12:13:18] I (182) esp_image: segment 4: paddr=0007af34 vaddr=4037bf68 size=08558h ( 34136) load
[12:13:18] I (190) esp_image: segment 5: paddr=00083494 vaddr=50000000 size=00024h (    36) load
[12:13:18] I (197) boot: Loaded app from partition at offset 0x10000
[12:13:18] I (197) boot: Disabling RNG early entropy source...
[12:13:18] I (208) octal_psram: vendor id    : 0x0d (AP)
[12:13:18] I (208) octal_psram: dev id       : 0x02 (generation 3)
[12:13:18] I (208) octal_psram: density      : 0x03 (64 Mbit)
[12:13:18] I (210) octal_psram: good-die     : 0x01 (Pass)
[12:13:18] I (214) octal_psram: Latency      : 0x01 (Fixed)
[12:13:18] I (218) octal_psram: VCC          : 0x01 (3V)
[12:13:18] I (223) octal_psram: SRF          : 0x01 (Fast Refresh)
[12:13:18] I (227) octal_psram: BurstType    : 0x01 (Hybrid Wrap)
[12:13:18] I (232) octal_psram: BurstLen     : 0x01 (32 Byte)
[12:13:18] I (237) octal_psram: Readlatency  : 0x02 (10 cycles@Fixed)
[12:13:18] I (242) octal_psram: DriveStrength: 0x00 (1/1)
[12:13:18] I (246) MSPI Timing: Enter psram timing tuning
[12:13:18] I (251) esp_psram: Found 8MB PSRAM device
[12:13:18] I (254) esp_psram: Speed: 80MHz
[12:13:18] I (257) cpu_start: Multicore app
[12:13:18] I (673) esp_psram: SPI SRAM memory test OK
[12:13:18] I (681) cpu_start: GPIO 44 and 43 are used as console UART I/O pins
[12:13:18] I (682) cpu_start: Pro cpu start user code
[12:13:18] I (682) cpu_start: cpu freq: 240000000 Hz
[12:13:18] I (684) app_init: Application information:
[12:13:18] I (687) app_init: Project name:     tinydraw_esp32
[12:13:18] I (692) app_init: App version:      a560d20-dirty
[12:13:18] I (696) app_init: Compile time:     Aug 16 2026 12:12:56
[12:13:18] I (701) app_init: ELF file SHA256:  2e6d0ad2d...
[12:13:18] I (706) app_init: ESP-IDF:          v6.0.2
[12:13:18] I (710) efuse_init: Min chip rev:     v0.0
[12:13:19] I (713) efuse_init: Max chip rev:     v0.99 
[12:13:19] I (717) efuse_init: Chip rev:         v0.2
[12:13:19] I (721) heap_init: Initializing. RAM available for dynamic allocation:
[12:13:19] I (727) heap_init: At 3FC99090 len 00050680 (321 KiB): RAM
[12:13:19] I (733) heap_init: At 3FCE9710 len 00005724 (21 KiB): RAM
[12:13:19] I (738) heap_init: At 3FCF0000 len 00008000 (32 KiB): DRAM
[12:13:19] I (743) heap_init: At 600FE000 len 00001FE8 (7 KiB): RTCRAM
[12:13:19] I (748) esp_psram: Adding pool of 8192K of PSRAM memory to heap allocator
[12:13:19] I (755) spi_flash: detected chip: generic
[12:13:19] I (758) spi_flash: flash io: qio
[12:13:19] I (762) sleep_gpio: Configure to isolate all GPIO pins in sleep state
[12:13:19] I (768) sleep_gpio: Enable automatic switching of GPIO sleep configuration
[12:13:19] I (775) main_task: Started on CPU0
[12:13:19] I (778) main_task: Calling app_main()
[12:13:19] TINYDRAW_PRODUCER_SCRATCH supertask_internal=1 packed_internal=1 free_internal=319136 free_psram=1921932
[12:13:19] TINYDRAW_PANEL_HARD_RESET=1
[12:13:19] TINYDRAW_PANEL_TRANSPORT requested_clock_mhz=50 effective_clock_mhz=40
[12:13:19] I (983) co5300: version: 2.1.0
[12:13:19] I (983) co5300_spi: LCD panel create success, version: 2.1.0
[12:13:19] W (1068) co5300_spi: The 3Ah command has been used and will be overwritten by external initialization sequence
[12:13:19] I (1169) CST816S: IC id: 183
[12:13:19] TINYDRAW_VECTOR_V2_PRESENTATION experiment=boundary-top-sweep te_edge=rising requested_clock_mhz=50 effective_clock_mhz=40 optical_acceptance=external_manual
[12:13:19] TINYDRAW_LIVE_PRESENT kind=startup zoom=25 x=0 y=0 compose_us=26063 scroll_us=0 exposed_compose_us=0 chrome_us=17101 chrome_prepare_us=11945 chrome_stage_us=5156 read_submit_us=0 read_complete_us=0 transfer_wait_us=21073 tile_pixels=0 uniform_pixels=0 overview_pixels=164864 fallback_pixels=0 resident_tiles=0 fallback_tiles=0 pushes=11 tear_wait_us=359 tear_edge_isr_to_resume_us=18 tear_edge_observed=1 tear_edge_wait_resumed=1 tear_edge_timeout=0 tear_heal_attempted=0 tear_heal_command_sent=0 presentation_experiment=boundary-top-sweep te_edge=rising requested_clock_mhz=50 effective_clock_mhz=40 frame_reused=0 pass=1
[12:13:20] TINYDRAW_LIVE_STRESS operations=1000 samples=20000 total_us=678228 average_us=678 maximum_us=990 free_psram=1920344 largest_psram=1900544
[12:13:20] TINYDRAW_LIVE_PRESENT kind=gate_fallback zoom=100 x=0 y=0 compose_us=16657 scroll_us=0 exposed_compose_us=0 chrome_us=11107 chrome_prepare_us=6644 chrome_stage_us=4463 read_submit_us=28636 read_complete_us=32045 transfer_wait_us=20452 tile_pixels=0 uniform_pixels=0 overview_pixels=0 fallback_pixels=164864 resident_tiles=0 fallback_tiles=42 pushes=11 tear_wait_us=5194 tear_edge_isr_to_resume_us=15 tear_edge_observed=1 tear_edge_wait_resumed=1 tear_edge_timeout=0 tear_heal_attempted=0 tear_heal_command_sent=0 presentation_experiment=boundary-top-sweep te_edge=rising requested_clock_mhz=50 effective_clock_mhz=40 frame_reused=0 pass=1
[12:13:20] TINYDRAW_GATE1_HARD zoom=100 cold=1 operations=1000 samples=20000 steps=196 tiles=42 scanned=12000 rendered=3168 max_supertask_us=9209 presentation_us=71278 total_us=325088 maximum_wall_us=500000 pass=1
[12:13:20] TINYDRAW_LIVE_PRESENT kind=gate_fallback zoom=400 x=0 y=0 compose_us=16006 scroll_us=0 exposed_compose_us=0 chrome_us=6543 chrome_prepare_us=2267 chrome_stage_us=4276 read_submit_us=21291 read_complete_us=24978 transfer_wait_us=20277 tile_pixels=0 uniform_pixels=0 overview_pixels=0 fallback_pixels=164864 resident_tiles=0 fallback_tiles=42 pushes=11 tear_wait_us=2863 tear_edge_isr_to_resume_us=17 tear_edge_observed=1 tear_edge_wait_resumed=1 tear_edge_timeout=0 tear_heal_attempted=0 tear_heal_command_sent=0 presentation_experiment=boundary-top-sweep te_edge=rising requested_clock_mhz=50 effective_clock_mhz=40 frame_reused=0 pass=1
[12:13:20] TINYDRAW_GATE1_HARD zoom=400 cold=1 operations=1000 samples=20000 steps=200 tiles=42 scanned=12000 rendered=222 max_supertask_us=6998 presentation_us=70846 total_us=207163 maximum_wall_us=500000 pass=1
[12:13:21] TINYDRAW_OVERLAP_WORKLOAD operations=8 samples=1200 radius_world=80
[12:13:22] TINYDRAW_GATE1_PACED_COLD corpus=overlap zoom=50 x=215 y=255 steps=650 tiles=56 compute_us=635977 present_us=89160 touch_us=1686 pacing_us=17395 wall_us=744218 maximum_wall_us=500000 max_tick_us=10340 touch_samples=2919 touch_interval_max_us=1954 touch_read_max_us=590 touch_events=0 touch_down=0 touch_up=0 touch_events_ge_8ms=0 touch_event_age_max_us=0 touch_errors=0 touch_overflows=0 pass=0
[12:13:22] TINYDRAW_GATE1_PACED_COLD corpus=overlap zoom=100 x=583 y=703 steps=319 tiles=48 compute_us=343646 present_us=84746 touch_us=979 pacing_us=9606 wall_us=438977 maximum_wall_us=500000 max_tick_us=10458 touch_samples=519 touch_interval_max_us=1165 touch_read_max_us=452 touch_events=0 touch_down=0 touch_up=0 touch_events_ge_8ms=0 touch_event_age_max_us=0 touch_errors=0 touch_overflows=0 pass=1
[12:13:23] TINYDRAW_GATE1_PACED_COLD corpus=overlap zoom=200 x=1319 y=1599 steps=231 tiles=56 compute_us=306450 present_us=83256 touch_us=849 pacing_us=8421 wall_us=398976 maximum_wall_us=500000 max_tick_us=9981 touch_samples=479 touch_interval_max_us=1155 touch_read_max_us=488 touch_events=0 touch_down=0 touch_up=0 touch_events_ge_8ms=0 touch_event_age_max_us=0 touch_errors=0 touch_overflows=0 pass=1
[12:13:23] TINYDRAW_GATE1_PACED_COLD corpus=overlap zoom=400 x=2791 y=3391 steps=160 tiles=56 compute_us=259044 present_us=82724 touch_us=717 pacing_us=7494 wall_us=349979 maximum_wall_us=500000 max_tick_us=9697 touch_samples=420 touch_interval_max_us=1921 touch_read_max_us=481 touch_events=0 touch_down=0 touch_up=0 touch_events_ge_8ms=0 touch_event_age_max_us=0 touch_errors=0 touch_overflows=0 pass=1
[12:13:23] TINYDRAW_ADVERSARIAL_TAPERED_WORKLOAD operations=128 samples=4096 erasers=12 load_us=189617 appended=1
[12:13:25] TINYDRAW_GENERAL_COLD_WORKLOAD operations=910 samples=12157 hairline_operations=782 hairline_samples=8061 hairline_load_us=1041164 appended=1
[12:13:25] TINYDRAW_GATE1_PACED_COLD corpus=adversarial_tapered_4x+evil_hairlines zoom=50 x=0 y=0 steps=417 tiles=42 compute_us=556421 present_us=72441 touch_us=1264 pacing_us=13557 wall_us=643683 maximum_wall_us=500000 max_tick_us=9140 touch_samples=1947 touch_interval_max_us=2024 touch_read_max_us=502 touch_events=0 touch_down=0 touch_up=0 touch_events_ge_8ms=0 touch_event_age_max_us=0 touch_errors=0 touch_overflows=0 pass=0
[12:13:26] TINYDRAW_GATE1_PACED_COLD corpus=adversarial_tapered_4x+evil_hairlines zoom=100 x=0 y=0 steps=814 tiles=42 compute_us=604059 present_us=72322 touch_us=1477 pacing_us=15099 wall_us=692957 maximum_wall_us=500000 max_tick_us=8651 touch_samples=773 touch_interval_max_us=1191 touch_read_max_us=466 touch_events=0 touch_down=0 touch_up=0 touch_events_ge_8ms=0 touch_event_age_max_us=0 touch_errors=0 touch_overflows=0 pass=0
[12:13:27] TINYDRAW_GATE1_PACED_COLD corpus=adversarial_tapered_4x+evil_hairlines zoom=200 x=0 y=0 steps=1442 tiles=42 compute_us=796201 present_us=68132 touch_us=2029 pacing_us=23476 wall_us=889838 maximum_wall_us=500000 max_tick_us=8043 touch_samples=970 touch_interval_max_us=1174 touch_read_max_us=453 touch_events=0 touch_down=0 touch_up=0 touch_events_ge_8ms=0 touch_event_age_max_us=0 touch_errors=0 touch_overflows=0 pass=0
[12:13:28] TINYDRAW_GATE1_PACED_COLD corpus=adversarial_tapered_4x+evil_hairlines zoom=400 x=0 y=0 steps=1184 tiles=42 compute_us=809625 present_us=68941 touch_us=1956 pacing_us=25409 wall_us=905931 maximum_wall_us=500000 max_tick_us=8775 touch_samples=974 touch_interval_max_us=1197 touch_read_max_us=462 touch_events=0 touch_down=0 touch_up=0 touch_events_ge_8ms=0 touch_event_age_max_us=0 touch_errors=0 touch_overflows=0 pass=0
[12:13:29] TINYDRAW_GATE1_WORKLOAD kind=realistic seed=7 operations=1000 samples=19844 maximum_stroke=198 load_us=535670 raw_source=1 lod_copies=0
[12:13:29] TINYDRAW_GATE1_PACED_COLD corpus=seed7 zoom=400 x=63 y=63 steps=326 tiles=56 compute_us=310398 present_us=87892 touch_us=668 pacing_us=7021 wall_us=405979 maximum_wall_us=500000 max_tick_us=10661 touch_samples=1128 touch_interval_max_us=1613 touch_read_max_us=463 touch_events=0 touch_down=0 touch_up=0 touch_events_ge_8ms=0 touch_event_age_max_us=0 touch_errors=0 touch_overflows=0 pass=1
[12:13:29] TINYDRAW_LIVE_PRESENT kind=gate_fallback zoom=100 x=0 y=0 compose_us=17176 scroll_us=0 exposed_compose_us=0 chrome_us=6762 chrome_prepare_us=2305 chrome_stage_us=4457 read_submit_us=21042 read_complete_us=24726 transfer_wait_us=20901 tile_pixels=0 uniform_pixels=0 overview_pixels=0 fallback_pixels=164864 resident_tiles=0 fallback_tiles=42 pushes=11 tear_wait_us=1431 tear_edge_isr_to_resume_us=17 tear_edge_observed=1 tear_edge_wait_resumed=1 tear_edge_timeout=0 tear_heal_attempted=0 tear_heal_command_sent=0 presentation_experiment=boundary-top-sweep te_edge=rising requested_clock_mhz=50 effective_clock_mhz=40 frame_reused=0 pass=1
[12:13:30] TINYDRAW_GATE1_HARD zoom=100 cold=1 operations=1000 samples=19844 steps=387 tiles=42 scanned=12000 rendered=9976 max_supertask_us=7571 presentation_us=72938 total_us=546791 maximum_wall_us=500000 pass=0
[12:13:31] TINYDRAW_HAIRLINE_DOC ops=782 samples=8061 append_total_us=987284 append_max_us=6888
[12:13:31] TINYDRAW_GATE1_PACED_COLD corpus=evil_hairlines_capacity zoom=100 x=552 y=672 steps=240 tiles=56 compute_us=310091 present_us=79275 touch_us=869 pacing_us=8743 wall_us=398978 maximum_wall_us=500000 max_tick_us=9559 touch_samples=2155 touch_interval_max_us=2020 touch_read_max_us=503 touch_events=0 touch_down=0 touch_up=0 touch_events_ge_8ms=0 touch_event_age_max_us=0 touch_errors=0 touch_overflows=0 pass=1
[12:13:32] TINYDRAW_GATE1_PACED_COLD corpus=evil_hairlines_capacity zoom=400 x=2760 y=3360 steps=211 tiles=48 compute_us=199046 present_us=77628 touch_us=652 pacing_us=5650 wall_us=282976 maximum_wall_us=500000 max_tick_us=9159 touch_samples=350 touch_interval_max_us=2026 touch_read_max_us=522 touch_events=0 touch_down=0 touch_up=0 touch_events_ge_8ms=0 touch_event_age_max_us=0 touch_errors=0 touch_overflows=0 pass=1
[12:13:35] TINYDRAW_HAIRLINE_REPAIR steps=3082 wall_us=2928931 worst_step_us=7793 resident=402/448 grid_stopped=1 pass2_steps=8 pass2_wall_us=10830 no_churn=1
[12:13:37] TINYDRAW_HAIRLINE_TOUR stops=8 total_us=1245490 worst_stop_us=241524 worst_step_us=9224
[12:13:37] TINYDRAW_GATE1_HAIRLINE raw=344 uniform=72 fallback=228 capacity=448 worst_step_us=9224 grid_stopped=1 pass=1
[12:13:37] TINYDRAW_GATE1_AUTOMATED_DONE stress=1 stress_100=1 stress_400=1 overlap_ready=1 overlap_cold=0 general_cold_ready=1 general_cold=0 workload=1 paced_cold=1 hard_100=0 hard_400=0 pan_100=0 pan_400=0 pan_seq=0 pan_boundary=0 live_overlay=0 draw_fill=0 cache=0 full_world_cache=0 cache_tour=0 mixed_draw=0 idle_repair=0 hairline_capacity=1 long_gesture=0 export_encode=0 export_reserve=0 return=1 ssaa_receipt=yellow
[12:13:37] TINYDRAW_VECTOR_V2_GATE_HARNESS_DONE pass=0
[12:13:37] I (19014) main_task: Returned from app_main()
