[12:09:36] ESP-ROM:esp32s3-20210327
[12:09:36] Build:Mar 27 2021
[12:09:36] rst:0x15 (USB_UART_CHIP_RESET),boot:0x2b (SPI_FAST_FLASH_BOOT)
[12:09:36] Saved PC:0x420086a7
[12:09:36] SPIWP:0xee
[12:09:36] mode:DIO, clock div:1
[12:09:36] load:0x3fce2820,len:0x1664
[12:09:36] load:0x403c8700,len:0xf38
[12:09:36] load:0x403cb700,len:0x31e8
[12:09:36] entry 0x403c8930
[12:09:36] I (24) boot: ESP-IDF v6.0.2 2nd stage bootloader
[12:09:36] I (24) boot: compile time Aug 16 2026 12:09:20
[12:09:36] I (25) boot: Multicore bootloader
[12:09:36] I (25) boot: chip revision: v0.2
[12:09:36] I (28) boot: efuse block revision: v1.3
[12:09:36] I (31) qio_mode: Enabling default flash chip QIO
[12:09:36] I (36) boot.esp32s3: Boot SPI Speed : 80MHz
[12:09:36] I (39) boot.esp32s3: SPI Mode       : QIO
[12:09:36] I (43) boot.esp32s3: SPI Flash Size : 16MB
[12:09:36] I (47) boot: Enabling RNG early entropy source...
[12:09:36] I (51) boot: Partition Table:
[12:09:36] I (54) boot: ## Label            Usage          Type ST Offset   Length
[12:09:36] I (60) boot:  0 nvs              WiFi data        01 02 00009000 00006000
[12:09:36] I (67) boot:  1 phy_init         RF data          01 01 0000f000 00001000
[12:09:36] I (73) boot:  2 factory          factory app      00 00 00010000 00100000
[12:09:36] I (80) boot:  3 drawing          Unknown data     01 40 00110000 00300000
[12:09:36] I (86) boot:  4 export           Unknown data     01 41 00410000 00500000
[12:09:36] I (93) boot:  5 coredump         Unknown data     01 03 00910000 00010000
[12:09:36] I (100) boot: End of partition table
[12:09:36] I (103) esp_image: segment 0: paddr=00010020 vaddr=3c050020 size=148ach ( 84140) map
[12:09:36] I (123) esp_image: segment 1: paddr=000248d4 vaddr=3fc94500 size=03764h ( 14180) load
[12:09:36] I (126) esp_image: segment 2: paddr=00028040 vaddr=40374000 size=07fd8h ( 32728) load
[12:09:36] I (134) esp_image: segment 3: paddr=00030020 vaddr=42000020 size=4aeech (306924) map
[12:09:36] I (182) esp_image: segment 4: paddr=0007af14 vaddr=4037bfd8 size=084e8h ( 34024) load
[12:09:36] I (190) esp_image: segment 5: paddr=00083404 vaddr=50000000 size=00024h (    36) load
[12:09:36] I (197) boot: Loaded app from partition at offset 0x10000
[12:09:36] I (197) boot: Disabling RNG early entropy source...
[12:09:36] I (208) octal_psram: vendor id    : 0x0d (AP)
[12:09:36] I (208) octal_psram: dev id       : 0x02 (generation 3)
[12:09:36] I (208) octal_psram: density      : 0x03 (64 Mbit)
[12:09:36] I (210) octal_psram: good-die     : 0x01 (Pass)
[12:09:36] I (214) octal_psram: Latency      : 0x01 (Fixed)
[12:09:36] I (218) octal_psram: VCC          : 0x01 (3V)
[12:09:36] I (223) octal_psram: SRF          : 0x01 (Fast Refresh)
[12:09:36] I (227) octal_psram: BurstType    : 0x01 (Hybrid Wrap)
[12:09:36] I (232) octal_psram: BurstLen     : 0x01 (32 Byte)
[12:09:36] I (237) octal_psram: Readlatency  : 0x02 (10 cycles@Fixed)
[12:09:36] I (242) octal_psram: DriveStrength: 0x00 (1/1)
[12:09:36] I (246) MSPI Timing: Enter psram timing tuning
[12:09:36] I (251) esp_psram: Found 8MB PSRAM device
[12:09:36] I (254) esp_psram: Speed: 80MHz
[12:09:36] I (257) cpu_start: Multicore app
[12:09:36] I (673) esp_psram: SPI SRAM memory test OK
[12:09:36] I (681) cpu_start: GPIO 44 and 43 are used as console UART I/O pins
[12:09:36] I (682) cpu_start: Pro cpu start user code
[12:09:36] I (682) cpu_start: cpu freq: 240000000 Hz
[12:09:36] I (684) app_init: Application information:
[12:09:36] I (687) app_init: Project name:     tinydraw_esp32
[12:09:36] I (692) app_init: App version:      a560d20-dirty
[12:09:36] I (696) app_init: Compile time:     Aug 16 2026 12:09:14
[12:09:36] I (701) app_init: ELF file SHA256:  0ae77f6bc...
[12:09:36] I (706) app_init: ESP-IDF:          v6.0.2
[12:09:37] I (710) efuse_init: Min chip rev:     v0.0
[12:09:37] I (713) efuse_init: Max chip rev:     v0.99 
[12:09:37] I (717) efuse_init: Chip rev:         v0.2
[12:09:37] I (721) heap_init: Initializing. RAM available for dynamic allocation:
[12:09:37] I (727) heap_init: At 3FC99090 len 00050680 (321 KiB): RAM
[12:09:37] I (733) heap_init: At 3FCE9710 len 00005724 (21 KiB): RAM
[12:09:37] I (738) heap_init: At 3FCF0000 len 00008000 (32 KiB): DRAM
[12:09:37] I (743) heap_init: At 600FE000 len 00001FE8 (7 KiB): RTCRAM
[12:09:37] I (748) esp_psram: Adding pool of 8192K of PSRAM memory to heap allocator
[12:09:37] I (755) spi_flash: detected chip: generic
[12:09:37] I (758) spi_flash: flash io: qio
[12:09:37] I (762) sleep_gpio: Configure to isolate all GPIO pins in sleep state
[12:09:37] I (768) sleep_gpio: Enable automatic switching of GPIO sleep configuration
[12:09:37] I (775) main_task: Started on CPU0
[12:09:37] I (778) main_task: Calling app_main()
[12:09:37] TINYDRAW_PANEL_HARD_RESET=1
[12:09:37] TINYDRAW_PANEL_TRANSPORT requested_clock_mhz=50 effective_clock_mhz=40
[12:09:37] I (976) co5300: version: 2.1.0
[12:09:37] I (976) co5300_spi: LCD panel create success, version: 2.1.0
[12:09:37] W (1061) co5300_spi: The 3Ah command has been used and will be overwritten by external initialization sequence
[12:09:37] I (1162) CST816S: IC id: 183
[12:09:37] TINYDRAW_VECTOR_V2_PRESENTATION experiment=boundary-top-sweep te_edge=rising requested_clock_mhz=50 effective_clock_mhz=40 optical_acceptance=external_manual
[12:09:37] TINYDRAW_LIVE_PRESENT kind=startup zoom=25 x=0 y=0 compose_us=26482 scroll_us=0 exposed_compose_us=0 chrome_us=17350 chrome_prepare_us=12131 chrome_stage_us=5219 read_submit_us=0 read_complete_us=0 transfer_wait_us=21336 tile_pixels=0 uniform_pixels=0 overview_pixels=164864 fallback_pixels=0 resident_tiles=0 fallback_tiles=0 pushes=11 tear_wait_us=16505 tear_edge_isr_to_resume_us=9 tear_edge_observed=1 tear_edge_wait_resumed=1 tear_edge_timeout=0 tear_heal_attempted=0 tear_heal_command_sent=0 presentation_experiment=boundary-top-sweep te_edge=rising requested_clock_mhz=50 effective_clock_mhz=40 frame_reused=0 pass=1
[12:09:38] TINYDRAW_LIVE_STRESS operations=1000 samples=20000 total_us=690613 average_us=690 maximum_us=910 free_psram=1879376 largest_psram=1867776
[12:09:38] TINYDRAW_LIVE_PRESENT kind=gate_fallback zoom=100 x=0 y=0 compose_us=16674 scroll_us=0 exposed_compose_us=0 chrome_us=11234 chrome_prepare_us=6738 chrome_stage_us=4496 read_submit_us=32995 read_complete_us=36465 transfer_wait_us=20671 tile_pixels=0 uniform_pixels=0 overview_pixels=0 fallback_pixels=164864 resident_tiles=0 fallback_tiles=42 pushes=11 tear_wait_us=9448 tear_edge_isr_to_resume_us=17 tear_edge_observed=1 tear_edge_wait_resumed=1 tear_edge_timeout=0 tear_heal_attempted=0 tear_heal_command_sent=0 presentation_experiment=boundary-top-sweep te_edge=rising requested_clock_mhz=50 effective_clock_mhz=40 frame_reused=0 pass=1
[12:09:38] TINYDRAW_GATE1_HARD zoom=100 cold=1 operations=1000 samples=20000 steps=196 tiles=42 scanned=12000 rendered=3168 max_supertask_us=11279 presentation_us=71958 total_us=355222 maximum_wall_us=500000 pass=1
[12:09:38] TINYDRAW_LIVE_PRESENT kind=gate_fallback zoom=400 x=0 y=0 compose_us=16172 scroll_us=0 exposed_compose_us=0 chrome_us=6546 chrome_prepare_us=2231 chrome_stage_us=4315 read_submit_us=24418 read_complete_us=28100 transfer_wait_us=20933 tile_pixels=0 uniform_pixels=0 overview_pixels=0 fallback_pixels=164864 resident_tiles=0 fallback_tiles=42 pushes=11 tear_wait_us=5889 tear_edge_isr_to_resume_us=16 tear_edge_observed=1 tear_edge_wait_resumed=1 tear_edge_timeout=0 tear_heal_attempted=0 tear_heal_command_sent=0 presentation_experiment=boundary-top-sweep te_edge=rising requested_clock_mhz=50 effective_clock_mhz=40 frame_reused=0 pass=1
[12:09:39] TINYDRAW_GATE1_HARD zoom=400 cold=1 operations=1000 samples=20000 steps=200 tiles=42 scanned=12000 rendered=222 max_supertask_us=9002 presentation_us=69678 total_us=231710 maximum_wall_us=500000 pass=1
[12:09:39] TINYDRAW_OVERLAP_WORKLOAD operations=8 samples=1200 radius_world=80
[12:09:40] TINYDRAW_GATE1_PACED_COLD corpus=overlap zoom=50 x=215 y=255 steps=650 tiles=56 compute_us=682317 present_us=89023 touch_us=1727 pacing_us=17942 wall_us=791009 maximum_wall_us=500000 max_tick_us=11172 touch_samples=3065 touch_interval_max_us=2006 touch_read_max_us=601 touch_events=0 touch_down=0 touch_up=0 touch_events_ge_8ms=0 touch_event_age_max_us=0 touch_errors=0 touch_overflows=0 pass=0
[12:09:41] TINYDRAW_GATE1_PACED_COLD corpus=overlap zoom=100 x=583 y=703 steps=319 tiles=48 compute_us=382222 present_us=84691 touch_us=997 pacing_us=9066 wall_us=476976 maximum_wall_us=500000 max_tick_us=10592 touch_samples=542 touch_interval_max_us=1895 touch_read_max_us=458 touch_events=0 touch_down=0 touch_up=0 touch_events_ge_8ms=0 touch_event_age_max_us=0 touch_errors=0 touch_overflows=0 pass=1
[12:09:41] TINYDRAW_GATE1_PACED_COLD corpus=overlap zoom=200 x=1319 y=1599 steps=231 tiles=56 compute_us=347438 present_us=85971 touch_us=866 pacing_us=8699 wall_us=442974 maximum_wall_us=500000 max_tick_us=10430 touch_samples=521 touch_interval_max_us=1153 touch_read_max_us=456 touch_events=0 touch_down=0 touch_up=0 touch_events_ge_8ms=0 touch_event_age_max_us=0 touch_errors=0 touch_overflows=0 pass=1
[12:09:42] TINYDRAW_GATE1_PACED_COLD corpus=overlap zoom=400 x=2791 y=3391 steps=160 tiles=56 compute_us=300391 present_us=85241 touch_us=709 pacing_us=8636 wall_us=394977 maximum_wall_us=500000 max_tick_us=9929 touch_samples=473 touch_interval_max_us=1148 touch_read_max_us=464 touch_events=0 touch_down=0 touch_up=0 touch_events_ge_8ms=0 touch_event_age_max_us=0 touch_errors=0 touch_overflows=0 pass=1
[12:09:42] TINYDRAW_ADVERSARIAL_TAPERED_WORKLOAD operations=128 samples=4096 erasers=12 load_us=190060 appended=1
[12:09:43] TINYDRAW_GENERAL_COLD_WORKLOAD operations=910 samples=12157 hairline_operations=782 hairline_samples=8061 hairline_load_us=1044878 appended=1
[12:09:44] TINYDRAW_GATE1_PACED_COLD corpus=adversarial_tapered_4x+evil_hairlines zoom=50 x=0 y=0 steps=417 tiles=42 compute_us=583002 present_us=72605 touch_us=1286 pacing_us=12131 wall_us=669024 maximum_wall_us=500000 max_tick_us=10037 touch_samples=1983 touch_interval_max_us=2004 touch_read_max_us=506 touch_events=0 touch_down=0 touch_up=0 touch_events_ge_8ms=0 touch_event_age_max_us=0 touch_errors=0 touch_overflows=0 pass=0
[12:09:44] TINYDRAW_GATE1_PACED_COLD corpus=adversarial_tapered_4x+evil_hairlines zoom=100 x=0 y=0 steps=814 tiles=42 compute_us=629008 present_us=71670 touch_us=1480 pacing_us=15635 wall_us=717793 maximum_wall_us=500000 max_tick_us=9968 touch_samples=787 touch_interval_max_us=1161 touch_read_max_us=441 touch_events=0 touch_down=0 touch_up=0 touch_events_ge_8ms=0 touch_event_age_max_us=0 touch_errors=0 touch_overflows=0 pass=0
[12:09:45] TINYDRAW_GATE1_PACED_COLD corpus=adversarial_tapered_4x+evil_hairlines zoom=200 x=0 y=0 steps=1442 tiles=42 compute_us=817394 present_us=70247 touch_us=1992 pacing_us=24322 wall_us=913955 maximum_wall_us=500000 max_tick_us=9878 touch_samples=987 touch_interval_max_us=1495 touch_read_max_us=475 touch_events=0 touch_down=0 touch_up=0 touch_events_ge_8ms=0 touch_event_age_max_us=0 touch_errors=0 touch_overflows=0 pass=0
[12:09:46] TINYDRAW_GATE1_PACED_COLD corpus=adversarial_tapered_4x+evil_hairlines zoom=400 x=0 y=0 steps=1184 tiles=42 compute_us=830598 present_us=68305 touch_us=1901 pacing_us=23082 wall_us=923886 maximum_wall_us=500000 max_tick_us=9984 touch_samples=1001 touch_interval_max_us=1157 touch_read_max_us=472 touch_events=0 touch_down=0 touch_up=0 touch_events_ge_8ms=0 touch_event_age_max_us=0 touch_errors=0 touch_overflows=0 pass=0
[12:09:47] TINYDRAW_GATE1_WORKLOAD kind=realistic seed=7 operations=1000 samples=19844 maximum_stroke=198 load_us=542810 raw_source=1 lod_copies=0
[12:09:47] TINYDRAW_GATE1_PACED_COLD corpus=seed7 zoom=400 x=63 y=63 steps=326 tiles=56 compute_us=344829 present_us=86694 touch_us=674 pacing_us=6787 wall_us=438984 maximum_wall_us=500000 max_tick_us=12699 touch_samples=1178 touch_interval_max_us=1993 touch_read_max_us=473 touch_events=0 touch_down=0 touch_up=0 touch_events_ge_8ms=0 touch_event_age_max_us=0 touch_errors=0 touch_overflows=0 pass=1
[12:09:48] TINYDRAW_LIVE_PRESENT kind=gate_fallback zoom=100 x=0 y=0 compose_us=17060 scroll_us=0 exposed_compose_us=0 chrome_us=6785 chrome_prepare_us=2279 chrome_stage_us=4506 read_submit_us=21653 read_complete_us=25327 transfer_wait_us=21282 tile_pixels=0 uniform_pixels=0 overview_pixels=0 fallback_pixels=164864 resident_tiles=0 fallback_tiles=42 pushes=11 tear_wait_us=2180 tear_edge_isr_to_resume_us=15 tear_edge_observed=1 tear_edge_wait_resumed=1 tear_edge_timeout=0 tear_heal_attempted=0 tear_heal_command_sent=0 presentation_experiment=boundary-top-sweep te_edge=rising requested_clock_mhz=50 effective_clock_mhz=40 frame_reused=0 pass=1
[12:09:48] TINYDRAW_GATE1_HARD zoom=100 cold=1 operations=1000 samples=19844 steps=387 tiles=42 scanned=12000 rendered=9976 max_supertask_us=9591 presentation_us=71858 total_us=569909 maximum_wall_us=500000 pass=0
[12:09:49] TINYDRAW_HAIRLINE_DOC ops=782 samples=8061 append_total_us=990287 append_max_us=6941
[12:09:50] TINYDRAW_GATE1_PACED_COLD corpus=evil_hairlines_capacity zoom=100 x=552 y=672 steps=240 tiles=56 compute_us=348113 present_us=80084 touch_us=848 pacing_us=7932 wall_us=436977 maximum_wall_us=500000 max_tick_us=11410 touch_samples=2212 touch_interval_max_us=2010 touch_read_max_us=515 touch_events=0 touch_down=0 touch_up=0 touch_events_ge_8ms=0 touch_event_age_max_us=0 touch_errors=0 touch_overflows=0 pass=1
[12:09:50] TINYDRAW_GATE1_PACED_COLD corpus=evil_hairlines_capacity zoom=400 x=2760 y=3360 steps=211 tiles=48 compute_us=232685 present_us=78461 touch_us=630 pacing_us=6200 wall_us=317976 maximum_wall_us=500000 max_tick_us=10285 touch_samples=384 touch_interval_max_us=1900 touch_read_max_us=518 touch_events=0 touch_down=0 touch_up=0 touch_events_ge_8ms=0 touch_event_age_max_us=0 touch_errors=0 touch_overflows=0 pass=1
[12:09:54] TINYDRAW_HAIRLINE_REPAIR steps=3082 wall_us=3216773 worst_step_us=10086 resident=402/448 grid_stopped=1 pass2_steps=8 pass2_wall_us=10749 no_churn=1
[12:09:56] TINYDRAW_HAIRLINE_TOUR stops=8 total_us=1395635 worst_stop_us=267003 worst_step_us=11526
[12:09:56] TINYDRAW_GATE1_HAIRLINE raw=344 uniform=72 fallback=228 capacity=448 worst_step_us=11526 grid_stopped=1 pass=1
[12:09:56] TINYDRAW_GATE1_AUTOMATED_DONE stress=1 stress_100=1 stress_400=1 overlap_ready=1 overlap_cold=0 general_cold_ready=1 general_cold=0 workload=1 paced_cold=1 hard_100=0 hard_400=0 pan_100=0 pan_400=0 pan_seq=0 pan_boundary=0 live_overlay=0 draw_fill=0 cache=0 full_world_cache=0 cache_tour=0 mixed_draw=0 idle_repair=0 hairline_capacity=1 long_gesture=0 export_encode=0 export_reserve=0 return=1 ssaa_receipt=yellow
[12:09:56] TINYDRAW_VECTOR_V2_GATE_HARNESS_DONE pass=0
[12:09:56] I (19988) main_task: Returned from app_main()
