[12:31:15] ESP-ROM:esp32s3-20210327
[12:31:15] Build:Mar 27 2021
[12:31:15] rst:0x15 (USB_UART_CHIP_RESET),boot:0x2b (SPI_FAST_FLASH_BOOT)
[12:31:15] Saved PC:0x4037b802
[12:31:15] SPIWP:0xee
[12:31:15] mode:DIO, clock div:1
[12:31:15] load:0x3fce2820,len:0x1664
[12:31:15] load:0x403c8700,len:0xf38
[12:31:15] load:0x403cb700,len:0x31e8
[12:31:15] entry 0x403c8930
[12:31:15] I (24) boot: ESP-IDF v6.0.2 2nd stage bootloader
[12:31:15] I (24) boot: compile time Aug 16 2026 12:29:39
[12:31:15] I (25) boot: Multicore bootloader
[12:31:15] I (25) boot: chip revision: v0.2
[12:31:15] I (28) boot: efuse block revision: v1.3
[12:31:15] I (31) qio_mode: Enabling default flash chip QIO
[12:31:15] I (36) boot.esp32s3: Boot SPI Speed : 80MHz
[12:31:15] I (39) boot.esp32s3: SPI Mode       : QIO
[12:31:15] I (43) boot.esp32s3: SPI Flash Size : 16MB
[12:31:15] I (47) boot: Enabling RNG early entropy source...
[12:31:15] I (51) boot: Partition Table:
[12:31:15] I (54) boot: ## Label            Usage          Type ST Offset   Length
[12:31:15] I (60) boot:  0 nvs              WiFi data        01 02 00009000 00006000
[12:31:15] I (67) boot:  1 phy_init         RF data          01 01 0000f000 00001000
[12:31:15] I (73) boot:  2 factory          factory app      00 00 00010000 00100000
[12:31:15] I (80) boot:  3 drawing          Unknown data     01 40 00110000 00300000
[12:31:15] I (86) boot:  4 export           Unknown data     01 41 00410000 00500000
[12:31:15] I (93) boot:  5 coredump         Unknown data     01 03 00910000 00010000
[12:31:15] I (100) boot: End of partition table
[12:31:15] I (103) esp_image: segment 0: paddr=00010020 vaddr=3c050020 size=1491ch ( 84252) map
[12:31:15] I (123) esp_image: segment 1: paddr=00024944 vaddr=3fc94500 size=03764h ( 14180) load
[12:31:15] I (126) esp_image: segment 2: paddr=000280b0 vaddr=40374000 size=07f68h ( 32616) load
[12:31:15] I (134) esp_image: segment 3: paddr=00030020 vaddr=42000020 size=4b1fch (307708) map
[12:31:15] I (182) esp_image: segment 4: paddr=0007b224 vaddr=4037bf68 size=08558h ( 34136) load
[12:31:15] I (190) esp_image: segment 5: paddr=00083784 vaddr=50000000 size=00024h (    36) load
[12:31:15] I (197) boot: Loaded app from partition at offset 0x10000
[12:31:15] I (197) boot: Disabling RNG early entropy source...
[12:31:15] I (208) octal_psram: vendor id    : 0x0d (AP)
[12:31:15] I (208) octal_psram: dev id       : 0x02 (generation 3)
[12:31:15] I (208) octal_psram: density      : 0x03 (64 Mbit)
[12:31:15] I (210) octal_psram: good-die     : 0x01 (Pass)
[12:31:15] I (214) octal_psram: Latency      : 0x01 (Fixed)
[12:31:15] I (219) octal_psram: VCC          : 0x01 (3V)
[12:31:15] I (223) octal_psram: SRF          : 0x01 (Fast Refresh)
[12:31:15] I (228) octal_psram: BurstType    : 0x01 (Hybrid Wrap)
[12:31:15] I (232) octal_psram: BurstLen     : 0x01 (32 Byte)
[12:31:15] I (237) octal_psram: Readlatency  : 0x02 (10 cycles@Fixed)
[12:31:15] I (242) octal_psram: DriveStrength: 0x00 (1/1)
[12:31:15] I (246) MSPI Timing: Enter psram timing tuning
[12:31:15] I (251) esp_psram: Found 8MB PSRAM device
[12:31:15] I (254) esp_psram: Speed: 80MHz
[12:31:15] I (257) cpu_start: Multicore app
[12:31:15] I (673) esp_psram: SPI SRAM memory test OK
[12:31:15] I (681) cpu_start: GPIO 44 and 43 are used as console UART I/O pins
[12:31:15] I (682) cpu_start: Pro cpu start user code
[12:31:15] I (682) cpu_start: cpu freq: 240000000 Hz
[12:31:15] I (684) app_init: Application information:
[12:31:15] I (688) app_init: Project name:     tinydraw_esp32
[12:31:15] I (692) app_init: App version:      ed23f9d
[12:31:15] I (696) app_init: Compile time:     Aug 16 2026 12:29:34
[12:31:15] I (701) app_init: ELF file SHA256:  363fbd855...
[12:31:15] I (705) app_init: ESP-IDF:          v6.0.2
[12:31:15] I (709) efuse_init: Min chip rev:     v0.0
[12:31:15] I (713) efuse_init: Max chip rev:     v0.99 
[12:31:15] I (717) efuse_init: Chip rev:         v0.2
[12:31:15] I (721) heap_init: Initializing. RAM available for dynamic allocation:
[12:31:15] I (727) heap_init: At 3FC99090 len 00050680 (321 KiB): RAM
[12:31:15] I (732) heap_init: At 3FCE9710 len 00005724 (21 KiB): RAM
[12:31:15] I (737) heap_init: At 3FCF0000 len 00008000 (32 KiB): DRAM
[12:31:15] I (743) heap_init: At 600FE000 len 00001FE8 (7 KiB): RTCRAM
[12:31:15] I (748) esp_psram: Adding pool of 8192K of PSRAM memory to heap allocator
[12:31:15] I (755) spi_flash: detected chip: generic
[12:31:15] I (758) spi_flash: flash io: qio
[12:31:15] I (761) sleep_gpio: Configure to isolate all GPIO pins in sleep state
[12:31:15] I (767) sleep_gpio: Enable automatic switching of GPIO sleep configuration
[12:31:15] I (774) main_task: Started on CPU0
[12:31:15] I (777) main_task: Calling app_main()
[12:31:15] TINYDRAW_PRODUCER_SCRATCH supertask_internal=1 packed_internal=1 free_internal=319136 free_psram=1921932
[12:31:16] TINYDRAW_PANEL_HARD_RESET=1
[12:31:16] TINYDRAW_PANEL_TRANSPORT requested_clock_mhz=50 effective_clock_mhz=40
[12:31:16] I (982) co5300: version: 2.1.0
[12:31:16] I (982) co5300_spi: LCD panel create success, version: 2.1.0
[12:31:16] W (1067) co5300_spi: The 3Ah command has been used and will be overwritten by external initialization sequence
[12:31:16] I (1168) CST816S: IC id: 183
[12:31:16] TINYDRAW_VECTOR_V2_PRESENTATION experiment=boundary-top-sweep te_edge=rising requested_clock_mhz=50 effective_clock_mhz=40 optical_acceptance=external_manual
[12:31:16] TINYDRAW_LIVE_PRESENT kind=startup zoom=25 x=0 y=0 compose_us=26066 scroll_us=0 exposed_compose_us=0 chrome_us=17039 chrome_prepare_us=11891 chrome_stage_us=5148 read_submit_us=0 read_complete_us=0 transfer_wait_us=21240 tile_pixels=0 uniform_pixels=0 overview_pixels=164864 fallback_pixels=0 resident_tiles=0 fallback_tiles=0 pushes=11 tear_wait_us=259 tear_edge_isr_to_resume_us=18 tear_edge_observed=1 tear_edge_wait_resumed=1 tear_edge_timeout=0 tear_heal_attempted=0 tear_heal_command_sent=0 presentation_experiment=boundary-top-sweep te_edge=rising requested_clock_mhz=50 effective_clock_mhz=40 frame_reused=0 pass=1
[12:31:17] TINYDRAW_LIVE_STRESS operations=1000 samples=20000 total_us=694861 average_us=694 maximum_us=967 free_psram=1920344 largest_psram=1900544
[12:31:17] TINYDRAW_LIVE_PRESENT kind=gate_fallback zoom=100 x=0 y=0 compose_us=16406 scroll_us=0 exposed_compose_us=0 chrome_us=11081 chrome_prepare_us=6636 chrome_stage_us=4445 read_submit_us=28461 read_complete_us=31905 transfer_wait_us=21012 tile_pixels=0 uniform_pixels=0 overview_pixels=0 fallback_pixels=164864 resident_tiles=0 fallback_tiles=42 pushes=11 tear_wait_us=5287 tear_edge_isr_to_resume_us=13 tear_edge_observed=1 tear_edge_wait_resumed=1 tear_edge_timeout=0 tear_heal_attempted=0 tear_heal_command_sent=0 presentation_experiment=boundary-top-sweep te_edge=rising requested_clock_mhz=50 effective_clock_mhz=40 frame_reused=0 pass=1
[12:31:17] TINYDRAW_GATE1_HARD zoom=100 cold=1 operations=1000 samples=20000 steps=196 tiles=42 scanned=12000 rendered=3168 max_supertask_us=8670 presentation_us=72172 total_us=303708 maximum_wall_us=500000 pass=1
[12:31:17] TINYDRAW_LIVE_PRESENT kind=gate_fallback zoom=400 x=0 y=0 compose_us=16020 scroll_us=0 exposed_compose_us=0 chrome_us=6524 chrome_prepare_us=2262 chrome_stage_us=4262 read_submit_us=24824 read_complete_us=28490 transfer_wait_us=21154 tile_pixels=0 uniform_pixels=0 overview_pixels=0 fallback_pixels=164864 resident_tiles=0 fallback_tiles=42 pushes=11 tear_wait_us=6419 tear_edge_isr_to_resume_us=14 tear_edge_observed=1 tear_edge_wait_resumed=1 tear_edge_timeout=0 tear_heal_attempted=0 tear_heal_command_sent=0 presentation_experiment=boundary-top-sweep te_edge=rising requested_clock_mhz=50 effective_clock_mhz=40 frame_reused=0 pass=1
[12:31:17] TINYDRAW_GATE1_HARD zoom=400 cold=1 operations=1000 samples=20000 steps=200 tiles=42 scanned=12000 rendered=222 max_supertask_us=6841 presentation_us=70052 total_us=203783 maximum_wall_us=500000 pass=1
[12:31:18] TINYDRAW_OVERLAP_WORKLOAD operations=8 samples=1200 radius_world=80
[12:31:19] TINYDRAW_GATE1_PACED_COLD corpus=overlap zoom=50 x=215 y=255 steps=650 tiles=56 compute_us=545775 present_us=89563 touch_us=901 pacing_us=16151 wall_us=652390 maximum_wall_us=500000 max_tick_us=10019 touch_samples=2825 touch_interval_max_us=1878 touch_read_max_us=611 touch_events=0 touch_down=0 touch_up=0 touch_events_ge_8ms=0 touch_event_age_max_us=0 touch_errors=0 touch_overflows=0 pass=0
[12:31:19] TINYDRAW_GATE1_PACED_COLD corpus=overlap zoom=100 x=583 y=703 steps=319 tiles=48 compute_us=307031 present_us=86992 touch_us=569 pacing_us=8386 wall_us=402978 maximum_wall_us=500000 max_tick_us=10681 touch_samples=471 touch_interval_max_us=1930 touch_read_max_us=517 touch_events=0 touch_down=0 touch_up=0 touch_events_ge_8ms=0 touch_event_age_max_us=0 touch_errors=0 touch_overflows=0 pass=1
[12:31:19] TINYDRAW_GATE1_PACED_COLD corpus=overlap zoom=200 x=1319 y=1599 steps=231 tiles=56 compute_us=276751 present_us=86604 touch_us=524 pacing_us=9097 wall_us=372976 maximum_wall_us=500000 max_tick_us=10471 touch_samples=439 touch_interval_max_us=1800 touch_read_max_us=515 touch_events=0 touch_down=0 touch_up=0 touch_events_ge_8ms=0 touch_event_age_max_us=0 touch_errors=0 touch_overflows=0 pass=1
[12:31:20] TINYDRAW_GATE1_PACED_COLD corpus=overlap zoom=400 x=2791 y=3391 steps=160 tiles=56 compute_us=236744 present_us=83180 touch_us=434 pacing_us=5620 wall_us=325978 maximum_wall_us=500000 max_tick_us=9593 touch_samples=406 touch_interval_max_us=1461 touch_read_max_us=475 touch_events=0 touch_down=0 touch_up=0 touch_events_ge_8ms=0 touch_event_age_max_us=0 touch_errors=0 touch_overflows=0 pass=1
[12:31:20] TINYDRAW_ADVERSARIAL_TAPERED_WORKLOAD operations=128 samples=4096 erasers=12 load_us=190583 appended=1
[12:31:21] TINYDRAW_GENERAL_COLD_WORKLOAD operations=910 samples=12157 hairline_operations=782 hairline_samples=8061 hairline_load_us=1058488 appended=1
[12:31:22] TINYDRAW_GATE1_PACED_COLD corpus=adversarial_tapered_4x+evil_hairlines zoom=50 x=0 y=0 steps=417 tiles=42 compute_us=451848 present_us=71502 touch_us=766 pacing_us=12837 wall_us=536953 maximum_wall_us=500000 max_tick_us=8505 touch_samples=1849 touch_interval_max_us=2021 touch_read_max_us=520 touch_events=0 touch_down=0 touch_up=0 touch_events_ge_8ms=0 touch_event_age_max_us=0 touch_errors=0 touch_overflows=0 pass=0
[12:31:22] TINYDRAW_GATE1_PACED_COLD corpus=adversarial_tapered_4x+evil_hairlines zoom=100 x=0 y=0 steps=814 tiles=42 compute_us=529058 present_us=70842 touch_us=822 pacing_us=14234 wall_us=614956 maximum_wall_us=500000 max_tick_us=8344 touch_samples=682 touch_interval_max_us=1183 touch_read_max_us=476 touch_events=0 touch_down=0 touch_up=0 touch_events_ge_8ms=0 touch_event_age_max_us=0 touch_errors=0 touch_overflows=0 pass=0
[12:31:23] TINYDRAW_GATE1_PACED_COLD corpus=adversarial_tapered_4x+evil_hairlines zoom=200 x=0 y=0 steps=1442 tiles=42 compute_us=709788 present_us=68247 touch_us=1115 pacing_us=22834 wall_us=801984 maximum_wall_us=500000 max_tick_us=8439 touch_samples=875 touch_interval_max_us=1160 touch_read_max_us=440 touch_events=0 touch_down=0 touch_up=0 touch_events_ge_8ms=0 touch_event_age_max_us=0 touch_errors=0 touch_overflows=0 pass=0
[12:31:24] TINYDRAW_GATE1_PACED_COLD corpus=adversarial_tapered_4x+evil_hairlines zoom=400 x=0 y=0 steps=1184 tiles=42 compute_us=698307 present_us=67865 touch_us=1023 pacing_us=16761 wall_us=783956 maximum_wall_us=500000 max_tick_us=8765 touch_samples=855 touch_interval_max_us=1151 touch_read_max_us=467 touch_events=0 touch_down=0 touch_up=0 touch_events_ge_8ms=0 touch_event_age_max_us=0 touch_errors=0 touch_overflows=0 pass=0
[12:31:25] TINYDRAW_GATE1_WORKLOAD kind=realistic seed=7 operations=1000 samples=19844 maximum_stroke=198 load_us=524005 raw_source=1 lod_copies=0
[12:31:25] TINYDRAW_GATE1_PACED_COLD corpus=seed7 zoom=400 x=63 y=63 steps=326 tiles=56 compute_us=280583 present_us=87794 touch_us=516 pacing_us=7085 wall_us=375978 maximum_wall_us=500000 max_tick_us=10590 touch_samples=1084 touch_interval_max_us=1964 touch_read_max_us=477 touch_events=0 touch_down=0 touch_up=0 touch_events_ge_8ms=0 touch_event_age_max_us=0 touch_errors=0 touch_overflows=0 pass=1
[12:31:26] TINYDRAW_LIVE_PRESENT kind=gate_fallback zoom=100 x=0 y=0 compose_us=17021 scroll_us=0 exposed_compose_us=0 chrome_us=6710 chrome_prepare_us=2257 chrome_stage_us=4453 read_submit_us=34248 read_complete_us=37927 transfer_wait_us=20685 tile_pixels=0 uniform_pixels=0 overview_pixels=0 fallback_pixels=164864 resident_tiles=0 fallback_tiles=42 pushes=11 tear_wait_us=14842 tear_edge_isr_to_resume_us=16 tear_edge_observed=1 tear_edge_wait_resumed=1 tear_edge_timeout=0 tear_heal_attempted=0 tear_heal_command_sent=0 presentation_experiment=boundary-top-sweep te_edge=rising requested_clock_mhz=50 effective_clock_mhz=40 frame_reused=0 pass=1
[12:31:26] TINYDRAW_GATE1_HARD zoom=100 cold=1 operations=1000 samples=19844 steps=387 tiles=42 scanned=12000 rendered=9976 max_supertask_us=6998 presentation_us=71766 total_us=442695 maximum_wall_us=500000 pass=1
[12:31:26] TINYDRAW_GATE1_OVERLAY_CANVAS regions=zoom,minimap,toolbar,battery operations=4 presentation_mutations=0 authority=1 pass=1
[12:31:26] TINYDRAW_GATE1_LIVE_OVERLAY clear_updates=48 clear_wall_max_us=3941 clear_submit_max_us=2181 clear_complete_max_us=3113 overlay_updates=48 overlay_wall_max_us=3916 overlay_submit_max_us=2084 overlay_complete_max_us=3214 overlay_chrome_max_us=227 clear_failures=0 overlay_failures=0 pass=1
[12:31:26] TINYDRAW_EDGE_INK corners=4 edge_failures=0 pass=1
[12:31:27] TINYDRAW_GATE1_PAN zoom=100 from_x=0 from_y=0 to_x=88 to_y=88 compose_us=16263 scroll_us=12 exposed_compose_us=16251 chrome_us=2436 event_submit_us=30001 event_complete_us=33282 transfer_us=16011 setup=1 present=1 moved=1 frame_reused=1 pass=1
[12:31:27] TINYDRAW_LIVE_PRESENT kind=gate_fallback zoom=400 x=0 y=0 compose_us=16095 scroll_us=0 exposed_compose_us=0 chrome_us=6522 chrome_prepare_us=2258 chrome_stage_us=4264 read_submit_us=23847 read_complete_us=27501 transfer_wait_us=20588 tile_pixels=0 uniform_pixels=0 overview_pixels=0 fallback_pixels=164864 resident_tiles=0 fallback_tiles=42 pushes=11 tear_wait_us=5363 tear_edge_isr_to_resume_us=16 tear_edge_observed=1 tear_edge_wait_resumed=1 tear_edge_timeout=0 tear_heal_attempted=0 tear_heal_command_sent=0 presentation_experiment=boundary-top-sweep te_edge=rising requested_clock_mhz=50 effective_clock_mhz=40 frame_reused=0 pass=1
[12:31:27] TINYDRAW_GATE1_HARD zoom=400 cold=1 operations=1008 samples=19852 steps=249 tiles=42 scanned=12096 rendered=1034 max_supertask_us=9524 presentation_us=71594 total_us=275329 maximum_wall_us=500000 pass=1
[12:31:28] TINYDRAW_GATE1_PAN zoom=400 from_x=0 from_y=0 to_x=88 to_y=88 compose_us=16209 scroll_us=12 exposed_compose_us=16197 chrome_us=2263 event_submit_us=29560 event_complete_us=32841 transfer_us=16454 setup=1 present=1 moved=1 frame_reused=1 pass=1
[12:31:32] TINYDRAW_PANSEQ_FRAME zoom=100 step=0 dx=24 dy=18 scroll_us=14 exposed_compose_us=4932 chrome_us=2430 tear_wait_us=7716 present_us=16181 prepare_us=11254 acquire_wait_us=22 ring_copy_us=8777 patch_us=2449 byte_swap_us=28 staging_us=3721 event_submit_us=12790 event_complete_us=16073 frame_us=28968 tear_edge_observed=1 frame_reused=1 pass=1
[12:31:32] TINYDRAW_PANSEQ_FRAME zoom=100 step=1 dx=24 dy=18 scroll_us=10 exposed_compose_us=4906 chrome_us=2424 tear_wait_us=12311 present_us=16577 prepare_us=11061 acquire_wait_us=23 ring_copy_us=8590 patch_us=2439 byte_swap_us=32 staging_us=3883 event_submit_us=17346 event_complete_us=20613 frame_us=33920 tear_edge_observed=1 frame_reused=1 pass=1
[12:31:32] TINYDRAW_PANSEQ_FRAME zoom=100 step=2 dx=24 dy=18 scroll_us=13 exposed_compose_us=4607 chrome_us=2437 tear_wait_us=12212 present_us=15970 prepare_us=11247 acquire_wait_us=23 ring_copy_us=8787 patch_us=2437 byte_swap_us=23 staging_us=3744 event_submit_us=16968 event_complete_us=20239 frame_us=32938 tear_edge_observed=1 frame_reused=1 pass=1
[12:31:32] TINYDRAW_PANSEQ_FRAME zoom=100 step=3 dx=24 dy=18 scroll_us=10 exposed_compose_us=5179 chrome_us=2429 tear_wait_us=12245 present_us=16366 prepare_us=11248 acquire_wait_us=22 ring_copy_us=8770 patch_us=2450 byte_swap_us=28 staging_us=3720 event_submit_us=17554 event_complete_us=20826 frame_us=33918 tear_edge_observed=1 frame_reused=1 pass=1
[12:31:32] TINYDRAW_PANSEQ_FRAME zoom=100 step=4 dx=24 dy=18 scroll_us=13 exposed_compose_us=4697 chrome_us=2405 tear_wait_us=12347 present_us=16753 prepare_us=11262 acquire_wait_us=22 ring_copy_us=8812 patch_us=2420 byte_swap_us=30 staging_us=3714 event_submit_us=17179 event_complete_us=20464 frame_us=33933 tear_edge_observed=1 frame_reused=1 pass=1
[12:31:32] TINYDRAW_PANSEQ_FRAME zoom=100 step=5 dx=24 dy=18 scroll_us=10 exposed_compose_us=4916 chrome_us=2416 tear_wait_us=11729 present_us=16140 prepare_us=11171 acquire_wait_us=23 ring_copy_us=8714 patch_us=2434 byte_swap_us=23 staging_us=3802 event_submit_us=16775 event_complete_us=20055 frame_us=32913 tear_edge_observed=1 frame_reused=1 pass=1
[12:31:32] TINYDRAW_PANSEQ_FRAME zoom=100 step=6 dx=24 dy=18 scroll_us=13 exposed_compose_us=4572 chrome_us=2453 tear_wait_us=12670 present_us=16543 prepare_us=11095 acquire_wait_us=24 ring_copy_us=8616 patch_us=2457 byte_swap_us=22 staging_us=3858 event_submit_us=17393 event_complete_us=20675 frame_us=33932 tear_edge_observed=1 frame_reused=1 pass=1
[12:31:32] TINYDRAW_PANSEQ_FRAME zoom=100 step=7 dx=24 dy=18 scroll_us=9 exposed_compose_us=4998 chrome_us=2419 tear_wait_us=11862 present_us=15945 prepare_us=11193 acquire_wait_us=23 ring_copy_us=8730 patch_us=2437 byte_swap_us=26 staging_us=3787 event_submit_us=16991 event_complete_us=20249 frame_us=32932 tear_edge_observed=1 frame_reused=1 pass=1
[12:31:32] TINYDRAW_PANSEQ_FRAME zoom=100 step=8 dx=24 dy=18 scroll_us=13 exposed_compose_us=4958 chrome_us=2418 tear_wait_us=12496 present_us=16331 prepare_us=11235 acquire_wait_us=33 ring_copy_us=8779 patch_us=2429 byte_swap_us=27 staging_us=3727 event_submit_us=17592 event_complete_us=20867 frame_us=33923 tear_edge_observed=1 frame_reused=1 pass=1
[12:31:32] TINYDRAW_PANSEQ_FRAME zoom=100 step=9 dx=24 dy=18 scroll_us=9 exposed_compose_us=4952 chrome_us=2419 tear_wait_us=12101 present_us=16741 prepare_us=11210 acquire_wait_us=23 ring_copy_us=8746 patch_us=2431 byte_swap_us=33 staging_us=3753 event_submit_us=17185 event_complete_us=20451 frame_us=33923 tear_edge_observed=1 frame_reused=1 pass=1
[12:31:32] TINYDRAW_PANSEQ_FRAME zoom=100 step=10 dx=24 dy=18 scroll_us=13 exposed_compose_us=4653 chrome_us=2420 tear_wait_us=11994 present_us=16139 prepare_us=11195 acquire_wait_us=23 ring_copy_us=8730 patch_us=2436 byte_swap_us=29 staging_us=3776 event_submit_us=16784 event_complete_us=20063 frame_us=32924 tear_edge_observed=1 frame_reused=1 pass=1
[12:31:32] TINYDRAW_PANSEQ_FRAME zoom=100 step=11 dx=24 dy=18 scroll_us=10 exposed_compose_us=5412 chrome_us=2446 tear_wait_us=11824 present_us=16552 prepare_us=11052 acquire_wait_us=24 ring_copy_us=8572 patch_us=2455 byte_swap_us=25 staging_us=3915 event_submit_us=17372 event_complete_us=20641 frame_us=33922 tear_edge_observed=1 frame_reused=1 pass=1
[12:31:32] TINYDRAW_PANSEQ_FRAME zoom=100 step=12 dx=24 dy=18 scroll_us=13 exposed_compose_us=4762 chrome_us=2412 tear_wait_us=12077 present_us=15960 prepare_us=11259 acquire_wait_us=22 ring_copy_us=8802 patch_us=2430 byte_swap_us=27 staging_us=3724 event_submit_us=16978 event_complete_us=20239 frame_us=32938 tear_edge_observed=1 frame_reused=1 pass=1
[12:31:32] TINYDRAW_PANSEQ_FRAME zoom=100 step=13 dx=24 dy=18 scroll_us=10 exposed_compose_us=4975 chrome_us=2419 tear_wait_us=12455 present_us=16363 prepare_us=11211 acquire_wait_us=22 ring_copy_us=8750 patch_us=2435 byte_swap_us=26 staging_us=3739 event_submit_us=17558 event_complete_us=20814 frame_us=33918 tear_edge_observed=1 frame_reused=1 pass=1
[12:31:32] TINYDRAW_PANSEQ_FRAME zoom=100 step=14 dx=24 dy=18 scroll_us=13 exposed_compose_us=4825 chrome_us=2421 tear_wait_us=12214 present_us=16754 prepare_us=11249 acquire_wait_us=23 ring_copy_us=8787 patch_us=2431 byte_swap_us=31 staging_us=3716 event_submit_us=17178 event_complete_us=20457 frame_us=33936 tear_edge_observed=1 frame_reused=1 pass=1
[12:31:32] TINYDRAW_PANSEQ_FRAME zoom=100 step=15 dx=24 dy=18 scroll_us=10 exposed_compose_us=5099 chrome_us=2418 tear_wait_us=11544 present_us=16142 prepare_us=11154 acquire_wait_us=22 ring_copy_us=8693 patch_us=2434 byte_swap_us=27 staging_us=3821 event_submit_us=16773 event_complete_us=20051 frame_us=32913 tear_edge_observed=1 frame_reused=1 pass=1
[12:31:32] TINYDRAW_PANSEQ_FRAME zoom=100 step=16 dx=72 dy=54 scroll_us=13 exposed_compose_us=13161 chrome_us=2435 tear_wait_us=4089 present_us=16546 prepare_us=11086 acquire_wait_us=23 ring_copy_us=8612 patch_us=2451 byte_swap_us=23 staging_us=3863 event_submit_us=17389 event_complete_us=20649 frame_us=33932 tear_edge_observed=1 frame_reused=1 pass=1
[12:31:32] TINYDRAW_PANSEQ_FRAME zoom=100 step=17 dx=72 dy=54 scroll_us=9 exposed_compose_us=12950 chrome_us=2412 tear_wait_us=3898 present_us=15951 prepare_us=11217 acquire_wait_us=22 ring_copy_us=8762 patch_us=2429 byte_swap_us=26 staging_us=3762 event_submit_us=16977 event_complete_us=20230 frame_us=32924 tear_edge_observed=1 frame_reused=1 pass=1
[12:31:32] TINYDRAW_PANSEQ_FRAME zoom=100 step=18 dx=72 dy=54 scroll_us=13 exposed_compose_us=12295 chrome_us=2415 tear_wait_us=5147 present_us=16352 prepare_us=11268 acquire_wait_us=24 ring_copy_us=8811 patch_us=2429 byte_swap_us=28 staging_us=3690 event_submit_us=17580 event_complete_us=20855 frame_us=33933 tear_edge_observed=1 frame_reused=1 pass=1
[12:31:32] TINYDRAW_PANSEQ_FRAME zoom=100 step=19 dx=72 dy=54 scroll_us=10 exposed_compose_us=12502 chrome_us=2409 tear_wait_us=4546 present_us=16749 prepare_us=11210 acquire_wait_us=23 ring_copy_us=8758 patch_us=2420 byte_swap_us=32 staging_us=3754 event_submit_us=17176 event_complete_us=20446 frame_us=33923 tear_edge_observed=1 frame_reused=1 pass=1
[12:31:32] TINYDRAW_PANSEQ_FRAME zoom=100 step=20 dx=-72 dy=-54 scroll_us=13 exposed_compose_us=13249 chrome_us=2423 tear_wait_us=3398 present_us=16136 prepare_us=11209 acquire_wait_us=24 ring_copy_us=8743 patch_us=2438 byte_swap_us=28 staging_us=3728 event_submit_us=16787 event_complete_us=20038 frame_us=32924 tear_edge_observed=1 frame_reused=1 pass=1
[12:31:32] TINYDRAW_PANSEQ_FRAME zoom=100 step=21 dx=-72 dy=-54 scroll_us=10 exposed_compose_us=13078 chrome_us=2432 tear_wait_us=4165 present_us=16554 prepare_us=11044 acquire_wait_us=22 ring_copy_us=8572 patch_us=2449 byte_swap_us=23 staging_us=3885 event_submit_us=17370 event_complete_us=20614 frame_us=33922 tear_edge_observed=1 frame_reused=1 pass=1
[12:31:32] TINYDRAW_PANSEQ_FRAME zoom=100 step=22 dx=-72 dy=-54 scroll_us=13 exposed_compose_us=13068 chrome_us=2436 tear_wait_us=3765 present_us=15962 prepare_us=11233 acquire_wait_us=24 ring_copy_us=8758 patch_us=2450 byte_swap_us=25 staging_us=3727 event_submit_us=16972 event_complete_us=20215 frame_us=32932 tear_edge_observed=1 frame_reused=1 pass=1
[12:31:32] TINYDRAW_PANSEQ_FRAME zoom=100 step=23 dx=-72 dy=-54 scroll_us=9 exposed_compose_us=12578 chrome_us=2442 tear_wait_us=4853 present_us=16358 prepare_us=11203 acquire_wait_us=22 ring_copy_us=8725 patch_us=2455 byte_swap_us=23 staging_us=3742 event_submit_us=17568 event_complete_us=20816 frame_us=33923 tear_edge_observed=1 frame_reused=1 pass=1
[12:31:32] TINYDRAW_PANSEQ_STRIP zoom=100 strip=0 panel_y=0 rows=44 samples=24 staging_mean_us=1406 staging_max_us=1435 wire_budget_us=1619 over_budget_us=0 pass=1
[12:31:32] TINYDRAW_PANSEQ_STRIP zoom=100 strip=1 panel_y=44 rows=44 samples=24 staging_mean_us=1281 staging_max_us=1299 wire_budget_us=1619 over_budget_us=0 pass=1
[12:31:33] TINYDRAW_PANSEQ_STRIP zoom=100 strip=2 panel_y=88 rows=44 samples=24 staging_mean_us=1234 staging_max_us=1247 wire_budget_us=1619 over_budget_us=0 pass=1
[12:31:33] TINYDRAW_PANSEQ_STRIP zoom=100 strip=3 panel_y=132 rows=44 samples=24 staging_mean_us=1234 staging_max_us=1248 wire_budget_us=1619 over_budget_us=0 pass=1
[12:31:33] TINYDRAW_PANSEQ_STRIP zoom=100 strip=4 panel_y=176 rows=44 samples=24 staging_mean_us=1231 staging_max_us=1244 wire_budget_us=1619 over_budget_us=0 pass=1
[12:31:33] TINYDRAW_PANSEQ_STRIP zoom=100 strip=5 panel_y=220 rows=44 samples=24 staging_mean_us=1263 staging_max_us=1284 wire_budget_us=1619 over_budget_us=0 pass=1
[12:31:33] TINYDRAW_PANSEQ_STRIP zoom=100 strip=6 panel_y=264 rows=44 samples=24 staging_mean_us=1441 staging_max_us=1478 wire_budget_us=1619 over_budget_us=0 pass=1
[12:31:33] TINYDRAW_PANSEQ_STRIP zoom=100 strip=7 panel_y=308 rows=44 samples=24 staging_mean_us=1434 staging_max_us=1450 wire_budget_us=1619 over_budget_us=0 pass=1
[12:31:33] TINYDRAW_PANSEQ_STRIP zoom=100 strip=8 panel_y=352 rows=20 samples=24 staging_mean_us=685 staging_max_us=729 wire_budget_us=736 over_budget_us=0 pass=1
[12:31:33] TINYDRAW_GATE1_PANSEQ zoom=100 frames=24 scroll_avg_us=11 exposed_avg_us=7555 chrome_avg_us=2424 tear_wait_avg_us=9319 present_avg_us=16336 prepare_avg_us=11190 acquire_wait_avg_us=23 ring_copy_avg_us=8724 patch_avg_us=2438 byte_swap_avg_us=26 staging_avg_us=3772 frame_avg_us=33344 frame_p50_us=33918 frame_p95_us=33933 frame_max_us=33936 complete_p50_us=20451 complete_p95_us=20855 complete_max_us=20867 tear_edge_failures=0 presentation_experiment=boundary-top-sweep te_edge=rising requested_clock_mhz=50 effective_clock_mhz=40 chrome_bottom_redraws=0 chrome_battery_redraws=0 chrome_zoom_redraws=0 chrome_minimap_base_redraws=0 strip_samples=216 staging_mean_us=1245 staging_max_us=1478 worst_strip=8 worst_strip_y=352 worst_wire_budget_us=736 worst_headroom_us=7 staging_invariant=1 pacing_pass=1 all_reused=1 pass=1
[12:31:35] TINYDRAW_PANSEQ_FRAME zoom=400 step=0 dx=24 dy=18 scroll_us=13 exposed_compose_us=4885 chrome_us=2227 tear_wait_us=7845 present_us=16098 prepare_us=11064 acquire_wait_us=23 ring_copy_us=8800 patch_us=2240 byte_swap_us=24 staging_us=3911 event_submit_us=12875 event_complete_us=16175 frame_us=28968 tear_edge_observed=1 frame_reused=1 pass=1
[12:31:35] TINYDRAW_PANSEQ_FRAME zoom=400 step=1 dx=24 dy=18 scroll_us=10 exposed_compose_us=4840 chrome_us=2254 tear_wait_us=12424 present_us=16530 prepare_us=10883 acquire_wait_us=23 ring_copy_us=8593 patch_us=2269 byte_swap_us=21 staging_us=4095 event_submit_us=17406 event_complete_us=20675 frame_us=33921 tear_edge_observed=1 frame_reused=1 pass=1
[12:31:35] TINYDRAW_PANSEQ_FRAME zoom=400 step=2 dx=24 dy=18 scroll_us=13 exposed_compose_us=4458 chrome_us=2234 tear_wait_us=12376 present_us=15970 prepare_us=11050 acquire_wait_us=25 ring_copy_us=8777 patch_us=2248 byte_swap_us=25 staging_us=3945 event_submit_us=16971 event_complete_us=20247 frame_us=32941 tear_edge_observed=1 frame_reused=1 pass=1
[12:31:35] TINYDRAW_PANSEQ_FRAME zoom=400 step=3 dx=24 dy=18 scroll_us=10 exposed_compose_us=4884 chrome_us=2261 tear_wait_us=12512 present_us=16392 prepare_us=11012 acquire_wait_us=23 ring_copy_us=8704 patch_us=2282 byte_swap_us=26 staging_us=3954 event_submit_us=17525 event_complete_us=20791 frame_us=33915 tear_edge_observed=1 frame_reused=1 pass=1
[12:31:36] TINYDRAW_PANSEQ_FRAME zoom=400 step=4 dx=24 dy=18 scroll_us=13 exposed_compose_us=4433 chrome_us=2242 tear_wait_us=12529 present_us=16834 prepare_us=11003 acquire_wait_us=23 ring_copy_us=8714 patch_us=2259 byte_swap_us=30 staging_us=3975 event_submit_us=17098 event_complete_us=20388 frame_us=33932 tear_edge_observed=1 frame_reused=1 pass=1
[12:31:36] TINYDRAW_PANSEQ_FRAME zoom=400 step=5 dx=24 dy=18 scroll_us=10 exposed_compose_us=4727 chrome_us=2224 tear_wait_us=11799 present_us=16271 prepare_us=11039 acquire_wait_us=22 ring_copy_us=8767 patch_us=2246 byte_swap_us=26 staging_us=3951 event_submit_us=16665 event_complete_us=19925 frame_us=32925 tear_edge_observed=1 frame_reused=1 pass=1
[12:31:36] TINYDRAW_PANSEQ_FRAME zoom=400 step=6 dx=24 dy=18 scroll_us=13 exposed_compose_us=4586 chrome_us=2239 tear_wait_us=12493 present_us=16706 prepare_us=11045 acquire_wait_us=22 ring_copy_us=8776 patch_us=2238 byte_swap_us=31 staging_us=3935 event_submit_us=17225 event_complete_us=20502 frame_us=33932 tear_edge_observed=1 frame_reused=1 pass=1
[12:31:36] TINYDRAW_PANSEQ_FRAME zoom=400 step=7 dx=24 dy=18 scroll_us=10 exposed_compose_us=5175 chrome_us=2237 tear_wait_us=11482 present_us=16127 prepare_us=10954 acquire_wait_us=22 ring_copy_us=8675 patch_us=2253 byte_swap_us=26 staging_us=4014 event_submit_us=16788 event_complete_us=20058 frame_us=32914 tear_edge_observed=1 frame_reused=1 pass=1
[12:31:36] TINYDRAW_PANSEQ_FRAME zoom=400 step=8 dx=24 dy=18 scroll_us=13 exposed_compose_us=5216 chrome_us=2243 tear_wait_us=12021 present_us=16559 prepare_us=10901 acquire_wait_us=22 ring_copy_us=8621 patch_us=2257 byte_swap_us=23 staging_us=4066 event_submit_us=17372 event_complete_us=20643 frame_us=33932 tear_edge_observed=1 frame_reused=1 pass=1
[12:31:36] TINYDRAW_PANSEQ_FRAME zoom=400 step=9 dx=24 dy=18 scroll_us=10 exposed_compose_us=5175 chrome_us=2236 tear_wait_us=11640 present_us=15982 prepare_us=10970 acquire_wait_us=24 ring_copy_us=8687 patch_us=2254 byte_swap_us=29 staging_us=3989 event_submit_us=16943 event_complete_us=20198 frame_us=32923 tear_edge_observed=1 frame_reused=1 pass=1
[12:31:36] TINYDRAW_PANSEQ_FRAME zoom=400 step=10 dx=24 dy=18 scroll_us=13 exposed_compose_us=4905 chrome_us=2267 tear_wait_us=12486 present_us=16406 prepare_us=11011 acquire_wait_us=26 ring_copy_us=8703 patch_us=2288 byte_swap_us=20 staging_us=3930 event_submit_us=17528 event_complete_us=20772 frame_us=33935 tear_edge_observed=1 frame_reused=1 pass=1
[12:31:36] TINYDRAW_PANSEQ_FRAME zoom=400 step=11 dx=24 dy=18 scroll_us=10 exposed_compose_us=5724 chrome_us=2237 tear_wait_us=11229 present_us=16842 prepare_us=10915 acquire_wait_us=23 ring_copy_us=8640 patch_us=2250 byte_swap_us=25 staging_us=4060 event_submit_us=17082 event_complete_us=20355 frame_us=33922 tear_edge_observed=1 frame_reused=1 pass=1
[12:31:36] TINYDRAW_PANSEQ_FRAME zoom=400 step=12 dx=24 dy=18 scroll_us=13 exposed_compose_us=5028 chrome_us=2227 tear_wait_us=11497 present_us=16272 prepare_us=11072 acquire_wait_us=23 ring_copy_us=8802 patch_us=2243 byte_swap_us=27 staging_us=3920 event_submit_us=16674 event_complete_us=19941 frame_us=32935 tear_edge_observed=1 frame_reused=1 pass=1
[12:31:36] TINYDRAW_PANSEQ_FRAME zoom=400 step=13 dx=24 dy=18 scroll_us=10 exposed_compose_us=5283 chrome_us=2227 tear_wait_us=11792 present_us=16720 prepare_us=11024 acquire_wait_us=25 ring_copy_us=8750 patch_us=2242 byte_swap_us=32 staging_us=3942 event_submit_us=17204 event_complete_us=20467 frame_us=33922 tear_edge_observed=1 frame_reused=1 pass=1
[12:31:36] TINYDRAW_PANSEQ_FRAME zoom=400 step=14 dx=24 dy=18 scroll_us=13 exposed_compose_us=5030 chrome_us=2224 tear_wait_us=11610 present_us=16147 prepare_us=10993 acquire_wait_us=21 ring_copy_us=8723 patch_us=2241 byte_swap_us=29 staging_us=3975 event_submit_us=16776 event_complete_us=20044 frame_us=32923 tear_edge_observed=1 frame_reused=1 pass=1
[12:31:36] TINYDRAW_PANSEQ_FRAME zoom=400 step=15 dx=24 dy=18 scroll_us=10 exposed_compose_us=5402 chrome_us=2233 tear_wait_us=11805 present_us=16578 prepare_us=10875 acquire_wait_us=25 ring_copy_us=8616 patch_us=2236 byte_swap_us=23 staging_us=4059 event_submit_us=17345 event_complete_us=20597 frame_us=33922 tear_edge_observed=1 frame_reused=1 pass=1
[12:31:36] TINYDRAW_PANSEQ_FRAME zoom=400 step=16 dx=72 dy=54 scroll_us=13 exposed_compose_us=14052 chrome_us=2243 tear_wait_us=2744 present_us=16003 prepare_us=11069 acquire_wait_us=26 ring_copy_us=8778 patch_us=2262 byte_swap_us=29 staging_us=3898 event_submit_us=16931 event_complete_us=20195 frame_us=32934 tear_edge_observed=1 frame_reused=1 pass=1
[12:31:36] TINYDRAW_PANSEQ_FRAME zoom=400 step=17 dx=72 dy=54 scroll_us=10 exposed_compose_us=13613 chrome_us=2313 tear_wait_us=3753 present_us=16433 prepare_us=10985 acquire_wait_us=28 ring_copy_us=8634 patch_us=2329 byte_swap_us=22 staging_us=3975 event_submit_us=17492 event_complete_us=20745 frame_us=33923 tear_edge_observed=1 frame_reused=1 pass=1
[12:31:36] TINYDRAW_PANSEQ_FRAME zoom=400 step=18 dx=72 dy=54 scroll_us=13 exposed_compose_us=13685 chrome_us=2211 tear_wait_us=3244 present_us=16871 prepare_us=10965 acquire_wait_us=25 ring_copy_us=8702 patch_us=2226 byte_swap_us=37 staging_us=4019 event_submit_us=17062 event_complete_us=20341 frame_us=33934 tear_edge_observed=1 frame_reused=1 pass=1
[12:31:36] TINYDRAW_PANSEQ_FRAME zoom=400 step=19 dx=72 dy=54 scroll_us=10 exposed_compose_us=14483 chrome_us=2240 tear_wait_us=2030 present_us=16284 prepare_us=11034 acquire_wait_us=24 ring_copy_us=8746 patch_us=2259 byte_swap_us=29 staging_us=3930 event_submit_us=16657 event_complete_us=19903 frame_us=32925 tear_edge_observed=1 frame_reused=1 pass=1
[12:31:36] TINYDRAW_PANSEQ_FRAME zoom=400 step=20 dx=-72 dy=-54 scroll_us=13 exposed_compose_us=14068 chrome_us=2230 tear_wait_us=3020 present_us=16707 prepare_us=11037 acquire_wait_us=24 ring_copy_us=8764 patch_us=2244 byte_swap_us=29 staging_us=3913 event_submit_us=17225 event_complete_us=20482 frame_us=33932 tear_edge_observed=1 frame_reused=1 pass=1
[12:31:36] TINYDRAW_PANSEQ_FRAME zoom=400 step=21 dx=-72 dy=-54 scroll_us=10 exposed_compose_us=13710 chrome_us=2235 tear_wait_us=2945 present_us=16131 prepare_us=10992 acquire_wait_us=25 ring_copy_us=8708 patch_us=2255 byte_swap_us=29 staging_us=3937 event_submit_us=16784 event_complete_us=20008 frame_us=32914 tear_edge_observed=1 frame_reused=1 pass=1
[12:31:36] TINYDRAW_PANSEQ_FRAME zoom=400 step=22 dx=-72 dy=-54 scroll_us=13 exposed_compose_us=13592 chrome_us=2234 tear_wait_us=3642 present_us=16562 prepare_us=10897 acquire_wait_us=24 ring_copy_us=8626 patch_us=2248 byte_swap_us=23 staging_us=4037 event_submit_us=17369 event_complete_us=20626 frame_us=33932 tear_edge_observed=1 frame_reused=1 pass=1
[12:31:36] TINYDRAW_PANSEQ_FRAME zoom=400 step=23 dx=-72 dy=-54 scroll_us=10 exposed_compose_us=12751 chrome_us=2248 tear_wait_us=4058 present_us=15988 prepare_us=11007 acquire_wait_us=25 ring_copy_us=8716 patch_us=2268 byte_swap_us=23 staging_us=3949 event_submit_us=16938 event_complete_us=20189 frame_us=32923 tear_edge_observed=1 frame_reused=1 pass=1
[12:31:36] TINYDRAW_PANSEQ_STRIP zoom=400 strip=0 panel_y=0 rows=44 samples=24 staging_mean_us=1404 staging_max_us=1424 wire_budget_us=1619 over_budget_us=0 pass=1
[12:31:36] TINYDRAW_PANSEQ_STRIP zoom=400 strip=1 panel_y=44 rows=44 samples=24 staging_mean_us=1280 staging_max_us=1298 wire_budget_us=1619 over_budget_us=0 pass=1
[12:31:36] TINYDRAW_PANSEQ_STRIP zoom=400 strip=2 panel_y=88 rows=44 samples=24 staging_mean_us=1232 staging_max_us=1251 wire_budget_us=1619 over_budget_us=0 pass=1
[12:31:36] TINYDRAW_PANSEQ_STRIP zoom=400 strip=3 panel_y=132 rows=44 samples=24 staging_mean_us=1232 staging_max_us=1245 wire_budget_us=1619 over_budget_us=0 pass=1
[12:31:36] TINYDRAW_PANSEQ_STRIP zoom=400 strip=4 panel_y=176 rows=44 samples=24 staging_mean_us=1229 staging_max_us=1245 wire_budget_us=1619 over_budget_us=0 pass=1
[12:31:36] TINYDRAW_PANSEQ_STRIP zoom=400 strip=5 panel_y=220 rows=44 samples=24 staging_mean_us=1214 staging_max_us=1227 wire_budget_us=1619 over_budget_us=0 pass=1
[12:31:36] TINYDRAW_PANSEQ_STRIP zoom=400 strip=6 panel_y=264 rows=44 samples=24 staging_mean_us=1396 staging_max_us=1432 wire_budget_us=1619 over_budget_us=0 pass=1
[12:31:36] TINYDRAW_PANSEQ_STRIP zoom=400 strip=7 panel_y=308 rows=44 samples=24 staging_mean_us=1385 staging_max_us=1406 wire_budget_us=1619 over_budget_us=0 pass=1
[12:31:36] TINYDRAW_PANSEQ_STRIP zoom=400 strip=8 panel_y=352 rows=20 samples=24 staging_mean_us=640 staging_max_us=690 wire_budget_us=736 over_budget_us=0 pass=1
[12:31:36] TINYDRAW_GATE1_PANSEQ zoom=400 frames=24 scroll_avg_us=11 exposed_avg_us=7904 chrome_avg_us=2240 tear_wait_avg_us=8874 present_avg_us=16392 prepare_avg_us=10991 acquire_wait_avg_us=23 ring_copy_avg_us=8709 patch_avg_us=2255 byte_swap_avg_us=26 staging_avg_us=3974 frame_avg_us=33303 frame_p50_us=33915 frame_p95_us=33934 frame_max_us=33935 complete_p50_us=20341 complete_p95_us=20772 complete_max_us=20791 tear_edge_failures=0 presentation_experiment=boundary-top-sweep te_edge=rising requested_clock_mhz=50 effective_clock_mhz=40 chrome_bottom_redraws=0 chrome_battery_redraws=0 chrome_zoom_redraws=0 chrome_minimap_base_redraws=0 strip_samples=216 staging_mean_us=1223 staging_max_us=1432 worst_strip=8 worst_strip_y=352 worst_wire_budget_us=736 worst_headroom_us=46 staging_invariant=1 pacing_pass=1 all_reused=1 pass=1
[12:31:37] TINYDRAW_GATE1_PAN_BOUNDARY zoom=100 slow_1px_trace=1 below_delta=94 below_reused=1 at_delta=96 at_reused=1 above_delta=98 above_fallback=1 pass=1
[12:31:37] TINYDRAW_GATE1_PAN_BOUNDARY zoom=400 slow_1px_trace=1 below_delta=94 below_reused=1 at_delta=96 at_reused=1 above_delta=98 above_fallback=1 pass=1
[12:31:37] TINYDRAW_GATE1_DRAW_FILL zoom=400 revision=2930 append_us=927 poll_gap_us=95 event_submit_us=217 event_complete_us=2226 max_compute_slice_us=4865 max_display_slice_us=17090 fill_us=283551 revision_restarted=1 pass=1
[12:31:38] TINYDRAW_GATE1_CACHE_FILL zoom=50 x=63 y=63 published=56 total_us=731973 within_cold_gate=0 complete=1
[12:31:39] TINYDRAW_GATE1_CACHE_FILL zoom=100 x=63 y=63 published=56 total_us=598970 within_cold_gate=0 complete=1
[12:31:40] TINYDRAW_GATE1_CACHE_FILL zoom=200 x=63 y=63 published=56 total_us=451970 within_cold_gate=1 complete=1
[12:31:40] TINYDRAW_GATE1_CACHE_FILL zoom=400 x=63 y=63 published=56 total_us=390971 within_cold_gate=1 complete=1
[12:31:40] TINYDRAW_GATE1_CACHE_REVISIT zoom=50 remaining=0 tile_pixels=118128 fallback_pixels=0 compose_us=18503 complete_us=20764 hit=1
[12:31:40] TINYDRAW_GATE1_CACHE_REVISIT zoom=100 remaining=0 tile_pixels=164864 fallback_pixels=0 compose_us=20287 complete_us=20384 hit=1
[12:31:40] TINYDRAW_GATE1_CACHE_REVISIT zoom=200 remaining=0 tile_pixels=164864 fallback_pixels=0 compose_us=21360 complete_us=20993 hit=1
[12:31:40] TINYDRAW_GATE1_CACHE_REVISIT zoom=400 remaining=0 tile_pixels=164608 fallback_pixels=0 compose_us=22142 complete_us=20607 hit=1
[12:31:41] TINYDRAW_GATE1_CACHE_FILL zoom=400 x=575 y=575 published=56 total_us=428974 within_cold_gate=1 complete=1
[12:31:41] TINYDRAW_GATE1_CACHE_ROUND_TRIP zoom=50 from_x=63 from_y=63 via_x=575 via_y=575 remaining=0 tile_pixels=118128 fallback_pixels=0 compose_us=18461 complete_us=21193 hit=1
[12:31:41] TINYDRAW_GATE1_CACHE_ROUND_TRIP zoom=100 from_x=63 from_y=63 via_x=575 via_y=575 remaining=0 tile_pixels=164864 fallback_pixels=0 compose_us=20470 complete_us=20760 hit=1
[12:31:41] TINYDRAW_GATE1_CACHE_ROUND_TRIP zoom=200 from_x=63 from_y=63 via_x=575 via_y=575 remaining=0 tile_pixels=164864 fallback_pixels=0 compose_us=21401 complete_us=20327 hit=1
[12:31:41] TINYDRAW_GATE1_CACHE_ROUND_TRIP zoom=400 from_x=63 from_y=63 via_x=575 via_y=575 remaining=0 tile_pixels=164608 fallback_pixels=0 compose_us=22464 complete_us=20858 hit=1
[12:31:41] TINYDRAW_GATE1_CACHE_RETENTION pass=1 slots=448 revision=2930
[12:31:42] TINYDRAW_PAPER_SWEEP zoom=100 identities=644 raw=266 uniform=378 fallback=0 slots=448 total_us=1682674 pass=1
[12:31:47] TINYDRAW_GATE1_CACHE_TOUR slots=448 stops=16 forward_steps=2596 forward_tiles=832 forward_wall_us=2431774 return_missing_tiles=0 return_steps=16 return_tiles=0 return_wall_us=43476 home_missing=0 home_fallback_pixels=0 pass=1
[12:31:48] TINYDRAW_GATE1_MIXED_DRAW_WARM zoom=50 fill_tiles=56 fill_us=649497 raw=42 uniform=14
[12:31:48] TINYDRAW_GATE1_MIXED_DRAW_WARM zoom=100 fill_tiles=56 fill_us=512660 raw=56 uniform=0
[12:31:49] TINYDRAW_GATE1_MIXED_DRAW_WARM zoom=200 fill_tiles=56 fill_us=429109 raw=56 uniform=0
[12:31:49] TINYDRAW_GATE1_MIXED_DRAW_WARM zoom=400 fill_tiles=42 fill_us=284356 raw=42 uniform=0
[12:31:50] TINYDRAW_GATE1_MIXED_DRAW zoom=25 tool=pen chunks=50 append_max_us=12747 append_avg_us=11440 append_total_us=572048 affected_tiles=196 published=0 fallback=196 visible_fallback=0 committed=1 authority=1 refresh=1 run_ok=1 pass=1
[12:31:51] TINYDRAW_GATE1_MIXED_DRAW zoom=25 tool=eraser chunks=50 append_max_us=12800 append_avg_us=11389 append_total_us=569470 affected_tiles=0 published=0 fallback=0 visible_fallback=0 committed=1 authority=1 refresh=1 run_ok=1 pass=1
[12:31:53] TINYDRAW_GATE1_MIXED_DRAW zoom=50 tool=pen chunks=50 append_max_us=17717 append_avg_us=14962 append_total_us=748131 affected_tiles=422 published=400 fallback=22 visible_fallback=0 committed=1 authority=1 refresh=1 run_ok=1 pass=0
[12:31:54] TINYDRAW_GATE1_MIXED_DRAW zoom=50 tool=eraser chunks=50 append_max_us=16230 append_avg_us=14699 append_total_us=734971 affected_tiles=405 published=405 fallback=0 visible_fallback=0 committed=1 authority=1 refresh=1 run_ok=1 pass=0
[12:31:56] TINYDRAW_GATE1_MIXED_DRAW zoom=100 tool=pen chunks=50 append_max_us=14388 append_avg_us=12497 append_total_us=624869 affected_tiles=450 published=398 fallback=52 visible_fallback=0 committed=1 authority=1 refresh=1 run_ok=1 pass=1
[12:31:57] TINYDRAW_GATE1_MIXED_DRAW zoom=100 tool=eraser chunks=50 append_max_us=13534 append_avg_us=12254 append_total_us=612742 affected_tiles=399 published=399 fallback=0 visible_fallback=0 committed=1 authority=1 refresh=1 run_ok=1 pass=1
[12:32:00] TINYDRAW_GATE1_MIXED_DRAW zoom=200 tool=pen chunks=50 append_max_us=13626 append_avg_us=11483 append_total_us=574186 affected_tiles=425 published=389 fallback=36 visible_fallback=0 committed=1 authority=1 refresh=1 run_ok=1 pass=1
[12:32:00] TINYDRAW_GATE1_MIXED_DRAW zoom=200 tool=eraser chunks=50 append_max_us=12508 append_avg_us=11200 append_total_us=560016 affected_tiles=388 published=388 fallback=0 visible_fallback=0 committed=1 authority=1 refresh=1 run_ok=1 pass=1
[12:32:02] TINYDRAW_GATE1_MIXED_DRAW zoom=400 tool=pen chunks=50 append_max_us=12729 append_avg_us=10693 append_total_us=534682 affected_tiles=359 published=334 fallback=25 visible_fallback=0 committed=1 authority=1 refresh=1 run_ok=1 pass=1
[12:32:03] TINYDRAW_GATE1_MIXED_DRAW zoom=400 tool=eraser chunks=50 append_max_us=11895 append_avg_us=10552 append_total_us=527648 affected_tiles=350 published=350 fallback=0 visible_fallback=0 committed=1 authority=1 refresh=1 run_ok=1 pass=1
[12:32:03] TINYDRAW_GATE1_MIXED_DRAW_REVISIT zoom=50 missing=4 refill_tiles=4 refill_us=289831
[12:32:04] TINYDRAW_GATE1_MIXED_DRAW_REVISIT zoom=100 missing=9 refill_tiles=9 refill_us=481870
[12:32:04] TINYDRAW_GATE1_MIXED_DRAW_REVISIT zoom=200 missing=16 refill_tiles=16 refill_us=404998
[12:32:04] TINYDRAW_GATE1_MIXED_DRAW_REVISIT zoom=400 missing=0 refill_tiles=0 refill_us=984
[12:32:04] TINYDRAW_GATE1_MIXED_DRAW_SUMMARY slots=448 strokes=10 worst_append_us=17717 pass=0
[12:32:12] TINYDRAW_GATE1_IDLE_REPAIR damaged=588 remaining=0 plan_views=24 steps=6299 repair_us=4999849 worst_step_us=5939 warm_tiles=56 pass=1
[12:32:13] TINYDRAW_HAIRLINE_DOC ops=782 samples=8061 append_total_us=995562 append_max_us=6936
[12:32:13] TINYDRAW_GATE1_PACED_COLD corpus=evil_hairlines_capacity zoom=100 x=552 y=672 steps=240 tiles=56 compute_us=280511 present_us=80819 touch_us=515 pacing_us=8135 wall_us=369980 maximum_wall_us=500000 max_tick_us=9857 touch_samples=47928 touch_interval_max_us=2049 touch_read_max_us=534 touch_events=0 touch_down=0 touch_up=0 touch_events_ge_8ms=0 touch_event_age_max_us=0 touch_errors=0 touch_overflows=0 pass=1
[12:32:14] TINYDRAW_GATE1_PACED_COLD corpus=evil_hairlines_capacity zoom=400 x=2760 y=3360 steps=211 tiles=48 compute_us=185903 present_us=80195 touch_us=416 pacing_us=5464 wall_us=271978 maximum_wall_us=500000 max_tick_us=9365 touch_samples=355 touch_interval_max_us=1911 touch_read_max_us=506 touch_events=0 touch_down=0 touch_up=0 touch_events_ge_8ms=0 touch_event_age_max_us=0 touch_errors=0 touch_overflows=0 pass=1
[12:32:17] TINYDRAW_HAIRLINE_REPAIR steps=3284 wall_us=2949439 worst_step_us=7678 resident=407/448 grid_stopped=1 pass2_steps=8 pass2_wall_us=12013 no_churn=1
[12:32:19] TINYDRAW_HAIRLINE_TOUR stops=8 total_us=1227985 worst_stop_us=250249 worst_step_us=9005
[12:32:19] TINYDRAW_GATE1_HAIRLINE raw=339 uniform=72 fallback=233 capacity=448 worst_step_us=9005 grid_stopped=1 pass=1
[12:32:21] TINYDRAW_GATE1_LONG_GESTURE path=reference samples=1600 chunks=26 append_total_us=941385 append_max_us=43427 append_avg_us=36207 refresh_fallback_pixels=0 settled_fallback_pixels=0 committed=1 authority=1 refresh=1 run_ok=1
[12:32:21] TINYDRAW_GATE1_LONG_GESTURE path=in_place samples=1600 chunks=52 append_total_us=534036 append_max_us=12406 append_avg_us=10269 refresh_fallback_pixels=0 settled_fallback_pixels=0 committed=1 authority=1 refresh=1 run_ok=1
[12:32:21] TINYDRAW_V2_EXPORT_PROGRESS row=0 of=1792
[12:32:22] TINYDRAW_V2_EXPORT_PROGRESS row=256 of=1792
[12:32:22] TINYDRAW_V2_EXPORT_PROGRESS row=512 of=1792
[12:32:23] TINYDRAW_V2_EXPORT_PROGRESS row=768 of=1792
[12:32:24] TINYDRAW_V2_EXPORT_PROGRESS row=1024 of=1792
[12:32:25] TINYDRAW_V2_EXPORT_PROGRESS row=1280 of=1792
[12:32:26] TINYDRAW_V2_EXPORT_PROGRESS row=1536 of=1792
[12:32:27] TINYDRAW_GATE1_EXPORT encoded=1 bytes=40166 elapsed_us=5823034 workspace_bytes=50652 band_bytes=376832 free_psram=1920344 free_internal=199124 signature=1 dimensions=1 chunks=3 chunks_ok=1 pass=1
[12:32:27] TINYDRAW_EXPORT_RESERVE requested=1572864 free_before=1920344 largest_before=1900544 free_held=347476 largest_held=344064 pass=1
[12:32:27] TINYDRAW_GATE1_AUTOMATED_DONE stress=1 stress_100=1 stress_400=1 overlap_ready=1 overlap_cold=0 general_cold_ready=1 general_cold=0 workload=1 paced_cold=1 hard_100=1 hard_400=1 pan_100=1 pan_400=1 pan_seq=1 pan_boundary=1 live_overlay=1 draw_fill=1 cache=1 full_world_cache=1 cache_tour=1 mixed_draw=0 idle_repair=1 hairline_capacity=1 long_gesture=1 export_encode=1 export_reserve=1 return=1 ssaa_receipt=yellow
[12:32:27] TINYDRAW_VECTOR_V2_GATE_HARNESS_DONE pass=0
[12:32:27] I (72204) main_task: Returned from app_main()
