[11:59:43] I (103) esp_image: segment 0: paddr=00010020 vaddr=3c050020 sizeESP-ROM:esp32s3-20210327
[11:59:43] Build:Mar 27 2021
[11:59:43] rst:0x15 (USB_UART_CHIP_RESET),boot:0x2b (SPI_FAST_FLASH_BOOT)
[11:59:43] Saved PC:0x420086a3
[11:59:43] SPIWP:0xee
[11:59:43] mode:DIO, clock div:1
[11:59:43] load:0x3fce2820,len:0x1664
[11:59:43] load:0x403c8700,len:0xf38
[11:59:43] load:0x403cb700,len:0x31e8
[11:59:43] entry 0x403c8930
[11:59:43] I (24) boot: ESP-IDF v6.0.2 2nd stage bootloader
[11:59:43] I (24) boot: compile time Aug 16 2026 11:59:27
[11:59:43] I (25) boot: Multicore bootloader
[11:59:43] I (25) boot: chip revision: v0.2
[11:59:43] I (28) boot: efuse block revision: v1.3
[11:59:43] I (31) qio_mode: Enabling default flash chip QIO
[11:59:43] I (36) boot.esp32s3: Boot SPI Speed : 80MHz
[11:59:43] I (39) boot.esp32s3: SPI Mode       : QIO
[11:59:43] I (43) boot.esp32s3: SPI Flash Size : 16MB
[11:59:43] I (47) boot: Enabling RNG early entropy source...
[11:59:43] I (51) boot: Partition Table:
[11:59:43] I (54) boot: ## Label            Usage          Type ST Offset   Length
[11:59:43] I (60) boot:  0 nvs              WiFi data        01 02 00009000 00006000
[11:59:43] I (67) boot:  1 phy_init         RF data          01 01 0000f000 00001000
[11:59:43] I (73) boot:  2 factory          factory app      00 00 00010000 00100000
[11:59:43] I (80) boot:  3 drawing          Unknown data     01 40 00110000 00300000
[11:59:43] I (86) boot:  4 export           Unknown data     01 41 00410000 00500000
[11:59:43] I (93) boot:  5 coredump         Unknown data     01 03 00910000 00010000
[11:59:43] I (100) boot: End of partition table
[11:59:43] I (103) esp_image: segment 0: paddr=00010020 vaddr=3c050020 size=148ach ( 84140) map
[11:59:43] I (123) esp_image: segment 1: paddr=000248d4 vaddr=3fc94500 size=03764h ( 14180) load
[11:59:43] I (126) esp_image: segment 2: paddr=00028040 vaddr=40374000 size=07fd8h ( 32728) load
[11:59:43] I (134) esp_image: segment 3: paddr=00030020 vaddr=42000020 size=4ad60h (306528) map
[11:59:43] I (182) esp_image: segment 4: paddr=0007ad88 vaddr=4037bfd8 size=084e8h ( 34024) load
[11:59:43] I (189) esp_image: segment 5: paddr=00083278 vaddr=50000000 size=00024h (    36) load
[11:59:43] I (197) boot: Loaded app from partition at offset 0x10000
[11:59:43] I (197) boot: Disabling RNG early entropy source...
[11:59:43] I (207) octal_psram: vendor id    : 0x0d (AP)
[11:59:43] I (208) octal_psram: dev id       : 0x02 (generation 3)
[11:59:43] I (208) octal_psram: density      : 0x03 (64 Mbit)
[11:59:43] I (210) octal_psram: good-die     : 0x01 (Pass)
[11:59:43] I (214) octal_psram: Latency      : 0x01 (Fixed)
[11:59:43] I (218) octal_psram: VCC          : 0x01 (3V)
[11:59:43] I (222) octal_psram: SRF          : 0x01 (Fast Refresh)
[11:59:43] I (227) octal_psram: BurstType    : 0x01 (Hybrid Wrap)
[11:59:43] I (232) octal_psram: BurstLen     : 0x01 (32 Byte)
[11:59:43] I (237) octal_psram: Readlatency  : 0x02 (10 cycles@Fixed)
[11:59:43] I (242) octal_psram: DriveStrength: 0x00 (1/1)
[11:59:43] I (246) MSPI Timing: Enter psram timing tuning
[11:59:43] I (251) esp_psram: Found 8MB PSRAM device
[11:59:43] I (254) esp_psram: Speed: 80MHz
[11:59:43] I (257) cpu_start: Multicore app
[11:59:43] I (673) esp_psram: SPI SRAM memory test OK
[11:59:43] I (681) cpu_start: GPIO 44 and 43 are used as console UART I/O pins
[11:59:43] I (682) cpu_start: Pro cpu start user code
[11:59:43] I (682) cpu_start: cpu freq: 240000000 Hz
[11:59:43] I (683) app_init: Application information:
[11:59:43] I (687) app_init: Project name:     tinydraw_esp32
[11:59:43] I (692) app_init: App version:      a560d20-dirty
[11:59:43] I (696) app_init: Compile time:     Aug 16 2026 11:59:20
[11:59:43] I (701) app_init: ELF file SHA256:  346d0fff6...
[11:59:43] I (706) app_init: ESP-IDF:          v6.0.2
[11:59:43] I (709) efuse_init: Min chip rev:     v0.0
[11:59:44] I (713) efuse_init: Max chip rev:     v0.99 
[11:59:44] I (717) efuse_init: Chip rev:         v0.2
[11:59:44] I (721) heap_init: Initializing. RAM available for dynamic allocation:
[11:59:44] I (727) heap_init: At 3FC99090 len 00050680 (321 KiB): RAM
[11:59:44] I (733) heap_init: At 3FCE9710 len 00005724 (21 KiB): RAM
[11:59:44] I (738) heap_init: At 3FCF0000 len 00008000 (32 KiB): DRAM
[11:59:44] I (743) heap_init: At 600FE000 len 00001FE8 (7 KiB): RTCRAM
[11:59:44] I (748) esp_psram: Adding pool of 8192K of PSRAM memory to heap allocator
[11:59:44] I (755) spi_flash: detected chip: generic
[11:59:44] I (758) spi_flash: flash io: qio
[11:59:44] I (762) sleep_gpio: Configure to isolate all GPIO pins in sleep state
[11:59:44] I (768) sleep_gpio: Enable automatic switching of GPIO sleep configuration
[11:59:44] I (775) main_task: Started on CPU0
[11:59:44] I (778) main_task: Calling app_main()
[11:59:44] TINYDRAW_PANEL_HARD_RESET=1
[11:59:44] TINYDRAW_PANEL_TRANSPORT requested_clock_mhz=50 effective_clock_mhz=40
[11:59:44] I (976) co5300: version: 2.1.0
[11:59:44] I (976) co5300_spi: LCD panel create success, version: 2.1.0
[11:59:44] W (1061) co5300_spi: The 3Ah command has been used and will be overwritten by external initialization sequence
[11:59:44] I (1162) CST816S: IC id: 183
[11:59:44] TINYDRAW_VECTOR_V2_PRESENTATION experiment=boundary-top-sweep te_edge=rising requested_clock_mhz=50 effective_clock_mhz=40 optical_acceptance=external_manual
[11:59:44] TINYDRAW_LIVE_PRESENT kind=startup zoom=25 x=0 y=0 compose_us=26276 scroll_us=0 exposed_compose_us=0 chrome_us=17376 chrome_prepare_us=12149 chrome_stage_us=5227 read_submit_us=0 read_complete_us=0 transfer_wait_us=21572 tile_pixels=0 uniform_pixels=0 overview_pixels=164864 fallback_pixels=0 resident_tiles=0 fallback_tiles=0 pushes=11 tear_wait_us=16459 tear_edge_isr_to_resume_us=9 tear_edge_observed=1 tear_edge_wait_resumed=1 tear_edge_timeout=0 tear_heal_attempted=0 tear_heal_command_sent=0 presentation_experiment=boundary-top-sweep te_edge=rising requested_clock_mhz=50 effective_clock_mhz=40 frame_reused=0 pass=1
[11:59:45] TINYDRAW_LIVE_STRESS operations=1000 samples=20000 total_us=720723 average_us=720 maximum_us=991 free_psram=1879376 largest_psram=1867776
[11:59:45] TINYDRAW_LIVE_PRESENT kind=gate_fallback zoom=100 x=0 y=0 compose_us=16569 scroll_us=0 exposed_compose_us=0 chrome_us=11282 chrome_prepare_us=6761 chrome_stage_us=4521 read_submit_us=35371 read_complete_us=38828 transfer_wait_us=20186 tile_pixels=0 uniform_pixels=0 overview_pixels=0 fallback_pixels=164864 resident_tiles=0 fallback_tiles=42 pushes=11 tear_wait_us=11910 tear_edge_isr_to_resume_us=14 tear_edge_observed=1 tear_edge_wait_resumed=1 tear_edge_timeout=0 tear_heal_attempted=0 tear_heal_command_sent=0 presentation_experiment=boundary-top-sweep te_edge=rising requested_clock_mhz=50 effective_clock_mhz=40 frame_reused=0 pass=1
[11:59:45] TINYDRAW_GATE1_HARD zoom=100 cold=1 operations=1000 samples=20000 steps=196 tiles=42 scanned=12000 rendered=3168 max_supertask_us=11557 presentation_us=72423 total_us=371678 maximum_wall_us=500000 pass=1
[11:59:45] TINYDRAW_LIVE_PRESENT kind=gate_fallback zoom=400 x=0 y=0 compose_us=16205 scroll_us=0 exposed_compose_us=0 chrome_us=6593 chrome_prepare_us=2280 chrome_stage_us=4313 read_submit_us=24635 read_complete_us=28329 transfer_wait_us=21134 tile_pixels=0 uniform_pixels=0 overview_pixels=0 fallback_pixels=164864 resident_tiles=0 fallback_tiles=42 pushes=11 tear_wait_us=6001 tear_edge_isr_to_resume_us=15 tear_edge_observed=1 tear_edge_wait_resumed=1 tear_edge_timeout=0 tear_heal_attempted=0 tear_heal_command_sent=0 presentation_experiment=boundary-top-sweep te_edge=rising requested_clock_mhz=50 effective_clock_mhz=40 frame_reused=0 pass=1
[11:59:46] TINYDRAW_GATE1_HARD zoom=400 cold=1 operations=1000 samples=20000 steps=200 tiles=42 scanned=12000 rendered=222 max_supertask_us=8953 presentation_us=71399 total_us=232296 maximum_wall_us=500000 pass=1
[11:59:46] TINYDRAW_OVERLAP_WORKLOAD operations=8 samples=1200 radius_world=80
[11:59:47] TINYDRAW_GATE1_PACED_COLD corpus=overlap zoom=50 x=215 y=255 steps=650 tiles=56 compute_us=730415 present_us=88779 touch_us=794 pacing_us=19615 wall_us=839603 maximum_wall_us=500000 max_tick_us=10914 touch_samples=3162 touch_interval_max_us=2006 touch_read_max_us=588 touch_events=0 touch_down=0 touch_up=0 touch_events_ge_8ms=0 touch_event_age_max_us=0 touch_errors=0 touch_overflows=0 pass=0
[11:59:48] TINYDRAW_GATE1_PACED_COLD corpus=overlap zoom=100 x=583 y=703 steps=319 tiles=48 compute_us=386934 present_us=85740 touch_us=496 pacing_us=11811 wall_us=484981 maximum_wall_us=500000 max_tick_us=10506 touch_samples=551 touch_interval_max_us=1914 touch_read_max_us=503 touch_events=0 touch_down=0 touch_up=0 touch_events_ge_8ms=0 touch_event_age_max_us=0 touch_errors=0 touch_overflows=0 pass=1
[11:59:48] TINYDRAW_GATE1_PACED_COLD corpus=overlap zoom=200 x=1319 y=1599 steps=231 tiles=56 compute_us=355984 present_us=86393 touch_us=440 pacing_us=7162 wall_us=449979 maximum_wall_us=500000 max_tick_us=10120 touch_samples=518 touch_interval_max_us=1165 touch_read_max_us=502 touch_events=0 touch_down=0 touch_up=0 touch_events_ge_8ms=0 touch_event_age_max_us=0 touch_errors=0 touch_overflows=0 pass=1
[11:59:49] TINYDRAW_GATE1_PACED_COLD corpus=overlap zoom=400 x=2791 y=3391 steps=160 tiles=56 compute_us=317455 present_us=81261 touch_us=405 pacing_us=6859 wall_us=405980 maximum_wall_us=500000 max_tick_us=9721 touch_samples=477 touch_interval_max_us=1884 touch_read_max_us=465 touch_events=0 touch_down=0 touch_up=0 touch_events_ge_8ms=0 touch_event_age_max_us=0 touch_errors=0 touch_overflows=0 pass=1
[11:59:49] TINYDRAW_ADVERSARIAL_TAPERED_WORKLOAD operations=128 samples=4096 erasers=12 load_us=262583 appended=1
[11:59:50] TINYDRAW_GENERAL_COLD_WORKLOAD operations=910 samples=12157 hairline_operations=782 hairline_samples=8061 hairline_load_us=1057227 appended=1
[11:59:51] TINYDRAW_GATE1_PACED_COLD corpus=adversarial_tapered_4x+evil_hairlines zoom=50 x=0 y=0 steps=417 tiles=42 compute_us=626177 present_us=71458 touch_us=579 pacing_us=14707 wall_us=712921 maximum_wall_us=500000 max_tick_us=11011 touch_samples=2043 touch_interval_max_us=2039 touch_read_max_us=526 touch_events=0 touch_down=0 touch_up=0 touch_events_ge_8ms=0 touch_event_age_max_us=0 touch_errors=0 touch_overflows=0 pass=0
[11:59:52] TINYDRAW_GATE1_PACED_COLD corpus=adversarial_tapered_4x+evil_hairlines zoom=100 x=0 y=0 steps=814 tiles=42 compute_us=670495 present_us=71915 touch_us=640 pacing_us=21874 wall_us=764924 maximum_wall_us=500000 max_tick_us=9818 touch_samples=841 touch_interval_max_us=1174 touch_read_max_us=457 touch_events=0 touch_down=0 touch_up=0 touch_events_ge_8ms=0 touch_event_age_max_us=0 touch_errors=0 touch_overflows=0 pass=0
[11:59:53] TINYDRAW_GATE1_PACED_COLD corpus=adversarial_tapered_4x+evil_hairlines zoom=200 x=0 y=0 steps=1442 tiles=42 compute_us=895158 present_us=69616 touch_us=868 pacing_us=25694 wall_us=991336 maximum_wall_us=500000 max_tick_us=9159 touch_samples=1065 touch_interval_max_us=1173 touch_read_max_us=468 touch_events=0 touch_down=0 touch_up=0 touch_events_ge_8ms=0 touch_event_age_max_us=0 touch_errors=0 touch_overflows=0 pass=0
[11:59:54] TINYDRAW_GATE1_PACED_COLD corpus=adversarial_tapered_4x+evil_hairlines zoom=400 x=0 y=0 steps=1184 tiles=42 compute_us=1143924 present_us=69414 touch_us=1008 pacing_us=28610 wall_us=1242956 maximum_wall_us=500000 max_tick_us=10229 touch_samples=1326 touch_interval_max_us=1913 touch_read_max_us=471 touch_events=0 touch_down=0 touch_up=0 touch_events_ge_8ms=0 touch_event_age_max_us=0 touch_errors=0 touch_overflows=0 pass=0
[11:59:55] TINYDRAW_GATE1_WORKLOAD kind=realistic seed=7 operations=1000 samples=19844 maximum_stroke=198 load_us=595132 raw_source=1 lod_copies=0
[11:59:55] TINYDRAW_GATE1_PACED_COLD corpus=seed7 zoom=400 x=63 y=63 steps=326 tiles=56 compute_us=374662 present_us=87734 touch_us=441 pacing_us=7140 wall_us=469977 maximum_wall_us=500000 max_tick_us=13421 touch_samples=1245 touch_interval_max_us=1995 touch_read_max_us=487 touch_events=0 touch_down=0 touch_up=0 touch_events_ge_8ms=0 touch_event_age_max_us=0 touch_errors=0 touch_overflows=0 pass=1
[11:59:56] TINYDRAW_LIVE_PRESENT kind=gate_fallback zoom=100 x=0 y=0 compose_us=17178 scroll_us=0 exposed_compose_us=0 chrome_us=6788 chrome_prepare_us=2299 chrome_stage_us=4489 read_submit_us=23166 read_complete_us=26884 transfer_wait_us=20777 tile_pixels=0 uniform_pixels=0 overview_pixels=0 fallback_pixels=164864 resident_tiles=0 fallback_tiles=42 pushes=11 tear_wait_us=3564 tear_edge_isr_to_resume_us=18 tear_edge_observed=1 tear_edge_wait_resumed=1 tear_edge_timeout=0 tear_heal_attempted=0 tear_heal_command_sent=0 presentation_experiment=boundary-top-sweep te_edge=rising requested_clock_mhz=50 effective_clock_mhz=40 frame_reused=0 pass=1
[11:59:56] TINYDRAW_GATE1_HARD zoom=100 cold=1 operations=1000 samples=19844 steps=387 tiles=42 scanned=12000 rendered=9976 max_supertask_us=9812 presentation_us=72091 total_us=660430 maximum_wall_us=500000 pass=0
[11:59:57] TINYDRAW_HAIRLINE_DOC ops=782 samples=8061 append_total_us=1002064 append_max_us=6951
[11:59:58] TINYDRAW_GATE1_PACED_COLD corpus=evil_hairlines_capacity zoom=100 x=552 y=672 steps=240 tiles=56 compute_us=354233 present_us=82737 touch_us=435 pacing_us=8573 wall_us=445978 maximum_wall_us=500000 max_tick_us=11408 touch_samples=2266 touch_interval_max_us=2038 touch_read_max_us=518 touch_events=0 touch_down=0 touch_up=0 touch_events_ge_8ms=0 touch_event_age_max_us=0 touch_errors=0 touch_overflows=0 pass=1
[11:59:58] TINYDRAW_GATE1_PACED_COLD corpus=evil_hairlines_capacity zoom=400 x=2760 y=3360 steps=211 tiles=48 compute_us=242530 present_us=78291 touch_us=377 pacing_us=6773 wall_us=327971 maximum_wall_us=500000 max_tick_us=10303 touch_samples=402 touch_interval_max_us=1156 touch_read_max_us=450 touch_events=0 touch_down=0 touch_up=0 touch_events_ge_8ms=0 touch_event_age_max_us=0 touch_errors=0 touch_overflows=0 pass=1
[12:00:02] TINYDRAW_HAIRLINE_REPAIR steps=3082 wall_us=3518633 worst_step_us=9998 resident=402/448 grid_stopped=1 pass2_steps=8 pass2_wall_us=10688 no_churn=1
[12:00:04] TINYDRAW_HAIRLINE_TOUR stops=8 total_us=1425276 worst_stop_us=274806 worst_step_us=11480
[12:00:04] TINYDRAW_GATE1_HAIRLINE raw=344 uniform=72 fallback=228 capacity=448 worst_step_us=11480 grid_stopped=1 pass=1
[12:00:04] TINYDRAW_GATE1_AUTOMATED_DONE stress=1 stress_100=1 stress_400=1 overlap_ready=1 overlap_cold=0 general_cold_ready=1 general_cold=0 workload=1 paced_cold=1 hard_100=0 hard_400=0 pan_100=0 pan_400=0 pan_seq=0 pan_boundary=0 live_overlay=0 draw_fill=0 cache=0 full_world_cache=0 cache_tour=0 mixed_draw=0 idle_repair=0 hairline_capacity=1 long_gesture=0 export_encode=0 export_reserve=0 return=1 ssaa_receipt=yellow
[12:00:04] TINYDRAW_VECTOR_V2_GATE_HARNESS_DONE pass=0
[12:00:04] I (21244) main_task: Returned from app_main()
