[13:08:06] ESP-ROM:esp32s3-20210327
[13:08:06] Build:Mar 27 2021
[13:08:06] rst:0x15 (USB_UART_CHIP_RESET),boot:0x2b (SPI_FAST_FLASH_BOOT)
[13:08:06] Saved PC:0x4037b802
[13:08:06] SPIWP:0xee
[13:08:06] mode:DIO, clock div:1
[13:08:06] load:0x3fce2820,len:0x1664
[13:08:06] load:0x403c8700,len:0xf38
[13:08:06] load:0x403cb700,len:0x31e8
[13:08:06] entry 0x403c8930
[13:08:06] I (24) boot: ESP-IDF v6.0.2 2nd stage bootloader
[13:08:06] I (24) boot: compile time Aug 16 2026 13:03:04
[13:08:06] I (25) boot: Multicore bootloader
[13:08:06] I (25) boot: chip revision: v0.2
[13:08:06] I (28) boot: efuse block revision: v1.3
[13:08:06] I (31) qio_mode: Enabling default flash chip QIO
[13:08:06] I (36) boot.esp32s3: Boot SPI Speed : 80MHz
[13:08:06] I (39) boot.esp32s3: SPI Mode       : QIO
[13:08:06] I (43) boot.esp32s3: SPI Flash Size : 16MB
[13:08:06] I (47) boot: Enabling RNG early entropy source...
[13:08:06] I (51) boot: Partition Table:
[13:08:06] I (54) boot: ## Label            Usage          Type ST Offset   Length
[13:08:06] I (60) boot:  0 nvs              WiFi data        01 02 00009000 00006000
[13:08:06] I (67) boot:  1 phy_init         RF data          01 01 0000f000 00001000
[13:08:06] I (73) boot:  2 factory          factory app      00 00 00010000 00100000
[13:08:06] I (80) boot:  3 drawing          Unknown data     01 40 00110000 00300000
[13:08:06] I (86) boot:  4 export           Unknown data     01 41 00410000 00500000
[13:08:06] I (93) boot:  5 coredump         Unknown data     01 03 00910000 00010000
[13:08:06] I (100) boot: End of partition table
[13:08:06] I (103) esp_image: segment 0: paddr=00010020 vaddr=3c050020 size=1491ch ( 84252) map
[13:08:06] I (123) esp_image: segment 1: paddr=00024944 vaddr=3fc94500 size=03764h ( 14180) load
[13:08:06] I (126) esp_image: segment 2: paddr=000280b0 vaddr=40374000 size=07f68h ( 32616) load
[13:08:06] I (134) esp_image: segment 3: paddr=00030020 vaddr=42000020 size=4b9b8h (309688) map
[13:08:06] I (183) esp_image: segment 4: paddr=0007b9e0 vaddr=4037bf68 size=08558h ( 34136) load
[13:08:06] I (190) esp_image: segment 5: paddr=00083f40 vaddr=50000000 size=00024h (    36) load
[13:08:06] I (197) boot: Loaded app from partition at offset 0x10000
[13:08:06] I (198) boot: Disabling RNG early entropy source...
[13:08:06] I (208) octal_psram: vendor id    : 0x0d (AP)
[13:08:06] I (208) octal_psram: dev id       : 0x02 (generation 3)
[13:08:06] I (208) octal_psram: density      : 0x03 (64 Mbit)
[13:08:06] I (210) octal_psram: good-die     : 0x01 (Pass)
[13:08:06] I (215) octal_psram: Latency      : 0x01 (Fixed)
[13:08:06] I (219) octal_psram: VCC          : 0x01 (3V)
[13:08:06] I (223) octal_psram: SRF          : 0x01 (Fast Refresh)
[13:08:06] I (228) octal_psram: BurstType    : 0x01 (Hybrid Wrap)
[13:08:06] I (233) octal_psram: BurstLen     : 0x01 (32 Byte)
[13:08:06] I (237) octal_psram: Readlatency  : 0x02 (10 cycles@Fixed)
[13:08:06] I (242) octal_psram: DriveStrength: 0x00 (1/1)
[13:08:06] I (247) MSPI Timing: Enter psram timing tuning
[13:08:06] I (252) esp_psram: Found 8MB PSRAM device
[13:08:06] I (255) esp_psram: Speed: 80MHz
[13:08:06] I (258) cpu_start: Multicore app
[13:08:06] I (673) esp_psram: SPI SRAM memory test OK
[13:08:06] I (682) cpu_start: GPIO 44 and 43 are used as console UART I/O pins
[13:08:06] I (682) cpu_start: Pro cpu start user code
[13:08:06] I (682) cpu_start: cpu freq: 240000000 Hz
[13:08:06] I (684) app_init: Application information:
[13:08:06] I (688) app_init: Project name:     tinydraw_esp32
[13:08:06] I (692) app_init: App version:      d2f3988-dirty
[13:08:06] I (697) app_init: Compile time:     Aug 16 2026 13:02:58
[13:08:06] I (702) app_init: ELF file SHA256:  7c4b3c20c...
[13:08:06] I (706) app_init: ESP-IDF:          v6.0.2
[13:08:06] I (710) efuse_init: Min chip rev:     v0.0
[13:08:06] I (714) efuse_init: Max chip rev:     v0.99 
[13:08:06] I (718) efuse_init: Chip rev:         v0.2
[13:08:06] I (722) heap_init: Initializing. RAM available for dynamic allocation:
[13:08:06] I (728) heap_init: At 3FC99090 len 00050680 (321 KiB): RAM
[13:08:06] I (733) heap_init: At 3FCE9710 len 00005724 (21 KiB): RAM
[13:08:06] I (738) heap_init: At 3FCF0000 len 00008000 (32 KiB): DRAM
[13:08:06] I (743) heap_init: At 600FE000 len 00001FE8 (7 KiB): RTCRAM
[13:08:06] I (749) esp_psram: Adding pool of 8192K of PSRAM memory to heap allocator
[13:08:06] I (756) spi_flash: detected chip: generic
[13:08:06] I (759) spi_flash: flash io: qio
[13:08:06] I (762) sleep_gpio: Configure to isolate all GPIO pins in sleep state
[13:08:06] I (768) sleep_gpio: Enable automatic switching of GPIO sleep configuration
[13:08:06] I (775) main_task: Started on CPU0
[13:08:06] I (778) main_task: Calling app_main()
[13:08:06] TINYDRAW_PRODUCER_SCRATCH supertask_internal=1 packed_internal=1 free_internal=319136 free_psram=1921932
[13:08:07] TINYDRAW_PANEL_HARD_RESET=1
[13:08:07] TINYDRAW_PANEL_TRANSPORT requested_clock_mhz=50 effective_clock_mhz=40
[13:08:07] I (983) co5300: version: 2.1.0
[13:08:07] I (983) co5300_spi: LCD panel create success, version: 2.1.0
[13:08:07] W (1068) co5300_spi: The 3Ah command has been used and will be overwritten by external initialization sequence
[13:08:07] I (1169) CST816S: IC id: 183
[13:08:07] TINYDRAW_VECTOR_V2_PRESENTATION experiment=boundary-top-sweep te_edge=rising requested_clock_mhz=50 effective_clock_mhz=40 optical_acceptance=external_manual
[13:08:07] TINYDRAW_LIVE_PRESENT kind=startup zoom=25 x=0 y=0 compose_us=26073 scroll_us=0 exposed_compose_us=0 chrome_us=17047 chrome_prepare_us=11907 chrome_stage_us=5140 read_submit_us=0 read_complete_us=0 transfer_wait_us=21246 tile_pixels=0 uniform_pixels=0 overview_pixels=164864 fallback_pixels=0 resident_tiles=0 fallback_tiles=0 pushes=11 tear_wait_us=254 tear_edge_isr_to_resume_us=17 tear_edge_observed=1 tear_edge_wait_resumed=1 tear_edge_timeout=0 tear_heal_attempted=0 tear_heal_command_sent=0 presentation_experiment=boundary-top-sweep te_edge=rising requested_clock_mhz=50 effective_clock_mhz=40 frame_reused=0 pass=1
[13:08:07] TINYDRAW_LIVE_STRESS operations=1000 samples=20000 total_us=666772 average_us=666 maximum_us=955 free_psram=1920344 largest_psram=1900544
[13:08:08] TINYDRAW_LIVE_PRESENT kind=gate_fallback zoom=100 x=0 y=0 compose_us=16408 scroll_us=0 exposed_compose_us=0 chrome_us=11091 chrome_prepare_us=6690 chrome_stage_us=4401 read_submit_us=39654 read_complete_us=43088 transfer_wait_us=20944 tile_pixels=0 uniform_pixels=0 overview_pixels=0 fallback_pixels=164864 resident_tiles=0 fallback_tiles=42 pushes=11 tear_wait_us=16431 tear_edge_isr_to_resume_us=12 tear_edge_observed=1 tear_edge_wait_resumed=1 tear_edge_timeout=0 tear_heal_attempted=0 tear_heal_command_sent=0 presentation_experiment=boundary-top-sweep te_edge=rising requested_clock_mhz=50 effective_clock_mhz=40 frame_reused=0 pass=1
[13:08:08] TINYDRAW_GATE1_HARD zoom=100 cold=1 operations=1000 samples=20000 steps=196 tiles=42 scanned=12000 rendered=1585 max_supertask_us=8694 presentation_us=72949 total_us=304517 maximum_wall_us=500000 pass=1
[13:08:08] TINYDRAW_LIVE_PRESENT kind=gate_fallback zoom=400 x=0 y=0 compose_us=15953 scroll_us=0 exposed_compose_us=0 chrome_us=6500 chrome_prepare_us=2231 chrome_stage_us=4269 read_submit_us=24045 read_complete_us=27703 transfer_wait_us=20873 tile_pixels=0 uniform_pixels=0 overview_pixels=0 fallback_pixels=164864 resident_tiles=0 fallback_tiles=42 pushes=11 tear_wait_us=5736 tear_edge_isr_to_resume_us=13 tear_edge_observed=1 tear_edge_wait_resumed=1 tear_edge_timeout=0 tear_heal_attempted=0 tear_heal_command_sent=0 presentation_experiment=boundary-top-sweep te_edge=rising requested_clock_mhz=50 effective_clock_mhz=40 frame_reused=0 pass=1
[13:08:08] TINYDRAW_GATE1_HARD zoom=400 cold=1 operations=1000 samples=20000 steps=200 tiles=42 scanned=12000 rendered=122 max_supertask_us=6762 presentation_us=69505 total_us=202745 maximum_wall_us=500000 pass=1
[13:08:09] TINYDRAW_OVERLAP_WORKLOAD operations=8 samples=1200 radius_world=80
[13:08:09] TINYDRAW_GATE1_PACED_COLD corpus=overlap zoom=50 x=215 y=255 steps=604 tiles=56 compute_us=488643 present_us=87440 touch_us=798 pacing_us=14221 wall_us=591102 maximum_wall_us=500000 max_tick_us=10127 touch_samples=2750 touch_interval_max_us=1199 touch_read_max_us=598 touch_events=0 touch_down=0 touch_up=0 touch_events_ge_8ms=0 touch_event_age_max_us=0 touch_errors=0 touch_overflows=0 pass=0
[13:08:10] TINYDRAW_GATE1_PACED_COLD corpus=overlap zoom=100 x=583 y=703 steps=303 tiles=48 compute_us=279990 present_us=84984 touch_us=510 pacing_us=9493 wall_us=374977 maximum_wall_us=500000 max_tick_us=10479 touch_samples=455 touch_interval_max_us=1855 touch_read_max_us=500 touch_events=0 touch_down=0 touch_up=0 touch_events_ge_8ms=0 touch_event_age_max_us=0 touch_errors=0 touch_overflows=0 pass=1
[13:08:10] TINYDRAW_GATE1_PACED_COLD corpus=overlap zoom=200 x=1319 y=1599 steps=212 tiles=56 compute_us=262296 present_us=85445 touch_us=428 pacing_us=6785 wall_us=354954 maximum_wall_us=500000 max_tick_us=9792 touch_samples=433 touch_interval_max_us=1172 touch_read_max_us=465 touch_events=0 touch_down=0 touch_up=0 touch_events_ge_8ms=0 touch_event_age_max_us=0 touch_errors=0 touch_overflows=0 pass=1
[13:08:11] TINYDRAW_GATE1_PACED_COLD corpus=overlap zoom=400 x=2791 y=3391 steps=137 tiles=56 compute_us=230058 present_us=81788 touch_us=405 pacing_us=6725 wall_us=318976 maximum_wall_us=500000 max_tick_us=9460 touch_samples=400 touch_interval_max_us=1177 touch_read_max_us=479 touch_events=0 touch_down=0 touch_up=0 touch_events_ge_8ms=0 touch_event_age_max_us=0 touch_errors=0 touch_overflows=0 pass=1
[13:08:11] TINYDRAW_ADVERSARIAL_TAPERED_WORKLOAD operations=128 samples=4096 erasers=12 load_us=204611 appended=1
[13:08:12] TINYDRAW_GENERAL_COLD_WORKLOAD operations=910 samples=12157 hairline_operations=782 hairline_samples=8061 hairline_load_us=1029356 appended=1
[13:08:13] TINYDRAW_GATE1_PACED_COLD corpus=adversarial_tapered_4x+evil_hairlines zoom=50 x=0 y=0 steps=396 tiles=42 compute_us=429079 present_us=71995 touch_us=612 pacing_us=12265 wall_us=513951 maximum_wall_us=500000 max_tick_us=8763 touch_samples=1781 touch_interval_max_us=2018 touch_read_max_us=507 touch_events=0 touch_down=0 touch_up=0 touch_events_ge_8ms=0 touch_event_age_max_us=0 touch_errors=0 touch_overflows=0 pass=0
[13:08:13] TINYDRAW_GATE1_PACED_COLD corpus=adversarial_tapered_4x+evil_hairlines zoom=100 x=0 y=0 steps=702 tiles=42 compute_us=460104 present_us=71038 touch_us=788 pacing_us=14814 wall_us=546744 maximum_wall_us=500000 max_tick_us=8602 touch_samples=620 touch_interval_max_us=1150 touch_read_max_us=436 touch_events=0 touch_down=0 touch_up=0 touch_events_ge_8ms=0 touch_event_age_max_us=0 touch_errors=0 touch_overflows=0 pass=0
[13:08:14] TINYDRAW_GATE1_PACED_COLD corpus=adversarial_tapered_4x+evil_hairlines zoom=200 x=0 y=0 steps=1140 tiles=42 compute_us=592829 present_us=68271 touch_us=869 pacing_us=16015 wall_us=677984 maximum_wall_us=500000 max_tick_us=8338 touch_samples=753 touch_interval_max_us=1175 touch_read_max_us=440 touch_events=0 touch_down=0 touch_up=0 touch_events_ge_8ms=0 touch_event_age_max_us=0 touch_errors=0 touch_overflows=0 pass=0
[13:08:15] TINYDRAW_GATE1_PACED_COLD corpus=adversarial_tapered_4x+evil_hairlines zoom=400 x=0 y=0 steps=1123 tiles=42 compute_us=582920 present_us=66833 touch_us=866 pacing_us=18361 wall_us=668980 maximum_wall_us=500000 max_tick_us=8098 touch_samples=747 touch_interval_max_us=1163 touch_read_max_us=449 touch_events=0 touch_down=0 touch_up=0 touch_events_ge_8ms=0 touch_event_age_max_us=0 touch_errors=0 touch_overflows=0 pass=0
[13:08:15] TINYDRAW_GATE1_WORKLOAD kind=realistic seed=7 operations=1000 samples=19844 maximum_stroke=198 load_us=513230 raw_source=1 lod_copies=0
[13:08:16] TINYDRAW_GATE1_PACED_COLD corpus=seed7 zoom=400 x=63 y=63 steps=325 tiles=56 compute_us=262637 present_us=86323 touch_us=420 pacing_us=7594 wall_us=356974 maximum_wall_us=500000 max_tick_us=10242 touch_samples=1061 touch_interval_max_us=1976 touch_read_max_us=478 touch_events=0 touch_down=0 touch_up=0 touch_events_ge_8ms=0 touch_event_age_max_us=0 touch_errors=0 touch_overflows=0 pass=1
[13:08:16] TINYDRAW_LIVE_PRESENT kind=gate_fallback zoom=100 x=0 y=0 compose_us=16926 scroll_us=0 exposed_compose_us=0 chrome_us=6691 chrome_prepare_us=2217 chrome_stage_us=4474 read_submit_us=35582 read_complete_us=39226 transfer_wait_us=20363 tile_pixels=0 uniform_pixels=0 overview_pixels=0 fallback_pixels=164864 resident_tiles=0 fallback_tiles=42 pushes=11 tear_wait_us=16317 tear_edge_isr_to_resume_us=11 tear_edge_observed=1 tear_edge_wait_resumed=1 tear_edge_timeout=0 tear_heal_attempted=0 tear_heal_command_sent=0 presentation_experiment=boundary-top-sweep te_edge=rising requested_clock_mhz=50 effective_clock_mhz=40 frame_reused=0 pass=1
[13:08:16] TINYDRAW_GATE1_HARD zoom=100 cold=1 operations=1000 samples=19844 steps=386 tiles=42 scanned=12000 rendered=4945 max_supertask_us=7538 presentation_us=71419 total_us=437992 maximum_wall_us=500000 pass=1
[13:08:16] TINYDRAW_GATE1_OVERLAY_CANVAS regions=zoom,minimap,toolbar,battery operations=4 presentation_mutations=0 authority=1 pass=1
[13:08:17] TINYDRAW_GATE1_LIVE_OVERLAY clear_updates=48 clear_wall_max_us=3936 clear_submit_max_us=2158 clear_complete_max_us=3073 overlay_updates=48 overlay_wall_max_us=3914 overlay_submit_max_us=2100 overlay_complete_max_us=3192 overlay_chrome_max_us=275 clear_failures=0 overlay_failures=0 pass=1
[13:08:17] TINYDRAW_EDGE_INK corners=4 edge_failures=0 pass=1
[13:08:17] TINYDRAW_GATE1_PAN zoom=100 from_x=0 from_y=0 to_x=88 to_y=88 compose_us=16010 scroll_us=12 exposed_compose_us=15998 chrome_us=2385 event_submit_us=29956 event_complete_us=33280 transfer_us=16053 setup=1 present=1 moved=1 frame_reused=1 pass=1
[13:08:18] TINYDRAW_LIVE_PRESENT kind=gate_fallback zoom=400 x=0 y=0 compose_us=15988 scroll_us=0 exposed_compose_us=0 chrome_us=6499 chrome_prepare_us=2222 chrome_stage_us=4277 read_submit_us=23795 read_complete_us=27468 transfer_wait_us=20647 tile_pixels=0 uniform_pixels=0 overview_pixels=0 fallback_pixels=164864 resident_tiles=0 fallback_tiles=42 pushes=11 tear_wait_us=5456 tear_edge_isr_to_resume_us=17 tear_edge_observed=1 tear_edge_wait_resumed=1 tear_edge_timeout=0 tear_heal_attempted=0 tear_heal_command_sent=0 presentation_experiment=boundary-top-sweep te_edge=rising requested_clock_mhz=50 effective_clock_mhz=40 frame_reused=0 pass=1
[13:08:18] TINYDRAW_GATE1_HARD zoom=400 cold=1 operations=1008 samples=19852 steps=248 tiles=42 scanned=12096 rendered=551 max_supertask_us=8786 presentation_us=70415 total_us=261145 maximum_wall_us=500000 pass=1
[13:08:18] TINYDRAW_GATE1_PAN zoom=400 from_x=0 from_y=0 to_x=88 to_y=88 compose_us=15959 scroll_us=12 exposed_compose_us=15947 chrome_us=2176 event_submit_us=29841 event_complete_us=33149 transfer_us=16167 setup=1 present=1 moved=1 frame_reused=1 pass=1
[13:08:22] TINYDRAW_PANSEQ_FRAME zoom=100 step=0 dx=24 dy=18 scroll_us=10 exposed_compose_us=4876 chrome_us=2385 tear_wait_us=7855 present_us=16102 prepare_us=11016 acquire_wait_us=28 ring_copy_us=8584 patch_us=2414 byte_swap_us=18 staging_us=3921 event_submit_us=12868 event_complete_us=16180 frame_us=28969 tear_edge_observed=1 frame_reused=1 pass=1
[13:08:22] TINYDRAW_PANSEQ_FRAME zoom=100 step=1 dx=24 dy=18 scroll_us=10 exposed_compose_us=4908 chrome_us=2407 tear_wait_us=12378 present_us=16503 prepare_us=10949 acquire_wait_us=27 ring_copy_us=8500 patch_us=2432 byte_swap_us=17 staging_us=3981 event_submit_us=17423 event_complete_us=20708 frame_us=33924 tear_edge_observed=1 frame_reused=1 pass=1
[13:08:22] TINYDRAW_PANSEQ_FRAME zoom=100 step=2 dx=24 dy=18 scroll_us=10 exposed_compose_us=4526 chrome_us=2388 tear_wait_us=12386 present_us=16875 prepare_us=10965 acquire_wait_us=29 ring_copy_us=8531 patch_us=2416 byte_swap_us=18 staging_us=3990 event_submit_us=17051 event_complete_us=20362 frame_us=33925 tear_edge_observed=1 frame_reused=1 pass=1
[13:08:22] TINYDRAW_PANSEQ_FRAME zoom=100 step=3 dx=24 dy=18 scroll_us=10 exposed_compose_us=5089 chrome_us=2361 tear_wait_us=11458 present_us=16244 prepare_us=10949 acquire_wait_us=30 ring_copy_us=8537 patch_us=2392 byte_swap_us=20 staging_us=3975 event_submit_us=16681 event_complete_us=19944 frame_us=32927 tear_edge_observed=1 frame_reused=1 pass=1
[13:08:22] TINYDRAW_PANSEQ_FRAME zoom=100 step=4 dx=24 dy=18 scroll_us=10 exposed_compose_us=4633 chrome_us=2370 tear_wait_us=12516 present_us=16638 prepare_us=11002 acquire_wait_us=33 ring_copy_us=8582 patch_us=2401 byte_swap_us=19 staging_us=3925 event_submit_us=17288 event_complete_us=20563 frame_us=33925 tear_edge_observed=1 frame_reused=1 pass=1
[13:08:22] TINYDRAW_PANSEQ_FRAME zoom=100 step=5 dx=24 dy=18 scroll_us=10 exposed_compose_us=4911 chrome_us=2405 tear_wait_us=11841 present_us=16028 prepare_us=10979 acquire_wait_us=39 ring_copy_us=8529 patch_us=2430 byte_swap_us=20 staging_us=3942 event_submit_us=16904 event_complete_us=20198 frame_us=32927 tear_edge_observed=1 frame_reused=1 pass=1
[13:08:22] TINYDRAW_PANSEQ_FRAME zoom=100 step=6 dx=24 dy=18 scroll_us=10 exposed_compose_us=4573 chrome_us=2423 tear_wait_us=12790 present_us=16409 prepare_us=11010 acquire_wait_us=29 ring_copy_us=8556 patch_us=2437 byte_swap_us=17 staging_us=3925 event_submit_us=17515 event_complete_us=20804 frame_us=33925 tear_edge_observed=1 frame_reused=1 pass=1
[13:08:23] TINYDRAW_PANSEQ_FRAME zoom=100 step=7 dx=24 dy=18 scroll_us=10 exposed_compose_us=5026 chrome_us=2414 tear_wait_us=11969 present_us=16798 prepare_us=10960 acquire_wait_us=37 ring_copy_us=8490 patch_us=2451 byte_swap_us=19 staging_us=3997 event_submit_us=17127 event_complete_us=20434 frame_us=33934 tear_edge_observed=1 frame_reused=1 pass=1
[13:08:23] TINYDRAW_PANSEQ_FRAME zoom=100 step=8 dx=24 dy=18 scroll_us=10 exposed_compose_us=4956 chrome_us=2369 tear_wait_us=11639 present_us=16186 prepare_us=11000 acquire_wait_us=28 ring_copy_us=8577 patch_us=2405 byte_swap_us=18 staging_us=3947 event_submit_us=16732 event_complete_us=20042 frame_us=32917 tear_edge_observed=1 frame_reused=1 pass=1
[13:08:23] TINYDRAW_PANSEQ_FRAME zoom=100 step=9 dx=24 dy=18 scroll_us=10 exposed_compose_us=4956 chrome_us=2373 tear_wait_us=12265 present_us=16572 prepare_us=10882 acquire_wait_us=33 ring_copy_us=8463 patch_us=2402 byte_swap_us=17 staging_us=4017 event_submit_us=17353 event_complete_us=20614 frame_us=33927 tear_edge_observed=1 frame_reused=1 pass=1
[13:08:23] TINYDRAW_PANSEQ_FRAME zoom=100 step=10 dx=24 dy=18 scroll_us=10 exposed_compose_us=4599 chrome_us=2408 tear_wait_us=12225 present_us=15953 prepare_us=11026 acquire_wait_us=30 ring_copy_us=8580 patch_us=2426 byte_swap_us=20 staging_us=3926 event_submit_us=16973 event_complete_us=20262 frame_us=32925 tear_edge_observed=1 frame_reused=1 pass=1
[13:08:23] TINYDRAW_PANSEQ_FRAME zoom=100 step=11 dx=24 dy=18 scroll_us=10 exposed_compose_us=5404 chrome_us=2395 tear_wait_us=12052 present_us=16334 prepare_us=10980 acquire_wait_us=41 ring_copy_us=8535 patch_us=2425 byte_swap_us=20 staging_us=3936 event_submit_us=17591 event_complete_us=20870 frame_us=33927 tear_edge_observed=1 frame_reused=1 pass=1
[13:08:23] TINYDRAW_PANSEQ_FRAME zoom=100 step=12 dx=24 dy=18 scroll_us=10 exposed_compose_us=4706 chrome_us=2390 tear_wait_us=12367 present_us=16714 prepare_us=11020 acquire_wait_us=26 ring_copy_us=8586 patch_us=2419 byte_swap_us=15 staging_us=3918 event_submit_us=17212 event_complete_us=20502 frame_us=33925 tear_edge_observed=1 frame_reused=1 pass=1
[13:08:23] TINYDRAW_PANSEQ_FRAME zoom=100 step=13 dx=24 dy=18 scroll_us=10 exposed_compose_us=4952 chrome_us=2380 tear_wait_us=11739 present_us=16093 prepare_us=11017 acquire_wait_us=24 ring_copy_us=8584 patch_us=2413 byte_swap_us=20 staging_us=3908 event_submit_us=16823 event_complete_us=20122 frame_us=32918 tear_edge_observed=1 frame_reused=1 pass=1
[13:08:23] TINYDRAW_PANSEQ_FRAME zoom=100 step=14 dx=24 dy=18 scroll_us=10 exposed_compose_us=4798 chrome_us=2453 tear_wait_us=12516 present_us=16468 prepare_us=11042 acquire_wait_us=26 ring_copy_us=8555 patch_us=2470 byte_swap_us=17 staging_us=3908 event_submit_us=17456 event_complete_us=20762 frame_us=33925 tear_edge_observed=1 frame_reused=1 pass=1
[13:08:23] TINYDRAW_PANSEQ_FRAME zoom=100 step=15 dx=24 dy=18 scroll_us=10 exposed_compose_us=5054 chrome_us=2387 tear_wait_us=11894 present_us=16844 prepare_us=10936 acquire_wait_us=24 ring_copy_us=8501 patch_us=2418 byte_swap_us=17 staging_us=4002 event_submit_us=17081 event_complete_us=20370 frame_us=33927 tear_edge_observed=1 frame_reused=1 pass=1
[13:08:23] TINYDRAW_PANSEQ_FRAME zoom=100 step=16 dx=72 dy=54 scroll_us=10 exposed_compose_us=13002 chrome_us=2361 tear_wait_us=3559 present_us=16223 prepare_us=11000 acquire_wait_us=28 ring_copy_us=8592 patch_us=2387 byte_swap_us=21 staging_us=3912 event_submit_us=16702 event_complete_us=19961 frame_us=32925 tear_edge_observed=1 frame_reused=1 pass=1
[13:08:23] TINYDRAW_PANSEQ_FRAME zoom=100 step=17 dx=72 dy=54 scroll_us=10 exposed_compose_us=12858 chrome_us=2368 tear_wait_us=4329 present_us=16604 prepare_us=10939 acquire_wait_us=29 ring_copy_us=8517 patch_us=2403 byte_swap_us=19 staging_us=3940 event_submit_us=17321 event_complete_us=20563 frame_us=33927 tear_edge_observed=1 frame_reused=1 pass=1
[13:08:23] TINYDRAW_PANSEQ_FRAME zoom=100 step=18 dx=72 dy=54 scroll_us=10 exposed_compose_us=12167 chrome_us=2381 tear_wait_us=4633 present_us=15990 prepare_us=11012 acquire_wait_us=25 ring_copy_us=8580 patch_us=2409 byte_swap_us=23 staging_us=3944 event_submit_us=16936 event_complete_us=20225 frame_us=32925 tear_edge_observed=1 frame_reused=1 pass=1
[13:08:23] TINYDRAW_PANSEQ_FRAME zoom=100 step=19 dx=72 dy=54 scroll_us=10 exposed_compose_us=12369 chrome_us=2393 tear_wait_us=5049 present_us=16372 prepare_us=10916 acquire_wait_us=29 ring_copy_us=8482 patch_us=2417 byte_swap_us=17 staging_us=3991 event_submit_us=17553 event_complete_us=20817 frame_us=33927 tear_edge_observed=1 frame_reused=1 pass=1
[13:08:23] TINYDRAW_PANSEQ_FRAME zoom=100 step=20 dx=-72 dy=-54 scroll_us=10 exposed_compose_us=13096 chrome_us=2377 tear_wait_us=3946 present_us=16746 prepare_us=11032 acquire_wait_us=30 ring_copy_us=8608 patch_us=2407 byte_swap_us=17 staging_us=3895 event_submit_us=17180 event_complete_us=20461 frame_us=33925 tear_edge_observed=1 frame_reused=1 pass=1
[13:08:23] TINYDRAW_PANSEQ_FRAME zoom=100 step=21 dx=-72 dy=-54 scroll_us=11 exposed_compose_us=12951 chrome_us=2367 tear_wait_us=3703 present_us=16126 prepare_us=10903 acquire_wait_us=29 ring_copy_us=8491 patch_us=2394 byte_swap_us=18 staging_us=3978 event_submit_us=16789 event_complete_us=20032 frame_us=32917 tear_edge_observed=1 frame_reused=1 pass=1
[13:08:23] TINYDRAW_PANSEQ_FRAME zoom=100 step=22 dx=-72 dy=-54 scroll_us=10 exposed_compose_us=12907 chrome_us=2394 tear_wait_us=4354 present_us=16528 prepare_us=10914 acquire_wait_us=29 ring_copy_us=8479 patch_us=2419 byte_swap_us=16 staging_us=3981 event_submit_us=17411 event_complete_us=20666 frame_us=33925 tear_edge_observed=1 frame_reused=1 pass=1
[13:08:23] TINYDRAW_PANSEQ_FRAME zoom=100 step=23 dx=-72 dy=-54 scroll_us=10 exposed_compose_us=12503 chrome_us=2376 tear_wait_us=4366 present_us=15925 prepare_us=10958 acquire_wait_us=28 ring_copy_us=8534 patch_us=2408 byte_swap_us=16 staging_us=3972 event_submit_us=17002 event_complete_us=20290 frame_us=32928 tear_edge_observed=1 frame_reused=1 pass=1
[13:08:23] TINYDRAW_PANSEQ_STRIP zoom=100 strip=0 panel_y=0 rows=44 samples=24 staging_mean_us=1421 staging_max_us=1457 wire_budget_us=1619 over_budget_us=0 pass=1
[13:08:23] TINYDRAW_PANSEQ_STRIP zoom=100 strip=1 panel_y=44 rows=44 samples=24 staging_mean_us=1259 staging_max_us=1301 wire_budget_us=1619 over_budget_us=0 pass=1
[13:08:23] TINYDRAW_PANSEQ_STRIP zoom=100 strip=2 panel_y=88 rows=44 samples=24 staging_mean_us=1207 staging_max_us=1221 wire_budget_us=1619 over_budget_us=0 pass=1
[13:08:23] TINYDRAW_PANSEQ_STRIP zoom=100 strip=3 panel_y=132 rows=44 samples=24 staging_mean_us=1201 staging_max_us=1214 wire_budget_us=1619 over_budget_us=0 pass=1
[13:08:23] TINYDRAW_PANSEQ_STRIP zoom=100 strip=4 panel_y=176 rows=44 samples=24 staging_mean_us=1200 staging_max_us=1212 wire_budget_us=1619 over_budget_us=0 pass=1
[13:08:23] TINYDRAW_PANSEQ_STRIP zoom=100 strip=5 panel_y=220 rows=44 samples=24 staging_mean_us=1231 staging_max_us=1250 wire_budget_us=1619 over_budget_us=0 pass=1
[13:08:23] TINYDRAW_PANSEQ_STRIP zoom=100 strip=6 panel_y=264 rows=44 samples=24 staging_mean_us=1418 staging_max_us=1453 wire_budget_us=1619 over_budget_us=0 pass=1
[13:08:23] TINYDRAW_PANSEQ_STRIP zoom=100 strip=7 panel_y=308 rows=44 samples=24 staging_mean_us=1401 staging_max_us=1427 wire_budget_us=1619 over_budget_us=0 pass=1
[13:08:23] TINYDRAW_PANSEQ_STRIP zoom=100 strip=8 panel_y=352 rows=20 samples=24 staging_mean_us=663 staging_max_us=699 wire_budget_us=736 over_budget_us=0 pass=1
[13:08:23] TINYDRAW_GATE1_PANSEQ zoom=100 frames=24 scroll_avg_us=10 exposed_avg_us=7492 chrome_avg_us=2388 tear_wait_avg_us=9326 present_avg_us=16386 prepare_avg_us=10975 acquire_wait_avg_us=29 ring_copy_avg_us=8540 patch_avg_us=2416 byte_swap_avg_us=18 staging_avg_us=3951 frame_avg_us=33343 frame_p50_us=33925 frame_p95_us=33927 frame_max_us=33934 complete_p50_us=20370 complete_p95_us=20817 complete_max_us=20870 tear_edge_failures=0 presentation_experiment=boundary-top-sweep te_edge=rising requested_clock_mhz=50 effective_clock_mhz=40 chrome_bottom_redraws=0 chrome_battery_redraws=0 chrome_zoom_redraws=0 chrome_minimap_base_redraws=0 strip_samples=216 staging_mean_us=1222 staging_max_us=1457 worst_strip=8 worst_strip_y=352 worst_wire_budget_us=736 worst_headroom_us=37 staging_invariant=1 pacing_pass=1 all_reused=1 pass=1
[13:08:26] TINYDRAW_PANSEQ_FRAME zoom=400 step=0 dx=24 dy=18 scroll_us=11 exposed_compose_us=4822 chrome_us=2212 tear_wait_us=7946 present_us=16065 prepare_us=10823 acquire_wait_us=25 ring_copy_us=8561 patch_us=2243 byte_swap_us=19 staging_us=4122 event_submit_us=12902 event_complete_us=16216 frame_us=28968 tear_edge_observed=1 frame_reused=1 pass=1
[13:08:26] TINYDRAW_PANSEQ_FRAME zoom=400 step=1 dx=24 dy=18 scroll_us=12 exposed_compose_us=4791 chrome_us=2231 tear_wait_us=12504 present_us=16486 prepare_us=10730 acquire_wait_us=27 ring_copy_us=8466 patch_us=2250 byte_swap_us=14 staging_us=4201 event_submit_us=17440 event_complete_us=20718 frame_us=33925 tear_edge_observed=1 frame_reused=1 pass=1
[13:08:26] TINYDRAW_PANSEQ_FRAME zoom=400 step=2 dx=24 dy=18 scroll_us=11 exposed_compose_us=4410 chrome_us=2200 tear_wait_us=12460 present_us=16915 prepare_us=10793 acquire_wait_us=30 ring_copy_us=8550 patch_us=2227 byte_swap_us=16 staging_us=4164 event_submit_us=17008 event_complete_us=20320 frame_us=33924 tear_edge_observed=1 frame_reused=1 pass=1
[13:08:26] TINYDRAW_PANSEQ_FRAME zoom=400 step=3 dx=24 dy=18 scroll_us=12 exposed_compose_us=4832 chrome_us=2215 tear_wait_us=11618 present_us=16338 prepare_us=10806 acquire_wait_us=32 ring_copy_us=8543 patch_us=2245 byte_swap_us=18 staging_us=4090 event_submit_us=16586 event_complete_us=19868 frame_us=32928 tear_edge_observed=1 frame_reused=1 pass=1
[13:08:26] TINYDRAW_PANSEQ_FRAME zoom=400 step=4 dx=24 dy=18 scroll_us=11 exposed_compose_us=4377 chrome_us=2194 tear_wait_us=12641 present_us=16770 prepare_us=10888 acquire_wait_us=29 ring_copy_us=8644 patch_us=2224 byte_swap_us=20 staging_us=4052 event_submit_us=17154 event_complete_us=20457 frame_us=33932 tear_edge_observed=1 frame_reused=1 pass=1
[13:08:26] TINYDRAW_PANSEQ_FRAME zoom=400 step=5 dx=24 dy=18 scroll_us=12 exposed_compose_us=4689 chrome_us=2186 tear_wait_us=11902 present_us=16190 prepare_us=10758 acquire_wait_us=36 ring_copy_us=8525 patch_us=2214 byte_swap_us=19 staging_us=4167 event_submit_us=16726 event_complete_us=20009 frame_us=32920 tear_edge_observed=1 frame_reused=1 pass=1
[13:08:26] TINYDRAW_PANSEQ_FRAME zoom=400 step=6 dx=24 dy=18 scroll_us=11 exposed_compose_us=4544 chrome_us=2194 tear_wait_us=12629 present_us=16616 prepare_us=10801 acquire_wait_us=31 ring_copy_us=8558 patch_us=2223 byte_swap_us=20 staging_us=4104 event_submit_us=17307 event_complete_us=20565 frame_us=33924 tear_edge_observed=1 frame_reused=1 pass=1
[13:08:26] TINYDRAW_PANSEQ_FRAME zoom=400 step=7 dx=24 dy=18 scroll_us=12 exposed_compose_us=5119 chrome_us=2222 tear_wait_us=11617 present_us=16043 prepare_us=10820 acquire_wait_us=31 ring_copy_us=8549 patch_us=2251 byte_swap_us=20 staging_us=4102 event_submit_us=16888 event_complete_us=20168 frame_us=32927 tear_edge_observed=1 frame_reused=1 pass=1
[13:08:26] TINYDRAW_PANSEQ_FRAME zoom=400 step=8 dx=24 dy=18 scroll_us=11 exposed_compose_us=5242 chrome_us=2244 tear_wait_us=12074 present_us=16472 prepare_us=10784 acquire_wait_us=28 ring_copy_us=8495 patch_us=2271 byte_swap_us=18 staging_us=4169 event_submit_us=17453 event_complete_us=20755 frame_us=33925 tear_edge_observed=1 frame_reused=1 pass=1
[13:08:26] TINYDRAW_PANSEQ_FRAME zoom=400 step=9 dx=24 dy=18 scroll_us=11 exposed_compose_us=5163 chrome_us=2193 tear_wait_us=11724 present_us=15904 prepare_us=10767 acquire_wait_us=28 ring_copy_us=8524 patch_us=2224 byte_swap_us=19 staging_us=4148 event_submit_us=17023 event_complete_us=20291 frame_us=32930 tear_edge_observed=1 frame_reused=1 pass=1
[13:08:26] TINYDRAW_PANSEQ_FRAME zoom=400 step=10 dx=24 dy=18 scroll_us=11 exposed_compose_us=4798 chrome_us=2208 tear_wait_us=12656 present_us=16326 prepare_us=10832 acquire_wait_us=31 ring_copy_us=8579 patch_us=2234 byte_swap_us=19 staging_us=4090 event_submit_us=17597 event_complete_us=20887 frame_us=33922 tear_edge_observed=1 frame_reused=1 pass=1
[13:08:26] TINYDRAW_PANSEQ_FRAME zoom=400 step=11 dx=24 dy=18 scroll_us=12 exposed_compose_us=5695 chrome_us=2216 tear_wait_us=11358 present_us=16735 prepare_us=10814 acquire_wait_us=33 ring_copy_us=8552 patch_us=2246 byte_swap_us=16 staging_us=4120 event_submit_us=17190 event_complete_us=20478 frame_us=33927 tear_edge_observed=1 frame_reused=1 pass=1
[13:08:26] TINYDRAW_PANSEQ_FRAME zoom=400 step=12 dx=24 dy=18 scroll_us=12 exposed_compose_us=5028 chrome_us=2196 tear_wait_us=11622 present_us=16129 prepare_us=10840 acquire_wait_us=27 ring_copy_us=8590 patch_us=2229 byte_swap_us=21 staging_us=4094 event_submit_us=16787 event_complete_us=20086 frame_us=32915 tear_edge_observed=1 frame_reused=1 pass=1
[13:08:26] TINYDRAW_PANSEQ_FRAME zoom=400 step=13 dx=24 dy=18 scroll_us=11 exposed_compose_us=5212 chrome_us=2208 tear_wait_us=12025 present_us=16551 prepare_us=10715 acquire_wait_us=31 ring_copy_us=8461 patch_us=2236 byte_swap_us=18 staging_us=4188 event_submit_us=17373 event_complete_us=20648 frame_us=33927 tear_edge_observed=1 frame_reused=1 pass=1
[13:08:26] TINYDRAW_PANSEQ_FRAME zoom=400 step=14 dx=24 dy=18 scroll_us=11 exposed_compose_us=5051 chrome_us=2210 tear_wait_us=11777 present_us=15961 prepare_us=10858 acquire_wait_us=29 ring_copy_us=8596 patch_us=2243 byte_swap_us=19 staging_us=4101 event_submit_us=16964 event_complete_us=20263 frame_us=32925 tear_edge_observed=1 frame_reused=1 pass=1
[13:08:26] TINYDRAW_PANSEQ_FRAME zoom=400 step=15 dx=24 dy=18 scroll_us=12 exposed_compose_us=5350 chrome_us=2227 tear_wait_us=12054 present_us=16384 prepare_us=10735 acquire_wait_us=30 ring_copy_us=8459 patch_us=2260 byte_swap_us=16 staging_us=4175 event_submit_us=17540 event_complete_us=20807 frame_us=33927 tear_edge_observed=1 frame_reused=1 pass=1
[13:08:26] TINYDRAW_PANSEQ_FRAME zoom=400 step=16 dx=72 dy=54 scroll_us=11 exposed_compose_us=13801 chrome_us=2232 tear_wait_us=3182 present_us=16800 prepare_us=10847 acquire_wait_us=27 ring_copy_us=8580 patch_us=2252 byte_swap_us=15 staging_us=4098 event_submit_us=17125 event_complete_us=20424 frame_us=33925 tear_edge_observed=1 frame_reused=1 pass=1
[13:08:26] TINYDRAW_PANSEQ_FRAME zoom=400 step=17 dx=72 dy=54 scroll_us=11 exposed_compose_us=13396 chrome_us=2169 tear_wait_us=3159 present_us=16234 prepare_us=10765 acquire_wait_us=29 ring_copy_us=8552 patch_us=2197 byte_swap_us=16 staging_us=4152 event_submit_us=16690 event_complete_us=19970 frame_us=32927 tear_edge_observed=1 frame_reused=1 pass=1
[13:08:26] TINYDRAW_PANSEQ_FRAME zoom=400 step=18 dx=72 dy=54 scroll_us=11 exposed_compose_us=13479 chrome_us=2217 tear_wait_us=3644 present_us=16665 prepare_us=10813 acquire_wait_us=30 ring_copy_us=8551 patch_us=2246 byte_swap_us=16 staging_us=4107 event_submit_us=17261 event_complete_us=20531 frame_us=33925 tear_edge_observed=1 frame_reused=1 pass=1
[13:08:26] TINYDRAW_PANSEQ_FRAME zoom=400 step=19 dx=72 dy=54 scroll_us=12 exposed_compose_us=14324 chrome_us=2198 tear_wait_us=2362 present_us=16089 prepare_us=10706 acquire_wait_us=34 ring_copy_us=8465 patch_us=2222 byte_swap_us=19 staging_us=4194 event_submit_us=16825 event_complete_us=20105 frame_us=32917 tear_edge_observed=1 frame_reused=1 pass=1
[13:08:26] TINYDRAW_PANSEQ_FRAME zoom=400 step=20 dx=-72 dy=-54 scroll_us=11 exposed_compose_us=13940 chrome_us=2229 tear_wait_us=3333 present_us=16511 prepare_us=10759 acquire_wait_us=26 ring_copy_us=8492 patch_us=2250 byte_swap_us=17 staging_us=4156 event_submit_us=17428 event_complete_us=20708 frame_us=33925 tear_edge_observed=1 frame_reused=1 pass=1
[13:08:26] TINYDRAW_PANSEQ_FRAME zoom=400 step=21 dx=-72 dy=-54 scroll_us=11 exposed_compose_us=13550 chrome_us=2236 tear_wait_us=3290 present_us=15938 prepare_us=10795 acquire_wait_us=25 ring_copy_us=8517 patch_us=2259 byte_swap_us=19 staging_us=4133 event_submit_us=16986 event_complete_us=20252 frame_us=32927 tear_edge_observed=1 frame_reused=1 pass=1
[13:08:26] TINYDRAW_PANSEQ_FRAME zoom=400 step=22 dx=-72 dy=-54 scroll_us=11 exposed_compose_us=13434 chrome_us=2222 tear_wait_us=3988 present_us=16365 prepare_us=10807 acquire_wait_us=28 ring_copy_us=8538 patch_us=2251 byte_swap_us=18 staging_us=4101 event_submit_us=17560 event_complete_us=20818 frame_us=33925 tear_edge_observed=1 frame_reused=1 pass=1
[13:08:27] TINYDRAW_PANSEQ_FRAME zoom=400 step=23 dx=-72 dy=-54 scroll_us=12 exposed_compose_us=12569 chrome_us=2228 tear_wait_us=4414 present_us=16802 prepare_us=10838 acquire_wait_us=27 ring_copy_us=8566 patch_us=2253 byte_swap_us=19 staging_us=4103 event_submit_us=17127 event_complete_us=20420 frame_us=33931 tear_edge_observed=1 frame_reused=1 pass=1
[13:08:27] TINYDRAW_PANSEQ_STRIP zoom=400 strip=0 panel_y=0 rows=44 samples=24 staging_mean_us=1423 staging_max_us=1455 wire_budget_us=1619 over_budget_us=0 pass=1
[13:08:27] TINYDRAW_PANSEQ_STRIP zoom=400 strip=1 panel_y=44 rows=44 samples=24 staging_mean_us=1261 staging_max_us=1283 wire_budget_us=1619 over_budget_us=0 pass=1
[13:08:27] TINYDRAW_PANSEQ_STRIP zoom=400 strip=2 panel_y=88 rows=44 samples=24 staging_mean_us=1206 staging_max_us=1226 wire_budget_us=1619 over_budget_us=0 pass=1
[13:08:27] TINYDRAW_PANSEQ_STRIP zoom=400 strip=3 panel_y=132 rows=44 samples=24 staging_mean_us=1201 staging_max_us=1214 wire_budget_us=1619 over_budget_us=0 pass=1
[13:08:27] TINYDRAW_PANSEQ_STRIP zoom=400 strip=4 panel_y=176 rows=44 samples=24 staging_mean_us=1200 staging_max_us=1215 wire_budget_us=1619 over_budget_us=0 pass=1
[13:08:27] TINYDRAW_PANSEQ_STRIP zoom=400 strip=5 panel_y=220 rows=44 samples=24 staging_mean_us=1186 staging_max_us=1204 wire_budget_us=1619 over_budget_us=0 pass=1
[13:08:27] TINYDRAW_PANSEQ_STRIP zoom=400 strip=6 panel_y=264 rows=44 samples=24 staging_mean_us=1366 staging_max_us=1404 wire_budget_us=1619 over_budget_us=0 pass=1
[13:08:27] TINYDRAW_PANSEQ_STRIP zoom=400 strip=7 panel_y=308 rows=44 samples=24 staging_mean_us=1358 staging_max_us=1391 wire_budget_us=1619 over_budget_us=0 pass=1
[13:08:27] TINYDRAW_PANSEQ_STRIP zoom=400 strip=8 panel_y=352 rows=20 samples=24 staging_mean_us=620 staging_max_us=659 wire_budget_us=736 over_budget_us=0 pass=1
[13:08:27] TINYDRAW_GATE1_PANSEQ zoom=400 frames=24 scroll_avg_us=11 exposed_avg_us=7817 chrome_avg_us=2211 tear_wait_avg_us=8999 present_avg_us=16387 prepare_avg_us=10795 acquire_wait_avg_us=29 ring_copy_avg_us=8538 patch_avg_us=2239 byte_swap_avg_us=17 staging_avg_us=4130 frame_avg_us=33343 frame_p50_us=33924 frame_p95_us=33931 frame_max_us=33932 complete_p50_us=20420 complete_p95_us=20818 complete_max_us=20887 tear_edge_failures=0 presentation_experiment=boundary-top-sweep te_edge=rising requested_clock_mhz=50 effective_clock_mhz=40 chrome_bottom_redraws=0 chrome_battery_redraws=0 chrome_zoom_redraws=0 chrome_minimap_base_redraws=0 strip_samples=216 staging_mean_us=1202 staging_max_us=1455 worst_strip=8 worst_strip_y=352 worst_wire_budget_us=736 worst_headroom_us=77 staging_invariant=1 pacing_pass=1 all_reused=1 pass=1
[13:08:27] TINYDRAW_GATE1_PAN_BOUNDARY zoom=100 slow_1px_trace=1 below_delta=94 below_reused=1 at_delta=96 at_reused=1 above_delta=98 above_fallback=1 pass=1
[13:08:27] TINYDRAW_GATE1_PAN_BOUNDARY zoom=400 slow_1px_trace=1 below_delta=94 below_reused=1 at_delta=96 at_reused=1 above_delta=98 above_fallback=1 pass=1
[13:08:28] TINYDRAW_GATE1_DRAW_FILL zoom=400 revision=2930 append_us=935 poll_gap_us=97 event_submit_us=228 event_complete_us=2258 max_compute_slice_us=4891 max_display_slice_us=17365 fill_us=270113 revision_restarted=1 pass=1
[13:08:29] TINYDRAW_GATE1_CACHE_FILL zoom=50 x=63 y=63 published=56 total_us=738972 within_cold_gate=0 complete=1
[13:08:29] TINYDRAW_GATE1_CACHE_FILL zoom=100 x=63 y=63 published=56 total_us=595981 within_cold_gate=0 complete=1
[13:08:30] TINYDRAW_GATE1_CACHE_FILL zoom=200 x=63 y=63 published=56 total_us=438961 within_cold_gate=1 complete=1
[13:08:30] TINYDRAW_GATE1_CACHE_FILL zoom=400 x=63 y=63 published=56 total_us=374973 within_cold_gate=1 complete=1
[13:08:30] TINYDRAW_GATE1_CACHE_REVISIT zoom=50 remaining=0 tile_pixels=118128 fallback_pixels=0 compose_us=17939 complete_us=21079 hit=1
[13:08:30] TINYDRAW_GATE1_CACHE_REVISIT zoom=100 remaining=0 tile_pixels=164864 fallback_pixels=0 compose_us=19840 complete_us=20720 hit=1
[13:08:30] TINYDRAW_GATE1_CACHE_REVISIT zoom=200 remaining=0 tile_pixels=164864 fallback_pixels=0 compose_us=20841 complete_us=20357 hit=1
[13:08:30] TINYDRAW_GATE1_CACHE_REVISIT zoom=400 remaining=0 tile_pixels=164608 fallback_pixels=0 compose_us=21670 complete_us=20983 hit=1
[13:08:31] TINYDRAW_GATE1_CACHE_FILL zoom=400 x=575 y=575 published=56 total_us=409974 within_cold_gate=1 complete=1
[13:08:31] TINYDRAW_GATE1_CACHE_ROUND_TRIP zoom=50 from_x=63 from_y=63 via_x=575 via_y=575 remaining=0 tile_pixels=118128 fallback_pixels=0 compose_us=18056 complete_us=20424 hit=1
[13:08:31] TINYDRAW_GATE1_CACHE_ROUND_TRIP zoom=100 from_x=63 from_y=63 via_x=575 via_y=575 remaining=0 tile_pixels=164864 fallback_pixels=0 compose_us=19918 complete_us=21061 hit=1
[13:08:31] TINYDRAW_GATE1_CACHE_ROUND_TRIP zoom=200 from_x=63 from_y=63 via_x=575 via_y=575 remaining=0 tile_pixels=164864 fallback_pixels=0 compose_us=20816 complete_us=20678 hit=1
[13:08:31] TINYDRAW_GATE1_CACHE_ROUND_TRIP zoom=400 from_x=63 from_y=63 via_x=575 via_y=575 remaining=0 tile_pixels=164608 fallback_pixels=0 compose_us=21820 complete_us=20299 hit=1
[13:08:31] TINYDRAW_GATE1_CACHE_RETENTION pass=1 slots=448 revision=2930
[13:08:33] TINYDRAW_PAPER_SWEEP zoom=100 identities=644 raw=266 uniform=378 fallback=0 slots=448 total_us=1649651 pass=1
[13:08:37] TINYDRAW_GATE1_CACHE_TOUR slots=448 stops=16 forward_steps=2595 forward_tiles=832 forward_wall_us=2318237 return_missing_tiles=0 return_steps=16 return_tiles=0 return_wall_us=43422 home_missing=0 home_fallback_pixels=0 pass=1
[13:08:38] TINYDRAW_GATE1_MIXED_DRAW_WARM zoom=50 fill_tiles=56 fill_us=654617 raw=42 uniform=14
[13:08:38] TINYDRAW_GATE1_MIXED_DRAW_WARM zoom=100 fill_tiles=56 fill_us=505134 raw=56 uniform=0
[13:08:39] TINYDRAW_GATE1_MIXED_DRAW_WARM zoom=200 fill_tiles=56 fill_us=412082 raw=56 uniform=0
[13:08:39] TINYDRAW_GATE1_MIXED_DRAW_WARM zoom=400 fill_tiles=42 fill_us=263326 raw=42 uniform=0
[13:08:41] TINYDRAW_GATE1_MIXED_DRAW zoom=25 tool=pen chunks=50 append_max_us=12682 append_avg_us=11432 append_total_us=571648 affected_tiles=196 published=0 fallback=196 visible_fallback=0 committed=1 authority=1 refresh=1 run_ok=1 pass=1
[13:08:41] TINYDRAW_GATE1_MIXED_DRAW zoom=25 tool=eraser chunks=50 append_max_us=12731 append_avg_us=11363 append_total_us=568191 affected_tiles=0 published=0 fallback=0 visible_fallback=0 committed=1 authority=1 refresh=1 run_ok=1 pass=1
[13:08:44] TINYDRAW_GATE1_MIXED_DRAW zoom=50 tool=pen chunks=50 append_max_us=18763 append_avg_us=16012 append_total_us=800636 affected_tiles=422 published=400 fallback=22 visible_fallback=0 committed=1 authority=1 refresh=1 run_ok=1 pass=0
[13:08:45] TINYDRAW_GATE1_MIXED_DRAW zoom=50 tool=eraser chunks=50 append_max_us=17445 append_avg_us=15777 append_total_us=788891 affected_tiles=405 published=405 fallback=0 visible_fallback=0 committed=1 authority=1 refresh=1 run_ok=1 pass=0
[13:08:46] TINYDRAW_GATE1_MIXED_DRAW zoom=100 tool=pen chunks=50 append_max_us=15534 append_avg_us=13518 append_total_us=675929 affected_tiles=450 published=398 fallback=52 visible_fallback=0 committed=1 authority=1 refresh=1 run_ok=1 pass=0
[13:08:47] TINYDRAW_GATE1_MIXED_DRAW zoom=100 tool=eraser chunks=50 append_max_us=14895 append_avg_us=13304 append_total_us=665211 affected_tiles=399 published=399 fallback=0 visible_fallback=0 committed=1 authority=1 refresh=1 run_ok=1 pass=1
[13:08:50] TINYDRAW_GATE1_MIXED_DRAW zoom=200 tool=pen chunks=50 append_max_us=14975 append_avg_us=12499 append_total_us=624982 affected_tiles=425 published=389 fallback=36 visible_fallback=0 committed=1 authority=1 refresh=1 run_ok=1 pass=1
[13:08:50] TINYDRAW_GATE1_MIXED_DRAW zoom=200 tool=eraser chunks=50 append_max_us=13993 append_avg_us=12234 append_total_us=611746 affected_tiles=388 published=388 fallback=0 visible_fallback=0 committed=1 authority=1 refresh=1 run_ok=1 pass=1
[13:08:52] TINYDRAW_GATE1_MIXED_DRAW zoom=400 tool=pen chunks=50 append_max_us=13981 append_avg_us=11581 append_total_us=579083 affected_tiles=359 published=334 fallback=25 visible_fallback=0 committed=1 authority=1 refresh=1 run_ok=1 pass=1
[13:08:53] TINYDRAW_GATE1_MIXED_DRAW zoom=400 tool=eraser chunks=50 append_max_us=13120 append_avg_us=11455 append_total_us=572780 affected_tiles=350 published=350 fallback=0 visible_fallback=0 committed=1 authority=1 refresh=1 run_ok=1 pass=1
[13:08:53] TINYDRAW_GATE1_MIXED_DRAW_REVISIT zoom=50 missing=4 refill_tiles=4 refill_us=243070
[13:08:54] TINYDRAW_GATE1_MIXED_DRAW_REVISIT zoom=100 missing=9 refill_tiles=9 refill_us=393525
[13:08:54] TINYDRAW_GATE1_MIXED_DRAW_REVISIT zoom=200 missing=16 refill_tiles=16 refill_us=351627
[13:08:54] TINYDRAW_GATE1_MIXED_DRAW_REVISIT zoom=400 missing=0 refill_tiles=0 refill_us=961
[13:08:54] TINYDRAW_GATE1_MIXED_DRAW_SUMMARY slots=448 strokes=10 worst_append_us=18763 pass=0
[13:09:01] TINYDRAW_GATE1_IDLE_REPAIR damaged=588 remaining=0 plan_views=24 steps=5805 repair_us=4336993 worst_step_us=6486 warm_tiles=56 pass=1
[13:09:02] TINYDRAW_HAIRLINE_DOC ops=782 samples=8061 append_total_us=978112 append_max_us=6866
[13:09:02] TINYDRAW_GATE1_PACED_COLD corpus=evil_hairlines_capacity zoom=100 x=552 y=672 steps=236 tiles=56 compute_us=278408 present_us=81651 touch_us=449 pacing_us=6458 wall_us=366966 maximum_wall_us=500000 max_tick_us=9656 touch_samples=46132 touch_interval_max_us=2036 touch_read_max_us=552 touch_events=0 touch_down=0 touch_up=0 touch_events_ge_8ms=0 touch_event_age_max_us=0 touch_errors=0 touch_overflows=0 pass=1
[13:09:02] TINYDRAW_GATE1_PACED_COLD corpus=evil_hairlines_capacity zoom=400 x=2760 y=3360 steps=209 tiles=48 compute_us=185828 present_us=75407 touch_us=352 pacing_us=6406 wall_us=267993 maximum_wall_us=500000 max_tick_us=9093 touch_samples=336 touch_interval_max_us=2046 touch_read_max_us=525 touch_events=0 touch_down=0 touch_up=0 touch_events_ge_8ms=0 touch_event_age_max_us=0 touch_errors=0 touch_overflows=0 pass=1
[13:09:06] TINYDRAW_HAIRLINE_REPAIR steps=2814 wall_us=2799098 worst_step_us=7757 resident=407/448 grid_stopped=1 pass2_steps=8 pass2_wall_us=11997 no_churn=1
[13:09:07] TINYDRAW_HAIRLINE_TOUR stops=8 total_us=1219902 worst_stop_us=251936 worst_step_us=8994
[13:09:07] TINYDRAW_GATE1_HAIRLINE raw=339 uniform=72 fallback=233 capacity=448 worst_step_us=8994 grid_stopped=1 pass=1
[13:09:09] TINYDRAW_GATE1_LONG_GESTURE path=reference samples=1600 chunks=26 append_total_us=952619 append_max_us=43682 append_avg_us=36639 refresh_fallback_pixels=0 settled_fallback_pixels=0 committed=1 authority=1 refresh=1 run_ok=1
[13:09:09] TINYDRAW_GATE1_LONG_GESTURE path=in_place samples=1600 chunks=52 append_total_us=582178 append_max_us=13614 append_avg_us=11195 refresh_fallback_pixels=0 settled_fallback_pixels=0 committed=1 authority=1 refresh=1 run_ok=1
[13:09:09] TINYDRAW_V2_EXPORT_PROGRESS row=0 of=1792
[13:09:10] TINYDRAW_V2_EXPORT_PROGRESS row=256 of=1792
[13:09:11] TINYDRAW_V2_EXPORT_PROGRESS row=512 of=1792
[13:09:12] TINYDRAW_V2_EXPORT_PROGRESS row=768 of=1792
[13:09:13] TINYDRAW_V2_EXPORT_PROGRESS row=1024 of=1792
[13:09:13] TINYDRAW_V2_EXPORT_PROGRESS row=1280 of=1792
[13:09:14] TINYDRAW_V2_EXPORT_PROGRESS row=1536 of=1792
[13:09:15] TINYDRAW_GATE1_EXPORT encoded=1 bytes=40166 elapsed_us=5820089 workspace_bytes=50652 band_bytes=376832 free_psram=1920344 free_internal=199124 signature=1 dimensions=1 chunks=3 chunks_ok=1 pass=1
[13:09:15] TINYDRAW_EXPORT_RESERVE requested=1572864 free_before=1920344 largest_before=1900544 free_held=347476 largest_held=344064 pass=1
[13:09:15] TINYDRAW_GATE1_AUTOMATED_DONE stress=1 stress_100=1 stress_400=1 overlap_ready=1 overlap_cold=0 general_cold_ready=1 general_cold=0 workload=1 paced_cold=1 hard_100=1 hard_400=1 pan_100=1 pan_400=1 pan_seq=1 pan_boundary=1 live_overlay=1 draw_fill=1 cache=1 full_world_cache=1 cache_tour=1 mixed_draw=0 idle_repair=1 hairline_capacity=1 long_gesture=1 export_encode=1 export_reserve=1 return=1 ssaa_receipt=yellow
[13:09:15] TINYDRAW_VECTOR_V2_GATE_HARNESS_DONE pass=0
[13:09:15] I (69785) main_task: Returned from app_main()
