[12:37:11] ESP-ROM:esp32s3-20210327
[12:37:11] Build:Mar 27 2021
[12:37:11] rst:0x15 (USB_UART_CHIP_RESET),boot:0x2b (SPI_FAST_FLASH_BOOT)
[12:37:11] Saved PC:0x420086f3
[12:37:11] SPIWP:0xee
[12:37:11] mode:DIO, clock div:1
[12:37:11] load:0x3fce2820,len:0x1664
[12:37:11] load:0x403c8700,len:0xf38
[12:37:11] load:0x403cb700,len:0x31e8
[12:37:11] entry 0x403c8930
[12:37:11] I (24) boot: ESP-IDF v6.0.2 2nd stage bootloader
[12:37:11] I (24) boot: compile time Aug 16 2026 12:36:55
[12:37:11] I (25) boot: Multicore bootloader
[12:37:11] I (25) boot: chip revision: v0.2
[12:37:11] I (28) boot: efuse block revision: v1.3
[12:37:11] I (31) qio_mode: Enabling default flash chip QIO
[12:37:11] I (36) boot.esp32s3: Boot SPI Speed : 80MHz
[12:37:11] I (39) boot.esp32s3: SPI Mode       : QIO
[12:37:11] I (43) boot.esp32s3: SPI Flash Size : 16MB
[12:37:11] I (47) boot: Enabling RNG early entropy source...
[12:37:11] I (51) boot: Partition Table:
[12:37:11] I (54) boot: ## Label            Usage          Type ST Offset   Length
[12:37:11] I (60) boot:  0 nvs              WiFi data        01 02 00009000 00006000
[12:37:11] I (67) boot:  1 phy_init         RF data          01 01 0000f000 00001000
[12:37:11] I (73) boot:  2 factory          factory app      00 00 00010000 00100000
[12:37:11] I (80) boot:  3 drawing          Unknown data     01 40 00110000 00300000
[12:37:11] I (86) boot:  4 export           Unknown data     01 41 00410000 00500000
[12:37:11] I (93) boot:  5 coredump         Unknown data     01 03 00910000 00010000
[12:37:11] I (100) boot: End of partition table
[12:37:11] I (103) esp_image: segment 0: paddr=00010020 vaddr=3c050020 size=1491ch ( 84252) map
[12:37:11] I (123) esp_image: segment 1: paddr=00024944 vaddr=3fc94500 size=03764h ( 14180) load
[12:37:11] I (126) esp_image: segment 2: paddr=000280b0 vaddr=40374000 size=07f68h ( 32616) load
[12:37:11] I (134) esp_image: segment 3: paddr=00030020 vaddr=42000020 size=4b288h (307848) map
[12:37:11] I (182) esp_image: segment 4: paddr=0007b2b0 vaddr=4037bf68 size=08558h ( 34136) load
[12:37:11] I (190) esp_image: segment 5: paddr=00083810 vaddr=50000000 size=00024h (    36) load
[12:37:11] I (197) boot: Loaded app from partition at offset 0x10000
[12:37:11] I (197) boot: Disabling RNG early entropy source...
[12:37:11] I (208) octal_psram: vendor id    : 0x0d (AP)
[12:37:11] I (208) octal_psram: dev id       : 0x02 (generation 3)
[12:37:11] I (208) octal_psram: density      : 0x03 (64 Mbit)
[12:37:11] I (210) octal_psram: good-die     : 0x01 (Pass)
[12:37:11] I (214) octal_psram: Latency      : 0x01 (Fixed)
[12:37:11] I (219) octal_psram: VCC          : 0x01 (3V)
[12:37:11] I (223) octal_psram: SRF          : 0x01 (Fast Refresh)
[12:37:11] I (228) octal_psram: BurstType    : 0x01 (Hybrid Wrap)
[12:37:11] I (232) octal_psram: BurstLen     : 0x01 (32 Byte)
[12:37:11] I (237) octal_psram: Readlatency  : 0x02 (10 cycles@Fixed)
[12:37:11] I (242) octal_psram: DriveStrength: 0x00 (1/1)
[12:37:11] I (246) MSPI Timing: Enter psram timing tuning
[12:37:11] I (251) esp_psram: Found 8MB PSRAM device
[12:37:11] I (254) esp_psram: Speed: 80MHz
[12:37:11] I (257) cpu_start: Multicore app
[12:37:11] I (673) esp_psram: SPI SRAM memory test OK
[12:37:11] I (681) cpu_start: GPIO 44 and 43 are used as console UART I/O pins
[12:37:11] I (682) cpu_start: Pro cpu start user code
[12:37:11] I (682) cpu_start: cpu freq: 240000000 Hz
[12:37:11] I (684) app_init: Application information:
[12:37:11] I (688) app_init: Project name:     tinydraw_esp32
[12:37:11] I (692) app_init: App version:      ed23f9d-dirty
[12:37:11] I (696) app_init: Compile time:     Aug 16 2026 12:36:49
[12:37:11] I (702) app_init: ELF file SHA256:  c37c03f2f...
[12:37:11] I (706) app_init: ESP-IDF:          v6.0.2
[12:37:11] I (710) efuse_init: Min chip rev:     v0.0
[12:37:11] I (713) efuse_init: Max chip rev:     v0.99 
[12:37:11] I (717) efuse_init: Chip rev:         v0.2
[12:37:11] I (721) heap_init: Initializing. RAM available for dynamic allocation:
[12:37:11] I (728) heap_init: At 3FC99090 len 00050680 (321 KiB): RAM
[12:37:11] I (733) heap_init: At 3FCE9710 len 00005724 (21 KiB): RAM
[12:37:11] I (738) heap_init: At 3FCF0000 len 00008000 (32 KiB): DRAM
[12:37:11] I (743) heap_init: At 600FE000 len 00001FE8 (7 KiB): RTCRAM
[12:37:11] I (749) esp_psram: Adding pool of 8192K of PSRAM memory to heap allocator
[12:37:11] I (755) spi_flash: detected chip: generic
[12:37:11] I (759) spi_flash: flash io: qio
[12:37:11] I (762) sleep_gpio: Configure to isolate all GPIO pins in sleep state
[12:37:11] I (768) sleep_gpio: Enable automatic switching of GPIO sleep configuration
[12:37:11] I (775) main_task: Started on CPU0
[12:37:11] I (778) main_task: Calling app_main()
[12:37:11] TINYDRAW_PRODUCER_SCRATCH supertask_internal=1 packed_internal=1 free_internal=319136 free_psram=1921932
[12:37:11] TINYDRAW_PANEL_HARD_RESET=1
[12:37:11] TINYDRAW_PANEL_TRANSPORT requested_clock_mhz=50 effective_clock_mhz=40
[12:37:11] I (983) co5300: version: 2.1.0
[12:37:11] I (983) co5300_spi: LCD panel create success, version: 2.1.0
[12:37:11] W (1068) co5300_spi: The 3Ah command has been used and will be overwritten by external initialization sequence
[12:37:11] I (1169) CST816S: IC id: 183
[12:37:11] TINYDRAW_VECTOR_V2_PRESENTATION experiment=boundary-top-sweep te_edge=rising requested_clock_mhz=50 effective_clock_mhz=40 optical_acceptance=external_manual
[12:37:12] TINYDRAW_LIVE_PRESENT kind=startup zoom=25 x=0 y=0 compose_us=26131 scroll_us=0 exposed_compose_us=0 chrome_us=17081 chrome_prepare_us=11947 chrome_stage_us=5134 read_submit_us=0 read_complete_us=0 transfer_wait_us=21157 tile_pixels=0 uniform_pixels=0 overview_pixels=164864 fallback_pixels=0 resident_tiles=0 fallback_tiles=0 pushes=11 tear_wait_us=212 tear_edge_isr_to_resume_us=23 tear_edge_observed=1 tear_edge_wait_resumed=1 tear_edge_timeout=0 tear_heal_attempted=0 tear_heal_command_sent=0 presentation_experiment=boundary-top-sweep te_edge=rising requested_clock_mhz=50 effective_clock_mhz=40 frame_reused=0 pass=1
[12:37:12] TINYDRAW_LIVE_STRESS operations=1000 samples=20000 total_us=649600 average_us=649 maximum_us=954 free_psram=1920344 largest_psram=1900544
[12:37:13] TINYDRAW_LIVE_PRESENT kind=gate_fallback zoom=100 x=0 y=0 compose_us=16270 scroll_us=0 exposed_compose_us=0 chrome_us=11071 chrome_prepare_us=6636 chrome_stage_us=4435 read_submit_us=39761 read_complete_us=43232 transfer_wait_us=21028 tile_pixels=0 uniform_pixels=0 overview_pixels=0 fallback_pixels=164864 resident_tiles=0 fallback_tiles=42 pushes=11 tear_wait_us=16716 tear_edge_isr_to_resume_us=9 tear_edge_observed=1 tear_edge_wait_resumed=1 tear_edge_timeout=0 tear_heal_attempted=0 tear_heal_command_sent=0 presentation_experiment=boundary-top-sweep te_edge=rising requested_clock_mhz=50 effective_clock_mhz=40 frame_reused=0 pass=1
[12:37:13] TINYDRAW_GATE1_HARD zoom=100 cold=1 operations=1000 samples=20000 steps=196 tiles=42 scanned=12000 rendered=3168 max_supertask_us=8954 presentation_us=72671 total_us=318333 maximum_wall_us=500000 pass=1
[12:37:13] TINYDRAW_LIVE_PRESENT kind=gate_fallback zoom=400 x=0 y=0 compose_us=15818 scroll_us=0 exposed_compose_us=0 chrome_us=6514 chrome_prepare_us=2244 chrome_stage_us=4270 read_submit_us=26857 read_complete_us=30546 transfer_wait_us=20483 tile_pixels=0 uniform_pixels=0 overview_pixels=0 fallback_pixels=164864 resident_tiles=0 fallback_tiles=42 pushes=11 tear_wait_us=8645 tear_edge_isr_to_resume_us=17 tear_edge_observed=1 tear_edge_wait_resumed=1 tear_edge_timeout=0 tear_heal_attempted=0 tear_heal_command_sent=0 presentation_experiment=boundary-top-sweep te_edge=rising requested_clock_mhz=50 effective_clock_mhz=40 frame_reused=0 pass=1
[12:37:13] TINYDRAW_GATE1_HARD zoom=400 cold=1 operations=1000 samples=20000 steps=200 tiles=42 scanned=12000 rendered=222 max_supertask_us=6839 presentation_us=69888 total_us=204953 maximum_wall_us=500000 pass=1
[12:37:14] TINYDRAW_OVERLAP_WORKLOAD operations=8 samples=1200 radius_world=80
[12:37:14] TINYDRAW_GATE1_PACED_COLD corpus=overlap zoom=50 x=215 y=255 steps=650 tiles=56 compute_us=577122 present_us=87606 touch_us=988 pacing_us=17237 wall_us=682953 maximum_wall_us=500000 max_tick_us=10019 touch_samples=2856 touch_interval_max_us=1918 touch_read_max_us=597 touch_events=0 touch_down=0 touch_up=0 touch_events_ge_8ms=0 touch_event_age_max_us=0 touch_errors=0 touch_overflows=0 pass=0
[12:37:15] TINYDRAW_GATE1_PACED_COLD corpus=overlap zoom=100 x=583 y=703 steps=319 tiles=48 compute_us=316970 present_us=86355 touch_us=610 pacing_us=10041 wall_us=413976 maximum_wall_us=500000 max_tick_us=10525 touch_samples=486 touch_interval_max_us=1477 touch_read_max_us=426 touch_events=0 touch_down=0 touch_up=0 touch_events_ge_8ms=0 touch_event_age_max_us=0 touch_errors=0 touch_overflows=0 pass=1
[12:37:15] TINYDRAW_GATE1_PACED_COLD corpus=overlap zoom=200 x=1319 y=1599 steps=231 tiles=56 compute_us=282292 present_us=85921 touch_us=544 pacing_us=7219 wall_us=375976 maximum_wall_us=500000 max_tick_us=10188 touch_samples=449 touch_interval_max_us=1135 touch_read_max_us=458 touch_events=0 touch_down=0 touch_up=0 touch_events_ge_8ms=0 touch_event_age_max_us=0 touch_errors=0 touch_overflows=0 pass=1
[12:37:16] TINYDRAW_GATE1_PACED_COLD corpus=overlap zoom=400 x=2791 y=3391 steps=160 tiles=56 compute_us=239614 present_us=81659 touch_us=465 pacing_us=7242 wall_us=328980 maximum_wall_us=500000 max_tick_us=9333 touch_samples=406 touch_interval_max_us=1139 touch_read_max_us=435 touch_events=0 touch_down=0 touch_up=0 touch_events_ge_8ms=0 touch_event_age_max_us=0 touch_errors=0 touch_overflows=0 pass=1
[12:37:16] TINYDRAW_ADVERSARIAL_TAPERED_WORKLOAD operations=128 samples=4096 erasers=12 load_us=183732 appended=1
[12:37:17] TINYDRAW_GENERAL_COLD_WORKLOAD operations=910 samples=12157 hairline_operations=782 hairline_samples=8061 hairline_load_us=1020684 appended=1
[12:37:17] TINYDRAW_GATE1_PACED_COLD corpus=adversarial_tapered_4x+evil_hairlines zoom=50 x=0 y=0 steps=417 tiles=42 compute_us=500199 present_us=72044 touch_us=821 pacing_us=13889 wall_us=586953 maximum_wall_us=500000 max_tick_us=8550 touch_samples=1901 touch_interval_max_us=1972 touch_read_max_us=498 touch_events=0 touch_down=0 touch_up=0 touch_events_ge_8ms=0 touch_event_age_max_us=0 touch_errors=0 touch_overflows=0 pass=0
[12:37:18] TINYDRAW_GATE1_PACED_COLD corpus=adversarial_tapered_4x+evil_hairlines zoom=100 x=0 y=0 steps=814 tiles=42 compute_us=603172 present_us=70937 touch_us=1010 pacing_us=18241 wall_us=693360 maximum_wall_us=500000 max_tick_us=8492 touch_samples=760 touch_interval_max_us=1147 touch_read_max_us=445 touch_events=0 touch_down=0 touch_up=0 touch_events_ge_8ms=0 touch_event_age_max_us=0 touch_errors=0 touch_overflows=0 pass=0
[12:37:19] TINYDRAW_GATE1_PACED_COLD corpus=adversarial_tapered_4x+evil_hairlines zoom=200 x=0 y=0 steps=1442 tiles=42 compute_us=792317 present_us=67895 touch_us=1366 pacing_us=25543 wall_us=887121 maximum_wall_us=500000 max_tick_us=8525 touch_samples=967 touch_interval_max_us=1138 touch_read_max_us=431 touch_events=0 touch_down=0 touch_up=0 touch_events_ge_8ms=0 touch_event_age_max_us=0 touch_errors=0 touch_overflows=0 pass=0
[12:37:20] TINYDRAW_GATE1_PACED_COLD corpus=adversarial_tapered_4x+evil_hairlines zoom=400 x=0 y=0 steps=1184 tiles=42 compute_us=756050 present_us=65624 touch_us=1298 pacing_us=22093 wall_us=845065 maximum_wall_us=500000 max_tick_us=8020 touch_samples=914 touch_interval_max_us=1142 touch_read_max_us=435 touch_events=0 touch_down=0 touch_up=0 touch_events_ge_8ms=0 touch_event_age_max_us=0 touch_errors=0 touch_overflows=0 pass=0
[12:37:21] TINYDRAW_GATE1_WORKLOAD kind=realistic seed=7 operations=1000 samples=19844 maximum_stroke=198 load_us=500495 raw_source=1 lod_copies=0
[12:37:21] TINYDRAW_GATE1_PACED_COLD corpus=seed7 zoom=400 x=63 y=63 steps=326 tiles=56 compute_us=285396 present_us=86966 touch_us=490 pacing_us=8125 wall_us=380977 maximum_wall_us=500000 max_tick_us=10673 touch_samples=1080 touch_interval_max_us=1920 touch_read_max_us=509 touch_events=0 touch_down=0 touch_up=0 touch_events_ge_8ms=0 touch_event_age_max_us=0 touch_errors=0 touch_overflows=0 pass=1
[12:37:21] TINYDRAW_LIVE_PRESENT kind=gate_fallback zoom=100 x=0 y=0 compose_us=16827 scroll_us=0 exposed_compose_us=0 chrome_us=6654 chrome_prepare_us=2218 chrome_stage_us=4436 read_submit_us=28509 read_complete_us=32181 transfer_wait_us=20436 tile_pixels=0 uniform_pixels=0 overview_pixels=0 fallback_pixels=164864 resident_tiles=0 fallback_tiles=42 pushes=11 tear_wait_us=9339 tear_edge_isr_to_resume_us=17 tear_edge_observed=1 tear_edge_wait_resumed=1 tear_edge_timeout=0 tear_heal_attempted=0 tear_heal_command_sent=0 presentation_experiment=boundary-top-sweep te_edge=rising requested_clock_mhz=50 effective_clock_mhz=40 frame_reused=0 pass=1
[12:37:22] TINYDRAW_GATE1_HARD zoom=100 cold=1 operations=1000 samples=19844 steps=387 tiles=42 scanned=12000 rendered=9976 max_supertask_us=7006 presentation_us=71020 total_us=465243 maximum_wall_us=500000 pass=1
[12:37:22] TINYDRAW_GATE1_OVERLAY_CANVAS regions=zoom,minimap,toolbar,battery operations=4 presentation_mutations=0 authority=1 pass=1
[12:37:22] TINYDRAW_GATE1_LIVE_OVERLAY clear_updates=48 clear_wall_max_us=3937 clear_submit_max_us=2159 clear_complete_max_us=3071 overlay_updates=48 overlay_wall_max_us=3913 overlay_submit_max_us=2076 overlay_complete_max_us=3171 overlay_chrome_max_us=229 clear_failures=0 overlay_failures=0 pass=1
[12:37:22] TINYDRAW_EDGE_INK corners=4 edge_failures=0 pass=1
[12:37:23] TINYDRAW_GATE1_PAN zoom=100 from_x=0 from_y=0 to_x=88 to_y=88 compose_us=16062 scroll_us=13 exposed_compose_us=16049 chrome_us=2399 event_submit_us=30091 event_complete_us=33374 transfer_us=16918 setup=1 present=1 moved=1 frame_reused=1 pass=1
[12:37:23] TINYDRAW_LIVE_PRESENT kind=gate_fallback zoom=400 x=0 y=0 compose_us=15949 scroll_us=0 exposed_compose_us=0 chrome_us=6492 chrome_prepare_us=2227 chrome_stage_us=4265 read_submit_us=22986 read_complete_us=26649 transfer_wait_us=20467 tile_pixels=0 uniform_pixels=0 overview_pixels=0 fallback_pixels=164864 resident_tiles=0 fallback_tiles=42 pushes=11 tear_wait_us=4662 tear_edge_isr_to_resume_us=13 tear_edge_observed=1 tear_edge_wait_resumed=1 tear_edge_timeout=0 tear_heal_attempted=0 tear_heal_command_sent=0 presentation_experiment=boundary-top-sweep te_edge=rising requested_clock_mhz=50 effective_clock_mhz=40 frame_reused=0 pass=1
[12:37:23] TINYDRAW_GATE1_HARD zoom=400 cold=1 operations=1008 samples=19852 steps=249 tiles=42 scanned=12096 rendered=1034 max_supertask_us=9617 presentation_us=69840 total_us=278188 maximum_wall_us=500000 pass=1
[12:37:24] TINYDRAW_GATE1_PAN zoom=400 from_x=0 from_y=0 to_x=88 to_y=88 compose_us=15991 scroll_us=13 exposed_compose_us=15978 chrome_us=2259 event_submit_us=29625 event_complete_us=32912 transfer_us=16389 setup=1 present=1 moved=1 frame_reused=1 pass=1
[12:37:28] TINYDRAW_PANSEQ_FRAME zoom=100 step=0 dx=24 dy=18 scroll_us=13 exposed_compose_us=4841 chrome_us=2406 tear_wait_us=7374 present_us=16622 prepare_us=11059 acquire_wait_us=30 ring_copy_us=8626 patch_us=2421 byte_swap_us=12 staging_us=3904 event_submit_us=12357 event_complete_us=15631 frame_us=28969 tear_edge_observed=1 frame_reused=1 pass=1
[12:37:28] TINYDRAW_PANSEQ_FRAME zoom=100 step=1 dx=24 dy=18 scroll_us=13 exposed_compose_us=4887 chrome_us=2409 tear_wait_us=11860 present_us=16028 prepare_us=11099 acquire_wait_us=26 ring_copy_us=8667 patch_us=2421 byte_swap_us=11 staging_us=3893 event_submit_us=16905 event_complete_us=20166 frame_us=32918 tear_edge_observed=1 frame_reused=1 pass=1
[12:37:28] TINYDRAW_PANSEQ_FRAME zoom=100 step=2 dx=24 dy=18 scroll_us=12 exposed_compose_us=4556 chrome_us=2467 tear_wait_us=12801 present_us=16440 prepare_us=11195 acquire_wait_us=39 ring_copy_us=8690 patch_us=2493 byte_swap_us=12 staging_us=3832 event_submit_us=17497 event_complete_us=20789 frame_us=33931 tear_edge_observed=1 frame_reused=1 pass=1
[12:37:28] TINYDRAW_PANSEQ_FRAME zoom=100 step=3 dx=24 dy=18 scroll_us=12 exposed_compose_us=5135 chrome_us=2424 tear_wait_us=11819 present_us=16841 prepare_us=11100 acquire_wait_us=23 ring_copy_us=8645 patch_us=2435 byte_swap_us=20 staging_us=3929 event_submit_us=17093 event_complete_us=20400 frame_us=33925 tear_edge_observed=1 frame_reused=1 pass=1
[12:37:28] TINYDRAW_PANSEQ_FRAME zoom=100 step=4 dx=24 dy=18 scroll_us=13 exposed_compose_us=4620 chrome_us=2402 tear_wait_us=11941 present_us=16230 prepare_us=11189 acquire_wait_us=30 ring_copy_us=8770 patch_us=2408 byte_swap_us=11 staging_us=3844 event_submit_us=16706 event_complete_us=19992 frame_us=32930 tear_edge_observed=1 frame_reused=1 pass=1
[12:37:28] TINYDRAW_PANSEQ_FRAME zoom=100 step=5 dx=24 dy=18 scroll_us=12 exposed_compose_us=4910 chrome_us=2402 tear_wait_us=12243 present_us=16643 prepare_us=11012 acquire_wait_us=39 ring_copy_us=8591 patch_us=2411 byte_swap_us=10 staging_us=3977 event_submit_us=17292 event_complete_us=20564 frame_us=33924 tear_edge_observed=1 frame_reused=1 pass=1
[12:37:28] TINYDRAW_PANSEQ_FRAME zoom=100 step=6 dx=24 dy=18 scroll_us=12 exposed_compose_us=4542 chrome_us=2409 tear_wait_us=12205 present_us=16038 prepare_us=11147 acquire_wait_us=27 ring_copy_us=8715 patch_us=2419 byte_swap_us=13 staging_us=3869 event_submit_us=16906 event_complete_us=20179 frame_us=32930 tear_edge_observed=1 frame_reused=1 pass=1
[12:37:28] TINYDRAW_PANSEQ_FRAME zoom=100 step=7 dx=24 dy=18 scroll_us=12 exposed_compose_us=5031 chrome_us=2486 tear_wait_us=12345 present_us=16420 prepare_us=11144 acquire_wait_us=24 ring_copy_us=8637 patch_us=2498 byte_swap_us=9 staging_us=3863 event_submit_us=17516 event_complete_us=20791 frame_us=33924 tear_edge_observed=1 frame_reused=1 pass=1
[12:37:28] TINYDRAW_PANSEQ_FRAME zoom=100 step=8 dx=24 dy=18 scroll_us=12 exposed_compose_us=5034 chrome_us=2448 tear_wait_us=11957 present_us=16815 prepare_us=11156 acquire_wait_us=26 ring_copy_us=8684 patch_us=2461 byte_swap_us=11 staging_us=3879 event_submit_us=17129 event_complete_us=20440 frame_us=33938 tear_edge_observed=1 frame_reused=1 pass=1
[12:37:28] TINYDRAW_PANSEQ_FRAME zoom=100 step=9 dx=24 dy=18 scroll_us=12 exposed_compose_us=4937 chrome_us=2403 tear_wait_us=11646 present_us=16207 prepare_us=11098 acquire_wait_us=23 ring_copy_us=8670 patch_us=2417 byte_swap_us=11 staging_us=3914 event_submit_us=16720 event_complete_us=19996 frame_us=32917 tear_edge_observed=1 frame_reused=1 pass=1
[12:37:28] TINYDRAW_PANSEQ_FRAME zoom=100 step=10 dx=24 dy=18 scroll_us=12 exposed_compose_us=4601 chrome_us=2425 tear_wait_us=12557 present_us=16618 prepare_us=11035 acquire_wait_us=29 ring_copy_us=8599 patch_us=2424 byte_swap_us=12 staging_us=3936 event_submit_us=17321 event_complete_us=20585 frame_us=33931 tear_edge_observed=1 frame_reused=1 pass=1
[12:37:28] TINYDRAW_PANSEQ_FRAME zoom=100 step=11 dx=24 dy=18 scroll_us=27 exposed_compose_us=5392 chrome_us=2426 tear_wait_us=11371 present_us=16014 prepare_us=11098 acquire_wait_us=23 ring_copy_us=8651 patch_us=2437 byte_swap_us=10 staging_us=3900 event_submit_us=16926 event_complete_us=20187 frame_us=32923 tear_edge_observed=1 frame_reused=1 pass=1
[12:37:28] TINYDRAW_PANSEQ_FRAME zoom=100 step=12 dx=24 dy=18 scroll_us=12 exposed_compose_us=4781 chrome_us=2463 tear_wait_us=12613 present_us=16407 prepare_us=11159 acquire_wait_us=31 ring_copy_us=8658 patch_us=2489 byte_swap_us=12 staging_us=3843 event_submit_us=17531 event_complete_us=20806 frame_us=33931 tear_edge_observed=1 frame_reused=1 pass=1
[12:37:28] TINYDRAW_PANSEQ_FRAME zoom=100 step=13 dx=24 dy=18 scroll_us=12 exposed_compose_us=4993 chrome_us=2444 tear_wait_us=12000 present_us=16814 prepare_us=11113 acquire_wait_us=21 ring_copy_us=8641 patch_us=2461 byte_swap_us=11 staging_us=3922 event_submit_us=17130 event_complete_us=20438 frame_us=33934 tear_edge_observed=1 frame_reused=1 pass=1
[12:37:28] TINYDRAW_PANSEQ_FRAME zoom=100 step=14 dx=24 dy=18 scroll_us=13 exposed_compose_us=4767 chrome_us=2418 tear_wait_us=11825 present_us=16194 prepare_us=11185 acquire_wait_us=23 ring_copy_us=8740 patch_us=2433 byte_swap_us=12 staging_us=3830 event_submit_us=16733 event_complete_us=20017 frame_us=32921 tear_edge_observed=1 frame_reused=1 pass=1
[12:37:28] TINYDRAW_PANSEQ_FRAME zoom=100 step=15 dx=24 dy=18 scroll_us=12 exposed_compose_us=5107 chrome_us=2420 tear_wait_us=12102 present_us=16585 prepare_us=10973 acquire_wait_us=23 ring_copy_us=8530 patch_us=2432 byte_swap_us=11 staging_us=3990 event_submit_us=17351 event_complete_us=20620 frame_us=33924 tear_edge_observed=1 frame_reused=1 pass=1
[12:37:28] TINYDRAW_PANSEQ_FRAME zoom=100 step=16 dx=72 dy=54 scroll_us=12 exposed_compose_us=13092 chrome_us=2405 tear_wait_us=3735 present_us=15978 prepare_us=11126 acquire_wait_us=23 ring_copy_us=8703 patch_us=2414 byte_swap_us=9 staging_us=3871 event_submit_us=16967 event_complete_us=20229 frame_us=32939 tear_edge_observed=1 frame_reused=1 pass=1
[12:37:28] TINYDRAW_PANSEQ_FRAME zoom=100 step=17 dx=72 dy=54 scroll_us=12 exposed_compose_us=12898 chrome_us=2440 tear_wait_us=4527 present_us=16363 prepare_us=11108 acquire_wait_us=25 ring_copy_us=8648 patch_us=2452 byte_swap_us=8 staging_us=3888 event_submit_us=17562 event_complete_us=20826 frame_us=33915 tear_edge_observed=1 frame_reused=1 pass=1
[12:37:28] TINYDRAW_PANSEQ_FRAME zoom=100 step=18 dx=72 dy=54 scroll_us=12 exposed_compose_us=12189 chrome_us=2425 tear_wait_us=4838 present_us=16768 prepare_us=11140 acquire_wait_us=28 ring_copy_us=8694 patch_us=2434 byte_swap_us=12 staging_us=3903 event_submit_us=17169 event_complete_us=20473 frame_us=33942 tear_edge_observed=1 frame_reused=1 pass=1
[12:37:28] TINYDRAW_PANSEQ_FRAME zoom=100 step=19 dx=72 dy=54 scroll_us=12 exposed_compose_us=12361 chrome_us=2397 tear_wait_us=4239 present_us=16177 prepare_us=11081 acquire_wait_us=28 ring_copy_us=8667 patch_us=2404 byte_swap_us=10 staging_us=3902 event_submit_us=16748 event_complete_us=20012 frame_us=32913 tear_edge_observed=1 frame_reused=1 pass=1
[12:37:28] TINYDRAW_PANSEQ_FRAME zoom=100 step=20 dx=-72 dy=-54 scroll_us=12 exposed_compose_us=13220 chrome_us=2410 tear_wait_us=3991 present_us=16585 prepare_us=11024 acquire_wait_us=26 ring_copy_us=8591 patch_us=2422 byte_swap_us=11 staging_us=3946 event_submit_us=17350 event_complete_us=20617 frame_us=33928 tear_edge_observed=1 frame_reused=1 pass=1
[12:37:28] TINYDRAW_PANSEQ_FRAME zoom=100 step=21 dx=-72 dy=-54 scroll_us=12 exposed_compose_us=13020 chrome_us=2417 tear_wait_us=3770 present_us=16002 prepare_us=11094 acquire_wait_us=28 ring_copy_us=8655 patch_us=2428 byte_swap_us=11 staging_us=3894 event_submit_us=16933 event_complete_us=20188 frame_us=32923 tear_edge_observed=1 frame_reused=1 pass=1
[12:37:28] TINYDRAW_PANSEQ_FRAME zoom=100 step=22 dx=-72 dy=-54 scroll_us=12 exposed_compose_us=13016 chrome_us=2459 tear_wait_us=4346 present_us=16433 prepare_us=11126 acquire_wait_us=27 ring_copy_us=8643 patch_us=2472 byte_swap_us=11 staging_us=3867 event_submit_us=17502 event_complete_us=20771 frame_us=33928 tear_edge_observed=1 frame_reused=1 pass=1
[12:37:28] TINYDRAW_PANSEQ_FRAME zoom=100 step=23 dx=-72 dy=-54 scroll_us=12 exposed_compose_us=12534 chrome_us=2421 tear_wait_us=4413 present_us=16846 prepare_us=11063 acquire_wait_us=27 ring_copy_us=8621 patch_us=2431 byte_swap_us=11 staging_us=3953 event_submit_us=17089 event_complete_us=20382 frame_us=33925 tear_edge_observed=1 frame_reused=1 pass=1
[12:37:28] TINYDRAW_PANSEQ_STRIP zoom=100 strip=0 panel_y=0 rows=44 samples=24 staging_mean_us=1419 staging_max_us=1462 wire_budget_us=1619 over_budget_us=0 pass=1
[12:37:28] TINYDRAW_PANSEQ_STRIP zoom=100 strip=1 panel_y=44 rows=44 samples=24 staging_mean_us=1253 staging_max_us=1278 wire_budget_us=1619 over_budget_us=0 pass=1
[12:37:28] TINYDRAW_PANSEQ_STRIP zoom=100 strip=2 panel_y=88 rows=44 samples=24 staging_mean_us=1219 staging_max_us=1236 wire_budget_us=1619 over_budget_us=0 pass=1
[12:37:28] TINYDRAW_PANSEQ_STRIP zoom=100 strip=3 panel_y=132 rows=44 samples=24 staging_mean_us=1219 staging_max_us=1231 wire_budget_us=1619 over_budget_us=0 pass=1
[12:37:28] TINYDRAW_PANSEQ_STRIP zoom=100 strip=4 panel_y=176 rows=44 samples=24 staging_mean_us=1216 staging_max_us=1232 wire_budget_us=1619 over_budget_us=0 pass=1
[12:37:28] TINYDRAW_PANSEQ_STRIP zoom=100 strip=5 panel_y=220 rows=44 samples=24 staging_mean_us=1245 staging_max_us=1257 wire_budget_us=1619 over_budget_us=0 pass=1
[12:37:28] TINYDRAW_PANSEQ_STRIP zoom=100 strip=6 panel_y=264 rows=44 samples=24 staging_mean_us=1448 staging_max_us=1463 wire_budget_us=1619 over_budget_us=0 pass=1
[12:37:28] TINYDRAW_PANSEQ_STRIP zoom=100 strip=7 panel_y=308 rows=44 samples=24 staging_mean_us=1430 staging_max_us=1448 wire_budget_us=1619 over_budget_us=0 pass=1
[12:37:29] TINYDRAW_PANSEQ_STRIP zoom=100 strip=8 panel_y=352 rows=20 samples=24 staging_mean_us=680 staging_max_us=725 wire_budget_us=736 over_budget_us=0 pass=1
[12:37:29] TINYDRAW_GATE1_PANSEQ zoom=100 frames=24 scroll_avg_us=12 exposed_avg_us=7519 chrome_avg_us=2426 tear_wait_avg_us=9271 present_avg_us=16419 prepare_avg_us=11105 acquire_wait_avg_us=27 ring_copy_avg_us=8655 patch_avg_us=2438 byte_swap_avg_us=11 staging_avg_us=3897 frame_avg_us=33345 frame_p50_us=33924 frame_p95_us=33938 frame_max_us=33942 complete_p50_us=20400 complete_p95_us=20806 complete_max_us=20826 tear_edge_failures=0 presentation_experiment=boundary-top-sweep te_edge=rising requested_clock_mhz=50 effective_clock_mhz=40 chrome_bottom_redraws=0 chrome_battery_redraws=0 chrome_zoom_redraws=0 chrome_minimap_base_redraws=0 strip_samples=216 staging_mean_us=1236 staging_max_us=1463 worst_strip=8 worst_strip_y=352 worst_wire_budget_us=736 worst_headroom_us=11 staging_invariant=1 pacing_pass=1 all_reused=1 pass=1
[12:37:32] TINYDRAW_PANSEQ_FRAME zoom=400 step=0 dx=24 dy=18 scroll_us=12 exposed_compose_us=4793 chrome_us=2241 tear_wait_us=7668 present_us=16367 prepare_us=10966 acquire_wait_us=23 ring_copy_us=8705 patch_us=2250 byte_swap_us=11 staging_us=4009 event_submit_us=12611 event_complete_us=15889 frame_us=28970 tear_edge_observed=1 frame_reused=1 pass=1
[12:37:32] TINYDRAW_PANSEQ_FRAME zoom=400 step=1 dx=24 dy=18 scroll_us=11 exposed_compose_us=4812 chrome_us=2257 tear_wait_us=12199 present_us=16770 prepare_us=10946 acquire_wait_us=30 ring_copy_us=8671 patch_us=2263 byte_swap_us=12 staging_us=4116 event_submit_us=17161 event_complete_us=20479 frame_us=33930 tear_edge_observed=1 frame_reused=1 pass=1
[12:37:32] TINYDRAW_PANSEQ_FRAME zoom=400 step=2 dx=24 dy=18 scroll_us=11 exposed_compose_us=4411 chrome_us=2240 tear_wait_us=12189 present_us=16181 prepare_us=10985 acquire_wait_us=30 ring_copy_us=8723 patch_us=2251 byte_swap_us=11 staging_us=4012 event_submit_us=16742 event_complete_us=20018 frame_us=32917 tear_edge_observed=1 frame_reused=1 pass=1
[12:37:32] TINYDRAW_PANSEQ_FRAME zoom=400 step=3 dx=24 dy=18 scroll_us=11 exposed_compose_us=4878 chrome_us=2244 tear_wait_us=12330 present_us=16585 prepare_us=10805 acquire_wait_us=27 ring_copy_us=8543 patch_us=2253 byte_swap_us=9 staging_us=4184 event_submit_us=17352 event_complete_us=20640 frame_us=33924 tear_edge_observed=1 frame_reused=1 pass=1
[12:37:32] TINYDRAW_PANSEQ_FRAME zoom=400 step=4 dx=24 dy=18 scroll_us=11 exposed_compose_us=4400 chrome_us=2243 tear_wait_us=12406 present_us=16986 prepare_us=10983 acquire_wait_us=22 ring_copy_us=8723 patch_us=2250 byte_swap_us=10 staging_us=4033 event_submit_us=16948 event_complete_us=20228 frame_us=33928 tear_edge_observed=1 frame_reused=1 pass=1
[12:37:32] TINYDRAW_PANSEQ_FRAME zoom=400 step=5 dx=24 dy=18 scroll_us=11 exposed_compose_us=4689 chrome_us=2270 tear_wait_us=11704 present_us=16402 prepare_us=10928 acquire_wait_us=20 ring_copy_us=8622 patch_us=2294 byte_swap_us=12 staging_us=4068 event_submit_us=16533 event_complete_us=19810 frame_us=32923 tear_edge_observed=1 frame_reused=1 pass=1
[12:37:32] TINYDRAW_PANSEQ_FRAME zoom=400 step=6 dx=24 dy=18 scroll_us=11 exposed_compose_us=4580 chrome_us=2296 tear_wait_us=12371 present_us=16821 prepare_us=10993 acquire_wait_us=22 ring_copy_us=8697 patch_us=2281 byte_swap_us=15 staging_us=4060 event_submit_us=17114 event_complete_us=20436 frame_us=33927 tear_edge_observed=1 frame_reused=1 pass=1
[12:37:32] TINYDRAW_PANSEQ_FRAME zoom=400 step=7 dx=24 dy=18 scroll_us=11 exposed_compose_us=5158 chrome_us=2225 tear_wait_us=11407 present_us=16230 prepare_us=10980 acquire_wait_us=23 ring_copy_us=8729 patch_us=2240 byte_swap_us=11 staging_us=4046 event_submit_us=16708 event_complete_us=19989 frame_us=32927 tear_edge_observed=1 frame_reused=1 pass=1
[12:37:32] TINYDRAW_PANSEQ_FRAME zoom=400 step=8 dx=24 dy=18 scroll_us=11 exposed_compose_us=5256 chrome_us=2218 tear_wait_us=11875 present_us=16661 prepare_us=10876 acquire_wait_us=34 ring_copy_us=8638 patch_us=2227 byte_swap_us=11 staging_us=4135 event_submit_us=17274 event_complete_us=20574 frame_us=33925 tear_edge_observed=1 frame_reused=1 pass=1
[12:37:32] TINYDRAW_PANSEQ_FRAME zoom=400 step=9 dx=24 dy=18 scroll_us=11 exposed_compose_us=5170 chrome_us=2234 tear_wait_us=11533 present_us=16080 prepare_us=10965 acquire_wait_us=21 ring_copy_us=8707 patch_us=2245 byte_swap_us=13 staging_us=4036 event_submit_us=16858 event_complete_us=20140 frame_us=32925 tear_edge_observed=1 frame_reused=1 pass=1
[12:37:32] TINYDRAW_PANSEQ_FRAME zoom=400 step=10 dx=24 dy=18 scroll_us=11 exposed_compose_us=4896 chrome_us=2276 tear_wait_us=12402 present_us=16494 prepare_us=10951 acquire_wait_us=29 ring_copy_us=8654 patch_us=2287 byte_swap_us=10 staging_us=4040 event_submit_us=17453 event_complete_us=20728 frame_us=33927 tear_edge_observed=1 frame_reused=1 pass=1
[12:37:32] TINYDRAW_PANSEQ_FRAME zoom=400 step=11 dx=24 dy=18 scroll_us=11 exposed_compose_us=5730 chrome_us=2226 tear_wait_us=11143 present_us=16920 prepare_us=10899 acquire_wait_us=22 ring_copy_us=8653 patch_us=2236 byte_swap_us=10 staging_us=4115 event_submit_us=17016 event_complete_us=20300 frame_us=33924 tear_edge_observed=1 frame_reused=1 pass=1
[12:37:32] TINYDRAW_PANSEQ_FRAME zoom=400 step=12 dx=24 dy=18 scroll_us=11 exposed_compose_us=5017 chrome_us=2246 tear_wait_us=11442 present_us=16336 prepare_us=10991 acquire_wait_us=30 ring_copy_us=8726 patch_us=2254 byte_swap_us=11 staging_us=4046 event_submit_us=16598 event_complete_us=19898 frame_us=32926 tear_edge_observed=1 frame_reused=1 pass=1
[12:37:32] TINYDRAW_PANSEQ_FRAME zoom=400 step=13 dx=24 dy=18 scroll_us=11 exposed_compose_us=5310 chrome_us=2249 tear_wait_us=11722 present_us=16754 prepare_us=10928 acquire_wait_us=23 ring_copy_us=8661 patch_us=2255 byte_swap_us=12 staging_us=4111 event_submit_us=17184 event_complete_us=20491 frame_us=33936 tear_edge_observed=1 frame_reused=1 pass=1
[12:37:32] TINYDRAW_PANSEQ_FRAME zoom=400 step=14 dx=24 dy=18 scroll_us=11 exposed_compose_us=5020 chrome_us=2235 tear_wait_us=11601 present_us=16164 prepare_us=10964 acquire_wait_us=26 ring_copy_us=8707 patch_us=2245 byte_swap_us=12 staging_us=4032 event_submit_us=16759 event_complete_us=20041 frame_us=32916 tear_edge_observed=1 frame_reused=1 pass=1
[12:37:32] TINYDRAW_PANSEQ_FRAME zoom=400 step=15 dx=24 dy=18 scroll_us=11 exposed_compose_us=5384 chrome_us=2254 tear_wait_us=11819 present_us=16584 prepare_us=10794 acquire_wait_us=31 ring_copy_us=8531 patch_us=2255 byte_swap_us=8 staging_us=4175 event_submit_us=17355 event_complete_us=20636 frame_us=33925 tear_edge_observed=1 frame_reused=1 pass=1
[12:37:32] TINYDRAW_PANSEQ_FRAME zoom=400 step=16 dx=72 dy=54 scroll_us=11 exposed_compose_us=13867 chrome_us=2250 tear_wait_us=2939 present_us=15989 prepare_us=10952 acquire_wait_us=26 ring_copy_us=8681 patch_us=2260 byte_swap_us=11 staging_us=4051 event_submit_us=16948 event_complete_us=20209 frame_us=32932 tear_edge_observed=1 frame_reused=1 pass=1
[12:37:32] TINYDRAW_PANSEQ_FRAME zoom=400 step=17 dx=72 dy=54 scroll_us=11 exposed_compose_us=13537 chrome_us=2268 tear_wait_us=3849 present_us=16404 prepare_us=10904 acquire_wait_us=22 ring_copy_us=8599 patch_us=2294 byte_swap_us=11 staging_us=4069 event_submit_us=17529 event_complete_us=20781 frame_us=33920 tear_edge_observed=1 frame_reused=1 pass=1
[12:37:32] TINYDRAW_PANSEQ_FRAME zoom=400 step=18 dx=72 dy=54 scroll_us=11 exposed_compose_us=13582 chrome_us=2267 tear_wait_us=3380 present_us=16819 prepare_us=10969 acquire_wait_us=27 ring_copy_us=8696 patch_us=2261 byte_swap_us=12 staging_us=4044 event_submit_us=17116 event_complete_us=20414 frame_us=33927 tear_edge_observed=1 frame_reused=1 pass=1
[12:37:32] TINYDRAW_PANSEQ_FRAME zoom=400 step=19 dx=72 dy=54 scroll_us=11 exposed_compose_us=14391 chrome_us=2237 tear_wait_us=2173 present_us=16228 prepare_us=10934 acquire_wait_us=25 ring_copy_us=8665 patch_us=2257 byte_swap_us=12 staging_us=4063 event_submit_us=16709 event_complete_us=19959 frame_us=32925 tear_edge_observed=1 frame_reused=1 pass=1
[12:37:32] TINYDRAW_PANSEQ_FRAME zoom=400 step=20 dx=-72 dy=-54 scroll_us=12 exposed_compose_us=13979 chrome_us=2210 tear_wait_us=3164 present_us=16650 prepare_us=10866 acquire_wait_us=27 ring_copy_us=8637 patch_us=2219 byte_swap_us=10 staging_us=4119 event_submit_us=17285 event_complete_us=20557 frame_us=33926 tear_edge_observed=1 frame_reused=1 pass=1
[12:37:32] TINYDRAW_PANSEQ_FRAME zoom=400 step=21 dx=-72 dy=-54 scroll_us=11 exposed_compose_us=13647 chrome_us=2226 tear_wait_us=3060 present_us=16072 prepare_us=10953 acquire_wait_us=23 ring_copy_us=8703 patch_us=2235 byte_swap_us=15 staging_us=4034 event_submit_us=16866 event_complete_us=20135 frame_us=32924 tear_edge_observed=1 frame_reused=1 pass=1
[12:37:32] TINYDRAW_PANSEQ_FRAME zoom=400 step=22 dx=-72 dy=-54 scroll_us=11 exposed_compose_us=13556 chrome_us=2273 tear_wait_us=3748 present_us=16480 prepare_us=10927 acquire_wait_us=22 ring_copy_us=8637 patch_us=2280 byte_swap_us=10 staging_us=4067 event_submit_us=17463 event_complete_us=20725 frame_us=33928 tear_edge_observed=1 frame_reused=1 pass=1
[12:37:32] TINYDRAW_PANSEQ_FRAME zoom=400 step=23 dx=-72 dy=-54 scroll_us=11 exposed_compose_us=12658 chrome_us=2225 tear_wait_us=4235 present_us=16898 prepare_us=10867 acquire_wait_us=23 ring_copy_us=8620 patch_us=2236 byte_swap_us=11 staging_us=4141 event_submit_us=17038 event_complete_us=20321 frame_us=33924 tear_edge_observed=1 frame_reused=1 pass=1
[12:37:32] TINYDRAW_PANSEQ_STRIP zoom=400 strip=0 panel_y=0 rows=44 samples=24 staging_mean_us=1421 staging_max_us=1473 wire_budget_us=1619 over_budget_us=0 pass=1
[12:37:32] TINYDRAW_PANSEQ_STRIP zoom=400 strip=1 panel_y=44 rows=44 samples=24 staging_mean_us=1254 staging_max_us=1283 wire_budget_us=1619 over_budget_us=0 pass=1
[12:37:32] TINYDRAW_PANSEQ_STRIP zoom=400 strip=2 panel_y=88 rows=44 samples=24 staging_mean_us=1219 staging_max_us=1234 wire_budget_us=1619 over_budget_us=0 pass=1
[12:37:32] TINYDRAW_PANSEQ_STRIP zoom=400 strip=3 panel_y=132 rows=44 samples=24 staging_mean_us=1219 staging_max_us=1232 wire_budget_us=1619 over_budget_us=0 pass=1
[12:37:32] TINYDRAW_PANSEQ_STRIP zoom=400 strip=4 panel_y=176 rows=44 samples=24 staging_mean_us=1216 staging_max_us=1230 wire_budget_us=1619 over_budget_us=0 pass=1
[12:37:32] TINYDRAW_PANSEQ_STRIP zoom=400 strip=5 panel_y=220 rows=44 samples=24 staging_mean_us=1202 staging_max_us=1212 wire_budget_us=1619 over_budget_us=0 pass=1
[12:37:32] TINYDRAW_PANSEQ_STRIP zoom=400 strip=6 panel_y=264 rows=44 samples=24 staging_mean_us=1399 staging_max_us=1421 wire_budget_us=1619 over_budget_us=0 pass=1
[12:37:32] TINYDRAW_PANSEQ_STRIP zoom=400 strip=7 panel_y=308 rows=44 samples=24 staging_mean_us=1388 staging_max_us=1404 wire_budget_us=1619 over_budget_us=0 pass=1
[12:37:32] TINYDRAW_PANSEQ_STRIP zoom=400 strip=8 panel_y=352 rows=20 samples=24 staging_mean_us=634 staging_max_us=682 wire_budget_us=736 over_budget_us=0 pass=1
[12:37:32] TINYDRAW_GATE1_PANSEQ zoom=400 frames=24 scroll_avg_us=11 exposed_avg_us=7863 chrome_avg_us=2246 tear_wait_avg_us=8848 present_avg_us=16494 prepare_avg_us=10930 acquire_wait_avg_us=25 ring_copy_avg_us=8663 patch_avg_us=2255 byte_swap_avg_us=11 staging_avg_us=4075 frame_avg_us=33344 frame_p50_us=33924 frame_p95_us=33930 frame_max_us=33936 complete_p50_us=20300 complete_p95_us=20728 complete_max_us=20781 tear_edge_failures=0 presentation_experiment=boundary-top-sweep te_edge=rising requested_clock_mhz=50 effective_clock_mhz=40 chrome_bottom_redraws=0 chrome_battery_redraws=0 chrome_zoom_redraws=0 chrome_minimap_base_redraws=0 strip_samples=216 staging_mean_us=1217 staging_max_us=1473 worst_strip=8 worst_strip_y=352 worst_wire_budget_us=736 worst_headroom_us=54 staging_invariant=1 pacing_pass=1 all_reused=1 pass=1
[12:37:33] TINYDRAW_GATE1_PAN_BOUNDARY zoom=100 slow_1px_trace=1 below_delta=94 below_reused=1 at_delta=96 at_reused=1 above_delta=98 above_fallback=1 pass=1
[12:37:33] TINYDRAW_GATE1_PAN_BOUNDARY zoom=400 slow_1px_trace=1 below_delta=94 below_reused=1 at_delta=96 at_reused=1 above_delta=98 above_fallback=1 pass=1
[12:37:33] TINYDRAW_GATE1_DRAW_FILL zoom=400 revision=2930 append_us=884 poll_gap_us=94 event_submit_us=218 event_complete_us=2207 max_compute_slice_us=4946 max_display_slice_us=16793 fill_us=285869 revision_restarted=1 pass=1
[12:37:34] TINYDRAW_GATE1_CACHE_FILL zoom=50 x=63 y=63 published=56 total_us=771972 within_cold_gate=0 complete=1
[12:37:35] TINYDRAW_GATE1_CACHE_FILL zoom=100 x=63 y=63 published=56 total_us=626969 within_cold_gate=0 complete=1
[12:37:35] TINYDRAW_GATE1_CACHE_FILL zoom=200 x=63 y=63 published=56 total_us=461969 within_cold_gate=1 complete=1
[12:37:36] TINYDRAW_GATE1_CACHE_FILL zoom=400 x=63 y=63 published=56 total_us=393970 within_cold_gate=1 complete=1
[12:37:36] TINYDRAW_GATE1_CACHE_REVISIT zoom=50 remaining=0 tile_pixels=118128 fallback_pixels=0 compose_us=17963 complete_us=20986 hit=1
[12:37:36] TINYDRAW_GATE1_CACHE_REVISIT zoom=100 remaining=0 tile_pixels=164864 fallback_pixels=0 compose_us=19982 complete_us=20590 hit=1
[12:37:36] TINYDRAW_GATE1_CACHE_REVISIT zoom=200 remaining=0 tile_pixels=164864 fallback_pixels=0 compose_us=20974 complete_us=21177 hit=1
[12:37:36] TINYDRAW_GATE1_CACHE_REVISIT zoom=400 remaining=0 tile_pixels=164608 fallback_pixels=0 compose_us=21801 complete_us=20766 hit=1
[12:37:37] TINYDRAW_GATE1_CACHE_FILL zoom=400 x=575 y=575 published=56 total_us=431976 within_cold_gate=1 complete=1
[12:37:37] TINYDRAW_GATE1_CACHE_ROUND_TRIP zoom=50 from_x=63 from_y=63 via_x=575 via_y=575 remaining=0 tile_pixels=118128 fallback_pixels=0 compose_us=18001 complete_us=21250 hit=1
[12:37:37] TINYDRAW_GATE1_CACHE_ROUND_TRIP zoom=100 from_x=63 from_y=63 via_x=575 via_y=575 remaining=0 tile_pixels=164864 fallback_pixels=0 compose_us=20052 complete_us=20823 hit=1
[12:37:37] TINYDRAW_GATE1_CACHE_ROUND_TRIP zoom=200 from_x=63 from_y=63 via_x=575 via_y=575 remaining=0 tile_pixels=164864 fallback_pixels=0 compose_us=20818 complete_us=20398 hit=1
[12:37:37] TINYDRAW_GATE1_CACHE_ROUND_TRIP zoom=400 from_x=63 from_y=63 via_x=575 via_y=575 remaining=0 tile_pixels=164608 fallback_pixels=0 compose_us=21908 complete_us=20968 hit=1
[12:37:37] TINYDRAW_GATE1_CACHE_RETENTION pass=1 slots=448 revision=2930
[12:37:38] TINYDRAW_PAPER_SWEEP zoom=100 identities=644 raw=266 uniform=378 fallback=0 slots=448 total_us=1759637 pass=1
[12:37:43] TINYDRAW_GATE1_CACHE_TOUR slots=448 stops=16 forward_steps=2596 forward_tiles=832 forward_wall_us=2441847 return_missing_tiles=0 return_steps=16 return_tiles=0 return_wall_us=42646 home_missing=0 home_fallback_pixels=0 pass=1
[12:37:44] TINYDRAW_GATE1_MIXED_DRAW_WARM zoom=50 fill_tiles=56 fill_us=687136 raw=42 uniform=14
[12:37:45] TINYDRAW_GATE1_MIXED_DRAW_WARM zoom=100 fill_tiles=56 fill_us=539884 raw=56 uniform=0
[12:37:45] TINYDRAW_GATE1_MIXED_DRAW_WARM zoom=200 fill_tiles=56 fill_us=445073 raw=56 uniform=0
[12:37:46] TINYDRAW_GATE1_MIXED_DRAW_WARM zoom=400 fill_tiles=42 fill_us=288275 raw=42 uniform=0
[12:37:46] TINYDRAW_GATE1_MIXED_DRAW zoom=25 tool=pen chunks=50 append_max_us=12972 append_avg_us=11573 append_total_us=578687 affected_tiles=196 published=0 fallback=196 visible_fallback=0 committed=1 authority=1 refresh=1 run_ok=1 pass=1
[12:37:47] TINYDRAW_GATE1_MIXED_DRAW zoom=25 tool=eraser chunks=50 append_max_us=13031 append_avg_us=11519 append_total_us=575952 affected_tiles=0 published=0 fallback=0 visible_fallback=0 committed=1 authority=1 refresh=1 run_ok=1 pass=1
[12:37:50] TINYDRAW_GATE1_MIXED_DRAW zoom=50 tool=pen chunks=50 append_max_us=19441 append_avg_us=16725 append_total_us=836271 affected_tiles=422 published=400 fallback=22 visible_fallback=0 committed=1 authority=1 refresh=1 run_ok=1 pass=0
[12:37:51] TINYDRAW_GATE1_MIXED_DRAW zoom=50 tool=eraser chunks=50 append_max_us=18314 append_avg_us=16508 append_total_us=825413 affected_tiles=405 published=405 fallback=0 visible_fallback=0 committed=1 authority=1 refresh=1 run_ok=1 pass=0
[12:37:53] TINYDRAW_GATE1_MIXED_DRAW zoom=100 tool=pen chunks=50 append_max_us=16040 append_avg_us=14152 append_total_us=707644 affected_tiles=450 published=398 fallback=52 visible_fallback=0 committed=1 authority=1 refresh=1 run_ok=1 pass=0
[12:37:54] TINYDRAW_GATE1_MIXED_DRAW zoom=100 tool=eraser chunks=50 append_max_us=15353 append_avg_us=13948 append_total_us=697419 affected_tiles=399 published=399 fallback=0 visible_fallback=0 committed=1 authority=1 refresh=1 run_ok=1 pass=0
[12:37:56] TINYDRAW_GATE1_MIXED_DRAW zoom=200 tool=pen chunks=50 append_max_us=15287 append_avg_us=13114 append_total_us=655744 affected_tiles=425 published=389 fallback=36 visible_fallback=0 committed=1 authority=1 refresh=1 run_ok=1 pass=0
[12:37:57] TINYDRAW_GATE1_MIXED_DRAW zoom=200 tool=eraser chunks=50 append_max_us=14326 append_avg_us=12868 append_total_us=643435 affected_tiles=388 published=388 fallback=0 visible_fallback=0 committed=1 authority=1 refresh=1 run_ok=1 pass=1
[12:37:59] TINYDRAW_GATE1_MIXED_DRAW zoom=400 tool=pen chunks=50 append_max_us=14609 append_avg_us=12275 append_total_us=613771 affected_tiles=359 published=334 fallback=25 visible_fallback=0 committed=1 authority=1 refresh=1 run_ok=1 pass=1
[12:38:00] TINYDRAW_GATE1_MIXED_DRAW zoom=400 tool=eraser chunks=50 append_max_us=13725 append_avg_us=12147 append_total_us=607385 affected_tiles=350 published=350 fallback=0 visible_fallback=0 committed=1 authority=1 refresh=1 run_ok=1 pass=1
[12:38:01] TINYDRAW_GATE1_MIXED_DRAW_REVISIT zoom=50 missing=4 refill_tiles=4 refill_us=331662
[12:38:01] TINYDRAW_GATE1_MIXED_DRAW_REVISIT zoom=100 missing=9 refill_tiles=9 refill_us=545881
[12:38:02] TINYDRAW_GATE1_MIXED_DRAW_REVISIT zoom=200 missing=16 refill_tiles=16 refill_us=441641
[12:38:02] TINYDRAW_GATE1_MIXED_DRAW_REVISIT zoom=400 missing=0 refill_tiles=0 refill_us=943
[12:38:02] TINYDRAW_GATE1_MIXED_DRAW_SUMMARY slots=448 strokes=10 worst_append_us=19441 pass=0
[12:38:10] TINYDRAW_GATE1_IDLE_REPAIR damaged=588 remaining=0 plan_views=24 steps=6299 repair_us=5206086 worst_step_us=5866 warm_tiles=56 pass=1
[12:38:11] TINYDRAW_HAIRLINE_DOC ops=782 samples=8061 append_total_us=966920 append_max_us=6882
[12:38:11] TINYDRAW_GATE1_PACED_COLD corpus=evil_hairlines_capacity zoom=100 x=552 y=672 steps=240 tiles=56 compute_us=288502 present_us=81884 touch_us=510 pacing_us=6083 wall_us=376979 maximum_wall_us=500000 max_tick_us=9783 touch_samples=49867 touch_interval_max_us=2003 touch_read_max_us=543 touch_events=0 touch_down=0 touch_up=0 touch_events_ge_8ms=0 touch_event_age_max_us=0 touch_errors=0 touch_overflows=0 pass=1
[12:38:12] TINYDRAW_GATE1_PACED_COLD corpus=evil_hairlines_capacity zoom=400 x=2760 y=3360 steps=211 tiles=48 compute_us=186766 present_us=77380 touch_us=431 pacing_us=5401 wall_us=269978 maximum_wall_us=500000 max_tick_us=9144 touch_samples=347 touch_interval_max_us=1166 touch_read_max_us=444 touch_events=0 touch_down=0 touch_up=0 touch_events_ge_8ms=0 touch_event_age_max_us=0 touch_errors=0 touch_overflows=0 pass=1
[12:38:15] TINYDRAW_HAIRLINE_REPAIR steps=3284 wall_us=3068027 worst_step_us=7669 resident=407/448 grid_stopped=1 pass2_steps=8 pass2_wall_us=11877 no_churn=1
[12:38:17] TINYDRAW_HAIRLINE_TOUR stops=8 total_us=1256870 worst_stop_us=258284 worst_step_us=8960
[12:38:17] TINYDRAW_GATE1_HAIRLINE raw=339 uniform=72 fallback=233 capacity=448 worst_step_us=8960 grid_stopped=1 pass=1
[12:38:19] TINYDRAW_GATE1_LONG_GESTURE path=reference samples=1600 chunks=26 append_total_us=949756 append_max_us=43711 append_avg_us=36529 refresh_fallback_pixels=0 settled_fallback_pixels=0 committed=1 authority=1 refresh=1 run_ok=1
[12:38:19] TINYDRAW_GATE1_LONG_GESTURE path=in_place samples=1600 chunks=52 append_total_us=613130 append_max_us=13970 append_avg_us=11790 refresh_fallback_pixels=0 settled_fallback_pixels=0 committed=1 authority=1 refresh=1 run_ok=1
[12:38:19] TINYDRAW_V2_EXPORT_PROGRESS row=0 of=1792
[12:38:20] TINYDRAW_V2_EXPORT_PROGRESS row=256 of=1792
[12:38:20] TINYDRAW_V2_EXPORT_PROGRESS row=512 of=1792
[12:38:21] TINYDRAW_V2_EXPORT_PROGRESS row=768 of=1792
[12:38:22] TINYDRAW_V2_EXPORT_PROGRESS row=1024 of=1792
[12:38:23] TINYDRAW_V2_EXPORT_PROGRESS row=1280 of=1792
[12:38:24] TINYDRAW_V2_EXPORT_PROGRESS row=1536 of=1792
[12:38:25] TINYDRAW_GATE1_EXPORT encoded=1 bytes=40166 elapsed_us=5846838 workspace_bytes=50652 band_bytes=376832 free_psram=1920344 free_internal=199124 signature=1 dimensions=1 chunks=3 chunks_ok=1 pass=1
[12:38:25] TINYDRAW_EXPORT_RESERVE requested=1572864 free_before=1920344 largest_before=1900544 free_held=347476 largest_held=344064 pass=1
[12:38:25] TINYDRAW_GATE1_AUTOMATED_DONE stress=1 stress_100=1 stress_400=1 overlap_ready=1 overlap_cold=0 general_cold_ready=1 general_cold=0 workload=1 paced_cold=1 hard_100=1 hard_400=1 pan_100=1 pan_400=1 pan_seq=1 pan_boundary=1 live_overlay=1 draw_fill=1 cache=1 full_world_cache=1 cache_tour=1 mixed_draw=0 idle_repair=1 hairline_capacity=1 long_gesture=1 export_encode=1 export_reserve=1 return=1 ssaa_receipt=yellow
[12:38:25] TINYDRAW_VECTOR_V2_GATE_HARNESS_DONE pass=0
[12:38:25] I (74510) main_task: Returned from app_main()
