[01:06:48] I (263) octal_psraESP-ROM:esp32s3-20210327
[01:06:48] Build:Mar 27 2021
[01:06:48] rst:0x15 (USB_UART_CHIP_RESET),boot:0x2b (SPI_FAST_FLASH_BOOT)
[01:06:48] Saved PC:0x40048836
[01:06:48] SPIWP:0xee
[01:06:48] mode:DIO, clock div:1
[01:06:48] load:0x3fce2820,len:0x1664
[01:06:48] load:0x403c8700,len:0xf38
[01:06:48] load:0x403cb700,len:0x31e8
[01:06:48] entry 0x403c8930
[01:06:48] I (24) boot: ESP-IDF v6.0.2 2nd stage bootloader
[01:06:48] I (24) boot: compile time Aug 17 2026 00:16:17
[01:06:48] I (25) boot: Multicore bootloader
[01:06:48] I (25) boot: chip revision: v0.2
[01:06:48] I (28) boot: efuse block revision: v1.3
[01:06:48] I (31) qio_mode: Enabling default flash chip QIO
[01:06:48] I (36) boot.esp32s3: Boot SPI Speed : 80MHz
[01:06:48] I (39) boot.esp32s3: SPI Mode       : QIO
[01:06:48] I (43) boot.esp32s3: SPI Flash Size : 16MB
[01:06:48] I (47) boot: Enabling RNG early entropy source...
[01:06:48] I (51) boot: Partition Table:
[01:06:48] I (54) boot: ## Label            Usage          Type ST Offset   Length
[01:06:48] I (60) boot:  0 nvs              WiFi data        01 02 00009000 00006000
[01:06:48] I (67) boot:  1 phy_init         RF data          01 01 0000f000 00001000
[01:06:48] I (73) boot:  2 factory          factory app      00 00 00010000 00100000
[01:06:48] I (80) boot:  3 drawing          Unknown data     01 40 00110000 00300000
[01:06:48] I (86) boot:  4 export           Unknown data     01 41 00410000 00500000
[01:06:48] I (93) boot:  5 coredump         Unknown data     01 03 00910000 00010000
[01:06:48] I (100) boot: End of partition table
[01:06:48] I (103) esp_image: segment 0: paddr=00010020 vaddr=3c050020 size=29e0ch (171532) map
[01:06:48] I (137) esp_image: segment 1: paddr=00039e34 vaddr=3fc96000 size=03764h ( 14180) load
[01:06:48] I (140) esp_image: segment 2: paddr=0003d5a0 vaddr=40374000 size=02a78h ( 10872) load
[01:06:48] I (143) esp_image: segment 3: paddr=00040020 vaddr=42000020 size=4d22ch (315948) map
[01:06:48] I (197) esp_image: segment 4: paddr=0008d254 vaddr=40376a78 size=0f49ch ( 62620) load
[01:06:48] I (210) esp_image: segment 5: paddr=0009c6f8 vaddr=50000000 size=00024h (    36) load
[01:06:48] I (218) boot: Loaded app from partition at offset 0x10000
[01:06:48] I (218) boot: Disabling RNG early entropy source...
[01:06:48] I (228) octal_psram: vendor id    : 0x0d (AP)
[01:06:48] I (228) octal_psram: dev id       : 0x02 (generation 3)
[01:06:48] I (229) octal_psram: density      : 0x03 (64 Mbit)
[01:06:48] I (230) octal_psram: good-die     : 0x01 (Pass)
[01:06:48] I (235) octal_psram: Latency      : 0x01 (Fixed)
[01:06:48] I (239) octal_psram: VCC          : 0x01 (3V)
[01:06:48] I (243) octal_psram: SRF          : 0x01 (Fast Refresh)
[01:06:48] I (248) octal_psram: BurstType    : 0x01 (Hybrid Wrap)
[01:06:48] I (253) octal_psram: BurstLen     : 0x01 (32 Byte)
[01:06:48] I (257) octal_psram: Readlatency  : 0x02 (10 cycles@Fixed)
[01:06:48] I (263) octal_psram: DriveStrength: 0x00 (1/1)
[01:06:48] I (267) MSPI Timing: Enter psram timing tuning
[01:06:48] I (272) esp_psram: Found 8MB PSRAM device
[01:06:48] I (275) esp_psram: Speed: 80MHz
[01:06:48] I (278) cpu_start: Multicore app
[01:06:49] I (694) esp_psram: SPI SRAM memory test OK
[01:06:49] I (702) cpu_start: GPIO 44 and 43 are used as console UART I/O pins
[01:06:49] I (702) cpu_start: Pro cpu start user code
[01:06:49] I (702) cpu_start: cpu freq: 240000000 Hz
[01:06:49] I (704) app_init: Application information:
[01:06:49] I (708) app_init: Project name:     tinydraw_esp32
[01:06:49] I (713) app_init: App version:      f85af8f-dirty
[01:06:49] I (717) app_init: Compile time:     Aug 17 2026 00:58:08
[01:06:49] I (722) app_init: ELF file SHA256:  5520abff1...
[01:06:49] I (726) app_init: ESP-IDF:          v6.0.2
[01:06:49] I (730) efuse_init: Min chip rev:     v0.0
[01:06:49] I (734) efuse_init: Max chip rev:     v0.99
[01:06:49] I (738) efuse_init: Chip rev:         v0.2
[01:06:49] I (742) heap_init: Initializing. RAM available for dynamic allocation:
[01:06:49] I (748) heap_init: At 3FC9A780 len 0004EF90 (315 KiB): RAM
[01:06:49] I (753) heap_init: At 3FCE9710 len 00005724 (21 KiB): RAM
[01:06:49] I (758) heap_init: At 3FCF0000 len 00008000 (32 KiB): DRAM
[01:06:49] I (764) heap_init: At 600FE000 len 00001FE8 (7 KiB): RTCRAM
[01:06:49] I (769) esp_psram: Adding pool of 8192K of PSRAM memory to heap allocator
[01:06:49] I (776) spi_flash: detected chip: generic
[01:06:49] I (779) spi_flash: flash io: qio
[01:06:49] I (782) sleep_gpio: Configure to isolate all GPIO pins in sleep state
[01:06:49] I (788) sleep_gpio: Enable automatic switching of GPIO sleep configuration
[01:06:49] I (795) main_task: Started on CPU0
[01:06:49] I (798) main_task: Calling app_main()
[01:06:49] TINYDRAW_PRODUCER_SCRATCH supertask_internal=1 slot_directory_internal=0 free_internal=300716 free_psram=1820524
[01:06:49] TINYDRAW_PANEL_HARD_RESET=1
[01:06:49] TINYDRAW_PANEL_TRANSPORT requested_clock_mhz=50 effective_clock_mhz=40
[01:06:49] I (1005) co5300: version: 2.1.0
[01:06:49] I (1005) co5300_spi: LCD panel create success, version: 2.1.0
[01:06:49] W (1090) co5300_spi: The 3Ah command has been used and will be overwritten by external initialization sequence
[01:06:49] I (1191) CST816S: IC id: 183
[01:06:49] TINYDRAW_VECTOR_V2_PRESENTATION experiment=boundary-top-sweep te_edge=rising requested_clock_mhz=50 effective_clock_mhz=40 optical_acceptance=external_manual
[01:06:49] TINYDRAW_LIVE_PRESENT kind=startup zoom=25 x=0 y=0 compose_us=26095 scroll_us=0 exposed_compose_us=0 chrome_us=13166 chrome_prepare_us=8303 chrome_stage_us=4863 read_submit_us=0 read_complete_us=0 transfer_wait_us=20826 tile_pixels=0 uniform_pixels=0 overview_pixels=164864 fallback_pixels=0 resident_tiles=0 fallback_tiles=0 pushes=11 tear_wait_us=3995 tear_edge_isr_to_resume_us=13 tear_edge_observed=1 tear_edge_wait_resumed=1 tear_edge_timeout=0 tear_heal_attempted=0 tear_heal_command_sent=0 presentation_experiment=boundary-top-sweep te_edge=rising requested_clock_mhz=50 effective_clock_mhz=40 frame_reused=0 pass=1
[01:06:49] TINYDRAW_GATE1_COLOR_DIALOG wall_us=27568 maximum_us=40000 compose_us=0 chrome_us=9396 chrome_prepare_us=13 chrome_stage_us=9383 complete_us=24547 pushes=11 pass=1
[01:06:52] TINYDRAW_LIVE_STRESS operations=1000 samples=20000 total_us=696621 average_us=696 maximum_us=1173 free_psram=1818936 largest_psram=1802240
[01:06:52] TINYDRAW_LIVE_PRESENT kind=gate_fallback zoom=100 x=0 y=0 compose_us=11518 scroll_us=0 exposed_compose_us=0 chrome_us=8627 chrome_prepare_us=4236 chrome_stage_us=4391 read_submit_us=21472 read_complete_us=24852 transfer_wait_us=20512 tile_pixels=0 uniform_pixels=0 overview_pixels=0 fallback_pixels=164864 resident_tiles=0 fallback_tiles=42 pushes=11 tear_wait_us=5590 tear_edge_isr_to_resume_us=10 tear_edge_observed=1 tear_edge_wait_resumed=1 tear_edge_timeout=0 tear_heal_attempted=0 tear_heal_command_sent=0 presentation_experiment=boundary-top-sweep te_edge=rising requested_clock_mhz=50 effective_clock_mhz=40 frame_reused=0 pass=1
[01:06:52] TINYDRAW_GATE1_HARD zoom=100 cold=1 operations=1000 samples=20000 steps=193 tiles=42 scanned=12000 rendered=122 max_supertask_us=6864 presentation_us=71901 total_us=285962 maximum_wall_us=500000 pass=1
[01:06:52] TINYDRAW_LIVE_PRESENT kind=gate_fallback zoom=400 x=0 y=0 compose_us=10871 scroll_us=0 exposed_compose_us=0 chrome_us=5386 chrome_prepare_us=1181 chrome_stage_us=4205 read_submit_us=27371 read_complete_us=30989 transfer_wait_us=20482 tile_pixels=0 uniform_pixels=0 overview_pixels=0 fallback_pixels=164864 resident_tiles=0 fallback_tiles=42 pushes=11 tear_wait_us=15196 tear_edge_isr_to_resume_us=9 tear_edge_observed=1 tear_edge_wait_resumed=1 tear_edge_timeout=0 tear_heal_attempted=0 tear_heal_command_sent=0 presentation_experiment=boundary-top-sweep te_edge=rising requested_clock_mhz=50 effective_clock_mhz=40 frame_reused=0 pass=1
[01:06:52] TINYDRAW_GATE1_HARD zoom=400 cold=1 operations=1000 samples=20000 steps=199 tiles=42 scanned=12000 rendered=17 max_supertask_us=5342 presentation_us=65622 total_us=161217 maximum_wall_us=500000 pass=1
[01:06:52] TINYDRAW_OVERLAP_WORKLOAD operations=8 samples=1200 radius_world=80
