[21:12:36] ESP-ROM:esp32s3-20210327
[21:12:36] Build:Mar 27 2021
[21:12:36] rst:0x15 (USB_UART_CHIP_RESET),boot:0x2b (SPI_FAST_FLASH_BOOT)
[21:12:36] Saved PC:0x42007b2f
[21:12:36] SPIWP:0xee
[21:12:36] mode:DIO, clock div:1
[21:12:36] load:0x3fce2820,len:0x1664
[21:12:36] load:0x403c8700,len:0xf38
[21:12:36] load:0x403cb700,len:0x31e8
[21:12:36] entry 0x403c8930
[21:12:36] I (24) boot: ESP-IDF v6.0.2 2nd stage bootloader
[21:12:36] I (24) boot: compile time Aug 15 2026 20:55:58
[21:12:36] I (25) boot: Multicore bootloader
[21:12:36] I (25) boot: chip revision: v0.2
[21:12:36] I (28) boot: efuse block revision: v1.3
[21:12:36] I (31) qio_mode: Enabling default flash chip QIO
[21:12:36] I (36) boot.esp32s3: Boot SPI Speed : 80MHz
[21:12:36] I (39) boot.esp32s3: SPI Mode       : QIO
[21:12:36] I (43) boot.esp32s3: SPI Flash Size : 16MB
[21:12:36] I (47) boot: Enabling RNG early entropy source...
[21:12:36] I (51) boot: Partition Table:
[21:12:36] I (54) boot: ## Label            Usage          Type ST Offset   Length
[21:12:36] I (60) boot:  0 nvs              WiFi data        01 02 00009000 00006000
[21:12:36] I (67) boot:  1 phy_init         RF data          01 01 0000f000 00001000
[21:12:36] I (73) boot:  2 factory          factory app      00 00 00010000 00100000
[21:12:36] I (80) boot:  3 drawing          Unknown data     01 40 00110000 00300000
[21:12:36] I (86) boot:  4 export           Unknown data     01 41 00410000 00500000
[21:12:36] I (93) boot:  5 coredump         Unknown data     01 03 00910000 00010000
[21:12:36] I (100) boot: End of partition table
[21:12:36] I (103) esp_image: segment 0: paddr=00010020 vaddr=3c020020 size=0d494h ( 54420) map
[21:12:36] I (119) esp_image: segment 1: paddr=0001d4bc vaddr=3fc93e00 size=02b5ch ( 11100) load
[21:12:36] I (121) esp_image: segment 2: paddr=00020020 vaddr=42000020 size=1b570h (111984) map
[21:12:36] I (143) esp_image: segment 3: paddr=0003b598 vaddr=3fc9695c size=00ac8h (  2760) load
[21:12:36] I (144) esp_image: segment 4: paddr=0003c068 vaddr=40374000 size=0fd80h ( 64896) load
[21:12:36] I (160) esp_image: segment 5: paddr=0004bdf0 vaddr=50000000 size=00024h (    36) load
[21:12:36] I (167) boot: Loaded app from partition at offset 0x10000
[21:12:36] I (167) boot: Disabling RNG early entropy source...
[21:12:36] I (177) octal_psram: vendor id    : 0x0d (AP)
[21:12:36] I (177) octal_psram: dev id       : 0x02 (generation 3)
[21:12:36] I (178) octal_psram: density      : 0x03 (64 Mbit)
[21:12:36] I (180) octal_psram: good-die     : 0x01 (Pass)
[21:12:36] I (184) octal_psram: Latency      : 0x01 (Fixed)
[21:12:36] I (188) octal_psram: VCC          : 0x01 (3V)
[21:12:36] I (192) octal_psram: SRF          : 0x01 (Fast Refresh)
[21:12:36] I (197) octal_psram: BurstType    : 0x01 (Hybrid Wrap)
[21:12:36] I (202) octal_psram: BurstLen     : 0x01 (32 Byte)
[21:12:36] I (207) octal_psram: Readlatency  : 0x02 (10 cycles@Fixed)
[21:12:36] I (212) octal_psram: DriveStrength: 0x00 (1/1)
[21:12:36] I (216) MSPI Timing: Enter psram timing tuning
[21:12:36] I (221) esp_psram: Found 8MB PSRAM device
[21:12:36] I (224) esp_psram: Speed: 80MHz
[21:12:36] I (227) cpu_start: Multicore app
[21:12:36] I (643) esp_psram: SPI SRAM memory test OK
[21:12:36] I (651) cpu_start: GPIO 44 and 43 are used as console UART I/O pins
[21:12:36] I (651) cpu_start: Pro cpu start user code
[21:12:36] I (652) cpu_start: cpu freq: 240000000 Hz
[21:12:36] I (653) app_init: Application information:
[21:12:36] I (657) app_init: Project name:     tinydraw_esp32
[21:12:36] I (662) app_init: App version:      0b776c1
[21:12:36] I (665) app_init: Compile time:     Aug 15 2026 21:12:25
[21:12:36] I (671) app_init: ELF file SHA256:  675198aa0...
[21:12:36] I (675) app_init: ESP-IDF:          v6.0.2
[21:12:36] I (679) efuse_init: Min chip rev:     v0.0
[21:12:36] I (682) efuse_init: Max chip rev:     v0.99 
[21:12:36] I (686) efuse_init: Chip rev:         v0.2
[21:12:36] I (690) heap_init: Initializing. RAM available for dynamic allocation:
[21:12:36] I (697) heap_init: At 3FC97EF0 len 00051820 (326 KiB): RAM
[21:12:36] I (702) heap_init: At 3FCE9710 len 00005724 (21 KiB): RAM
[21:12:36] I (707) heap_init: At 3FCF0000 len 00008000 (32 KiB): DRAM
[21:12:36] I (712) heap_init: At 600FE000 len 00001FE8 (7 KiB): RTCRAM
[21:12:36] I (718) esp_psram: Adding pool of 8192K of PSRAM memory to heap allocator
[21:12:36] I (724) spi_flash: detected chip: generic
[21:12:36] I (728) spi_flash: flash io: qio
[21:12:36] I (731) sleep_gpio: Configure to isolate all GPIO pins in sleep state
[21:12:36] I (737) sleep_gpio: Enable automatic switching of GPIO sleep configuration
[21:12:36] I (744) main_task: Started on CPU0
[21:12:36] I (747) main_task: Calling app_main()
[21:12:36] TINYDRAW_PANEL_PROBE_START clock_mhz=40
[21:12:36] TINYDRAW_PANEL_HARD_RESET=1
[21:12:36] TINYDRAW_PANEL_TRANSPORT requested_clock_mhz=40 actual_clock=divider_limited_40mhz
[21:12:36] I (926) co5300: version: 2.1.0
[21:12:36] I (926) co5300_spi: LCD panel create success, version: 2.1.0
[21:12:37] W (1012) co5300_spi: The 3Ah command has been used and will be overwritten by external initialization sequence
[21:12:37] TINYDRAW_PROBE_CELL_START cell=1 name=boundary-rising-full expected=unknown_under_test rows=448 duration_s=45
[21:13:12] TINYDRAW_PROBE_CELL_PROGRESS cell=1 frames=150 edge_failures=0
[21:13:12] TINYDRAW_PROBE_CELL_PROGRESS cell=1 frames=298 edge_failures=0
[21:13:12] TINYDRAW_PROBE_CELL_PROGRESS cell=1 frames=447 edge_failures=0
[21:13:12] TINYDRAW_PROBE_CELL_PROGRESS cell=1 frames=596 edge_failures=0
[21:13:12] TINYDRAW_PROBE_CELL_PROGRESS cell=1 frames=745 edge_failures=0
[21:13:12] TINYDRAW_PROBE_CELL_PROGRESS cell=1 frames=894 edge_failures=0
[21:13:12] TINYDRAW_PROBE_CELL_PROGRESS cell=1 frames=1043 edge_failures=0
[21:13:17] TINYDRAW_PROBE_CELL_PROGRESS cell=1 frames=1192 edge_failures=0
[21:13:22] TINYDRAW_PROBE_CELL_PROGRESS cell=1 frames=1341 edge_failures=0
[21:13:22] TINYDRAW_PROBE_CELL_DONE cell=1 name=boundary-rising-full frames=1341 edge_failures=0 stream_failures=0
[21:13:22] TINYDRAW_PROBE_CELL_INTERVAL boundary-rising-full samples=1340 min_us=32999 p50_us=34000 p95_us=34000 max_us=34001
[21:13:22] TINYDRAW_PANEL_PROBE_DONE pass=1
[21:13:22] I (46398) main_task: Returned from app_main()
