[22:26:57] I (103) esp_image: segment 0: paddr=00010020 vaddr=3c050020 sizeESP-ROM:esp32s3-20210327
[22:26:57] Build:Mar 27 2021
[22:26:57] rst:0x15 (USB_UART_CHIP_RESET),boot:0x2b (SPI_FAST_FLASH_BOOT)
[22:26:57] Saved PC:0x4203c560
[22:26:57] SPIWP:0xee
[22:26:57] mode:DIO, clock div:1
[22:26:57] load:0x3fce2820,len:0x1664
[22:26:57] load:0x403c8700,len:0xf38
[22:26:57] load:0x403cb700,len:0x31e8
[22:26:57] entry 0x403c8930
[22:26:57] I (24) boot: ESP-IDF v6.0.2 2nd stage bootloader
[22:26:57] I (24) boot: compile time Aug 15 2026 22:25:20
[22:26:57] I (25) boot: Multicore bootloader
[22:26:57] I (25) boot: chip revision: v0.2
[22:26:57] I (28) boot: efuse block revision: v1.3
[22:26:57] I (31) qio_mode: Enabling default flash chip QIO
[22:26:57] I (36) boot.esp32s3: Boot SPI Speed : 80MHz
[22:26:57] I (39) boot.esp32s3: SPI Mode       : QIO
[22:26:57] I (43) boot.esp32s3: SPI Flash Size : 16MB
[22:26:57] I (47) boot: Enabling RNG early entropy source...
[22:26:57] I (51) boot: Partition Table:
[22:26:57] I (54) boot: ## Label            Usage          Type ST Offset   Length
[22:26:57] I (60) boot:  0 nvs              WiFi data        01 02 00009000 00006000
[22:26:57] I (67) boot:  1 phy_init         RF data          01 01 0000f000 00001000
[22:26:57] I (73) boot:  2 factory          factory app      00 00 00010000 00100000
[22:26:57] I (80) boot:  3 drawing          Unknown data     01 40 00110000 00300000
[22:26:57] I (86) boot:  4 export           Unknown data     01 41 00410000 00500000
[22:26:57] I (93) boot:  5 coredump         Unknown data     01 03 00910000 00010000
[22:26:57] I (100) boot: End of partition table
[22:26:57] I (103) esp_image: segment 0: paddr=00010020 vaddr=3c050020 size=1445ch ( 83036) map
[22:26:57] I (123) esp_image: segment 1: paddr=00024484 vaddr=3fc94500 size=03764h ( 14180) load
[22:26:57] I (126) esp_image: segment 2: paddr=00027bf0 vaddr=40374000 size=08428h ( 33832) load
[22:26:57] I (134) esp_image: segment 3: paddr=00030020 vaddr=42000020 size=479d0h (293328) map
[22:26:57] I (180) esp_image: segment 4: paddr=000779f8 vaddr=4037c428 size=08034h ( 32820) load
[22:26:57] I (187) esp_image: segment 5: paddr=0007fa34 vaddr=50000000 size=00024h (    36) load
[22:26:57] I (194) boot: Loaded app from partition at offset 0x10000
[22:26:57] I (195) boot: Disabling RNG early entropy source...
[22:26:57] I (205) octal_psram: vendor id    : 0x0d (AP)
[22:26:57] I (205) octal_psram: dev id       : 0x02 (generation 3)
[22:26:57] I (206) octal_psram: density      : 0x03 (64 Mbit)
[22:26:57] I (208) octal_psram: good-die     : 0x01 (Pass)
[22:26:57] I (212) octal_psram: Latency      : 0x01 (Fixed)
[22:26:57] I (216) octal_psram: VCC          : 0x01 (3V)
[22:26:57] I (220) octal_psram: SRF          : 0x01 (Fast Refresh)
[22:26:57] I (225) octal_psram: BurstType    : 0x01 (Hybrid Wrap)
[22:26:57] I (230) octal_psram: BurstLen     : 0x01 (32 Byte)
[22:26:57] I (235) octal_psram: Readlatency  : 0x02 (10 cycles@Fixed)
[22:26:57] I (240) octal_psram: DriveStrength: 0x00 (1/1)
[22:26:57] I (244) MSPI Timing: Enter psram timing tuning
[22:26:57] I (249) esp_psram: Found 8MB PSRAM device
[22:26:57] I (252) esp_psram: Speed: 80MHz
[22:26:57] I (255) cpu_start: Multicore app
[22:26:57] I (671) esp_psram: SPI SRAM memory test OK
[22:26:57] I (679) cpu_start: GPIO 44 and 43 are used as console UART I/O pins
[22:26:57] I (680) cpu_start: Pro cpu start user code
[22:26:57] I (680) cpu_start: cpu freq: 240000000 Hz
[22:26:57] I (681) app_init: Application information:
[22:26:57] I (685) app_init: Project name:     tinydraw_esp32
[22:26:57] I (690) app_init: App version:      73e6331-dirty
[22:26:57] I (694) app_init: Compile time:     Aug 15 2026 22:25:14
[22:26:57] I (699) app_init: ELF file SHA256:  757c052af...
[22:26:57] I (703) app_init: ESP-IDF:          v6.0.2
[22:26:57] I (707) efuse_init: Min chip rev:     v0.0
[22:26:57] I (711) efuse_init: Max chip rev:     v0.99 
[22:26:57] I (715) efuse_init: Chip rev:         v0.2
[22:26:57] I (719) heap_init: Initializing. RAM available for dynamic allocation:
[22:26:57] I (725) heap_init: At 3FC99090 len 00050680 (321 KiB): RAM
[22:26:57] I (730) heap_init: At 3FCE9710 len 00005724 (21 KiB): RAM
[22:26:57] I (735) heap_init: At 3FCF0000 len 00008000 (32 KiB): DRAM
[22:26:57] I (741) heap_init: At 600FE000 len 00001FE8 (7 KiB): RTCRAM
[22:26:57] I (746) esp_psram: Adding pool of 8192K of PSRAM memory to heap allocator
[22:26:57] I (753) spi_flash: detected chip: generic
[22:26:57] I (756) spi_flash: flash io: qio
[22:26:57] I (759) sleep_gpio: Configure to isolate all GPIO pins in sleep state
[22:26:57] I (766) sleep_gpio: Enable automatic switching of GPIO sleep configuration
[22:26:57] I (772) main_task: Started on CPU0
[22:26:57] I (775) main_task: Calling app_main()
[22:26:58] TINYDRAW_PANEL_HARD_RESET=1
[22:26:58] TINYDRAW_PANEL_TRANSPORT requested_clock_mhz=50 actual_clock=divider_limited_40mhz
[22:26:58] I (973) co5300: version: 2.1.0
[22:26:58] I (973) co5300_spi: LCD panel create success, version: 2.1.0
[22:26:58] W (1059) co5300_spi: The 3Ah command has been used and will be overwritten by external initialization sequence
[22:26:58] I (1160) CST816S: IC id: 183
[22:26:58] TINYDRAW_VECTOR_V2_PRESENTATION experiment=boundary-top-sweep te_edge=rising clock_mhz=50 optical_acceptance=external_manual
[22:26:58] TINYDRAW_LIVE_PRESENT kind=startup zoom=25 x=0 y=0 compose_us=36595 scroll_us=0 exposed_compose_us=0 chrome_us=8057 read_submit_us=0 read_complete_us=0 transfer_wait_us=18017 tile_pixels=0 uniform_pixels=0 overview_pixels=164864 fallback_pixels=0 resident_tiles=0 fallback_tiles=0 pushes=11 tear_wait_us=4440 tear_edge_isr_to_resume_us=15 tear_edge_observed=1 tear_edge_wait_resumed=1 tear_edge_timeout=0 tear_heal_attempted=0 tear_heal_command_sent=0 presentation_experiment=boundary-top-sweep te_edge=rising clock_mhz=50 frame_reused=0 pass=1
[22:26:58] TINYDRAW_LIVE_STRESS operations=1000 samples=20000 total_us=460505 average_us=460 maximum_us=1068 free_psram=1987924 largest_psram=1966080
[22:26:58] TINYDRAW_LIVE_PRESENT kind=gate_fallback zoom=100 x=0 y=0 compose_us=26734 scroll_us=0 exposed_compose_us=0 chrome_us=7852 read_submit_us=30069 read_complete_us=31680 transfer_wait_us=18575 tile_pixels=0 uniform_pixels=0 overview_pixels=0 fallback_pixels=164864 resident_tiles=0 fallback_tiles=42 pushes=11 tear_wait_us=2107 tear_edge_isr_to_resume_us=13 tear_edge_observed=1 tear_edge_wait_resumed=1 tear_edge_timeout=0 tear_heal_attempted=0 tear_heal_command_sent=0 presentation_experiment=boundary-top-sweep te_edge=rising clock_mhz=50 frame_reused=0 pass=1
[22:26:59] TINYDRAW_GATE1_HARD zoom=100 cold=1 operations=1000 samples=20000 steps=192 tiles=42 scanned=12000 rendered=1659 max_supertask_us=9916 presentation_us=69876 total_us=280011 pass=1
[22:26:59] TINYDRAW_LIVE_PRESENT kind=gate_fallback zoom=400 x=0 y=0 compose_us=26077 scroll_us=0 exposed_compose_us=0 chrome_us=7797 read_submit_us=35798 read_complete_us=37409 transfer_wait_us=18257 tile_pixels=0 uniform_pixels=0 overview_pixels=0 fallback_pixels=164864 resident_tiles=0 fallback_tiles=42 pushes=11 tear_wait_us=8488 tear_edge_isr_to_resume_us=13 tear_edge_observed=1 tear_edge_wait_resumed=1 tear_edge_timeout=0 tear_heal_attempted=0 tear_heal_command_sent=0 presentation_experiment=boundary-top-sweep te_edge=rising clock_mhz=50 frame_reused=0 pass=1
[22:26:59] TINYDRAW_GATE1_HARD zoom=400 cold=1 operations=1000 samples=20000 steps=196 tiles=42 scanned=12000 rendered=120 max_supertask_us=9174 presentation_us=69129 total_us=215973 pass=1
[22:26:59] TINYDRAW_OVERLAP_WORKLOAD operations=8 samples=1200 radius_world=80
[22:27:00] TINYDRAW_GATE1_PACED_COLD corpus=overlap zoom=50 x=215 y=255 steps=334 tiles=56 compute_us=385206 present_us=86582 touch_us=769 pacing_us=10902 wall_us=483459 max_tick_us=10621 touch_samples=2315 touch_interval_max_us=1964 touch_read_max_us=591 touch_events=0 touch_down=0 touch_up=0 touch_events_ge_8ms=0 touch_event_age_max_us=0 touch_errors=0 touch_overflows=0 pass=1
[22:27:00] TINYDRAW_GATE1_PACED_COLD corpus=overlap zoom=100 x=583 y=703 steps=172 tiles=48 compute_us=240865 present_us=84052 touch_us=507 pacing_us=6296 wall_us=331720 max_tick_us=10165 touch_samples=419 touch_interval_max_us=1770 touch_read_max_us=539 touch_events=0 touch_down=0 touch_up=0 touch_events_ge_8ms=0 touch_event_age_max_us=0 touch_errors=0 touch_overflows=0 pass=1
[22:27:01] TINYDRAW_GATE1_PACED_COLD corpus=overlap zoom=200 x=1319 y=1599 steps=128 tiles=56 compute_us=244885 present_us=81704 touch_us=445 pacing_us=6362 wall_us=333396 max_tick_us=10194 touch_samples=421 touch_interval_max_us=1860 touch_read_max_us=552 touch_events=0 touch_down=0 touch_up=0 touch_events_ge_8ms=0 touch_event_age_max_us=0 touch_errors=0 touch_overflows=0 pass=1
[22:27:01] TINYDRAW_GATE1_PACED_COLD corpus=overlap zoom=400 x=2791 y=3391 steps=94 tiles=56 compute_us=230369 present_us=82381 touch_us=410 pacing_us=5244 wall_us=318404 max_tick_us=10350 touch_samples=405 touch_interval_max_us=1128 touch_read_max_us=445 touch_events=0 touch_down=0 touch_up=0 touch_events_ge_8ms=0 touch_event_age_max_us=0 touch_errors=0 touch_overflows=0 pass=1
[22:27:02] TINYDRAW_ADVERSARIAL_TAPERED_WORKLOAD operations=128 samples=4096 erasers=12 load_us=226943 appended=1
[22:27:02] TINYDRAW_GATE1_PACED_COLD corpus=adversarial_tapered_4x zoom=50 x=0 y=0 steps=104 tiles=42 compute_us=99177 present_us=63917 touch_us=317 pacing_us=5477 wall_us=168888 max_tick_us=8616 touch_samples=523 touch_interval_max_us=1113 touch_read_max_us=422 touch_events=0 touch_down=0 touch_up=0 touch_events_ge_8ms=0 touch_event_age_max_us=0 touch_errors=0 touch_overflows=0 pass=1
[22:27:02] TINYDRAW_GATE1_PACED_COLD corpus=adversarial_tapered_4x zoom=100 x=0 y=0 steps=348 tiles=42 compute_us=163741 present_us=62981 touch_us=476 pacing_us=6404 wall_us=233602 max_tick_us=8841 touch_samples=316 touch_interval_max_us=1131 touch_read_max_us=425 touch_events=0 touch_down=0 touch_up=0 touch_events_ge_8ms=0 touch_event_age_max_us=0 touch_errors=0 touch_overflows=0 pass=1
[22:27:03] TINYDRAW_GATE1_PACED_COLD corpus=adversarial_tapered_4x zoom=200 x=0 y=0 steps=1214 tiles=42 compute_us=454255 present_us=65931 touch_us=1118 pacing_us=17522 wall_us=538826 max_tick_us=9501 touch_samples=624 touch_interval_max_us=1130 touch_read_max_us=416 touch_events=0 touch_down=0 touch_up=0 touch_events_ge_8ms=0 touch_event_age_max_us=0 touch_errors=0 touch_overflows=0 pass=1
[22:27:03] TINYDRAW_GATE1_PACED_COLD corpus=adversarial_tapered_4x zoom=400 x=0 y=0 steps=904 tiles=42 compute_us=563818 present_us=69271 touch_us=1143 pacing_us=14626 wall_us=648858 max_tick_us=9669 touch_samples=732 touch_interval_max_us=1126 touch_read_max_us=429 touch_events=0 touch_down=0 touch_up=0 touch_events_ge_8ms=0 touch_event_age_max_us=0 touch_errors=0 touch_overflows=0 pass=1
[22:27:04] TINYDRAW_GATE1_WORKLOAD kind=realistic seed=7 operations=1000 samples=19844 maximum_stroke=198 load_us=395438 raw_source=1 lod_copies=0
[22:27:04] TINYDRAW_GATE1_PACED_COLD corpus=seed7 zoom=400 x=63 y=63 steps=281 tiles=56 compute_us=284528 present_us=86610 touch_us=509 pacing_us=8229 wall_us=379876 max_tick_us=13150 touch_samples=972 touch_interval_max_us=1927 touch_read_max_us=501 touch_events=0 touch_down=0 touch_up=0 touch_events_ge_8ms=0 touch_event_age_max_us=0 touch_errors=0 touch_overflows=0 pass=1
[22:27:04] TINYDRAW_LIVE_PRESENT kind=gate_fallback zoom=100 x=0 y=0 compose_us=27035 scroll_us=0 exposed_compose_us=0 chrome_us=7868 read_submit_us=43972 read_complete_us=45583 transfer_wait_us=17887 tile_pixels=0 uniform_pixels=0 overview_pixels=0 fallback_pixels=164864 resident_tiles=0 fallback_tiles=42 pushes=11 tear_wait_us=15705 tear_edge_isr_to_resume_us=11 tear_edge_observed=1 tear_edge_wait_resumed=1 tear_edge_timeout=0 tear_heal_attempted=0 tear_heal_command_sent=0 presentation_experiment=boundary-top-sweep te_edge=rising clock_mhz=50 frame_reused=0 pass=1
[22:27:05] TINYDRAW_GATE1_HARD zoom=100 cold=1 operations=1000 samples=19844 steps=275 tiles=42 scanned=12000 rendered=5232 max_supertask_us=9870 presentation_us=67942 total_us=382760 pass=1
[22:27:05] TINYDRAW_GATE1_LIVE_OVERLAY clear_updates=47 clear_wall_max_us=2937 clear_submit_max_us=2233 clear_complete_max_us=2277 overlay_updates=26 overlay_wall_max_us=2926 overlay_submit_max_us=2417 overlay_complete_max_us=2458 overlay_chrome_max_us=0 clear_failures=0 overlay_failures=0 pass=1
[22:27:05] TINYDRAW_EDGE_INK corners=4 edge_failures=0 pass=1
[22:27:06] TINYDRAW_GATE1_PAN zoom=100 from_x=0 from_y=0 to_x=88 to_y=88 compose_us=22034 scroll_us=11 exposed_compose_us=22023 chrome_us=0 event_submit_us=25129 event_complete_us=26737 transfer_us=24680 setup=1 present=1 moved=1 frame_reused=1 pass=1
[22:27:06] TINYDRAW_LIVE_PRESENT kind=gate_fallback zoom=400 x=0 y=0 compose_us=26150 scroll_us=0 exposed_compose_us=0 chrome_us=7692 read_submit_us=33360 read_complete_us=34969 transfer_wait_us=18271 tile_pixels=0 uniform_pixels=0 overview_pixels=0 fallback_pixels=164864 resident_tiles=0 fallback_tiles=42 pushes=11 tear_wait_us=5970 tear_edge_isr_to_resume_us=15 tear_edge_observed=1 tear_edge_wait_resumed=1 tear_edge_timeout=0 tear_heal_attempted=0 tear_heal_command_sent=0 presentation_experiment=boundary-top-sweep te_edge=rising clock_mhz=50 frame_reused=0 pass=1
[22:27:06] TINYDRAW_GATE1_HARD zoom=400 cold=1 operations=1004 samples=19848 steps=217 tiles=42 scanned=12048 rendered=592 max_supertask_us=11493 presentation_us=69430 total_us=276038 pass=1
[22:27:07] TINYDRAW_GATE1_PAN zoom=400 from_x=0 from_y=0 to_x=88 to_y=88 compose_us=21999 scroll_us=11 exposed_compose_us=21988 chrome_us=0 event_submit_us=25482 event_complete_us=27094 transfer_us=24397 setup=1 present=1 moved=1 frame_reused=1 pass=1
[22:27:10] TINYDRAW_PANSEQ_FRAME zoom=100 step=0 dx=24 dy=18 scroll_us=11 exposed_compose_us=17512 tear_wait_us=5987 present_us=20073 prepare_us=8794 staging_us=2940 event_submit_us=25584 event_complete_us=27197 frame_us=43682 tear_edge_observed=1 frame_reused=1 pass=1
[22:27:10] TINYDRAW_PANSEQ_FRAME zoom=100 step=1 dx=24 dy=18 scroll_us=11 exposed_compose_us=17848 tear_wait_us=12319 present_us=20104 prepare_us=8898 staging_us=2750 event_submit_us=32268 event_complete_us=33876 frame_us=50388 tear_edge_observed=1 frame_reused=1 pass=1
[22:27:10] TINYDRAW_PANSEQ_FRAME zoom=100 step=2 dx=24 dy=18 scroll_us=12 exposed_compose_us=17523 tear_wait_us=12615 present_us=19929 prepare_us=8869 staging_us=2979 event_submit_us=32110 event_complete_us=33722 frame_us=50172 tear_edge_observed=1 frame_reused=1 pass=1
[22:27:10] TINYDRAW_PANSEQ_FRAME zoom=100 step=3 dx=24 dy=18 scroll_us=11 exposed_compose_us=18088 tear_wait_us=12246 present_us=20173 prepare_us=8758 staging_us=2682 event_submit_us=32489 event_complete_us=34092 frame_us=50615 tear_edge_observed=1 frame_reused=1 pass=1
[22:27:10] TINYDRAW_PANSEQ_FRAME zoom=100 step=4 dx=24 dy=18 scroll_us=18 exposed_compose_us=17467 tear_wait_us=12583 present_us=20018 prepare_us=9022 staging_us=2902 event_submit_us=32142 event_complete_us=33753 frame_us=50194 tear_edge_observed=1 frame_reused=1 pass=1
[22:27:10] TINYDRAW_PANSEQ_FRAME zoom=100 step=5 dx=24 dy=18 scroll_us=12 exposed_compose_us=17689 tear_wait_us=12525 present_us=20160 prepare_us=8844 staging_us=2683 event_submit_us=32318 event_complete_us=33930 frame_us=50487 tear_edge_observed=1 frame_reused=1 pass=1
[22:27:10] TINYDRAW_PANSEQ_FRAME zoom=100 step=6 dx=24 dy=18 scroll_us=21 exposed_compose_us=17563 tear_wait_us=12492 present_us=19928 prepare_us=8884 staging_us=2783 event_submit_us=32146 event_complete_us=33756 frame_us=50123 tear_edge_observed=1 frame_reused=1 pass=1
[22:27:10] TINYDRAW_PANSEQ_FRAME zoom=100 step=7 dx=24 dy=18 scroll_us=11 exposed_compose_us=17747 tear_wait_us=12593 present_us=20125 prepare_us=8893 staging_us=2707 event_submit_us=32390 event_complete_us=34002 frame_us=50571 tear_edge_observed=1 frame_reused=1 pass=1
[22:27:10] TINYDRAW_PANSEQ_FRAME zoom=100 step=8 dx=24 dy=18 scroll_us=12 exposed_compose_us=17760 tear_wait_us=12345 present_us=20130 prepare_us=8731 staging_us=2691 event_submit_us=32253 event_complete_us=33857 frame_us=50341 tear_edge_observed=1 frame_reused=1 pass=1
[22:27:10] TINYDRAW_PANSEQ_FRAME zoom=100 step=9 dx=24 dy=18 scroll_us=11 exposed_compose_us=17771 tear_wait_us=12344 present_us=20190 prepare_us=8869 staging_us=2635 event_submit_us=32231 event_complete_us=33843 frame_us=50411 tear_edge_observed=1 frame_reused=1 pass=1
[22:27:10] TINYDRAW_PANSEQ_FRAME zoom=100 step=10 dx=24 dy=18 scroll_us=11 exposed_compose_us=17543 tear_wait_us=12539 present_us=20096 prepare_us=8892 staging_us=2726 event_submit_us=32170 event_complete_us=33783 frame_us=50285 tear_edge_observed=1 frame_reused=1 pass=1
[22:27:10] TINYDRAW_PANSEQ_FRAME zoom=100 step=11 dx=24 dy=18 scroll_us=21 exposed_compose_us=18174 tear_wait_us=11974 present_us=20266 prepare_us=8948 staging_us=2412 event_submit_us=32374 event_complete_us=33984 frame_us=50530 tear_edge_observed=1 frame_reused=1 pass=1
[22:27:10] TINYDRAW_PANSEQ_FRAME zoom=100 step=12 dx=24 dy=18 scroll_us=11 exposed_compose_us=17561 tear_wait_us=12434 present_us=20110 prepare_us=8881 staging_us=2779 event_submit_us=32079 event_complete_us=33691 frame_us=50213 tear_edge_observed=1 frame_reused=1 pass=1
[22:27:11] TINYDRAW_PANSEQ_FRAME zoom=100 step=13 dx=24 dy=18 scroll_us=11 exposed_compose_us=17870 tear_wait_us=12265 present_us=20241 prepare_us=8922 staging_us=2417 event_submit_us=32298 event_complete_us=33908 frame_us=50492 tear_edge_observed=1 frame_reused=1 pass=1
[22:27:11] TINYDRAW_PANSEQ_FRAME zoom=100 step=14 dx=24 dy=18 scroll_us=12 exposed_compose_us=17629 tear_wait_us=12372 present_us=20128 prepare_us=8952 staging_us=2637 event_submit_us=32104 event_complete_us=33714 frame_us=50240 tear_edge_observed=1 frame_reused=1 pass=1
[22:27:11] TINYDRAW_PANSEQ_FRAME zoom=100 step=15 dx=24 dy=18 scroll_us=11 exposed_compose_us=18039 tear_wait_us=12082 present_us=20393 prepare_us=8738 staging_us=2488 event_submit_us=32307 event_complete_us=33919 frame_us=50620 tear_edge_observed=1 frame_reused=1 pass=1
[22:27:11] TINYDRAW_PANSEQ_FRAME zoom=100 step=16 dx=72 dy=54 scroll_us=11 exposed_compose_us=22504 tear_wait_us=7357 present_us=22852 prepare_us=8710 staging_us=1912 event_submit_us=32039 event_complete_us=33649 frame_us=52818 tear_edge_observed=1 frame_reused=1 pass=1
[22:27:11] TINYDRAW_PANSEQ_FRAME zoom=100 step=17 dx=72 dy=54 scroll_us=12 exposed_compose_us=22615 tear_wait_us=4788 present_us=23128 prepare_us=8463 staging_us=1812 event_submit_us=29488 event_complete_us=31100 frame_us=50638 tear_edge_observed=1 frame_reused=1 pass=1
[22:27:11] TINYDRAW_PANSEQ_FRAME zoom=100 step=18 dx=72 dy=54 scroll_us=11 exposed_compose_us=22155 tear_wait_us=4966 present_us=22388 prepare_us=8491 staging_us=1864 event_submit_us=29250 event_complete_us=30858 frame_us=49618 tear_edge_observed=1 frame_reused=1 pass=1
[22:27:11] TINYDRAW_PANSEQ_FRAME zoom=100 step=19 dx=72 dy=54 scroll_us=11 exposed_compose_us=22508 tear_wait_us=5339 present_us=22696 prepare_us=8449 staging_us=1692 event_submit_us=30068 event_complete_us=31678 frame_us=50649 tear_edge_observed=1 frame_reused=1 pass=1
[22:27:11] TINYDRAW_PANSEQ_FRAME zoom=100 step=20 dx=-72 dy=-54 scroll_us=19 exposed_compose_us=16723 tear_wait_us=10805 present_us=26822 prepare_us=8152 staging_us=1980 event_submit_us=32763 event_complete_us=34375 frame_us=54490 tear_edge_observed=1 frame_reused=1 pass=1
[22:27:11] TINYDRAW_PANSEQ_FRAME zoom=100 step=21 dx=-72 dy=-54 scroll_us=11 exposed_compose_us=16961 tear_wait_us=6485 present_us=26349 prepare_us=8245 staging_us=2116 event_submit_us=28400 event_complete_us=30009 frame_us=49901 tear_edge_observed=1 frame_reused=1 pass=1
[22:27:11] TINYDRAW_PANSEQ_FRAME zoom=100 step=22 dx=-72 dy=-54 scroll_us=11 exposed_compose_us=16760 tear_wait_us=7125 present_us=26230 prepare_us=8054 staging_us=2038 event_submit_us=28922 event_complete_us=30534 frame_us=50222 tear_edge_observed=1 frame_reused=1 pass=1
[22:27:11] TINYDRAW_PANSEQ_FRAME zoom=100 step=23 dx=-72 dy=-54 scroll_us=24 exposed_compose_us=17016 tear_wait_us=6984 present_us=26010 prepare_us=8139 staging_us=2070 event_submit_us=28984 event_complete_us=30595 frame_us=50146 tear_edge_observed=1 frame_reused=1 pass=1
[22:27:11] TINYDRAW_GATE1_PANSEQ zoom=100 frames=24 scroll_avg_us=13 exposed_avg_us=18376 tear_wait_avg_us=10231 present_avg_us=21605 prepare_avg_us=8691 staging_avg_us=2445 frame_avg_us=50326 frame_p50_us=50341 frame_p95_us=52818 frame_max_us=54490 complete_p50_us=33753 complete_p95_us=34092 complete_max_us=34375 tear_edge_failures=0 presentation_experiment=boundary-top-sweep te_edge=rising clock_mhz=50 all_reused=1 pass=1
[22:27:14] TINYDRAW_PANSEQ_FRAME zoom=400 step=0 dx=24 dy=18 scroll_us=11 exposed_compose_us=17396 tear_wait_us=6247 present_us=20533 prepare_us=8834 staging_us=3140 event_submit_us=26053 event_complete_us=27665 frame_us=44287 tear_edge_observed=1 frame_reused=1 pass=1
[22:27:14] TINYDRAW_PANSEQ_FRAME zoom=400 step=1 dx=24 dy=18 scroll_us=12 exposed_compose_us=17631 tear_wait_us=12032 present_us=20146 prepare_us=8908 staging_us=3026 event_submit_us=31860 event_complete_us=33467 frame_us=49934 tear_edge_observed=1 frame_reused=1 pass=1
[22:27:14] TINYDRAW_PANSEQ_FRAME zoom=400 step=2 dx=24 dy=18 scroll_us=11 exposed_compose_us=17294 tear_wait_us=12761 present_us=19912 prepare_us=8969 staging_us=3188 event_submit_us=32142 event_complete_us=33753 frame_us=50099 tear_edge_observed=1 frame_reused=1 pass=1
[22:27:14] TINYDRAW_PANSEQ_FRAME zoom=400 step=3 dx=24 dy=18 scroll_us=11 exposed_compose_us=17828 tear_wait_us=12492 present_us=20001 prepare_us=8856 staging_us=2981 event_submit_us=32401 event_complete_us=34014 frame_us=50429 tear_edge_observed=1 frame_reused=1 pass=1
[22:27:14] TINYDRAW_PANSEQ_FRAME zoom=400 step=4 dx=24 dy=18 scroll_us=12 exposed_compose_us=17347 tear_wait_us=12884 present_us=19889 prepare_us=8919 staging_us=3270 event_submit_us=32242 event_complete_us=33850 frame_us=50229 tear_edge_observed=1 frame_reused=1 pass=1
[22:27:14] TINYDRAW_PANSEQ_FRAME zoom=400 step=5 dx=24 dy=18 scroll_us=11 exposed_compose_us=17524 tear_wait_us=12818 present_us=19926 prepare_us=8893 staging_us=3133 event_submit_us=32330 event_complete_us=33943 frame_us=50380 tear_edge_observed=1 frame_reused=1 pass=1
[22:27:14] TINYDRAW_PANSEQ_FRAME zoom=400 step=6 dx=24 dy=18 scroll_us=11 exposed_compose_us=17639 tear_wait_us=12669 present_us=20080 prepare_us=8816 staging_us=2487 event_submit_us=32475 event_complete_us=34078 frame_us=50503 tear_edge_observed=1 frame_reused=1 pass=1
[22:27:14] TINYDRAW_PANSEQ_FRAME zoom=400 step=7 dx=24 dy=18 scroll_us=12 exposed_compose_us=17874 tear_wait_us=12288 present_us=20238 prepare_us=8859 staging_us=2353 event_submit_us=32287 event_complete_us=33905 frame_us=50508 tear_edge_observed=1 frame_reused=1 pass=1
[22:27:14] TINYDRAW_PANSEQ_FRAME zoom=400 step=8 dx=24 dy=18 scroll_us=11 exposed_compose_us=17896 tear_wait_us=12112 present_us=20366 prepare_us=8805 staging_us=2311 event_submit_us=32271 event_complete_us=33881 frame_us=50482 tear_edge_observed=1 frame_reused=1 pass=1
[22:27:14] TINYDRAW_PANSEQ_FRAME zoom=400 step=9 dx=24 dy=18 scroll_us=20 exposed_compose_us=18038 tear_wait_us=11803 present_us=20268 prepare_us=8971 staging_us=2163 event_submit_us=32082 event_complete_us=33694 frame_us=50241 tear_edge_observed=1 frame_reused=1 pass=1
[22:27:14] TINYDRAW_PANSEQ_FRAME zoom=400 step=10 dx=24 dy=18 scroll_us=12 exposed_compose_us=17770 tear_wait_us=12196 present_us=20202 prepare_us=8848 staging_us=2477 event_submit_us=32079 event_complete_us=33696 frame_us=50274 tear_edge_observed=1 frame_reused=1 pass=1
[22:27:14] TINYDRAW_PANSEQ_FRAME zoom=400 step=11 dx=24 dy=18 scroll_us=11 exposed_compose_us=18524 tear_wait_us=11522 present_us=20620 prepare_us=8855 staging_us=2082 event_submit_us=32398 event_complete_us=34008 frame_us=50772 tear_edge_observed=1 frame_reused=1 pass=1
[22:27:14] TINYDRAW_PANSEQ_FRAME zoom=400 step=12 dx=24 dy=18 scroll_us=11 exposed_compose_us=17811 tear_wait_us=11803 present_us=20298 prepare_us=8914 staging_us=2352 event_submit_us=31743 event_complete_us=33355 frame_us=50019 tear_edge_observed=1 frame_reused=1 pass=1
[22:27:14] TINYDRAW_PANSEQ_FRAME zoom=400 step=13 dx=24 dy=18 scroll_us=12 exposed_compose_us=18042 tear_wait_us=11909 present_us=20538 prepare_us=8738 staging_us=2149 event_submit_us=32178 event_complete_us=33790 frame_us=50598 tear_edge_observed=1 frame_reused=1 pass=1
[22:27:14] TINYDRAW_PANSEQ_FRAME zoom=400 step=14 dx=24 dy=18 scroll_us=11 exposed_compose_us=17799 tear_wait_us=11921 present_us=20280 prepare_us=8941 staging_us=2261 event_submit_us=31887 event_complete_us=33499 frame_us=50107 tear_edge_observed=1 frame_reused=1 pass=1
[22:27:14] TINYDRAW_PANSEQ_FRAME zoom=400 step=15 dx=24 dy=18 scroll_us=11 exposed_compose_us=18193 tear_wait_us=11779 present_us=20693 prepare_us=8841 staging_us=2137 event_submit_us=32231 event_complete_us=33841 frame_us=50782 tear_edge_observed=1 frame_reused=1 pass=1
[22:27:14] TINYDRAW_PANSEQ_FRAME zoom=400 step=16 dx=72 dy=54 scroll_us=12 exposed_compose_us=23015 tear_wait_us=6541 present_us=23504 prepare_us=8541 staging_us=1771 event_submit_us=31809 event_complete_us=33420 frame_us=53171 tear_edge_observed=1 frame_reused=1 pass=1
[22:27:14] TINYDRAW_PANSEQ_FRAME zoom=400 step=17 dx=72 dy=54 scroll_us=10 exposed_compose_us=22963 tear_wait_us=3771 present_us=23937 prepare_us=8626 staging_us=1710 event_submit_us=28920 event_complete_us=30536 frame_us=50774 tear_edge_observed=1 frame_reused=1 pass=1
[22:27:14] TINYDRAW_PANSEQ_FRAME zoom=400 step=18 dx=72 dy=54 scroll_us=11 exposed_compose_us=22375 tear_wait_us=3948 present_us=23714 prepare_us=8410 staging_us=1662 event_submit_us=28611 event_complete_us=30220 frame_us=50149 tear_edge_observed=1 frame_reused=1 pass=1
[22:27:14] TINYDRAW_PANSEQ_FRAME zoom=400 step=19 dx=72 dy=54 scroll_us=12 exposed_compose_us=23704 tear_wait_us=2828 present_us=24210 prepare_us=8576 staging_us=1683 event_submit_us=28880 event_complete_us=30492 frame_us=50849 tear_edge_observed=1 frame_reused=1 pass=1
[22:27:14] TINYDRAW_PANSEQ_FRAME zoom=400 step=20 dx=-72 dy=-54 scroll_us=11 exposed_compose_us=16706 tear_wait_us=9309 present_us=28005 prepare_us=8227 staging_us=2050 event_submit_us=31588 event_complete_us=33192 frame_us=54132 tear_edge_observed=1 frame_reused=1 pass=1
[22:27:14] TINYDRAW_PANSEQ_FRAME zoom=400 step=21 dx=-72 dy=-54 scroll_us=11 exposed_compose_us=17012 tear_wait_us=5228 present_us=27101 prepare_us=8149 staging_us=1988 event_submit_us=27541 event_complete_us=29151 frame_us=49445 tear_edge_observed=1 frame_reused=1 pass=1
[22:27:14] TINYDRAW_PANSEQ_FRAME zoom=400 step=22 dx=-72 dy=-54 scroll_us=12 exposed_compose_us=16934 tear_wait_us=6205 present_us=26723 prepare_us=8067 staging_us=1923 event_submit_us=28345 event_complete_us=29953 frame_us=49968 tear_edge_observed=1 frame_reused=1 pass=1
[22:27:15] TINYDRAW_PANSEQ_FRAME zoom=400 step=23 dx=-72 dy=-54 scroll_us=11 exposed_compose_us=17227 tear_wait_us=6287 present_us=26254 prepare_us=8161 staging_us=2023 event_submit_us=28693 event_complete_us=30305 frame_us=49888 tear_edge_observed=1 frame_reused=1 pass=1
[22:27:15] TINYDRAW_GATE1_PANSEQ zoom=400 frames=24 scroll_avg_us=11 exposed_avg_us=18522 tear_wait_avg_us=9723 present_avg_us=21976 prepare_avg_us=8696 staging_avg_us=2346 frame_avg_us=50334 frame_p50_us=50274 frame_p95_us=53171 frame_max_us=54132 complete_p50_us=33499 complete_p95_us=34014 complete_max_us=34078 tear_edge_failures=0 presentation_experiment=boundary-top-sweep te_edge=rising clock_mhz=50 all_reused=1 pass=1
[22:27:15] TINYDRAW_GATE1_DRAW_FILL zoom=400 revision=2144 append_us=1291 poll_gap_us=88 event_submit_us=2434 event_complete_us=2609 max_compute_slice_us=4834 max_display_slice_us=24943 fill_us=289927 revision_restarted=1 pass=1
[22:27:16] TINYDRAW_GATE1_CACHE_FILL zoom=50 x=63 y=63 published=56 total_us=552874 within_cold_gate=0 complete=1
[22:27:16] TINYDRAW_GATE1_CACHE_FILL zoom=100 x=63 y=63 published=56 total_us=523640 within_cold_gate=0 complete=1
[22:27:17] TINYDRAW_GATE1_CACHE_FILL zoom=200 x=63 y=63 published=56 total_us=427784 within_cold_gate=1 complete=1
[22:27:17] TINYDRAW_GATE1_CACHE_FILL zoom=400 x=63 y=63 published=56 total_us=389818 within_cold_gate=1 complete=1
[22:27:17] TINYDRAW_GATE1_CACHE_REVISIT zoom=50 remaining=0 tile_pixels=118128 fallback_pixels=0 compose_us=28107 complete_us=18233 hit=1
[22:27:17] TINYDRAW_GATE1_CACHE_REVISIT zoom=100 remaining=0 tile_pixels=164864 fallback_pixels=0 compose_us=30290 complete_us=18053 hit=1
[22:27:17] TINYDRAW_GATE1_CACHE_REVISIT zoom=200 remaining=0 tile_pixels=164864 fallback_pixels=0 compose_us=30842 complete_us=17874 hit=1
[22:27:17] TINYDRAW_GATE1_CACHE_REVISIT zoom=400 remaining=0 tile_pixels=164608 fallback_pixels=0 compose_us=31528 complete_us=18668 hit=1
[22:27:18] TINYDRAW_GATE1_CACHE_FILL zoom=400 x=575 y=575 published=56 total_us=419759 within_cold_gate=1 complete=1
[22:27:18] TINYDRAW_GATE1_CACHE_ROUND_TRIP zoom=50 from_x=63 from_y=63 via_x=575 via_y=575 remaining=0 tile_pixels=118128 fallback_pixels=0 compose_us=28083 complete_us=18587 hit=1
[22:27:18] TINYDRAW_GATE1_CACHE_ROUND_TRIP zoom=100 from_x=63 from_y=63 via_x=575 via_y=575 remaining=0 tile_pixels=164864 fallback_pixels=0 compose_us=30000 complete_us=18399 hit=1
[22:27:18] TINYDRAW_GATE1_CACHE_ROUND_TRIP zoom=200 from_x=63 from_y=63 via_x=575 via_y=575 remaining=0 tile_pixels=164864 fallback_pixels=0 compose_us=31099 complete_us=18206 hit=1
[22:27:18] TINYDRAW_GATE1_CACHE_ROUND_TRIP zoom=400 from_x=63 from_y=63 via_x=575 via_y=575 remaining=0 tile_pixels=164608 fallback_pixels=0 compose_us=31653 complete_us=18041 hit=1
[22:27:18] TINYDRAW_GATE1_CACHE_RETENTION pass=1 slots=448 revision=2144
[22:27:20] TINYDRAW_PAPER_SWEEP zoom=100 identities=644 raw=266 uniform=378 fallback=0 slots=448 total_us=1499709 pass=1
[22:27:25] TINYDRAW_GATE1_CACHE_TOUR slots=448 stops=16 forward_steps=2306 forward_tiles=832 forward_wall_us=2452483 return_missing_tiles=0 return_steps=16 return_tiles=0 return_wall_us=43181 home_missing=0 home_fallback_pixels=0 pass=1
[22:27:25] TINYDRAW_GATE1_MIXED_DRAW_WARM zoom=50 fill_tiles=56 fill_us=468378 raw=42 uniform=14
[22:27:26] TINYDRAW_GATE1_MIXED_DRAW_WARM zoom=100 fill_tiles=56 fill_us=432582 raw=56 uniform=0
[22:27:26] TINYDRAW_GATE1_MIXED_DRAW_WARM zoom=200 fill_tiles=56 fill_us=398614 raw=56 uniform=0
[22:27:27] TINYDRAW_GATE1_MIXED_DRAW_WARM zoom=400 fill_tiles=42 fill_us=271260 raw=42 uniform=0
[22:27:28] TINYDRAW_GATE1_MIXED_DRAW zoom=25 tool=pen chunks=50 append_max_us=9590 append_avg_us=8419 append_total_us=420958 affected_tiles=196 published=0 fallback=196 visible_fallback=0 committed=1 authority=1 refresh=1 run_ok=1 pass=1
[22:27:28] TINYDRAW_GATE1_MIXED_DRAW zoom=25 tool=eraser chunks=50 append_max_us=9753 append_avg_us=8367 append_total_us=418381 affected_tiles=0 published=0 fallback=0 visible_fallback=0 committed=1 authority=1 refresh=1 run_ok=1 pass=1
[22:27:30] TINYDRAW_GATE1_MIXED_DRAW zoom=50 tool=pen chunks=50 append_max_us=12568 append_avg_us=10341 append_total_us=517065 affected_tiles=422 published=400 fallback=22 visible_fallback=0 committed=1 authority=1 refresh=1 run_ok=1 pass=1
[22:27:31] TINYDRAW_GATE1_MIXED_DRAW zoom=50 tool=eraser chunks=50 append_max_us=11053 append_avg_us=10068 append_total_us=503405 affected_tiles=405 published=405 fallback=0 visible_fallback=0 committed=1 authority=1 refresh=1 run_ok=1 pass=1
[22:27:33] TINYDRAW_GATE1_MIXED_DRAW zoom=100 tool=pen chunks=50 append_max_us=10234 append_avg_us=8590 append_total_us=429538 affected_tiles=450 published=398 fallback=52 visible_fallback=0 committed=1 authority=1 refresh=1 run_ok=1 pass=1
[22:27:33] TINYDRAW_GATE1_MIXED_DRAW zoom=100 tool=eraser chunks=50 append_max_us=9381 append_avg_us=8347 append_total_us=417356 affected_tiles=399 published=399 fallback=0 visible_fallback=0 committed=1 authority=1 refresh=1 run_ok=1 pass=1
[22:27:35] TINYDRAW_GATE1_MIXED_DRAW zoom=200 tool=pen chunks=50 append_max_us=9990 append_avg_us=7976 append_total_us=398825 affected_tiles=425 published=389 fallback=36 visible_fallback=0 committed=1 authority=1 refresh=1 run_ok=1 pass=1
[22:27:35] TINYDRAW_GATE1_MIXED_DRAW zoom=200 tool=eraser chunks=50 append_max_us=8787 append_avg_us=7704 append_total_us=385220 affected_tiles=388 published=388 fallback=0 visible_fallback=0 committed=1 authority=1 refresh=1 run_ok=1 pass=1
[22:27:37] TINYDRAW_GATE1_MIXED_DRAW zoom=400 tool=pen chunks=50 append_max_us=9208 append_avg_us=7360 append_total_us=368016 affected_tiles=358 published=334 fallback=24 visible_fallback=0 committed=1 authority=1 refresh=1 run_ok=1 pass=1
[22:27:38] TINYDRAW_GATE1_MIXED_DRAW zoom=400 tool=eraser chunks=50 append_max_us=8178 append_avg_us=7214 append_total_us=360731 affected_tiles=350 published=350 fallback=0 visible_fallback=0 committed=1 authority=1 refresh=1 run_ok=1 pass=1
[22:27:38] TINYDRAW_GATE1_MIXED_DRAW_REVISIT zoom=50 missing=4 refill_tiles=4 refill_us=144631
[22:27:38] TINYDRAW_GATE1_MIXED_DRAW_REVISIT zoom=100 missing=9 refill_tiles=9 refill_us=247319
[22:27:38] TINYDRAW_GATE1_MIXED_DRAW_REVISIT zoom=200 missing=16 refill_tiles=16 refill_us=253652
[22:27:38] TINYDRAW_GATE1_MIXED_DRAW_REVISIT zoom=400 missing=0 refill_tiles=0 refill_us=883
[22:27:38] TINYDRAW_GATE1_MIXED_DRAW_SUMMARY slots=448 strokes=10 worst_append_us=12568 pass=1
[22:27:44] TINYDRAW_GATE1_IDLE_REPAIR damaged=588 remaining=0 plan_views=24 steps=4103 repair_us=3820536 worst_step_us=8238 warm_tiles=56 pass=1
[22:27:45] TINYDRAW_HAIRLINE_DOC ops=782 samples=8061 append_total_us=940930 append_max_us=5983
[22:27:46] TINYDRAW_HAIRLINE_COLD zoom=100 wall_us=265255 steps=221 tiles=56 worst_step_us=9181
[22:27:46] TINYDRAW_HAIRLINE_COLD zoom=400 wall_us=207855 steps=208 tiles=48 worst_step_us=8415
[22:27:49] TINYDRAW_HAIRLINE_REPAIR steps=2508 wall_us=2723418 worst_step_us=9416 resident=407/448 grid_stopped=1 pass2_steps=8 pass2_wall_us=11886 no_churn=1
[22:27:50] TINYDRAW_HAIRLINE_TOUR stops=8 total_us=1198689 worst_stop_us=235188 worst_step_us=11193
[22:27:50] TINYDRAW_GATE1_HAIRLINE raw=339 uniform=72 fallback=233 capacity=448 worst_step_us=11193 grid_stopped=1 pass=1
[22:27:52] TINYDRAW_GATE1_LONG_GESTURE path=reference samples=1600 chunks=26 append_total_us=719181 append_max_us=34276 append_avg_us=27660 refresh_fallback_pixels=0 settled_fallback_pixels=0 committed=1 authority=1 refresh=1 run_ok=1
[22:27:52] TINYDRAW_GATE1_LONG_GESTURE path=in_place samples=1600 chunks=52 append_total_us=364940 append_max_us=8552 append_avg_us=7018 refresh_fallback_pixels=0 settled_fallback_pixels=0 committed=1 authority=1 refresh=1 run_ok=1
[22:27:52] TINYDRAW_V2_EXPORT_PROGRESS row=0 of=1792
[22:27:53] TINYDRAW_V2_EXPORT_PROGRESS row=256 of=1792
[22:27:54] TINYDRAW_V2_EXPORT_PROGRESS row=512 of=1792
[22:27:55] TINYDRAW_V2_EXPORT_PROGRESS row=768 of=1792
[22:27:55] TINYDRAW_V2_EXPORT_PROGRESS row=1024 of=1792
[22:27:56] TINYDRAW_V2_EXPORT_PROGRESS row=1280 of=1792
[22:27:57] TINYDRAW_V2_EXPORT_PROGRESS row=1536 of=1792
[22:27:58] TINYDRAW_GATE1_EXPORT encoded=1 bytes=40045 elapsed_us=5807542 workspace_bytes=50652 band_bytes=376832 free_psram=1987924 free_internal=152404 signature=1 dimensions=1 chunks=3 chunks_ok=1 pass=1
[22:27:58] TINYDRAW_EXPORT_RESERVE requested=1572864 free_before=1987924 largest_before=1966080 free_held=415056 largest_held=409600 pass=1
[22:27:58] TINYDRAW_GATE1_AUTOMATED_DONE stress=1 stress_100=1 stress_400=1 overlap_ready=1 overlap_cold=1 adversarial_ready=1 adversarial_cold=1 workload=1 paced_cold=1 hard_100=1 hard_400=1 pan_100=1 pan_400=1 pan_seq=1 live_overlay=1 draw_fill=1 cache=1 full_world_cache=1 cache_tour=1 mixed_draw=1 idle_repair=1 hairline=1 long_gesture=1 export_encode=1 export_reserve=1 return=1 ssaa_receipt=yellow
[22:27:58] TINYDRAW_VECTOR_V2_GATE_HARNESS_DONE pass=1
[22:27:58] TINYDRAW_VECTOR_V2_READY zoom=25 controls=chrome button=cycle_all_zooms operations_capacity=4000 samples_capacity=80000 live_storage_bytes=6356256 overview_bytes=1318912 raw_tile_bytes=3670016 tile_metadata_bytes=73976 operation_bytes=720000 live_scratch_bytes=573352 free_psram=1987924 largest_psram=1966080 te_edges=3587 te_period_us=16799 te_high_us=581 te_level=0 main_stack_free=4456
