[11:46:41] I (103) esp_image: segment 0: paddr=00010020 vaddr=3c0c0020 sizeESP-ROM:esp32s3-20210327
[11:46:41] Build:Mar 27 2021
[11:46:41] rst:0x15 (USB_UART_CHIP_RESET),boot:0x2b (SPI_FAST_FLASH_BOOT)
[11:46:41] Saved PC:0x4037db92
[11:46:41] SPIWP:0xee
[11:46:41] mode:DIO, clock div:1
[11:46:41] load:0x3fce2820,len:0x1664
[11:46:41] load:0x403c8700,len:0xf38
[11:46:41] load:0x403cb700,len:0x31e8
[11:46:41] entry 0x403c8930
[11:46:41] I (24) boot: ESP-IDF v6.0.2 2nd stage bootloader
[11:46:41] I (24) boot: compile time Aug 17 2026 10:51:20
[11:46:41] I (25) boot: Multicore bootloader
[11:46:41] I (25) boot: chip revision: v0.2
[11:46:41] I (28) boot: efuse block revision: v1.3
[11:46:41] I (31) qio_mode: Enabling default flash chip QIO
[11:46:41] I (36) boot.esp32s3: Boot SPI Speed : 80MHz
[11:46:41] I (39) boot.esp32s3: SPI Mode       : QIO
[11:46:41] I (43) boot.esp32s3: SPI Flash Size : 16MB
[11:46:41] I (47) boot: Enabling RNG early entropy source...
[11:46:41] I (51) boot: Partition Table:
[11:46:41] I (54) boot: ## Label            Usage          Type ST Offset   Length
[11:46:41] I (60) boot:  0 nvs              WiFi data        01 02 00009000 00006000
[11:46:41] I (67) boot:  1 phy_init         RF data          01 01 0000f000 00001000
[11:46:41] I (73) boot:  2 factory          factory app      00 00 00010000 00100000
[11:46:41] I (80) boot:  3 drawing          Unknown data     01 40 00110000 00300000
[11:46:41] I (86) boot:  4 export           Unknown data     01 41 00410000 00500000
[11:46:41] I (93) boot:  5 coredump         Unknown data     01 03 00910000 00010000
[11:46:41] I (100) boot: End of partition table
[11:46:41] I (103) esp_image: segment 0: paddr=00010020 vaddr=3c0c0020 size=20fd4h (135124) map
[11:46:41] I (131) esp_image: segment 1: paddr=00030ffc vaddr=3fc9e000 size=05658h ( 22104) load
[11:46:41] I (136) esp_image: segment 2: paddr=0003665c vaddr=40374000 size=099bch ( 39356) load
[11:46:41] I (144) esp_image: segment 3: paddr=00040020 vaddr=42000020 size=b4c18h (740376) map
[11:46:41] I (259) esp_image: segment 4: paddr=000f4c40 vaddr=4037d9bc size=105c0h ( 67008) load
[11:46:41] I (273) esp_image: segment 5: paddr=00105208 vaddr=50000000 size=00024h (    36) load
[11:46:41] I (284) boot: Loaded app from partition at offset 0x10000
[11:46:41] I (284) boot: Disabling RNG early entropy source...
[11:46:41] I (294) octal_psram: vendor id    : 0x0d (AP)
[11:46:41] I (294) octal_psram: dev id       : 0x02 (generation 3)
[11:46:41] I (295) octal_psram: density      : 0x03 (64 Mbit)
[11:46:41] I (297) octal_psram: good-die     : 0x01 (Pass)
[11:46:41] I (301) octal_psram: Latency      : 0x01 (Fixed)
[11:46:41] I (305) octal_psram: VCC          : 0x01 (3V)
[11:46:41] I (309) octal_psram: SRF          : 0x01 (Fast Refresh)
[11:46:41] I (314) octal_psram: BurstType    : 0x01 (Hybrid Wrap)
[11:46:41] I (319) octal_psram: BurstLen     : 0x01 (32 Byte)
[11:46:41] I (324) octal_psram: Readlatency  : 0x02 (10 cycles@Fixed)
[11:46:41] I (329) octal_psram: DriveStrength: 0x00 (1/1)
[11:46:41] I (333) MSPI Timing: Enter psram timing tuning
[11:46:41] I (338) esp_psram: Found 8MB PSRAM device
[11:46:41] I (341) esp_psram: Speed: 80MHz
[11:46:41] I (344) cpu_start: Multicore app
[11:46:41] I (760) esp_psram: SPI SRAM memory test OK
[11:46:41] I (768) cpu_start: GPIO 44 and 43 are used as console UART I/O pins
[11:46:41] I (768) cpu_start: Pro cpu start user code
[11:46:41] I (769) cpu_start: cpu freq: 240000000 Hz
[11:46:41] I (770) app_init: Application information:
[11:46:41] I (774) app_init: Project name:     tinydraw_esp32
[11:46:41] I (779) app_init: App version:      383609e
[11:46:41] I (782) app_init: Compile time:     Aug 17 2026 11:46:17
[11:46:41] I (788) app_init: ELF file SHA256:  f3e290d73...
[11:46:41] I (792) app_init: ESP-IDF:          v6.0.2
[11:46:41] I (796) efuse_init: Min chip rev:     v0.0
[11:46:41] I (799) efuse_init: Max chip rev:     v0.99 
[11:46:41] I (803) efuse_init: Chip rev:         v0.2
[11:46:41] I (807) heap_init: Initializing. RAM available for dynamic allocation:
[11:46:41] I (814) heap_init: At 3FCA81B0 len 00041560 (261 KiB): RAM
[11:46:41] I (819) heap_init: At 3FCE9710 len 00005724 (21 KiB): RAM
[11:46:41] I (824) heap_init: At 3FCF0000 len 00008000 (32 KiB): DRAM
[11:46:41] I (829) heap_init: At 600FE000 len 00001FE8 (7 KiB): RTCRAM
[11:46:41] I (835) esp_psram: Adding pool of 8192K of PSRAM memory to heap allocator
[11:46:41] I (841) spi_flash: detected chip: generic
[11:46:41] I (845) spi_flash: flash io: qio
[11:46:41] I (848) sleep_gpio: Configure to isolate all GPIO pins in sleep state
[11:46:41] I (854) sleep_gpio: Enable automatic switching of GPIO sleep configuration
[11:46:41] I (861) main_task: Started on CPU0
[11:46:41] I (864) main_task: Calling app_main()
[11:46:41] TINYDRAW_PRODUCER_SCRATCH supertask_internal=1 slot_directory_internal=0 free_internal=248488 free_psram=2280180
[11:46:42] TINYDRAW_PANEL_HARD_RESET=0
[11:46:42] TINYDRAW_PANEL_TRANSPORT requested_clock_mhz=50 effective_clock_mhz=40
[11:46:42] I (1071) co5300: version: 2.1.0
[11:46:42] I (1071) co5300_spi: LCD panel create success, version: 2.1.0
[11:46:42] W (1156) co5300_spi: The 3Ah command has been used and will be overwritten by external initialization sequence
[11:46:42] I (1257) CST816S: IC id: 183
[11:46:42] I (1258) PCF85063A: PCF85063A initialized successfully
[11:46:42] TINYDRAW_RTC ready=1 retained=1 local=2026-08-17T10:46:42
[11:46:42] TINYDRAW_VECTOR_V2_PRESENTATION experiment=boundary-top-sweep te_edge=rising requested_clock_mhz=50 effective_clock_mhz=40 optical_acceptance=external_manual
[11:46:42] TINYDRAW_PANEL_TE_HEAL drained=1 paged=1 sent=1 high=0/34 edges_delta=0 isr_reinstall=0 falling_edges=0
[11:46:42] TINYDRAW_LIVE_PRESENT kind=startup zoom=25 x=0 y=0 compose_us=26057 scroll_us=0 exposed_compose_us=0 chrome_us=0 chrome_prepare_us=8230 chrome_stage_us=0 read_submit_us=0 read_complete_us=0 transfer_wait_us=0 tile_pixels=0 uniform_pixels=0 overview_pixels=164864 fallback_pixels=0 resident_tiles=0 fallback_tiles=0 pushes=0 tear_wait_us=109905 tear_edge_isr_to_resume_us=0 tear_edge_observed=0 tear_edge_wait_resumed=0 tear_edge_timeout=1 tear_heal_attempted=1 tear_heal_command_sent=1 presentation_experiment=boundary-top-sweep te_edge=rising requested_clock_mhz=50 effective_clock_mhz=40 frame_reused=0 pass=0
[11:46:42] TINYDRAW_VECTOR_V2_READY zoom=25 controls=chrome button=cycle_all_zooms operations_capacity=4000 samples_capacity=80000 live_storage_bytes=5915800 overview_bytes=1318912 raw_tile_bytes=3670016 tile_metadata_bytes=101360 operation_bytes=720000 live_scratch_bytes=105512 free_psram=2278540 largest_psram=2228224 te_edges=0 te_period_us=-1 te_high_us=-1 te_level=0 main_stack_free=6312
[11:46:42] TINYDRAW_LIVE_SETTLE zoom=25 tiles=42 total_us=74565 max_tile_us=2153 failures=0
