[22:45:36] I (103) esp_image: segment 0: paddr=00010020 vaddr=3c010020 sizeESP-ROM:esp32s3-20210327
[22:45:36] Build:Mar 27 2021
[22:45:36] rst:0x15 (USB_UART_CHIP_RESET),boot:0x2b (SPI_FAST_FLASH_BOOT)
[22:45:36] Saved PC:0x40378b7a
[22:45:36] SPIWP:0xee
[22:45:36] mode:DIO, clock div:1
[22:45:36] load:0x3fce2820,len:0x1664
[22:45:36] load:0x403c8700,len:0xf38
[22:45:36] load:0x403cb700,len:0x31e8
[22:45:36] entry 0x403c8930
[22:45:36] I (24) boot: ESP-IDF v6.0.2 2nd stage bootloader
[22:45:36] I (24) boot: compile time Aug 12 2026 22:42:25
[22:45:36] I (25) boot: Multicore bootloader
[22:45:36] I (25) boot: chip revision: v0.2
[22:45:36] I (28) boot: efuse block revision: v1.3
[22:45:36] I (31) qio_mode: Enabling default flash chip QIO
[22:45:36] I (36) boot.esp32s3: Boot SPI Speed : 80MHz
[22:45:36] I (39) boot.esp32s3: SPI Mode       : QIO
[22:45:36] I (43) boot.esp32s3: SPI Flash Size : 16MB
[22:45:36] I (47) boot: Enabling RNG early entropy source...
[22:45:36] I (51) boot: Partition Table:
[22:45:36] I (54) boot: ## Label            Usage          Type ST Offset   Length
[22:45:36] I (60) boot:  0 nvs              WiFi data        01 02 00009000 00006000
[22:45:36] I (67) boot:  1 phy_init         RF data          01 01 0000f000 00001000
[22:45:36] I (73) boot:  2 factory          factory app      00 00 00010000 00100000
[22:45:36] I (80) boot:  3 drawing          Unknown data     01 40 00110000 00300000
[22:45:36] I (86) boot:  4 export           Unknown data     01 41 00410000 00500000
[22:45:36] I (93) boot:  5 coredump         Unknown data     01 03 00910000 00010000
[22:45:36] I (100) boot: End of partition table
[22:45:36] I (103) esp_image: segment 0: paddr=00010020 vaddr=3c010020 size=08ca8h ( 36008) map
[22:45:36] I (116) esp_image: segment 1: paddr=00018cd0 vaddr=3fc90800 size=03448h ( 13384) load
[22:45:36] I (120) esp_image: segment 2: paddr=0001c120 vaddr=40374000 size=03ef8h ( 16120) load
[22:45:36] I (129) esp_image: segment 3: paddr=00020020 vaddr=42000020 size=0f9b0h ( 63920) map
[22:45:36] I (143) esp_image: segment 4: paddr=0002f9d8 vaddr=40377ef8 size=08818h ( 34840) load
[22:45:36] I (150) esp_image: segment 5: paddr=000381f8 vaddr=50000000 size=00024h (    36) load
[22:45:36] I (156) boot: Loaded app from partition at offset 0x10000
[22:45:36] I (156) boot: Disabling RNG early entropy source...
[22:45:36] I (169) octal_psram: vendor id    : 0x0d (AP)
[22:45:36] I (169) octal_psram: dev id       : 0x02 (generation 3)
[22:45:36] I (170) octal_psram: density      : 0x03 (64 Mbit)
[22:45:36] I (172) octal_psram: good-die     : 0x01 (Pass)
[22:45:36] I (176) octal_psram: Latency      : 0x01 (Fixed)
[22:45:36] I (180) octal_psram: VCC          : 0x01 (3V)
[22:45:36] I (184) octal_psram: SRF          : 0x01 (Fast Refresh)
[22:45:36] I (189) octal_psram: BurstType    : 0x01 (Hybrid Wrap)
[22:45:36] I (194) octal_psram: BurstLen     : 0x01 (32 Byte)
[22:45:36] I (199) octal_psram: Readlatency  : 0x02 (10 cycles@Fixed)
[22:45:36] I (204) octal_psram: DriveStrength: 0x00 (1/1)
[22:45:36] I (208) MSPI Timing: Enter psram timing tuning
[22:45:36] I (213) esp_psram: Found 8MB PSRAM device
[22:45:36] I (216) esp_psram: Speed: 80MHz
[22:45:36] I (219) cpu_start: Multicore app
[22:45:37] I (635) esp_psram: SPI SRAM memory test OK
[22:45:37] I (643) cpu_start: GPIO 44 and 43 are used as console UART I/O pins
[22:45:37] I (644) cpu_start: Pro cpu start user code
[22:45:37] I (644) cpu_start: cpu freq: 240000000 Hz
[22:45:37] I (645) app_init: Application information:
[22:45:37] I (649) app_init: Project name:     tinydraw_esp32
[22:45:37] I (654) app_init: App version:      1f91ed0
[22:45:37] I (658) app_init: Compile time:     Aug 12 2026 22:45:21
[22:45:37] I (663) app_init: ELF file SHA256:  bbf700d09...
[22:45:37] I (667) app_init: ESP-IDF:          v6.0.2
[22:45:37] I (671) efuse_init: Min chip rev:     v0.0
[22:45:37] I (675) efuse_init: Max chip rev:     v0.99 
[22:45:37] I (679) efuse_init: Chip rev:         v0.2
[22:45:37] I (682) heap_init: Initializing. RAM available for dynamic allocation:
[22:45:37] I (689) heap_init: At 3FC94650 len 000550C0 (340 KiB): RAM
[22:45:37] I (694) heap_init: At 3FCE9710 len 00005724 (21 KiB): RAM
[22:45:37] I (699) heap_init: At 3FCF0000 len 00008000 (32 KiB): DRAM
[22:45:37] I (704) heap_init: At 600FE000 len 00001FE8 (7 KiB): RTCRAM
[22:45:37] I (710) esp_psram: Adding pool of 8192K of PSRAM memory to heap allocator
[22:45:37] I (716) spi_flash: detected chip: generic
[22:45:37] I (720) spi_flash: flash io: qio
[22:45:37] I (723) sleep_gpio: Configure to isolate all GPIO pins in sleep state
[22:45:37] I (729) sleep_gpio: Enable automatic switching of GPIO sleep configuration
[22:45:37] I (736) main_task: Started on CPU0
[22:45:37] I (739) main_task: Calling app_main()
[22:45:37] TINYDRAW_PRODUCTION_MEMORY_ALLOCATION name=overview bytes=329728 ok=1
[22:45:37] TINYDRAW_PRODUCTION_MEMORY_ALLOCATION name=tile_pool bytes=1048576 ok=1
[22:45:37] TINYDRAW_PRODUCTION_MEMORY_ALLOCATION name=tile_metadata bytes=5120 ok=1
[22:45:37] TINYDRAW_PRODUCTION_MEMORY_ALLOCATION name=operation_records bytes=80000 ok=1
[22:45:37] TINYDRAW_PRODUCTION_MEMORY_ALLOCATION name=operation_samples bytes=640000 ok=1
[22:45:37] TINYDRAW_PRODUCTION_MEMORY_ALLOCATION name=lod_samples bytes=540000 ok=1
[22:45:37] TINYDRAW_PRODUCTION_MEMORY_ALLOCATION name=lod_spans bytes=128000 ok=1
[22:45:37] TINYDRAW_PRODUCTION_MEMORY_ALLOCATION name=renderer_workspace bytes=163840 ok=1
[22:45:37] TINYDRAW_PRODUCTION_MEMORY_ALLOCATION name=display_workspace bytes=103040 ok=1
[22:45:37] TINYDRAW_PRODUCTION_MEMORY_RECEIPT plan_bytes=3038304 allocated_bytes=3038304 free_before=8386156 largest_before=8257536 free_after_plan=5321288 largest_after_plan=5242880 reserve_target=1572864 reserve_allocated=1 free_after_reserve=3748420 largest_after_reserve=3735552 plan_allocated=1
[22:45:37] TINYDRAW_PRODUCTION_MEMORY_DONE pass=1
[22:45:37] I (830) main_task: Returned from app_main()
