TinyDraw fail-closed production overview walk hardware receipt
Commit: 3b69d59
Date: 2026-08-13
Device: ESP32-S3 revision v0.2, 8 MiB octal PSRAM
Port: /dev/cu.usbmodem1101
ESP-IDF: v6.0.2
Command: ./scripts/esp32 production-overview-walk /dev/cu.usbmodem1101

This rerun verifies the fail-closed expected hashes, exact per-frame/total push
counts, measured rejected-push count, submit-before-draw sequencing, separate
PSRAM overview publication source, and 105/105 transfer completion.

I (669) app_init: App version:      3b69d59
I (678) app_init: ELF file SHA256:  74792bad4...
TINYDRAW_PANEL_HARD_RESET=1
TINYDRAW_PRODUCTION_WALK_FRAME zoom=25 x=0 y=0 hash=d76c09b1 pushes=21 elapsed_us=20677 completed=1 submit=21 complete=21
TINYDRAW_PRODUCTION_WALK_FRAME zoom=100 x=0 y=0 hash=d9e39425 pushes=21 compose_us=9296 elapsed_us=26998 completed=1 submit=42 complete=42
TINYDRAW_PRODUCTION_WALK_FRAME zoom=100 x=184 y=224 hash=a4ce26e5 pushes=21 compose_us=9173 elapsed_us=27000 completed=1 submit=63 complete=63
TINYDRAW_PRODUCTION_WALK_FRAME zoom=100 x=552 y=672 hash=1b5753a5 pushes=21 compose_us=9300 elapsed_us=27000 completed=1 submit=84 complete=84
TINYDRAW_PRODUCTION_WALK_FRAME zoom=100 x=1104 y=1344 hash=91f8b705 pushes=21 compose_us=10085 elapsed_us=27000 completed=1 submit=105 complete=105
TINYDRAW_PRODUCTION_WALK_DONE pass=1 panel_rejects=0 prepare_us=31916 transfer_us=15187 pushes=105 submit=105 complete=105 free_psram=7689776 largest_psram=7602176

This proves the instrumented software-to-panel-transport path completed with the
expected source hashes and no software window rejection. It is not panel GRAM
readback, a photo, an interactive pan p95, incremental tile proof, or #58.
