[17:03:01] I (103) esp_image: segment 0: paddr=00010020 vaddr=3c030020 sizeESP-ROM:esp32s3-20210327
[17:03:01] Build:Mar 27 2021
[17:03:01] rst:0x15 (USB_UART_CHIP_RESET),boot:0x2b (SPI_FAST_FLASH_BOOT)
[17:03:01] Saved PC:0x4037b7d6
[17:03:01] SPIWP:0xee
[17:03:01] mode:DIO, clock div:1
[17:03:01] load:0x3fce2820,len:0x1664
[17:03:01] load:0x403c8700,len:0xf38
[17:03:01] load:0x403cb700,len:0x31e8
[17:03:01] entry 0x403c8930
[17:03:01] I (24) boot: ESP-IDF v6.0.2 2nd stage bootloader
[17:03:01] I (24) boot: compile time Aug 13 2026 17:02:35
[17:03:01] I (25) boot: Multicore bootloader
[17:03:01] I (25) boot: chip revision: v0.2
[17:03:01] I (28) boot: efuse block revision: v1.3
[17:03:01] I (31) qio_mode: Enabling default flash chip QIO
[17:03:01] I (36) boot.esp32s3: Boot SPI Speed : 80MHz
[17:03:01] I (39) boot.esp32s3: SPI Mode       : QIO
[17:03:01] I (43) boot.esp32s3: SPI Flash Size : 16MB
[17:03:01] I (47) boot: Enabling RNG early entropy source...
[17:03:01] I (51) boot: Partition Table:
[17:03:01] I (54) boot: ## Label            Usage          Type ST Offset   Length
[17:03:01] I (60) boot:  0 nvs              WiFi data        01 02 00009000 00006000
[17:03:01] I (67) boot:  1 phy_init         RF data          01 01 0000f000 00001000
[17:03:01] I (73) boot:  2 factory          factory app      00 00 00010000 00100000
[17:03:01] I (80) boot:  3 drawing          Unknown data     01 40 00110000 00300000
[17:03:01] I (86) boot:  4 export           Unknown data     01 41 00410000 00500000
[17:03:01] I (93) boot:  5 coredump         Unknown data     01 03 00910000 00010000
[17:03:01] I (100) boot: End of partition table
[17:03:01] I (103) esp_image: segment 0: paddr=00010020 vaddr=3c030020 size=0ed64h ( 60772) map
[17:03:01] I (120) esp_image: segment 1: paddr=0001ed8c vaddr=3fc93d00 size=0128ch (  4748) load
[17:03:01] I (121) esp_image: segment 2: paddr=00020020 vaddr=42000020 size=2a2c0h (172736) map
[17:03:01] I (152) esp_image: segment 3: paddr=0004a2e8 vaddr=3fc94f8c size=02398h (  9112) load
[17:03:01] I (154) esp_image: segment 4: paddr=0004c688 vaddr=40374000 size=0fcbch ( 64700) load
[17:03:01] I (169) esp_image: segment 5: paddr=0005c34c vaddr=50000000 size=00024h (    36) load
[17:03:01] I (176) boot: Loaded app from partition at offset 0x10000
[17:03:01] I (176) boot: Disabling RNG early entropy source...
[17:03:01] I (187) octal_psram: vendor id    : 0x0d (AP)
[17:03:01] I (187) octal_psram: dev id       : 0x02 (generation 3)
[17:03:01] I (187) octal_psram: density      : 0x03 (64 Mbit)
[17:03:01] I (189) octal_psram: good-die     : 0x01 (Pass)
[17:03:01] I (193) octal_psram: Latency      : 0x01 (Fixed)
[17:03:01] I (197) octal_psram: VCC          : 0x01 (3V)
[17:03:01] I (202) octal_psram: SRF          : 0x01 (Fast Refresh)
[17:03:01] I (207) octal_psram: BurstType    : 0x01 (Hybrid Wrap)
[17:03:01] I (211) octal_psram: BurstLen     : 0x01 (32 Byte)
[17:03:01] I (216) octal_psram: Readlatency  : 0x02 (10 cycles@Fixed)
[17:03:01] I (221) octal_psram: DriveStrength: 0x00 (1/1)
[17:03:01] I (225) MSPI Timing: Enter psram timing tuning
[17:03:01] I (230) esp_psram: Found 8MB PSRAM device
[17:03:01] I (233) esp_psram: Speed: 80MHz
[17:03:01] I (236) cpu_start: Multicore app
[17:03:01] I (652) esp_psram: SPI SRAM memory test OK
[17:03:01] I (660) cpu_start: GPIO 44 and 43 are used as console UART I/O pins
[17:03:01] I (661) cpu_start: Pro cpu start user code
[17:03:01] I (661) cpu_start: cpu freq: 240000000 Hz
[17:03:01] I (663) app_init: Application information:
[17:03:01] I (666) app_init: Project name:     tinydraw_esp32
[17:03:01] I (671) app_init: App version:      1893334
[17:03:01] I (675) app_init: Compile time:     Aug 13 2026 17:02:29
[17:03:01] I (680) app_init: ELF file SHA256:  91d297da8...
[17:03:01] I (684) app_init: ESP-IDF:          v6.0.2
[17:03:01] I (688) efuse_init: Min chip rev:     v0.0
[17:03:01] I (692) efuse_init: Max chip rev:     v0.99 
[17:03:01] I (696) efuse_init: Chip rev:         v0.2
[17:03:01] I (700) heap_init: Initializing. RAM available for dynamic allocation:
[17:03:01] I (706) heap_init: At 3FC97DF0 len 00051920 (326 KiB): RAM
[17:03:01] I (711) heap_init: At 3FCE9710 len 00005724 (21 KiB): RAM
[17:03:01] I (716) heap_init: At 3FCF0000 len 00008000 (32 KiB): DRAM
[17:03:01] I (721) heap_init: At 600FE000 len 00001FE8 (7 KiB): RTCRAM
[17:03:01] I (727) esp_psram: Adding pool of 8192K of PSRAM memory to heap allocator
[17:03:01] I (734) spi_flash: detected chip: generic
[17:03:01] I (737) spi_flash: flash io: qio
[17:03:01] I (740) sleep_gpio: Configure to isolate all GPIO pins in sleep state
[17:03:01] I (746) sleep_gpio: Enable automatic switching of GPIO sleep configuration
[17:03:01] I (753) main_task: Started on CPU0
[17:03:01] I (756) main_task: Calling app_main()
[17:03:01] TINYDRAW_PANEL_HARD_RESET=1
[17:03:01] I (949) co5300: version: 2.1.0
[17:03:01] I (950) co5300_spi: LCD panel create success, version: 2.1.0
[17:03:02] W (1030) co5300_spi: The 3Ah command has been used and will be overwritten by external initialization sequence
[17:03:02] I (1130) CST816S: IC id: 183
[17:03:02] TINYDRAW_LIVE_PRESENT kind=startup zoom=25 x=0 y=0 compose_us=34608 read_submit_us=0 read_complete_us=0 transfer_wait_us=19276 tile_pixels=0 fallback_pixels=164864 resident_tiles=0 fallback_tiles=1 pushes=21 pass=1
[17:03:02] TINYDRAW_LIVE_STRESS operations=1000 samples=20000 total_us=403635 average_us=403 maximum_us=686 free_psram=2801332 largest_psram=2752512
[17:03:02] TINYDRAW_LIVE_PRESENT kind=gate_fallback zoom=100 x=0 y=0 compose_us=24356 read_submit_us=25123 read_complete_us=25926 transfer_wait_us=19204 tile_pixels=0 fallback_pixels=164864 resident_tiles=0 fallback_tiles=42 pushes=21 pass=1
[17:03:03] TINYDRAW_GATE1_HARD zoom=100 cold=1 operations=1000 samples=20000 steps=192 tiles=42 scanned=12000 rendered=125 max_supertask_us=7560 presentation_us=61424 total_us=402631 pass=1
[17:03:03] TINYDRAW_LIVE_PRESENT kind=gate_fallback zoom=400 x=0 y=0 compose_us=23771 read_submit_us=24532 read_complete_us=25335 transfer_wait_us=19549 tile_pixels=0 fallback_pixels=164864 resident_tiles=0 fallback_tiles=42 pushes=21 pass=1
[17:03:03] TINYDRAW_GATE1_HARD zoom=400 cold=1 operations=1000 samples=20000 steps=196 tiles=42 scanned=12000 rendered=28 max_supertask_us=12004 presentation_us=60982 total_us=316177 pass=1
[17:03:03] TINYDRAW_GATE1_WORKLOAD kind=realistic seed=7 operations=1000 samples=19844 maximum_stroke=198 load_us=273025 raw_source=1 lod_copies=0
[17:03:03] TINYDRAW_LIVE_PRESENT kind=gate_fallback zoom=100 x=0 y=0 compose_us=24327 read_submit_us=25114 read_complete_us=25918 transfer_wait_us=19800 tile_pixels=0 fallback_pixels=164864 resident_tiles=0 fallback_tiles=42 pushes=21 pass=1
[17:03:04] TINYDRAW_GATE1_HARD zoom=100 cold=1 operations=1000 samples=19844 steps=275 tiles=42 scanned=12000 rendered=475 max_supertask_us=6184 presentation_us=60451 total_us=456455 pass=1
[17:03:04] TINYDRAW_GATE1_PAN zoom=100 from_x=0 from_y=0 to_x=120 to_y=120 compose_us=26768 event_submit_us=27409 event_complete_us=28215 transfer_us=19579 setup=1 present=1 moved=1 pass=1
[17:03:04] TINYDRAW_LIVE_PRESENT kind=gate_fallback zoom=400 x=0 y=0 compose_us=23767 read_submit_us=24482 read_complete_us=25283 transfer_wait_us=19919 tile_pixels=0 fallback_pixels=164864 resident_tiles=0 fallback_tiles=42 pushes=21 pass=1
[17:03:04] TINYDRAW_GATE1_HARD zoom=400 cold=1 operations=1000 samples=19844 steps=211 tiles=42 scanned=12000 rendered=102 max_supertask_us=10889 presentation_us=60937 total_us=398760 pass=1
[17:03:05] TINYDRAW_GATE1_PAN zoom=400 from_x=0 from_y=0 to_x=120 to_y=120 compose_us=26511 event_submit_us=27151 event_complete_us=27957 transfer_us=19837 setup=1 present=1 moved=1 pass=1
[17:03:05] TINYDRAW_GATE1_DRAW_FILL zoom=400 revision=2002 append_us=588 poll_gap_us=1408 event_submit_us=3463 event_complete_us=3643 max_compute_slice_us=12835 max_display_slice_us=16060 fill_us=434220 stale_rejected=1 pass=1
[17:03:06] TINYDRAW_GATE1_CACHE_FILL zoom=50 x=63 y=63 published=56 total_us=687995 within_cold_gate=0 complete=1
[17:03:06] TINYDRAW_GATE1_CACHE_FILL zoom=100 x=63 y=63 published=56 total_us=687997 within_cold_gate=0 complete=1
[17:03:07] TINYDRAW_GATE1_CACHE_FILL zoom=200 x=63 y=63 published=56 total_us=644997 within_cold_gate=0 complete=1
[17:03:08] TINYDRAW_GATE1_CACHE_FILL zoom=400 x=63 y=63 published=56 total_us=669997 within_cold_gate=0 complete=1
[17:03:08] TINYDRAW_GATE1_CACHE_REVISIT zoom=50 remaining=0 tile_pixels=164864 fallback_pixels=0 compose_us=28688 complete_us=19912 hit=1
[17:03:08] TINYDRAW_GATE1_CACHE_REVISIT zoom=100 remaining=0 tile_pixels=164864 fallback_pixels=0 compose_us=29233 complete_us=19209 hit=1
[17:03:08] TINYDRAW_GATE1_CACHE_REVISIT zoom=200 remaining=0 tile_pixels=164864 fallback_pixels=0 compose_us=29965 complete_us=19220 hit=1
[17:03:08] TINYDRAW_GATE1_CACHE_REVISIT zoom=400 remaining=0 tile_pixels=164864 fallback_pixels=0 compose_us=30697 complete_us=19324 hit=1
[17:03:09] TINYDRAW_GATE1_CACHE_FILL zoom=400 x=575 y=575 published=56 total_us=720998 within_cold_gate=0 complete=1
[17:03:09] TINYDRAW_GATE1_CACHE_ROUND_TRIP zoom=50 from_x=63 from_y=63 via_x=575 via_y=575 remaining=0 tile_pixels=164864 fallback_pixels=0 compose_us=28683 complete_us=19922 hit=1
[17:03:09] TINYDRAW_GATE1_CACHE_ROUND_TRIP zoom=100 from_x=63 from_y=63 via_x=575 via_y=575 remaining=0 tile_pixels=164864 fallback_pixels=0 compose_us=29237 complete_us=19705 hit=1
[17:03:09] TINYDRAW_GATE1_CACHE_ROUND_TRIP zoom=200 from_x=63 from_y=63 via_x=575 via_y=575 remaining=0 tile_pixels=164864 fallback_pixels=0 compose_us=29959 complete_us=19732 hit=1
[17:03:09] TINYDRAW_GATE1_CACHE_ROUND_TRIP zoom=400 from_x=63 from_y=63 via_x=575 via_y=575 remaining=0 tile_pixels=164864 fallback_pixels=0 compose_us=30706 complete_us=19818 hit=1
[17:03:09] TINYDRAW_GATE1_CACHE_RETENTION pass=1 slots=320 revision=2002
[17:03:09] TINYDRAW_GATE1_AUTOMATED_DONE stress=1 stress_100=1 stress_400=1 workload=1 hard_100=1 hard_400=1 pan_100=1 pan_400=1 draw_fill=1 cache=1 return=1 ssaa_receipt=yellow
[17:03:09] TINYDRAW_LIVE_READY zoom=25 controls=toolbar button=cycle_25_100_400 long_button=load_1000 operations_capacity=4000 samples_capacity=80000 live_storage_bytes=5540584 free_psram=2801332 largest_psram=2752512
