[19:14:59] I (664) app_init: AppliESP-ROM:esp32s3-20210327
[19:14:59] Build:Mar 27 2021
[19:14:59] rst:0x15 (USB_UART_CHIP_RESET),boot:0x2b (SPI_FAST_FLASH_BOOT)
[19:14:59] Saved PC:0x40048836
[19:14:59] SPIWP:0xee
[19:14:59] mode:DIO, clock div:1
[19:14:59] load:0x3fce2820,len:0x1664
[19:14:59] load:0x403c8700,len:0xf38
[19:14:59] load:0x403cb700,len:0x31e8
[19:14:59] entry 0x403c8930
[19:14:59] I (24) boot: ESP-IDF v6.0.2 2nd stage bootloader
[19:14:59] I (24) boot: compile time Aug 13 2026 19:14:46
[19:14:59] I (25) boot: Multicore bootloader
[19:14:59] I (25) boot: chip revision: v0.2
[19:14:59] I (28) boot: efuse block revision: v1.3
[19:14:59] I (31) qio_mode: Enabling default flash chip QIO
[19:14:59] I (36) boot.esp32s3: Boot SPI Speed : 80MHz
[19:14:59] I (39) boot.esp32s3: SPI Mode       : QIO
[19:14:59] I (43) boot.esp32s3: SPI Flash Size : 16MB
[19:14:59] I (47) boot: Enabling RNG early entropy source...
[19:14:59] I (51) boot: Partition Table:
[19:14:59] I (54) boot: ## Label            Usage          Type ST Offset   Length
[19:14:59] I (60) boot:  0 nvs              WiFi data        01 02 00009000 00006000
[19:14:59] I (67) boot:  1 phy_init         RF data          01 01 0000f000 00001000
[19:14:59] I (73) boot:  2 factory          factory app      00 00 00010000 00100000
[19:14:59] I (80) boot:  3 drawing          Unknown data     01 40 00110000 00300000
[19:14:59] I (86) boot:  4 export           Unknown data     01 41 00410000 00500000
[19:14:59] I (93) boot:  5 coredump         Unknown data     01 03 00910000 00010000
[19:14:59] I (100) boot: End of partition table
[19:14:59] I (103) esp_image: segment 0: paddr=00010020 vaddr=3c030020 size=0ef54h ( 61268) map
[19:14:59] I (120) esp_image: segment 1: paddr=0001ef7c vaddr=3fc93d00 size=0109ch (  4252) load
[19:14:59] I (121) esp_image: segment 2: paddr=00020020 vaddr=42000020 size=2ba8ch (178828) map
[19:14:59] I (153) esp_image: segment 3: paddr=0004bab4 vaddr=3fc94d9c size=02588h (  9608) load
[19:14:59] I (155) esp_image: segment 4: paddr=0004e044 vaddr=40374000 size=0fcbch ( 64700) load
[19:14:59] I (170) esp_image: segment 5: paddr=0005dd08 vaddr=50000000 size=00024h (    36) load
[19:14:59] I (177) boot: Loaded app from partition at offset 0x10000
[19:14:59] I (177) boot: Disabling RNG early entropy source...
[19:14:59] I (188) octal_psram: vendor id    : 0x0d (AP)
[19:14:59] I (188) octal_psram: dev id       : 0x02 (generation 3)
[19:14:59] I (188) octal_psram: density      : 0x03 (64 Mbit)
[19:14:59] I (190) octal_psram: good-die     : 0x01 (Pass)
[19:14:59] I (194) octal_psram: Latency      : 0x01 (Fixed)
[19:14:59] I (198) octal_psram: VCC          : 0x01 (3V)
[19:14:59] I (202) octal_psram: SRF          : 0x01 (Fast Refresh)
[19:14:59] I (207) octal_psram: BurstType    : 0x01 (Hybrid Wrap)
[19:14:59] I (212) octal_psram: BurstLen     : 0x01 (32 Byte)
[19:14:59] I (217) octal_psram: Readlatency  : 0x02 (10 cycles@Fixed)
[19:14:59] I (222) octal_psram: DriveStrength: 0x00 (1/1)
[19:14:59] I (226) MSPI Timing: Enter psram timing tuning
[19:14:59] I (231) esp_psram: Found 8MB PSRAM device
[19:14:59] I (234) esp_psram: Speed: 80MHz
[19:14:59] I (237) cpu_start: Multicore app
[19:14:59] I (653) esp_psram: SPI SRAM memory test OK
[19:14:59] I (661) cpu_start: GPIO 44 and 43 are used as console UART I/O pins
[19:14:59] I (662) cpu_start: Pro cpu start user code
[19:14:59] I (662) cpu_start: cpu freq: 240000000 Hz
[19:14:59] I (664) app_init: Application information:
[19:14:59] I (667) app_init: Project name:     tinydraw_esp32
[19:14:59] I (672) app_init: App version:      1b3e27b
[19:14:59] I (676) app_init: Compile time:     Aug 13 2026 19:14:41
[19:14:59] I (681) app_init: ELF file SHA256:  c91f0754c...
[19:14:59] I (685) app_init: ESP-IDF:          v6.0.2
[19:14:59] I (689) efuse_init: Min chip rev:     v0.0
[19:14:59] I (693) efuse_init: Max chip rev:     v0.99 
[19:14:59] I (697) efuse_init: Chip rev:         v0.2
[19:14:59] I (701) heap_init: Initializing. RAM available for dynamic allocation:
[19:14:59] I (707) heap_init: At 3FC97DF0 len 00051920 (326 KiB): RAM
[19:14:59] I (712) heap_init: At 3FCE9710 len 00005724 (21 KiB): RAM
[19:15:00] I (717) heap_init: At 3FCF0000 len 00008000 (32 KiB): DRAM
[19:15:00] I (722) heap_init: At 600FE000 len 00001FE8 (7 KiB): RTCRAM
[19:15:00] I (728) esp_psram: Adding pool of 8192K of PSRAM memory to heap allocator
[19:15:00] I (735) spi_flash: detected chip: generic
[19:15:00] I (738) spi_flash: flash io: qio
[19:15:00] I (741) sleep_gpio: Configure to isolate all GPIO pins in sleep state
[19:15:00] I (747) sleep_gpio: Enable automatic switching of GPIO sleep configuration
[19:15:00] I (754) main_task: Started on CPU0
[19:15:00] I (757) main_task: Calling app_main()
[19:15:00] TINYDRAW_PANEL_HARD_RESET=1
[19:15:00] I (954) co5300: version: 2.1.0
[19:15:00] I (955) co5300_spi: LCD panel create success, version: 2.1.0
[19:15:00] W (1035) co5300_spi: The 3Ah command has been used and will be overwritten by external initialization sequence
[19:15:00] I (1135) CST816S: IC id: 183
[19:15:00] TINYDRAW_LIVE_PRESENT kind=startup zoom=25 x=0 y=0 compose_us=34682 read_submit_us=0 read_complete_us=0 transfer_wait_us=19793 tile_pixels=0 uniform_pixels=0 overview_pixels=164864 fallback_pixels=0 resident_tiles=0 fallback_tiles=0 pushes=21 frame_reused=0 pass=1
[19:15:02] TINYDRAW_LIVE_STRESS operations=1000 samples=20000 total_us=2240316 average_us=2240 maximum_us=2402 free_psram=2744716 largest_psram=2686976
[19:15:03] TINYDRAW_LIVE_PRESENT kind=gate_fallback zoom=100 x=0 y=0 compose_us=22654 read_submit_us=23424 read_complete_us=24228 transfer_wait_us=19720 tile_pixels=0 uniform_pixels=0 overview_pixels=0 fallback_pixels=164864 resident_tiles=0 fallback_tiles=42 pushes=21 frame_reused=0 pass=1
[19:15:03] TINYDRAW_GATE1_HARD zoom=100 cold=1 operations=1000 samples=20000 steps=192 tiles=42 scanned=12000 rendered=125 max_supertask_us=8499 presentation_us=58799 total_us=474821 pass=1
[19:15:03] TINYDRAW_LIVE_PRESENT kind=gate_fallback zoom=400 x=0 y=0 compose_us=22144 read_submit_us=22911 read_complete_us=23715 transfer_wait_us=19545 tile_pixels=0 uniform_pixels=0 overview_pixels=0 fallback_pixels=164864 resident_tiles=0 fallback_tiles=42 pushes=21 frame_reused=0 pass=1
[19:15:03] TINYDRAW_GATE1_HARD zoom=400 cold=1 operations=1000 samples=20000 steps=196 tiles=42 scanned=12000 rendered=28 max_supertask_us=12515 presentation_us=56509 total_us=404542 pass=1
[19:15:06] TINYDRAW_GATE1_WORKLOAD kind=realistic seed=7 operations=1000 samples=19844 maximum_stroke=198 load_us=2113003 raw_source=1 lod_copies=0
[19:15:06] TINYDRAW_LIVE_PRESENT kind=gate_fallback zoom=100 x=0 y=0 compose_us=22657 read_submit_us=23438 read_complete_us=24240 transfer_wait_us=19201 tile_pixels=0 uniform_pixels=0 overview_pixels=0 fallback_pixels=164864 resident_tiles=0 fallback_tiles=42 pushes=21 frame_reused=0 pass=1
[19:15:06] TINYDRAW_GATE1_HARD zoom=100 cold=1 operations=1000 samples=19844 steps=275 tiles=42 scanned=12000 rendered=475 max_supertask_us=7630 presentation_us=59153 total_us=560819 pass=1
[19:15:07] TINYDRAW_GATE1_PAN zoom=100 from_x=0 from_y=0 to_x=24 to_y=24 compose_us=29113 event_submit_us=29795 event_complete_us=30601 transfer_us=19192 setup=1 present=1 moved=1 frame_reused=1 pass=1
[19:15:07] TINYDRAW_LIVE_PRESENT kind=gate_fallback zoom=400 x=0 y=0 compose_us=22151 read_submit_us=22899 read_complete_us=23705 transfer_wait_us=19324 tile_pixels=0 uniform_pixels=0 overview_pixels=0 fallback_pixels=164864 resident_tiles=0 fallback_tiles=42 pushes=21 frame_reused=0 pass=1
[19:15:07] TINYDRAW_GATE1_HARD zoom=400 cold=1 operations=1000 samples=19844 steps=211 tiles=42 scanned=12000 rendered=102 max_supertask_us=11405 presentation_us=57554 total_us=479116 pass=1
[19:15:08] TINYDRAW_GATE1_PAN zoom=400 from_x=0 from_y=0 to_x=24 to_y=24 compose_us=29253 event_submit_us=29941 event_complete_us=30747 transfer_us=19047 setup=1 present=1 moved=1 frame_reused=1 pass=1
[19:15:08] TINYDRAW_GATE1_DRAW_FILL zoom=400 revision=2002 append_us=2371 poll_gap_us=1970 event_submit_us=4044 event_complete_us=4222 max_compute_slice_us=13388 max_display_slice_us=17380 fill_us=517676 stale_rejected=1 pass=1
[19:15:09] TINYDRAW_GATE1_CACHE_FILL zoom=50 x=63 y=63 published=56 total_us=864995 within_cold_gate=0 complete=1
[19:15:10] TINYDRAW_GATE1_CACHE_FILL zoom=100 x=63 y=63 published=56 total_us=887996 within_cold_gate=0 complete=1
[19:15:11] TINYDRAW_GATE1_CACHE_FILL zoom=200 x=63 y=63 published=56 total_us=856996 within_cold_gate=0 complete=1
[19:15:12] TINYDRAW_GATE1_CACHE_FILL zoom=400 x=63 y=63 published=56 total_us=881996 within_cold_gate=0 complete=1
[19:15:12] TINYDRAW_GATE1_CACHE_REVISIT zoom=50 remaining=0 tile_pixels=118128 fallback_pixels=0 compose_us=25217 complete_us=19123 hit=1
[19:15:12] TINYDRAW_GATE1_CACHE_REVISIT zoom=100 remaining=0 tile_pixels=164864 fallback_pixels=0 compose_us=27475 complete_us=19955 hit=1
[19:15:12] TINYDRAW_GATE1_CACHE_REVISIT zoom=200 remaining=0 tile_pixels=164864 fallback_pixels=0 compose_us=28204 complete_us=19977 hit=1
[19:15:12] TINYDRAW_GATE1_CACHE_REVISIT zoom=400 remaining=0 tile_pixels=164607 fallback_pixels=0 compose_us=28948 complete_us=19969 hit=1
[19:15:13] TINYDRAW_GATE1_CACHE_FILL zoom=400 x=575 y=575 published=56 total_us=987999 within_cold_gate=0 complete=1
[19:15:13] TINYDRAW_GATE1_CACHE_ROUND_TRIP zoom=50 from_x=63 from_y=63 via_x=575 via_y=575 remaining=0 tile_pixels=118128 fallback_pixels=0 compose_us=25232 complete_us=19065 hit=1
[19:15:13] TINYDRAW_GATE1_CACHE_ROUND_TRIP zoom=100 from_x=63 from_y=63 via_x=575 via_y=575 remaining=0 tile_pixels=164864 fallback_pixels=0 compose_us=27476 complete_us=19443 hit=1
[19:15:13] TINYDRAW_GATE1_CACHE_ROUND_TRIP zoom=200 from_x=63 from_y=63 via_x=575 via_y=575 remaining=0 tile_pixels=164864 fallback_pixels=0 compose_us=28202 complete_us=19476 hit=1
[19:15:13] TINYDRAW_GATE1_CACHE_ROUND_TRIP zoom=400 from_x=63 from_y=63 via_x=575 via_y=575 remaining=0 tile_pixels=164607 fallback_pixels=0 compose_us=28953 complete_us=19452 hit=1
[19:15:13] TINYDRAW_GATE1_CACHE_RETENTION pass=1 slots=320 revision=2002
[19:15:15] TINYDRAW_PAPER_SWEEP zoom=100 identities=644 raw=266 uniform=378 fallback=0 slots=320 total_us=1713701 pass=1
[19:15:15] TINYDRAW_EXPORT_RESERVE requested=1572864 free_before=2744716 largest_before=2686976 free_held=1171848 largest_held=1146880 pass=1
[19:15:15] TINYDRAW_GATE1_AUTOMATED_DONE stress=1 stress_100=1 stress_400=1 workload=1 hard_100=1 hard_400=1 pan_100=1 pan_400=1 draw_fill=1 cache=1 full_world_cache=1 export_reserve=1 return=1 ssaa_receipt=yellow
[19:15:15] TINYDRAW_LIVE_READY zoom=25 controls=toolbar button=cycle_25_100_400 long_button=load_1000 operations_capacity=4000 samples_capacity=80000 live_storage_bytes=5596640 overview_bytes=1318912 raw_tile_bytes=2621440 tile_metadata_bytes=68856 operation_bytes=720000 live_scratch_bytes=544520 corpus_bytes=322912 free_psram=2744716 largest_psram=2686976
