[23:45:15] I (103) esp_image: segment 0: paddr=00010020 vaddr=3c060020 sizeESP-ROM:esp32s3-20210327
[23:45:15] Build:Mar 27 2021
[23:45:15] rst:0x15 (USB_UART_CHIP_RESET),boot:0x2b (SPI_FAST_FLASH_BOOT)
[23:45:15] Saved PC:0x4037b8fa
[23:45:15] SPIWP:0xee
[23:45:15] mode:DIO, clock div:1
[23:45:15] load:0x3fce2820,len:0x1664
[23:45:15] load:0x403c8700,len:0xf38
[23:45:15] load:0x403cb700,len:0x31e8
[23:45:15] entry 0x403c8930
[23:45:15] I (24) boot: ESP-IDF v6.0.2 2nd stage bootloader
[23:45:15] I (24) boot: compile time Aug 16 2026 23:44:53
[23:45:15] I (25) boot: Multicore bootloader
[23:45:15] I (25) boot: chip revision: v0.2
[23:45:15] I (28) boot: efuse block revision: v1.3
[23:45:15] I (31) qio_mode: Enabling default flash chip QIO
[23:45:15] I (36) boot.esp32s3: Boot SPI Speed : 80MHz
[23:45:15] I (39) boot.esp32s3: SPI Mode       : QIO
[23:45:15] I (43) boot.esp32s3: SPI Flash Size : 16MB
[23:45:15] I (47) boot: Enabling RNG early entropy source...
[23:45:15] I (51) boot: Partition Table:
[23:45:15] I (54) boot: ## Label            Usage          Type ST Offset   Length
[23:45:15] I (60) boot:  0 nvs              WiFi data        01 02 00009000 00006000
[23:45:15] I (67) boot:  1 phy_init         RF data          01 01 0000f000 00001000
[23:45:15] I (73) boot:  2 factory          factory app      00 00 00010000 00100000
[23:45:15] I (80) boot:  3 drawing          Unknown data     01 40 00110000 00300000
[23:45:15] I (86) boot:  4 export           Unknown data     01 41 00410000 00500000
[23:45:15] I (93) boot:  5 coredump         Unknown data     01 03 00910000 00010000
[23:45:15] I (100) boot: End of partition table
[23:45:15] I (103) esp_image: segment 0: paddr=00010020 vaddr=3c060020 size=2c1cch (180684) map
[23:45:15] I (138) esp_image: segment 1: paddr=0003c1f4 vaddr=3fc96000 size=03764h ( 14180) load
[23:45:15] I (141) esp_image: segment 2: paddr=0003f960 vaddr=40374000 size=006b8h (  1720) load
[23:45:15] I (143) esp_image: segment 3: paddr=00040020 vaddr=42000020 size=51640h (333376) map
[23:45:15] I (201) esp_image: segment 4: paddr=00091668 vaddr=403746b8 size=1185ch ( 71772) load
[23:45:15] I (216) esp_image: segment 5: paddr=000a2ecc vaddr=50000000 size=00024h (    36) load
[23:45:15] I (224) boot: Loaded app from partition at offset 0x10000
[23:45:15] I (224) boot: Disabling RNG early entropy source...
[23:45:15] I (234) octal_psram: vendor id    : 0x0d (AP)
[23:45:15] I (234) octal_psram: dev id       : 0x02 (generation 3)
[23:45:15] I (235) octal_psram: density      : 0x03 (64 Mbit)
[23:45:15] I (236) octal_psram: good-die     : 0x01 (Pass)
[23:45:15] I (241) octal_psram: Latency      : 0x01 (Fixed)
[23:45:15] I (245) octal_psram: VCC          : 0x01 (3V)
[23:45:15] I (249) octal_psram: SRF          : 0x01 (Fast Refresh)
[23:45:15] I (254) octal_psram: BurstType    : 0x01 (Hybrid Wrap)
[23:45:15] I (259) octal_psram: BurstLen     : 0x01 (32 Byte)
[23:45:15] I (263) octal_psram: Readlatency  : 0x02 (10 cycles@Fixed)
[23:45:15] I (269) octal_psram: DriveStrength: 0x00 (1/1)
[23:45:15] I (273) MSPI Timing: Enter psram timing tuning
[23:45:15] I (278) esp_psram: Found 8MB PSRAM device
[23:45:15] I (281) esp_psram: Speed: 80MHz
[23:45:15] I (284) cpu_start: Multicore app
[23:45:15] I (700) esp_psram: SPI SRAM memory test OK
[23:45:15] I (708) cpu_start: GPIO 44 and 43 are used as console UART I/O pins
[23:45:15] I (708) cpu_start: Pro cpu start user code
[23:45:15] I (708) cpu_start: cpu freq: 240000000 Hz
[23:45:15] I (710) app_init: Application information:
[23:45:15] I (714) app_init: Project name:     tinydraw_esp32
[23:45:15] I (718) app_init: App version:      4ea05db-dirty
[23:45:15] I (723) app_init: Compile time:     Aug 16 2026 23:44:44
[23:45:15] I (728) app_init: ELF file SHA256:  6855c9b3a...
[23:45:15] I (732) app_init: ESP-IDF:          v6.0.2
[23:45:15] I (736) efuse_init: Min chip rev:     v0.0
[23:45:15] I (740) efuse_init: Max chip rev:     v0.99 
[23:45:15] I (744) efuse_init: Chip rev:         v0.2
[23:45:15] I (748) heap_init: Initializing. RAM available for dynamic allocation:
[23:45:15] I (754) heap_init: At 3FC9AB90 len 0004EB80 (314 KiB): RAM
[23:45:15] I (759) heap_init: At 3FCE9710 len 00005724 (21 KiB): RAM
[23:45:15] I (764) heap_init: At 3FCF0000 len 00008000 (32 KiB): DRAM
[23:45:15] I (770) heap_init: At 600FE000 len 00001FE8 (7 KiB): RTCRAM
[23:45:15] I (775) esp_psram: Adding pool of 8192K of PSRAM memory to heap allocator
[23:45:15] I (782) spi_flash: detected chip: generic
[23:45:15] I (785) spi_flash: flash io: qio
[23:45:15] I (788) sleep_gpio: Configure to isolate all GPIO pins in sleep state
[23:45:15] I (794) sleep_gpio: Enable automatic switching of GPIO sleep configuration
[23:45:15] I (801) main_task: Started on CPU0
[23:45:15] I (804) main_task: Calling app_main()
[23:45:15] TINYDRAW_PRODUCER_SCRATCH supertask_internal=1 slot_directory_internal=0 free_internal=299676 free_psram=1820524
[23:45:16] TINYDRAW_PANEL_HARD_RESET=1
[23:45:16] TINYDRAW_PANEL_TRANSPORT requested_clock_mhz=50 effective_clock_mhz=40
[23:45:16] I (1011) co5300: version: 2.1.0
[23:45:16] I (1011) co5300_spi: LCD panel create success, version: 2.1.0
[23:45:16] W (1096) co5300_spi: The 3Ah command has been used and will be overwritten by external initialization sequence
[23:45:16] I (1197) CST816S: IC id: 183
[23:45:16] TINYDRAW_VECTOR_V2_PRESENTATION experiment=boundary-top-sweep te_edge=rising requested_clock_mhz=50 effective_clock_mhz=40 optical_acceptance=external_manual
[23:45:16] TINYDRAW_LIVE_PRESENT kind=startup zoom=25 x=0 y=0 compose_us=26097 scroll_us=0 exposed_compose_us=0 chrome_us=17214 chrome_prepare_us=12029 chrome_stage_us=5185 read_submit_us=0 read_complete_us=0 transfer_wait_us=20970 tile_pixels=0 uniform_pixels=0 overview_pixels=164864 fallback_pixels=0 resident_tiles=0 fallback_tiles=0 pushes=11 tear_wait_us=68 tear_edge_isr_to_resume_us=19 tear_edge_observed=1 tear_edge_wait_resumed=1 tear_edge_timeout=0 tear_heal_attempted=0 tear_heal_command_sent=0 presentation_experiment=boundary-top-sweep te_edge=rising requested_clock_mhz=50 effective_clock_mhz=40 frame_reused=0 pass=1
[23:45:17] TINYDRAW_LIVE_STRESS operations=1000 samples=20000 total_us=741121 average_us=741 maximum_us=1053 free_psram=1818936 largest_psram=1802240
[23:45:17] TINYDRAW_LIVE_PRESENT kind=gate_fallback zoom=100 x=0 y=0 compose_us=11443 scroll_us=0 exposed_compose_us=0 chrome_us=11338 chrome_prepare_us=6805 chrome_stage_us=4533 read_submit_us=34055 read_complete_us=37432 transfer_wait_us=20081 tile_pixels=0 uniform_pixels=0 overview_pixels=0 fallback_pixels=164864 resident_tiles=0 fallback_tiles=42 pushes=11 tear_wait_us=15675 tear_edge_isr_to_resume_us=9 tear_edge_observed=1 tear_edge_wait_resumed=1 tear_edge_timeout=0 tear_heal_attempted=0 tear_heal_command_sent=0 presentation_experiment=boundary-top-sweep te_edge=rising requested_clock_mhz=50 effective_clock_mhz=40 frame_reused=0 pass=1
[23:45:17] TINYDRAW_GATE1_HARD zoom=100 cold=1 operations=1000 samples=20000 steps=193 tiles=42 scanned=12000 rendered=122 max_supertask_us=6728 presentation_us=69210 total_us=279064 maximum_wall_us=500000 pass=1
[23:45:17] TINYDRAW_LIVE_PRESENT kind=gate_fallback zoom=400 x=0 y=0 compose_us=10785 scroll_us=0 exposed_compose_us=0 chrome_us=6769 chrome_prepare_us=2425 chrome_stage_us=4344 read_submit_us=17712 read_complete_us=21336 transfer_wait_us=20920 tile_pixels=0 uniform_pixels=0 overview_pixels=0 fallback_pixels=164864 resident_tiles=0 fallback_tiles=42 pushes=11 tear_wait_us=4374 tear_edge_isr_to_resume_us=12 tear_edge_observed=1 tear_edge_wait_resumed=1 tear_edge_timeout=0 tear_heal_attempted=0 tear_heal_command_sent=0 presentation_experiment=boundary-top-sweep te_edge=rising requested_clock_mhz=50 effective_clock_mhz=40 frame_reused=0 pass=1
[23:45:17] TINYDRAW_GATE1_HARD zoom=400 cold=1 operations=1000 samples=20000 steps=199 tiles=42 scanned=12000 rendered=17 max_supertask_us=5318 presentation_us=66365 total_us=161124 maximum_wall_us=500000 pass=1
[23:45:18] TINYDRAW_OVERLAP_WORKLOAD operations=8 samples=1200 radius_world=80
[23:45:19] TINYDRAW_GATE1_PACED_COLD corpus=overlap zoom=50 x=215 y=255 steps=235 tiles=56 compute_us=525264 present_us=81683 touch_us=1432 pacing_us=16575 wall_us=624954 maximum_wall_us=500000 max_tick_us=9233 touch_samples=2778 touch_interval_max_us=1959 touch_read_max_us=582 touch_events=0 touch_down=0 touch_up=0 touch_events_ge_8ms=0 touch_event_age_max_us=0 touch_errors=0 touch_overflows=0 pass=0
[23:45:19] TINYDRAW_GATE1_PACED_COLD corpus=overlap zoom=100 x=583 y=703 steps=183 tiles=48 compute_us=286769 present_us=75920 touch_us=877 pacing_us=9412 wall_us=372978 maximum_wall_us=500000 max_tick_us=9157 touch_samples=437 touch_interval_max_us=1820 touch_read_max_us=463 touch_events=0 touch_down=0 touch_up=0 touch_events_ge_8ms=0 touch_event_age_max_us=0 touch_errors=0 touch_overflows=0 pass=1
[23:45:20] TINYDRAW_GATE1_PACED_COLD corpus=overlap zoom=200 x=1319 y=1599 steps=180 tiles=56 compute_us=260877 present_us=75017 touch_us=837 pacing_us=9246 wall_us=345977 maximum_wall_us=500000 max_tick_us=9665 touch_samples=408 touch_interval_max_us=1828 touch_read_max_us=500 touch_events=0 touch_down=0 touch_up=0 touch_events_ge_8ms=0 touch_event_age_max_us=0 touch_errors=0 touch_overflows=0 pass=1
[23:45:20] TINYDRAW_GATE1_PACED_COLD corpus=overlap zoom=400 x=2791 y=3391 steps=181 tiles=56 compute_us=224686 present_us=72949 touch_us=806 pacing_us=8537 wall_us=306978 maximum_wall_us=500000 max_tick_us=8485 touch_samples=380 touch_interval_max_us=1885 touch_read_max_us=477 touch_events=0 touch_down=0 touch_up=0 touch_events_ge_8ms=0 touch_event_age_max_us=0 touch_errors=0 touch_overflows=0 pass=1
[23:45:20] TINYDRAW_ADVERSARIAL_TAPERED_WORKLOAD operations=128 samples=4096 erasers=12 load_us=216132 appended=1
[23:45:21] TINYDRAW_GENERAL_COLD_WORKLOAD operations=910 samples=12157 hairline_operations=782 hairline_samples=8061 hairline_load_us=1114609 appended=1
[23:45:22] TINYDRAW_GATE1_PACED_COLD corpus=adversarial_tapered_4x+evil_hairlines zoom=50 x=0 y=0 steps=313 tiles=42 compute_us=353655 present_us=70946 touch_us=1192 pacing_us=11192 wall_us=436985 maximum_wall_us=500000 max_tick_us=8732 touch_samples=1642 touch_interval_max_us=2063 touch_read_max_us=548 touch_events=0 touch_down=0 touch_up=0 touch_events_ge_8ms=0 touch_event_age_max_us=0 touch_errors=0 touch_overflows=0 pass=1
[23:45:22] TINYDRAW_GATE1_PACED_COLD corpus=adversarial_tapered_4x+evil_hairlines zoom=100 x=0 y=0 steps=334 tiles=42 compute_us=343126 present_us=66247 touch_us=1102 pacing_us=7478 wall_us=417953 maximum_wall_us=500000 max_tick_us=8175 touch_samples=485 touch_interval_max_us=1803 touch_read_max_us=509 touch_events=0 touch_down=0 touch_up=0 touch_events_ge_8ms=0 touch_event_age_max_us=0 touch_errors=0 touch_overflows=0 pass=1
[23:45:23] TINYDRAW_GATE1_PACED_COLD corpus=adversarial_tapered_4x+evil_hairlines zoom=200 x=0 y=0 steps=406 tiles=42 compute_us=407995 present_us=64530 touch_us=1268 pacing_us=10619 wall_us=484412 maximum_wall_us=500000 max_tick_us=7802 touch_samples=553 touch_interval_max_us=1165 touch_read_max_us=449 touch_events=0 touch_down=0 touch_up=0 touch_events_ge_8ms=0 touch_event_age_max_us=0 touch_errors=0 touch_overflows=0 pass=1
[23:45:23] TINYDRAW_GATE1_PACED_COLD corpus=adversarial_tapered_4x+evil_hairlines zoom=400 x=0 y=0 steps=491 tiles=42 compute_us=443481 present_us=62058 touch_us=1258 pacing_us=10192 wall_us=516989 maximum_wall_us=520000 max_tick_us=10985 touch_samples=588 touch_interval_max_us=1158 touch_read_max_us=449 touch_events=0 touch_down=0 touch_up=0 touch_events_ge_8ms=0 touch_event_age_max_us=0 touch_errors=0 touch_overflows=0 pass=1
[23:45:24] TINYDRAW_GATE1_WORKLOAD kind=realistic seed=7 operations=1000 samples=19844 maximum_stroke=198 load_us=549099 raw_source=1 lod_copies=0
[23:45:24] TINYDRAW_GATE1_PACED_COLD corpus=seed7 zoom=400 x=63 y=63 steps=263 tiles=56 compute_us=192567 present_us=80834 touch_us=608 pacing_us=7944 wall_us=281953 maximum_wall_us=500000 max_tick_us=9639 touch_samples=992 touch_interval_max_us=2013 touch_read_max_us=496 touch_events=0 touch_down=0 touch_up=0 touch_events_ge_8ms=0 touch_event_age_max_us=0 touch_errors=0 touch_overflows=0 pass=1
[23:45:25] TINYDRAW_LIVE_PRESENT kind=gate_fallback zoom=100 x=0 y=0 compose_us=11451 scroll_us=0 exposed_compose_us=0 chrome_us=6910 chrome_prepare_us=2403 chrome_stage_us=4507 read_submit_us=28449 read_complete_us=32083 transfer_wait_us=20695 tile_pixels=0 uniform_pixels=0 overview_pixels=0 fallback_pixels=164864 resident_tiles=0 fallback_tiles=42 pushes=11 tear_wait_us=14473 tear_edge_isr_to_resume_us=11 tear_edge_observed=1 tear_edge_wait_resumed=1 tear_edge_timeout=0 tear_heal_attempted=0 tear_heal_command_sent=0 presentation_experiment=boundary-top-sweep te_edge=rising requested_clock_mhz=50 effective_clock_mhz=40 frame_reused=0 pass=1
[23:45:25] TINYDRAW_GATE1_HARD zoom=100 cold=1 operations=1000 samples=19844 steps=246 tiles=42 scanned=12000 rendered=390 max_supertask_us=5283 presentation_us=71792 total_us=366478 maximum_wall_us=500000 pass=1
[23:45:25] TINYDRAW_GATE1_OVERLAY_CANVAS regions=zoom,minimap,toolbar,battery operations=4 presentation_mutations=0 authority=1 pass=1
[23:45:25] TINYDRAW_GATE1_LIVE_OVERLAY clear_updates=48 clear_wall_max_us=3948 clear_submit_max_us=2145 clear_complete_max_us=3025 overlay_updates=48 overlay_wall_max_us=3921 overlay_submit_max_us=2048 overlay_complete_max_us=3121 overlay_chrome_max_us=265 clear_failures=0 overlay_failures=0 pass=1
[23:45:25] TINYDRAW_EDGE_INK corners=4 edge_failures=0 pass=1
[23:45:26] TINYDRAW_GATE1_PAN zoom=100 from_x=0 from_y=0 to_x=88 to_y=88 compose_us=15647 scroll_us=10 exposed_compose_us=15637 chrome_us=2395 event_submit_us=29648 event_complete_us=32785 transfer_us=16351 setup=1 present=1 moved=1 frame_reused=1 pass=1
[23:45:26] TINYDRAW_LIVE_PRESENT kind=gate_fallback zoom=400 x=0 y=0 compose_us=10828 scroll_us=0 exposed_compose_us=0 chrome_us=6760 chrome_prepare_us=2440 chrome_stage_us=4320 read_submit_us=23593 read_complete_us=27232 transfer_wait_us=20852 tile_pixels=0 uniform_pixels=0 overview_pixels=0 fallback_pixels=164864 resident_tiles=0 fallback_tiles=42 pushes=11 tear_wait_us=10199 tear_edge_isr_to_resume_us=12 tear_edge_observed=1 tear_edge_wait_resumed=1 tear_edge_timeout=0 tear_heal_attempted=0 tear_heal_command_sent=0 presentation_experiment=boundary-top-sweep te_edge=rising requested_clock_mhz=50 effective_clock_mhz=40 frame_reused=0 pass=1
[23:45:26] TINYDRAW_GATE1_HARD zoom=400 cold=1 operations=1008 samples=19852 steps=200 tiles=42 scanned=12096 rendered=62 max_supertask_us=8056 presentation_us=70084 total_us=213928 maximum_wall_us=500000 pass=1
[23:45:26] TINYDRAW_GATE1_PAN zoom=400 from_x=0 from_y=0 to_x=88 to_y=88 compose_us=15634 scroll_us=12 exposed_compose_us=15622 chrome_us=2196 event_submit_us=29642 event_complete_us=32775 transfer_us=16357 setup=1 present=1 moved=1 frame_reused=1 pass=1
[23:45:29] TINYDRAW_PANSEQ_FRAME zoom=100 step=0 dx=24 dy=18 scroll_us=10 exposed_compose_us=4446 chrome_us=2400 tear_wait_us=7993 present_us=16394 prepare_us=10756 acquire_wait_us=22 ring_copy_us=8349 patch_us=2398 byte_swap_us=9 staging_us=4047 event_submit_us=12581 event_complete_us=15710 frame_us=28972 tear_edge_observed=1 frame_reused=1 pass=1
[23:45:29] TINYDRAW_PANSEQ_FRAME zoom=100 step=1 dx=24 dy=18 scroll_us=8 exposed_compose_us=4522 chrome_us=2401 tear_wait_us=12545 present_us=16722 prepare_us=10721 acquire_wait_us=19 ring_copy_us=8313 patch_us=2399 byte_swap_us=9 staging_us=4126 event_submit_us=17195 event_complete_us=20359 frame_us=33926 tear_edge_observed=1 frame_reused=1 pass=1
[23:45:29] TINYDRAW_PANSEQ_FRAME zoom=100 step=2 dx=24 dy=18 scroll_us=10 exposed_compose_us=4166 chrome_us=2391 tear_wait_us=12564 present_us=16061 prepare_us=10781 acquire_wait_us=26 ring_copy_us=8379 patch_us=2393 byte_swap_us=9 staging_us=4030 event_submit_us=16862 event_complete_us=19990 frame_us=32925 tear_edge_observed=1 frame_reused=1 pass=1
[23:45:29] TINYDRAW_PANSEQ_FRAME zoom=100 step=3 dx=24 dy=18 scroll_us=8 exposed_compose_us=4700 chrome_us=2405 tear_wait_us=12690 present_us=16407 prepare_us=10729 acquire_wait_us=23 ring_copy_us=8319 patch_us=2402 byte_swap_us=8 staging_us=4095 event_submit_us=17515 event_complete_us=20674 frame_us=33931 tear_edge_observed=1 frame_reused=1 pass=1
[23:45:29] TINYDRAW_PANSEQ_FRAME zoom=100 step=4 dx=24 dy=18 scroll_us=10 exposed_compose_us=4229 chrome_us=2376 tear_wait_us=12825 present_us=15754 prepare_us=10737 acquire_wait_us=24 ring_copy_us=8352 patch_us=2376 byte_swap_us=9 staging_us=4105 event_submit_us=17182 event_complete_us=20339 frame_us=32938 tear_edge_observed=1 frame_reused=1 pass=1
[23:45:29] TINYDRAW_PANSEQ_FRAME zoom=100 step=5 dx=24 dy=18 scroll_us=8 exposed_compose_us=4518 chrome_us=2391 tear_wait_us=13199 present_us=16071 prepare_us=10697 acquire_wait_us=19 ring_copy_us=8301 patch_us=2389 byte_swap_us=7 staging_us=4093 event_submit_us=17843 event_complete_us=20959 frame_us=33923 tear_edge_observed=1 frame_reused=1 pass=1
[23:45:29] TINYDRAW_PANSEQ_FRAME zoom=100 step=6 dx=24 dy=18 scroll_us=10 exposed_compose_us=4149 chrome_us=2421 tear_wait_us=13258 present_us=16390 prepare_us=10770 acquire_wait_us=24 ring_copy_us=8343 patch_us=2418 byte_swap_us=9 staging_us=4061 event_submit_us=17537 event_complete_us=20695 frame_us=33930 tear_edge_observed=1 frame_reused=1 pass=1
[23:45:29] TINYDRAW_PANSEQ_FRAME zoom=100 step=7 dx=24 dy=18 scroll_us=8 exposed_compose_us=4483 chrome_us=2390 tear_wait_us=12582 present_us=15741 prepare_us=10701 acquire_wait_us=21 ring_copy_us=8301 patch_us=2391 byte_swap_us=9 staging_us=4131 event_submit_us=17192 event_complete_us=20341 frame_us=32941 tear_edge_observed=1 frame_reused=1 pass=1
[23:45:29] TINYDRAW_PANSEQ_FRAME zoom=100 step=8 dx=24 dy=18 scroll_us=10 exposed_compose_us=4447 chrome_us=2387 tear_wait_us=13262 present_us=16078 prepare_us=10753 acquire_wait_us=24 ring_copy_us=8357 patch_us=2387 byte_swap_us=9 staging_us=4057 event_submit_us=17839 event_complete_us=20967 frame_us=33921 tear_edge_observed=1 frame_reused=1 pass=1
[23:45:29] TINYDRAW_PANSEQ_FRAME zoom=100 step=9 dx=24 dy=18 scroll_us=8 exposed_compose_us=4499 chrome_us=2390 tear_wait_us=12869 present_us=16431 prepare_us=10702 acquire_wait_us=21 ring_copy_us=8306 patch_us=2387 byte_swap_us=9 staging_us=4126 event_submit_us=17492 event_complete_us=20641 frame_us=33931 tear_edge_observed=1 frame_reused=1 pass=1
[23:45:29] TINYDRAW_PANSEQ_FRAME zoom=100 step=10 dx=24 dy=18 scroll_us=10 exposed_compose_us=4162 chrome_us=2387 tear_wait_us=12851 present_us=15785 prepare_us=10789 acquire_wait_us=28 ring_copy_us=8394 patch_us=2386 byte_swap_us=9 staging_us=4044 event_submit_us=17142 event_complete_us=20286 frame_us=32930 tear_edge_observed=1 frame_reused=1 pass=1
[23:45:29] TINYDRAW_PANSEQ_FRAME zoom=100 step=11 dx=24 dy=18 scroll_us=8 exposed_compose_us=4737 chrome_us=2380 tear_wait_us=12924 present_us=16138 prepare_us=10737 acquire_wait_us=25 ring_copy_us=8347 patch_us=2382 byte_swap_us=8 staging_us=4091 event_submit_us=17784 event_complete_us=20916 frame_us=33931 tear_edge_observed=1 frame_reused=1 pass=1
[23:45:29] TINYDRAW_PANSEQ_FRAME zoom=100 step=12 dx=24 dy=18 scroll_us=11 exposed_compose_us=4205 chrome_us=2397 tear_wait_us=13097 present_us=16494 prepare_us=10771 acquire_wait_us=24 ring_copy_us=8369 patch_us=2394 byte_swap_us=8 staging_us=4076 event_submit_us=17435 event_complete_us=20589 frame_us=33930 tear_edge_observed=1 frame_reused=1 pass=1
[23:45:29] TINYDRAW_PANSEQ_FRAME zoom=100 step=13 dx=24 dy=18 scroll_us=8 exposed_compose_us=4521 chrome_us=2409 tear_wait_us=12437 present_us=15840 prepare_us=10758 acquire_wait_us=19 ring_copy_us=8340 patch_us=2409 byte_swap_us=9 staging_us=4053 event_submit_us=17083 event_complete_us=20213 frame_us=32931 tear_edge_observed=1 frame_reused=1 pass=1
[23:45:29] TINYDRAW_PANSEQ_FRAME zoom=100 step=14 dx=24 dy=18 scroll_us=10 exposed_compose_us=4178 chrome_us=2386 tear_wait_us=13434 present_us=16184 prepare_us=10816 acquire_wait_us=24 ring_copy_us=8423 patch_us=2384 byte_swap_us=9 staging_us=4010 event_submit_us=17743 event_complete_us=20882 frame_us=33930 tear_edge_observed=1 frame_reused=1 pass=1
[23:45:29] TINYDRAW_PANSEQ_FRAME zoom=100 step=15 dx=24 dy=18 scroll_us=8 exposed_compose_us=4546 chrome_us=2385 tear_wait_us=12723 present_us=16529 prepare_us=10714 acquire_wait_us=19 ring_copy_us=8322 patch_us=2383 byte_swap_us=9 staging_us=4106 event_submit_us=17400 event_complete_us=20540 frame_us=33931 tear_edge_observed=1 frame_reused=1 pass=1
[23:45:29] TINYDRAW_PANSEQ_FRAME zoom=100 step=16 dx=72 dy=54 scroll_us=10 exposed_compose_us=11881 chrome_us=2424 tear_wait_us=5032 present_us=15884 prepare_us=10813 acquire_wait_us=24 ring_copy_us=8379 patch_us=2427 byte_swap_us=7 staging_us=4004 event_submit_us=17043 event_complete_us=20172 frame_us=32930 tear_edge_observed=1 frame_reused=1 pass=1
[23:45:29] TINYDRAW_PANSEQ_FRAME zoom=100 step=17 dx=72 dy=54 scroll_us=8 exposed_compose_us=11877 chrome_us=2430 tear_wait_us=5678 present_us=16242 prepare_us=10776 acquire_wait_us=23 ring_copy_us=8338 patch_us=2429 byte_swap_us=9 staging_us=4028 event_submit_us=17680 event_complete_us=20803 frame_us=33931 tear_edge_observed=1 frame_reused=1 pass=1
[23:45:29] TINYDRAW_PANSEQ_FRAME zoom=100 step=18 dx=72 dy=54 scroll_us=10 exposed_compose_us=10157 chrome_us=2395 tear_wait_us=7045 present_us=16596 prepare_us=10795 acquire_wait_us=24 ring_copy_us=8391 patch_us=2397 byte_swap_us=7 staging_us=4006 event_submit_us=17334 event_complete_us=20453 frame_us=33930 tear_edge_observed=1 frame_reused=1 pass=1
[23:45:29] TINYDRAW_PANSEQ_FRAME zoom=100 step=19 dx=72 dy=54 scroll_us=8 exposed_compose_us=10149 chrome_us=2414 tear_wait_us=6708 present_us=15945 prepare_us=10776 acquire_wait_us=23 ring_copy_us=8348 patch_us=2419 byte_swap_us=9 staging_us=4055 event_submit_us=16980 event_complete_us=20124 frame_us=32931 tear_edge_observed=1 frame_reused=1 pass=1
[23:45:29] TINYDRAW_PANSEQ_FRAME zoom=100 step=20 dx=-72 dy=-54 scroll_us=10 exposed_compose_us=11696 chrome_us=2392 tear_wait_us=5820 present_us=16282 prepare_us=10752 acquire_wait_us=25 ring_copy_us=8353 patch_us=2391 byte_swap_us=8 staging_us=4031 event_submit_us=17662 event_complete_us=20766 frame_us=33930 tear_edge_observed=1 frame_reused=1 pass=1
[23:45:30] TINYDRAW_PANSEQ_FRAME zoom=100 step=21 dx=-72 dy=-54 scroll_us=8 exposed_compose_us=11818 chrome_us=2385 tear_wait_us=5346 present_us=16627 prepare_us=10717 acquire_wait_us=24 ring_copy_us=8328 patch_us=2380 byte_swap_us=9 staging_us=4065 event_submit_us=17296 event_complete_us=20398 frame_us=33931 tear_edge_observed=1 frame_reused=1 pass=1
[23:45:30] TINYDRAW_PANSEQ_FRAME zoom=100 step=22 dx=-72 dy=-54 scroll_us=10 exposed_compose_us=11823 chrome_us=2390 tear_wait_us=5003 present_us=15966 prepare_us=10733 acquire_wait_us=23 ring_copy_us=8335 patch_us=2391 byte_swap_us=7 staging_us=4080 event_submit_us=16961 event_complete_us=20089 frame_us=32930 tear_edge_observed=1 frame_reused=1 pass=1
[23:45:30] TINYDRAW_PANSEQ_FRAME zoom=100 step=23 dx=-72 dy=-54 scroll_us=8 exposed_compose_us=11553 chrome_us=2409 tear_wait_us=5933 present_us=16300 prepare_us=10718 acquire_wait_us=19 ring_copy_us=8312 patch_us=2397 byte_swap_us=9 staging_us=4079 event_submit_us=17632 event_complete_us=20757 frame_us=33931 tear_edge_observed=1 frame_reused=1 pass=1
[23:45:30] TINYDRAW_PANSEQ_STRIP zoom=100 strip=0 panel_y=0 rows=44 samples=24 staging_mean_us=1326 staging_max_us=1354 wire_budget_us=1619 over_budget_us=0 pass=1
[23:45:30] TINYDRAW_PANSEQ_STRIP zoom=100 strip=1 panel_y=44 rows=44 samples=24 staging_mean_us=1244 staging_max_us=1274 wire_budget_us=1619 over_budget_us=0 pass=1
[23:45:30] TINYDRAW_PANSEQ_STRIP zoom=100 strip=2 panel_y=88 rows=44 samples=24 staging_mean_us=1189 staging_max_us=1203 wire_budget_us=1619 over_budget_us=0 pass=1
[23:45:30] TINYDRAW_PANSEQ_STRIP zoom=100 strip=3 panel_y=132 rows=44 samples=24 staging_mean_us=1174 staging_max_us=1190 wire_budget_us=1619 over_budget_us=0 pass=1
[23:45:30] TINYDRAW_PANSEQ_STRIP zoom=100 strip=4 panel_y=176 rows=44 samples=24 staging_mean_us=1176 staging_max_us=1194 wire_budget_us=1619 over_budget_us=0 pass=1
[23:45:30] TINYDRAW_PANSEQ_STRIP zoom=100 strip=5 panel_y=220 rows=44 samples=24 staging_mean_us=1209 staging_max_us=1229 wire_budget_us=1619 over_budget_us=0 pass=1
[23:45:30] TINYDRAW_PANSEQ_STRIP zoom=100 strip=6 panel_y=264 rows=44 samples=24 staging_mean_us=1403 staging_max_us=1434 wire_budget_us=1619 over_budget_us=0 pass=1
[23:45:30] TINYDRAW_PANSEQ_STRIP zoom=100 strip=7 panel_y=308 rows=44 samples=24 staging_mean_us=1392 staging_max_us=1410 wire_budget_us=1619 over_budget_us=0 pass=1
[23:45:30] TINYDRAW_PANSEQ_STRIP zoom=100 strip=8 panel_y=352 rows=20 samples=24 staging_mean_us=657 staging_max_us=687 wire_budget_us=736 over_budget_us=0 pass=1
[23:45:30] TINYDRAW_GATE1_PANSEQ zoom=100 frames=24 scroll_avg_us=9 exposed_avg_us=6727 chrome_avg_us=2397 tear_wait_avg_us=10325 present_avg_us=16202 prepare_avg_us=10750 acquire_wait_avg_us=22 ring_copy_avg_us=8345 patch_avg_us=2396 byte_swap_avg_us=8 staging_avg_us=4066 frame_avg_us=33390 frame_p50_us=33926 frame_p95_us=33931 frame_max_us=33931 complete_p50_us=20453 complete_p95_us=20959 complete_max_us=20967 tear_edge_failures=0 presentation_experiment=boundary-top-sweep te_edge=rising requested_clock_mhz=50 effective_clock_mhz=40 chrome_bottom_redraws=0 chrome_battery_redraws=0 chrome_zoom_redraws=0 chrome_minimap_base_redraws=0 strip_samples=216 staging_mean_us=1197 staging_max_us=1434 worst_strip=8 worst_strip_y=352 worst_wire_budget_us=736 worst_headroom_us=49 staging_invariant=1 pacing_pass=1 all_reused=1 pass=1
[23:45:31] TINYDRAW_PANSEQ_FRAME zoom=400 step=0 dx=24 dy=18 scroll_us=10 exposed_compose_us=4405 chrome_us=2204 tear_wait_us=8302 present_us=16122 prepare_us=10589 acquire_wait_us=21 ring_copy_us=8382 patch_us=2198 byte_swap_us=9 staging_us=4232 event_submit_us=12855 event_complete_us=15980 frame_us=28975 tear_edge_observed=1 frame_reused=1 pass=1
[23:45:31] TINYDRAW_PANSEQ_FRAME zoom=400 step=1 dx=24 dy=18 scroll_us=8 exposed_compose_us=4526 chrome_us=2204 tear_wait_us=12801 present_us=16460 prepare_us=10537 acquire_wait_us=19 ring_copy_us=8317 patch_us=2204 byte_swap_us=16 staging_us=4303 event_submit_us=17457 event_complete_us=20611 frame_us=33923 tear_edge_observed=1 frame_reused=1 pass=1
[23:45:31] TINYDRAW_PANSEQ_FRAME zoom=400 step=2 dx=24 dy=18 scroll_us=10 exposed_compose_us=4186 chrome_us=2210 tear_wait_us=12805 present_us=15805 prepare_us=10599 acquire_wait_us=25 ring_copy_us=8371 patch_us=2219 byte_swap_us=9 staging_us=4240 event_submit_us=17122 event_complete_us=20269 frame_us=32931 tear_edge_observed=1 frame_reused=1 pass=1
[23:45:31] TINYDRAW_PANSEQ_FRAME zoom=400 step=3 dx=24 dy=18 scroll_us=8 exposed_compose_us=4714 chrome_us=2210 tear_wait_us=12937 present_us=16143 prepare_us=10577 acquire_wait_us=24 ring_copy_us=8359 patch_us=2210 byte_swap_us=8 staging_us=4257 event_submit_us=17781 event_complete_us=20919 frame_us=33929 tear_edge_observed=1 frame_reused=1 pass=1
[23:45:31] TINYDRAW_PANSEQ_FRAME zoom=400 step=4 dx=24 dy=18 scroll_us=10 exposed_compose_us=4220 chrome_us=2196 tear_wait_us=13108 present_us=16468 prepare_us=10564 acquire_wait_us=25 ring_copy_us=8356 patch_us=2202 byte_swap_us=6 staging_us=4268 event_submit_us=17461 event_complete_us=20604 frame_us=33931 tear_edge_observed=1 frame_reused=1 pass=1
[23:45:32] TINYDRAW_PANSEQ_FRAME zoom=400 step=5 dx=24 dy=18 scroll_us=8 exposed_compose_us=4533 chrome_us=2212 tear_wait_us=12470 present_us=15794 prepare_us=10544 acquire_wait_us=20 ring_copy_us=8319 patch_us=2218 byte_swap_us=7 staging_us=4281 event_submit_us=17130 event_complete_us=20259 frame_us=32929 tear_edge_observed=1 frame_reused=1 pass=1
[23:45:32] TINYDRAW_PANSEQ_FRAME zoom=400 step=6 dx=24 dy=18 scroll_us=10 exposed_compose_us=4162 chrome_us=2199 tear_wait_us=13512 present_us=16120 prepare_us=10593 acquire_wait_us=24 ring_copy_us=8388 patch_us=2197 byte_swap_us=8 staging_us=4248 event_submit_us=17807 event_complete_us=20948 frame_us=33931 tear_edge_observed=1 frame_reused=1 pass=1
[23:45:32] TINYDRAW_PANSEQ_FRAME zoom=400 step=7 dx=24 dy=18 scroll_us=8 exposed_compose_us=4493 chrome_us=2210 tear_wait_us=12852 present_us=16453 prepare_us=10517 acquire_wait_us=19 ring_copy_us=8302 patch_us=2206 byte_swap_us=9 staging_us=4310 event_submit_us=17472 event_complete_us=20621 frame_us=33929 tear_edge_observed=1 frame_reused=1 pass=1
[23:45:32] TINYDRAW_PANSEQ_FRAME zoom=400 step=8 dx=24 dy=18 scroll_us=10 exposed_compose_us=4477 chrome_us=2210 tear_wait_us=12548 present_us=15773 prepare_us=10601 acquire_wait_us=19 ring_copy_us=8383 patch_us=2209 byte_swap_us=9 staging_us=4219 event_submit_us=17154 event_complete_us=20290 frame_us=32931 tear_edge_observed=1 frame_reused=1 pass=1
[23:45:32] TINYDRAW_PANSEQ_FRAME zoom=400 step=9 dx=24 dy=18 scroll_us=8 exposed_compose_us=4511 chrome_us=2197 tear_wait_us=13182 present_us=16105 prepare_us=10552 acquire_wait_us=19 ring_copy_us=8346 patch_us=2197 byte_swap_us=9 staging_us=4268 event_submit_us=17818 event_complete_us=20949 frame_us=33929 tear_edge_observed=1 frame_reused=1 pass=1
[23:45:32] TINYDRAW_PANSEQ_FRAME zoom=400 step=10 dx=24 dy=18 scroll_us=10 exposed_compose_us=4168 chrome_us=2207 tear_wait_us=13184 present_us=16446 prepare_us=10570 acquire_wait_us=24 ring_copy_us=8356 patch_us=2206 byte_swap_us=8 staging_us=4263 event_submit_us=17481 event_complete_us=20627 frame_us=33931 tear_edge_observed=1 frame_reused=1 pass=1
[23:45:32] TINYDRAW_PANSEQ_FRAME zoom=400 step=11 dx=24 dy=18 scroll_us=8 exposed_compose_us=4740 chrome_us=2218 tear_wait_us=12291 present_us=15764 prepare_us=10549 acquire_wait_us=29 ring_copy_us=8326 patch_us=2214 byte_swap_us=9 staging_us=4253 event_submit_us=17158 event_complete_us=20285 frame_us=32929 tear_edge_observed=1 frame_reused=1 pass=1
[23:45:32] TINYDRAW_PANSEQ_FRAME zoom=400 step=12 dx=24 dy=18 scroll_us=10 exposed_compose_us=4230 chrome_us=2207 tear_wait_us=13476 present_us=16091 prepare_us=10598 acquire_wait_us=25 ring_copy_us=8385 patch_us=2205 byte_swap_us=8 staging_us=4222 event_submit_us=17836 event_complete_us=20975 frame_us=33931 tear_edge_observed=1 frame_reused=1 pass=1
[23:45:32] TINYDRAW_PANSEQ_FRAME zoom=400 step=13 dx=24 dy=18 scroll_us=8 exposed_compose_us=4493 chrome_us=2203 tear_wait_us=12886 present_us=16418 prepare_us=10505 acquire_wait_us=20 ring_copy_us=8294 patch_us=2203 byte_swap_us=8 staging_us=4320 event_submit_us=17506 event_complete_us=20656 frame_us=33929 tear_edge_observed=1 frame_reused=1 pass=1
[23:45:32] TINYDRAW_PANSEQ_FRAME zoom=400 step=14 dx=24 dy=18 scroll_us=10 exposed_compose_us=4204 chrome_us=2195 tear_wait_us=12851 present_us=15749 prepare_us=10568 acquire_wait_us=23 ring_copy_us=8364 patch_us=2196 byte_swap_us=8 staging_us=4267 event_submit_us=17188 event_complete_us=20339 frame_us=32941 tear_edge_observed=1 frame_reused=1 pass=1
[23:45:32] TINYDRAW_PANSEQ_FRAME zoom=400 step=15 dx=24 dy=18 scroll_us=7 exposed_compose_us=4551 chrome_us=2229 tear_wait_us=13142 present_us=16075 prepare_us=10557 acquire_wait_us=20 ring_copy_us=8339 patch_us=2210 byte_swap_us=8 staging_us=4260 event_submit_us=17839 event_complete_us=20977 frame_us=33919 tear_edge_observed=1 frame_reused=1 pass=1
[23:45:32] TINYDRAW_PANSEQ_FRAME zoom=400 step=16 dx=72 dy=54 scroll_us=10 exposed_compose_us=11869 chrome_us=2207 tear_wait_us=5517 present_us=16413 prepare_us=10553 acquire_wait_us=24 ring_copy_us=8340 patch_us=2205 byte_swap_us=8 staging_us=4267 event_submit_us=17514 event_complete_us=20651 frame_us=33931 tear_edge_observed=1 frame_reused=1 pass=1
[23:45:32] TINYDRAW_PANSEQ_FRAME zoom=400 step=17 dx=72 dy=54 scroll_us=8 exposed_compose_us=11668 chrome_us=2212 tear_wait_us=5375 present_us=15750 prepare_us=10540 acquire_wait_us=24 ring_copy_us=8323 patch_us=2209 byte_swap_us=8 staging_us=4285 event_submit_us=17173 event_complete_us=20314 frame_us=32929 tear_edge_observed=1 frame_reused=1 pass=1
[23:45:32] TINYDRAW_PANSEQ_FRAME zoom=400 step=18 dx=72 dy=54 scroll_us=10 exposed_compose_us=11555 chrome_us=2220 tear_wait_us=6150 present_us=16079 prepare_us=10582 acquire_wait_us=22 ring_copy_us=8366 patch_us=2207 byte_swap_us=9 staging_us=4230 event_submit_us=17848 event_complete_us=20980 frame_us=33931 tear_edge_observed=1 frame_reused=1 pass=1
[23:45:32] TINYDRAW_PANSEQ_FRAME zoom=400 step=19 dx=72 dy=54 scroll_us=8 exposed_compose_us=11766 chrome_us=2216 tear_wait_us=5623 present_us=16408 prepare_us=10522 acquire_wait_us=22 ring_copy_us=8301 patch_us=2213 byte_swap_us=8 staging_us=4292 event_submit_us=17516 event_complete_us=20659 frame_us=33929 tear_edge_observed=1 frame_reused=1 pass=1
[23:45:32] TINYDRAW_PANSEQ_FRAME zoom=400 step=20 dx=-72 dy=-54 scroll_us=10 exposed_compose_us=11971 chrome_us=2209 tear_wait_us=5086 present_us=15739 prepare_us=10572 acquire_wait_us=24 ring_copy_us=8354 patch_us=2209 byte_swap_us=9 staging_us=4240 event_submit_us=17188 event_complete_us=20316 frame_us=32931 tear_edge_observed=1 frame_reused=1 pass=1
[23:45:32] TINYDRAW_PANSEQ_FRAME zoom=400 step=21 dx=-72 dy=-54 scroll_us=8 exposed_compose_us=11840 chrome_us=2192 tear_wait_us=5881 present_us=16073 prepare_us=10523 acquire_wait_us=24 ring_copy_us=8325 patch_us=2189 byte_swap_us=9 staging_us=4265 event_submit_us=17851 event_complete_us=20958 frame_us=33929 tear_edge_observed=1 frame_reused=1 pass=1
[23:45:32] TINYDRAW_PANSEQ_FRAME zoom=400 step=22 dx=-72 dy=-54 scroll_us=10 exposed_compose_us=11842 chrome_us=2207 tear_wait_us=5542 present_us=16413 prepare_us=10524 acquire_wait_us=35 ring_copy_us=8311 patch_us=2204 byte_swap_us=9 staging_us=4280 event_submit_us=17515 event_complete_us=20643 frame_us=33931 tear_edge_observed=1 frame_reused=1 pass=1
[23:45:32] TINYDRAW_PANSEQ_FRAME zoom=400 step=23 dx=-72 dy=-54 scroll_us=8 exposed_compose_us=11549 chrome_us=2202 tear_wait_us=5527 present_us=16720 prepare_us=10504 acquire_wait_us=21 ring_copy_us=8294 patch_us=2201 byte_swap_us=9 staging_us=4323 event_submit_us=17202 event_complete_us=20345 frame_us=33929 tear_edge_observed=1 frame_reused=1 pass=1
[23:45:32] TINYDRAW_PANSEQ_STRIP zoom=400 strip=0 panel_y=0 rows=44 samples=24 staging_mean_us=1330 staging_max_us=1348 wire_budget_us=1619 over_budget_us=0 pass=1
[23:45:32] TINYDRAW_PANSEQ_STRIP zoom=400 strip=1 panel_y=44 rows=44 samples=24 staging_mean_us=1242 staging_max_us=1267 wire_budget_us=1619 over_budget_us=0 pass=1
[23:45:32] TINYDRAW_PANSEQ_STRIP zoom=400 strip=2 panel_y=88 rows=44 samples=24 staging_mean_us=1186 staging_max_us=1193 wire_budget_us=1619 over_budget_us=0 pass=1
[23:45:32] TINYDRAW_PANSEQ_STRIP zoom=400 strip=3 panel_y=132 rows=44 samples=24 staging_mean_us=1171 staging_max_us=1182 wire_budget_us=1619 over_budget_us=0 pass=1
[23:45:32] TINYDRAW_PANSEQ_STRIP zoom=400 strip=4 panel_y=176 rows=44 samples=24 staging_mean_us=1173 staging_max_us=1179 wire_budget_us=1619 over_budget_us=0 pass=1
[23:45:32] TINYDRAW_PANSEQ_STRIP zoom=400 strip=5 panel_y=220 rows=44 samples=24 staging_mean_us=1164 staging_max_us=1174 wire_budget_us=1619 over_budget_us=0 pass=1
[23:45:32] TINYDRAW_PANSEQ_STRIP zoom=400 strip=6 panel_y=264 rows=44 samples=24 staging_mean_us=1355 staging_max_us=1375 wire_budget_us=1619 over_budget_us=0 pass=1
[23:45:32] TINYDRAW_PANSEQ_STRIP zoom=400 strip=7 panel_y=308 rows=44 samples=24 staging_mean_us=1343 staging_max_us=1357 wire_budget_us=1619 over_budget_us=0 pass=1
[23:45:32] TINYDRAW_PANSEQ_STRIP zoom=400 strip=8 panel_y=352 rows=20 samples=24 staging_mean_us=611 staging_max_us=638 wire_budget_us=736 over_budget_us=0 pass=1
[23:45:32] TINYDRAW_GATE1_PANSEQ zoom=400 frames=24 scroll_avg_us=8 exposed_avg_us=6861 chrome_avg_us=2207 tear_wait_avg_us=10293 present_avg_us=16140 prepare_avg_us=10555 acquire_wait_avg_us=23 ring_copy_avg_us=8341 patch_avg_us=2205 byte_swap_avg_us=8 staging_avg_us=4266 frame_avg_us=33431 frame_p50_us=33929 frame_p95_us=33931 frame_max_us=33931 complete_p50_us=20621 complete_p95_us=20977 complete_max_us=20980 tear_edge_failures=0 presentation_experiment=boundary-top-sweep te_edge=rising requested_clock_mhz=50 effective_clock_mhz=40 chrome_bottom_redraws=0 chrome_battery_redraws=0 chrome_zoom_redraws=0 chrome_minimap_base_redraws=0 strip_samples=216 staging_mean_us=1175 staging_max_us=1375 worst_strip=8 worst_strip_y=352 worst_wire_budget_us=736 worst_headroom_us=98 staging_invariant=1 pacing_pass=1 all_reused=1 pass=1
[23:45:33] TINYDRAW_GATE1_PAN_BOUNDARY zoom=100 slow_1px_trace=1 below_delta=94 below_reused=1 at_delta=96 at_reused=1 above_delta=98 above_fallback=1 pass=1
[23:45:33] TINYDRAW_GATE1_PAN_BOUNDARY zoom=400 slow_1px_trace=1 below_delta=94 below_reused=1 at_delta=96 at_reused=1 above_delta=98 above_fallback=1 pass=1
[23:45:33] TINYDRAW_GATE1_DRAW_FILL zoom=400 revision=2930 append_us=1406 poll_gap_us=95 event_submit_us=229 event_complete_us=2170 max_compute_slice_us=5528 max_display_slice_us=17204 fill_us=224994 revision_restarted=1 pass=1
[23:45:34] TINYDRAW_GATE1_CACHE_FILL zoom=50 x=63 y=63 published=56 total_us=595969 within_cold_gate=0 complete=1
[23:45:35] TINYDRAW_GATE1_CACHE_FILL zoom=100 x=63 y=63 published=56 total_us=475969 within_cold_gate=1 complete=1
[23:45:35] TINYDRAW_GATE1_CACHE_FILL zoom=200 x=63 y=63 published=56 total_us=330970 within_cold_gate=1 complete=1
[23:45:35] TINYDRAW_GATE1_CACHE_FILL zoom=400 x=63 y=63 published=56 total_us=276970 within_cold_gate=1 complete=1
[23:45:35] TINYDRAW_GATE1_CACHE_REVISIT zoom=50 remaining=0 tile_pixels=118128 fallback_pixels=0 compose_us=16182 complete_us=21206 hit=1
[23:45:35] TINYDRAW_GATE1_CACHE_REVISIT zoom=100 remaining=0 tile_pixels=164864 fallback_pixels=0 compose_us=18693 complete_us=20733 hit=1
[23:45:35] TINYDRAW_GATE1_CACHE_REVISIT zoom=200 remaining=0 tile_pixels=164864 fallback_pixels=0 compose_us=18744 complete_us=20274 hit=1
[23:45:35] TINYDRAW_GATE1_CACHE_REVISIT zoom=400 remaining=0 tile_pixels=164608 fallback_pixels=0 compose_us=18676 complete_us=20799 hit=1
[23:45:36] TINYDRAW_GATE1_CACHE_FILL zoom=400 x=575 y=575 published=56 total_us=292966 within_cold_gate=1 complete=1
[23:45:36] TINYDRAW_GATE1_CACHE_ROUND_TRIP zoom=50 from_x=63 from_y=63 via_x=575 via_y=575 remaining=0 tile_pixels=118128 fallback_pixels=0 compose_us=16216 complete_us=20755 hit=1
[23:45:36] TINYDRAW_GATE1_CACHE_ROUND_TRIP zoom=100 from_x=63 from_y=63 via_x=575 via_y=575 remaining=0 tile_pixels=164864 fallback_pixels=0 compose_us=18770 complete_us=20293 hit=1
[23:45:36] TINYDRAW_GATE1_CACHE_ROUND_TRIP zoom=200 from_x=63 from_y=63 via_x=575 via_y=575 remaining=0 tile_pixels=164864 fallback_pixels=0 compose_us=18748 complete_us=20833 hit=1
[23:45:36] TINYDRAW_GATE1_CACHE_ROUND_TRIP zoom=400 from_x=63 from_y=63 via_x=575 via_y=575 remaining=0 tile_pixels=164608 fallback_pixels=0 compose_us=18756 complete_us=20350 hit=1
[23:45:36] TINYDRAW_GATE1_CACHE_RETENTION pass=1 slots=448 revision=2930
[23:45:37] TINYDRAW_PAPER_SWEEP zoom=100 identities=644 raw=266 uniform=378 fallback=0 slots=448 total_us=1317358 pass=1
[23:45:37] TINYDRAW_RERENDER_LEDGER_RESET site=cache_tour_start
[23:45:40] TINYDRAW_GATE1_CACHE_TOUR slots=448 stops=16 forward_steps=2161 forward_tiles=832 forward_wall_us=1326348 return_missing_tiles=0 return_steps=16 return_tiles=0 return_wall_us=5873 home_missing=0 home_fallback_pixels=0 pass=1
[23:45:40] TINYDRAW_RERENDER_LEDGER site=cache_tour renders=137 unique=137 amplification=1.000 cold=137 damage=0 evict=0 stale=0 unexplained=0
[23:45:41] TINYDRAW_GATE1_MIXED_DRAW_WARM zoom=50 fill_tiles=56 fill_us=521862 raw=42 uniform=14
[23:45:41] TINYDRAW_GATE1_MIXED_DRAW_WARM zoom=100 fill_tiles=56 fill_us=398843 raw=56 uniform=0
[23:45:42] TINYDRAW_GATE1_MIXED_DRAW_WARM zoom=200 fill_tiles=56 fill_us=307316 raw=56 uniform=0
[23:45:42] TINYDRAW_GATE1_MIXED_DRAW_WARM zoom=400 fill_tiles=42 fill_us=197298 raw=42 uniform=0
[23:45:43] TINYDRAW_GATE1_MIXED_DRAW zoom=25 tool=pen chunks=50 append_max_us=142 append_avg_us=73 append_total_us=3658 affected_tiles=400 published=218 fallback=182 visible_fallback=0 drop_uni_slot=0 drop_uni_paint=0 drop_raw_edit=0 drop_raw_paint=0 off_skip=182 drain_ops=50 drain_total_us=926313 drain_max_us=30841 ph_prepare_max_us=124 ph_overview_max_us=9005 ph_enumerate_max_us=585 ph_uniform_max_us=5192 ph_raw_max_us=18 ph_offscreen_max_us=17547 ph_commit_max_us=4103 committed=1 authority=1 refresh=1 run_ok=1 pass=1
[23:45:44] TINYDRAW_GATE1_MIXED_DRAW zoom=25 tool=eraser chunks=50 append_max_us=144 append_avg_us=71 append_total_us=3570 affected_tiles=169 published=169 fallback=0 visible_fallback=0 drop_uni_slot=0 drop_uni_paint=0 drop_raw_edit=0 drop_raw_paint=0 off_skip=0 drain_ops=50 drain_total_us=847146 drain_max_us=28483 ph_prepare_max_us=129 ph_overview_max_us=9119 ph_enumerate_max_us=519 ph_uniform_max_us=28 ph_raw_max_us=25 ph_offscreen_max_us=16214 ph_commit_max_us=4026 committed=1 authority=1 refresh=1 run_ok=1 pass=1
[23:45:47] TINYDRAW_GATE1_MIXED_DRAW zoom=50 tool=pen chunks=50 append_max_us=149 append_avg_us=71 append_total_us=3561 affected_tiles=690 published=550 fallback=140 visible_fallback=0 drop_uni_slot=0 drop_uni_paint=0 drop_raw_edit=0 drop_raw_paint=0 off_skip=140 drain_ops=50 drain_total_us=1006530 drain_max_us=38027 ph_prepare_max_us=129 ph_overview_max_us=3808 ph_enumerate_max_us=590 ph_uniform_max_us=21217 ph_raw_max_us=11745 ph_offscreen_max_us=14239 ph_commit_max_us=1755 committed=1 authority=1 refresh=1 run_ok=1 pass=1
[23:45:48] TINYDRAW_GATE1_MIXED_DRAW zoom=50 tool=eraser chunks=50 append_max_us=146 append_avg_us=73 append_total_us=3671 affected_tiles=475 published=475 fallback=0 visible_fallback=0 drop_uni_slot=0 drop_uni_paint=0 drop_raw_edit=0 drop_raw_paint=0 off_skip=0 drain_ops=50 drain_total_us=882372 drain_max_us=27859 ph_prepare_max_us=128 ph_overview_max_us=3762 ph_enumerate_max_us=601 ph_uniform_max_us=32 ph_raw_max_us=11748 ph_offscreen_max_us=13316 ph_commit_max_us=1669 committed=1 authority=1 refresh=1 run_ok=1 pass=1
[23:45:50] TINYDRAW_GATE1_MIXED_DRAW zoom=100 tool=pen chunks=50 append_max_us=165 append_avg_us=78 append_total_us=3914 affected_tiles=747 published=654 fallback=93 visible_fallback=0 drop_uni_slot=0 drop_uni_paint=0 drop_raw_edit=0 drop_raw_paint=0 off_skip=93 drain_ops=50 drain_total_us=1013322 drain_max_us=32702 ph_prepare_max_us=145 ph_overview_max_us=1896 ph_enumerate_max_us=554 ph_uniform_max_us=21808 ph_raw_max_us=11644 ph_offscreen_max_us=14792 ph_commit_max_us=1060 committed=1 authority=1 refresh=1 run_ok=1 pass=1
[23:45:51] TINYDRAW_GATE1_MIXED_DRAW zoom=100 tool=eraser chunks=50 append_max_us=160 append_avg_us=75 append_total_us=3790 affected_tiles=542 published=542 fallback=0 visible_fallback=0 drop_uni_slot=0 drop_uni_paint=0 drop_raw_edit=0 drop_raw_paint=0 off_skip=0 drain_ops=50 drain_total_us=849369 drain_max_us=25925 ph_prepare_max_us=141 ph_overview_max_us=1864 ph_enumerate_max_us=587 ph_uniform_max_us=31 ph_raw_max_us=11782 ph_offscreen_max_us=12690 ph_commit_max_us=952 committed=1 authority=1 refresh=1 run_ok=1 pass=1
[23:45:53] TINYDRAW_GATE1_MIXED_DRAW zoom=200 tool=pen chunks=50 append_max_us=165 append_avg_us=75 append_total_us=3788 affected_tiles=706 published=670 fallback=36 visible_fallback=0 drop_uni_slot=0 drop_uni_paint=0 drop_raw_edit=0 drop_raw_paint=0 off_skip=36 drain_ops=50 drain_total_us=984842 drain_max_us=27472 ph_prepare_max_us=146 ph_overview_max_us=1062 ph_enumerate_max_us=550 ph_uniform_max_us=11823 ph_raw_max_us=11800 ph_offscreen_max_us=15452 ph_commit_max_us=898 committed=1 authority=1 refresh=1 run_ok=1 pass=1
[23:45:54] TINYDRAW_GATE1_MIXED_DRAW zoom=200 tool=eraser chunks=50 append_max_us=155 append_avg_us=74 append_total_us=3724 affected_tiles=610 published=610 fallback=0 visible_fallback=0 drop_uni_slot=0 drop_uni_paint=0 drop_raw_edit=0 drop_raw_paint=0 off_skip=0 drain_ops=50 drain_total_us=907922 drain_max_us=25886 ph_prepare_max_us=139 ph_overview_max_us=1073 ph_enumerate_max_us=560 ph_uniform_max_us=31 ph_raw_max_us=11808 ph_offscreen_max_us=14513 ph_commit_max_us=842 committed=1 authority=1 refresh=1 run_ok=1 pass=1
[23:45:56] TINYDRAW_GATE1_MIXED_DRAW zoom=400 tool=pen chunks=50 append_max_us=166 append_avg_us=74 append_total_us=3714 affected_tiles=743 published=743 fallback=0 visible_fallback=0 drop_uni_slot=0 drop_uni_paint=0 drop_raw_edit=0 drop_raw_paint=0 off_skip=0 drain_ops=50 drain_total_us=985910 drain_max_us=23364 ph_prepare_max_us=146 ph_overview_max_us=737 ph_enumerate_max_us=689 ph_uniform_max_us=3477 ph_raw_max_us=11780 ph_offscreen_max_us=9831 ph_commit_max_us=853 committed=1 authority=1 refresh=1 run_ok=1 pass=1
[23:45:57] TINYDRAW_GATE1_MIXED_DRAW zoom=400 tool=eraser chunks=50 append_max_us=165 append_avg_us=74 append_total_us=3734 affected_tiles=746 published=746 fallback=0 visible_fallback=0 drop_uni_slot=0 drop_uni_paint=0 drop_raw_edit=0 drop_raw_paint=0 off_skip=0 drain_ops=50 drain_total_us=981082 drain_max_us=23197 ph_prepare_max_us=148 ph_overview_max_us=733 ph_enumerate_max_us=693 ph_uniform_max_us=37 ph_raw_max_us=11688 ph_offscreen_max_us=9730 ph_commit_max_us=783 committed=1 authority=1 refresh=1 run_ok=1 pass=1
[23:45:57] TINYDRAW_GATE1_MIXED_DRAW_REVISIT zoom=50 missing=0 refill_tiles=0 refill_us=373
[23:45:57] TINYDRAW_GATE1_MIXED_DRAW_REVISIT zoom=100 missing=0 refill_tiles=0 refill_us=369
[23:45:58] TINYDRAW_GATE1_MIXED_DRAW_REVISIT zoom=200 missing=0 refill_tiles=0 refill_us=368
[23:45:58] TINYDRAW_GATE1_MIXED_DRAW_REVISIT zoom=400 missing=0 refill_tiles=0 refill_us=307
[23:45:58] TINYDRAW_GATE1_MIXED_DRAW_SUMMARY slots=448 strokes=10 worst_append_us=166 pass=1
[23:46:03] TINYDRAW_GATE1_IDLE_REPAIR damaged=588 remaining=0 plan_views=24 steps=4382 repair_us=3823009 worst_step_us=5487 warm_tiles=56 pass=1
[23:46:04] TINYDRAW_INKTRACE trace=fast-curve-dense-25 zoom=25 events=411 consumed=391 coalesced=20 down=1/1 up=1/1 max_time_gap_us=4072 max_space_gap_px=55.33 e2c_p50=503 e2c_p95=1568 e2c_max=1577 e2g_p95=774 e2s_p95=2547 e2d_p50=2266 e2d_p95=3398 e2d_max=3642 latency_samples=33 presentation_failures=0 commit_failures=0 overflows=0 revision=3482 fb_tiles=0 fb_start=0 fb_mid_max=0 fb_up_max=0 fb_end=0 drop_uni_slot=0 drop_uni_paint=0 drop_raw_edit=0 drop_raw_paint=0 off_skip=61 drain_ops=2 drain_max_us=36932 latency_pass=1 pass=1
[23:46:05] TINYDRAW_INKTRACE trace=fast-curve-400 zoom=400 events=414 consumed=371 coalesced=43 down=1/1 up=1/1 max_time_gap_us=4405 max_space_gap_px=65.51 e2c_p50=503 e2c_p95=1035 e2c_max=1992 e2g_p95=775 e2s_p95=2763 e2d_p50=2399 e2d_p95=3940 e2d_max=3942 latency_samples=33 presentation_failures=0 commit_failures=0 overflows=0 revision=3484 fb_tiles=42 fb_start=30 fb_mid_max=30 fb_up_max=30 fb_end=30 drop_uni_slot=0 drop_uni_paint=0 drop_raw_edit=0 drop_raw_paint=0 off_skip=0 drain_ops=2 drain_max_us=10758 latency_pass=1 pass=1
[23:46:07] TINYDRAW_INKTRACE trace=fast-curve-400-xl zoom=400 events=2296 consumed=1966 coalesced=330 down=1/1 up=1/1 max_time_gap_us=5079 max_space_gap_px=47.85 e2c_p50=503 e2c_p95=505 e2c_max=1578 e2g_p95=780 e2s_p95=2896 e2d_p50=3185 e2d_p95=4431 e2d_max=5491 latency_samples=172 presentation_failures=0 commit_failures=0 overflows=0 revision=3490 fb_tiles=42 fb_start=30 fb_mid_max=30 fb_up_max=30 fb_end=30 drop_uni_slot=0 drop_uni_paint=0 drop_raw_edit=0 drop_raw_paint=0 off_skip=0 drain_ops=6 drain_max_us=15178 latency_pass=1 pass=1
[23:46:08] TINYDRAW_INKTRACE trace=slow-precise-100 zoom=100 events=741 consumed=714 coalesced=27 down=1/1 up=1/1 max_time_gap_us=3000 max_space_gap_px=13.45 e2c_p50=503 e2c_p95=1036 e2c_max=1909 e2g_p95=778 e2s_p95=1781 e2d_p50=1886 e2d_p95=2264 e2d_max=2274 latency_samples=53 presentation_failures=0 commit_failures=0 overflows=0 revision=3492 fb_tiles=42 fb_start=20 fb_mid_max=20 fb_up_max=20 fb_end=20 drop_uni_slot=0 drop_uni_paint=0 drop_raw_edit=0 drop_raw_paint=0 off_skip=0 drain_ops=2 drain_max_us=13179 latency_pass=1 pass=1
[23:46:11] TINYDRAW_INKTRACE trace=scribble-multistroke zoom=100 events=848 consumed=734 coalesced=114 down=7/7 up=7/7 max_time_gap_us=6073 max_space_gap_px=109.46 e2c_p50=503 e2c_p95=575 e2c_max=2067 e2g_p95=773 e2s_p95=3462 e2d_p50=3103 e2d_p95=5389 e2d_max=6126 latency_samples=55 presentation_failures=0 commit_failures=0 overflows=0 revision=3499 fb_tiles=42 fb_start=20 fb_mid_max=20 fb_up_max=20 fb_end=20 drop_uni_slot=0 drop_uni_paint=0 drop_raw_edit=0 drop_raw_paint=0 off_skip=0 drain_ops=7 drain_max_us=17732 latency_pass=1 pass=1
[23:46:12] TINYDRAW_HAIRLINE_DOC ops=782 samples=8061 append_total_us=1063148 append_max_us=7197
[23:46:13] TINYDRAW_GATE1_PACED_COLD corpus=evil_hairlines_capacity zoom=100 x=552 y=672 steps=239 tiles=56 compute_us=226609 present_us=77254 touch_us=801 pacing_us=9313 wall_us=313977 maximum_wall_us=500000 max_tick_us=9052 touch_samples=47513 touch_interval_max_us=2096 touch_read_max_us=597 touch_events=0 touch_down=0 touch_up=0 touch_events_ge_8ms=0 touch_event_age_max_us=0 touch_errors=0 touch_overflows=0 pass=1
[23:46:13] TINYDRAW_GATE1_PACED_COLD corpus=evil_hairlines_capacity zoom=400 x=2760 y=3360 steps=212 tiles=48 compute_us=132181 present_us=74304 touch_us=565 pacing_us=6899 wall_us=213949 maximum_wall_us=500000 max_tick_us=8743 touch_samples=285 touch_interval_max_us=1918 touch_read_max_us=489 touch_events=0 touch_down=0 touch_up=0 touch_events_ge_8ms=0 touch_event_age_max_us=0 touch_errors=0 touch_overflows=0 pass=1
[23:46:15] TINYDRAW_HAIRLINE_REPAIR steps=2353 wall_us=2130003 worst_step_us=5390 resident=406/448 grid_stopped=1 pass2_steps=8 pass2_wall_us=2185 no_churn=1
[23:46:17] TINYDRAW_HAIRLINE_TOUR stops=8 total_us=871549 worst_stop_us=180971 worst_step_us=6429
[23:46:17] TINYDRAW_GATE1_HAIRLINE raw=339 uniform=73 fallback=232 capacity=448 worst_step_us=6429 grid_stopped=1 pass=1
[23:46:19] TINYDRAW_GATE1_LONG_GESTURE path=reference samples=1600 chunks=26 append_total_us=934371 append_max_us=44028 append_avg_us=35937 refresh_fallback_pixels=0 settled_fallback_pixels=0 committed=1 authority=1 refresh=1 run_ok=1
[23:46:19] TINYDRAW_GATE1_LONG_GESTURE path=in_place samples=1600 chunks=52 append_total_us=583386 append_max_us=13694 append_avg_us=11218 refresh_fallback_pixels=0 settled_fallback_pixels=0 committed=1 authority=1 refresh=1 run_ok=1
[23:46:19] TINYDRAW_V2_EXPORT_PROGRESS row=0 of=1792
[23:46:20] TINYDRAW_V2_EXPORT_PROGRESS row=256 of=1792
[23:46:20] TINYDRAW_V2_EXPORT_PROGRESS row=512 of=1792
[23:46:21] TINYDRAW_V2_EXPORT_PROGRESS row=768 of=1792
[23:46:22] TINYDRAW_V2_EXPORT_PROGRESS row=1024 of=1792
[23:46:23] TINYDRAW_V2_EXPORT_PROGRESS row=1280 of=1792
[23:46:24] TINYDRAW_V2_EXPORT_PROGRESS row=1536 of=1792
[23:46:25] TINYDRAW_GATE1_EXPORT encoded=1 bytes=40166 elapsed_us=5827366 workspace_bytes=50652 band_bytes=376832 free_psram=1818936 free_internal=179664 signature=1 dimensions=1 chunks=3 chunks_ok=1 pass=1
[23:46:25] TINYDRAW_EXPORT_RESERVE requested=1572864 free_before=1818936 largest_before=1802240 free_held=246068 largest_held=245760 pass=1
[23:46:25] TINYDRAW_RERENDER_LEDGER site=final renders=0 unique=0 amplification=0.000 cold=0 damage=0 evict=0 stale=0 unexplained=0
[23:46:25] TINYDRAW_GATE1_AUTOMATED_DONE stress=1 stress_100=1 stress_400=1 overlap_ready=1 overlap_cold=0 general_cold_ready=1 general_cold=1 workload=1 paced_cold=1 hard_100=1 hard_400=1 pan_100=1 pan_400=1 pan_seq=1 pan_boundary=1 live_overlay=1 draw_fill=1 cache=1 full_world_cache=1 cache_tour=1 mixed_draw=1 idle_repair=1 ink_trace=1 hairline_capacity=1 long_gesture=1 export_encode=1 export_reserve=1 return=1 ssaa_receipt=yellow
[23:46:25] TINYDRAW_VECTOR_V2_GATE_HARNESS_DONE pass=0
[23:46:27] TINYDRAW_VECTOR_V2_READY zoom=25 controls=chrome button=cycle_all_zooms operations_capacity=4000 samples_capacity=80000 live_storage_bytes=6383640 overview_bytes=1318912 raw_tile_bytes=3670016 tile_metadata_bytes=101360 operation_bytes=720000 live_scratch_bytes=573352 free_psram=1818936 largest_psram=1802240 te_edges=4081 te_period_us=16806 te_high_us=578 te_level=0 main_stack_free=664
[23:46:27] TINYDRAW_LIVE_SETTLE zoom=25 tiles=42 total_us=151161 max_tile_us=75268 failures=0
