[23:25:15] I (103) esp_image: segment 0: paddr=00010020 vaddr=3c060020 sizeESP-ROM:esp32s3-20210327
[23:25:15] Build:Mar 27 2021
[23:25:15] rst:0x15 (USB_UART_CHIP_RESET),boot:0x2b (SPI_FAST_FLASH_BOOT)
[23:25:15] Saved PC:0x42008597
[23:25:15] SPIWP:0xee
[23:25:15] mode:DIO, clock div:1
[23:25:15] load:0x3fce2820,len:0x1664
[23:25:15] load:0x403c8700,len:0xf38
[23:25:15] load:0x403cb700,len:0x31e8
[23:25:15] entry 0x403c8930
[23:25:15] I (24) boot: ESP-IDF v6.0.2 2nd stage bootloader
[23:25:15] I (24) boot: compile time Aug 16 2026 23:24:57
[23:25:15] I (25) boot: Multicore bootloader
[23:25:15] I (25) boot: chip revision: v0.2
[23:25:15] I (28) boot: efuse block revision: v1.3
[23:25:15] I (31) qio_mode: Enabling default flash chip QIO
[23:25:15] I (36) boot.esp32s3: Boot SPI Speed : 80MHz
[23:25:15] I (39) boot.esp32s3: SPI Mode       : QIO
[23:25:15] I (43) boot.esp32s3: SPI Flash Size : 16MB
[23:25:15] I (47) boot: Enabling RNG early entropy source...
[23:25:15] I (51) boot: Partition Table:
[23:25:15] I (54) boot: ## Label            Usage          Type ST Offset   Length
[23:25:15] I (60) boot:  0 nvs              WiFi data        01 02 00009000 00006000
[23:25:15] I (67) boot:  1 phy_init         RF data          01 01 0000f000 00001000
[23:25:15] I (73) boot:  2 factory          factory app      00 00 00010000 00100000
[23:25:15] I (80) boot:  3 drawing          Unknown data     01 40 00110000 00300000
[23:25:15] I (86) boot:  4 export           Unknown data     01 41 00410000 00500000
[23:25:15] I (93) boot:  5 coredump         Unknown data     01 03 00910000 00010000
[23:25:15] I (100) boot: End of partition table
[23:25:15] I (103) esp_image: segment 0: paddr=00010020 vaddr=3c060020 size=2c17ch (180604) map
[23:25:15] I (138) esp_image: segment 1: paddr=0003c1a4 vaddr=3fc96000 size=03764h ( 14180) load
[23:25:15] I (141) esp_image: segment 2: paddr=0003f910 vaddr=40374000 size=00708h (  1800) load
[23:25:15] I (143) esp_image: segment 3: paddr=00040020 vaddr=42000020 size=50a3ch (330300) map
[23:25:15] I (201) esp_image: segment 4: paddr=00090a64 vaddr=40374708 size=1180ch ( 71692) load
[23:25:15] I (215) esp_image: segment 5: paddr=000a2278 vaddr=50000000 size=00024h (    36) load
[23:25:15] I (223) boot: Loaded app from partition at offset 0x10000
[23:25:15] I (224) boot: Disabling RNG early entropy source...
[23:25:15] I (234) octal_psram: vendor id    : 0x0d (AP)
[23:25:15] I (234) octal_psram: dev id       : 0x02 (generation 3)
[23:25:15] I (234) octal_psram: density      : 0x03 (64 Mbit)
[23:25:15] I (236) octal_psram: good-die     : 0x01 (Pass)
[23:25:15] I (240) octal_psram: Latency      : 0x01 (Fixed)
[23:25:15] I (244) octal_psram: VCC          : 0x01 (3V)
[23:25:15] I (249) octal_psram: SRF          : 0x01 (Fast Refresh)
[23:25:15] I (254) octal_psram: BurstType    : 0x01 (Hybrid Wrap)
[23:25:15] I (258) octal_psram: BurstLen     : 0x01 (32 Byte)
[23:25:15] I (263) octal_psram: Readlatency  : 0x02 (10 cycles@Fixed)
[23:25:15] I (268) octal_psram: DriveStrength: 0x00 (1/1)
[23:25:15] I (272) MSPI Timing: Enter psram timing tuning
[23:25:15] I (277) esp_psram: Found 8MB PSRAM device
[23:25:15] I (280) esp_psram: Speed: 80MHz
[23:25:15] I (283) cpu_start: Multicore app
[23:25:15] I (699) esp_psram: SPI SRAM memory test OK
[23:25:15] I (707) cpu_start: GPIO 44 and 43 are used as console UART I/O pins
[23:25:15] I (708) cpu_start: Pro cpu start user code
[23:25:15] I (708) cpu_start: cpu freq: 240000000 Hz
[23:25:15] I (710) app_init: Application information:
[23:25:15] I (713) app_init: Project name:     tinydraw_esp32
[23:25:15] I (718) app_init: App version:      06b6095-dirty
[23:25:15] I (722) app_init: Compile time:     Aug 16 2026 23:24:49
[23:25:15] I (727) app_init: ELF file SHA256:  3d2a3567a...
[23:25:15] I (732) app_init: ESP-IDF:          v6.0.2
[23:25:15] I (736) efuse_init: Min chip rev:     v0.0
[23:25:15] I (739) efuse_init: Max chip rev:     v0.99 
[23:25:15] I (743) efuse_init: Chip rev:         v0.2
[23:25:15] I (747) heap_init: Initializing. RAM available for dynamic allocation:
[23:25:15] I (754) heap_init: At 3FC9AB90 len 0004EB80 (314 KiB): RAM
[23:25:15] I (759) heap_init: At 3FCE9710 len 00005724 (21 KiB): RAM
[23:25:15] I (764) heap_init: At 3FCF0000 len 00008000 (32 KiB): DRAM
[23:25:15] I (769) heap_init: At 600FE000 len 00001FE8 (7 KiB): RTCRAM
[23:25:15] I (774) esp_psram: Adding pool of 8192K of PSRAM memory to heap allocator
[23:25:15] I (781) spi_flash: detected chip: generic
[23:25:15] I (785) spi_flash: flash io: qio
[23:25:15] I (788) sleep_gpio: Configure to isolate all GPIO pins in sleep state
[23:25:15] I (794) sleep_gpio: Enable automatic switching of GPIO sleep configuration
[23:25:15] I (801) main_task: Started on CPU0
[23:25:15] I (804) main_task: Calling app_main()
[23:25:15] TINYDRAW_PRODUCER_SCRATCH supertask_internal=1 slot_directory_internal=0 free_internal=299676 free_psram=1820524
[23:25:16] TINYDRAW_PANEL_HARD_RESET=1
[23:25:16] TINYDRAW_PANEL_TRANSPORT requested_clock_mhz=50 effective_clock_mhz=40
[23:25:16] I (1011) co5300: version: 2.1.0
[23:25:16] I (1011) co5300_spi: LCD panel create success, version: 2.1.0
[23:25:16] W (1096) co5300_spi: The 3Ah command has been used and will be overwritten by external initialization sequence
[23:25:16] I (1197) CST816S: IC id: 183
[23:25:16] TINYDRAW_VECTOR_V2_PRESENTATION experiment=boundary-top-sweep te_edge=rising requested_clock_mhz=50 effective_clock_mhz=40 optical_acceptance=external_manual
[23:25:16] TINYDRAW_LIVE_PRESENT kind=startup zoom=25 x=0 y=0 compose_us=26090 scroll_us=0 exposed_compose_us=0 chrome_us=17021 chrome_prepare_us=11931 chrome_stage_us=5090 read_submit_us=0 read_complete_us=0 transfer_wait_us=20863 tile_pixels=0 uniform_pixels=0 overview_pixels=164864 fallback_pixels=0 resident_tiles=0 fallback_tiles=0 pushes=11 tear_wait_us=301 tear_edge_isr_to_resume_us=15 tear_edge_observed=1 tear_edge_wait_resumed=1 tear_edge_timeout=0 tear_heal_attempted=0 tear_heal_command_sent=0 presentation_experiment=boundary-top-sweep te_edge=rising requested_clock_mhz=50 effective_clock_mhz=40 frame_reused=0 pass=1
[23:25:17] TINYDRAW_LIVE_STRESS operations=1000 samples=20000 total_us=767231 average_us=767 maximum_us=1019 free_psram=1818936 largest_psram=1802240
[23:25:17] TINYDRAW_LIVE_PRESENT kind=gate_fallback zoom=100 x=0 y=0 compose_us=11320 scroll_us=0 exposed_compose_us=0 chrome_us=11081 chrome_prepare_us=6738 chrome_stage_us=4343 read_submit_us=24321 read_complete_us=27702 transfer_wait_us=20660 tile_pixels=0 uniform_pixels=0 overview_pixels=0 fallback_pixels=164864 resident_tiles=0 fallback_tiles=42 pushes=11 tear_wait_us=6137 tear_edge_isr_to_resume_us=12 tear_edge_observed=1 tear_edge_wait_resumed=1 tear_edge_timeout=0 tear_heal_attempted=0 tear_heal_command_sent=0 presentation_experiment=boundary-top-sweep te_edge=rising requested_clock_mhz=50 effective_clock_mhz=40 frame_reused=0 pass=1
[23:25:17] TINYDRAW_GATE1_HARD zoom=100 cold=1 operations=1000 samples=20000 steps=193 tiles=42 scanned=12000 rendered=122 max_supertask_us=6756 presentation_us=68546 total_us=281985 maximum_wall_us=500000 pass=1
[23:25:17] TINYDRAW_LIVE_PRESENT kind=gate_fallback zoom=400 x=0 y=0 compose_us=10730 scroll_us=0 exposed_compose_us=0 chrome_us=6516 chrome_prepare_us=2350 chrome_stage_us=4166 read_submit_us=13970 read_complete_us=17596 transfer_wait_us=20852 tile_pixels=0 uniform_pixels=0 overview_pixels=0 fallback_pixels=164864 resident_tiles=0 fallback_tiles=42 pushes=11 tear_wait_us=770 tear_edge_isr_to_resume_us=13 tear_edge_observed=1 tear_edge_wait_resumed=1 tear_edge_timeout=0 tear_heal_attempted=0 tear_heal_command_sent=0 presentation_experiment=boundary-top-sweep te_edge=rising requested_clock_mhz=50 effective_clock_mhz=40 frame_reused=0 pass=1
[23:25:17] TINYDRAW_GATE1_HARD zoom=400 cold=1 operations=1000 samples=20000 steps=199 tiles=42 scanned=12000 rendered=17 max_supertask_us=5332 presentation_us=66790 total_us=161135 maximum_wall_us=500000 pass=1
[23:25:18] TINYDRAW_OVERLAP_WORKLOAD operations=8 samples=1200 radius_world=80
[23:25:19] TINYDRAW_GATE1_PACED_COLD corpus=overlap zoom=50 x=215 y=255 steps=235 tiles=56 compute_us=523472 present_us=82891 touch_us=981 pacing_us=15608 wall_us=622952 maximum_wall_us=500000 max_tick_us=9456 touch_samples=2793 touch_interval_max_us=1948 touch_read_max_us=606 touch_events=0 touch_down=0 touch_up=0 touch_events_ge_8ms=0 touch_event_age_max_us=0 touch_errors=0 touch_overflows=0 pass=0
[23:25:19] TINYDRAW_GATE1_PACED_COLD corpus=overlap zoom=100 x=583 y=703 steps=183 tiles=48 compute_us=284455 present_us=78003 touch_us=627 pacing_us=7891 wall_us=370976 maximum_wall_us=500000 max_tick_us=9404 touch_samples=436 touch_interval_max_us=1825 touch_read_max_us=479 touch_events=0 touch_down=0 touch_up=0 touch_events_ge_8ms=0 touch_event_age_max_us=0 touch_errors=0 touch_overflows=0 pass=1
[23:25:19] TINYDRAW_GATE1_PACED_COLD corpus=overlap zoom=200 x=1319 y=1599 steps=180 tiles=56 compute_us=257771 present_us=76450 touch_us=614 pacing_us=9139 wall_us=343974 maximum_wall_us=500000 max_tick_us=9831 touch_samples=410 touch_interval_max_us=1178 touch_read_max_us=466 touch_events=0 touch_down=0 touch_up=0 touch_events_ge_8ms=0 touch_event_age_max_us=0 touch_errors=0 touch_overflows=0 pass=1
[23:25:20] TINYDRAW_GATE1_PACED_COLD corpus=overlap zoom=400 x=2791 y=3391 steps=181 tiles=56 compute_us=221061 present_us=73167 touch_us=558 pacing_us=8186 wall_us=302972 maximum_wall_us=500000 max_tick_us=8190 touch_samples=379 touch_interval_max_us=1165 touch_read_max_us=475 touch_events=0 touch_down=0 touch_up=0 touch_events_ge_8ms=0 touch_event_age_max_us=0 touch_errors=0 touch_overflows=0 pass=1
[23:25:20] TINYDRAW_ADVERSARIAL_TAPERED_WORKLOAD operations=128 samples=4096 erasers=12 load_us=219183 appended=1
[23:25:21] TINYDRAW_GENERAL_COLD_WORKLOAD operations=910 samples=12157 hairline_operations=782 hairline_samples=8061 hairline_load_us=1109213 appended=1
[23:25:22] TINYDRAW_GATE1_PACED_COLD corpus=adversarial_tapered_4x+evil_hairlines zoom=50 x=0 y=0 steps=313 tiles=42 compute_us=363046 present_us=70420 touch_us=935 pacing_us=9606 wall_us=444007 maximum_wall_us=500000 max_tick_us=8377 touch_samples=1697 touch_interval_max_us=2036 touch_read_max_us=529 touch_events=0 touch_down=0 touch_up=0 touch_events_ge_8ms=0 touch_event_age_max_us=0 touch_errors=0 touch_overflows=0 pass=1
[23:25:22] TINYDRAW_GATE1_PACED_COLD corpus=adversarial_tapered_4x+evil_hairlines zoom=100 x=0 y=0 steps=334 tiles=42 compute_us=348447 present_us=65796 touch_us=788 pacing_us=9961 wall_us=424992 maximum_wall_us=500000 max_tick_us=8058 touch_samples=502 touch_interval_max_us=1157 touch_read_max_us=454 touch_events=0 touch_down=0 touch_up=0 touch_events_ge_8ms=0 touch_event_age_max_us=0 touch_errors=0 touch_overflows=0 pass=1
[23:25:23] TINYDRAW_GATE1_PACED_COLD corpus=adversarial_tapered_4x+evil_hairlines zoom=200 x=0 y=0 steps=406 tiles=42 compute_us=409419 present_us=62389 touch_us=867 pacing_us=9499 wall_us=482174 maximum_wall_us=500000 max_tick_us=7828 touch_samples=545 touch_interval_max_us=1173 touch_read_max_us=453 touch_events=0 touch_down=0 touch_up=0 touch_events_ge_8ms=0 touch_event_age_max_us=0 touch_errors=0 touch_overflows=0 pass=1
[23:25:23] TINYDRAW_GATE1_PACED_COLD corpus=adversarial_tapered_4x+evil_hairlines zoom=400 x=0 y=0 steps=491 tiles=42 compute_us=444548 present_us=62700 touch_us=866 pacing_us=9880 wall_us=517994 maximum_wall_us=520000 max_tick_us=11066 touch_samples=591 touch_interval_max_us=1137 touch_read_max_us=432 touch_events=0 touch_down=0 touch_up=0 touch_events_ge_8ms=0 touch_event_age_max_us=0 touch_errors=0 touch_overflows=0 pass=1
[23:25:24] TINYDRAW_GATE1_WORKLOAD kind=realistic seed=7 operations=1000 samples=19844 maximum_stroke=198 load_us=574574 raw_source=1 lod_copies=0
[23:25:24] TINYDRAW_GATE1_PACED_COLD corpus=seed7 zoom=400 x=63 y=63 steps=263 tiles=56 compute_us=193280 present_us=79988 touch_us=477 pacing_us=6230 wall_us=279975 maximum_wall_us=500000 max_tick_us=9650 touch_samples=998 touch_interval_max_us=2015 touch_read_max_us=528 touch_events=0 touch_down=0 touch_up=0 touch_events_ge_8ms=0 touch_event_age_max_us=0 touch_errors=0 touch_overflows=0 pass=1
[23:25:25] TINYDRAW_LIVE_PRESENT kind=gate_fallback zoom=100 x=0 y=0 compose_us=11316 scroll_us=0 exposed_compose_us=0 chrome_us=6720 chrome_prepare_us=2364 chrome_stage_us=4356 read_submit_us=30576 read_complete_us=34175 transfer_wait_us=20546 tile_pixels=0 uniform_pixels=0 overview_pixels=0 fallback_pixels=164864 resident_tiles=0 fallback_tiles=42 pushes=11 tear_wait_us=16772 tear_edge_isr_to_resume_us=10 tear_edge_observed=1 tear_edge_wait_resumed=1 tear_edge_timeout=0 tear_heal_attempted=0 tear_heal_command_sent=0 presentation_experiment=boundary-top-sweep te_edge=rising requested_clock_mhz=50 effective_clock_mhz=40 frame_reused=0 pass=1
[23:25:25] TINYDRAW_GATE1_HARD zoom=100 cold=1 operations=1000 samples=19844 steps=246 tiles=42 scanned=12000 rendered=390 max_supertask_us=5397 presentation_us=69079 total_us=372717 maximum_wall_us=500000 pass=1
[23:25:25] TINYDRAW_GATE1_OVERLAY_CANVAS regions=zoom,minimap,toolbar,battery operations=4 presentation_mutations=0 authority=1 pass=1
[23:25:25] TINYDRAW_GATE1_LIVE_OVERLAY clear_updates=48 clear_wall_max_us=3946 clear_submit_max_us=2141 clear_complete_max_us=2986 overlay_updates=48 overlay_wall_max_us=3914 overlay_submit_max_us=2090 overlay_complete_max_us=3141 overlay_chrome_max_us=259 clear_failures=0 overlay_failures=0 pass=1
[23:25:25] TINYDRAW_EDGE_INK corners=4 edge_failures=0 pass=1
[23:25:26] TINYDRAW_GATE1_PAN zoom=100 from_x=0 from_y=0 to_x=88 to_y=88 compose_us=15491 scroll_us=11 exposed_compose_us=15480 chrome_us=2350 event_submit_us=30110 event_complete_us=33270 transfer_us=15893 setup=1 present=1 moved=1 frame_reused=1 pass=1
[23:25:26] TINYDRAW_LIVE_PRESENT kind=gate_fallback zoom=400 x=0 y=0 compose_us=10732 scroll_us=0 exposed_compose_us=0 chrome_us=6579 chrome_prepare_us=2357 chrome_stage_us=4222 read_submit_us=24100 read_complete_us=27723 transfer_wait_us=20357 tile_pixels=0 uniform_pixels=0 overview_pixels=0 fallback_pixels=164864 resident_tiles=0 fallback_tiles=42 pushes=11 tear_wait_us=10889 tear_edge_isr_to_resume_us=11 tear_edge_observed=1 tear_edge_wait_resumed=1 tear_edge_timeout=0 tear_heal_attempted=0 tear_heal_command_sent=0 presentation_experiment=boundary-top-sweep te_edge=rising requested_clock_mhz=50 effective_clock_mhz=40 frame_reused=0 pass=1
[23:25:26] TINYDRAW_GATE1_HARD zoom=400 cold=1 operations=1008 samples=19852 steps=200 tiles=42 scanned=12096 rendered=62 max_supertask_us=8132 presentation_us=68642 total_us=213432 maximum_wall_us=500000 pass=1
[23:25:26] TINYDRAW_GATE1_PAN zoom=400 from_x=0 from_y=0 to_x=88 to_y=88 compose_us=15470 scroll_us=11 exposed_compose_us=15459 chrome_us=2119 event_submit_us=30205 event_complete_us=33365 transfer_us=15801 setup=1 present=1 moved=1 frame_reused=1 pass=1
[23:25:29] TINYDRAW_PANSEQ_FRAME zoom=100 step=0 dx=24 dy=18 scroll_us=12 exposed_compose_us=4409 chrome_us=2299 tear_wait_us=8264 present_us=16154 prepare_us=10550 acquire_wait_us=19 ring_copy_us=8240 patch_us=2302 byte_swap_us=8 staging_us=4271 event_submit_us=12823 event_complete_us=15977 frame_us=28974 tear_edge_observed=1 frame_reused=1 pass=1
[23:25:29] TINYDRAW_PANSEQ_FRAME zoom=100 step=1 dx=24 dy=18 scroll_us=11 exposed_compose_us=4443 chrome_us=2321 tear_wait_us=12838 present_us=16510 prepare_us=10546 acquire_wait_us=18 ring_copy_us=8222 patch_us=2316 byte_swap_us=8 staging_us=4282 event_submit_us=17415 event_complete_us=20583 frame_us=33922 tear_edge_observed=1 frame_reused=1 pass=1
[23:25:29] TINYDRAW_PANSEQ_FRAME zoom=100 step=2 dx=24 dy=18 scroll_us=11 exposed_compose_us=4140 chrome_us=2318 tear_wait_us=12799 present_us=15856 prepare_us=10589 acquire_wait_us=20 ring_copy_us=8269 patch_us=2311 byte_swap_us=9 staging_us=4235 event_submit_us=17078 event_complete_us=20239 frame_us=32932 tear_edge_observed=1 frame_reused=1 pass=1
[23:25:29] TINYDRAW_PANSEQ_FRAME zoom=100 step=3 dx=24 dy=18 scroll_us=10 exposed_compose_us=4689 chrome_us=2313 tear_wait_us=12913 present_us=16199 prepare_us=10526 acquire_wait_us=20 ring_copy_us=8203 patch_us=2315 byte_swap_us=8 staging_us=4280 event_submit_us=17729 event_complete_us=20868 frame_us=33928 tear_edge_observed=1 frame_reused=1 pass=1
[23:25:29] TINYDRAW_PANSEQ_FRAME zoom=100 step=4 dx=24 dy=18 scroll_us=11 exposed_compose_us=4201 chrome_us=2318 tear_wait_us=13066 present_us=16531 prepare_us=10568 acquire_wait_us=21 ring_copy_us=8246 patch_us=2313 byte_swap_us=9 staging_us=4251 event_submit_us=17408 event_complete_us=20567 frame_us=33933 tear_edge_observed=1 frame_reused=1 pass=1
[23:25:29] TINYDRAW_PANSEQ_FRAME zoom=100 step=5 dx=24 dy=18 scroll_us=11 exposed_compose_us=4477 chrome_us=2342 tear_wait_us=12453 present_us=15867 prepare_us=10541 acquire_wait_us=20 ring_copy_us=8195 patch_us=2338 byte_swap_us=8 staging_us=4248 event_submit_us=17061 event_complete_us=20197 frame_us=32928 tear_edge_observed=1 frame_reused=1 pass=1
[23:25:29] TINYDRAW_PANSEQ_FRAME zoom=100 step=6 dx=24 dy=18 scroll_us=11 exposed_compose_us=4133 chrome_us=2316 tear_wait_us=13484 present_us=16179 prepare_us=10540 acquire_wait_us=19 ring_copy_us=8224 patch_us=2307 byte_swap_us=9 staging_us=4255 event_submit_us=17756 event_complete_us=20897 frame_us=33933 tear_edge_observed=1 frame_reused=1 pass=1
[23:25:29] TINYDRAW_PANSEQ_FRAME zoom=100 step=7 dx=24 dy=18 scroll_us=10 exposed_compose_us=4460 chrome_us=2332 tear_wait_us=12840 present_us=16495 prepare_us=10538 acquire_wait_us=20 ring_copy_us=8205 patch_us=2325 byte_swap_us=8 staging_us=4286 event_submit_us=17437 event_complete_us=20597 frame_us=33930 tear_edge_observed=1 frame_reused=1 pass=1
[23:25:29] TINYDRAW_PANSEQ_FRAME zoom=100 step=8 dx=24 dy=18 scroll_us=11 exposed_compose_us=4422 chrome_us=2296 tear_wait_us=12549 present_us=15825 prepare_us=10559 acquire_wait_us=20 ring_copy_us=8247 patch_us=2306 byte_swap_us=6 staging_us=4254 event_submit_us=17108 event_complete_us=20253 frame_us=32932 tear_edge_observed=1 frame_reused=1 pass=1
[23:25:29] TINYDRAW_PANSEQ_FRAME zoom=100 step=9 dx=24 dy=18 scroll_us=10 exposed_compose_us=4483 chrome_us=2317 tear_wait_us=13151 present_us=16162 prepare_us=10512 acquire_wait_us=20 ring_copy_us=8179 patch_us=2324 byte_swap_us=9 staging_us=4270 event_submit_us=17768 event_complete_us=20903 frame_us=33929 tear_edge_observed=1 frame_reused=1 pass=1
[23:25:29] TINYDRAW_PANSEQ_FRAME zoom=100 step=10 dx=24 dy=18 scroll_us=11 exposed_compose_us=4150 chrome_us=2316 tear_wait_us=13145 present_us=16502 prepare_us=10568 acquire_wait_us=20 ring_copy_us=8247 patch_us=2312 byte_swap_us=9 staging_us=4258 event_submit_us=17435 event_complete_us=20598 frame_us=33933 tear_edge_observed=1 frame_reused=1 pass=1
[23:25:29] TINYDRAW_PANSEQ_FRAME zoom=100 step=11 dx=24 dy=18 scroll_us=11 exposed_compose_us=4695 chrome_us=2317 tear_wait_us=12263 present_us=15837 prepare_us=10537 acquire_wait_us=21 ring_copy_us=8207 patch_us=2321 byte_swap_us=9 staging_us=4257 event_submit_us=17091 event_complete_us=20228 frame_us=32928 tear_edge_observed=1 frame_reused=1 pass=1
[23:25:29] TINYDRAW_PANSEQ_FRAME zoom=100 step=12 dx=24 dy=18 scroll_us=11 exposed_compose_us=4213 chrome_us=2310 tear_wait_us=13414 present_us=16168 prepare_us=10551 acquire_wait_us=18 ring_copy_us=8232 patch_us=2311 byte_swap_us=8 staging_us=4253 event_submit_us=17767 event_complete_us=20917 frame_us=33933 tear_edge_observed=1 frame_reused=1 pass=1
[23:25:29] TINYDRAW_PANSEQ_FRAME zoom=100 step=13 dx=24 dy=18 scroll_us=10 exposed_compose_us=4469 chrome_us=2322 tear_wait_us=12820 present_us=16507 prepare_us=10526 acquire_wait_us=20 ring_copy_us=8200 patch_us=2320 byte_swap_us=6 staging_us=4285 event_submit_us=17425 event_complete_us=20582 frame_us=33930 tear_edge_observed=1 frame_reused=1 pass=1
[23:25:29] TINYDRAW_PANSEQ_FRAME zoom=100 step=14 dx=24 dy=18 scroll_us=11 exposed_compose_us=4165 chrome_us=2324 tear_wait_us=12779 present_us=15852 prepare_us=10573 acquire_wait_us=19 ring_copy_us=8248 patch_us=2317 byte_swap_us=8 staging_us=4235 event_submit_us=17082 event_complete_us=20229 frame_us=32932 tear_edge_observed=1 frame_reused=1 pass=1
[23:25:29] TINYDRAW_PANSEQ_FRAME zoom=100 step=15 dx=24 dy=18 scroll_us=10 exposed_compose_us=4527 chrome_us=2319 tear_wait_us=13086 present_us=16184 prepare_us=10531 acquire_wait_us=19 ring_copy_us=8209 patch_us=2313 byte_swap_us=9 staging_us=4271 event_submit_us=17745 event_complete_us=20887 frame_us=33929 tear_edge_observed=1 frame_reused=1 pass=1
[23:25:29] TINYDRAW_PANSEQ_FRAME zoom=100 step=16 dx=72 dy=54 scroll_us=11 exposed_compose_us=11786 chrome_us=2310 tear_wait_us=5476 present_us=16536 prepare_us=10556 acquire_wait_us=21 ring_copy_us=8243 patch_us=2304 byte_swap_us=9 staging_us=4229 event_submit_us=17402 event_complete_us=20539 frame_us=33933 tear_edge_observed=1 frame_reused=1 pass=1
[23:25:29] TINYDRAW_PANSEQ_FRAME zoom=100 step=17 dx=72 dy=54 scroll_us=11 exposed_compose_us=11777 chrome_us=2350 tear_wait_us=5140 present_us=15881 prepare_us=10526 acquire_wait_us=22 ring_copy_us=8172 patch_us=2346 byte_swap_us=8 staging_us=4262 event_submit_us=17047 event_complete_us=20175 frame_us=32928 tear_edge_observed=1 frame_reused=1 pass=1
[23:25:29] TINYDRAW_PANSEQ_FRAME zoom=100 step=18 dx=72 dy=54 scroll_us=11 exposed_compose_us=10102 chrome_us=2322 tear_wait_us=7477 present_us=16220 prepare_us=10551 acquire_wait_us=21 ring_copy_us=8229 patch_us=2314 byte_swap_us=8 staging_us=4259 event_submit_us=17715 event_complete_us=20852 frame_us=33933 tear_edge_observed=1 frame_reused=1 pass=1
[23:25:29] TINYDRAW_PANSEQ_FRAME zoom=100 step=19 dx=72 dy=54 scroll_us=10 exposed_compose_us=10096 chrome_us=2313 tear_wait_us=7166 present_us=16536 prepare_us=10527 acquire_wait_us=20 ring_copy_us=8209 patch_us=2311 byte_swap_us=7 staging_us=4287 event_submit_us=17395 event_complete_us=20552 frame_us=33930 tear_edge_observed=1 frame_reused=1 pass=1
[23:25:29] TINYDRAW_PANSEQ_FRAME zoom=100 step=20 dx=-72 dy=-54 scroll_us=11 exposed_compose_us=11612 chrome_us=2333 tear_wait_us=5321 present_us=15863 prepare_us=10549 acquire_wait_us=19 ring_copy_us=8213 patch_us=2327 byte_swap_us=9 staging_us=4222 event_submit_us=17071 event_complete_us=20184 frame_us=32932 tear_edge_observed=1 frame_reused=1 pass=1
[23:25:29] TINYDRAW_PANSEQ_FRAME zoom=100 step=21 dx=-72 dy=-54 scroll_us=10 exposed_compose_us=11760 chrome_us=2326 tear_wait_us=5840 present_us=16197 prepare_us=10508 acquire_wait_us=19 ring_copy_us=8176 patch_us=2323 byte_swap_us=9 staging_us=4284 event_submit_us=17733 event_complete_us=20856 frame_us=33929 tear_edge_observed=1 frame_reused=1 pass=1
[23:25:29] TINYDRAW_PANSEQ_FRAME zoom=100 step=22 dx=-72 dy=-54 scroll_us=11 exposed_compose_us=11759 chrome_us=2317 tear_wait_us=5516 present_us=16523 prepare_us=10543 acquire_wait_us=20 ring_copy_us=8220 patch_us=2314 byte_swap_us=9 staging_us=4250 event_submit_us=17415 event_complete_us=20551 frame_us=33933 tear_edge_observed=1 frame_reused=1 pass=1
[23:25:29] TINYDRAW_PANSEQ_FRAME zoom=100 step=23 dx=-72 dy=-54 scroll_us=11 exposed_compose_us=11437 chrome_us=2340 tear_wait_us=5512 present_us=15848 prepare_us=10533 acquire_wait_us=19 ring_copy_us=8188 patch_us=2337 byte_swap_us=8 staging_us=4247 event_submit_us=17080 event_complete_us=20212 frame_us=32928 tear_edge_observed=1 frame_reused=1 pass=1
[23:25:29] TINYDRAW_PANSEQ_STRIP zoom=100 strip=0 panel_y=0 rows=44 samples=24 staging_mean_us=1329 staging_max_us=1352 wire_budget_us=1619 over_budget_us=0 pass=1
[23:25:29] TINYDRAW_PANSEQ_STRIP zoom=100 strip=1 panel_y=44 rows=44 samples=24 staging_mean_us=1216 staging_max_us=1227 wire_budget_us=1619 over_budget_us=0 pass=1
[23:25:29] TINYDRAW_PANSEQ_STRIP zoom=100 strip=2 panel_y=88 rows=44 samples=24 staging_mean_us=1163 staging_max_us=1174 wire_budget_us=1619 over_budget_us=0 pass=1
[23:25:29] TINYDRAW_PANSEQ_STRIP zoom=100 strip=3 panel_y=132 rows=44 samples=24 staging_mean_us=1161 staging_max_us=1175 wire_budget_us=1619 over_budget_us=0 pass=1
[23:25:29] TINYDRAW_PANSEQ_STRIP zoom=100 strip=4 panel_y=176 rows=44 samples=24 staging_mean_us=1163 staging_max_us=1176 wire_budget_us=1619 over_budget_us=0 pass=1
[23:25:30] TINYDRAW_PANSEQ_STRIP zoom=100 strip=5 panel_y=220 rows=44 samples=24 staging_mean_us=1191 staging_max_us=1203 wire_budget_us=1619 over_budget_us=0 pass=1
[23:25:30] TINYDRAW_PANSEQ_STRIP zoom=100 strip=6 panel_y=264 rows=44 samples=24 staging_mean_us=1366 staging_max_us=1389 wire_budget_us=1619 over_budget_us=0 pass=1
[23:25:30] TINYDRAW_PANSEQ_STRIP zoom=100 strip=7 panel_y=308 rows=44 samples=24 staging_mean_us=1345 staging_max_us=1359 wire_budget_us=1619 over_budget_us=0 pass=1
[23:25:30] TINYDRAW_PANSEQ_STRIP zoom=100 strip=8 panel_y=352 rows=20 samples=24 staging_mean_us=626 staging_max_us=639 wire_budget_us=736 over_budget_us=0 pass=1
[23:25:30] TINYDRAW_GATE1_PANSEQ zoom=100 frames=24 scroll_avg_us=10 exposed_avg_us=6683 chrome_avg_us=2320 tear_wait_avg_us=10388 present_avg_us=16184 prepare_avg_us=10543 acquire_wait_avg_us=19 ring_copy_avg_us=8217 patch_avg_us=2317 byte_swap_avg_us=8 staging_avg_us=4259 frame_avg_us=33390 frame_p50_us=33929 frame_p95_us=33933 frame_max_us=33933 complete_p50_us=20552 complete_p95_us=20903 complete_max_us=20917 tear_edge_failures=0 presentation_experiment=boundary-top-sweep te_edge=rising requested_clock_mhz=50 effective_clock_mhz=40 chrome_bottom_redraws=0 chrome_battery_redraws=0 chrome_zoom_redraws=0 chrome_minimap_base_redraws=0 strip_samples=216 staging_mean_us=1173 staging_max_us=1389 worst_strip=8 worst_strip_y=352 worst_wire_budget_us=736 worst_headroom_us=97 staging_invariant=1 pacing_pass=1 all_reused=1 pass=1
[23:25:31] TINYDRAW_PANSEQ_FRAME zoom=400 step=0 dx=24 dy=18 scroll_us=13 exposed_compose_us=4394 chrome_us=2136 tear_wait_us=8954 present_us=16481 prepare_us=10403 acquire_wait_us=20 ring_copy_us=8268 patch_us=2126 byte_swap_us=9 staging_us=4409 event_submit_us=13500 event_complete_us=16650 frame_us=29976 tear_edge_observed=1 frame_reused=1 pass=1
[23:25:32] TINYDRAW_PANSEQ_FRAME zoom=400 step=1 dx=24 dy=18 scroll_us=11 exposed_compose_us=4454 chrome_us=2140 tear_wait_us=12523 present_us=15815 prepare_us=10364 acquire_wait_us=20 ring_copy_us=8222 patch_us=2136 byte_swap_us=6 staging_us=4451 event_submit_us=17110 event_complete_us=20268 frame_us=32922 tear_edge_observed=1 frame_reused=1 pass=1
[23:25:32] TINYDRAW_PANSEQ_FRAME zoom=400 step=2 dx=24 dy=18 scroll_us=11 exposed_compose_us=4152 chrome_us=2130 tear_wait_us=13497 present_us=16144 prepare_us=10378 acquire_wait_us=20 ring_copy_us=8248 patch_us=2121 byte_swap_us=9 staging_us=4442 event_submit_us=17793 event_complete_us=20949 frame_us=33934 tear_edge_observed=1 frame_reused=1 pass=1
[23:25:32] TINYDRAW_PANSEQ_FRAME zoom=400 step=3 dx=24 dy=18 scroll_us=11 exposed_compose_us=4664 chrome_us=2144 tear_wait_us=12649 present_us=16486 prepare_us=10362 acquire_wait_us=19 ring_copy_us=8214 patch_us=2140 byte_swap_us=8 staging_us=4458 event_submit_us=17444 event_complete_us=20601 frame_us=33929 tear_edge_observed=1 frame_reused=1 pass=1
[23:25:32] TINYDRAW_PANSEQ_FRAME zoom=400 step=4 dx=24 dy=18 scroll_us=11 exposed_compose_us=4193 chrome_us=2144 tear_wait_us=12765 present_us=15841 prepare_us=10414 acquire_wait_us=20 ring_copy_us=8266 patch_us=2139 byte_swap_us=9 staging_us=4393 event_submit_us=17094 event_complete_us=20240 frame_us=32934 tear_edge_observed=1 frame_reused=1 pass=1
[23:25:32] TINYDRAW_PANSEQ_FRAME zoom=400 step=5 dx=24 dy=18 scroll_us=11 exposed_compose_us=4504 chrome_us=2131 tear_wait_us=13109 present_us=16184 prepare_us=10330 acquire_wait_us=20 ring_copy_us=8197 patch_us=2125 byte_swap_us=8 staging_us=4482 event_submit_us=17745 event_complete_us=20896 frame_us=33927 tear_edge_observed=1 frame_reused=1 pass=1
[23:25:32] TINYDRAW_PANSEQ_FRAME zoom=400 step=6 dx=24 dy=18 scroll_us=11 exposed_compose_us=4126 chrome_us=2136 tear_wait_us=13140 present_us=16534 prepare_us=10389 acquire_wait_us=20 ring_copy_us=8251 patch_us=2131 byte_swap_us=7 staging_us=4414 event_submit_us=17407 event_complete_us=20562 frame_us=33937 tear_edge_observed=1 frame_reused=1 pass=1
[23:25:32] TINYDRAW_PANSEQ_FRAME zoom=400 step=7 dx=24 dy=18 scroll_us=10 exposed_compose_us=4459 chrome_us=2186 tear_wait_us=12463 present_us=15874 prepare_us=10385 acquire_wait_us=19 ring_copy_us=8196 patch_us=2181 byte_swap_us=8 staging_us=4414 event_submit_us=17053 event_complete_us=20200 frame_us=32927 tear_edge_observed=1 frame_reused=1 pass=1
[23:25:32] TINYDRAW_PANSEQ_FRAME zoom=400 step=8 dx=24 dy=18 scroll_us=11 exposed_compose_us=4442 chrome_us=2134 tear_wait_us=13131 present_us=16225 prepare_us=10383 acquire_wait_us=20 ring_copy_us=8248 patch_us=2128 byte_swap_us=7 staging_us=4434 event_submit_us=17710 event_complete_us=20860 frame_us=33935 tear_edge_observed=1 frame_reused=1 pass=1
[23:25:32] TINYDRAW_PANSEQ_FRAME zoom=400 step=9 dx=24 dy=18 scroll_us=11 exposed_compose_us=4441 chrome_us=2130 tear_wait_us=12788 present_us=16569 prepare_us=10361 acquire_wait_us=29 ring_copy_us=8225 patch_us=2127 byte_swap_us=9 staging_us=4438 event_submit_us=17359 event_complete_us=20511 frame_us=33928 tear_edge_observed=1 frame_reused=1 pass=1
[23:25:32] TINYDRAW_PANSEQ_FRAME zoom=400 step=10 dx=24 dy=18 scroll_us=11 exposed_compose_us=4137 chrome_us=2148 tear_wait_us=12737 present_us=15924 prepare_us=10388 acquire_wait_us=19 ring_copy_us=8237 patch_us=2142 byte_swap_us=9 staging_us=4420 event_submit_us=17010 event_complete_us=20163 frame_us=32934 tear_edge_observed=1 frame_reused=1 pass=1
[23:25:32] TINYDRAW_PANSEQ_FRAME zoom=400 step=11 dx=24 dy=18 scroll_us=11 exposed_compose_us=4709 chrome_us=2160 tear_wait_us=12803 present_us=16285 prepare_us=10364 acquire_wait_us=19 ring_copy_us=8200 patch_us=2155 byte_swap_us=9 staging_us=4443 event_submit_us=17653 event_complete_us=20807 frame_us=33927 tear_edge_observed=1 frame_reused=1 pass=1
[23:25:32] TINYDRAW_PANSEQ_FRAME zoom=400 step=12 dx=24 dy=18 scroll_us=11 exposed_compose_us=4205 chrome_us=2150 tear_wait_us=12941 present_us=16650 prepare_us=10428 acquire_wait_us=20 ring_copy_us=8278 patch_us=2142 byte_swap_us=8 staging_us=4369 event_submit_us=17285 event_complete_us=20431 frame_us=33936 tear_edge_observed=1 frame_reused=1 pass=1
[23:25:32] TINYDRAW_PANSEQ_FRAME zoom=400 step=13 dx=24 dy=18 scroll_us=19 exposed_compose_us=4449 chrome_us=2133 tear_wait_us=12343 present_us=15996 prepare_us=10337 acquire_wait_us=19 ring_copy_us=8191 patch_us=2138 byte_swap_us=8 staging_us=4461 event_submit_us=16931 event_complete_us=20079 frame_us=32926 tear_edge_observed=1 frame_reused=1 pass=1
[23:25:32] TINYDRAW_PANSEQ_FRAME zoom=400 step=14 dx=24 dy=18 scroll_us=11 exposed_compose_us=4163 chrome_us=2132 tear_wait_us=13289 present_us=16346 prepare_us=10387 acquire_wait_us=22 ring_copy_us=8253 patch_us=2125 byte_swap_us=9 staging_us=4412 event_submit_us=17589 event_complete_us=20745 frame_us=33935 tear_edge_observed=1 frame_reused=1 pass=1
[23:25:32] TINYDRAW_PANSEQ_FRAME zoom=400 step=15 dx=24 dy=18 scroll_us=11 exposed_compose_us=4502 chrome_us=2152 tear_wait_us=12600 present_us=16694 prepare_us=10378 acquire_wait_us=19 ring_copy_us=8222 patch_us=2147 byte_swap_us=9 staging_us=4436 event_submit_us=17233 event_complete_us=20395 frame_us=33928 tear_edge_observed=1 frame_reused=1 pass=1
[23:25:32] TINYDRAW_PANSEQ_FRAME zoom=400 step=16 dx=72 dy=54 scroll_us=11 exposed_compose_us=11765 chrome_us=2124 tear_wait_us=4979 present_us=16043 prepare_us=10347 acquire_wait_us=19 ring_copy_us=8220 patch_us=2119 byte_swap_us=8 staging_us=4438 event_submit_us=16897 event_complete_us=20027 frame_us=32934 tear_edge_observed=1 frame_reused=1 pass=1
[23:25:32] TINYDRAW_PANSEQ_FRAME zoom=400 step=17 dx=72 dy=54 scroll_us=11 exposed_compose_us=11572 chrome_us=2145 tear_wait_us=5823 present_us=16391 prepare_us=10327 acquire_wait_us=18 ring_copy_us=8173 patch_us=2145 byte_swap_us=9 staging_us=4452 event_submit_us=17537 event_complete_us=20676 frame_us=33927 tear_edge_observed=1 frame_reused=1 pass=1
[23:25:32] TINYDRAW_PANSEQ_FRAME zoom=400 step=18 dx=72 dy=54 scroll_us=11 exposed_compose_us=11474 chrome_us=2126 tear_wait_us=5597 present_us=15730 prepare_us=10390 acquire_wait_us=18 ring_copy_us=8263 patch_us=2118 byte_swap_us=9 staging_us=4403 event_submit_us=17207 event_complete_us=20357 frame_us=32938 tear_edge_observed=1 frame_reused=1 pass=1
[23:25:32] TINYDRAW_PANSEQ_FRAME zoom=400 step=19 dx=72 dy=54 scroll_us=11 exposed_compose_us=11666 chrome_us=2137 tear_wait_us=6057 present_us=16071 prepare_us=10329 acquire_wait_us=21 ring_copy_us=8188 patch_us=2133 byte_swap_us=8 staging_us=4458 event_submit_us=17853 event_complete_us=20991 frame_us=33924 tear_edge_observed=1 frame_reused=1 pass=1
[23:25:32] TINYDRAW_PANSEQ_FRAME zoom=400 step=20 dx=-72 dy=-54 scroll_us=11 exposed_compose_us=11824 chrome_us=2153 tear_wait_us=5559 present_us=16409 prepare_us=10368 acquire_wait_us=18 ring_copy_us=8220 patch_us=2140 byte_swap_us=8 staging_us=4421 event_submit_us=17526 event_complete_us=20669 frame_us=33936 tear_edge_observed=1 frame_reused=1 pass=1
[23:25:32] TINYDRAW_PANSEQ_FRAME zoom=400 step=21 dx=-72 dy=-54 scroll_us=11 exposed_compose_us=11746 chrome_us=2132 tear_wait_us=5303 present_us=15748 prepare_us=10334 acquire_wait_us=20 ring_copy_us=8197 patch_us=2128 byte_swap_us=9 staging_us=4453 event_submit_us=17178 event_complete_us=20314 frame_us=32926 tear_edge_observed=1 frame_reused=1 pass=1
[23:25:32] TINYDRAW_PANSEQ_FRAME zoom=400 step=22 dx=-72 dy=-54 scroll_us=11 exposed_compose_us=11805 chrome_us=2131 tear_wait_us=5907 present_us=16080 prepare_us=10355 acquire_wait_us=21 ring_copy_us=8227 patch_us=2119 byte_swap_us=9 staging_us=4429 event_submit_us=17855 event_complete_us=20994 frame_us=33935 tear_edge_observed=1 frame_reused=1 pass=1
[23:25:32] TINYDRAW_PANSEQ_FRAME zoom=400 step=23 dx=-72 dy=-54 scroll_us=11 exposed_compose_us=11458 chrome_us=2157 tear_wait_us=5925 present_us=16414 prepare_us=10352 acquire_wait_us=20 ring_copy_us=8190 patch_us=2153 byte_swap_us=9 staging_us=4450 event_submit_us=17514 event_complete_us=20671 frame_us=33928 tear_edge_observed=1 frame_reused=1 pass=1
[23:25:32] TINYDRAW_PANSEQ_STRIP zoom=400 strip=0 panel_y=0 rows=44 samples=24 staging_mean_us=1331 staging_max_us=1347 wire_budget_us=1619 over_budget_us=0 pass=1
[23:25:32] TINYDRAW_PANSEQ_STRIP zoom=400 strip=1 panel_y=44 rows=44 samples=24 staging_mean_us=1218 staging_max_us=1227 wire_budget_us=1619 over_budget_us=0 pass=1
[23:25:32] TINYDRAW_PANSEQ_STRIP zoom=400 strip=2 panel_y=88 rows=44 samples=24 staging_mean_us=1166 staging_max_us=1178 wire_budget_us=1619 over_budget_us=0 pass=1
[23:25:32] TINYDRAW_PANSEQ_STRIP zoom=400 strip=3 panel_y=132 rows=44 samples=24 staging_mean_us=1161 staging_max_us=1173 wire_budget_us=1619 over_budget_us=0 pass=1
[23:25:32] TINYDRAW_PANSEQ_STRIP zoom=400 strip=4 panel_y=176 rows=44 samples=24 staging_mean_us=1163 staging_max_us=1175 wire_budget_us=1619 over_budget_us=0 pass=1
[23:25:32] TINYDRAW_PANSEQ_STRIP zoom=400 strip=5 panel_y=220 rows=44 samples=24 staging_mean_us=1147 staging_max_us=1158 wire_budget_us=1619 over_budget_us=0 pass=1
[23:25:32] TINYDRAW_PANSEQ_STRIP zoom=400 strip=6 panel_y=264 rows=44 samples=24 staging_mean_us=1315 staging_max_us=1337 wire_budget_us=1619 over_budget_us=0 pass=1
[23:25:32] TINYDRAW_PANSEQ_STRIP zoom=400 strip=7 panel_y=308 rows=44 samples=24 staging_mean_us=1299 staging_max_us=1313 wire_budget_us=1619 over_budget_us=0 pass=1
[23:25:32] TINYDRAW_PANSEQ_STRIP zoom=400 strip=8 panel_y=352 rows=20 samples=24 staging_mean_us=583 staging_max_us=599 wire_budget_us=736 over_budget_us=0 pass=1
[23:25:32] TINYDRAW_GATE1_PANSEQ zoom=400 frames=24 scroll_avg_us=11 exposed_avg_us=6804 chrome_avg_us=2141 tear_wait_avg_us=10286 present_avg_us=16205 prepare_avg_us=10368 acquire_wait_avg_us=20 ring_copy_avg_us=8224 patch_avg_us=2135 byte_swap_avg_us=8 staging_avg_us=4432 frame_avg_us=33432 frame_p50_us=33927 frame_p95_us=33936 frame_max_us=33937 complete_p50_us=20511 complete_p95_us=20991 complete_max_us=20994 tear_edge_failures=0 presentation_experiment=boundary-top-sweep te_edge=rising requested_clock_mhz=50 effective_clock_mhz=40 chrome_bottom_redraws=0 chrome_battery_redraws=0 chrome_zoom_redraws=0 chrome_minimap_base_redraws=0 strip_samples=216 staging_mean_us=1154 staging_max_us=1347 worst_strip=8 worst_strip_y=352 worst_wire_budget_us=736 worst_headroom_us=137 staging_invariant=1 pacing_pass=1 all_reused=1 pass=1
[23:25:33] TINYDRAW_GATE1_PAN_BOUNDARY zoom=100 slow_1px_trace=1 below_delta=94 below_reused=1 at_delta=96 at_reused=1 above_delta=98 above_fallback=1 pass=1
[23:25:33] TINYDRAW_GATE1_PAN_BOUNDARY zoom=400 slow_1px_trace=1 below_delta=94 below_reused=1 at_delta=96 at_reused=1 above_delta=98 above_fallback=1 pass=1
[23:25:33] TINYDRAW_GATE1_DRAW_FILL zoom=400 revision=2930 append_us=1399 poll_gap_us=97 event_submit_us=231 event_complete_us=2164 max_compute_slice_us=5690 max_display_slice_us=17068 fill_us=224467 revision_restarted=1 pass=1
[23:25:34] TINYDRAW_GATE1_CACHE_FILL zoom=50 x=63 y=63 published=56 total_us=612973 within_cold_gate=0 complete=1
[23:25:35] TINYDRAW_GATE1_CACHE_FILL zoom=100 x=63 y=63 published=56 total_us=486966 within_cold_gate=1 complete=1
[23:25:35] TINYDRAW_GATE1_CACHE_FILL zoom=200 x=63 y=63 published=56 total_us=336966 within_cold_gate=1 complete=1
[23:25:35] TINYDRAW_GATE1_CACHE_FILL zoom=400 x=63 y=63 published=56 total_us=278965 within_cold_gate=1 complete=1
[23:25:35] TINYDRAW_GATE1_CACHE_REVISIT zoom=50 remaining=0 tile_pixels=118128 fallback_pixels=0 compose_us=16008 complete_us=21066 hit=1
[23:25:35] TINYDRAW_GATE1_CACHE_REVISIT zoom=100 remaining=0 tile_pixels=164864 fallback_pixels=0 compose_us=18425 complete_us=20564 hit=1
[23:25:35] TINYDRAW_GATE1_CACHE_REVISIT zoom=200 remaining=0 tile_pixels=164864 fallback_pixels=0 compose_us=18427 complete_us=20078 hit=1
[23:25:35] TINYDRAW_GATE1_CACHE_REVISIT zoom=400 remaining=0 tile_pixels=164608 fallback_pixels=0 compose_us=18417 complete_us=20607 hit=1
[23:25:36] TINYDRAW_GATE1_CACHE_FILL zoom=400 x=575 y=575 published=56 total_us=293971 within_cold_gate=1 complete=1
[23:25:36] TINYDRAW_GATE1_CACHE_ROUND_TRIP zoom=50 from_x=63 from_y=63 via_x=575 via_y=575 remaining=0 tile_pixels=118128 fallback_pixels=0 compose_us=15991 complete_us=20602 hit=1
[23:25:36] TINYDRAW_GATE1_CACHE_ROUND_TRIP zoom=100 from_x=63 from_y=63 via_x=575 via_y=575 remaining=0 tile_pixels=164864 fallback_pixels=0 compose_us=18461 complete_us=20145 hit=1
[23:25:36] TINYDRAW_GATE1_CACHE_ROUND_TRIP zoom=200 from_x=63 from_y=63 via_x=575 via_y=575 remaining=0 tile_pixels=164864 fallback_pixels=0 compose_us=18489 complete_us=20677 hit=1
[23:25:36] TINYDRAW_GATE1_CACHE_ROUND_TRIP zoom=400 from_x=63 from_y=63 via_x=575 via_y=575 remaining=0 tile_pixels=164608 fallback_pixels=0 compose_us=18489 complete_us=20209 hit=1
[23:25:36] TINYDRAW_GATE1_CACHE_RETENTION pass=1 slots=448 revision=2930
[23:25:37] TINYDRAW_PAPER_SWEEP zoom=100 identities=644 raw=266 uniform=378 fallback=0 slots=448 total_us=1349176 pass=1
[23:25:37] TINYDRAW_RERENDER_LEDGER_RESET site=cache_tour_start
[23:25:40] TINYDRAW_GATE1_CACHE_TOUR slots=448 stops=16 forward_steps=2161 forward_tiles=832 forward_wall_us=1332107 return_missing_tiles=0 return_steps=16 return_tiles=0 return_wall_us=6084 home_missing=0 home_fallback_pixels=0 pass=1
[23:25:40] TINYDRAW_RERENDER_LEDGER site=cache_tour renders=137 unique=137 amplification=1.000 cold=137 damage=0 evict=0 stale=0 unexplained=0
[23:25:41] TINYDRAW_GATE1_MIXED_DRAW_WARM zoom=50 fill_tiles=56 fill_us=542034 raw=42 uniform=14
[23:25:41] TINYDRAW_GATE1_MIXED_DRAW_WARM zoom=100 fill_tiles=56 fill_us=409610 raw=56 uniform=0
[23:25:42] TINYDRAW_GATE1_MIXED_DRAW_WARM zoom=200 fill_tiles=56 fill_us=313928 raw=56 uniform=0
[23:25:42] TINYDRAW_GATE1_MIXED_DRAW_WARM zoom=400 fill_tiles=42 fill_us=199550 raw=42 uniform=0
[23:25:43] TINYDRAW_GATE1_MIXED_DRAW zoom=25 tool=pen chunks=50 append_max_us=150 append_avg_us=68 append_total_us=3438 affected_tiles=400 published=219 fallback=181 visible_fallback=0 drop_uni_slot=0 drop_uni_paint=0 drop_raw_edit=0 drop_raw_paint=0 off_skip=181 drain_ops=50 drain_total_us=922520 drain_max_us=30594 ph_prepare_max_us=134 ph_overview_max_us=9001 ph_enumerate_max_us=562 ph_uniform_max_us=5017 ph_raw_max_us=13 ph_offscreen_max_us=17384 ph_commit_max_us=4074 committed=1 authority=1 refresh=1 run_ok=1 pass=1
[23:25:44] TINYDRAW_GATE1_MIXED_DRAW zoom=25 tool=eraser chunks=50 append_max_us=146 append_avg_us=69 append_total_us=3495 affected_tiles=174 published=174 fallback=0 visible_fallback=0 drop_uni_slot=0 drop_uni_paint=0 drop_raw_edit=0 drop_raw_paint=0 off_skip=0 drain_ops=50 drain_total_us=851632 drain_max_us=28771 ph_prepare_max_us=131 ph_overview_max_us=9044 ph_enumerate_max_us=515 ph_uniform_max_us=28 ph_raw_max_us=12 ph_offscreen_max_us=16029 ph_commit_max_us=3997 committed=1 authority=1 refresh=1 run_ok=1 pass=1
[23:25:47] TINYDRAW_GATE1_MIXED_DRAW zoom=50 tool=pen chunks=50 append_max_us=158 append_avg_us=69 append_total_us=3495 affected_tiles=699 published=558 fallback=141 visible_fallback=0 drop_uni_slot=0 drop_uni_paint=0 drop_raw_edit=0 drop_raw_paint=0 off_skip=141 drain_ops=50 drain_total_us=1008371 drain_max_us=38325 ph_prepare_max_us=141 ph_overview_max_us=3788 ph_enumerate_max_us=573 ph_uniform_max_us=21386 ph_raw_max_us=11695 ph_offscreen_max_us=13438 ph_commit_max_us=1752 committed=1 authority=1 refresh=1 run_ok=1 pass=1
[23:25:48] TINYDRAW_GATE1_MIXED_DRAW zoom=50 tool=eraser chunks=50 append_max_us=153 append_avg_us=69 append_total_us=3478 affected_tiles=478 published=478 fallback=0 visible_fallback=0 drop_uni_slot=0 drop_uni_paint=0 drop_raw_edit=0 drop_raw_paint=0 off_skip=0 drain_ops=50 drain_total_us=879628 drain_max_us=27617 ph_prepare_max_us=135 ph_overview_max_us=3750 ph_enumerate_max_us=587 ph_uniform_max_us=30 ph_raw_max_us=11726 ph_offscreen_max_us=11928 ph_commit_max_us=1682 committed=1 authority=1 refresh=1 run_ok=1 pass=1
[23:25:50] TINYDRAW_GATE1_MIXED_DRAW zoom=100 tool=pen chunks=50 append_max_us=155 append_avg_us=70 append_total_us=3542 affected_tiles=748 published=657 fallback=91 visible_fallback=0 drop_uni_slot=0 drop_uni_paint=0 drop_raw_edit=0 drop_raw_paint=0 off_skip=91 drain_ops=50 drain_total_us=1011411 drain_max_us=32435 ph_prepare_max_us=133 ph_overview_max_us=1871 ph_enumerate_max_us=575 ph_uniform_max_us=21532 ph_raw_max_us=11612 ph_offscreen_max_us=14628 ph_commit_max_us=1052 committed=1 authority=1 refresh=1 run_ok=1 pass=1
[23:25:51] TINYDRAW_GATE1_MIXED_DRAW zoom=100 tool=eraser chunks=50 append_max_us=152 append_avg_us=72 append_total_us=3635 affected_tiles=560 published=560 fallback=0 visible_fallback=0 drop_uni_slot=0 drop_uni_paint=0 drop_raw_edit=0 drop_raw_paint=0 off_skip=0 drain_ops=50 drain_total_us=865232 drain_max_us=27342 ph_prepare_max_us=139 ph_overview_max_us=1895 ph_enumerate_max_us=566 ph_uniform_max_us=26 ph_raw_max_us=11678 ph_offscreen_max_us=14118 ph_commit_max_us=955 committed=1 authority=1 refresh=1 run_ok=1 pass=1
[23:25:53] TINYDRAW_GATE1_MIXED_DRAW zoom=200 tool=pen chunks=50 append_max_us=153 append_avg_us=73 append_total_us=3686 affected_tiles=737 published=705 fallback=32 visible_fallback=0 drop_uni_slot=0 drop_uni_paint=0 drop_raw_edit=0 drop_raw_paint=0 off_skip=32 drain_ops=50 drain_total_us=1023578 drain_max_us=28305 ph_prepare_max_us=137 ph_overview_max_us=1116 ph_enumerate_max_us=550 ph_uniform_max_us=11730 ph_raw_max_us=11679 ph_offscreen_max_us=15753 ph_commit_max_us=893 committed=1 authority=1 refresh=1 run_ok=1 pass=1
[23:25:54] TINYDRAW_GATE1_MIXED_DRAW zoom=200 tool=eraser chunks=50 append_max_us=155 append_avg_us=74 append_total_us=3736 affected_tiles=658 published=656 fallback=2 visible_fallback=0 drop_uni_slot=0 drop_uni_paint=0 drop_raw_edit=0 drop_raw_paint=0 off_skip=2 drain_ops=50 drain_total_us=953624 drain_max_us=26027 ph_prepare_max_us=139 ph_overview_max_us=1068 ph_enumerate_max_us=600 ph_uniform_max_us=34 ph_raw_max_us=11713 ph_offscreen_max_us=15419 ph_commit_max_us=853 committed=1 authority=1 refresh=1 run_ok=1 pass=1
[23:25:56] TINYDRAW_GATE1_MIXED_DRAW zoom=400 tool=pen chunks=50 append_max_us=156 append_avg_us=76 append_total_us=3816 affected_tiles=743 published=743 fallback=0 visible_fallback=0 drop_uni_slot=0 drop_uni_paint=0 drop_raw_edit=0 drop_raw_paint=0 off_skip=0 drain_ops=50 drain_total_us=979171 drain_max_us=23155 ph_prepare_max_us=137 ph_overview_max_us=737 ph_enumerate_max_us=660 ph_uniform_max_us=4014 ph_raw_max_us=11651 ph_offscreen_max_us=9719 ph_commit_max_us=837 committed=1 authority=1 refresh=1 run_ok=1 pass=1
[23:25:57] TINYDRAW_GATE1_MIXED_DRAW zoom=400 tool=eraser chunks=50 append_max_us=164 append_avg_us=73 append_total_us=3653 affected_tiles=746 published=746 fallback=0 visible_fallback=0 drop_uni_slot=0 drop_uni_paint=0 drop_raw_edit=0 drop_raw_paint=0 off_skip=0 drain_ops=50 drain_total_us=974419 drain_max_us=23083 ph_prepare_max_us=146 ph_overview_max_us=713 ph_enumerate_max_us=702 ph_uniform_max_us=38 ph_raw_max_us=11724 ph_offscreen_max_us=9600 ph_commit_max_us=770 committed=1 authority=1 refresh=1 run_ok=1 pass=1
[23:25:58] TINYDRAW_GATE1_MIXED_DRAW_REVISIT zoom=50 missing=0 refill_tiles=0 refill_us=379
[23:25:58] TINYDRAW_GATE1_MIXED_DRAW_REVISIT zoom=100 missing=0 refill_tiles=0 refill_us=379
[23:25:58] TINYDRAW_GATE1_MIXED_DRAW_REVISIT zoom=200 missing=0 refill_tiles=0 refill_us=375
[23:25:58] TINYDRAW_GATE1_MIXED_DRAW_REVISIT zoom=400 missing=0 refill_tiles=0 refill_us=313
[23:25:58] TINYDRAW_GATE1_MIXED_DRAW_SUMMARY slots=448 strokes=10 worst_append_us=164 pass=1
[23:26:04] TINYDRAW_GATE1_IDLE_REPAIR damaged=588 remaining=0 plan_views=24 steps=4382 repair_us=3837561 worst_step_us=5644 warm_tiles=56 pass=1
[23:26:04] TINYDRAW_INKTRACE trace=fast-curve-dense-25 zoom=25 events=411 consumed=391 coalesced=20 down=1/1 up=1/1 max_time_gap_us=4080 max_space_gap_px=55.33 e2c_p50=504 e2c_p95=758 e2c_max=1581 e2g_p95=772 e2s_p95=2571 e2d_p50=2255 e2d_p95=3422 e2d_max=3643 latency_samples=33 presentation_failures=0 commit_failures=0 overflows=0 revision=3482 fb_tiles=0 fb_start=0 fb_mid_max=0 fb_up_max=0 fb_end=0 drop_uni_slot=0 drop_uni_paint=0 drop_raw_edit=0 drop_raw_paint=0 off_skip=60 drain_ops=2 drain_max_us=37034 latency_pass=1 pass=1
[23:26:05] TINYDRAW_INKTRACE trace=fast-curve-400 zoom=400 events=414 consumed=370 coalesced=44 down=1/1 up=1/1 max_time_gap_us=4400 max_space_gap_px=65.51 e2c_p50=504 e2c_p95=1041 e2c_max=2017 e2g_p95=773 e2s_p95=2768 e2d_p50=2389 e2d_p95=3901 e2d_max=3953 latency_samples=33 presentation_failures=0 commit_failures=0 overflows=0 revision=3484 fb_tiles=42 fb_start=30 fb_mid_max=30 fb_up_max=30 fb_end=30 drop_uni_slot=0 drop_uni_paint=0 drop_raw_edit=0 drop_raw_paint=0 off_skip=0 drain_ops=2 drain_max_us=10646 latency_pass=1 pass=1
[23:26:07] TINYDRAW_INKTRACE trace=fast-curve-400-xl zoom=400 events=2296 consumed=1966 coalesced=330 down=1/1 up=1/1 max_time_gap_us=5080 max_space_gap_px=47.85 e2c_p50=504 e2c_p95=504 e2c_max=1582 e2g_p95=780 e2s_p95=2912 e2d_p50=3182 e2d_p95=4432 e2d_max=5485 latency_samples=172 presentation_failures=0 commit_failures=0 overflows=0 revision=3490 fb_tiles=42 fb_start=30 fb_mid_max=30 fb_up_max=30 fb_end=30 drop_uni_slot=0 drop_uni_paint=0 drop_raw_edit=0 drop_raw_paint=0 off_skip=0 drain_ops=6 drain_max_us=15217 latency_pass=1 pass=1
[23:26:08] TINYDRAW_INKTRACE trace=slow-precise-100 zoom=100 events=741 consumed=694 coalesced=47 down=1/1 up=1/1 max_time_gap_us=3000 max_space_gap_px=13.45 e2c_p50=504 e2c_p95=1064 e2c_max=1909 e2g_p95=775 e2s_p95=1782 e2d_p50=1897 e2d_p95=2257 e2d_max=2287 latency_samples=53 presentation_failures=0 commit_failures=0 overflows=0 revision=3492 fb_tiles=42 fb_start=20 fb_mid_max=20 fb_up_max=20 fb_end=20 drop_uni_slot=0 drop_uni_paint=0 drop_raw_edit=0 drop_raw_paint=0 off_skip=0 drain_ops=2 drain_max_us=12846 latency_pass=1 pass=1
[23:26:11] TINYDRAW_INKTRACE trace=scribble-multistroke zoom=100 events=848 consumed=741 coalesced=107 down=7/7 up=7/7 max_time_gap_us=6079 max_space_gap_px=109.46 e2c_p50=504 e2c_p95=581 e2c_max=2051 e2g_p95=774 e2s_p95=3457 e2d_p50=3100 e2d_p95=5350 e2d_max=6130 latency_samples=55 presentation_failures=0 commit_failures=0 overflows=0 revision=3499 fb_tiles=42 fb_start=20 fb_mid_max=20 fb_up_max=20 fb_end=20 drop_uni_slot=0 drop_uni_paint=0 drop_raw_edit=0 drop_raw_paint=0 off_skip=0 drain_ops=7 drain_max_us=17396 latency_pass=1 pass=1
[23:26:13] TINYDRAW_HAIRLINE_DOC ops=782 samples=8061 append_total_us=1062711 append_max_us=7191
[23:26:13] TINYDRAW_GATE1_PACED_COLD corpus=evil_hairlines_capacity zoom=100 x=552 y=672 steps=239 tiles=56 compute_us=233216 present_us=75566 touch_us=745 pacing_us=8449 wall_us=317976 maximum_wall_us=500000 max_tick_us=9547 touch_samples=47899 touch_interval_max_us=2079 touch_read_max_us=607 touch_events=0 touch_down=0 touch_up=0 touch_events_ge_8ms=0 touch_event_age_max_us=0 touch_errors=0 touch_overflows=0 pass=1
[23:26:13] TINYDRAW_GATE1_PACED_COLD corpus=evil_hairlines_capacity zoom=400 x=2760 y=3360 steps=212 tiles=48 compute_us=133231 present_us=72774 touch_us=466 pacing_us=6485 wall_us=212956 maximum_wall_us=500000 max_tick_us=8575 touch_samples=282 touch_interval_max_us=1581 touch_read_max_us=474 touch_events=0 touch_down=0 touch_up=0 touch_events_ge_8ms=0 touch_event_age_max_us=0 touch_errors=0 touch_overflows=0 pass=1
[23:26:16] TINYDRAW_HAIRLINE_REPAIR steps=2353 wall_us=2156135 worst_step_us=5459 resident=406/448 grid_stopped=1 pass2_steps=8 pass2_wall_us=2208 no_churn=1
[23:26:17] TINYDRAW_HAIRLINE_TOUR stops=8 total_us=885316 worst_stop_us=184021 worst_step_us=6387
[23:26:17] TINYDRAW_GATE1_HAIRLINE raw=339 uniform=73 fallback=232 capacity=448 worst_step_us=6387 grid_stopped=1 pass=1
[23:26:19] TINYDRAW_GATE1_LONG_GESTURE path=reference samples=1600 chunks=26 append_total_us=924129 append_max_us=43609 append_avg_us=35543 refresh_fallback_pixels=0 settled_fallback_pixels=0 committed=1 authority=1 refresh=1 run_ok=1
[23:26:19] TINYDRAW_GATE1_LONG_GESTURE path=in_place samples=1600 chunks=52 append_total_us=580859 append_max_us=13546 append_avg_us=11170 refresh_fallback_pixels=0 settled_fallback_pixels=0 committed=1 authority=1 refresh=1 run_ok=1
[23:26:19] TINYDRAW_V2_EXPORT_PROGRESS row=0 of=1792
[23:26:20] TINYDRAW_V2_EXPORT_PROGRESS row=256 of=1792
[23:26:21] TINYDRAW_V2_EXPORT_PROGRESS row=512 of=1792
[23:26:22] TINYDRAW_V2_EXPORT_PROGRESS row=768 of=1792
[23:26:22] TINYDRAW_V2_EXPORT_PROGRESS row=1024 of=1792
[23:26:23] TINYDRAW_V2_EXPORT_PROGRESS row=1280 of=1792
[23:26:24] TINYDRAW_V2_EXPORT_PROGRESS row=1536 of=1792
[23:26:25] TINYDRAW_GATE1_EXPORT encoded=1 bytes=40166 elapsed_us=5830392 workspace_bytes=50652 band_bytes=376832 free_psram=1818936 free_internal=179664 signature=1 dimensions=1 chunks=3 chunks_ok=1 pass=1
[23:26:25] TINYDRAW_EXPORT_RESERVE requested=1572864 free_before=1818936 largest_before=1802240 free_held=246068 largest_held=245760 pass=1
[23:26:25] TINYDRAW_RERENDER_LEDGER site=final renders=0 unique=0 amplification=0.000 cold=0 damage=0 evict=0 stale=0 unexplained=0
[23:26:25] TINYDRAW_GATE1_AUTOMATED_DONE stress=1 stress_100=1 stress_400=1 overlap_ready=1 overlap_cold=0 general_cold_ready=1 general_cold=1 workload=1 paced_cold=1 hard_100=1 hard_400=1 pan_100=1 pan_400=1 pan_seq=1 pan_boundary=1 live_overlay=1 draw_fill=1 cache=1 full_world_cache=1 cache_tour=1 mixed_draw=1 idle_repair=1 ink_trace=1 hairline_capacity=1 long_gesture=1 export_encode=1 export_reserve=1 return=1 ssaa_receipt=yellow
[23:26:25] TINYDRAW_VECTOR_V2_GATE_HARNESS_DONE pass=0
[23:26:25] TINYDRAW_VECTOR_V2_READY zoom=25 controls=chrome button=cycle_all_zooms operations_capacity=4000 samples_capacity=80000 live_storage_bytes=6383640 overview_bytes=1318912 raw_tile_bytes=3670016 tile_metadata_bytes=101360 operation_bytes=720000 live_scratch_bytes=573352 free_psram=1818936 largest_psram=1802240 te_edges=4103 te_period_us=16823 te_high_us=579 te_level=0 main_stack_free=664
