[21:34:07] ESP-ROM:esp32s3-20210327
[21:34:07] Build:Mar 27 2021
[21:34:07] rst:0x15 (USB_UART_CHIP_RESET),boot:0x2b (SPI_FAST_FLASH_BOOT)
[21:34:07] Saved PC:0x420086d3
[21:34:07] SPIWP:0xee
[21:34:07] mode:DIO, clock div:1
[21:34:07] load:0x3fce2820,len:0x1664
[21:34:07] load:0x403c8700,len:0xf38
[21:34:07] load:0x403cb700,len:0x31e8
[21:34:07] entry 0x403c8930
[21:34:07] I (24) boot: ESP-IDF v6.0.2 2nd stage bootloader
[21:34:07] I (24) boot: compile time Aug 16 2026 21:33:49
[21:34:07] I (25) boot: Multicore bootloader
[21:34:07] I (25) boot: chip revision: v0.2
[21:34:07] I (28) boot: efuse block revision: v1.3
[21:34:07] I (31) qio_mode: Enabling default flash chip QIO
[21:34:07] I (36) boot.esp32s3: Boot SPI Speed : 80MHz
[21:34:07] I (39) boot.esp32s3: SPI Mode       : QIO
[21:34:07] I (43) boot.esp32s3: SPI Flash Size : 16MB
[21:34:07] I (47) boot: Enabling RNG early entropy source...
[21:34:07] I (51) boot: Partition Table:
[21:34:07] I (54) boot: ## Label            Usage          Type ST Offset   Length
[21:34:07] I (60) boot:  0 nvs              WiFi data        01 02 00009000 00006000
[21:34:07] I (67) boot:  1 phy_init         RF data          01 01 0000f000 00001000
[21:34:07] I (73) boot:  2 factory          factory app      00 00 00010000 00100000
[21:34:07] I (80) boot:  3 drawing          Unknown data     01 40 00110000 00300000
[21:34:07] I (86) boot:  4 export           Unknown data     01 41 00410000 00500000
[21:34:07] I (93) boot:  5 coredump         Unknown data     01 03 00910000 00010000
[21:34:07] I (100) boot: End of partition table
[21:34:07] I (103) esp_image: segment 0: paddr=00010020 vaddr=3c050020 size=2c05ch (180316) map
[21:34:07] I (138) esp_image: segment 1: paddr=0003c084 vaddr=3fc96000 size=03764h ( 14180) load
[21:34:07] I (141) esp_image: segment 2: paddr=0003f7f0 vaddr=40374000 size=00828h (  2088) load
[21:34:07] I (143) esp_image: segment 3: paddr=00040020 vaddr=42000020 size=4f624h (325156) map
[21:34:07] I (200) esp_image: segment 4: paddr=0008f64c vaddr=40374828 size=116ech ( 71404) load
[21:34:07] I (215) esp_image: segment 5: paddr=000a0d40 vaddr=50000000 size=00024h (    36) load
[21:34:07] I (223) boot: Loaded app from partition at offset 0x10000
[21:34:07] I (223) boot: Disabling RNG early entropy source...
[21:34:07] I (233) octal_psram: vendor id    : 0x0d (AP)
[21:34:07] I (233) octal_psram: dev id       : 0x02 (generation 3)
[21:34:07] I (233) octal_psram: density      : 0x03 (64 Mbit)
[21:34:07] I (235) octal_psram: good-die     : 0x01 (Pass)
[21:34:07] I (239) octal_psram: Latency      : 0x01 (Fixed)
[21:34:07] I (244) octal_psram: VCC          : 0x01 (3V)
[21:34:07] I (248) octal_psram: SRF          : 0x01 (Fast Refresh)
[21:34:07] I (253) octal_psram: BurstType    : 0x01 (Hybrid Wrap)
[21:34:07] I (258) octal_psram: BurstLen     : 0x01 (32 Byte)
[21:34:07] I (262) octal_psram: Readlatency  : 0x02 (10 cycles@Fixed)
[21:34:07] I (267) octal_psram: DriveStrength: 0x00 (1/1)
[21:34:07] I (271) MSPI Timing: Enter psram timing tuning
[21:34:07] I (276) esp_psram: Found 8MB PSRAM device
[21:34:07] I (279) esp_psram: Speed: 80MHz
[21:34:07] I (282) cpu_start: Multicore app
[21:34:07] I (698) esp_psram: SPI SRAM memory test OK
[21:34:08] I (706) cpu_start: GPIO 44 and 43 are used as console UART I/O pins
[21:34:08] I (707) cpu_start: Pro cpu start user code
[21:34:08] I (707) cpu_start: cpu freq: 240000000 Hz
[21:34:08] I (709) app_init: Application information:
[21:34:08] I (713) app_init: Project name:     tinydraw_esp32
[21:34:08] I (717) app_init: App version:      4813547-dirty
[21:34:08] I (722) app_init: Compile time:     Aug 16 2026 21:33:40
[21:34:08] I (727) app_init: ELF file SHA256:  df8e40d37...
[21:34:08] I (731) app_init: ESP-IDF:          v6.0.2
[21:34:08] I (735) efuse_init: Min chip rev:     v0.0
[21:34:08] I (739) efuse_init: Max chip rev:     v0.99 
[21:34:08] I (743) efuse_init: Chip rev:         v0.2
[21:34:08] I (746) heap_init: Initializing. RAM available for dynamic allocation:
[21:34:08] I (753) heap_init: At 3FC9AB90 len 0004EB80 (314 KiB): RAM
[21:34:08] I (758) heap_init: At 3FCE9710 len 00005724 (21 KiB): RAM
[21:34:08] I (763) heap_init: At 3FCF0000 len 00008000 (32 KiB): DRAM
[21:34:08] I (768) heap_init: At 600FE000 len 00001FE8 (7 KiB): RTCRAM
[21:34:08] I (774) esp_psram: Adding pool of 8192K of PSRAM memory to heap allocator
[21:34:08] I (780) spi_flash: detected chip: generic
[21:34:08] I (784) spi_flash: flash io: qio
[21:34:08] I (787) sleep_gpio: Configure to isolate all GPIO pins in sleep state
[21:34:08] I (793) sleep_gpio: Enable automatic switching of GPIO sleep configuration
[21:34:08] I (800) main_task: Started on CPU0
[21:34:08] I (803) main_task: Calling app_main()
[21:34:08] TINYDRAW_PRODUCER_SCRATCH supertask_internal=1 slot_directory_internal=0 free_internal=299676 free_psram=1861508
[21:34:08] TINYDRAW_PANEL_HARD_RESET=1
[21:34:08] TINYDRAW_PANEL_TRANSPORT requested_clock_mhz=50 effective_clock_mhz=40
[21:34:08] I (1010) co5300: version: 2.1.0
[21:34:08] I (1010) co5300_spi: LCD panel create success, version: 2.1.0
[21:34:08] W (1095) co5300_spi: The 3Ah command has been used and will be overwritten by external initialization sequence
[21:34:08] I (1196) CST816S: IC id: 183
[21:34:08] TINYDRAW_VECTOR_V2_PRESENTATION experiment=boundary-top-sweep te_edge=rising requested_clock_mhz=50 effective_clock_mhz=40 optical_acceptance=external_manual
[21:34:08] TINYDRAW_LIVE_PRESENT kind=startup zoom=25 x=0 y=0 compose_us=26071 scroll_us=0 exposed_compose_us=0 chrome_us=17040 chrome_prepare_us=11918 chrome_stage_us=5122 read_submit_us=0 read_complete_us=0 transfer_wait_us=21103 tile_pixels=0 uniform_pixels=0 overview_pixels=164864 fallback_pixels=0 resident_tiles=0 fallback_tiles=0 pushes=11 tear_wait_us=131 tear_edge_isr_to_resume_us=13 tear_edge_observed=1 tear_edge_wait_resumed=1 tear_edge_timeout=0 tear_heal_attempted=0 tear_heal_command_sent=0 presentation_experiment=boundary-top-sweep te_edge=rising requested_clock_mhz=50 effective_clock_mhz=40 frame_reused=0 pass=1
[21:34:09] TINYDRAW_LIVE_STRESS operations=1000 samples=20000 total_us=730654 average_us=730 maximum_us=1019 free_psram=1859920 largest_psram=1835008
[21:34:09] TINYDRAW_LIVE_PRESENT kind=gate_fallback zoom=100 x=0 y=0 compose_us=11267 scroll_us=0 exposed_compose_us=0 chrome_us=11181 chrome_prepare_us=6793 chrome_stage_us=4388 read_submit_us=26806 read_complete_us=30150 transfer_wait_us=20817 tile_pixels=0 uniform_pixels=0 overview_pixels=0 fallback_pixels=164864 resident_tiles=0 fallback_tiles=42 pushes=11 tear_wait_us=8619 tear_edge_isr_to_resume_us=9 tear_edge_observed=1 tear_edge_wait_resumed=1 tear_edge_timeout=0 tear_heal_attempted=0 tear_heal_command_sent=0 presentation_experiment=boundary-top-sweep te_edge=rising requested_clock_mhz=50 effective_clock_mhz=40 frame_reused=0 pass=1
[21:34:09] TINYDRAW_GATE1_HARD zoom=100 cold=1 operations=1000 samples=20000 steps=193 tiles=42 scanned=12000 rendered=122 max_supertask_us=6786 presentation_us=68258 total_us=282718 maximum_wall_us=500000 pass=1
[21:34:09] TINYDRAW_LIVE_PRESENT kind=gate_fallback zoom=400 x=0 y=0 compose_us=10672 scroll_us=0 exposed_compose_us=0 chrome_us=6571 chrome_prepare_us=2352 chrome_stage_us=4219 read_submit_us=29711 read_complete_us=33302 transfer_wait_us=20471 tile_pixels=0 uniform_pixels=0 overview_pixels=0 fallback_pixels=164864 resident_tiles=0 fallback_tiles=42 pushes=11 tear_wait_us=16557 tear_edge_isr_to_resume_us=10 tear_edge_observed=1 tear_edge_wait_resumed=1 tear_edge_timeout=0 tear_heal_attempted=0 tear_heal_command_sent=0 presentation_experiment=boundary-top-sweep te_edge=rising requested_clock_mhz=50 effective_clock_mhz=40 frame_reused=0 pass=1
[21:34:09] TINYDRAW_GATE1_HARD zoom=400 cold=1 operations=1000 samples=20000 steps=199 tiles=42 scanned=12000 rendered=17 max_supertask_us=5317 presentation_us=66392 total_us=160952 maximum_wall_us=500000 pass=1
[21:34:10] TINYDRAW_OVERLAP_WORKLOAD operations=8 samples=1200 radius_world=80
[21:34:11] TINYDRAW_GATE1_PACED_COLD corpus=overlap zoom=50 x=215 y=255 steps=235 tiles=56 compute_us=523433 present_us=82101 touch_us=902 pacing_us=15515 wall_us=621951 maximum_wall_us=500000 max_tick_us=9473 touch_samples=2773 touch_interval_max_us=1926 touch_read_max_us=586 touch_events=0 touch_down=0 touch_up=0 touch_events_ge_8ms=0 touch_event_age_max_us=0 touch_errors=0 touch_overflows=0 pass=0
[21:34:11] TINYDRAW_GATE1_PACED_COLD corpus=overlap zoom=100 x=583 y=703 steps=183 tiles=48 compute_us=285313 present_us=77525 touch_us=582 pacing_us=8558 wall_us=371978 maximum_wall_us=500000 max_tick_us=9320 touch_samples=439 touch_interval_max_us=1154 touch_read_max_us=437 touch_events=0 touch_down=0 touch_up=0 touch_events_ge_8ms=0 touch_event_age_max_us=0 touch_errors=0 touch_overflows=0 pass=1
[21:34:12] TINYDRAW_GATE1_PACED_COLD corpus=overlap zoom=200 x=1319 y=1599 steps=180 tiles=56 compute_us=258206 present_us=75733 touch_us=565 pacing_us=9472 wall_us=343976 maximum_wall_us=500000 max_tick_us=9790 touch_samples=408 touch_interval_max_us=1880 touch_read_max_us=477 touch_events=0 touch_down=0 touch_up=0 touch_events_ge_8ms=0 touch_event_age_max_us=0 touch_errors=0 touch_overflows=0 pass=1
[21:34:12] TINYDRAW_GATE1_PACED_COLD corpus=overlap zoom=400 x=2791 y=3391 steps=181 tiles=56 compute_us=221522 present_us=72803 touch_us=531 pacing_us=9119 wall_us=303975 maximum_wall_us=500000 max_tick_us=8182 touch_samples=380 touch_interval_max_us=1540 touch_read_max_us=461 touch_events=0 touch_down=0 touch_up=0 touch_events_ge_8ms=0 touch_event_age_max_us=0 touch_errors=0 touch_overflows=0 pass=1
[21:34:12] TINYDRAW_ADVERSARIAL_TAPERED_WORKLOAD operations=128 samples=4096 erasers=12 load_us=218867 appended=1
[21:34:14] TINYDRAW_GENERAL_COLD_WORKLOAD operations=910 samples=12157 hairline_operations=782 hairline_samples=8061 hairline_load_us=1118075 appended=1
[21:34:14] TINYDRAW_GATE1_PACED_COLD corpus=adversarial_tapered_4x+evil_hairlines zoom=50 x=0 y=0 steps=318 tiles=42 compute_us=363802 present_us=70838 touch_us=765 pacing_us=12609 wall_us=448014 maximum_wall_us=500000 max_tick_us=8546 touch_samples=1746 touch_interval_max_us=2038 touch_read_max_us=522 touch_events=0 touch_down=0 touch_up=0 touch_events_ge_8ms=0 touch_event_age_max_us=0 touch_errors=0 touch_overflows=0 pass=1
[21:34:15] TINYDRAW_GATE1_PACED_COLD corpus=adversarial_tapered_4x+evil_hairlines zoom=100 x=0 y=0 steps=346 tiles=42 compute_us=352227 present_us=66241 touch_us=721 pacing_us=11775 wall_us=430964 maximum_wall_us=500000 max_tick_us=8131 touch_samples=504 touch_interval_max_us=1198 touch_read_max_us=466 touch_events=0 touch_down=0 touch_up=0 touch_events_ge_8ms=0 touch_event_age_max_us=0 touch_errors=0 touch_overflows=0 pass=1
[21:34:15] TINYDRAW_GATE1_PACED_COLD corpus=adversarial_tapered_4x+evil_hairlines zoom=200 x=0 y=0 steps=407 tiles=42 compute_us=412020 present_us=59944 touch_us=821 pacing_us=13437 wall_us=486222 maximum_wall_us=500000 max_tick_us=7462 touch_samples=559 touch_interval_max_us=1151 touch_read_max_us=454 touch_events=0 touch_down=0 touch_up=0 touch_events_ge_8ms=0 touch_event_age_max_us=0 touch_errors=0 touch_overflows=0 pass=1
[21:34:16] TINYDRAW_GATE1_PACED_COLD corpus=adversarial_tapered_4x+evil_hairlines zoom=400 x=0 y=0 steps=490 tiles=42 compute_us=433355 present_us=61886 touch_us=792 pacing_us=9922 wall_us=505955 maximum_wall_us=520000 max_tick_us=10085 touch_samples=575 touch_interval_max_us=1155 touch_read_max_us=447 touch_events=0 touch_down=0 touch_up=0 touch_events_ge_8ms=0 touch_event_age_max_us=0 touch_errors=0 touch_overflows=0 pass=1
[21:34:16] TINYDRAW_GATE1_WORKLOAD kind=realistic seed=7 operations=1000 samples=19844 maximum_stroke=198 load_us=556463 raw_source=1 lod_copies=0
[21:34:17] TINYDRAW_GATE1_PACED_COLD corpus=seed7 zoom=400 x=63 y=63 steps=264 tiles=56 compute_us=192517 present_us=80672 touch_us=434 pacing_us=5349 wall_us=278972 maximum_wall_us=500000 max_tick_us=9699 touch_samples=994 touch_interval_max_us=2009 touch_read_max_us=546 touch_events=0 touch_down=0 touch_up=0 touch_events_ge_8ms=0 touch_event_age_max_us=0 touch_errors=0 touch_overflows=0 pass=1
[21:34:17] TINYDRAW_LIVE_PRESENT kind=gate_fallback zoom=100 x=0 y=0 compose_us=11305 scroll_us=0 exposed_compose_us=0 chrome_us=6786 chrome_prepare_us=2368 chrome_stage_us=4418 read_submit_us=30447 read_complete_us=34043 transfer_wait_us=20674 tile_pixels=0 uniform_pixels=0 overview_pixels=0 fallback_pixels=164864 resident_tiles=0 fallback_tiles=42 pushes=11 tear_wait_us=16665 tear_edge_isr_to_resume_us=10 tear_edge_observed=1 tear_edge_wait_resumed=1 tear_edge_timeout=0 tear_heal_attempted=0 tear_heal_command_sent=0 presentation_experiment=boundary-top-sweep te_edge=rising requested_clock_mhz=50 effective_clock_mhz=40 frame_reused=0 pass=1
[21:34:17] TINYDRAW_GATE1_HARD zoom=100 cold=1 operations=1000 samples=19844 steps=246 tiles=42 scanned=12000 rendered=388 max_supertask_us=5376 presentation_us=70574 total_us=372214 maximum_wall_us=500000 pass=1
[21:34:17] TINYDRAW_GATE1_OVERLAY_CANVAS regions=zoom,minimap,toolbar,battery operations=4 presentation_mutations=0 authority=1 pass=1
[21:34:18] TINYDRAW_GATE1_LIVE_OVERLAY clear_updates=48 clear_wall_max_us=3948 clear_submit_max_us=2134 clear_complete_max_us=2972 overlay_updates=48 overlay_wall_max_us=3915 overlay_submit_max_us=2105 overlay_complete_max_us=3135 overlay_chrome_max_us=256 clear_failures=0 overlay_failures=0 pass=1
[21:34:18] TINYDRAW_EDGE_INK corners=4 edge_failures=0 pass=1
[21:34:18] TINYDRAW_GATE1_PAN zoom=100 from_x=0 from_y=0 to_x=88 to_y=88 compose_us=15390 scroll_us=13 exposed_compose_us=15377 chrome_us=2352 event_submit_us=30030 event_complete_us=33165 transfer_us=15968 setup=1 present=1 moved=1 frame_reused=1 pass=1
[21:34:18] TINYDRAW_LIVE_PRESENT kind=gate_fallback zoom=400 x=0 y=0 compose_us=10632 scroll_us=0 exposed_compose_us=0 chrome_us=6587 chrome_prepare_us=2380 chrome_stage_us=4207 read_submit_us=23950 read_complete_us=27532 transfer_wait_us=20487 tile_pixels=0 uniform_pixels=0 overview_pixels=0 fallback_pixels=164864 resident_tiles=0 fallback_tiles=42 pushes=11 tear_wait_us=10809 tear_edge_isr_to_resume_us=12 tear_edge_observed=1 tear_edge_wait_resumed=1 tear_edge_timeout=0 tear_heal_attempted=0 tear_heal_command_sent=0 presentation_experiment=boundary-top-sweep te_edge=rising requested_clock_mhz=50 effective_clock_mhz=40 frame_reused=0 pass=1
[21:34:18] TINYDRAW_GATE1_HARD zoom=400 cold=1 operations=1008 samples=19852 steps=200 tiles=42 scanned=12096 rendered=60 max_supertask_us=8009 presentation_us=69034 total_us=213204 maximum_wall_us=500000 pass=1
[21:34:19] TINYDRAW_GATE1_PAN zoom=400 from_x=0 from_y=0 to_x=88 to_y=88 compose_us=15368 scroll_us=13 exposed_compose_us=15355 chrome_us=2160 event_submit_us=30080 event_complete_us=33222 transfer_us=15924 setup=1 present=1 moved=1 frame_reused=1 pass=1
[21:34:21] TINYDRAW_PANSEQ_FRAME zoom=100 step=0 dx=24 dy=18 scroll_us=13 exposed_compose_us=4346 chrome_us=2362 tear_wait_us=8238 present_us=16227 prepare_us=10639 acquire_wait_us=20 ring_copy_us=8295 patch_us=2334 byte_swap_us=10 staging_us=4168 event_submit_us=12746 event_complete_us=15868 frame_us=28978 tear_edge_observed=1 frame_reused=1 pass=1
[21:34:21] TINYDRAW_PANSEQ_FRAME zoom=100 step=1 dx=24 dy=18 scroll_us=10 exposed_compose_us=4399 chrome_us=2351 tear_wait_us=12780 present_us=16608 prepare_us=10593 acquire_wait_us=18 ring_copy_us=8245 patch_us=2339 byte_swap_us=9 staging_us=4185 event_submit_us=17318 event_complete_us=20433 frame_us=33926 tear_edge_observed=1 frame_reused=1 pass=1
[21:34:21] TINYDRAW_PANSEQ_FRAME zoom=100 step=2 dx=24 dy=18 scroll_us=10 exposed_compose_us=4100 chrome_us=2338 tear_wait_us=12699 present_us=15988 prepare_us=10598 acquire_wait_us=19 ring_copy_us=8262 patch_us=2327 byte_swap_us=9 staging_us=4200 event_submit_us=16942 event_complete_us=20075 frame_us=32933 tear_edge_observed=1 frame_reused=1 pass=1
[21:34:21] TINYDRAW_PANSEQ_FRAME zoom=100 step=3 dx=24 dy=18 scroll_us=10 exposed_compose_us=4607 chrome_us=2327 tear_wait_us=12812 present_us=16374 prepare_us=10574 acquire_wait_us=19 ring_copy_us=8244 patch_us=2321 byte_swap_us=9 staging_us=4219 event_submit_us=17556 event_complete_us=20698 frame_us=33930 tear_edge_observed=1 frame_reused=1 pass=1
[21:34:21] TINYDRAW_PANSEQ_FRAME zoom=100 step=4 dx=24 dy=18 scroll_us=10 exposed_compose_us=4151 chrome_us=2328 tear_wait_us=12882 present_us=15764 prepare_us=10610 acquire_wait_us=20 ring_copy_us=8275 patch_us=2327 byte_swap_us=8 staging_us=4196 event_submit_us=17166 event_complete_us=20303 frame_us=32934 tear_edge_observed=1 frame_reused=1 pass=1
[21:34:21] TINYDRAW_PANSEQ_FRAME zoom=100 step=5 dx=24 dy=18 scroll_us=10 exposed_compose_us=4427 chrome_us=2336 tear_wait_us=13216 present_us=16147 prepare_us=10561 acquire_wait_us=20 ring_copy_us=8229 patch_us=2324 byte_swap_us=8 staging_us=4241 event_submit_us=17783 event_complete_us=20909 frame_us=33930 tear_edge_observed=1 frame_reused=1 pass=1
[21:34:21] TINYDRAW_PANSEQ_FRAME zoom=100 step=6 dx=24 dy=18 scroll_us=10 exposed_compose_us=4090 chrome_us=2335 tear_wait_us=13190 present_us=16512 prepare_us=10618 acquire_wait_us=19 ring_copy_us=8283 patch_us=2326 byte_swap_us=9 staging_us=4187 event_submit_us=17427 event_complete_us=20557 frame_us=33934 tear_edge_observed=1 frame_reused=1 pass=1
[21:34:21] TINYDRAW_PANSEQ_FRAME zoom=100 step=7 dx=24 dy=18 scroll_us=10 exposed_compose_us=4398 chrome_us=2378 tear_wait_us=12516 present_us=15877 prepare_us=10590 acquire_wait_us=19 ring_copy_us=8205 patch_us=2377 byte_swap_us=8 staging_us=4199 event_submit_us=17053 event_complete_us=20172 frame_us=32930 tear_edge_observed=1 frame_reused=1 pass=1
[21:34:21] TINYDRAW_PANSEQ_FRAME zoom=100 step=8 dx=24 dy=18 scroll_us=10 exposed_compose_us=4372 chrome_us=2343 tear_wait_us=13174 present_us=16244 prepare_us=10591 acquire_wait_us=25 ring_copy_us=8248 patch_us=2334 byte_swap_us=9 staging_us=4210 event_submit_us=17686 event_complete_us=20812 frame_us=33934 tear_edge_observed=1 frame_reused=1 pass=1
[21:34:21] TINYDRAW_PANSEQ_FRAME zoom=100 step=9 dx=24 dy=18 scroll_us=10 exposed_compose_us=4400 chrome_us=2349 tear_wait_us=12784 present_us=16609 prepare_us=10575 acquire_wait_us=18 ring_copy_us=8227 patch_us=2340 byte_swap_us=8 staging_us=4199 event_submit_us=17322 event_complete_us=20438 frame_us=33930 tear_edge_observed=1 frame_reused=1 pass=1
[21:34:21] TINYDRAW_PANSEQ_FRAME zoom=100 step=10 dx=24 dy=18 scroll_us=10 exposed_compose_us=4098 chrome_us=2342 tear_wait_us=12714 present_us=15979 prepare_us=10601 acquire_wait_us=19 ring_copy_us=8259 patch_us=2334 byte_swap_us=8 staging_us=4203 event_submit_us=16951 event_complete_us=20079 frame_us=32934 tear_edge_observed=1 frame_reused=1 pass=1
[21:34:21] TINYDRAW_PANSEQ_FRAME zoom=100 step=11 dx=24 dy=18 scroll_us=10 exposed_compose_us=4633 chrome_us=2335 tear_wait_us=12816 present_us=16342 prepare_us=10568 acquire_wait_us=19 ring_copy_us=8234 patch_us=2327 byte_swap_us=7 staging_us=4224 event_submit_us=17589 event_complete_us=20721 frame_us=33930 tear_edge_observed=1 frame_reused=1 pass=1
[21:34:21] TINYDRAW_PANSEQ_FRAME zoom=100 step=12 dx=24 dy=18 scroll_us=10 exposed_compose_us=4134 chrome_us=2336 tear_wait_us=12942 present_us=15721 prepare_us=10618 acquire_wait_us=19 ring_copy_us=8280 patch_us=2329 byte_swap_us=9 staging_us=4190 event_submit_us=17216 event_complete_us=20352 frame_us=32941 tear_edge_observed=1 frame_reused=1 pass=1
[21:34:22] TINYDRAW_PANSEQ_FRAME zoom=100 step=13 dx=24 dy=18 scroll_us=9 exposed_compose_us=4416 chrome_us=2326 tear_wait_us=13283 present_us=16086 prepare_us=10554 acquire_wait_us=20 ring_copy_us=8227 patch_us=2319 byte_swap_us=8 staging_us=4224 event_submit_us=17836 event_complete_us=20949 frame_us=33922 tear_edge_observed=1 frame_reused=1 pass=1
[21:34:22] TINYDRAW_PANSEQ_FRAME zoom=100 step=14 dx=24 dy=18 scroll_us=10 exposed_compose_us=4105 chrome_us=2334 tear_wait_us=13235 present_us=16452 prepare_us=10629 acquire_wait_us=19 ring_copy_us=8297 patch_us=2325 byte_swap_us=7 staging_us=4187 event_submit_us=17478 event_complete_us=20613 frame_us=33934 tear_edge_observed=1 frame_reused=1 pass=1
[21:34:22] TINYDRAW_PANSEQ_FRAME zoom=100 step=15 dx=24 dy=18 scroll_us=10 exposed_compose_us=4446 chrome_us=2356 tear_wait_us=12524 present_us=15822 prepare_us=10553 acquire_wait_us=22 ring_copy_us=8198 patch_us=2348 byte_swap_us=7 staging_us=4247 event_submit_us=17109 event_complete_us=20230 frame_us=32930 tear_edge_observed=1 frame_reused=1 pass=1
[21:34:22] TINYDRAW_PANSEQ_FRAME zoom=100 step=16 dx=72 dy=54 scroll_us=10 exposed_compose_us=11719 chrome_us=2334 tear_wait_us=5868 present_us=16204 prepare_us=10589 acquire_wait_us=20 ring_copy_us=8246 patch_us=2325 byte_swap_us=18 staging_us=4194 event_submit_us=17726 event_complete_us=20827 frame_us=33934 tear_edge_observed=1 frame_reused=1 pass=1
[21:34:22] TINYDRAW_PANSEQ_FRAME zoom=100 step=17 dx=72 dy=54 scroll_us=10 exposed_compose_us=11670 chrome_us=2339 tear_wait_us=5537 present_us=16586 prepare_us=10576 acquire_wait_us=19 ring_copy_us=8229 patch_us=2340 byte_swap_us=7 staging_us=4195 event_submit_us=17345 event_complete_us=20451 frame_us=33930 tear_edge_observed=1 frame_reused=1 pass=1
[21:34:22] TINYDRAW_PANSEQ_FRAME zoom=100 step=18 dx=72 dy=54 scroll_us=10 exposed_compose_us=10026 chrome_us=2332 tear_wait_us=6795 present_us=15968 prepare_us=10567 acquire_wait_us=19 ring_copy_us=8237 patch_us=2322 byte_swap_us=8 staging_us=4227 event_submit_us=16963 event_complete_us=20088 frame_us=32934 tear_edge_observed=1 frame_reused=1 pass=1
[21:34:22] TINYDRAW_PANSEQ_FRAME zoom=100 step=19 dx=72 dy=54 scroll_us=10 exposed_compose_us=10018 chrome_us=2316 tear_wait_us=7442 present_us=16333 prepare_us=10548 acquire_wait_us=18 ring_copy_us=8233 patch_us=2307 byte_swap_us=8 staging_us=4232 event_submit_us=17599 event_complete_us=20732 frame_us=33930 tear_edge_observed=1 frame_reused=1 pass=1
[21:34:22] TINYDRAW_PANSEQ_FRAME zoom=100 step=20 dx=-72 dy=-54 scroll_us=10 exposed_compose_us=11520 chrome_us=2336 tear_wait_us=5555 present_us=15716 prepare_us=10568 acquire_wait_us=20 ring_copy_us=8235 patch_us=2327 byte_swap_us=6 staging_us=4212 event_submit_us=17215 event_complete_us=20327 frame_us=32934 tear_edge_observed=1 frame_reused=1 pass=1
[21:34:22] TINYDRAW_PANSEQ_FRAME zoom=100 step=21 dx=-72 dy=-54 scroll_us=10 exposed_compose_us=11650 chrome_us=2322 tear_wait_us=6047 present_us=16096 prepare_us=10550 acquire_wait_us=21 ring_copy_us=8227 patch_us=2315 byte_swap_us=8 staging_us=4226 event_submit_us=17835 event_complete_us=20941 frame_us=33930 tear_edge_observed=1 frame_reused=1 pass=1
[21:34:22] TINYDRAW_PANSEQ_FRAME zoom=100 step=22 dx=-72 dy=-54 scroll_us=10 exposed_compose_us=11671 chrome_us=2334 tear_wait_us=5650 present_us=16470 prepare_us=10590 acquire_wait_us=22 ring_copy_us=8254 patch_us=2327 byte_swap_us=9 staging_us=4207 event_submit_us=17460 event_complete_us=20569 frame_us=33934 tear_edge_observed=1 frame_reused=1 pass=1
[21:34:22] TINYDRAW_PANSEQ_FRAME zoom=100 step=23 dx=-72 dy=-54 scroll_us=10 exposed_compose_us=11348 chrome_us=2373 tear_wait_us=5598 present_us=15845 prepare_us=10558 acquire_wait_us=21 ring_copy_us=8189 patch_us=2361 byte_swap_us=8 staging_us=4224 event_submit_us=17086 event_complete_us=20198 frame_us=32930 tear_edge_observed=1 frame_reused=1 pass=1
[21:34:22] TINYDRAW_PANSEQ_STRIP zoom=100 strip=0 panel_y=0 rows=44 samples=24 staging_mean_us=1314 staging_max_us=1336 wire_budget_us=1619 over_budget_us=0 pass=1
[21:34:22] TINYDRAW_PANSEQ_STRIP zoom=100 strip=1 panel_y=44 rows=44 samples=24 staging_mean_us=1223 staging_max_us=1238 wire_budget_us=1619 over_budget_us=0 pass=1
[21:34:22] TINYDRAW_PANSEQ_STRIP zoom=100 strip=2 panel_y=88 rows=44 samples=24 staging_mean_us=1167 staging_max_us=1177 wire_budget_us=1619 over_budget_us=0 pass=1
[21:34:22] TINYDRAW_PANSEQ_STRIP zoom=100 strip=3 panel_y=132 rows=44 samples=24 staging_mean_us=1164 staging_max_us=1180 wire_budget_us=1619 over_budget_us=0 pass=1
[21:34:22] TINYDRAW_PANSEQ_STRIP zoom=100 strip=4 panel_y=176 rows=44 samples=24 staging_mean_us=1167 staging_max_us=1179 wire_budget_us=1619 over_budget_us=0 pass=1
[21:34:22] TINYDRAW_PANSEQ_STRIP zoom=100 strip=5 panel_y=220 rows=44 samples=24 staging_mean_us=1195 staging_max_us=1209 wire_budget_us=1619 over_budget_us=0 pass=1
[21:34:22] TINYDRAW_PANSEQ_STRIP zoom=100 strip=6 panel_y=264 rows=44 samples=24 staging_mean_us=1373 staging_max_us=1400 wire_budget_us=1619 over_budget_us=0 pass=1
[21:34:22] TINYDRAW_PANSEQ_STRIP zoom=100 strip=7 panel_y=308 rows=44 samples=24 staging_mean_us=1359 staging_max_us=1374 wire_budget_us=1619 over_budget_us=0 pass=1
[21:34:22] TINYDRAW_PANSEQ_STRIP zoom=100 strip=8 panel_y=352 rows=20 samples=24 staging_mean_us=637 staging_max_us=654 wire_budget_us=736 over_budget_us=0 pass=1
[21:34:22] TINYDRAW_GATE1_PANSEQ zoom=100 frames=24 scroll_avg_us=10 exposed_avg_us=6614 chrome_avg_us=2340 tear_wait_avg_us=10429 present_avg_us=16165 prepare_avg_us=10584 acquire_wait_avg_us=19 ring_copy_avg_us=8244 patch_avg_us=2331 byte_swap_avg_us=8 staging_avg_us=4208 frame_avg_us=33350 frame_p50_us=33926 frame_p95_us=33934 frame_max_us=33934 complete_p50_us=20438 complete_p95_us=20941 complete_max_us=20949 tear_edge_failures=0 presentation_experiment=boundary-top-sweep te_edge=rising requested_clock_mhz=50 effective_clock_mhz=40 chrome_bottom_redraws=0 chrome_battery_redraws=0 chrome_zoom_redraws=0 chrome_minimap_base_redraws=0 strip_samples=216 staging_mean_us=1178 staging_max_us=1400 worst_strip=8 worst_strip_y=352 worst_wire_budget_us=736 worst_headroom_us=82 staging_invariant=1 pacing_pass=1 all_reused=1 pass=1
[21:34:24] TINYDRAW_PANSEQ_FRAME zoom=400 step=0 dx=24 dy=18 scroll_us=13 exposed_compose_us=4318 chrome_us=2156 tear_wait_us=8199 present_us=16307 prepare_us=10454 acquire_wait_us=20 ring_copy_us=8300 patch_us=2147 byte_swap_us=7 staging_us=4342 event_submit_us=12675 event_complete_us=15811 frame_us=28976 tear_edge_observed=1 frame_reused=1 pass=1
[21:34:24] TINYDRAW_PANSEQ_FRAME zoom=400 step=1 dx=24 dy=18 scroll_us=10 exposed_compose_us=4391 chrome_us=2157 tear_wait_us=12718 present_us=16682 prepare_us=10438 acquire_wait_us=20 ring_copy_us=8271 patch_us=2151 byte_swap_us=16 staging_us=4381 event_submit_us=17244 event_complete_us=20397 frame_us=33927 tear_edge_observed=1 frame_reused=1 pass=1
[21:34:24] TINYDRAW_PANSEQ_FRAME zoom=400 step=2 dx=24 dy=18 scroll_us=10 exposed_compose_us=4109 chrome_us=2148 tear_wait_us=12628 present_us=16046 prepare_us=10411 acquire_wait_us=19 ring_copy_us=8264 patch_us=2139 byte_swap_us=8 staging_us=4389 event_submit_us=16889 event_complete_us=20019 frame_us=32934 tear_edge_observed=1 frame_reused=1 pass=1
[21:34:24] TINYDRAW_PANSEQ_FRAME zoom=400 step=3 dx=24 dy=18 scroll_us=9 exposed_compose_us=4617 chrome_us=2166 tear_wait_us=12762 present_us=16416 prepare_us=10421 acquire_wait_us=20 ring_copy_us=8254 patch_us=2160 byte_swap_us=7 staging_us=4391 event_submit_us=17514 event_complete_us=20666 frame_us=33931 tear_edge_observed=1 frame_reused=1 pass=1
[21:34:24] TINYDRAW_PANSEQ_FRAME zoom=400 step=4 dx=24 dy=18 scroll_us=10 exposed_compose_us=4141 chrome_us=2159 tear_wait_us=12870 present_us=15782 prepare_us=10419 acquire_wait_us=21 ring_copy_us=8260 patch_us=2151 byte_swap_us=8 staging_us=4388 event_submit_us=17147 event_complete_us=20273 frame_us=32934 tear_edge_observed=1 frame_reused=1 pass=1
[21:34:24] TINYDRAW_PANSEQ_FRAME zoom=400 step=5 dx=24 dy=18 scroll_us=9 exposed_compose_us=4425 chrome_us=2156 tear_wait_us=13219 present_us=16150 prepare_us=10393 acquire_wait_us=19 ring_copy_us=8237 patch_us=2148 byte_swap_us=8 staging_us=4425 event_submit_us=17781 event_complete_us=20917 frame_us=33931 tear_edge_observed=1 frame_reused=1 pass=1
[21:34:24] TINYDRAW_PANSEQ_FRAME zoom=400 step=6 dx=24 dy=18 scroll_us=10 exposed_compose_us=4066 chrome_us=2159 tear_wait_us=13217 present_us=16508 prepare_us=10438 acquire_wait_us=30 ring_copy_us=8280 patch_us=2150 byte_swap_us=8 staging_us=4385 event_submit_us=17422 event_complete_us=20560 frame_us=33934 tear_edge_observed=1 frame_reused=1 pass=1
[21:34:24] TINYDRAW_PANSEQ_FRAME zoom=400 step=7 dx=24 dy=18 scroll_us=9 exposed_compose_us=4403 chrome_us=2198 tear_wait_us=12517 present_us=15875 prepare_us=10421 acquire_wait_us=19 ring_copy_us=8221 patch_us=2192 byte_swap_us=8 staging_us=4376 event_submit_us=17055 event_complete_us=20182 frame_us=32931 tear_edge_observed=1 frame_reused=1 pass=1
[21:34:24] TINYDRAW_PANSEQ_FRAME zoom=400 step=8 dx=24 dy=18 scroll_us=10 exposed_compose_us=4363 chrome_us=2162 tear_wait_us=13188 present_us=16239 prepare_us=10434 acquire_wait_us=18 ring_copy_us=8273 patch_us=2154 byte_swap_us=7 staging_us=4380 event_submit_us=17690 event_complete_us=20826 frame_us=33934 tear_edge_observed=1 frame_reused=1 pass=1
[21:34:24] TINYDRAW_PANSEQ_FRAME zoom=400 step=9 dx=24 dy=18 scroll_us=9 exposed_compose_us=4392 chrome_us=2176 tear_wait_us=12794 present_us=16607 prepare_us=10419 acquire_wait_us=19 ring_copy_us=8244 patch_us=2166 byte_swap_us=9 staging_us=4356 event_submit_us=17324 event_complete_us=20435 frame_us=33931 tear_edge_observed=1 frame_reused=1 pass=1
[21:34:24] TINYDRAW_PANSEQ_FRAME zoom=400 step=10 dx=24 dy=18 scroll_us=10 exposed_compose_us=4098 chrome_us=2159 tear_wait_us=12717 present_us=15976 prepare_us=10429 acquire_wait_us=19 ring_copy_us=8270 patch_us=2150 byte_swap_us=9 staging_us=4376 event_submit_us=16953 event_complete_us=20086 frame_us=32934 tear_edge_observed=1 frame_reused=1 pass=1
[21:34:24] TINYDRAW_PANSEQ_FRAME zoom=400 step=11 dx=24 dy=18 scroll_us=9 exposed_compose_us=4635 chrome_us=2161 tear_wait_us=12807 present_us=16353 prepare_us=10406 acquire_wait_us=18 ring_copy_us=8249 patch_us=2148 byte_swap_us=9 staging_us=4399 event_submit_us=17578 event_complete_us=20730 frame_us=33931 tear_edge_observed=1 frame_reused=1 pass=1
[21:34:24] TINYDRAW_PANSEQ_FRAME zoom=400 step=12 dx=24 dy=18 scroll_us=10 exposed_compose_us=4134 chrome_us=2152 tear_wait_us=12933 present_us=15732 prepare_us=10426 acquire_wait_us=19 ring_copy_us=8275 patch_us=2142 byte_swap_us=9 staging_us=4389 event_submit_us=17204 event_complete_us=20345 frame_us=32941 tear_edge_observed=1 frame_reused=1 pass=1
[21:34:24] TINYDRAW_PANSEQ_FRAME zoom=400 step=13 dx=24 dy=18 scroll_us=9 exposed_compose_us=4415 chrome_us=2151 tear_wait_us=13279 present_us=16093 prepare_us=10391 acquire_wait_us=19 ring_copy_us=8239 patch_us=2144 byte_swap_us=8 staging_us=4399 event_submit_us=17830 event_complete_us=20956 frame_us=33923 tear_edge_observed=1 frame_reused=1 pass=1
[21:34:24] TINYDRAW_PANSEQ_FRAME zoom=400 step=14 dx=24 dy=18 scroll_us=10 exposed_compose_us=4103 chrome_us=2152 tear_wait_us=13224 present_us=16464 prepare_us=10447 acquire_wait_us=22 ring_copy_us=8296 patch_us=2142 byte_swap_us=9 staging_us=4381 event_submit_us=17465 event_complete_us=20609 frame_us=33934 tear_edge_observed=1 frame_reused=1 pass=1
[21:34:24] TINYDRAW_PANSEQ_FRAME zoom=400 step=15 dx=24 dy=18 scroll_us=9 exposed_compose_us=4469 chrome_us=2180 tear_wait_us=12483 present_us=15842 prepare_us=10390 acquire_wait_us=19 ring_copy_us=8209 patch_us=2172 byte_swap_us=9 staging_us=4416 event_submit_us=17089 event_complete_us=20221 frame_us=32931 tear_edge_observed=1 frame_reused=1 pass=1
[21:34:24] TINYDRAW_PANSEQ_FRAME zoom=400 step=16 dx=72 dy=54 scroll_us=10 exposed_compose_us=11671 chrome_us=2153 tear_wait_us=5917 present_us=16206 prepare_us=10420 acquire_wait_us=18 ring_copy_us=8267 patch_us=2145 byte_swap_us=8 staging_us=4378 event_submit_us=17724 event_complete_us=20838 frame_us=33934 tear_edge_observed=1 frame_reused=1 pass=1
[21:34:24] TINYDRAW_PANSEQ_FRAME zoom=400 step=17 dx=72 dy=54 scroll_us=10 exposed_compose_us=11473 chrome_us=2170 tear_wait_us=5741 present_us=16581 prepare_us=10391 acquire_wait_us=19 ring_copy_us=8226 patch_us=2157 byte_swap_us=8 staging_us=4383 event_submit_us=17350 event_complete_us=20466 frame_us=33931 tear_edge_observed=1 frame_reused=1 pass=1
[21:34:24] TINYDRAW_PANSEQ_FRAME zoom=400 step=18 dx=72 dy=54 scroll_us=10 exposed_compose_us=11381 chrome_us=2158 tear_wait_us=5440 present_us=15967 prepare_us=10395 acquire_wait_us=18 ring_copy_us=8243 patch_us=2144 byte_swap_us=8 staging_us=4394 event_submit_us=16962 event_complete_us=20081 frame_us=32934 tear_edge_observed=1 frame_reused=1 pass=1
[21:34:24] TINYDRAW_PANSEQ_FRAME zoom=400 step=19 dx=72 dy=54 scroll_us=10 exposed_compose_us=11596 chrome_us=2148 tear_wait_us=5859 present_us=16336 prepare_us=10376 acquire_wait_us=20 ring_copy_us=8231 patch_us=2137 byte_swap_us=8 staging_us=4417 event_submit_us=17595 event_complete_us=20731 frame_us=33932 tear_edge_observed=1 frame_reused=1 pass=1
[21:34:24] TINYDRAW_PANSEQ_FRAME zoom=400 step=20 dx=-72 dy=-54 scroll_us=10 exposed_compose_us=11726 chrome_us=2151 tear_wait_us=5368 present_us=16692 prepare_us=10400 acquire_wait_us=18 ring_copy_us=8240 patch_us=2142 byte_swap_us=18 staging_us=4392 event_submit_us=17236 event_complete_us=20357 frame_us=33932 tear_edge_observed=1 frame_reused=1 pass=1
[21:34:24] TINYDRAW_PANSEQ_FRAME zoom=400 step=21 dx=-72 dy=-54 scroll_us=10 exposed_compose_us=11633 chrome_us=2154 tear_wait_us=5078 present_us=16071 prepare_us=10372 acquire_wait_us=22 ring_copy_us=8219 patch_us=2144 byte_swap_us=9 staging_us=4401 event_submit_us=16860 event_complete_us=19968 frame_us=32932 tear_edge_observed=1 frame_reused=1 pass=1
[21:34:24] TINYDRAW_PANSEQ_FRAME zoom=400 step=22 dx=-72 dy=-54 scroll_us=10 exposed_compose_us=11675 chrome_us=2160 tear_wait_us=5664 present_us=16450 prepare_us=10428 acquire_wait_us=18 ring_copy_us=8267 patch_us=2153 byte_swap_us=8 staging_us=4373 event_submit_us=17476 event_complete_us=20596 frame_us=33932 tear_edge_observed=1 frame_reused=1 pass=1
[21:34:24] TINYDRAW_PANSEQ_FRAME zoom=400 step=23 dx=-72 dy=-54 scroll_us=10 exposed_compose_us=11347 chrome_us=2183 tear_wait_us=5611 present_us=15835 prepare_us=10388 acquire_wait_us=22 ring_copy_us=8205 patch_us=2175 byte_swap_us=8 staging_us=4425 event_submit_us=17095 event_complete_us=20227 frame_us=32932 tear_edge_observed=1 frame_reused=1 pass=1
[21:34:24] TINYDRAW_PANSEQ_STRIP zoom=400 strip=0 panel_y=0 rows=44 samples=24 staging_mean_us=1324 staging_max_us=1348 wire_budget_us=1619 over_budget_us=0 pass=1
[21:34:24] TINYDRAW_PANSEQ_STRIP zoom=400 strip=1 panel_y=44 rows=44 samples=24 staging_mean_us=1222 staging_max_us=1236 wire_budget_us=1619 over_budget_us=0 pass=1
[21:34:24] TINYDRAW_PANSEQ_STRIP zoom=400 strip=2 panel_y=88 rows=44 samples=24 staging_mean_us=1167 staging_max_us=1178 wire_budget_us=1619 over_budget_us=0 pass=1
[21:34:24] TINYDRAW_PANSEQ_STRIP zoom=400 strip=3 panel_y=132 rows=44 samples=24 staging_mean_us=1164 staging_max_us=1179 wire_budget_us=1619 over_budget_us=0 pass=1
[21:34:24] TINYDRAW_PANSEQ_STRIP zoom=400 strip=4 panel_y=176 rows=44 samples=24 staging_mean_us=1166 staging_max_us=1178 wire_budget_us=1619 over_budget_us=0 pass=1
[21:34:24] TINYDRAW_PANSEQ_STRIP zoom=400 strip=5 panel_y=220 rows=44 samples=24 staging_mean_us=1152 staging_max_us=1170 wire_budget_us=1619 over_budget_us=0 pass=1
[21:34:24] TINYDRAW_PANSEQ_STRIP zoom=400 strip=6 panel_y=264 rows=44 samples=24 staging_mean_us=1324 staging_max_us=1351 wire_budget_us=1619 over_budget_us=0 pass=1
[21:34:24] TINYDRAW_PANSEQ_STRIP zoom=400 strip=7 panel_y=308 rows=44 samples=24 staging_mean_us=1314 staging_max_us=1322 wire_budget_us=1619 over_budget_us=0 pass=1
[21:34:24] TINYDRAW_PANSEQ_STRIP zoom=400 strip=8 panel_y=352 rows=20 samples=24 staging_mean_us=594 staging_max_us=613 wire_budget_us=736 over_budget_us=0 pass=1
[21:34:24] TINYDRAW_GATE1_PANSEQ zoom=400 frames=24 scroll_avg_us=9 exposed_avg_us=6732 chrome_avg_us=2161 tear_wait_avg_us=10259 present_avg_us=16217 prepare_avg_us=10412 acquire_wait_avg_us=19 ring_copy_avg_us=8251 patch_avg_us=2152 byte_swap_avg_us=8 staging_avg_us=4389 frame_avg_us=33350 frame_p50_us=33927 frame_p95_us=33934 frame_max_us=33934 complete_p50_us=20397 complete_p95_us=20917 complete_max_us=20956 tear_edge_failures=0 presentation_experiment=boundary-top-sweep te_edge=rising requested_clock_mhz=50 effective_clock_mhz=40 chrome_bottom_redraws=0 chrome_battery_redraws=0 chrome_zoom_redraws=0 chrome_minimap_base_redraws=0 strip_samples=216 staging_mean_us=1159 staging_max_us=1351 worst_strip=8 worst_strip_y=352 worst_wire_budget_us=736 worst_headroom_us=123 staging_invariant=1 pacing_pass=1 all_reused=1 pass=1
[21:34:25] TINYDRAW_GATE1_PAN_BOUNDARY zoom=100 slow_1px_trace=1 below_delta=94 below_reused=1 at_delta=96 at_reused=1 above_delta=98 above_fallback=1 pass=1
[21:34:25] TINYDRAW_GATE1_PAN_BOUNDARY zoom=400 slow_1px_trace=1 below_delta=94 below_reused=1 at_delta=96 at_reused=1 above_delta=98 above_fallback=1 pass=1
[21:34:26] TINYDRAW_GATE1_DRAW_FILL zoom=400 revision=2930 append_us=1401 poll_gap_us=96 event_submit_us=218 event_complete_us=2111 max_compute_slice_us=5542 max_display_slice_us=17187 fill_us=224227 revision_restarted=1 pass=1
[21:34:26] TINYDRAW_GATE1_CACHE_FILL zoom=50 x=63 y=63 published=56 total_us=606967 within_cold_gate=0 complete=1
[21:34:27] TINYDRAW_GATE1_CACHE_FILL zoom=100 x=63 y=63 published=56 total_us=486967 within_cold_gate=1 complete=1
[21:34:27] TINYDRAW_GATE1_CACHE_FILL zoom=200 x=63 y=63 published=56 total_us=333966 within_cold_gate=1 complete=1
[21:34:28] TINYDRAW_GATE1_CACHE_FILL zoom=400 x=63 y=63 published=56 total_us=275969 within_cold_gate=1 complete=1
[21:34:28] TINYDRAW_GATE1_CACHE_REVISIT zoom=50 remaining=0 tile_pixels=118128 fallback_pixels=0 compose_us=15934 complete_us=21016 hit=1
[21:34:28] TINYDRAW_GATE1_CACHE_REVISIT zoom=100 remaining=0 tile_pixels=164864 fallback_pixels=0 compose_us=18353 complete_us=20583 hit=1
[21:34:28] TINYDRAW_GATE1_CACHE_REVISIT zoom=200 remaining=0 tile_pixels=164864 fallback_pixels=0 compose_us=18376 complete_us=20158 hit=1
[21:34:28] TINYDRAW_GATE1_CACHE_REVISIT zoom=400 remaining=0 tile_pixels=164608 fallback_pixels=0 compose_us=18390 complete_us=20719 hit=1
[21:34:28] TINYDRAW_GATE1_CACHE_FILL zoom=400 x=575 y=575 published=56 total_us=292975 within_cold_gate=1 complete=1
[21:34:28] TINYDRAW_GATE1_CACHE_ROUND_TRIP zoom=50 from_x=63 from_y=63 via_x=575 via_y=575 remaining=0 tile_pixels=118128 fallback_pixels=0 compose_us=15925 complete_us=20891 hit=1
[21:34:28] TINYDRAW_GATE1_CACHE_ROUND_TRIP zoom=100 from_x=63 from_y=63 via_x=575 via_y=575 remaining=0 tile_pixels=164864 fallback_pixels=0 compose_us=18378 complete_us=20425 hit=1
[21:34:28] TINYDRAW_GATE1_CACHE_ROUND_TRIP zoom=200 from_x=63 from_y=63 via_x=575 via_y=575 remaining=0 tile_pixels=164864 fallback_pixels=0 compose_us=18399 complete_us=19987 hit=1
[21:34:28] TINYDRAW_GATE1_CACHE_ROUND_TRIP zoom=400 from_x=63 from_y=63 via_x=575 via_y=575 remaining=0 tile_pixels=164608 fallback_pixels=0 compose_us=18396 complete_us=20533 hit=1
[21:34:28] TINYDRAW_GATE1_CACHE_RETENTION pass=1 slots=448 revision=2930
[21:34:30] TINYDRAW_PAPER_SWEEP zoom=100 identities=644 raw=266 uniform=378 fallback=0 slots=448 total_us=1347232 pass=1
[21:34:30] TINYDRAW_RERENDER_LEDGER_RESET site=cache_tour_start
[21:34:33] TINYDRAW_GATE1_CACHE_TOUR slots=448 stops=16 forward_steps=2162 forward_tiles=832 forward_wall_us=1327157 return_missing_tiles=0 return_steps=16 return_tiles=0 return_wall_us=5965 home_missing=0 home_fallback_pixels=0 pass=1
[21:34:33] TINYDRAW_RERENDER_LEDGER site=cache_tour renders=137 unique=137 amplification=1.000 cold=137 damage=0 evict=0 stale=0 unexplained=0
[21:34:33] TINYDRAW_GATE1_MIXED_DRAW_WARM zoom=50 fill_tiles=56 fill_us=533933 raw=42 uniform=14
[21:34:34] TINYDRAW_GATE1_MIXED_DRAW_WARM zoom=100 fill_tiles=56 fill_us=407378 raw=56 uniform=0
[21:34:34] TINYDRAW_GATE1_MIXED_DRAW_WARM zoom=200 fill_tiles=56 fill_us=311750 raw=56 uniform=0
[21:34:34] TINYDRAW_GATE1_MIXED_DRAW_WARM zoom=400 fill_tiles=42 fill_us=197610 raw=42 uniform=0
[21:34:35] TINYDRAW_GATE1_MIXED_DRAW zoom=25 tool=pen chunks=50 append_max_us=145 append_avg_us=68 append_total_us=3449 affected_tiles=196 published=0 fallback=196 visible_fallback=0 drop_uni_slot=0 drop_uni_paint=0 drop_raw_edit=0 drop_raw_paint=0 off_skip=0 drain_ops=50 drain_total_us=580818 drain_max_us=13042 ph_prepare_max_us=131 ph_overview_max_us=8881 ph_enumerate_max_us=573 ph_uniform_max_us=111 ph_raw_max_us=15 ph_offscreen_max_us=14 ph_commit_max_us=3551 committed=1 authority=1 refresh=1 run_ok=1 pass=1
[21:34:36] TINYDRAW_GATE1_MIXED_DRAW zoom=25 tool=eraser chunks=50 append_max_us=124 append_avg_us=68 append_total_us=3436 affected_tiles=0 published=0 fallback=0 visible_fallback=0 drop_uni_slot=0 drop_uni_paint=0 drop_raw_edit=0 drop_raw_paint=0 off_skip=0 drain_ops=50 drain_total_us=577935 drain_max_us=13011 ph_prepare_max_us=113 ph_overview_max_us=8967 ph_enumerate_max_us=440 ph_uniform_max_us=5 ph_raw_max_us=4 ph_offscreen_max_us=3 ph_commit_max_us=3553 committed=1 authority=1 refresh=1 run_ok=1 pass=1
[21:34:41] TINYDRAW_GATE1_MIXED_DRAW zoom=50 tool=pen chunks=50 append_max_us=156 append_avg_us=74 append_total_us=3719 affected_tiles=422 published=400 fallback=22 visible_fallback=0 drop_uni_slot=0 drop_uni_paint=0 drop_raw_edit=0 drop_raw_paint=0 off_skip=0 drain_ops=50 drain_total_us=800957 drain_max_us=19056 ph_prepare_max_us=140 ph_overview_max_us=3760 ph_enumerate_max_us=551 ph_uniform_max_us=5398 ph_raw_max_us=11814 ph_offscreen_max_us=8 ph_commit_max_us=1712 committed=1 authority=1 refresh=1 run_ok=1 pass=1
[21:34:41] TINYDRAW_GATE1_MIXED_DRAW zoom=50 tool=eraser chunks=50 append_max_us=160 append_avg_us=75 append_total_us=3756 affected_tiles=405 published=405 fallback=0 visible_fallback=0 drop_uni_slot=0 drop_uni_paint=0 drop_raw_edit=0 drop_raw_paint=0 off_skip=0 drain_ops=50 drain_total_us=787844 drain_max_us=17541 ph_prepare_max_us=143 ph_overview_max_us=3736 ph_enumerate_max_us=594 ph_uniform_max_us=29 ph_raw_max_us=11822 ph_offscreen_max_us=3 ph_commit_max_us=1566 committed=1 authority=1 refresh=1 run_ok=1 pass=1
[21:34:41] TINYDRAW_GATE1_MIXED_DRAW zoom=100 tool=pen chunks=50 append_max_us=173 append_avg_us=74 append_total_us=3719 affected_tiles=450 published=398 fallback=52 visible_fallback=0 drop_uni_slot=0 drop_uni_paint=0 drop_raw_edit=0 drop_raw_paint=0 off_skip=0 drain_ops=50 drain_total_us=674445 drain_max_us=15592 ph_prepare_max_us=158 ph_overview_max_us=1957 ph_enumerate_max_us=543 ph_uniform_max_us=4373 ph_raw_max_us=11842 ph_offscreen_max_us=9 ph_commit_max_us=1047 committed=1 authority=1 refresh=1 run_ok=1 pass=1
[21:34:47] TINYDRAW_GATE1_MIXED_DRAW zoom=100 tool=eraser chunks=50 append_max_us=172 append_avg_us=77 append_total_us=3884 affected_tiles=399 published=399 fallback=0 visible_fallback=0 drop_uni_slot=0 drop_uni_paint=0 drop_raw_edit=0 drop_raw_paint=0 off_skip=0 drain_ops=50 drain_total_us=661498 drain_max_us=14798 ph_prepare_max_us=152 ph_overview_max_us=1879 ph_enumerate_max_us=576 ph_uniform_max_us=33 ph_raw_max_us=11829 ph_offscreen_max_us=3 ph_commit_max_us=826 committed=1 authority=1 refresh=1 run_ok=1 pass=1
[21:34:47] TINYDRAW_GATE1_MIXED_DRAW zoom=200 tool=pen chunks=50 append_max_us=173 append_avg_us=74 append_total_us=3749 affected_tiles=425 published=389 fallback=36 visible_fallback=0 drop_uni_slot=0 drop_uni_paint=0 drop_raw_edit=0 drop_raw_paint=0 off_skip=0 drain_ops=50 drain_total_us=620120 drain_max_us=14824 ph_prepare_max_us=154 ph_overview_max_us=1069 ph_enumerate_max_us=552 ph_uniform_max_us=4592 ph_raw_max_us=11796 ph_offscreen_max_us=7 ph_commit_max_us=867 committed=1 authority=1 refresh=1 run_ok=1 pass=1
[21:34:47] TINYDRAW_GATE1_MIXED_DRAW zoom=200 tool=eraser chunks=50 append_max_us=130 append_avg_us=71 append_total_us=3586 affected_tiles=388 published=388 fallback=0 visible_fallback=0 drop_uni_slot=0 drop_uni_paint=0 drop_raw_edit=0 drop_raw_paint=0 off_skip=0 drain_ops=50 drain_total_us=606926 drain_max_us=13921 ph_prepare_max_us=118 ph_overview_max_us=1060 ph_enumerate_max_us=561 ph_uniform_max_us=27 ph_raw_max_us=11850 ph_offscreen_max_us=5 ph_commit_max_us=721 committed=1 authority=1 refresh=1 run_ok=1 pass=1
[21:34:47] TINYDRAW_GATE1_MIXED_DRAW zoom=400 tool=pen chunks=50 append_max_us=168 append_avg_us=75 append_total_us=3789 affected_tiles=359 published=334 fallback=25 visible_fallback=0 drop_uni_slot=0 drop_uni_paint=0 drop_raw_edit=0 drop_raw_paint=0 off_skip=0 drain_ops=50 drain_total_us=575023 drain_max_us=14036 ph_prepare_max_us=152 ph_overview_max_us=710 ph_enumerate_max_us=695 ph_uniform_max_us=3356 ph_raw_max_us=11222 ph_offscreen_max_us=7 ph_commit_max_us=815 committed=1 authority=1 refresh=1 run_ok=1 pass=1
[21:34:47] TINYDRAW_GATE1_MIXED_DRAW zoom=400 tool=eraser chunks=50 append_max_us=177 append_avg_us=74 append_total_us=3702 affected_tiles=350 published=350 fallback=0 visible_fallback=0 drop_uni_slot=0 drop_uni_paint=0 drop_raw_edit=0 drop_raw_paint=0 off_skip=0 drain_ops=50 drain_total_us=567620 drain_max_us=12964 ph_prepare_max_us=158 ph_overview_max_us=731 ph_enumerate_max_us=721 ph_uniform_max_us=24 ph_raw_max_us=11229 ph_offscreen_max_us=4 ph_commit_max_us=678 committed=1 authority=1 refresh=1 run_ok=1 pass=1
[21:34:48] TINYDRAW_GATE1_MIXED_DRAW_REVISIT zoom=50 missing=4 refill_tiles=4 refill_us=188026
[21:34:48] TINYDRAW_GATE1_MIXED_DRAW_REVISIT zoom=100 missing=9 refill_tiles=9 refill_us=324807
[21:34:48] TINYDRAW_GATE1_MIXED_DRAW_REVISIT zoom=200 missing=16 refill_tiles=16 refill_us=325325
[21:34:48] TINYDRAW_GATE1_MIXED_DRAW_REVISIT zoom=400 missing=0 refill_tiles=0 refill_us=304
[21:34:48] TINYDRAW_GATE1_MIXED_DRAW_SUMMARY slots=448 strokes=10 worst_append_us=177 pass=1
[21:34:54] TINYDRAW_GATE1_IDLE_REPAIR damaged=588 remaining=0 plan_views=24 steps=4378 repair_us=3830621 worst_step_us=5487 warm_tiles=56 pass=1
[21:34:55] TINYDRAW_INKTRACE trace=fast-curve-dense-25 zoom=25 events=411 consumed=388 coalesced=23 down=1/1 up=1/1 max_time_gap_us=4073 max_space_gap_px=55.33 e2c_p50=504 e2c_p95=622 e2c_max=1577 e2g_p95=777 e2s_p95=2524 e2d_p50=2272 e2d_p95=3377 e2d_max=3611 latency_samples=33 presentation_failures=0 commit_failures=0 overflows=0 revision=3482 fb_tiles=0 fb_start=0 fb_mid_max=0 fb_up_max=0 fb_end=0 drop_uni_slot=0 drop_uni_paint=0 drop_raw_edit=0 drop_raw_paint=0 off_skip=0 drain_ops=2 drain_max_us=20859 latency_pass=1 pass=1
[21:34:55] TINYDRAW_INKTRACE trace=fast-curve-400 zoom=400 events=414 consumed=369 coalesced=45 down=1/1 up=1/1 max_time_gap_us=4076 max_space_gap_px=65.51 e2c_p50=504 e2c_p95=1053 e2c_max=2038 e2g_p95=777 e2s_p95=2650 e2d_p50=2423 e2d_p95=3926 e2d_max=3932 latency_samples=33 presentation_failures=0 commit_failures=0 overflows=0 revision=3484 fb_tiles=42 fb_start=30 fb_mid_max=30 fb_up_max=30 fb_end=30 drop_uni_slot=0 drop_uni_paint=0 drop_raw_edit=0 drop_raw_paint=0 off_skip=0 drain_ops=2 drain_max_us=5922 latency_pass=1 pass=1
[21:34:58] TINYDRAW_INKTRACE trace=fast-curve-400-xl zoom=400 events=2296 consumed=1970 coalesced=326 down=1/1 up=1/1 max_time_gap_us=5075 max_space_gap_px=47.85 e2c_p50=503 e2c_p95=574 e2c_max=1577 e2g_p95=779 e2s_p95=2927 e2d_p50=3228 e2d_p95=4420 e2d_max=5424 latency_samples=172 presentation_failures=0 commit_failures=0 overflows=0 revision=3490 fb_tiles=42 fb_start=30 fb_mid_max=30 fb_up_max=30 fb_end=30 drop_uni_slot=0 drop_uni_paint=0 drop_raw_edit=0 drop_raw_paint=0 off_skip=0 drain_ops=6 drain_max_us=9082 latency_pass=1 pass=1
[21:34:59] TINYDRAW_INKTRACE trace=slow-precise-100 zoom=100 events=741 consumed=692 coalesced=49 down=1/1 up=1/1 max_time_gap_us=2999 max_space_gap_px=13.45 e2c_p50=504 e2c_p95=1060 e2c_max=1906 e2g_p95=776 e2s_p95=1778 e2d_p50=1897 e2d_p95=2249 e2d_max=2265 latency_samples=53 presentation_failures=0 commit_failures=0 overflows=0 revision=3492 fb_tiles=42 fb_start=24 fb_mid_max=24 fb_up_max=24 fb_end=24 drop_uni_slot=0 drop_uni_paint=0 drop_raw_edit=0 drop_raw_paint=0 off_skip=0 drain_ops=2 drain_max_us=6153 latency_pass=1 pass=1
[21:35:02] TINYDRAW_INKTRACE trace=scribble-multistroke zoom=100 events=848 consumed=742 coalesced=106 down=7/7 up=7/7 max_time_gap_us=6074 max_space_gap_px=109.46 e2c_p50=504 e2c_p95=577 e2c_max=2069 e2g_p95=775 e2s_p95=3430 e2d_p50=3143 e2d_p95=5234 e2d_max=6196 latency_samples=55 presentation_failures=0 commit_failures=0 overflows=0 revision=3499 fb_tiles=42 fb_start=24 fb_mid_max=24 fb_up_max=24 fb_end=24 drop_uni_slot=0 drop_uni_paint=0 drop_raw_edit=0 drop_raw_paint=0 off_skip=0 drain_ops=7 drain_max_us=6147 latency_pass=1 pass=1
[21:35:03] TINYDRAW_HAIRLINE_DOC ops=782 samples=8061 append_total_us=1061571 append_max_us=7157
[21:35:03] TINYDRAW_GATE1_PACED_COLD corpus=evil_hairlines_capacity zoom=100 x=552 y=672 steps=239 tiles=56 compute_us=232435 present_us=75401 touch_us=554 pacing_us=8563 wall_us=316953 maximum_wall_us=500000 max_tick_us=8722 touch_samples=46033 touch_interval_max_us=2110 touch_read_max_us=608 touch_events=0 touch_down=0 touch_up=0 touch_events_ge_8ms=0 touch_event_age_max_us=0 touch_errors=0 touch_overflows=0 pass=1
[21:35:04] TINYDRAW_GATE1_PACED_COLD corpus=evil_hairlines_capacity zoom=400 x=2760 y=3360 steps=212 tiles=48 compute_us=133139 present_us=72930 touch_us=394 pacing_us=6492 wall_us=212955 maximum_wall_us=500000 max_tick_us=8602 touch_samples=282 touch_interval_max_us=1904 touch_read_max_us=486 touch_events=0 touch_down=0 touch_up=0 touch_events_ge_8ms=0 touch_event_age_max_us=0 touch_errors=0 touch_overflows=0 pass=1
[21:35:06] TINYDRAW_HAIRLINE_REPAIR steps=2372 wall_us=2162265 worst_step_us=4666 resident=407/448 grid_stopped=1 pass2_steps=8 pass2_wall_us=2173 no_churn=1
[21:35:07] TINYDRAW_HAIRLINE_TOUR stops=8 total_us=909524 worst_stop_us=197886 worst_step_us=6396
[21:35:07] TINYDRAW_GATE1_HAIRLINE raw=339 uniform=72 fallback=233 capacity=448 worst_step_us=6396 grid_stopped=1 pass=1
[21:35:09] TINYDRAW_GATE1_LONG_GESTURE path=reference samples=1600 chunks=26 append_total_us=916300 append_max_us=43222 append_avg_us=35242 refresh_fallback_pixels=0 settled_fallback_pixels=0 committed=1 authority=1 refresh=1 run_ok=1
[21:35:09] TINYDRAW_GATE1_LONG_GESTURE path=in_place samples=1600 chunks=52 append_total_us=585528 append_max_us=13625 append_avg_us=11260 refresh_fallback_pixels=0 settled_fallback_pixels=0 committed=1 authority=1 refresh=1 run_ok=1
[21:35:09] TINYDRAW_V2_EXPORT_PROGRESS row=0 of=1792
[21:35:10] TINYDRAW_V2_EXPORT_PROGRESS row=256 of=1792
[21:35:11] TINYDRAW_V2_EXPORT_PROGRESS row=512 of=1792
[21:35:12] TINYDRAW_V2_EXPORT_PROGRESS row=768 of=1792
[21:35:13] TINYDRAW_V2_EXPORT_PROGRESS row=1024 of=1792
[21:35:14] TINYDRAW_V2_EXPORT_PROGRESS row=1280 of=1792
[21:35:14] TINYDRAW_V2_EXPORT_PROGRESS row=1536 of=1792
[21:35:15] TINYDRAW_GATE1_EXPORT encoded=1 bytes=40166 elapsed_us=5858126 workspace_bytes=50652 band_bytes=376832 free_psram=1859920 free_internal=179664 signature=1 dimensions=1 chunks=3 chunks_ok=1 pass=1
[21:35:15] TINYDRAW_EXPORT_RESERVE requested=1572864 free_before=1859920 largest_before=1835008 free_held=287052 largest_held=286720 pass=1
[21:35:15] TINYDRAW_RERENDER_LEDGER site=final renders=0 unique=0 amplification=0.000 cold=0 damage=0 evict=0 stale=0 unexplained=0
[21:35:15] TINYDRAW_GATE1_AUTOMATED_DONE stress=1 stress_100=1 stress_400=1 overlap_ready=1 overlap_cold=0 general_cold_ready=1 general_cold=1 workload=1 paced_cold=1 hard_100=1 hard_400=1 pan_100=1 pan_400=1 pan_seq=1 pan_boundary=1 live_overlay=1 draw_fill=1 cache=1 full_world_cache=1 cache_tour=1 mixed_draw=1 idle_repair=1 ink_trace=1 hairline_capacity=1 long_gesture=1 export_encode=1 export_reserve=1 return=1 ssaa_receipt=yellow
[21:35:15] TINYDRAW_VECTOR_V2_GATE_HARNESS_DONE pass=0
[21:35:15] TINYDRAW_VECTOR_V2_READY zoom=25 controls=chrome button=cycle_all_zooms operations_capacity=4000 samples_capacity=80000 live_storage_bytes=6383640 overview_bytes=1318912 raw_tile_bytes=3670016 tile_metadata_bytes=101360 operation_bytes=720000 live_scratch_bytes=573352 free_psram=1859920 largest_psram=1835008 te_edges=3986 te_period_us=16773 te_high_us=577 te_level=0 main_stack_free=856
