[20:43:54] ESP-ROM:esp32s3-20210327
[20:43:54] Build:Mar 27 2021
[20:43:54] rst:0x15 (USB_UART_CHIP_RESET),boot:0x2b (SPI_FAST_FLASH_BOOT)
[20:43:54] Saved PC:0x42008783
[20:43:54] SPIWP:0xee
[20:43:54] mode:DIO, clock div:1
[20:43:54] load:0x3fce2820,len:0x1664
[20:43:54] load:0x403c8700,len:0xf38
[20:43:54] load:0x403cb700,len:0x31e8
[20:43:54] entry 0x403c8930
[20:43:54] I (24) boot: ESP-IDF v6.0.2 2nd stage bootloader
[20:43:54] I (24) boot: compile time Aug 16 2026 20:43:34
[20:43:54] I (25) boot: Multicore bootloader
[20:43:54] I (25) boot: chip revision: v0.2
[20:43:54] I (28) boot: efuse block revision: v1.3
[20:43:54] I (31) qio_mode: Enabling default flash chip QIO
[20:43:54] I (36) boot.esp32s3: Boot SPI Speed : 80MHz
[20:43:54] I (39) boot.esp32s3: SPI Mode       : QIO
[20:43:54] I (43) boot.esp32s3: SPI Flash Size : 16MB
[20:43:54] I (47) boot: Enabling RNG early entropy source...
[20:43:54] I (51) boot: Partition Table:
[20:43:54] I (54) boot: ## Label            Usage          Type ST Offset   Length
[20:43:54] I (60) boot:  0 nvs              WiFi data        01 02 00009000 00006000
[20:43:54] I (67) boot:  1 phy_init         RF data          01 01 0000f000 00001000
[20:43:54] I (73) boot:  2 factory          factory app      00 00 00010000 00100000
[20:43:54] I (80) boot:  3 drawing          Unknown data     01 40 00110000 00300000
[20:43:54] I (86) boot:  4 export           Unknown data     01 41 00410000 00500000
[20:43:54] I (93) boot:  5 coredump         Unknown data     01 03 00910000 00010000
[20:43:54] I (100) boot: End of partition table
[20:43:54] I (103) esp_image: segment 0: paddr=00010020 vaddr=3c050020 size=2bf5ch (180060) map
[20:43:54] I (138) esp_image: segment 1: paddr=0003bf84 vaddr=3fc96000 size=03764h ( 14180) load
[20:43:54] I (141) esp_image: segment 2: paddr=0003f6f0 vaddr=40374000 size=00928h (  2344) load
[20:43:54] I (143) esp_image: segment 3: paddr=00040020 vaddr=42000020 size=4dfc8h (319432) map
[20:43:54] I (199) esp_image: segment 4: paddr=0008dff0 vaddr=40374928 size=115ech ( 71148) load
[20:43:54] I (214) esp_image: segment 5: paddr=0009f5e4 vaddr=50000000 size=00024h (    36) load
[20:43:54] I (222) boot: Loaded app from partition at offset 0x10000
[20:43:54] I (222) boot: Disabling RNG early entropy source...
[20:43:54] I (232) octal_psram: vendor id    : 0x0d (AP)
[20:43:54] I (232) octal_psram: dev id       : 0x02 (generation 3)
[20:43:54] I (232) octal_psram: density      : 0x03 (64 Mbit)
[20:43:54] I (234) octal_psram: good-die     : 0x01 (Pass)
[20:43:54] I (238) octal_psram: Latency      : 0x01 (Fixed)
[20:43:54] I (243) octal_psram: VCC          : 0x01 (3V)
[20:43:54] I (247) octal_psram: SRF          : 0x01 (Fast Refresh)
[20:43:54] I (252) octal_psram: BurstType    : 0x01 (Hybrid Wrap)
[20:43:54] I (257) octal_psram: BurstLen     : 0x01 (32 Byte)
[20:43:54] I (261) octal_psram: Readlatency  : 0x02 (10 cycles@Fixed)
[20:43:54] I (266) octal_psram: DriveStrength: 0x00 (1/1)
[20:43:54] I (270) MSPI Timing: Enter psram timing tuning
[20:43:54] I (275) esp_psram: Found 8MB PSRAM device
[20:43:54] I (278) esp_psram: Speed: 80MHz
[20:43:54] I (281) cpu_start: Multicore app
[20:43:54] I (697) esp_psram: SPI SRAM memory test OK
[20:43:54] I (705) cpu_start: GPIO 44 and 43 are used as console UART I/O pins
[20:43:54] I (706) cpu_start: Pro cpu start user code
[20:43:54] I (706) cpu_start: cpu freq: 240000000 Hz
[20:43:54] I (708) app_init: Application information:
[20:43:54] I (712) app_init: Project name:     tinydraw_esp32
[20:43:54] I (716) app_init: App version:      39352d6-dirty
[20:43:54] I (721) app_init: Compile time:     Aug 16 2026 20:43:26
[20:43:54] I (726) app_init: ELF file SHA256:  fbfa7cea1...
[20:43:54] I (730) app_init: ESP-IDF:          v6.0.2
[20:43:54] I (734) efuse_init: Min chip rev:     v0.0
[20:43:54] I (738) efuse_init: Max chip rev:     v0.99 
[20:43:54] I (742) efuse_init: Chip rev:         v0.2
[20:43:54] I (745) heap_init: Initializing. RAM available for dynamic allocation:
[20:43:54] I (752) heap_init: At 3FC9AB90 len 0004EB80 (314 KiB): RAM
[20:43:54] I (757) heap_init: At 3FCE9710 len 00005724 (21 KiB): RAM
[20:43:54] I (762) heap_init: At 3FCF0000 len 00008000 (32 KiB): DRAM
[20:43:54] I (767) heap_init: At 600FE000 len 00001FE8 (7 KiB): RTCRAM
[20:43:54] I (773) esp_psram: Adding pool of 8192K of PSRAM memory to heap allocator
[20:43:54] I (779) spi_flash: detected chip: generic
[20:43:54] I (783) spi_flash: flash io: qio
[20:43:54] I (786) sleep_gpio: Configure to isolate all GPIO pins in sleep state
[20:43:54] I (792) sleep_gpio: Enable automatic switching of GPIO sleep configuration
[20:43:54] I (799) main_task: Started on CPU0
[20:43:54] I (802) main_task: Calling app_main()
[20:43:54] TINYDRAW_PRODUCER_SCRATCH supertask_internal=1 slot_directory_internal=0 free_internal=299676 free_psram=1861508
[20:43:55] TINYDRAW_PANEL_HARD_RESET=1
[20:43:55] TINYDRAW_PANEL_TRANSPORT requested_clock_mhz=50 effective_clock_mhz=40
[20:43:55] I (1009) co5300: version: 2.1.0
[20:43:55] I (1009) co5300_spi: LCD panel create success, version: 2.1.0
[20:43:55] W (1094) co5300_spi: The 3Ah command has been used and will be overwritten by external initialization sequence
[20:43:55] I (1195) CST816S: IC id: 183
[20:43:55] TINYDRAW_VECTOR_V2_PRESENTATION experiment=boundary-top-sweep te_edge=rising requested_clock_mhz=50 effective_clock_mhz=40 optical_acceptance=external_manual
[20:43:55] TINYDRAW_LIVE_PRESENT kind=startup zoom=25 x=0 y=0 compose_us=26083 scroll_us=0 exposed_compose_us=0 chrome_us=17292 chrome_prepare_us=12031 chrome_stage_us=5261 read_submit_us=0 read_complete_us=0 transfer_wait_us=20944 tile_pixels=0 uniform_pixels=0 overview_pixels=164864 fallback_pixels=0 resident_tiles=0 fallback_tiles=0 pushes=11 tear_wait_us=131 tear_edge_isr_to_resume_us=13 tear_edge_observed=1 tear_edge_wait_resumed=1 tear_edge_timeout=0 tear_heal_attempted=0 tear_heal_command_sent=0 presentation_experiment=boundary-top-sweep te_edge=rising requested_clock_mhz=50 effective_clock_mhz=40 frame_reused=0 pass=1
[20:43:56] TINYDRAW_LIVE_STRESS operations=1000 samples=20000 total_us=727619 average_us=727 maximum_us=1040 free_psram=1859920 largest_psram=1835008
[20:43:56] TINYDRAW_LIVE_PRESENT kind=gate_fallback zoom=100 x=0 y=0 compose_us=11234 scroll_us=0 exposed_compose_us=0 chrome_us=11530 chrome_prepare_us=6907 chrome_stage_us=4623 read_submit_us=30919 read_complete_us=34295 transfer_wait_us=20762 tile_pixels=0 uniform_pixels=0 overview_pixels=0 fallback_pixels=164864 resident_tiles=0 fallback_tiles=42 pushes=11 tear_wait_us=12649 tear_edge_isr_to_resume_us=12 tear_edge_observed=1 tear_edge_wait_resumed=1 tear_edge_timeout=0 tear_heal_attempted=0 tear_heal_command_sent=0 presentation_experiment=boundary-top-sweep te_edge=rising requested_clock_mhz=50 effective_clock_mhz=40 frame_reused=0 pass=1
[20:43:56] TINYDRAW_GATE1_HARD zoom=100 cold=1 operations=1000 samples=20000 steps=193 tiles=42 scanned=12000 rendered=122 max_supertask_us=6727 presentation_us=69010 total_us=280397 maximum_wall_us=500000 pass=1
[20:43:56] TINYDRAW_LIVE_PRESENT kind=gate_fallback zoom=400 x=0 y=0 compose_us=10655 scroll_us=0 exposed_compose_us=0 chrome_us=6775 chrome_prepare_us=2358 chrome_stage_us=4417 read_submit_us=15458 read_complete_us=19139 transfer_wait_us=20770 tile_pixels=0 uniform_pixels=0 overview_pixels=0 fallback_pixels=164864 resident_tiles=0 fallback_tiles=42 pushes=11 tear_wait_us=2320 tear_edge_isr_to_resume_us=13 tear_edge_observed=1 tear_edge_wait_resumed=1 tear_edge_timeout=0 tear_heal_attempted=0 tear_heal_command_sent=0 presentation_experiment=boundary-top-sweep te_edge=rising requested_clock_mhz=50 effective_clock_mhz=40 frame_reused=0 pass=1
[20:43:56] TINYDRAW_GATE1_HARD zoom=400 cold=1 operations=1000 samples=20000 steps=199 tiles=42 scanned=12000 rendered=17 max_supertask_us=5274 presentation_us=66064 total_us=161027 maximum_wall_us=500000 pass=1
[20:43:57] TINYDRAW_OVERLAP_WORKLOAD operations=8 samples=1200 radius_world=80
[20:43:58] TINYDRAW_GATE1_PACED_COLD corpus=overlap zoom=50 x=215 y=255 steps=235 tiles=56 compute_us=529013 present_us=81285 touch_us=890 pacing_us=16763 wall_us=627951 maximum_wall_us=500000 max_tick_us=9127 touch_samples=2716 touch_interval_max_us=2006 touch_read_max_us=600 touch_events=0 touch_down=0 touch_up=0 touch_events_ge_8ms=0 touch_event_age_max_us=0 touch_errors=0 touch_overflows=0 pass=0
[20:43:58] TINYDRAW_GATE1_PACED_COLD corpus=overlap zoom=100 x=583 y=703 steps=183 tiles=48 compute_us=289488 present_us=77463 touch_us=609 pacing_us=9412 wall_us=376972 maximum_wall_us=500000 max_tick_us=9274 touch_samples=437 touch_interval_max_us=1832 touch_read_max_us=462 touch_events=0 touch_down=0 touch_up=0 touch_events_ge_8ms=0 touch_event_age_max_us=0 touch_errors=0 touch_overflows=0 pass=1
[20:43:58] TINYDRAW_GATE1_PACED_COLD corpus=overlap zoom=200 x=1319 y=1599 steps=180 tiles=56 compute_us=262636 present_us=75464 touch_us=582 pacing_us=8285 wall_us=346967 maximum_wall_us=500000 max_tick_us=9420 touch_samples=423 touch_interval_max_us=1870 touch_read_max_us=513 touch_events=0 touch_down=0 touch_up=0 touch_events_ge_8ms=0 touch_event_age_max_us=0 touch_errors=0 touch_overflows=0 pass=1
[20:43:59] TINYDRAW_GATE1_PACED_COLD corpus=overlap zoom=400 x=2791 y=3391 steps=181 tiles=56 compute_us=225691 present_us=71888 touch_us=546 pacing_us=7846 wall_us=305971 maximum_wall_us=500000 max_tick_us=8879 touch_samples=380 touch_interval_max_us=1853 touch_read_max_us=451 touch_events=0 touch_down=0 touch_up=0 touch_events_ge_8ms=0 touch_event_age_max_us=0 touch_errors=0 touch_overflows=0 pass=1
[20:43:59] TINYDRAW_ADVERSARIAL_TAPERED_WORKLOAD operations=128 samples=4096 erasers=12 load_us=217771 appended=1
[20:44:00] TINYDRAW_GENERAL_COLD_WORKLOAD operations=910 samples=12157 hairline_operations=782 hairline_samples=8061 hairline_load_us=1094344 appended=1
[20:44:01] TINYDRAW_GATE1_PACED_COLD corpus=adversarial_tapered_4x+evil_hairlines zoom=50 x=0 y=0 steps=318 tiles=42 compute_us=360887 present_us=68867 touch_us=696 pacing_us=9742 wall_us=440192 maximum_wall_us=500000 max_tick_us=8116 touch_samples=1630 touch_interval_max_us=2057 touch_read_max_us=532 touch_events=0 touch_down=0 touch_up=0 touch_events_ge_8ms=0 touch_event_age_max_us=0 touch_errors=0 touch_overflows=0 pass=1
[20:44:01] TINYDRAW_GATE1_PACED_COLD corpus=adversarial_tapered_4x+evil_hairlines zoom=100 x=0 y=0 steps=346 tiles=42 compute_us=352181 present_us=68152 touch_us=692 pacing_us=9012 wall_us=430037 maximum_wall_us=500000 max_tick_us=8177 touch_samples=495 touch_interval_max_us=1524 touch_read_max_us=471 touch_events=0 touch_down=0 touch_up=0 touch_events_ge_8ms=0 touch_event_age_max_us=0 touch_errors=0 touch_overflows=0 pass=1
[20:44:02] TINYDRAW_GATE1_PACED_COLD corpus=adversarial_tapered_4x+evil_hairlines zoom=200 x=0 y=0 steps=407 tiles=42 compute_us=416379 present_us=63501 touch_us=844 pacing_us=11632 wall_us=492356 maximum_wall_us=500000 max_tick_us=7502 touch_samples=567 touch_interval_max_us=1161 touch_read_max_us=446 touch_events=0 touch_down=0 touch_up=0 touch_events_ge_8ms=0 touch_event_age_max_us=0 touch_errors=0 touch_overflows=0 pass=1
[20:44:02] TINYDRAW_GATE1_PACED_COLD corpus=adversarial_tapered_4x+evil_hairlines zoom=400 x=0 y=0 steps=490 tiles=42 compute_us=438204 present_us=64368 touch_us=794 pacing_us=8918 wall_us=512284 maximum_wall_us=520000 max_tick_us=10149 touch_samples=574 touch_interval_max_us=1853 touch_read_max_us=505 touch_events=0 touch_down=0 touch_up=0 touch_events_ge_8ms=0 touch_event_age_max_us=0 touch_errors=0 touch_overflows=0 pass=1
[20:44:03] TINYDRAW_GATE1_WORKLOAD kind=realistic seed=7 operations=1000 samples=19844 maximum_stroke=198 load_us=517777 raw_source=1 lod_copies=0
[20:44:03] TINYDRAW_GATE1_PACED_COLD corpus=seed7 zoom=400 x=63 y=63 steps=264 tiles=56 compute_us=192996 present_us=81241 touch_us=445 pacing_us=6283 wall_us=280965 maximum_wall_us=500000 max_tick_us=9659 touch_samples=903 touch_interval_max_us=2025 touch_read_max_us=535 touch_events=0 touch_down=0 touch_up=0 touch_events_ge_8ms=0 touch_event_age_max_us=0 touch_errors=0 touch_overflows=0 pass=1
[20:44:04] TINYDRAW_LIVE_PRESENT kind=gate_fallback zoom=100 x=0 y=0 compose_us=11280 scroll_us=0 exposed_compose_us=0 chrome_us=6944 chrome_prepare_us=2410 chrome_stage_us=4534 read_submit_us=28960 read_complete_us=32609 transfer_wait_us=21169 tile_pixels=0 uniform_pixels=0 overview_pixels=0 fallback_pixels=164864 resident_tiles=0 fallback_tiles=42 pushes=11 tear_wait_us=15154 tear_edge_isr_to_resume_us=11 tear_edge_observed=1 tear_edge_wait_resumed=1 tear_edge_timeout=0 tear_heal_attempted=0 tear_heal_command_sent=0 presentation_experiment=boundary-top-sweep te_edge=rising requested_clock_mhz=50 effective_clock_mhz=40 frame_reused=0 pass=1
[20:44:04] TINYDRAW_GATE1_HARD zoom=100 cold=1 operations=1000 samples=19844 steps=246 tiles=42 scanned=12000 rendered=388 max_supertask_us=5353 presentation_us=70425 total_us=364802 maximum_wall_us=500000 pass=1
[20:44:04] TINYDRAW_GATE1_OVERLAY_CANVAS regions=zoom,minimap,toolbar,battery operations=4 presentation_mutations=0 authority=1 pass=1
[20:44:04] TINYDRAW_GATE1_LIVE_OVERLAY clear_updates=48 clear_wall_max_us=3945 clear_submit_max_us=2180 clear_complete_max_us=3074 overlay_updates=48 overlay_wall_max_us=3927 overlay_submit_max_us=2040 overlay_complete_max_us=3125 overlay_chrome_max_us=234 clear_failures=0 overlay_failures=0 pass=1
[20:44:04] TINYDRAW_EDGE_INK corners=4 edge_failures=0 pass=1
[20:44:05] TINYDRAW_GATE1_PAN zoom=100 from_x=0 from_y=0 to_x=88 to_y=88 compose_us=15629 scroll_us=11 exposed_compose_us=15618 chrome_us=2482 event_submit_us=29592 event_complete_us=32784 transfer_us=16411 setup=1 present=1 moved=1 frame_reused=1 pass=1
[20:44:05] TINYDRAW_LIVE_PRESENT kind=gate_fallback zoom=400 x=0 y=0 compose_us=10628 scroll_us=0 exposed_compose_us=0 chrome_us=6801 chrome_prepare_us=2398 chrome_stage_us=4403 read_submit_us=23567 read_complete_us=27224 transfer_wait_us=20876 tile_pixels=0 uniform_pixels=0 overview_pixels=0 fallback_pixels=164864 resident_tiles=0 fallback_tiles=42 pushes=11 tear_wait_us=10418 tear_edge_isr_to_resume_us=13 tear_edge_observed=1 tear_edge_wait_resumed=1 tear_edge_timeout=0 tear_heal_attempted=0 tear_heal_command_sent=0 presentation_experiment=boundary-top-sweep te_edge=rising requested_clock_mhz=50 effective_clock_mhz=40 frame_reused=0 pass=1
[20:44:05] TINYDRAW_GATE1_HARD zoom=400 cold=1 operations=1008 samples=19852 steps=200 tiles=42 scanned=12096 rendered=60 max_supertask_us=7991 presentation_us=69780 total_us=214278 maximum_wall_us=500000 pass=1
[20:44:05] TINYDRAW_GATE1_PAN zoom=400 from_x=0 from_y=0 to_x=88 to_y=88 compose_us=15640 scroll_us=10 exposed_compose_us=15630 chrome_us=2280 event_submit_us=29770 event_complete_us=32960 transfer_us=16242 setup=1 present=1 moved=1 frame_reused=1 pass=1
[20:44:08] TINYDRAW_PANSEQ_FRAME zoom=100 step=0 dx=24 dy=18 scroll_us=13 exposed_compose_us=4423 chrome_us=2501 tear_wait_us=8075 present_us=16321 prepare_us=10992 acquire_wait_us=20 ring_copy_us=8500 patch_us=2484 byte_swap_us=8 staging_us=3892 event_submit_us=12653 event_complete_us=15855 frame_us=28974 tear_edge_observed=1 frame_reused=1 pass=1
[20:44:08] TINYDRAW_PANSEQ_FRAME zoom=100 step=1 dx=24 dy=18 scroll_us=9 exposed_compose_us=4501 chrome_us=2462 tear_wait_us=12644 present_us=16643 prepare_us=10918 acquire_wait_us=18 ring_copy_us=8451 patch_us=2459 byte_swap_us=8 staging_us=3958 event_submit_us=17279 event_complete_us=20463 frame_us=33923 tear_edge_observed=1 frame_reused=1 pass=1
[20:44:08] TINYDRAW_PANSEQ_FRAME zoom=100 step=2 dx=24 dy=18 scroll_us=10 exposed_compose_us=4152 chrome_us=2487 tear_wait_us=12671 present_us=15977 prepare_us=10943 acquire_wait_us=18 ring_copy_us=8457 patch_us=2478 byte_swap_us=8 staging_us=3953 event_submit_us=16955 event_complete_us=20153 frame_us=32938 tear_edge_observed=1 frame_reused=1 pass=1
[20:44:08] TINYDRAW_PANSEQ_FRAME zoom=100 step=3 dx=24 dy=18 scroll_us=9 exposed_compose_us=4687 chrome_us=2502 tear_wait_us=12800 present_us=16311 prepare_us=10959 acquire_wait_us=26 ring_copy_us=8454 patch_us=2496 byte_swap_us=9 staging_us=3921 event_submit_us=17619 event_complete_us=20812 frame_us=33932 tear_edge_observed=1 frame_reused=1 pass=1
[20:44:08] TINYDRAW_PANSEQ_FRAME zoom=100 step=4 dx=24 dy=18 scroll_us=10 exposed_compose_us=4192 chrome_us=2465 tear_wait_us=12959 present_us=16649 prepare_us=10946 acquire_wait_us=18 ring_copy_us=8480 patch_us=2458 byte_swap_us=8 staging_us=3931 event_submit_us=17284 event_complete_us=20456 frame_us=33938 tear_edge_observed=1 frame_reused=1 pass=1
[20:44:08] TINYDRAW_PANSEQ_FRAME zoom=100 step=5 dx=24 dy=18 scroll_us=9 exposed_compose_us=4488 chrome_us=2490 tear_wait_us=12341 present_us=15971 prepare_us=10913 acquire_wait_us=22 ring_copy_us=8422 patch_us=2482 byte_swap_us=9 staging_us=3978 event_submit_us=16960 event_complete_us=20149 frame_us=32932 tear_edge_observed=1 frame_reused=1 pass=1
[20:44:08] TINYDRAW_PANSEQ_FRAME zoom=100 step=6 dx=24 dy=18 scroll_us=11 exposed_compose_us=4142 chrome_us=2490 tear_wait_us=13356 present_us=16302 prepare_us=10982 acquire_wait_us=20 ring_copy_us=8493 patch_us=2481 byte_swap_us=8 staging_us=3899 event_submit_us=17630 event_complete_us=20818 frame_us=33938 tear_edge_observed=1 frame_reused=1 pass=1
[20:44:08] TINYDRAW_PANSEQ_FRAME zoom=100 step=7 dx=24 dy=18 scroll_us=9 exposed_compose_us=4476 chrome_us=2462 tear_wait_us=12678 present_us=16647 prepare_us=10905 acquire_wait_us=19 ring_copy_us=8439 patch_us=2459 byte_swap_us=7 staging_us=3964 event_submit_us=17284 event_complete_us=20457 frame_us=33932 tear_edge_observed=1 frame_reused=1 pass=1
[20:44:08] TINYDRAW_PANSEQ_FRAME zoom=100 step=8 dx=24 dy=18 scroll_us=11 exposed_compose_us=4434 chrome_us=2473 tear_wait_us=12379 present_us=15987 prepare_us=10944 acquire_wait_us=19 ring_copy_us=8469 patch_us=2466 byte_swap_us=9 staging_us=3945 event_submit_us=16946 event_complete_us=20134 frame_us=32938 tear_edge_observed=1 frame_reused=1 pass=1
[20:44:08] TINYDRAW_PANSEQ_FRAME zoom=100 step=9 dx=24 dy=18 scroll_us=9 exposed_compose_us=4488 chrome_us=2483 tear_wait_us=12970 present_us=16342 prepare_us=10913 acquire_wait_us=20 ring_copy_us=8430 patch_us=2476 byte_swap_us=7 staging_us=3952 event_submit_us=17588 event_complete_us=20763 frame_us=33932 tear_edge_observed=1 frame_reused=1 pass=1
[20:44:08] TINYDRAW_PANSEQ_FRAME zoom=100 step=10 dx=24 dy=18 scroll_us=11 exposed_compose_us=4153 chrome_us=2443 tear_wait_us=12957 present_us=16690 prepare_us=10937 acquire_wait_us=19 ring_copy_us=8493 patch_us=2437 byte_swap_us=7 staging_us=3948 event_submit_us=17243 event_complete_us=20433 frame_us=33938 tear_edge_observed=1 frame_reused=1 pass=1
[20:44:08] TINYDRAW_PANSEQ_FRAME zoom=100 step=11 dx=24 dy=18 scroll_us=9 exposed_compose_us=4699 chrome_us=2451 tear_wait_us=12061 present_us=16032 prepare_us=10880 acquire_wait_us=18 ring_copy_us=8428 patch_us=2443 byte_swap_us=9 staging_us=3999 event_submit_us=16903 event_complete_us=20082 frame_us=32932 tear_edge_observed=1 frame_reused=1 pass=1
[20:44:08] TINYDRAW_PANSEQ_FRAME zoom=100 step=12 dx=24 dy=18 scroll_us=11 exposed_compose_us=4174 chrome_us=2485 tear_wait_us=13250 present_us=16375 prepare_us=10919 acquire_wait_us=20 ring_copy_us=8433 patch_us=2480 byte_swap_us=6 staging_us=3948 event_submit_us=17558 event_complete_us=20737 frame_us=33938 tear_edge_observed=1 frame_reused=1 pass=1
[20:44:08] TINYDRAW_PANSEQ_FRAME zoom=100 step=13 dx=24 dy=18 scroll_us=9 exposed_compose_us=4488 chrome_us=2470 tear_wait_us=12601 present_us=16712 prepare_us=10899 acquire_wait_us=18 ring_copy_us=8422 patch_us=2468 byte_swap_us=9 staging_us=4001 event_submit_us=17220 event_complete_us=20422 frame_us=33932 tear_edge_observed=1 frame_reused=1 pass=1
[20:44:08] TINYDRAW_PANSEQ_FRAME zoom=100 step=14 dx=24 dy=18 scroll_us=10 exposed_compose_us=4136 chrome_us=2451 tear_wait_us=12619 present_us=16038 prepare_us=10935 acquire_wait_us=18 ring_copy_us=8485 patch_us=2442 byte_swap_us=8 staging_us=3954 event_submit_us=16901 event_complete_us=20085 frame_us=32938 tear_edge_observed=1 frame_reused=1 pass=1
[20:44:08] TINYDRAW_PANSEQ_FRAME zoom=100 step=15 dx=24 dy=18 scroll_us=9 exposed_compose_us=4522 chrome_us=2487 tear_wait_us=12909 present_us=16368 prepare_us=10888 acquire_wait_us=19 ring_copy_us=8396 patch_us=2483 byte_swap_us=9 staging_us=3979 event_submit_us=17562 event_complete_us=20743 frame_us=33932 tear_edge_observed=1 frame_reused=1 pass=1
[20:44:08] TINYDRAW_PANSEQ_FRAME zoom=100 step=16 dx=72 dy=54 scroll_us=11 exposed_compose_us=11882 chrome_us=2450 tear_wait_us=5234 present_us=16685 prepare_us=10916 acquire_wait_us=18 ring_copy_us=8464 patch_us=2444 byte_swap_us=8 staging_us=3955 event_submit_us=17248 event_complete_us=20420 frame_us=33938 tear_edge_observed=1 frame_reused=1 pass=1
[20:44:08] TINYDRAW_PANSEQ_FRAME zoom=100 step=17 dx=72 dy=54 scroll_us=9 exposed_compose_us=11847 chrome_us=2448 tear_wait_us=4934 present_us=16011 prepare_us=10862 acquire_wait_us=18 ring_copy_us=8411 patch_us=2444 byte_swap_us=7 staging_us=4010 event_submit_us=16925 event_complete_us=20099 frame_us=32932 tear_edge_observed=1 frame_reused=1 pass=1
[20:44:08] TINYDRAW_PANSEQ_FRAME zoom=100 step=18 dx=72 dy=54 scroll_us=11 exposed_compose_us=10147 chrome_us=2468 tear_wait_us=7310 present_us=16344 prepare_us=10918 acquire_wait_us=18 ring_copy_us=8450 patch_us=2461 byte_swap_us=7 staging_us=3940 event_submit_us=17588 event_complete_us=20762 frame_us=33938 tear_edge_observed=1 frame_reused=1 pass=1
[20:44:08] TINYDRAW_PANSEQ_FRAME zoom=100 step=19 dx=72 dy=54 scroll_us=9 exposed_compose_us=10204 chrome_us=2447 tear_wait_us=6926 present_us=16670 prepare_us=10899 acquire_wait_us=26 ring_copy_us=8448 patch_us=2443 byte_swap_us=8 staging_us=3989 event_submit_us=17260 event_complete_us=20445 frame_us=33932 tear_edge_observed=1 frame_reused=1 pass=1
[20:44:08] TINYDRAW_PANSEQ_FRAME zoom=100 step=20 dx=-72 dy=-54 scroll_us=17 exposed_compose_us=11703 chrome_us=2442 tear_wait_us=5093 present_us=15997 prepare_us=10864 acquire_wait_us=20 ring_copy_us=8422 patch_us=2434 byte_swap_us=8 staging_us=3987 event_submit_us=16935 event_complete_us=20085 frame_us=32938 tear_edge_observed=1 frame_reused=1 pass=1
[20:44:09] TINYDRAW_PANSEQ_FRAME zoom=100 step=21 dx=-72 dy=-54 scroll_us=9 exposed_compose_us=11842 chrome_us=2463 tear_wait_us=5624 present_us=16333 prepare_us=10826 acquire_wait_us=19 ring_copy_us=8363 patch_us=2456 byte_swap_us=7 staging_us=3996 event_submit_us=17597 event_complete_us=20739 frame_us=33932 tear_edge_observed=1 frame_reused=1 pass=1
[20:44:09] TINYDRAW_PANSEQ_FRAME zoom=100 step=22 dx=-72 dy=-54 scroll_us=11 exposed_compose_us=11840 chrome_us=2454 tear_wait_us=5303 present_us=16658 prepare_us=10936 acquire_wait_us=19 ring_copy_us=8483 patch_us=2445 byte_swap_us=8 staging_us=3933 event_submit_us=17275 event_complete_us=20438 frame_us=33938 tear_edge_observed=1 frame_reused=1 pass=1
[20:44:09] TINYDRAW_PANSEQ_FRAME zoom=100 step=23 dx=-72 dy=-54 scroll_us=9 exposed_compose_us=11528 chrome_us=2443 tear_wait_us=5282 present_us=15991 prepare_us=10869 acquire_wait_us=19 ring_copy_us=8421 patch_us=2439 byte_swap_us=9 staging_us=4001 event_submit_us=16939 event_complete_us=20109 frame_us=32932 tear_edge_observed=1 frame_reused=1 pass=1
[20:44:09] TINYDRAW_PANSEQ_STRIP zoom=100 strip=0 panel_y=0 rows=44 samples=24 staging_mean_us=1362 staging_max_us=1392 wire_budget_us=1619 over_budget_us=0 pass=1
[20:44:09] TINYDRAW_PANSEQ_STRIP zoom=100 strip=1 panel_y=44 rows=44 samples=24 staging_mean_us=1258 staging_max_us=1284 wire_budget_us=1619 over_budget_us=0 pass=1
[20:44:09] TINYDRAW_PANSEQ_STRIP zoom=100 strip=2 panel_y=88 rows=44 samples=24 staging_mean_us=1208 staging_max_us=1217 wire_budget_us=1619 over_budget_us=0 pass=1
[20:44:09] TINYDRAW_PANSEQ_STRIP zoom=100 strip=3 panel_y=132 rows=44 samples=24 staging_mean_us=1209 staging_max_us=1222 wire_budget_us=1619 over_budget_us=0 pass=1
[20:44:09] TINYDRAW_PANSEQ_STRIP zoom=100 strip=4 panel_y=176 rows=44 samples=24 staging_mean_us=1207 staging_max_us=1223 wire_budget_us=1619 over_budget_us=0 pass=1
[20:44:09] TINYDRAW_PANSEQ_STRIP zoom=100 strip=5 panel_y=220 rows=44 samples=24 staging_mean_us=1238 staging_max_us=1259 wire_budget_us=1619 over_budget_us=0 pass=1
[20:44:09] TINYDRAW_PANSEQ_STRIP zoom=100 strip=6 panel_y=264 rows=44 samples=24 staging_mean_us=1397 staging_max_us=1423 wire_budget_us=1619 over_budget_us=0 pass=1
[20:44:09] TINYDRAW_PANSEQ_STRIP zoom=100 strip=7 panel_y=308 rows=44 samples=24 staging_mean_us=1393 staging_max_us=1423 wire_budget_us=1619 over_budget_us=0 pass=1
[20:44:09] TINYDRAW_PANSEQ_STRIP zoom=100 strip=8 panel_y=352 rows=20 samples=24 staging_mean_us=657 staging_max_us=689 wire_budget_us=736 over_budget_us=0 pass=1
[20:44:09] TINYDRAW_GATE1_PANSEQ zoom=100 frames=24 scroll_avg_us=10 exposed_avg_us=6714 chrome_avg_us=2467 tear_wait_avg_us=10207 present_avg_us=16335 prepare_avg_us=10915 acquire_wait_avg_us=19 ring_copy_avg_us=8446 patch_avg_us=2460 byte_swap_avg_us=7 staging_avg_us=3959 frame_avg_us=33394 frame_p50_us=33932 frame_p95_us=33938 frame_max_us=33938 complete_p50_us=20433 complete_p95_us=20812 complete_max_us=20818 tear_edge_failures=0 presentation_experiment=boundary-top-sweep te_edge=rising requested_clock_mhz=50 effective_clock_mhz=40 chrome_bottom_redraws=0 chrome_battery_redraws=0 chrome_zoom_redraws=0 chrome_minimap_base_redraws=0 strip_samples=216 staging_mean_us=1214 staging_max_us=1423 worst_strip=8 worst_strip_y=352 worst_wire_budget_us=736 worst_headroom_us=47 staging_invariant=1 pacing_pass=1 all_reused=1 pass=1
[20:44:10] TINYDRAW_PANSEQ_FRAME zoom=400 step=0 dx=24 dy=18 scroll_us=12 exposed_compose_us=4442 chrome_us=2317 tear_wait_us=8033 present_us=16355 prepare_us=10781 acquire_wait_us=18 ring_copy_us=8465 patch_us=2307 byte_swap_us=9 staging_us=4099 event_submit_us=12621 event_complete_us=15814 frame_us=28974 tear_edge_observed=1 frame_reused=1 pass=1
[20:44:10] TINYDRAW_PANSEQ_FRAME zoom=400 step=1 dx=24 dy=18 scroll_us=9 exposed_compose_us=4489 chrome_us=2275 tear_wait_us=12612 present_us=16691 prepare_us=10715 acquire_wait_us=20 ring_copy_us=8436 patch_us=2271 byte_swap_us=8 staging_us=4167 event_submit_us=17231 event_complete_us=20413 frame_us=33923 tear_edge_observed=1 frame_reused=1 pass=1
[20:44:10] TINYDRAW_PANSEQ_FRAME zoom=400 step=2 dx=24 dy=18 scroll_us=10 exposed_compose_us=4153 chrome_us=2276 tear_wait_us=12613 present_us=16025 prepare_us=10755 acquire_wait_us=20 ring_copy_us=8486 patch_us=2261 byte_swap_us=8 staging_us=4138 event_submit_us=16914 event_complete_us=20104 frame_us=32938 tear_edge_observed=1 frame_reused=1 pass=1
[20:44:10] TINYDRAW_PANSEQ_FRAME zoom=400 step=3 dx=24 dy=18 scroll_us=9 exposed_compose_us=4699 chrome_us=2302 tear_wait_us=12731 present_us=16372 prepare_us=10698 acquire_wait_us=20 ring_copy_us=8391 patch_us=2301 byte_swap_us=6 staging_us=4160 event_submit_us=17558 event_complete_us=20737 frame_us=33932 tear_edge_observed=1 frame_reused=1 pass=1
[20:44:11] TINYDRAW_PANSEQ_FRAME zoom=400 step=4 dx=24 dy=18 scroll_us=11 exposed_compose_us=4217 chrome_us=2279 tear_wait_us=12866 present_us=16717 prepare_us=10763 acquire_wait_us=18 ring_copy_us=8481 patch_us=2273 byte_swap_us=9 staging_us=4137 event_submit_us=17216 event_complete_us=20409 frame_us=33938 tear_edge_observed=1 frame_reused=1 pass=1
[20:44:11] TINYDRAW_PANSEQ_FRAME zoom=400 step=5 dx=24 dy=18 scroll_us=9 exposed_compose_us=4501 chrome_us=2247 tear_wait_us=12232 present_us=16060 prepare_us=10660 acquire_wait_us=18 ring_copy_us=8411 patch_us=2243 byte_swap_us=6 staging_us=4179 event_submit_us=16864 event_complete_us=20015 frame_us=32925 tear_edge_observed=1 frame_reused=1 pass=1
[20:44:11] TINYDRAW_PANSEQ_FRAME zoom=400 step=6 dx=24 dy=18 scroll_us=11 exposed_compose_us=4126 chrome_us=2292 tear_wait_us=13267 present_us=16405 prepare_us=10747 acquire_wait_us=18 ring_copy_us=8457 patch_us=2282 byte_swap_us=8 staging_us=4121 event_submit_us=17527 event_complete_us=20721 frame_us=33938 tear_edge_observed=1 frame_reused=1 pass=1
[20:44:11] TINYDRAW_PANSEQ_FRAME zoom=400 step=7 dx=24 dy=18 scroll_us=9 exposed_compose_us=4482 chrome_us=2322 tear_wait_us=12565 present_us=16752 prepare_us=10687 acquire_wait_us=19 ring_copy_us=8364 patch_us=2316 byte_swap_us=7 staging_us=4229 event_submit_us=17179 event_complete_us=20402 frame_us=33932 tear_edge_observed=1 frame_reused=1 pass=1
[20:44:11] TINYDRAW_PANSEQ_FRAME zoom=400 step=8 dx=24 dy=18 scroll_us=10 exposed_compose_us=4450 chrome_us=2251 tear_wait_us=12252 present_us=16091 prepare_us=10725 acquire_wait_us=19 ring_copy_us=8475 patch_us=2241 byte_swap_us=9 staging_us=4129 event_submit_us=16835 event_complete_us=19998 frame_us=32931 tear_edge_observed=1 frame_reused=1 pass=1
[20:44:11] TINYDRAW_PANSEQ_FRAME zoom=400 step=9 dx=24 dy=18 scroll_us=9 exposed_compose_us=4482 chrome_us=2276 tear_wait_us=12887 present_us=16432 prepare_us=10669 acquire_wait_us=19 ring_copy_us=8391 patch_us=2271 byte_swap_us=7 staging_us=4188 event_submit_us=17498 event_complete_us=20667 frame_us=33932 tear_edge_observed=1 frame_reused=1 pass=1
[20:44:11] TINYDRAW_PANSEQ_FRAME zoom=400 step=10 dx=24 dy=18 scroll_us=11 exposed_compose_us=4149 chrome_us=2280 tear_wait_us=12869 present_us=16781 prepare_us=10697 acquire_wait_us=19 ring_copy_us=8417 patch_us=2272 byte_swap_us=8 staging_us=4227 event_submit_us=17152 event_complete_us=20385 frame_us=33938 tear_edge_observed=1 frame_reused=1 pass=1
[20:44:11] TINYDRAW_PANSEQ_FRAME zoom=400 step=11 dx=24 dy=18 scroll_us=9 exposed_compose_us=4717 chrome_us=2255 tear_wait_us=11962 present_us=16115 prepare_us=10729 acquire_wait_us=20 ring_copy_us=8469 patch_us=2251 byte_swap_us=9 staging_us=4125 event_submit_us=16809 event_complete_us=19978 frame_us=32926 tear_edge_observed=1 frame_reused=1 pass=1
[20:44:11] TINYDRAW_PANSEQ_FRAME zoom=400 step=12 dx=24 dy=18 scroll_us=11 exposed_compose_us=4192 chrome_us=2262 tear_wait_us=13136 present_us=16471 prepare_us=10709 acquire_wait_us=18 ring_copy_us=8447 patch_us=2253 byte_swap_us=9 staging_us=4163 event_submit_us=17463 event_complete_us=20631 frame_us=33938 tear_edge_observed=1 frame_reused=1 pass=1
[20:44:11] TINYDRAW_PANSEQ_FRAME zoom=400 step=13 dx=24 dy=18 scroll_us=9 exposed_compose_us=4502 chrome_us=2296 tear_wait_us=12473 present_us=15825 prepare_us=10712 acquire_wait_us=19 ring_copy_us=8414 patch_us=2290 byte_swap_us=8 staging_us=4183 event_submit_us=17106 event_complete_us=20305 frame_us=32932 tear_edge_observed=1 frame_reused=1 pass=1
[20:44:11] TINYDRAW_PANSEQ_FRAME zoom=400 step=14 dx=24 dy=18 scroll_us=10 exposed_compose_us=4175 chrome_us=2261 tear_wait_us=13450 present_us=16174 prepare_us=10792 acquire_wait_us=19 ring_copy_us=8530 patch_us=2254 byte_swap_us=8 staging_us=4096 event_submit_us=17758 event_complete_us=20940 frame_us=33937 tear_edge_observed=1 frame_reused=1 pass=1
[20:44:11] TINYDRAW_PANSEQ_FRAME zoom=400 step=15 dx=24 dy=18 scroll_us=9 exposed_compose_us=4546 chrome_us=2255 tear_wait_us=12735 present_us=16520 prepare_us=10644 acquire_wait_us=20 ring_copy_us=8385 patch_us=2250 byte_swap_us=9 staging_us=4200 event_submit_us=17424 event_complete_us=20578 frame_us=33932 tear_edge_observed=1 frame_reused=1 pass=1
[20:44:11] TINYDRAW_PANSEQ_FRAME zoom=400 step=16 dx=72 dy=54 scroll_us=11 exposed_compose_us=11896 chrome_us=2293 tear_wait_us=5037 present_us=15865 prepare_us=10737 acquire_wait_us=18 ring_copy_us=8446 patch_us=2283 byte_swap_us=8 staging_us=4145 event_submit_us=17069 event_complete_us=20250 frame_us=32938 tear_edge_observed=1 frame_reused=1 pass=1
[20:44:11] TINYDRAW_PANSEQ_FRAME zoom=400 step=17 dx=72 dy=54 scroll_us=9 exposed_compose_us=11710 chrome_us=2276 tear_wait_us=5883 present_us=16208 prepare_us=10723 acquire_wait_us=19 ring_copy_us=8449 patch_us=2267 byte_swap_us=7 staging_us=4135 event_submit_us=17721 event_complete_us=20874 frame_us=33932 tear_edge_observed=1 frame_reused=1 pass=1
[20:44:11] TINYDRAW_PANSEQ_FRAME zoom=400 step=18 dx=72 dy=54 scroll_us=11 exposed_compose_us=11551 chrome_us=2282 tear_wait_us=5698 present_us=16550 prepare_us=10719 acquire_wait_us=19 ring_copy_us=8436 patch_us=2274 byte_swap_us=9 staging_us=4129 event_submit_us=17383 event_complete_us=20541 frame_us=33938 tear_edge_observed=1 frame_reused=1 pass=1
[20:44:11] TINYDRAW_PANSEQ_FRAME zoom=400 step=19 dx=72 dy=54 scroll_us=9 exposed_compose_us=11776 chrome_us=2295 tear_wait_us=5128 present_us=15895 prepare_us=10688 acquire_wait_us=21 ring_copy_us=8393 patch_us=2288 byte_swap_us=7 staging_us=4189 event_submit_us=17035 event_complete_us=20222 frame_us=32932 tear_edge_observed=1 frame_reused=1 pass=1
[20:44:11] TINYDRAW_PANSEQ_FRAME zoom=400 step=20 dx=-72 dy=-54 scroll_us=11 exposed_compose_us=11953 chrome_us=2309 tear_wait_us=5624 present_us=16222 prepare_us=10751 acquire_wait_us=19 ring_copy_us=8445 patch_us=2299 byte_swap_us=7 staging_us=4082 event_submit_us=17710 event_complete_us=20837 frame_us=33938 tear_edge_observed=1 frame_reused=1 pass=1
[20:44:11] TINYDRAW_PANSEQ_FRAME zoom=400 step=21 dx=-72 dy=-54 scroll_us=9 exposed_compose_us=11842 chrome_us=2262 tear_wait_us=5395 present_us=16562 prepare_us=10669 acquire_wait_us=24 ring_copy_us=8406 patch_us=2256 byte_swap_us=7 staging_us=4133 event_submit_us=17368 event_complete_us=20491 frame_us=33932 tear_edge_observed=1 frame_reused=1 pass=1
[20:44:11] TINYDRAW_PANSEQ_FRAME zoom=400 step=22 dx=-72 dy=-54 scroll_us=11 exposed_compose_us=11871 chrome_us=2309 tear_wait_us=5038 present_us=15889 prepare_us=10751 acquire_wait_us=19 ring_copy_us=8444 patch_us=2298 byte_swap_us=9 staging_us=4132 event_submit_us=17044 event_complete_us=20224 frame_us=32938 tear_edge_observed=1 frame_reused=1 pass=1
[20:44:11] TINYDRAW_PANSEQ_FRAME zoom=400 step=23 dx=-72 dy=-54 scroll_us=9 exposed_compose_us=11561 chrome_us=2299 tear_wait_us=6028 present_us=16212 prepare_us=10746 acquire_wait_us=20 ring_copy_us=8440 patch_us=2300 byte_swap_us=6 staging_us=4106 event_submit_us=17718 event_complete_us=20865 frame_us=33932 tear_edge_observed=1 frame_reused=1 pass=1
[20:44:11] TINYDRAW_PANSEQ_STRIP zoom=400 strip=0 panel_y=0 rows=44 samples=24 staging_mean_us=1360 staging_max_us=1407 wire_budget_us=1619 over_budget_us=0 pass=1
[20:44:11] TINYDRAW_PANSEQ_STRIP zoom=400 strip=1 panel_y=44 rows=44 samples=24 staging_mean_us=1259 staging_max_us=1285 wire_budget_us=1619 over_budget_us=0 pass=1
[20:44:11] TINYDRAW_PANSEQ_STRIP zoom=400 strip=2 panel_y=88 rows=44 samples=24 staging_mean_us=1210 staging_max_us=1224 wire_budget_us=1619 over_budget_us=0 pass=1
[20:44:11] TINYDRAW_PANSEQ_STRIP zoom=400 strip=3 panel_y=132 rows=44 samples=24 staging_mean_us=1206 staging_max_us=1218 wire_budget_us=1619 over_budget_us=0 pass=1
[20:44:11] TINYDRAW_PANSEQ_STRIP zoom=400 strip=4 panel_y=176 rows=44 samples=24 staging_mean_us=1206 staging_max_us=1229 wire_budget_us=1619 over_budget_us=0 pass=1
[20:44:11] TINYDRAW_PANSEQ_STRIP zoom=400 strip=5 panel_y=220 rows=44 samples=24 staging_mean_us=1189 staging_max_us=1211 wire_budget_us=1619 over_budget_us=0 pass=1
[20:44:11] TINYDRAW_PANSEQ_STRIP zoom=400 strip=6 panel_y=264 rows=44 samples=24 staging_mean_us=1348 staging_max_us=1380 wire_budget_us=1619 over_budget_us=0 pass=1
[20:44:11] TINYDRAW_PANSEQ_STRIP zoom=400 strip=7 panel_y=308 rows=44 samples=24 staging_mean_us=1348 staging_max_us=1387 wire_budget_us=1619 over_budget_us=0 pass=1
[20:44:11] TINYDRAW_PANSEQ_STRIP zoom=400 strip=8 panel_y=352 rows=20 samples=24 staging_mean_us=610 staging_max_us=648 wire_budget_us=736 over_budget_us=0 pass=1
[20:44:11] TINYDRAW_GATE1_PANSEQ zoom=400 frames=24 scroll_avg_us=9 exposed_avg_us=6853 chrome_avg_us=2282 tear_wait_avg_us=10104 present_avg_us=16299 prepare_avg_us=10719 acquire_wait_avg_us=19 ring_copy_avg_us=8436 patch_avg_us=2275 byte_swap_avg_us=7 staging_avg_us=4149 frame_avg_us=33393 frame_p50_us=33932 frame_p95_us=33938 frame_max_us=33938 complete_p50_us=20409 complete_p95_us=20874 complete_max_us=20940 tear_edge_failures=0 presentation_experiment=boundary-top-sweep te_edge=rising requested_clock_mhz=50 effective_clock_mhz=40 chrome_bottom_redraws=0 chrome_battery_redraws=0 chrome_zoom_redraws=0 chrome_minimap_base_redraws=0 strip_samples=216 staging_mean_us=1193 staging_max_us=1407 worst_strip=8 worst_strip_y=352 worst_wire_budget_us=736 worst_headroom_us=88 staging_invariant=1 pacing_pass=1 all_reused=1 pass=1
[20:44:12] TINYDRAW_GATE1_PAN_BOUNDARY zoom=100 slow_1px_trace=1 below_delta=94 below_reused=1 at_delta=96 at_reused=1 above_delta=98 above_fallback=1 pass=1
[20:44:12] TINYDRAW_GATE1_PAN_BOUNDARY zoom=400 slow_1px_trace=1 below_delta=94 below_reused=1 at_delta=96 at_reused=1 above_delta=98 above_fallback=1 pass=1
[20:44:12] TINYDRAW_GATE1_DRAW_FILL zoom=400 revision=2930 append_us=1402 poll_gap_us=95 event_submit_us=219 event_complete_us=2172 max_compute_slice_us=5490 max_display_slice_us=17269 fill_us=225271 revision_restarted=1 pass=1
[20:44:13] TINYDRAW_GATE1_CACHE_FILL zoom=50 x=63 y=63 published=56 total_us=596970 within_cold_gate=0 complete=1
[20:44:13] TINYDRAW_GATE1_CACHE_FILL zoom=100 x=63 y=63 published=56 total_us=478968 within_cold_gate=1 complete=1
[20:44:14] TINYDRAW_GATE1_CACHE_FILL zoom=200 x=63 y=63 published=56 total_us=334967 within_cold_gate=1 complete=1
[20:44:14] TINYDRAW_GATE1_CACHE_FILL zoom=400 x=63 y=63 published=56 total_us=278967 within_cold_gate=1 complete=1
[20:44:14] TINYDRAW_GATE1_CACHE_REVISIT zoom=50 remaining=0 tile_pixels=118128 fallback_pixels=0 compose_us=16083 complete_us=20714 hit=1
[20:44:14] TINYDRAW_GATE1_CACHE_REVISIT zoom=100 remaining=0 tile_pixels=164864 fallback_pixels=0 compose_us=18542 complete_us=20213 hit=1
[20:44:14] TINYDRAW_GATE1_CACHE_REVISIT zoom=200 remaining=0 tile_pixels=164864 fallback_pixels=0 compose_us=18562 complete_us=20722 hit=1
[20:44:14] TINYDRAW_GATE1_CACHE_REVISIT zoom=400 remaining=0 tile_pixels=164608 fallback_pixels=0 compose_us=18566 complete_us=20198 hit=1
[20:44:15] TINYDRAW_GATE1_CACHE_FILL zoom=400 x=575 y=575 published=56 total_us=294974 within_cold_gate=1 complete=1
[20:44:15] TINYDRAW_GATE1_CACHE_ROUND_TRIP zoom=50 from_x=63 from_y=63 via_x=575 via_y=575 remaining=0 tile_pixels=118128 fallback_pixels=0 compose_us=16129 complete_us=21025 hit=1
[20:44:15] TINYDRAW_GATE1_CACHE_ROUND_TRIP zoom=100 from_x=63 from_y=63 via_x=575 via_y=575 remaining=0 tile_pixels=164864 fallback_pixels=0 compose_us=18586 complete_us=20512 hit=1
[20:44:15] TINYDRAW_GATE1_CACHE_ROUND_TRIP zoom=200 from_x=63 from_y=63 via_x=575 via_y=575 remaining=0 tile_pixels=164864 fallback_pixels=0 compose_us=18614 complete_us=20997 hit=1
[20:44:15] TINYDRAW_GATE1_CACHE_ROUND_TRIP zoom=400 from_x=63 from_y=63 via_x=575 via_y=575 remaining=0 tile_pixels=164608 fallback_pixels=0 compose_us=18600 complete_us=20503 hit=1
[20:44:15] TINYDRAW_GATE1_CACHE_RETENTION pass=1 slots=448 revision=2930
[20:44:16] TINYDRAW_PAPER_SWEEP zoom=100 identities=644 raw=266 uniform=378 fallback=0 slots=448 total_us=1321562 pass=1
[20:44:16] TINYDRAW_RERENDER_LEDGER_RESET site=cache_tour_start
[20:44:19] TINYDRAW_GATE1_CACHE_TOUR slots=448 stops=16 forward_steps=2162 forward_tiles=832 forward_wall_us=1334169 return_missing_tiles=0 return_steps=16 return_tiles=0 return_wall_us=5940 home_missing=0 home_fallback_pixels=0 pass=1
[20:44:19] TINYDRAW_RERENDER_LEDGER site=cache_tour renders=137 unique=137 amplification=1.000 cold=137 damage=0 evict=0 stale=0 unexplained=0
[20:44:20] TINYDRAW_GATE1_MIXED_DRAW_WARM zoom=50 fill_tiles=56 fill_us=517827 raw=42 uniform=14
[20:44:20] TINYDRAW_GATE1_MIXED_DRAW_WARM zoom=100 fill_tiles=56 fill_us=399703 raw=56 uniform=0
[20:44:21] TINYDRAW_GATE1_MIXED_DRAW_WARM zoom=200 fill_tiles=56 fill_us=310378 raw=56 uniform=0
[20:44:21] TINYDRAW_GATE1_MIXED_DRAW_WARM zoom=400 fill_tiles=42 fill_us=197524 raw=42 uniform=0
[20:44:22] TINYDRAW_GATE1_MIXED_DRAW zoom=25 tool=pen chunks=50 append_max_us=13304 append_avg_us=11885 append_total_us=594254 affected_tiles=196 published=0 fallback=196 visible_fallback=0 drop_uni_slot=0 drop_uni_paint=0 drop_raw_edit=0 drop_raw_paint=0 off_skip=0 ph_prepare_max_us=169 ph_overview_max_us=9037 ph_enumerate_max_us=571 ph_uniform_max_us=97 ph_raw_max_us=15 ph_offscreen_max_us=17 ph_commit_max_us=3570 committed=1 authority=1 refresh=1 run_ok=1 pass=1
[20:44:23] TINYDRAW_GATE1_MIXED_DRAW zoom=25 tool=eraser chunks=50 append_max_us=13315 append_avg_us=11839 append_total_us=591957 affected_tiles=0 published=0 fallback=0 visible_fallback=0 drop_uni_slot=0 drop_uni_paint=0 drop_raw_edit=0 drop_raw_paint=0 off_skip=0 ph_prepare_max_us=169 ph_overview_max_us=9168 ph_enumerate_max_us=496 ph_uniform_max_us=11 ph_raw_max_us=14 ph_offscreen_max_us=5 ph_commit_max_us=3560 committed=1 authority=1 refresh=1 run_ok=1 pass=1
[20:44:25] TINYDRAW_GATE1_MIXED_DRAW zoom=50 tool=pen chunks=50 append_max_us=19425 append_avg_us=16541 append_total_us=827091 affected_tiles=422 published=400 fallback=22 visible_fallback=0 drop_uni_slot=0 drop_uni_paint=0 drop_raw_edit=0 drop_raw_paint=0 off_skip=0 ph_prepare_max_us=179 ph_overview_max_us=3826 ph_enumerate_max_us=557 ph_uniform_max_us=5301 ph_raw_max_us=12352 ph_offscreen_max_us=9 ph_commit_max_us=1794 committed=1 authority=1 refresh=1 run_ok=1 pass=0
[20:44:26] TINYDRAW_GATE1_MIXED_DRAW zoom=50 tool=eraser chunks=50 append_max_us=18171 append_avg_us=16321 append_total_us=816070 affected_tiles=405 published=405 fallback=0 visible_fallback=0 drop_uni_slot=0 drop_uni_paint=0 drop_raw_edit=0 drop_raw_paint=0 off_skip=0 ph_prepare_max_us=178 ph_overview_max_us=3820 ph_enumerate_max_us=559 ph_uniform_max_us=36 ph_raw_max_us=12383 ph_offscreen_max_us=7 ph_commit_max_us=1560 committed=1 authority=1 refresh=1 run_ok=1 pass=0
[20:44:28] TINYDRAW_GATE1_MIXED_DRAW zoom=100 tool=pen chunks=50 append_max_us=16023 append_avg_us=13962 append_total_us=698116 affected_tiles=450 published=398 fallback=52 visible_fallback=0 drop_uni_slot=0 drop_uni_paint=0 drop_raw_edit=0 drop_raw_paint=0 off_skip=0 ph_prepare_max_us=180 ph_overview_max_us=1923 ph_enumerate_max_us=549 ph_uniform_max_us=4390 ph_raw_max_us=12375 ph_offscreen_max_us=11 ph_commit_max_us=1086 committed=1 authority=1 refresh=1 run_ok=1 pass=0
[20:44:29] TINYDRAW_GATE1_MIXED_DRAW zoom=100 tool=eraser chunks=50 append_max_us=15460 append_avg_us=13737 append_total_us=686884 affected_tiles=399 published=399 fallback=0 visible_fallback=0 drop_uni_slot=0 drop_uni_paint=0 drop_raw_edit=0 drop_raw_paint=0 off_skip=0 ph_prepare_max_us=172 ph_overview_max_us=1919 ph_enumerate_max_us=501 ph_uniform_max_us=41 ph_raw_max_us=12405 ph_offscreen_max_us=5 ph_commit_max_us=923 committed=1 authority=1 refresh=1 run_ok=1 pass=0
[20:44:31] TINYDRAW_GATE1_MIXED_DRAW zoom=200 tool=pen chunks=50 append_max_us=15492 append_avg_us=12904 append_total_us=645207 affected_tiles=425 published=389 fallback=36 visible_fallback=0 drop_uni_slot=0 drop_uni_paint=0 drop_raw_edit=0 drop_raw_paint=0 off_skip=0 ph_prepare_max_us=179 ph_overview_max_us=1058 ph_enumerate_max_us=585 ph_uniform_max_us=4550 ph_raw_max_us=12375 ph_offscreen_max_us=9 ph_commit_max_us=930 committed=1 authority=1 refresh=1 run_ok=1 pass=0
[20:44:31] TINYDRAW_GATE1_MIXED_DRAW zoom=200 tool=eraser chunks=50 append_max_us=14397 append_avg_us=12623 append_total_us=631169 affected_tiles=388 published=388 fallback=0 visible_fallback=0 drop_uni_slot=0 drop_uni_paint=0 drop_raw_edit=0 drop_raw_paint=0 off_skip=0 ph_prepare_max_us=172 ph_overview_max_us=1051 ph_enumerate_max_us=589 ph_uniform_max_us=32 ph_raw_max_us=12274 ph_offscreen_max_us=7 ph_commit_max_us=775 committed=1 authority=1 refresh=1 run_ok=1 pass=1
[20:44:33] TINYDRAW_GATE1_MIXED_DRAW zoom=400 tool=pen chunks=50 append_max_us=14380 append_avg_us=11889 append_total_us=594481 affected_tiles=359 published=334 fallback=25 visible_fallback=0 drop_uni_slot=0 drop_uni_paint=0 drop_raw_edit=0 drop_raw_paint=0 off_skip=0 ph_prepare_max_us=185 ph_overview_max_us=724 ph_enumerate_max_us=619 ph_uniform_max_us=3351 ph_raw_max_us=11739 ph_offscreen_max_us=9 ph_commit_max_us=827 committed=1 authority=1 refresh=1 run_ok=1 pass=1
[20:44:34] TINYDRAW_GATE1_MIXED_DRAW zoom=400 tool=eraser chunks=50 append_max_us=13581 append_avg_us=11800 append_total_us=590026 affected_tiles=350 published=350 fallback=0 visible_fallback=0 drop_uni_slot=0 drop_uni_paint=0 drop_raw_edit=0 drop_raw_paint=0 off_skip=0 ph_prepare_max_us=172 ph_overview_max_us=723 ph_enumerate_max_us=594 ph_uniform_max_us=34 ph_raw_max_us=11809 ph_offscreen_max_us=10 ph_commit_max_us=711 committed=1 authority=1 refresh=1 run_ok=1 pass=1
[20:44:34] TINYDRAW_GATE1_MIXED_DRAW_REVISIT zoom=50 missing=4 refill_tiles=4 refill_us=188009
[20:44:35] TINYDRAW_GATE1_MIXED_DRAW_REVISIT zoom=100 missing=9 refill_tiles=9 refill_us=322777
[20:44:35] TINYDRAW_GATE1_MIXED_DRAW_REVISIT zoom=200 missing=16 refill_tiles=16 refill_us=326300
[20:44:35] TINYDRAW_GATE1_MIXED_DRAW_REVISIT zoom=400 missing=0 refill_tiles=0 refill_us=314
[20:44:35] TINYDRAW_GATE1_MIXED_DRAW_SUMMARY slots=448 strokes=10 worst_append_us=19425 pass=0
[20:44:41] TINYDRAW_GATE1_IDLE_REPAIR damaged=588 remaining=0 plan_views=24 steps=4378 repair_us=3867202 worst_step_us=5538 warm_tiles=56 pass=1
[20:44:41] TINYDRAW_INKTRACE trace=fast-curve-dense-25 zoom=25 events=411 consumed=374 coalesced=37 down=1/1 up=1/1 max_time_gap_us=24188 max_space_gap_px=55.33 e2c_p50=505 e2c_p95=1569 e2c_max=2693 e2g_p95=772 e2s_p95=2633 e2d_p50=2310 e2d_p95=3648 e2d_max=4293 latency_samples=33 presentation_failures=0 commit_failures=0 overflows=0 revision=3482 fb_tiles=0 fb_start=0 fb_mid_max=0 fb_up_max=0 fb_end=0 drop_uni_slot=0 drop_uni_paint=0 drop_raw_edit=0 drop_raw_paint=0 off_skip=0 latency_pass=1 pass=1
[20:44:42] TINYDRAW_INKTRACE trace=fast-curve-400 zoom=400 events=414 consumed=366 coalesced=48 down=1/1 up=1/1 max_time_gap_us=9539 max_space_gap_px=65.51 e2c_p50=505 e2c_p95=1047 e2c_max=2036 e2g_p95=777 e2s_p95=2672 e2d_p50=2434 e2d_p95=3916 e2d_max=3996 latency_samples=33 presentation_failures=0 commit_failures=0 overflows=0 revision=3484 fb_tiles=42 fb_start=30 fb_mid_max=30 fb_up_max=30 fb_end=30 drop_uni_slot=0 drop_uni_paint=0 drop_raw_edit=0 drop_raw_paint=0 off_skip=0 latency_pass=1 pass=1
[20:44:45] TINYDRAW_INKTRACE trace=fast-curve-400-xl zoom=400 events=2296 consumed=1933 coalesced=363 down=1/1 up=1/1 max_time_gap_us=13000 max_space_gap_px=47.85 e2c_p50=505 e2c_p95=572 e2c_max=1955 e2g_p95=773 e2s_p95=2969 e2d_p50=3226 e2d_p95=4602 e2d_max=8262 latency_samples=172 presentation_failures=0 commit_failures=0 overflows=0 revision=3490 fb_tiles=42 fb_start=30 fb_mid_max=30 fb_up_max=30 fb_end=30 drop_uni_slot=0 drop_uni_paint=0 drop_raw_edit=0 drop_raw_paint=0 off_skip=0 latency_pass=1 pass=1
[20:44:45] TINYDRAW_INKTRACE trace=slow-precise-100 zoom=100 events=741 consumed=691 coalesced=50 down=1/1 up=1/1 max_time_gap_us=8553 max_space_gap_px=13.45 e2c_p50=505 e2c_p95=1057 e2c_max=1574 e2g_p95=770 e2s_p95=1782 e2d_p50=1909 e2d_p95=2243 e2d_max=2274 latency_samples=53 presentation_failures=0 commit_failures=0 overflows=0 revision=3492 fb_tiles=42 fb_start=24 fb_mid_max=24 fb_up_max=24 fb_end=24 drop_uni_slot=0 drop_uni_paint=0 drop_raw_edit=0 drop_raw_paint=0 off_skip=0 latency_pass=1 pass=1
[20:44:48] TINYDRAW_INKTRACE trace=scribble-multistroke zoom=100 events=848 consumed=739 coalesced=109 down=7/7 up=7/7 max_time_gap_us=6072 max_space_gap_px=109.46 e2c_p50=505 e2c_p95=576 e2c_max=2045 e2g_p95=774 e2s_p95=3468 e2d_p50=3119 e2d_p95=5282 e2d_max=6295 latency_samples=55 presentation_failures=0 commit_failures=0 overflows=0 revision=3499 fb_tiles=42 fb_start=24 fb_mid_max=24 fb_up_max=24 fb_end=24 drop_uni_slot=0 drop_uni_paint=0 drop_raw_edit=0 drop_raw_paint=0 off_skip=0 latency_pass=1 pass=1
[20:44:50] TINYDRAW_HAIRLINE_DOC ops=782 samples=8061 append_total_us=1042084 append_max_us=7190
[20:44:50] TINYDRAW_GATE1_PACED_COLD corpus=evil_hairlines_capacity zoom=100 x=552 y=672 steps=239 tiles=56 compute_us=230632 present_us=77642 touch_us=526 pacing_us=8172 wall_us=316972 maximum_wall_us=500000 max_tick_us=8807 touch_samples=45870 touch_interval_max_us=2108 touch_read_max_us=611 touch_events=0 touch_down=0 touch_up=0 touch_events_ge_8ms=0 touch_event_age_max_us=0 touch_errors=0 touch_overflows=0 pass=1
[20:44:50] TINYDRAW_GATE1_PACED_COLD corpus=evil_hairlines_capacity zoom=400 x=2760 y=3360 steps=212 tiles=48 compute_us=133241 present_us=72548 touch_us=382 pacing_us=5799 wall_us=211970 maximum_wall_us=500000 max_tick_us=8667 touch_samples=282 touch_interval_max_us=1546 touch_read_max_us=451 touch_events=0 touch_down=0 touch_up=0 touch_events_ge_8ms=0 touch_event_age_max_us=0 touch_errors=0 touch_overflows=0 pass=1
[20:44:53] TINYDRAW_HAIRLINE_REPAIR steps=2372 wall_us=2178775 worst_step_us=4718 resident=407/448 grid_stopped=1 pass2_steps=8 pass2_wall_us=2186 no_churn=1
[20:44:54] TINYDRAW_HAIRLINE_TOUR stops=8 total_us=912443 worst_stop_us=196895 worst_step_us=6432
[20:44:54] TINYDRAW_GATE1_HAIRLINE raw=339 uniform=72 fallback=233 capacity=448 worst_step_us=6432 grid_stopped=1 pass=1
[20:44:56] TINYDRAW_GATE1_LONG_GESTURE path=reference samples=1600 chunks=26 append_total_us=926907 append_max_us=43851 append_avg_us=35650 refresh_fallback_pixels=0 settled_fallback_pixels=0 committed=1 authority=1 refresh=1 run_ok=1
[20:44:56] TINYDRAW_GATE1_LONG_GESTURE path=in_place samples=1600 chunks=52 append_total_us=600719 append_max_us=14165 append_avg_us=11552 refresh_fallback_pixels=0 settled_fallback_pixels=0 committed=1 authority=1 refresh=1 run_ok=1
[20:44:56] TINYDRAW_V2_EXPORT_PROGRESS row=0 of=1792
[20:44:57] TINYDRAW_V2_EXPORT_PROGRESS row=256 of=1792
[20:44:58] TINYDRAW_V2_EXPORT_PROGRESS row=512 of=1792
[20:44:59] TINYDRAW_V2_EXPORT_PROGRESS row=768 of=1792
[20:44:59] TINYDRAW_V2_EXPORT_PROGRESS row=1024 of=1792
[20:45:00] TINYDRAW_V2_EXPORT_PROGRESS row=1280 of=1792
[20:45:01] TINYDRAW_V2_EXPORT_PROGRESS row=1536 of=1792
[20:45:02] TINYDRAW_GATE1_EXPORT encoded=1 bytes=40166 elapsed_us=5861330 workspace_bytes=50652 band_bytes=376832 free_psram=1859920 free_internal=179664 signature=1 dimensions=1 chunks=3 chunks_ok=1 pass=1
[20:45:02] TINYDRAW_EXPORT_RESERVE requested=1572864 free_before=1859920 largest_before=1835008 free_held=287052 largest_held=286720 pass=1
[20:45:02] TINYDRAW_RERENDER_LEDGER site=final renders=0 unique=0 amplification=0.000 cold=0 damage=0 evict=0 stale=0 unexplained=0
[20:45:02] TINYDRAW_GATE1_AUTOMATED_DONE stress=1 stress_100=1 stress_400=1 overlap_ready=1 overlap_cold=0 general_cold_ready=1 general_cold=1 workload=1 paced_cold=1 hard_100=1 hard_400=1 pan_100=1 pan_400=1 pan_seq=1 pan_boundary=1 live_overlay=1 draw_fill=1 cache=1 full_world_cache=1 cache_tour=1 mixed_draw=0 idle_repair=1 ink_trace=1 hairline_capacity=1 long_gesture=1 export_encode=1 export_reserve=1 return=1 ssaa_receipt=yellow
[20:45:02] TINYDRAW_VECTOR_V2_GATE_HARNESS_DONE pass=0
[20:45:04] TINYDRAW_VECTOR_V2_READY zoom=25 controls=chrome button=cycle_all_zooms operations_capacity=4000 samples_capacity=80000 live_storage_bytes=6383640 overview_bytes=1318912 raw_tile_bytes=3670016 tile_metadata_bytes=101360 operation_bytes=720000 live_scratch_bytes=573352 free_psram=1859920 largest_psram=1835008 te_edges=3985 te_period_us=16821 te_high_us=579 te_level=0 main_stack_free=1144
