[21:16:07] ESP-ROM:esp32s3-20210327
[21:16:07] Build:Mar 27 2021
[21:16:07] rst:0x15 (USB_UART_CHIP_RESET),boot:0x2b (SPI_FAST_FLASH_BOOT)
[21:16:07] Saved PC:0x42009e54
[21:16:07] SPIWP:0xee
[21:16:07] mode:DIO, clock div:1
[21:16:07] load:0x3fce2820,len:0x1664
[21:16:07] load:0x403c8700,len:0xf38
[21:16:07] load:0x403cb700,len:0x31e8
[21:16:07] entry 0x403c8930
[21:16:07] I (24) boot: ESP-IDF v6.0.2 2nd stage bootloader
[21:16:07] I (24) boot: compile time Aug 16 2026 21:15:31
[21:16:07] I (25) boot: Multicore bootloader
[21:16:07] I (25) boot: chip revision: v0.2
[21:16:07] I (28) boot: efuse block revision: v1.3
[21:16:07] I (31) qio_mode: Enabling default flash chip QIO
[21:16:07] I (36) boot.esp32s3: Boot SPI Speed : 80MHz
[21:16:07] I (39) boot.esp32s3: SPI Mode       : QIO
[21:16:07] I (43) boot.esp32s3: SPI Flash Size : 16MB
[21:16:07] I (47) boot: Enabling RNG early entropy source...
[21:16:07] I (51) boot: Partition Table:
[21:16:07] I (54) boot: ## Label            Usage          Type ST Offset   Length
[21:16:07] I (60) boot:  0 nvs              WiFi data        01 02 00009000 00006000
[21:16:07] I (67) boot:  1 phy_init         RF data          01 01 0000f000 00001000
[21:16:07] I (73) boot:  2 factory          factory app      00 00 00010000 00100000
[21:16:07] I (80) boot:  3 drawing          Unknown data     01 40 00110000 00300000
[21:16:07] I (86) boot:  4 export           Unknown data     01 41 00410000 00500000
[21:16:07] I (93) boot:  5 coredump         Unknown data     01 03 00910000 00010000
[21:16:07] I (100) boot: End of partition table
[21:16:07] I (103) esp_image: segment 0: paddr=00010020 vaddr=3c050020 size=2c05ch (180316) map
[21:16:07] I (138) esp_image: segment 1: paddr=0003c084 vaddr=3fc96000 size=03764h ( 14180) load
[21:16:07] I (141) esp_image: segment 2: paddr=0003f7f0 vaddr=40374000 size=00828h (  2088) load
[21:16:07] I (143) esp_image: segment 3: paddr=00040020 vaddr=42000020 size=4f784h (325508) map
[21:16:07] I (200) esp_image: segment 4: paddr=0008f7ac vaddr=40374828 size=116ech ( 71404) load
[21:16:07] I (215) esp_image: segment 5: paddr=000a0ea0 vaddr=50000000 size=00024h (    36) load
[21:16:07] I (223) boot: Loaded app from partition at offset 0x10000
[21:16:07] I (223) boot: Disabling RNG early entropy source...
[21:16:07] I (233) octal_psram: vendor id    : 0x0d (AP)
[21:16:07] I (233) octal_psram: dev id       : 0x02 (generation 3)
[21:16:07] I (233) octal_psram: density      : 0x03 (64 Mbit)
[21:16:07] I (235) octal_psram: good-die     : 0x01 (Pass)
[21:16:07] I (239) octal_psram: Latency      : 0x01 (Fixed)
[21:16:07] I (244) octal_psram: VCC          : 0x01 (3V)
[21:16:07] I (248) octal_psram: SRF          : 0x01 (Fast Refresh)
[21:16:07] I (253) octal_psram: BurstType    : 0x01 (Hybrid Wrap)
[21:16:07] I (258) octal_psram: BurstLen     : 0x01 (32 Byte)
[21:16:07] I (262) octal_psram: Readlatency  : 0x02 (10 cycles@Fixed)
[21:16:07] I (267) octal_psram: DriveStrength: 0x00 (1/1)
[21:16:07] I (271) MSPI Timing: Enter psram timing tuning
[21:16:07] I (276) esp_psram: Found 8MB PSRAM device
[21:16:07] I (279) esp_psram: Speed: 80MHz
[21:16:07] I (282) cpu_start: Multicore app
[21:16:07] I (698) esp_psram: SPI SRAM memory test OK
[21:16:08] I (707) cpu_start: GPIO 44 and 43 are used as console UART I/O pins
[21:16:08] I (707) cpu_start: Pro cpu start user code
[21:16:08] I (707) cpu_start: cpu freq: 240000000 Hz
[21:16:08] I (709) app_init: Application information:
[21:16:08] I (713) app_init: Project name:     tinydraw_esp32
[21:16:08] I (717) app_init: App version:      afa3239-dirty
[21:16:08] I (722) app_init: Compile time:     Aug 16 2026 21:15:22
[21:16:08] I (727) app_init: ELF file SHA256:  9ca9e81f1...
[21:16:08] I (731) app_init: ESP-IDF:          v6.0.2
[21:16:08] I (735) efuse_init: Min chip rev:     v0.0
[21:16:08] I (739) efuse_init: Max chip rev:     v0.99 
[21:16:08] I (743) efuse_init: Chip rev:         v0.2
[21:16:08] I (746) heap_init: Initializing. RAM available for dynamic allocation:
[21:16:08] I (753) heap_init: At 3FC9AB90 len 0004EB80 (314 KiB): RAM
[21:16:08] I (758) heap_init: At 3FCE9710 len 00005724 (21 KiB): RAM
[21:16:08] I (763) heap_init: At 3FCF0000 len 00008000 (32 KiB): DRAM
[21:16:08] I (768) heap_init: At 600FE000 len 00001FE8 (7 KiB): RTCRAM
[21:16:08] I (774) esp_psram: Adding pool of 8192K of PSRAM memory to heap allocator
[21:16:08] I (780) spi_flash: detected chip: generic
[21:16:08] I (784) spi_flash: flash io: qio
[21:16:08] I (787) sleep_gpio: Configure to isolate all GPIO pins in sleep state
[21:16:08] I (793) sleep_gpio: Enable automatic switching of GPIO sleep configuration
[21:16:08] I (800) main_task: Started on CPU0
[21:16:08] I (803) main_task: Calling app_main()
[21:16:08] TINYDRAW_PRODUCER_SCRATCH supertask_internal=1 slot_directory_internal=0 free_internal=299676 free_psram=1861508
[21:16:08] TINYDRAW_PANEL_HARD_RESET=1
[21:16:08] TINYDRAW_PANEL_TRANSPORT requested_clock_mhz=50 effective_clock_mhz=40
[21:16:08] I (1010) co5300: version: 2.1.0
[21:16:08] I (1010) co5300_spi: LCD panel create success, version: 2.1.0
[21:16:08] W (1095) co5300_spi: The 3Ah command has been used and will be overwritten by external initialization sequence
[21:16:08] I (1196) CST816S: IC id: 183
[21:16:08] TINYDRAW_VECTOR_V2_PRESENTATION experiment=boundary-top-sweep te_edge=rising requested_clock_mhz=50 effective_clock_mhz=40 optical_acceptance=external_manual
[21:16:08] TINYDRAW_LIVE_PRESENT kind=startup zoom=25 x=0 y=0 compose_us=26077 scroll_us=0 exposed_compose_us=0 chrome_us=17053 chrome_prepare_us=11951 chrome_stage_us=5102 read_submit_us=0 read_complete_us=0 transfer_wait_us=21134 tile_pixels=0 uniform_pixels=0 overview_pixels=164864 fallback_pixels=0 resident_tiles=0 fallback_tiles=0 pushes=11 tear_wait_us=50 tear_edge_isr_to_resume_us=17 tear_edge_observed=1 tear_edge_wait_resumed=1 tear_edge_timeout=0 tear_heal_attempted=0 tear_heal_command_sent=0 presentation_experiment=boundary-top-sweep te_edge=rising requested_clock_mhz=50 effective_clock_mhz=40 frame_reused=0 pass=1
[21:16:09] TINYDRAW_LIVE_STRESS operations=1000 samples=20000 total_us=749056 average_us=749 maximum_us=1046 free_psram=1859920 largest_psram=1835008
[21:16:09] TINYDRAW_LIVE_PRESENT kind=gate_fallback zoom=100 x=0 y=0 compose_us=11248 scroll_us=0 exposed_compose_us=0 chrome_us=11272 chrome_prepare_us=6820 chrome_stage_us=4452 read_submit_us=24892 read_complete_us=28261 transfer_wait_us=20362 tile_pixels=0 uniform_pixels=0 overview_pixels=0 fallback_pixels=164864 resident_tiles=0 fallback_tiles=42 pushes=11 tear_wait_us=6685 tear_edge_isr_to_resume_us=13 tear_edge_observed=1 tear_edge_wait_resumed=1 tear_edge_timeout=0 tear_heal_attempted=0 tear_heal_command_sent=0 presentation_experiment=boundary-top-sweep te_edge=rising requested_clock_mhz=50 effective_clock_mhz=40 frame_reused=0 pass=1
[21:16:09] TINYDRAW_GATE1_HARD zoom=100 cold=1 operations=1000 samples=20000 steps=193 tiles=42 scanned=12000 rendered=122 max_supertask_us=6740 presentation_us=69025 total_us=280601 maximum_wall_us=500000 pass=1
[21:16:09] TINYDRAW_LIVE_PRESENT kind=gate_fallback zoom=400 x=0 y=0 compose_us=10661 scroll_us=0 exposed_compose_us=0 chrome_us=6615 chrome_prepare_us=2372 chrome_stage_us=4243 read_submit_us=15629 read_complete_us=19229 transfer_wait_us=20607 tile_pixels=0 uniform_pixels=0 overview_pixels=0 fallback_pixels=164864 resident_tiles=0 fallback_tiles=42 pushes=11 tear_wait_us=2468 tear_edge_isr_to_resume_us=13 tear_edge_observed=1 tear_edge_wait_resumed=1 tear_edge_timeout=0 tear_heal_attempted=0 tear_heal_command_sent=0 presentation_experiment=boundary-top-sweep te_edge=rising requested_clock_mhz=50 effective_clock_mhz=40 frame_reused=0 pass=1
[21:16:09] TINYDRAW_GATE1_HARD zoom=400 cold=1 operations=1000 samples=20000 steps=199 tiles=42 scanned=12000 rendered=17 max_supertask_us=5277 presentation_us=66704 total_us=161013 maximum_wall_us=500000 pass=1
[21:16:10] TINYDRAW_OVERLAP_WORKLOAD operations=8 samples=1200 radius_world=80
[21:16:11] TINYDRAW_GATE1_PACED_COLD corpus=overlap zoom=50 x=215 y=255 steps=235 tiles=56 compute_us=525878 present_us=81269 touch_us=925 pacing_us=15879 wall_us=623951 maximum_wall_us=500000 max_tick_us=9336 touch_samples=2775 touch_interval_max_us=1948 touch_read_max_us=583 touch_events=0 touch_down=0 touch_up=0 touch_events_ge_8ms=0 touch_event_age_max_us=0 touch_errors=0 touch_overflows=0 pass=0
[21:16:11] TINYDRAW_GATE1_PACED_COLD corpus=overlap zoom=100 x=583 y=703 steps=183 tiles=48 compute_us=287379 present_us=76072 touch_us=588 pacing_us=8938 wall_us=372977 maximum_wall_us=500000 max_tick_us=9224 touch_samples=438 touch_interval_max_us=1801 touch_read_max_us=456 touch_events=0 touch_down=0 touch_up=0 touch_events_ge_8ms=0 touch_event_age_max_us=0 touch_errors=0 touch_overflows=0 pass=1
[21:16:12] TINYDRAW_GATE1_PACED_COLD corpus=overlap zoom=200 x=1319 y=1599 steps=180 tiles=56 compute_us=260449 present_us=74947 touch_us=586 pacing_us=8995 wall_us=344977 maximum_wall_us=500000 max_tick_us=9612 touch_samples=409 touch_interval_max_us=1137 touch_read_max_us=463 touch_events=0 touch_down=0 touch_up=0 touch_events_ge_8ms=0 touch_event_age_max_us=0 touch_errors=0 touch_overflows=0 pass=1
[21:16:12] TINYDRAW_GATE1_PACED_COLD corpus=overlap zoom=400 x=2791 y=3391 steps=181 tiles=56 compute_us=223482 present_us=72470 touch_us=554 pacing_us=8471 wall_us=304977 maximum_wall_us=500000 max_tick_us=8085 touch_samples=380 touch_interval_max_us=1183 touch_read_max_us=451 touch_events=0 touch_down=0 touch_up=0 touch_events_ge_8ms=0 touch_event_age_max_us=0 touch_errors=0 touch_overflows=0 pass=1
[21:16:12] TINYDRAW_ADVERSARIAL_TAPERED_WORKLOAD operations=128 samples=4096 erasers=12 load_us=213268 appended=1
[21:16:14] TINYDRAW_GENERAL_COLD_WORKLOAD operations=910 samples=12157 hairline_operations=782 hairline_samples=8061 hairline_load_us=1122258 appended=1
[21:16:14] TINYDRAW_GATE1_PACED_COLD corpus=adversarial_tapered_4x+evil_hairlines zoom=50 x=0 y=0 steps=318 tiles=42 compute_us=358219 present_us=69653 touch_us=728 pacing_us=11564 wall_us=440164 maximum_wall_us=500000 max_tick_us=8226 touch_samples=1749 touch_interval_max_us=2039 touch_read_max_us=519 touch_events=0 touch_down=0 touch_up=0 touch_events_ge_8ms=0 touch_event_age_max_us=0 touch_errors=0 touch_overflows=0 pass=1
[21:16:15] TINYDRAW_GATE1_PACED_COLD corpus=adversarial_tapered_4x+evil_hairlines zoom=100 x=0 y=0 steps=346 tiles=42 compute_us=350042 present_us=66753 touch_us=721 pacing_us=9422 wall_us=426938 maximum_wall_us=500000 max_tick_us=8338 touch_samples=492 touch_interval_max_us=1170 touch_read_max_us=450 touch_events=0 touch_down=0 touch_up=0 touch_events_ge_8ms=0 touch_event_age_max_us=0 touch_errors=0 touch_overflows=0 pass=1
[21:16:15] TINYDRAW_GATE1_PACED_COLD corpus=adversarial_tapered_4x+evil_hairlines zoom=200 x=0 y=0 steps=407 tiles=42 compute_us=411102 present_us=62331 touch_us=798 pacing_us=12956 wall_us=487187 maximum_wall_us=500000 max_tick_us=7657 touch_samples=564 touch_interval_max_us=1155 touch_read_max_us=433 touch_events=0 touch_down=0 touch_up=0 touch_events_ge_8ms=0 touch_event_age_max_us=0 touch_errors=0 touch_overflows=0 pass=1
[21:16:16] TINYDRAW_GATE1_PACED_COLD corpus=adversarial_tapered_4x+evil_hairlines zoom=400 x=0 y=0 steps=490 tiles=42 compute_us=432004 present_us=61500 touch_us=808 pacing_us=10672 wall_us=504984 maximum_wall_us=520000 max_tick_us=9964 touch_samples=572 touch_interval_max_us=1163 touch_read_max_us=463 touch_events=0 touch_down=0 touch_up=0 touch_events_ge_8ms=0 touch_event_age_max_us=0 touch_errors=0 touch_overflows=0 pass=1
[21:16:16] TINYDRAW_GATE1_WORKLOAD kind=realistic seed=7 operations=1000 samples=19844 maximum_stroke=198 load_us=567559 raw_source=1 lod_copies=0
[21:16:17] TINYDRAW_GATE1_PACED_COLD corpus=seed7 zoom=400 x=63 y=63 steps=264 tiles=56 compute_us=192557 present_us=80654 touch_us=421 pacing_us=5344 wall_us=278976 maximum_wall_us=500000 max_tick_us=9693 touch_samples=1019 touch_interval_max_us=1996 touch_read_max_us=533 touch_events=0 touch_down=0 touch_up=0 touch_events_ge_8ms=0 touch_event_age_max_us=0 touch_errors=0 touch_overflows=0 pass=1
[21:16:17] TINYDRAW_LIVE_PRESENT kind=gate_fallback zoom=100 x=0 y=0 compose_us=11287 scroll_us=0 exposed_compose_us=0 chrome_us=6757 chrome_prepare_us=2372 chrome_stage_us=4385 read_submit_us=30126 read_complete_us=33721 transfer_wait_us=20903 tile_pixels=0 uniform_pixels=0 overview_pixels=0 fallback_pixels=164864 resident_tiles=0 fallback_tiles=42 pushes=11 tear_wait_us=16345 tear_edge_isr_to_resume_us=12 tear_edge_observed=1 tear_edge_wait_resumed=1 tear_edge_timeout=0 tear_heal_attempted=0 tear_heal_command_sent=0 presentation_experiment=boundary-top-sweep te_edge=rising requested_clock_mhz=50 effective_clock_mhz=40 frame_reused=0 pass=1
[21:16:17] TINYDRAW_GATE1_HARD zoom=100 cold=1 operations=1000 samples=19844 steps=246 tiles=42 scanned=12000 rendered=388 max_supertask_us=5377 presentation_us=70084 total_us=368946 maximum_wall_us=500000 pass=1
[21:16:17] TINYDRAW_GATE1_OVERLAY_CANVAS regions=zoom,minimap,toolbar,battery operations=4 presentation_mutations=0 authority=1 pass=1
[21:16:18] TINYDRAW_GATE1_LIVE_OVERLAY clear_updates=48 clear_wall_max_us=3947 clear_submit_max_us=2157 clear_complete_max_us=2998 overlay_updates=48 overlay_wall_max_us=3912 overlay_submit_max_us=2106 overlay_complete_max_us=3143 overlay_chrome_max_us=252 clear_failures=0 overlay_failures=0 pass=1
[21:16:18] TINYDRAW_EDGE_INK corners=4 edge_failures=0 pass=1
[21:16:18] TINYDRAW_GATE1_PAN zoom=100 from_x=0 from_y=0 to_x=88 to_y=88 compose_us=15383 scroll_us=13 exposed_compose_us=15370 chrome_us=2343 event_submit_us=30551 event_complete_us=33706 transfer_us=16441 setup=1 present=1 moved=1 frame_reused=1 pass=1
[21:16:18] TINYDRAW_LIVE_PRESENT kind=gate_fallback zoom=400 x=0 y=0 compose_us=10641 scroll_us=0 exposed_compose_us=0 chrome_us=6614 chrome_prepare_us=2385 chrome_stage_us=4229 read_submit_us=23487 read_complete_us=27059 transfer_wait_us=20955 tile_pixels=0 uniform_pixels=0 overview_pixels=0 fallback_pixels=164864 resident_tiles=0 fallback_tiles=42 pushes=11 tear_wait_us=10339 tear_edge_isr_to_resume_us=13 tear_edge_observed=1 tear_edge_wait_resumed=1 tear_edge_timeout=0 tear_heal_attempted=0 tear_heal_command_sent=0 presentation_experiment=boundary-top-sweep te_edge=rising requested_clock_mhz=50 effective_clock_mhz=40 frame_reused=0 pass=1
[21:16:18] TINYDRAW_GATE1_HARD zoom=400 cold=1 operations=1008 samples=19852 steps=200 tiles=42 scanned=12096 rendered=60 max_supertask_us=8067 presentation_us=70135 total_us=214204 maximum_wall_us=500000 pass=1
[21:16:19] TINYDRAW_GATE1_PAN zoom=400 from_x=0 from_y=0 to_x=88 to_y=88 compose_us=15355 scroll_us=13 exposed_compose_us=15342 chrome_us=2156 event_submit_us=30058 event_complete_us=33182 transfer_us=15948 setup=1 present=1 moved=1 frame_reused=1 pass=1
[21:16:21] TINYDRAW_PANSEQ_FRAME zoom=100 step=0 dx=24 dy=18 scroll_us=13 exposed_compose_us=4352 chrome_us=2337 tear_wait_us=8271 present_us=16188 prepare_us=10601 acquire_wait_us=19 ring_copy_us=8278 patch_us=2315 byte_swap_us=8 staging_us=4201 event_submit_us=12786 event_complete_us=15926 frame_us=28974 tear_edge_observed=1 frame_reused=1 pass=1
[21:16:21] TINYDRAW_PANSEQ_FRAME zoom=100 step=1 dx=24 dy=18 scroll_us=11 exposed_compose_us=4414 chrome_us=2336 tear_wait_us=12799 present_us=16573 prepare_us=10551 acquire_wait_us=22 ring_copy_us=8211 patch_us=2331 byte_swap_us=9 staging_us=4221 event_submit_us=17350 event_complete_us=20470 frame_us=33926 tear_edge_observed=1 frame_reused=1 pass=1
[21:16:21] TINYDRAW_PANSEQ_FRAME zoom=100 step=2 dx=24 dy=18 scroll_us=11 exposed_compose_us=4125 chrome_us=2354 tear_wait_us=12710 present_us=15953 prepare_us=10609 acquire_wait_us=19 ring_copy_us=8250 patch_us=2351 byte_swap_us=8 staging_us=4194 event_submit_us=16973 event_complete_us=20115 frame_us=32929 tear_edge_observed=1 frame_reused=1 pass=1
[21:16:21] TINYDRAW_PANSEQ_FRAME zoom=100 step=3 dx=24 dy=18 scroll_us=11 exposed_compose_us=4621 chrome_us=2335 tear_wait_us=12836 present_us=16327 prepare_us=10564 acquire_wait_us=20 ring_copy_us=8229 patch_us=2328 byte_swap_us=7 staging_us=4218 event_submit_us=17597 event_complete_us=20739 frame_us=33928 tear_edge_observed=1 frame_reused=1 pass=1
[21:16:21] TINYDRAW_PANSEQ_FRAME zoom=100 step=4 dx=24 dy=18 scroll_us=11 exposed_compose_us=4157 chrome_us=2346 tear_wait_us=12918 present_us=16711 prepare_us=10630 acquire_wait_us=18 ring_copy_us=8282 patch_us=2339 byte_swap_us=9 staging_us=4177 event_submit_us=17215 event_complete_us=20362 frame_us=33928 tear_edge_observed=1 frame_reused=1 pass=1
[21:16:21] TINYDRAW_PANSEQ_FRAME zoom=100 step=5 dx=24 dy=18 scroll_us=11 exposed_compose_us=4404 chrome_us=2327 tear_wait_us=12285 present_us=16090 prepare_us=10539 acquire_wait_us=20 ring_copy_us=8209 patch_us=2321 byte_swap_us=9 staging_us=4234 event_submit_us=16828 event_complete_us=19950 frame_us=32920 tear_edge_observed=1 frame_reused=1 pass=1
[21:16:21] TINYDRAW_PANSEQ_FRAME zoom=100 step=6 dx=24 dy=18 scroll_us=11 exposed_compose_us=4105 chrome_us=2332 tear_wait_us=13201 present_us=16482 prepare_us=10606 acquire_wait_us=19 ring_copy_us=8268 patch_us=2329 byte_swap_us=9 staging_us=4204 event_submit_us=17442 event_complete_us=20581 frame_us=33928 tear_edge_observed=1 frame_reused=1 pass=1
[21:16:21] TINYDRAW_PANSEQ_FRAME zoom=100 step=7 dx=24 dy=18 scroll_us=11 exposed_compose_us=4411 chrome_us=2380 tear_wait_us=12507 present_us=15869 prepare_us=10579 acquire_wait_us=18 ring_copy_us=8197 patch_us=2374 byte_swap_us=8 staging_us=4205 event_submit_us=17055 event_complete_us=20179 frame_us=32927 tear_edge_observed=1 frame_reused=1 pass=1
[21:16:21] TINYDRAW_PANSEQ_FRAME zoom=100 step=8 dx=24 dy=18 scroll_us=11 exposed_compose_us=4376 chrome_us=2341 tear_wait_us=13167 present_us=16245 prepare_us=10582 acquire_wait_us=25 ring_copy_us=8238 patch_us=2337 byte_swap_us=7 staging_us=4202 event_submit_us=17684 event_complete_us=20810 frame_us=33931 tear_edge_observed=1 frame_reused=1 pass=1
[21:16:21] TINYDRAW_PANSEQ_FRAME zoom=100 step=9 dx=24 dy=18 scroll_us=11 exposed_compose_us=4403 chrome_us=2351 tear_wait_us=12741 present_us=16642 prepare_us=10592 acquire_wait_us=20 ring_copy_us=8236 patch_us=2347 byte_swap_us=9 staging_us=4180 event_submit_us=17281 event_complete_us=20407 frame_us=33925 tear_edge_observed=1 frame_reused=1 pass=1
[21:16:21] TINYDRAW_PANSEQ_FRAME zoom=100 step=10 dx=24 dy=18 scroll_us=20 exposed_compose_us=4098 chrome_us=2324 tear_wait_us=12666 present_us=16017 prepare_us=10555 acquire_wait_us=18 ring_copy_us=8228 patch_us=2321 byte_swap_us=6 staging_us=4232 event_submit_us=16918 event_complete_us=20049 frame_us=32930 tear_edge_observed=1 frame_reused=1 pass=1
[21:16:22] TINYDRAW_PANSEQ_FRAME zoom=100 step=11 dx=24 dy=18 scroll_us=11 exposed_compose_us=4622 chrome_us=2347 tear_wait_us=12759 present_us=16406 prepare_us=10548 acquire_wait_us=19 ring_copy_us=8203 patch_us=2338 byte_swap_us=7 staging_us=4240 event_submit_us=17518 event_complete_us=20661 frame_us=33928 tear_edge_observed=1 frame_reused=1 pass=1
[21:16:22] TINYDRAW_PANSEQ_FRAME zoom=100 step=12 dx=24 dy=18 scroll_us=11 exposed_compose_us=4152 chrome_us=2330 tear_wait_us=12849 present_us=15788 prepare_us=10588 acquire_wait_us=19 ring_copy_us=8254 patch_us=2326 byte_swap_us=8 staging_us=4198 event_submit_us=17138 event_complete_us=20265 frame_us=32928 tear_edge_observed=1 frame_reused=1 pass=1
[21:16:22] TINYDRAW_PANSEQ_FRAME zoom=100 step=13 dx=24 dy=18 scroll_us=11 exposed_compose_us=4425 chrome_us=2341 tear_wait_us=13182 present_us=16182 prepare_us=10553 acquire_wait_us=19 ring_copy_us=8210 patch_us=2336 byte_swap_us=7 staging_us=4237 event_submit_us=17742 event_complete_us=20863 frame_us=33927 tear_edge_observed=1 frame_reused=1 pass=1
[21:16:22] TINYDRAW_PANSEQ_FRAME zoom=100 step=14 dx=24 dy=18 scroll_us=11 exposed_compose_us=4109 chrome_us=2336 tear_wait_us=13096 present_us=16580 prepare_us=10587 acquire_wait_us=18 ring_copy_us=8247 patch_us=2331 byte_swap_us=9 staging_us=4181 event_submit_us=17348 event_complete_us=20464 frame_us=33931 tear_edge_observed=1 frame_reused=1 pass=1
[21:16:22] TINYDRAW_PANSEQ_FRAME zoom=100 step=15 dx=24 dy=18 scroll_us=11 exposed_compose_us=4470 chrome_us=2331 tear_wait_us=12338 present_us=15978 prepare_us=10501 acquire_wait_us=19 ring_copy_us=8167 patch_us=2326 byte_swap_us=8 staging_us=4256 event_submit_us=16944 event_complete_us=20058 frame_us=32925 tear_edge_observed=1 frame_reused=1 pass=1
[21:16:22] TINYDRAW_PANSEQ_FRAME zoom=100 step=16 dx=72 dy=54 scroll_us=11 exposed_compose_us=11720 chrome_us=2318 tear_wait_us=5694 present_us=16376 prepare_us=10576 acquire_wait_us=19 ring_copy_us=8254 patch_us=2313 byte_swap_us=9 staging_us=4200 event_submit_us=17553 event_complete_us=20679 frame_us=33930 tear_edge_observed=1 frame_reused=1 pass=1
[21:16:22] TINYDRAW_PANSEQ_FRAME zoom=100 step=17 dx=72 dy=54 scroll_us=11 exposed_compose_us=11677 chrome_us=2341 tear_wait_us=5345 present_us=15767 prepare_us=10555 acquire_wait_us=19 ring_copy_us=8210 patch_us=2338 byte_swap_us=7 staging_us=4226 event_submit_us=17157 event_complete_us=20285 frame_us=32928 tear_edge_observed=1 frame_reused=1 pass=1
[21:16:22] TINYDRAW_PANSEQ_FRAME zoom=100 step=18 dx=72 dy=54 scroll_us=11 exposed_compose_us=10055 chrome_us=2322 tear_wait_us=7566 present_us=16165 prepare_us=10557 acquire_wait_us=39 ring_copy_us=8232 patch_us=2316 byte_swap_us=9 staging_us=4225 event_submit_us=17762 event_complete_us=20884 frame_us=33929 tear_edge_observed=1 frame_reused=1 pass=1
[21:16:22] TINYDRAW_PANSEQ_FRAME zoom=100 step=19 dx=72 dy=54 scroll_us=11 exposed_compose_us=10032 chrome_us=2336 tear_wait_us=7202 present_us=16550 prepare_us=10552 acquire_wait_us=29 ring_copy_us=8215 patch_us=2329 byte_swap_us=8 staging_us=4230 event_submit_us=17375 event_complete_us=20503 frame_us=33926 tear_edge_observed=1 frame_reused=1 pass=1
[21:16:22] TINYDRAW_PANSEQ_FRAME zoom=100 step=20 dx=-72 dy=-54 scroll_us=11 exposed_compose_us=11530 chrome_us=2335 tear_wait_us=5315 present_us=15941 prepare_us=10553 acquire_wait_us=18 ring_copy_us=8214 patch_us=2331 byte_swap_us=8 staging_us=4210 event_submit_us=16986 event_complete_us=20093 frame_us=32929 tear_edge_observed=1 frame_reused=1 pass=1
[21:16:22] TINYDRAW_PANSEQ_FRAME zoom=100 step=21 dx=-72 dy=-54 scroll_us=11 exposed_compose_us=11651 chrome_us=2321 tear_wait_us=5800 present_us=16335 prepare_us=10511 acquire_wait_us=20 ring_copy_us=8188 patch_us=2315 byte_swap_us=8 staging_us=4246 event_submit_us=17588 event_complete_us=20703 frame_us=33926 tear_edge_observed=1 frame_reused=1 pass=1
[21:16:22] TINYDRAW_PANSEQ_FRAME zoom=100 step=22 dx=-72 dy=-54 scroll_us=11 exposed_compose_us=11702 chrome_us=2328 tear_wait_us=5357 present_us=15727 prepare_us=10594 acquire_wait_us=21 ring_copy_us=8266 patch_us=2321 byte_swap_us=7 staging_us=4186 event_submit_us=17198 event_complete_us=20318 frame_us=32929 tear_edge_observed=1 frame_reused=1 pass=1
[21:16:22] TINYDRAW_PANSEQ_FRAME zoom=100 step=23 dx=-72 dy=-54 scroll_us=11 exposed_compose_us=11358 chrome_us=2328 tear_wait_us=6294 present_us=16132 prepare_us=10519 acquire_wait_us=19 ring_copy_us=8190 patch_us=2320 byte_swap_us=9 staging_us=4266 event_submit_us=17790 event_complete_us=20909 frame_us=33926 tear_edge_observed=1 frame_reused=1 pass=1
[21:16:22] TINYDRAW_PANSEQ_STRIP zoom=100 strip=0 panel_y=0 rows=44 samples=24 staging_mean_us=1318 staging_max_us=1347 wire_budget_us=1619 over_budget_us=0 pass=1
[21:16:22] TINYDRAW_PANSEQ_STRIP zoom=100 strip=1 panel_y=44 rows=44 samples=24 staging_mean_us=1219 staging_max_us=1231 wire_budget_us=1619 over_budget_us=0 pass=1
[21:16:22] TINYDRAW_PANSEQ_STRIP zoom=100 strip=2 panel_y=88 rows=44 samples=24 staging_mean_us=1163 staging_max_us=1172 wire_budget_us=1619 over_budget_us=0 pass=1
[21:16:22] TINYDRAW_PANSEQ_STRIP zoom=100 strip=3 panel_y=132 rows=44 samples=24 staging_mean_us=1162 staging_max_us=1174 wire_budget_us=1619 over_budget_us=0 pass=1
[21:16:22] TINYDRAW_PANSEQ_STRIP zoom=100 strip=4 panel_y=176 rows=44 samples=24 staging_mean_us=1162 staging_max_us=1177 wire_budget_us=1619 over_budget_us=0 pass=1
[21:16:22] TINYDRAW_PANSEQ_STRIP zoom=100 strip=5 panel_y=220 rows=44 samples=24 staging_mean_us=1190 staging_max_us=1206 wire_budget_us=1619 over_budget_us=0 pass=1
[21:16:22] TINYDRAW_PANSEQ_STRIP zoom=100 strip=6 panel_y=264 rows=44 samples=24 staging_mean_us=1370 staging_max_us=1395 wire_budget_us=1619 over_budget_us=0 pass=1
[21:16:22] TINYDRAW_PANSEQ_STRIP zoom=100 strip=7 panel_y=308 rows=44 samples=24 staging_mean_us=1361 staging_max_us=1378 wire_budget_us=1619 over_budget_us=0 pass=1
[21:16:22] TINYDRAW_PANSEQ_STRIP zoom=100 strip=8 panel_y=352 rows=20 samples=24 staging_mean_us=637 staging_max_us=659 wire_budget_us=736 over_budget_us=0 pass=1
[21:16:22] TINYDRAW_GATE1_PANSEQ zoom=100 frames=24 scroll_avg_us=11 exposed_avg_us=6623 chrome_avg_us=2336 tear_wait_avg_us=10370 present_avg_us=16209 prepare_avg_us=10566 acquire_wait_avg_us=20 ring_copy_avg_us=8228 patch_avg_us=2330 byte_swap_avg_us=8 staging_avg_us=4215 frame_avg_us=33346 frame_p50_us=33926 frame_p95_us=33931 frame_max_us=33931 complete_p50_us=20407 complete_p95_us=20884 complete_max_us=20909 tear_edge_failures=0 presentation_experiment=boundary-top-sweep te_edge=rising requested_clock_mhz=50 effective_clock_mhz=40 chrome_bottom_redraws=0 chrome_battery_redraws=0 chrome_zoom_redraws=0 chrome_minimap_base_redraws=0 strip_samples=216 staging_mean_us=1176 staging_max_us=1395 worst_strip=8 worst_strip_y=352 worst_wire_budget_us=736 worst_headroom_us=77 staging_invariant=1 pacing_pass=1 all_reused=1 pass=1
[21:16:24] TINYDRAW_PANSEQ_FRAME zoom=400 step=0 dx=24 dy=18 scroll_us=13 exposed_compose_us=4319 chrome_us=2139 tear_wait_us=9132 present_us=16363 prepare_us=10416 acquire_wait_us=19 ring_copy_us=8278 patch_us=2129 byte_swap_us=9 staging_us=4388 event_submit_us=13602 event_complete_us=16761 frame_us=29966 tear_edge_observed=1 frame_reused=1 pass=1
[21:16:24] TINYDRAW_PANSEQ_FRAME zoom=400 step=1 dx=24 dy=18 scroll_us=11 exposed_compose_us=4405 chrome_us=2151 tear_wait_us=12634 present_us=15745 prepare_us=10389 acquire_wait_us=20 ring_copy_us=8235 patch_us=2145 byte_swap_us=9 staging_us=4406 event_submit_us=17178 event_complete_us=20319 frame_us=32929 tear_edge_observed=1 frame_reused=1 pass=1
[21:16:24] TINYDRAW_PANSEQ_FRAME zoom=400 step=2 dx=24 dy=18 scroll_us=11 exposed_compose_us=4119 chrome_us=2141 tear_wait_us=13524 present_us=16140 prepare_us=10416 acquire_wait_us=19 ring_copy_us=8272 patch_us=2137 byte_swap_us=7 staging_us=4392 event_submit_us=17784 event_complete_us=20924 frame_us=33927 tear_edge_observed=1 frame_reused=1 pass=1
[21:16:24] TINYDRAW_PANSEQ_FRAME zoom=400 step=3 dx=24 dy=18 scroll_us=11 exposed_compose_us=4615 chrome_us=2164 tear_wait_us=12651 present_us=16516 prepare_us=10373 acquire_wait_us=19 ring_copy_us=8210 patch_us=2154 byte_swap_us=9 staging_us=4419 event_submit_us=17416 event_complete_us=20549 frame_us=33927 tear_edge_observed=1 frame_reused=1 pass=1
[21:16:24] TINYDRAW_PANSEQ_FRAME zoom=400 step=4 dx=24 dy=18 scroll_us=11 exposed_compose_us=4168 chrome_us=2185 tear_wait_us=12726 present_us=15892 prepare_us=10427 acquire_wait_us=19 ring_copy_us=8237 patch_us=2182 byte_swap_us=8 staging_us=4369 event_submit_us=17033 event_complete_us=20161 frame_us=32928 tear_edge_observed=1 frame_reused=1 pass=1
[21:16:24] TINYDRAW_PANSEQ_FRAME zoom=400 step=5 dx=24 dy=18 scroll_us=11 exposed_compose_us=4436 chrome_us=2174 tear_wait_us=13074 present_us=16273 prepare_us=10378 acquire_wait_us=18 ring_copy_us=8204 patch_us=2166 byte_swap_us=8 staging_us=4414 event_submit_us=17659 event_complete_us=20796 frame_us=33927 tear_edge_observed=1 frame_reused=1 pass=1
[21:16:24] TINYDRAW_PANSEQ_FRAME zoom=400 step=6 dx=24 dy=18 scroll_us=11 exposed_compose_us=4088 chrome_us=2165 tear_wait_us=13046 present_us=16649 prepare_us=10454 acquire_wait_us=19 ring_copy_us=8283 patch_us=2163 byte_swap_us=8 staging_us=4336 event_submit_us=17275 event_complete_us=20410 frame_us=33928 tear_edge_observed=1 frame_reused=1 pass=1
[21:16:24] TINYDRAW_PANSEQ_FRAME zoom=400 step=7 dx=24 dy=18 scroll_us=11 exposed_compose_us=4408 chrome_us=2154 tear_wait_us=12343 present_us=16028 prepare_us=10339 acquire_wait_us=18 ring_copy_us=8186 patch_us=2145 byte_swap_us=8 staging_us=4437 event_submit_us=16900 event_complete_us=20022 frame_us=32927 tear_edge_observed=1 frame_reused=1 pass=1
[21:16:24] TINYDRAW_PANSEQ_FRAME zoom=400 step=8 dx=24 dy=18 scroll_us=11 exposed_compose_us=4386 chrome_us=2159 tear_wait_us=12981 present_us=16418 prepare_us=10416 acquire_wait_us=28 ring_copy_us=8252 patch_us=2156 byte_swap_us=8 staging_us=4389 event_submit_us=17506 event_complete_us=20656 frame_us=33928 tear_edge_observed=1 frame_reused=1 pass=1
[21:16:24] TINYDRAW_PANSEQ_FRAME zoom=400 step=9 dx=24 dy=18 scroll_us=11 exposed_compose_us=4404 chrome_us=2166 tear_wait_us=12573 present_us=15805 prepare_us=10360 acquire_wait_us=18 ring_copy_us=8194 patch_us=2157 byte_swap_us=9 staging_us=4439 event_submit_us=17117 event_complete_us=20241 frame_us=32927 tear_edge_observed=1 frame_reused=1 pass=1
[21:16:24] TINYDRAW_PANSEQ_FRAME zoom=400 step=10 dx=24 dy=18 scroll_us=11 exposed_compose_us=4123 chrome_us=2140 tear_wait_us=13480 present_us=16180 prepare_us=10412 acquire_wait_us=19 ring_copy_us=8262 patch_us=2133 byte_swap_us=17 staging_us=4386 event_submit_us=17745 event_complete_us=20871 frame_us=33928 tear_edge_observed=1 frame_reused=1 pass=1
[21:16:24] TINYDRAW_PANSEQ_FRAME zoom=400 step=11 dx=24 dy=18 scroll_us=11 exposed_compose_us=4637 chrome_us=2159 tear_wait_us=12600 present_us=16547 prepare_us=10356 acquire_wait_us=19 ring_copy_us=8194 patch_us=2153 byte_swap_us=9 staging_us=4432 event_submit_us=17377 event_complete_us=20512 frame_us=33927 tear_edge_observed=1 frame_reused=1 pass=1
[21:16:24] TINYDRAW_PANSEQ_FRAME zoom=400 step=12 dx=24 dy=18 scroll_us=11 exposed_compose_us=4157 chrome_us=2160 tear_wait_us=12717 present_us=15912 prepare_us=10389 acquire_wait_us=18 ring_copy_us=8223 patch_us=2157 byte_swap_us=9 staging_us=4406 event_submit_us=17012 event_complete_us=20148 frame_us=32928 tear_edge_observed=1 frame_reused=1 pass=1
[21:16:24] TINYDRAW_PANSEQ_FRAME zoom=400 step=13 dx=24 dy=18 scroll_us=11 exposed_compose_us=4418 chrome_us=2155 tear_wait_us=13077 present_us=16288 prepare_us=10357 acquire_wait_us=18 ring_copy_us=8199 patch_us=2150 byte_swap_us=8 staging_us=4418 event_submit_us=17645 event_complete_us=20773 frame_us=33927 tear_edge_observed=1 frame_reused=1 pass=1
[21:16:24] TINYDRAW_PANSEQ_FRAME zoom=400 step=14 dx=24 dy=18 scroll_us=11 exposed_compose_us=4126 chrome_us=2157 tear_wait_us=12990 present_us=16672 prepare_us=10450 acquire_wait_us=20 ring_copy_us=8284 patch_us=2158 byte_swap_us=8 staging_us=4354 event_submit_us=17253 event_complete_us=20398 frame_us=33928 tear_edge_observed=1 frame_reused=1 pass=1
[21:16:24] TINYDRAW_PANSEQ_FRAME zoom=400 step=15 dx=24 dy=18 scroll_us=11 exposed_compose_us=4455 chrome_us=2159 tear_wait_us=12266 present_us=16054 prepare_us=10350 acquire_wait_us=20 ring_copy_us=8190 patch_us=2152 byte_swap_us=8 staging_us=4419 event_submit_us=16874 event_complete_us=19984 frame_us=32927 tear_edge_observed=1 frame_reused=1 pass=1
[21:16:24] TINYDRAW_PANSEQ_FRAME zoom=400 step=16 dx=72 dy=54 scroll_us=11 exposed_compose_us=11699 chrome_us=2161 tear_wait_us=5630 present_us=16455 prepare_us=10408 acquire_wait_us=19 ring_copy_us=8244 patch_us=2155 byte_swap_us=9 staging_us=4388 event_submit_us=17471 event_complete_us=20599 frame_us=33928 tear_edge_observed=1 frame_reused=1 pass=1
[21:16:24] TINYDRAW_PANSEQ_FRAME zoom=400 step=17 dx=72 dy=54 scroll_us=11 exposed_compose_us=11486 chrome_us=2189 tear_wait_us=5450 present_us=15848 prepare_us=10374 acquire_wait_us=18 ring_copy_us=8181 patch_us=2184 byte_swap_us=9 staging_us=4405 event_submit_us=17075 event_complete_us=20201 frame_us=32927 tear_edge_observed=1 frame_reused=1 pass=1
[21:16:24] TINYDRAW_PANSEQ_FRAME zoom=400 step=18 dx=72 dy=54 scroll_us=11 exposed_compose_us=11398 chrome_us=2159 tear_wait_us=6143 present_us=16243 prepare_us=10387 acquire_wait_us=18 ring_copy_us=8226 patch_us=2154 byte_swap_us=7 staging_us=4384 event_submit_us=17682 event_complete_us=20797 frame_us=33928 tear_edge_observed=1 frame_reused=1 pass=1
[21:16:24] TINYDRAW_PANSEQ_FRAME zoom=400 step=19 dx=72 dy=54 scroll_us=11 exposed_compose_us=11609 chrome_us=2163 tear_wait_us=5543 present_us=16632 prepare_us=10392 acquire_wait_us=19 ring_copy_us=8225 patch_us=2158 byte_swap_us=9 staging_us=4375 event_submit_us=17290 event_complete_us=20404 frame_us=33928 tear_edge_observed=1 frame_reused=1 pass=1
[21:16:24] TINYDRAW_PANSEQ_FRAME zoom=400 step=20 dx=-72 dy=-54 scroll_us=11 exposed_compose_us=11744 chrome_us=2153 tear_wait_us=5002 present_us=16030 prepare_us=10354 acquire_wait_us=19 ring_copy_us=8203 patch_us=2142 byte_swap_us=9 staging_us=4408 event_submit_us=16900 event_complete_us=20004 frame_us=32926 tear_edge_observed=1 frame_reused=1 pass=1
[21:16:24] TINYDRAW_PANSEQ_FRAME zoom=400 step=21 dx=-72 dy=-54 scroll_us=11 exposed_compose_us=11653 chrome_us=2151 tear_wait_us=5697 present_us=16430 prepare_us=10341 acquire_wait_us=20 ring_copy_us=8189 patch_us=2144 byte_swap_us=8 staging_us=4443 event_submit_us=17491 event_complete_us=20610 frame_us=33928 tear_edge_observed=1 frame_reused=1 pass=1
[21:16:24] TINYDRAW_PANSEQ_FRAME zoom=400 step=22 dx=-72 dy=-54 scroll_us=11 exposed_compose_us=11695 chrome_us=2190 tear_wait_us=5253 present_us=15834 prepare_us=10407 acquire_wait_us=20 ring_copy_us=8211 patch_us=2188 byte_swap_us=8 staging_us=4363 event_submit_us=17089 event_complete_us=20200 frame_us=32926 tear_edge_observed=1 frame_reused=1 pass=1
[21:16:24] TINYDRAW_PANSEQ_FRAME zoom=400 step=23 dx=-72 dy=-54 scroll_us=11 exposed_compose_us=11362 chrome_us=2174 tear_wait_us=6189 present_us=16229 prepare_us=10355 acquire_wait_us=19 ring_copy_us=8181 patch_us=2166 byte_swap_us=8 staging_us=4426 event_submit_us=17694 event_complete_us=20811 frame_us=33928 tear_edge_observed=1 frame_reused=1 pass=1
[21:16:24] TINYDRAW_PANSEQ_STRIP zoom=400 strip=0 panel_y=0 rows=44 samples=24 staging_mean_us=1323 staging_max_us=1351 wire_budget_us=1619 over_budget_us=0 pass=1
[21:16:24] TINYDRAW_PANSEQ_STRIP zoom=400 strip=1 panel_y=44 rows=44 samples=24 staging_mean_us=1215 staging_max_us=1228 wire_budget_us=1619 over_budget_us=0 pass=1
[21:16:24] TINYDRAW_PANSEQ_STRIP zoom=400 strip=2 panel_y=88 rows=44 samples=24 staging_mean_us=1163 staging_max_us=1171 wire_budget_us=1619 over_budget_us=0 pass=1
[21:16:24] TINYDRAW_PANSEQ_STRIP zoom=400 strip=3 panel_y=132 rows=44 samples=24 staging_mean_us=1162 staging_max_us=1173 wire_budget_us=1619 over_budget_us=0 pass=1
[21:16:24] TINYDRAW_PANSEQ_STRIP zoom=400 strip=4 panel_y=176 rows=44 samples=24 staging_mean_us=1163 staging_max_us=1176 wire_budget_us=1619 over_budget_us=0 pass=1
[21:16:24] TINYDRAW_PANSEQ_STRIP zoom=400 strip=5 panel_y=220 rows=44 samples=24 staging_mean_us=1148 staging_max_us=1160 wire_budget_us=1619 over_budget_us=0 pass=1
[21:16:24] TINYDRAW_PANSEQ_STRIP zoom=400 strip=6 panel_y=264 rows=44 samples=24 staging_mean_us=1321 staging_max_us=1349 wire_budget_us=1619 over_budget_us=0 pass=1
[21:16:24] TINYDRAW_PANSEQ_STRIP zoom=400 strip=7 panel_y=308 rows=44 samples=24 staging_mean_us=1314 staging_max_us=1329 wire_budget_us=1619 over_budget_us=0 pass=1
[21:16:24] TINYDRAW_PANSEQ_STRIP zoom=400 strip=8 panel_y=352 rows=20 samples=24 staging_mean_us=593 staging_max_us=614 wire_budget_us=736 over_budget_us=0 pass=1
[21:16:25] TINYDRAW_GATE1_PANSEQ zoom=400 frames=24 scroll_avg_us=11 exposed_avg_us=6746 chrome_avg_us=2161 tear_wait_avg_us=10280 present_avg_us=16215 prepare_avg_us=10387 acquire_wait_avg_us=19 ring_copy_avg_us=8223 patch_avg_us=2155 byte_swap_avg_us=8 staging_avg_us=4399 frame_avg_us=33387 frame_p50_us=33927 frame_p95_us=33928 frame_max_us=33928 complete_p50_us=20404 complete_p95_us=20871 complete_max_us=20924 tear_edge_failures=0 presentation_experiment=boundary-top-sweep te_edge=rising requested_clock_mhz=50 effective_clock_mhz=40 chrome_bottom_redraws=0 chrome_battery_redraws=0 chrome_zoom_redraws=0 chrome_minimap_base_redraws=0 strip_samples=216 staging_mean_us=1156 staging_max_us=1351 worst_strip=8 worst_strip_y=352 worst_wire_budget_us=736 worst_headroom_us=122 staging_invariant=1 pacing_pass=1 all_reused=1 pass=1
[21:16:25] TINYDRAW_GATE1_PAN_BOUNDARY zoom=100 slow_1px_trace=1 below_delta=94 below_reused=1 at_delta=96 at_reused=1 above_delta=98 above_fallback=1 pass=1
[21:16:25] TINYDRAW_GATE1_PAN_BOUNDARY zoom=400 slow_1px_trace=1 below_delta=94 below_reused=1 at_delta=96 at_reused=1 above_delta=98 above_fallback=1 pass=1
[21:16:26] TINYDRAW_GATE1_DRAW_FILL zoom=400 revision=2930 append_us=1396 poll_gap_us=94 event_submit_us=222 event_complete_us=2089 max_compute_slice_us=5543 max_display_slice_us=17256 fill_us=224232 revision_restarted=1 pass=1
[21:16:26] TINYDRAW_GATE1_CACHE_FILL zoom=50 x=63 y=63 published=56 total_us=596968 within_cold_gate=0 complete=1
[21:16:27] TINYDRAW_GATE1_CACHE_FILL zoom=100 x=63 y=63 published=56 total_us=480968 within_cold_gate=1 complete=1
[21:16:27] TINYDRAW_GATE1_CACHE_FILL zoom=200 x=63 y=63 published=56 total_us=335968 within_cold_gate=1 complete=1
[21:16:27] TINYDRAW_GATE1_CACHE_FILL zoom=400 x=63 y=63 published=56 total_us=276966 within_cold_gate=1 complete=1
[21:16:27] TINYDRAW_GATE1_CACHE_REVISIT zoom=50 remaining=0 tile_pixels=118128 fallback_pixels=0 compose_us=15911 complete_us=20428 hit=1
[21:16:27] TINYDRAW_GATE1_CACHE_REVISIT zoom=100 remaining=0 tile_pixels=164864 fallback_pixels=0 compose_us=18370 complete_us=19994 hit=1
[21:16:28] TINYDRAW_GATE1_CACHE_REVISIT zoom=200 remaining=0 tile_pixels=164864 fallback_pixels=0 compose_us=18365 complete_us=20561 hit=1
[21:16:28] TINYDRAW_GATE1_CACHE_REVISIT zoom=400 remaining=0 tile_pixels=164608 fallback_pixels=0 compose_us=18395 complete_us=20152 hit=1
[21:16:28] TINYDRAW_GATE1_CACHE_FILL zoom=400 x=575 y=575 published=56 total_us=292968 within_cold_gate=1 complete=1
[21:16:28] TINYDRAW_GATE1_CACHE_ROUND_TRIP zoom=50 from_x=63 from_y=63 via_x=575 via_y=575 remaining=0 tile_pixels=118128 fallback_pixels=0 compose_us=15921 complete_us=20550 hit=1
[21:16:28] TINYDRAW_GATE1_CACHE_ROUND_TRIP zoom=100 from_x=63 from_y=63 via_x=575 via_y=575 remaining=0 tile_pixels=164864 fallback_pixels=0 compose_us=18404 complete_us=20147 hit=1
[21:16:28] TINYDRAW_GATE1_CACHE_ROUND_TRIP zoom=200 from_x=63 from_y=63 via_x=575 via_y=575 remaining=0 tile_pixels=164864 fallback_pixels=0 compose_us=18399 complete_us=20757 hit=1
[21:16:28] TINYDRAW_GATE1_CACHE_ROUND_TRIP zoom=400 from_x=63 from_y=63 via_x=575 via_y=575 remaining=0 tile_pixels=164608 fallback_pixels=0 compose_us=18404 complete_us=20352 hit=1
[21:16:28] TINYDRAW_GATE1_CACHE_RETENTION pass=1 slots=448 revision=2930
[21:16:29] TINYDRAW_PAPER_SWEEP zoom=100 identities=644 raw=266 uniform=378 fallback=0 slots=448 total_us=1331217 pass=1
[21:16:29] TINYDRAW_RERENDER_LEDGER_RESET site=cache_tour_start
[21:16:33] TINYDRAW_GATE1_CACHE_TOUR slots=448 stops=16 forward_steps=2162 forward_tiles=832 forward_wall_us=1324258 return_missing_tiles=0 return_steps=16 return_tiles=0 return_wall_us=6009 home_missing=0 home_fallback_pixels=0 pass=1
[21:16:33] TINYDRAW_RERENDER_LEDGER site=cache_tour renders=137 unique=137 amplification=1.000 cold=137 damage=0 evict=0 stale=0 unexplained=0
[21:16:33] TINYDRAW_GATE1_MIXED_DRAW_WARM zoom=50 fill_tiles=56 fill_us=523900 raw=42 uniform=14
[21:16:34] TINYDRAW_GATE1_MIXED_DRAW_WARM zoom=100 fill_tiles=56 fill_us=402040 raw=56 uniform=0
[21:16:34] TINYDRAW_GATE1_MIXED_DRAW_WARM zoom=200 fill_tiles=56 fill_us=310800 raw=56 uniform=0
[21:16:34] TINYDRAW_GATE1_MIXED_DRAW_WARM zoom=400 fill_tiles=42 fill_us=197651 raw=42 uniform=0
[21:16:35] TINYDRAW_GATE1_MIXED_DRAW zoom=25 tool=pen chunks=50 append_max_us=124 append_avg_us=68 append_total_us=3402 affected_tiles=196 published=0 fallback=196 visible_fallback=0 drop_uni_slot=0 drop_uni_paint=0 drop_raw_edit=0 drop_raw_paint=0 off_skip=0 drain_ops=50 drain_total_us=581601 drain_max_us=13091 ph_prepare_max_us=111 ph_overview_max_us=8924 ph_enumerate_max_us=569 ph_uniform_max_us=110 ph_raw_max_us=15 ph_offscreen_max_us=13 ph_commit_max_us=3543 committed=1 authority=1 refresh=1 run_ok=1 pass=1
[21:16:36] TINYDRAW_GATE1_MIXED_DRAW zoom=25 tool=eraser chunks=50 append_max_us=133 append_avg_us=68 append_total_us=3416 affected_tiles=0 published=0 fallback=0 visible_fallback=0 drop_uni_slot=0 drop_uni_paint=0 drop_raw_edit=0 drop_raw_paint=0 off_skip=0 drain_ops=50 drain_total_us=578733 drain_max_us=13011 ph_prepare_max_us=114 ph_overview_max_us=8955 ph_enumerate_max_us=448 ph_uniform_max_us=14 ph_raw_max_us=4 ph_offscreen_max_us=3 ph_commit_max_us=3564 committed=1 authority=1 refresh=1 run_ok=1 pass=1
[21:16:41] TINYDRAW_GATE1_MIXED_DRAW zoom=50 tool=pen chunks=50 append_max_us=155 append_avg_us=72 append_total_us=3642 affected_tiles=422 published=400 fallback=22 visible_fallback=0 drop_uni_slot=0 drop_uni_paint=0 drop_raw_edit=0 drop_raw_paint=0 off_skip=0 drain_ops=50 drain_total_us=800157 drain_max_us=19033 ph_prepare_max_us=142 ph_overview_max_us=3786 ph_enumerate_max_us=570 ph_uniform_max_us=5321 ph_raw_max_us=11889 ph_offscreen_max_us=7 ph_commit_max_us=1742 committed=1 authority=1 refresh=1 run_ok=1 pass=1
[21:16:41] TINYDRAW_GATE1_MIXED_DRAW zoom=50 tool=eraser chunks=50 append_max_us=155 append_avg_us=73 append_total_us=3679 affected_tiles=405 published=405 fallback=0 visible_fallback=0 drop_uni_slot=0 drop_uni_paint=0 drop_raw_edit=0 drop_raw_paint=0 off_skip=0 drain_ops=50 drain_total_us=787568 drain_max_us=17575 ph_prepare_max_us=139 ph_overview_max_us=3739 ph_enumerate_max_us=606 ph_uniform_max_us=30 ph_raw_max_us=11878 ph_offscreen_max_us=9 ph_commit_max_us=1542 committed=1 authority=1 refresh=1 run_ok=1 pass=1
[21:16:41] TINYDRAW_GATE1_MIXED_DRAW zoom=100 tool=pen chunks=50 append_max_us=173 append_avg_us=78 append_total_us=3924 affected_tiles=450 published=398 fallback=52 visible_fallback=0 drop_uni_slot=0 drop_uni_paint=0 drop_raw_edit=0 drop_raw_paint=0 off_skip=0 drain_ops=50 drain_total_us=672555 drain_max_us=15406 ph_prepare_max_us=157 ph_overview_max_us=1915 ph_enumerate_max_us=543 ph_uniform_max_us=4419 ph_raw_max_us=11800 ph_offscreen_max_us=8 ph_commit_max_us=1019 committed=1 authority=1 refresh=1 run_ok=1 pass=1
[21:16:44] TINYDRAW_GATE1_MIXED_DRAW zoom=100 tool=eraser chunks=50 append_max_us=172 append_avg_us=76 append_total_us=3812 affected_tiles=399 published=399 fallback=0 visible_fallback=0 drop_uni_slot=0 drop_uni_paint=0 drop_raw_edit=0 drop_raw_paint=0 off_skip=0 drain_ops=50 drain_total_us=661071 drain_max_us=14846 ph_prepare_max_us=152 ph_overview_max_us=1899 ph_enumerate_max_us=606 ph_uniform_max_us=28 ph_raw_max_us=11869 ph_offscreen_max_us=3 ph_commit_max_us=841 committed=1 authority=1 refresh=1 run_ok=1 pass=1
[21:16:44] TINYDRAW_GATE1_MIXED_DRAW zoom=200 tool=pen chunks=50 append_max_us=154 append_avg_us=71 append_total_us=3582 affected_tiles=425 published=389 fallback=36 visible_fallback=0 drop_uni_slot=0 drop_uni_paint=0 drop_raw_edit=0 drop_raw_paint=0 off_skip=0 drain_ops=50 drain_total_us=620459 drain_max_us=14789 ph_prepare_max_us=136 ph_overview_max_us=1062 ph_enumerate_max_us=551 ph_uniform_max_us=4580 ph_raw_max_us=11864 ph_offscreen_max_us=11 ph_commit_max_us=864 committed=1 authority=1 refresh=1 run_ok=1 pass=1
[21:16:47] TINYDRAW_GATE1_MIXED_DRAW zoom=200 tool=eraser chunks=50 append_max_us=155 append_avg_us=73 append_total_us=3691 affected_tiles=388 published=388 fallback=0 visible_fallback=0 drop_uni_slot=0 drop_uni_paint=0 drop_raw_edit=0 drop_raw_paint=0 off_skip=0 drain_ops=50 drain_total_us=606522 drain_max_us=13954 ph_prepare_max_us=135 ph_overview_max_us=1066 ph_enumerate_max_us=556 ph_uniform_max_us=29 ph_raw_max_us=11853 ph_offscreen_max_us=4 ph_commit_max_us=724 committed=1 authority=1 refresh=1 run_ok=1 pass=1
[21:16:47] TINYDRAW_GATE1_MIXED_DRAW zoom=400 tool=pen chunks=50 append_max_us=162 append_avg_us=74 append_total_us=3734 affected_tiles=359 published=334 fallback=25 visible_fallback=0 drop_uni_slot=0 drop_uni_paint=0 drop_raw_edit=0 drop_raw_paint=0 off_skip=0 drain_ops=50 drain_total_us=572264 drain_max_us=13874 ph_prepare_max_us=144 ph_overview_max_us=718 ph_enumerate_max_us=697 ph_uniform_max_us=3314 ph_raw_max_us=11204 ph_offscreen_max_us=9 ph_commit_max_us=790 committed=1 authority=1 refresh=1 run_ok=1 pass=1
[21:16:47] TINYDRAW_GATE1_MIXED_DRAW zoom=400 tool=eraser chunks=50 append_max_us=138 append_avg_us=70 append_total_us=3545 affected_tiles=350 published=350 fallback=0 visible_fallback=0 drop_uni_slot=0 drop_uni_paint=0 drop_raw_edit=0 drop_raw_paint=0 off_skip=0 drain_ops=50 drain_total_us=565952 drain_max_us=12952 ph_prepare_max_us=127 ph_overview_max_us=717 ph_enumerate_max_us=724 ph_uniform_max_us=28 ph_raw_max_us=11221 ph_offscreen_max_us=5 ph_commit_max_us=674 committed=1 authority=1 refresh=1 run_ok=1 pass=1
[21:16:47] TINYDRAW_GATE1_MIXED_DRAW_REVISIT zoom=50 missing=4 refill_tiles=4 refill_us=187887
[21:16:48] TINYDRAW_GATE1_MIXED_DRAW_REVISIT zoom=100 missing=9 refill_tiles=9 refill_us=323729
[21:16:48] TINYDRAW_GATE1_MIXED_DRAW_REVISIT zoom=200 missing=16 refill_tiles=16 refill_us=325313
[21:16:48] TINYDRAW_GATE1_MIXED_DRAW_REVISIT zoom=400 missing=0 refill_tiles=0 refill_us=310
[21:16:48] TINYDRAW_GATE1_MIXED_DRAW_SUMMARY slots=448 strokes=10 worst_append_us=173 pass=1
[21:16:54] TINYDRAW_GATE1_IDLE_REPAIR damaged=588 remaining=0 plan_views=24 steps=4378 repair_us=3831563 worst_step_us=5458 warm_tiles=56 pass=1
[21:16:55] TINYDRAW_INKTRACE trace=fast-curve-dense-25 zoom=25 events=411 consumed=391 coalesced=20 down=1/1 up=1/1 max_time_gap_us=4071 max_space_gap_px=55.33 e2c_p50=505 e2c_p95=1570 e2c_max=1576 e2g_p95=777 e2s_p95=2516 e2d_p50=2252 e2d_p95=3369 e2d_max=3618 latency_samples=33 presentation_failures=0 commit_failures=0 overflows=0 revision=3482 fb_tiles=0 fb_start=0 fb_mid_max=0 fb_up_max=0 fb_end=0 drop_uni_slot=0 drop_uni_paint=0 drop_raw_edit=0 drop_raw_paint=0 off_skip=0 drain_ops=2 drain_max_us=20830 latency_pass=1 pass=1
[21:16:55] TINYDRAW_INKTRACE trace=fast-curve-400 zoom=400 events=414 consumed=368 coalesced=46 down=1/1 up=1/1 max_time_gap_us=4071 max_space_gap_px=65.51 e2c_p50=505 e2c_p95=1038 e2c_max=2036 e2g_p95=777 e2s_p95=2651 e2d_p50=2429 e2d_p95=3929 e2d_max=3930 latency_samples=33 presentation_failures=0 commit_failures=0 overflows=0 revision=3484 fb_tiles=42 fb_start=30 fb_mid_max=30 fb_up_max=30 fb_end=30 drop_uni_slot=0 drop_uni_paint=0 drop_raw_edit=0 drop_raw_paint=0 off_skip=0 drain_ops=2 drain_max_us=5971 latency_pass=1 pass=1
[21:16:58] TINYDRAW_INKTRACE trace=fast-curve-400-xl zoom=400 events=2296 consumed=1971 coalesced=325 down=1/1 up=1/1 max_time_gap_us=5075 max_space_gap_px=47.85 e2c_p50=505 e2c_p95=564 e2c_max=1576 e2g_p95=784 e2s_p95=2947 e2d_p50=3220 e2d_p95=4438 e2d_max=5447 latency_samples=172 presentation_failures=0 commit_failures=0 overflows=0 revision=3490 fb_tiles=42 fb_start=30 fb_mid_max=30 fb_up_max=30 fb_end=30 drop_uni_slot=0 drop_uni_paint=0 drop_raw_edit=0 drop_raw_paint=0 off_skip=0 drain_ops=6 drain_max_us=9067 latency_pass=1 pass=1
[21:16:59] TINYDRAW_INKTRACE trace=slow-precise-100 zoom=100 events=741 consumed=700 coalesced=41 down=1/1 up=1/1 max_time_gap_us=2999 max_space_gap_px=13.45 e2c_p50=505 e2c_p95=1056 e2c_max=1904 e2g_p95=777 e2s_p95=1783 e2d_p50=1920 e2d_p95=2261 e2d_max=2283 latency_samples=53 presentation_failures=0 commit_failures=0 overflows=0 revision=3492 fb_tiles=42 fb_start=24 fb_mid_max=24 fb_up_max=24 fb_end=24 drop_uni_slot=0 drop_uni_paint=0 drop_raw_edit=0 drop_raw_paint=0 off_skip=0 drain_ops=2 drain_max_us=6164 latency_pass=1 pass=1
[21:17:02] TINYDRAW_INKTRACE trace=scribble-multistroke zoom=100 events=848 consumed=742 coalesced=106 down=7/7 up=7/7 max_time_gap_us=6075 max_space_gap_px=109.46 e2c_p50=505 e2c_p95=576 e2c_max=2045 e2g_p95=778 e2s_p95=3424 e2d_p50=3117 e2d_p95=5227 e2d_max=6215 latency_samples=55 presentation_failures=0 commit_failures=0 overflows=0 revision=3499 fb_tiles=42 fb_start=24 fb_mid_max=24 fb_up_max=24 fb_end=24 drop_uni_slot=0 drop_uni_paint=0 drop_raw_edit=0 drop_raw_paint=0 off_skip=0 drain_ops=7 drain_max_us=6134 latency_pass=1 pass=1
[21:17:03] TINYDRAW_HAIRLINE_DOC ops=782 samples=8061 append_total_us=1058874 append_max_us=7097
[21:17:03] TINYDRAW_GATE1_PACED_COLD corpus=evil_hairlines_capacity zoom=100 x=552 y=672 steps=239 tiles=56 compute_us=228610 present_us=76936 touch_us=528 pacing_us=8902 wall_us=314976 maximum_wall_us=500000 max_tick_us=8911 touch_samples=45904 touch_interval_max_us=2144 touch_read_max_us=617 touch_events=0 touch_down=0 touch_up=0 touch_events_ge_8ms=0 touch_event_age_max_us=0 touch_errors=0 touch_overflows=0 pass=1
[21:17:04] TINYDRAW_GATE1_PACED_COLD corpus=evil_hairlines_capacity zoom=400 x=2760 y=3360 steps=212 tiles=48 compute_us=132039 present_us=72906 touch_us=366 pacing_us=6641 wall_us=211952 maximum_wall_us=500000 max_tick_us=8763 touch_samples=283 touch_interval_max_us=1904 touch_read_max_us=468 touch_events=0 touch_down=0 touch_up=0 touch_events_ge_8ms=0 touch_event_age_max_us=0 touch_errors=0 touch_overflows=0 pass=1
[21:17:06] TINYDRAW_HAIRLINE_REPAIR steps=2372 wall_us=2142112 worst_step_us=4664 resident=407/448 grid_stopped=1 pass2_steps=8 pass2_wall_us=2168 no_churn=1
[21:17:07] TINYDRAW_HAIRLINE_TOUR stops=8 total_us=900144 worst_stop_us=195633 worst_step_us=6315
[21:17:07] TINYDRAW_GATE1_HAIRLINE raw=339 uniform=72 fallback=233 capacity=448 worst_step_us=6315 grid_stopped=1 pass=1
[21:17:09] TINYDRAW_GATE1_LONG_GESTURE path=reference samples=1600 chunks=26 append_total_us=914447 append_max_us=43202 append_avg_us=35171 refresh_fallback_pixels=0 settled_fallback_pixels=0 committed=1 authority=1 refresh=1 run_ok=1
[21:17:09] TINYDRAW_GATE1_LONG_GESTURE path=in_place samples=1600 chunks=52 append_total_us=583640 append_max_us=13576 append_avg_us=11223 refresh_fallback_pixels=0 settled_fallback_pixels=0 committed=1 authority=1 refresh=1 run_ok=1
[21:17:09] TINYDRAW_V2_EXPORT_PROGRESS row=0 of=1792
[21:17:10] TINYDRAW_V2_EXPORT_PROGRESS row=256 of=1792
[21:17:11] TINYDRAW_V2_EXPORT_PROGRESS row=512 of=1792
[21:17:12] TINYDRAW_V2_EXPORT_PROGRESS row=768 of=1792
[21:17:12] TINYDRAW_V2_EXPORT_PROGRESS row=1024 of=1792
[21:17:13] TINYDRAW_V2_EXPORT_PROGRESS row=1280 of=1792
[21:17:14] TINYDRAW_V2_EXPORT_PROGRESS row=1536 of=1792
[21:17:15] TINYDRAW_GATE1_EXPORT encoded=1 bytes=40166 elapsed_us=5852951 workspace_bytes=50652 band_bytes=376832 free_psram=1859920 free_internal=179664 signature=1 dimensions=1 chunks=3 chunks_ok=1 pass=1
[21:17:15] TINYDRAW_EXPORT_RESERVE requested=1572864 free_before=1859920 largest_before=1835008 free_held=287052 largest_held=286720 pass=1
[21:17:15] TINYDRAW_RERENDER_LEDGER site=final renders=0 unique=0 amplification=0.000 cold=0 damage=0 evict=0 stale=0 unexplained=0
[21:17:15] TINYDRAW_GATE1_AUTOMATED_DONE stress=1 stress_100=1 stress_400=1 overlap_ready=1 overlap_cold=0 general_cold_ready=1 general_cold=1 workload=1 paced_cold=1 hard_100=1 hard_400=1 pan_100=1 pan_400=1 pan_seq=1 pan_boundary=1 live_overlay=1 draw_fill=1 cache=1 full_world_cache=1 cache_tour=1 mixed_draw=1 idle_repair=1 ink_trace=1 hairline_capacity=1 long_gesture=1 export_encode=1 export_reserve=1 return=1 ssaa_receipt=yellow
[21:17:15] TINYDRAW_VECTOR_V2_GATE_HARNESS_DONE pass=0
[21:17:17] TINYDRAW_VECTOR_V2_READY zoom=25 controls=chrome button=cycle_all_zooms operations_capacity=4000 samples_capacity=80000 live_storage_bytes=6383640 overview_bytes=1318912 raw_tile_bytes=3670016 tile_metadata_bytes=101360 operation_bytes=720000 live_scratch_bytes=573352 free_psram=1859920 largest_psram=1835008 te_edges=3984 te_period_us=16802 te_high_us=578 te_level=0 main_stack_free=1048
