[21:19:16] TINYDRAW_LIVE_PRESENT kind=power zoom=25 x=0 y=0 compose_us=2591ESP-ROM:esp32s3-20210327
[21:19:16] Build:Mar 27 2021
[21:19:16] rst:0x15 (USB_UART_CHIP_RESET),boot:0x2b (SPI_FAST_FLASH_BOOT)
[21:19:16] Saved PC:0x4037b8fa
[21:19:16] SPIWP:0xee
[21:19:16] mode:DIO, clock div:1
[21:19:16] load:0x3fce2820,len:0x1664
[21:19:16] load:0x403c8700,len:0xf38
[21:19:16] load:0x403cb700,len:0x31e8
[21:19:16] entry 0x403c8930
[21:19:16] I (24) boot: ESP-IDF v6.0.2 2nd stage bootloader
[21:19:16] I (24) boot: compile time Aug 16 2026 21:15:31
[21:19:16] I (25) boot: Multicore bootloader
[21:19:16] I (25) boot: chip revision: v0.2
[21:19:16] I (28) boot: efuse block revision: v1.3
[21:19:16] I (31) qio_mode: Enabling default flash chip QIO
[21:19:16] I (36) boot.esp32s3: Boot SPI Speed : 80MHz
[21:19:16] I (39) boot.esp32s3: SPI Mode       : QIO
[21:19:16] I (43) boot.esp32s3: SPI Flash Size : 16MB
[21:19:16] I (47) boot: Enabling RNG early entropy source...
[21:19:16] I (51) boot: Partition Table:
[21:19:16] I (54) boot: ## Label            Usage          Type ST Offset   Length
[21:19:16] I (60) boot:  0 nvs              WiFi data        01 02 00009000 00006000
[21:19:16] I (67) boot:  1 phy_init         RF data          01 01 0000f000 00001000
[21:19:16] I (73) boot:  2 factory          factory app      00 00 00010000 00100000
[21:19:16] I (80) boot:  3 drawing          Unknown data     01 40 00110000 00300000
[21:19:16] I (86) boot:  4 export           Unknown data     01 41 00410000 00500000
[21:19:16] I (93) boot:  5 coredump         Unknown data     01 03 00910000 00010000
[21:19:16] I (100) boot: End of partition table
[21:19:16] I (103) esp_image: segment 0: paddr=00010020 vaddr=3c050020 size=2c05ch (180316) map
[21:19:16] I (138) esp_image: segment 1: paddr=0003c084 vaddr=3fc96000 size=03764h ( 14180) load
[21:19:16] I (141) esp_image: segment 2: paddr=0003f7f0 vaddr=40374000 size=00828h (  2088) load
[21:19:16] I (143) esp_image: segment 3: paddr=00040020 vaddr=42000020 size=4f784h (325508) map
[21:19:16] I (200) esp_image: segment 4: paddr=0008f7ac vaddr=40374828 size=116ech ( 71404) load
[21:19:16] I (215) esp_image: segment 5: paddr=000a0ea0 vaddr=50000000 size=00024h (    36) load
[21:19:16] I (223) boot: Loaded app from partition at offset 0x10000
[21:19:16] I (223) boot: Disabling RNG early entropy source...
[21:19:16] I (233) octal_psram: vendor id    : 0x0d (AP)
[21:19:16] I (233) octal_psram: dev id       : 0x02 (generation 3)
[21:19:16] I (233) octal_psram: density      : 0x03 (64 Mbit)
[21:19:16] I (235) octal_psram: good-die     : 0x01 (Pass)
[21:19:16] I (239) octal_psram: Latency      : 0x01 (Fixed)
[21:19:16] I (244) octal_psram: VCC          : 0x01 (3V)
[21:19:16] I (248) octal_psram: SRF          : 0x01 (Fast Refresh)
[21:19:16] I (253) octal_psram: BurstType    : 0x01 (Hybrid Wrap)
[21:19:16] I (258) octal_psram: BurstLen     : 0x01 (32 Byte)
[21:19:16] I (262) octal_psram: Readlatency  : 0x02 (10 cycles@Fixed)
[21:19:16] I (267) octal_psram: DriveStrength: 0x00 (1/1)
[21:19:16] I (271) MSPI Timing: Enter psram timing tuning
[21:19:16] I (276) esp_psram: Found 8MB PSRAM device
[21:19:16] I (279) esp_psram: Speed: 80MHz
[21:19:16] I (282) cpu_start: Multicore app
[21:19:16] I (698) esp_psram: SPI SRAM memory test OK
[21:19:16] I (707) cpu_start: GPIO 44 and 43 are used as console UART I/O pins
[21:19:16] I (707) cpu_start: Pro cpu start user code
[21:19:16] I (707) cpu_start: cpu freq: 240000000 Hz
[21:19:16] I (709) app_init: Application information:
[21:19:16] I (713) app_init: Project name:     tinydraw_esp32
[21:19:16] I (717) app_init: App version:      afa3239-dirty
[21:19:16] I (722) app_init: Compile time:     Aug 16 2026 21:15:22
[21:19:16] I (727) app_init: ELF file SHA256:  9ca9e81f1...
[21:19:16] I (731) app_init: ESP-IDF:          v6.0.2
[21:19:16] I (735) efuse_init: Min chip rev:     v0.0
[21:19:16] I (739) efuse_init: Max chip rev:     v0.99 
[21:19:16] I (743) efuse_init: Chip rev:         v0.2
[21:19:16] I (746) heap_init: Initializing. RAM available for dynamic allocation:
[21:19:16] I (753) heap_init: At 3FC9AB90 len 0004EB80 (314 KiB): RAM
[21:19:16] I (758) heap_init: At 3FCE9710 len 00005724 (21 KiB): RAM
[21:19:16] I (763) heap_init: At 3FCF0000 len 00008000 (32 KiB): DRAM
[21:19:16] I (768) heap_init: At 600FE000 len 00001FE8 (7 KiB): RTCRAM
[21:19:16] I (774) esp_psram: Adding pool of 8192K of PSRAM memory to heap allocator
[21:19:16] I (780) spi_flash: detected chip: generic
[21:19:16] I (784) spi_flash: flash io: qio
[21:19:16] I (787) sleep_gpio: Configure to isolate all GPIO pins in sleep state
[21:19:16] I (793) sleep_gpio: Enable automatic switching of GPIO sleep configuration
[21:19:16] I (800) main_task: Started on CPU0
[21:19:16] I (803) main_task: Calling app_main()
[21:19:16] TINYDRAW_PRODUCER_SCRATCH supertask_internal=1 slot_directory_internal=0 free_internal=299676 free_psram=1861508
[21:19:16] TINYDRAW_PANEL_HARD_RESET=1
[21:19:16] TINYDRAW_PANEL_TRANSPORT requested_clock_mhz=50 effective_clock_mhz=40
[21:19:16] I (1010) co5300: version: 2.1.0
[21:19:16] I (1010) co5300_spi: LCD panel create success, version: 2.1.0
[21:19:16] W (1095) co5300_spi: The 3Ah command has been used and will be overwritten by external initialization sequence
[21:19:16] I (1196) CST816S: IC id: 183
[21:19:16] TINYDRAW_VECTOR_V2_PRESENTATION experiment=boundary-top-sweep te_edge=rising requested_clock_mhz=50 effective_clock_mhz=40 optical_acceptance=external_manual
[21:19:17] TINYDRAW_LIVE_PRESENT kind=startup zoom=25 x=0 y=0 compose_us=26065 scroll_us=0 exposed_compose_us=0 chrome_us=17046 chrome_prepare_us=11962 chrome_stage_us=5084 read_submit_us=0 read_complete_us=0 transfer_wait_us=20449 tile_pixels=0 uniform_pixels=0 overview_pixels=164864 fallback_pixels=0 resident_tiles=0 fallback_tiles=0 pushes=11 tear_wait_us=16737 tear_edge_isr_to_resume_us=9 tear_edge_observed=1 tear_edge_wait_resumed=1 tear_edge_timeout=0 tear_heal_attempted=0 tear_heal_command_sent=0 presentation_experiment=boundary-top-sweep te_edge=rising requested_clock_mhz=50 effective_clock_mhz=40 frame_reused=0 pass=1
[21:19:17] TINYDRAW_LIVE_STRESS operations=1000 samples=20000 total_us=743304 average_us=743 maximum_us=1012 free_psram=1859920 largest_psram=1835008
[21:19:18] TINYDRAW_LIVE_PRESENT kind=gate_fallback zoom=100 x=0 y=0 compose_us=11233 scroll_us=0 exposed_compose_us=0 chrome_us=11159 chrome_prepare_us=6764 chrome_stage_us=4395 read_submit_us=31224 read_complete_us=34615 transfer_wait_us=20622 tile_pixels=0 uniform_pixels=0 overview_pixels=0 fallback_pixels=164864 resident_tiles=0 fallback_tiles=42 pushes=11 tear_wait_us=13101 tear_edge_isr_to_resume_us=9 tear_edge_observed=1 tear_edge_wait_resumed=1 tear_edge_timeout=0 tear_heal_attempted=0 tear_heal_command_sent=0 presentation_experiment=boundary-top-sweep te_edge=rising requested_clock_mhz=50 effective_clock_mhz=40 frame_reused=0 pass=1
[21:19:18] TINYDRAW_GATE1_HARD zoom=100 cold=1 operations=1000 samples=20000 steps=193 tiles=42 scanned=12000 rendered=122 max_supertask_us=6742 presentation_us=68976 total_us=280595 maximum_wall_us=500000 pass=1
[21:19:18] TINYDRAW_LIVE_PRESENT kind=gate_fallback zoom=400 x=0 y=0 compose_us=10664 scroll_us=0 exposed_compose_us=0 chrome_us=6602 chrome_prepare_us=2380 chrome_stage_us=4222 read_submit_us=14984 read_complete_us=18586 transfer_wait_us=20275 tile_pixels=0 uniform_pixels=0 overview_pixels=0 fallback_pixels=164864 resident_tiles=0 fallback_tiles=42 pushes=11 tear_wait_us=1808 tear_edge_isr_to_resume_us=13 tear_edge_observed=1 tear_edge_wait_resumed=1 tear_edge_timeout=0 tear_heal_attempted=0 tear_heal_command_sent=0 presentation_experiment=boundary-top-sweep te_edge=rising requested_clock_mhz=50 effective_clock_mhz=40 frame_reused=0 pass=1
[21:19:18] TINYDRAW_GATE1_HARD zoom=400 cold=1 operations=1000 samples=20000 steps=199 tiles=42 scanned=12000 rendered=17 max_supertask_us=5287 presentation_us=66734 total_us=161013 maximum_wall_us=500000 pass=1
[21:19:19] TINYDRAW_OVERLAP_WORKLOAD operations=8 samples=1200 radius_world=80
[21:19:20] TINYDRAW_GATE1_PACED_COLD corpus=overlap zoom=50 x=215 y=255 steps=235 tiles=56 compute_us=525945 present_us=81178 touch_us=914 pacing_us=15913 wall_us=623950 maximum_wall_us=500000 max_tick_us=9265 touch_samples=2790 touch_interval_max_us=1953 touch_read_max_us=583 touch_events=0 touch_down=0 touch_up=0 touch_events_ge_8ms=0 touch_event_age_max_us=0 touch_errors=0 touch_overflows=0 pass=0
[21:19:20] TINYDRAW_GATE1_PACED_COLD corpus=overlap zoom=100 x=583 y=703 steps=183 tiles=48 compute_us=287096 present_us=76309 touch_us=580 pacing_us=8992 wall_us=372977 maximum_wall_us=500000 max_tick_us=9220 touch_samples=437 touch_interval_max_us=1811 touch_read_max_us=447 touch_events=0 touch_down=0 touch_up=0 touch_events_ge_8ms=0 touch_event_age_max_us=0 touch_errors=0 touch_overflows=0 pass=1
[21:19:20] TINYDRAW_GATE1_PACED_COLD corpus=overlap zoom=200 x=1319 y=1599 steps=180 tiles=56 compute_us=260518 present_us=74992 touch_us=577 pacing_us=8890 wall_us=344977 maximum_wall_us=500000 max_tick_us=9648 touch_samples=409 touch_interval_max_us=1152 touch_read_max_us=450 touch_events=0 touch_down=0 touch_up=0 touch_events_ge_8ms=0 touch_event_age_max_us=0 touch_errors=0 touch_overflows=0 pass=1
[21:19:21] TINYDRAW_GATE1_PACED_COLD corpus=overlap zoom=400 x=2791 y=3391 steps=181 tiles=56 compute_us=223403 present_us=72520 touch_us=538 pacing_us=8516 wall_us=304977 maximum_wall_us=500000 max_tick_us=8080 touch_samples=380 touch_interval_max_us=1182 touch_read_max_us=449 touch_events=0 touch_down=0 touch_up=0 touch_events_ge_8ms=0 touch_event_age_max_us=0 touch_errors=0 touch_overflows=0 pass=1
[21:19:21] TINYDRAW_ADVERSARIAL_TAPERED_WORKLOAD operations=128 samples=4096 erasers=12 load_us=212753 appended=1
[21:19:22] TINYDRAW_GENERAL_COLD_WORKLOAD operations=910 samples=12157 hairline_operations=782 hairline_samples=8061 hairline_load_us=1117917 appended=1
[21:19:23] TINYDRAW_GATE1_PACED_COLD corpus=adversarial_tapered_4x+evil_hairlines zoom=50 x=0 y=0 steps=318 tiles=42 compute_us=358234 present_us=69637 touch_us=718 pacing_us=11581 wall_us=440170 maximum_wall_us=500000 max_tick_us=8224 touch_samples=1747 touch_interval_max_us=2050 touch_read_max_us=522 touch_events=0 touch_down=0 touch_up=0 touch_events_ge_8ms=0 touch_event_age_max_us=0 touch_errors=0 touch_overflows=0 pass=1
[21:19:23] TINYDRAW_GATE1_PACED_COLD corpus=adversarial_tapered_4x+evil_hairlines zoom=100 x=0 y=0 steps=346 tiles=42 compute_us=349843 present_us=65904 touch_us=699 pacing_us=10495 wall_us=426941 maximum_wall_us=500000 max_tick_us=8351 touch_samples=491 touch_interval_max_us=1178 touch_read_max_us=454 touch_events=0 touch_down=0 touch_up=0 touch_events_ge_8ms=0 touch_event_age_max_us=0 touch_errors=0 touch_overflows=0 pass=1
[21:19:24] TINYDRAW_GATE1_PACED_COLD corpus=adversarial_tapered_4x+evil_hairlines zoom=200 x=0 y=0 steps=407 tiles=42 compute_us=410890 present_us=61983 touch_us=813 pacing_us=12534 wall_us=486220 maximum_wall_us=500000 max_tick_us=7576 touch_samples=563 touch_interval_max_us=1164 touch_read_max_us=440 touch_events=0 touch_down=0 touch_up=0 touch_events_ge_8ms=0 touch_event_age_max_us=0 touch_errors=0 touch_overflows=0 pass=1
[21:19:24] TINYDRAW_GATE1_PACED_COLD corpus=adversarial_tapered_4x+evil_hairlines zoom=400 x=0 y=0 steps=490 tiles=42 compute_us=432266 present_us=61045 touch_us=793 pacing_us=9137 wall_us=503241 maximum_wall_us=520000 max_tick_us=10006 touch_samples=571 touch_interval_max_us=1158 touch_read_max_us=467 touch_events=0 touch_down=0 touch_up=0 touch_events_ge_8ms=0 touch_event_age_max_us=0 touch_errors=0 touch_overflows=0 pass=1
[21:19:25] TINYDRAW_GATE1_WORKLOAD kind=realistic seed=7 operations=1000 samples=19844 maximum_stroke=198 load_us=573064 raw_source=1 lod_copies=0
[21:19:25] TINYDRAW_GATE1_PACED_COLD corpus=seed7 zoom=400 x=63 y=63 steps=264 tiles=56 compute_us=192550 present_us=80660 touch_us=435 pacing_us=6322 wall_us=279967 maximum_wall_us=500000 max_tick_us=9677 touch_samples=1034 touch_interval_max_us=1980 touch_read_max_us=507 touch_events=0 touch_down=0 touch_up=0 touch_events_ge_8ms=0 touch_event_age_max_us=0 touch_errors=0 touch_overflows=0 pass=1
[21:19:26] TINYDRAW_LIVE_PRESENT kind=gate_fallback zoom=100 x=0 y=0 compose_us=11298 scroll_us=0 exposed_compose_us=0 chrome_us=6763 chrome_prepare_us=2371 chrome_stage_us=4392 read_submit_us=30048 read_complete_us=33638 transfer_wait_us=20980 tile_pixels=0 uniform_pixels=0 overview_pixels=0 fallback_pixels=164864 resident_tiles=0 fallback_tiles=42 pushes=11 tear_wait_us=16252 tear_edge_isr_to_resume_us=10 tear_edge_observed=1 tear_edge_wait_resumed=1 tear_edge_timeout=0 tear_heal_attempted=0 tear_heal_command_sent=0 presentation_experiment=boundary-top-sweep te_edge=rising requested_clock_mhz=50 effective_clock_mhz=40 frame_reused=0 pass=1
[21:19:26] TINYDRAW_GATE1_HARD zoom=100 cold=1 operations=1000 samples=19844 steps=246 tiles=42 scanned=12000 rendered=388 max_supertask_us=5348 presentation_us=70371 total_us=369071 maximum_wall_us=500000 pass=1
[21:19:26] TINYDRAW_GATE1_OVERLAY_CANVAS regions=zoom,minimap,toolbar,battery operations=4 presentation_mutations=0 authority=1 pass=1
[21:19:26] TINYDRAW_GATE1_LIVE_OVERLAY clear_updates=48 clear_wall_max_us=3950 clear_submit_max_us=2157 clear_complete_max_us=2987 overlay_updates=48 overlay_wall_max_us=3916 overlay_submit_max_us=2103 overlay_complete_max_us=3141 overlay_chrome_max_us=247 clear_failures=0 overlay_failures=0 pass=1
[21:19:26] TINYDRAW_EDGE_INK corners=4 edge_failures=0 pass=1
[21:19:27] TINYDRAW_GATE1_PAN zoom=100 from_x=0 from_y=0 to_x=88 to_y=88 compose_us=15368 scroll_us=14 exposed_compose_us=15354 chrome_us=2340 event_submit_us=30012 event_complete_us=33163 transfer_us=15989 setup=1 present=1 moved=1 frame_reused=1 pass=1
[21:19:27] TINYDRAW_LIVE_PRESENT kind=gate_fallback zoom=400 x=0 y=0 compose_us=10651 scroll_us=0 exposed_compose_us=0 chrome_us=6583 chrome_prepare_us=2384 chrome_stage_us=4199 read_submit_us=23915 read_complete_us=27506 transfer_wait_us=20534 tile_pixels=0 uniform_pixels=0 overview_pixels=0 fallback_pixels=164864 resident_tiles=0 fallback_tiles=42 pushes=11 tear_wait_us=10759 tear_edge_isr_to_resume_us=13 tear_edge_observed=1 tear_edge_wait_resumed=1 tear_edge_timeout=0 tear_heal_attempted=0 tear_heal_command_sent=0 presentation_experiment=boundary-top-sweep te_edge=rising requested_clock_mhz=50 effective_clock_mhz=40 frame_reused=0 pass=1
[21:19:27] TINYDRAW_GATE1_HARD zoom=400 cold=1 operations=1008 samples=19852 steps=200 tiles=42 scanned=12096 rendered=60 max_supertask_us=8063 presentation_us=70136 total_us=214252 maximum_wall_us=500000 pass=1
[21:19:27] TINYDRAW_GATE1_PAN zoom=400 from_x=0 from_y=0 to_x=88 to_y=88 compose_us=15402 scroll_us=13 exposed_compose_us=15389 chrome_us=2172 event_submit_us=30385 event_complete_us=33503 transfer_us=16620 setup=1 present=1 moved=1 frame_reused=1 pass=1
[21:19:30] TINYDRAW_PANSEQ_FRAME zoom=100 step=0 dx=24 dy=18 scroll_us=13 exposed_compose_us=4364 chrome_us=2348 tear_wait_us=9010 present_us=16443 prepare_us=10611 acquire_wait_us=20 ring_copy_us=8271 patch_us=2332 byte_swap_us=8 staging_us=4212 event_submit_us=13533 event_complete_us=16697 frame_us=29976 tear_edge_observed=1 frame_reused=1 pass=1
[21:19:30] TINYDRAW_PANSEQ_FRAME zoom=100 step=1 dx=24 dy=18 scroll_us=11 exposed_compose_us=4414 chrome_us=2325 tear_wait_us=12574 present_us=15798 prepare_us=10512 acquire_wait_us=18 ring_copy_us=8186 patch_us=2319 byte_swap_us=7 staging_us=4290 event_submit_us=17125 event_complete_us=20258 frame_us=32924 tear_edge_observed=1 frame_reused=1 pass=1
[21:19:30] TINYDRAW_PANSEQ_FRAME zoom=100 step=2 dx=24 dy=18 scroll_us=11 exposed_compose_us=4120 chrome_us=2323 tear_wait_us=13506 present_us=16164 prepare_us=10580 acquire_wait_us=18 ring_copy_us=8251 patch_us=2320 byte_swap_us=9 staging_us=4217 event_submit_us=17763 event_complete_us=20895 frame_us=33931 tear_edge_observed=1 frame_reused=1 pass=1
[21:19:30] TINYDRAW_PANSEQ_FRAME zoom=100 step=3 dx=24 dy=18 scroll_us=10 exposed_compose_us=4596 chrome_us=2328 tear_wait_us=12665 present_us=16527 prepare_us=10516 acquire_wait_us=20 ring_copy_us=8190 patch_us=2317 byte_swap_us=9 staging_us=4276 event_submit_us=17410 event_complete_us=20545 frame_us=33927 tear_edge_observed=1 frame_reused=1 pass=1
[21:19:30] TINYDRAW_PANSEQ_FRAME zoom=100 step=4 dx=24 dy=18 scroll_us=11 exposed_compose_us=4169 chrome_us=2360 tear_wait_us=12721 present_us=15899 prepare_us=10607 acquire_wait_us=21 ring_copy_us=8243 patch_us=2355 byte_swap_us=9 staging_us=4195 event_submit_us=17028 event_complete_us=20160 frame_us=32930 tear_edge_observed=1 frame_reused=1 pass=1
[21:19:30] TINYDRAW_PANSEQ_FRAME zoom=100 step=5 dx=24 dy=18 scroll_us=10 exposed_compose_us=4416 chrome_us=2347 tear_wait_us=13100 present_us=16271 prepare_us=10553 acquire_wait_us=18 ring_copy_us=8205 patch_us=2339 byte_swap_us=9 staging_us=4245 event_submit_us=17663 event_complete_us=20803 frame_us=33926 tear_edge_observed=1 frame_reused=1 pass=1
[21:19:30] TINYDRAW_PANSEQ_FRAME zoom=100 step=6 dx=24 dy=18 scroll_us=11 exposed_compose_us=4095 chrome_us=2340 tear_wait_us=13055 present_us=16639 prepare_us=10602 acquire_wait_us=18 ring_copy_us=8261 patch_us=2335 byte_swap_us=6 staging_us=4184 event_submit_us=17291 event_complete_us=20420 frame_us=33933 tear_edge_observed=1 frame_reused=1 pass=1
[21:19:30] TINYDRAW_PANSEQ_FRAME zoom=100 step=7 dx=24 dy=18 scroll_us=18 exposed_compose_us=4389 chrome_us=2335 tear_wait_us=12396 present_us=15994 prepare_us=10524 acquire_wait_us=19 ring_copy_us=8185 patch_us=2331 byte_swap_us=8 staging_us=4260 event_submit_us=16929 event_complete_us=20060 frame_us=32924 tear_edge_observed=1 frame_reused=1 pass=1
[21:19:30] TINYDRAW_PANSEQ_FRAME zoom=100 step=8 dx=24 dy=18 scroll_us=11 exposed_compose_us=4398 chrome_us=2319 tear_wait_us=13031 present_us=16363 prepare_us=10580 acquire_wait_us=19 ring_copy_us=8258 patch_us=2316 byte_swap_us=6 staging_us=4215 event_submit_us=17567 event_complete_us=20715 frame_us=33932 tear_edge_observed=1 frame_reused=1 pass=1
[21:19:30] TINYDRAW_PANSEQ_FRAME zoom=100 step=9 dx=24 dy=18 scroll_us=11 exposed_compose_us=4413 chrome_us=2341 tear_wait_us=12692 present_us=16681 prepare_us=10574 acquire_wait_us=19 ring_copy_us=8226 patch_us=2339 byte_swap_us=9 staging_us=4226 event_submit_us=17243 event_complete_us=20386 frame_us=33926 tear_edge_observed=1 frame_reused=1 pass=1
[21:19:30] TINYDRAW_PANSEQ_FRAME zoom=100 step=10 dx=24 dy=18 scroll_us=11 exposed_compose_us=4116 chrome_us=2316 tear_wait_us=12631 present_us=16033 prepare_us=10545 acquire_wait_us=20 ring_copy_us=8226 patch_us=2310 byte_swap_us=9 staging_us=4248 event_submit_us=16899 event_complete_us=20031 frame_us=32930 tear_edge_observed=1 frame_reused=1 pass=1
[21:19:30] TINYDRAW_PANSEQ_FRAME zoom=100 step=11 dx=24 dy=18 scroll_us=10 exposed_compose_us=4621 chrome_us=2343 tear_wait_us=12777 present_us=16390 prepare_us=10543 acquire_wait_us=19 ring_copy_us=8196 patch_us=2338 byte_swap_us=9 staging_us=4253 event_submit_us=17535 event_complete_us=20684 frame_us=33926 tear_edge_observed=1 frame_reused=1 pass=1
[21:19:30] TINYDRAW_PANSEQ_FRAME zoom=100 step=12 dx=24 dy=18 scroll_us=11 exposed_compose_us=4151 chrome_us=2324 tear_wait_us=12896 present_us=15742 prepare_us=10575 acquire_wait_us=19 ring_copy_us=8248 patch_us=2319 byte_swap_us=8 staging_us=4231 event_submit_us=17186 event_complete_us=20328 frame_us=32933 tear_edge_observed=1 frame_reused=1 pass=1
[21:19:30] TINYDRAW_PANSEQ_FRAME zoom=100 step=13 dx=24 dy=18 scroll_us=10 exposed_compose_us=4410 chrome_us=2318 tear_wait_us=13285 present_us=16093 prepare_us=10507 acquire_wait_us=19 ring_copy_us=8187 patch_us=2313 byte_swap_us=7 staging_us=4262 event_submit_us=17830 event_complete_us=20948 frame_us=33924 tear_edge_observed=1 frame_reused=1 pass=1
[21:19:30] TINYDRAW_PANSEQ_FRAME zoom=100 step=14 dx=24 dy=18 scroll_us=11 exposed_compose_us=4124 chrome_us=2326 tear_wait_us=13228 present_us=16438 prepare_us=10577 acquire_wait_us=18 ring_copy_us=8248 patch_us=2320 byte_swap_us=9 staging_us=4225 event_submit_us=17490 event_complete_us=20635 frame_us=33932 tear_edge_observed=1 frame_reused=1 pass=1
[21:19:30] TINYDRAW_PANSEQ_FRAME zoom=100 step=15 dx=24 dy=18 scroll_us=10 exposed_compose_us=4453 chrome_us=2319 tear_wait_us=12551 present_us=15784 prepare_us=10518 acquire_wait_us=19 ring_copy_us=8195 patch_us=2314 byte_swap_us=9 staging_us=4268 event_submit_us=17141 event_complete_us=20269 frame_us=32927 tear_edge_observed=1 frame_reused=1 pass=1
[21:19:30] TINYDRAW_PANSEQ_FRAME zoom=100 step=16 dx=72 dy=54 scroll_us=11 exposed_compose_us=11724 chrome_us=2329 tear_wait_us=5930 present_us=16133 prepare_us=10552 acquire_wait_us=19 ring_copy_us=8220 patch_us=2323 byte_swap_us=9 staging_us=4233 event_submit_us=17794 event_complete_us=20912 frame_us=33930 tear_edge_observed=1 frame_reused=1 pass=1
[21:19:30] TINYDRAW_PANSEQ_FRAME zoom=100 step=17 dx=72 dy=54 scroll_us=11 exposed_compose_us=11675 chrome_us=2330 tear_wait_us=5618 present_us=16494 prepare_us=10508 acquire_wait_us=18 ring_copy_us=8175 patch_us=2324 byte_swap_us=9 staging_us=4295 event_submit_us=17432 event_complete_us=20563 frame_us=33925 tear_edge_observed=1 frame_reused=1 pass=1
[21:19:30] TINYDRAW_PANSEQ_FRAME zoom=100 step=18 dx=72 dy=54 scroll_us=11 exposed_compose_us=10047 chrome_us=2351 tear_wait_us=6883 present_us=15859 prepare_us=10575 acquire_wait_us=18 ring_copy_us=8222 patch_us=2344 byte_swap_us=9 staging_us=4216 event_submit_us=17072 event_complete_us=20201 frame_us=32933 tear_edge_observed=1 frame_reused=1 pass=1
[21:19:30] TINYDRAW_PANSEQ_FRAME zoom=100 step=19 dx=72 dy=54 scroll_us=11 exposed_compose_us=10031 chrome_us=2336 tear_wait_us=7540 present_us=16215 prepare_us=10524 acquire_wait_us=19 ring_copy_us=8187 patch_us=2330 byte_swap_us=7 staging_us=4259 event_submit_us=17707 event_complete_us=20830 frame_us=33923 tear_edge_observed=1 frame_reused=1 pass=1
[21:19:30] TINYDRAW_PANSEQ_FRAME zoom=100 step=20 dx=-72 dy=-54 scroll_us=11 exposed_compose_us=11538 chrome_us=2334 tear_wait_us=5668 present_us=16574 prepare_us=10548 acquire_wait_us=19 ring_copy_us=8219 patch_us=2320 byte_swap_us=9 staging_us=4197 event_submit_us=17357 event_complete_us=20452 frame_us=33933 tear_edge_observed=1 frame_reused=1 pass=1
[21:19:30] TINYDRAW_PANSEQ_FRAME zoom=100 step=21 dx=-72 dy=-54 scroll_us=11 exposed_compose_us=11665 chrome_us=2335 tear_wait_us=5180 present_us=15938 prepare_us=10501 acquire_wait_us=25 ring_copy_us=8164 patch_us=2329 byte_swap_us=8 staging_us=4278 event_submit_us=16983 event_complete_us=20103 frame_us=32923 tear_edge_observed=1 frame_reused=1 pass=1
[21:19:30] TINYDRAW_PANSEQ_FRAME zoom=100 step=22 dx=-72 dy=-54 scroll_us=11 exposed_compose_us=11698 chrome_us=2332 tear_wait_us=5786 present_us=16304 prepare_us=10570 acquire_wait_us=20 ring_copy_us=8237 patch_us=2325 byte_swap_us=8 staging_us=4201 event_submit_us=17635 event_complete_us=20753 frame_us=33933 tear_edge_observed=1 frame_reused=1 pass=1
[21:19:30] TINYDRAW_PANSEQ_FRAME zoom=100 step=23 dx=-72 dy=-54 scroll_us=11 exposed_compose_us=11354 chrome_us=2342 tear_wait_us=5762 present_us=16670 prepare_us=10549 acquire_wait_us=19 ring_copy_us=8202 patch_us=2340 byte_swap_us=7 staging_us=4242 event_submit_us=17253 event_complete_us=20389 frame_us=33923 tear_edge_observed=1 frame_reused=1 pass=1
[21:19:30] TINYDRAW_PANSEQ_STRIP zoom=100 strip=0 panel_y=0 rows=44 samples=24 staging_mean_us=1325 staging_max_us=1366 wire_budget_us=1619 over_budget_us=0 pass=1
[21:19:30] TINYDRAW_PANSEQ_STRIP zoom=100 strip=1 panel_y=44 rows=44 samples=24 staging_mean_us=1214 staging_max_us=1227 wire_budget_us=1619 over_budget_us=0 pass=1
[21:19:30] TINYDRAW_PANSEQ_STRIP zoom=100 strip=2 panel_y=88 rows=44 samples=24 staging_mean_us=1162 staging_max_us=1173 wire_budget_us=1619 over_budget_us=0 pass=1
[21:19:30] TINYDRAW_PANSEQ_STRIP zoom=100 strip=3 panel_y=132 rows=44 samples=24 staging_mean_us=1161 staging_max_us=1176 wire_budget_us=1619 over_budget_us=0 pass=1
[21:19:30] TINYDRAW_PANSEQ_STRIP zoom=100 strip=4 panel_y=176 rows=44 samples=24 staging_mean_us=1163 staging_max_us=1175 wire_budget_us=1619 over_budget_us=0 pass=1
[21:19:30] TINYDRAW_PANSEQ_STRIP zoom=100 strip=5 panel_y=220 rows=44 samples=24 staging_mean_us=1190 staging_max_us=1207 wire_budget_us=1619 over_budget_us=0 pass=1
[21:19:30] TINYDRAW_PANSEQ_STRIP zoom=100 strip=6 panel_y=264 rows=44 samples=24 staging_mean_us=1366 staging_max_us=1380 wire_budget_us=1619 over_budget_us=0 pass=1
[21:19:30] TINYDRAW_PANSEQ_STRIP zoom=100 strip=7 panel_y=308 rows=44 samples=24 staging_mean_us=1352 staging_max_us=1369 wire_budget_us=1619 over_budget_us=0 pass=1
[21:19:31] TINYDRAW_PANSEQ_STRIP zoom=100 strip=8 panel_y=352 rows=20 samples=24 staging_mean_us=633 staging_max_us=649 wire_budget_us=736 over_budget_us=0 pass=1
[21:19:31] TINYDRAW_GATE1_PANSEQ zoom=100 frames=24 scroll_avg_us=11 exposed_avg_us=6624 chrome_avg_us=2333 tear_wait_avg_us=10436 present_avg_us=16226 prepare_avg_us=10552 acquire_wait_avg_us=19 ring_copy_avg_us=8216 patch_avg_us=2327 byte_swap_avg_us=8 staging_avg_us=4238 frame_avg_us=33430 frame_p50_us=33924 frame_p95_us=33933 frame_max_us=33933 complete_p50_us=20420 complete_p95_us=20912 complete_max_us=20948 tear_edge_failures=0 presentation_experiment=boundary-top-sweep te_edge=rising requested_clock_mhz=50 effective_clock_mhz=40 chrome_bottom_redraws=0 chrome_battery_redraws=0 chrome_zoom_redraws=0 chrome_minimap_base_redraws=0 strip_samples=216 staging_mean_us=1174 staging_max_us=1380 worst_strip=8 worst_strip_y=352 worst_wire_budget_us=736 worst_headroom_us=87 staging_invariant=1 pacing_pass=1 all_reused=1 pass=1
[21:19:32] TINYDRAW_PANSEQ_FRAME zoom=400 step=0 dx=24 dy=18 scroll_us=13 exposed_compose_us=4300 chrome_us=2144 tear_wait_us=8500 present_us=16022 prepare_us=10429 acquire_wait_us=18 ring_copy_us=8286 patch_us=2135 byte_swap_us=8 staging_us=4387 event_submit_us=12957 event_complete_us=16121 frame_us=28975 tear_edge_observed=1 frame_reused=1 pass=1
[21:19:32] TINYDRAW_PANSEQ_FRAME zoom=400 step=1 dx=24 dy=18 scroll_us=11 exposed_compose_us=4390 chrome_us=2171 tear_wait_us=12992 present_us=16403 prepare_us=10373 acquire_wait_us=19 ring_copy_us=8200 patch_us=2164 byte_swap_us=9 staging_us=4417 event_submit_us=17518 event_complete_us=20664 frame_us=33927 tear_edge_observed=1 frame_reused=1 pass=1
[21:19:32] TINYDRAW_PANSEQ_FRAME zoom=400 step=2 dx=24 dy=18 scroll_us=11 exposed_compose_us=4105 chrome_us=2143 tear_wait_us=12890 present_us=15787 prepare_us=10413 acquire_wait_us=20 ring_copy_us=8267 patch_us=2137 byte_swap_us=9 staging_us=4400 event_submit_us=17137 event_complete_us=20290 frame_us=32929 tear_edge_observed=1 frame_reused=1 pass=1
[21:19:32] TINYDRAW_PANSEQ_FRAME zoom=400 step=3 dx=24 dy=18 scroll_us=11 exposed_compose_us=4610 chrome_us=2150 tear_wait_us=13024 present_us=16147 prepare_us=10363 acquire_wait_us=20 ring_copy_us=8202 patch_us=2143 byte_swap_us=18 staging_us=4439 event_submit_us=17773 event_complete_us=20904 frame_us=33925 tear_edge_observed=1 frame_reused=1 pass=1
[21:19:32] TINYDRAW_PANSEQ_FRAME zoom=400 step=4 dx=24 dy=18 scroll_us=11 exposed_compose_us=4161 chrome_us=2155 tear_wait_us=13126 present_us=16497 prepare_us=10426 acquire_wait_us=19 ring_copy_us=8269 patch_us=2148 byte_swap_us=9 staging_us=4388 event_submit_us=17432 event_complete_us=20579 frame_us=33930 tear_edge_observed=1 frame_reused=1 pass=1
[21:19:32] TINYDRAW_PANSEQ_FRAME zoom=400 step=5 dx=24 dy=18 scroll_us=11 exposed_compose_us=4436 chrome_us=2190 tear_wait_us=12483 present_us=15864 prepare_us=10373 acquire_wait_us=19 ring_copy_us=8182 patch_us=2185 byte_swap_us=6 staging_us=4418 event_submit_us=17057 event_complete_us=20193 frame_us=32925 tear_edge_observed=1 frame_reused=1 pass=1
[21:19:32] TINYDRAW_PANSEQ_FRAME zoom=400 step=6 dx=24 dy=18 scroll_us=11 exposed_compose_us=4085 chrome_us=2146 tear_wait_us=13472 present_us=16227 prepare_us=10408 acquire_wait_us=18 ring_copy_us=8257 patch_us=2142 byte_swap_us=9 staging_us=4383 event_submit_us=17699 event_complete_us=20830 frame_us=33930 tear_edge_observed=1 frame_reused=1 pass=1
[21:19:32] TINYDRAW_PANSEQ_FRAME zoom=400 step=7 dx=24 dy=18 scroll_us=11 exposed_compose_us=4405 chrome_us=2176 tear_wait_us=12793 present_us=16588 prepare_us=10375 acquire_wait_us=25 ring_copy_us=8193 patch_us=2173 byte_swap_us=9 staging_us=4394 event_submit_us=17332 event_complete_us=20452 frame_us=33925 tear_edge_observed=1 frame_reused=1 pass=1
[21:19:32] TINYDRAW_PANSEQ_FRAME zoom=400 step=8 dx=24 dy=18 scroll_us=11 exposed_compose_us=4373 chrome_us=2160 tear_wait_us=12464 present_us=15949 prepare_us=10398 acquire_wait_us=25 ring_copy_us=8237 patch_us=2152 byte_swap_us=9 staging_us=4390 event_submit_us=16977 event_complete_us=20108 frame_us=32930 tear_edge_observed=1 frame_reused=1 pass=1
[21:19:32] TINYDRAW_PANSEQ_FRAME zoom=400 step=9 dx=24 dy=18 scroll_us=11 exposed_compose_us=4400 chrome_us=2149 tear_wait_us=13071 present_us=16313 prepare_us=10356 acquire_wait_us=25 ring_copy_us=8203 patch_us=2145 byte_swap_us=8 staging_us=4429 event_submit_us=17607 event_complete_us=20750 frame_us=33925 tear_edge_observed=1 frame_reused=1 pass=1
[21:19:32] TINYDRAW_PANSEQ_FRAME zoom=400 step=10 dx=24 dy=18 scroll_us=11 exposed_compose_us=4121 chrome_us=2156 tear_wait_us=12983 present_us=16682 prepare_us=10430 acquire_wait_us=20 ring_copy_us=8266 patch_us=2155 byte_swap_us=9 staging_us=4376 event_submit_us=17244 event_complete_us=20388 frame_us=33930 tear_edge_observed=1 frame_reused=1 pass=1
[21:19:33] TINYDRAW_PANSEQ_FRAME zoom=400 step=11 dx=24 dy=18 scroll_us=11 exposed_compose_us=4620 chrome_us=2161 tear_wait_us=12102 present_us=16055 prepare_us=10358 acquire_wait_us=18 ring_copy_us=8194 patch_us=2155 byte_swap_us=9 staging_us=4417 event_submit_us=16869 event_complete_us=19991 frame_us=32925 tear_edge_observed=1 frame_reused=1 pass=1
[21:19:33] TINYDRAW_PANSEQ_FRAME zoom=400 step=12 dx=24 dy=18 scroll_us=11 exposed_compose_us=4149 chrome_us=2153 tear_wait_us=13212 present_us=16423 prepare_us=10416 acquire_wait_us=19 ring_copy_us=8260 patch_us=2147 byte_swap_us=9 staging_us=4382 event_submit_us=17502 event_complete_us=20644 frame_us=33930 tear_edge_observed=1 frame_reused=1 pass=1
[21:19:33] TINYDRAW_PANSEQ_FRAME zoom=400 step=13 dx=24 dy=18 scroll_us=11 exposed_compose_us=4412 chrome_us=2162 tear_wait_us=12589 present_us=15781 prepare_us=10366 acquire_wait_us=20 ring_copy_us=8204 patch_us=2153 byte_swap_us=9 staging_us=4430 event_submit_us=17138 event_complete_us=20269 frame_us=32925 tear_edge_observed=1 frame_reused=1 pass=1
[21:19:33] TINYDRAW_PANSEQ_FRAME zoom=400 step=14 dx=24 dy=18 scroll_us=11 exposed_compose_us=4128 chrome_us=2139 tear_wait_us=13521 present_us=16136 prepare_us=10398 acquire_wait_us=19 ring_copy_us=8253 patch_us=2136 byte_swap_us=9 staging_us=4405 event_submit_us=17790 event_complete_us=20926 frame_us=33930 tear_edge_observed=1 frame_reused=1 pass=1
[21:19:33] TINYDRAW_PANSEQ_FRAME zoom=400 step=15 dx=24 dy=18 scroll_us=11 exposed_compose_us=4456 chrome_us=2172 tear_wait_us=12828 present_us=16499 prepare_us=10369 acquire_wait_us=20 ring_copy_us=8197 patch_us=2163 byte_swap_us=9 staging_us=4435 event_submit_us=17425 event_complete_us=20562 frame_us=33925 tear_edge_observed=1 frame_reused=1 pass=1
[21:19:33] TINYDRAW_PANSEQ_FRAME zoom=400 step=16 dx=72 dy=54 scroll_us=11 exposed_compose_us=11687 chrome_us=2191 tear_wait_us=5241 present_us=15855 prepare_us=10405 acquire_wait_us=18 ring_copy_us=8212 patch_us=2184 byte_swap_us=9 staging_us=4381 event_submit_us=17071 event_complete_us=20195 frame_us=32930 tear_edge_observed=1 frame_reused=1 pass=1
[21:19:33] TINYDRAW_PANSEQ_FRAME zoom=400 step=17 dx=72 dy=54 scroll_us=11 exposed_compose_us=11485 chrome_us=2161 tear_wait_us=6081 present_us=16218 prepare_us=10359 acquire_wait_us=19 ring_copy_us=8195 patch_us=2155 byte_swap_us=9 staging_us=4440 event_submit_us=17703 event_complete_us=20827 frame_us=33925 tear_edge_observed=1 frame_reused=1 pass=1
[21:19:33] TINYDRAW_PANSEQ_FRAME zoom=400 step=18 dx=72 dy=54 scroll_us=11 exposed_compose_us=11400 chrome_us=2158 tear_wait_us=5815 present_us=16570 prepare_us=10395 acquire_wait_us=19 ring_copy_us=8237 patch_us=2150 byte_swap_us=8 staging_us=4368 event_submit_us=17355 event_complete_us=20473 frame_us=33930 tear_edge_observed=1 frame_reused=1 pass=1
[21:19:33] TINYDRAW_PANSEQ_FRAME zoom=400 step=19 dx=72 dy=54 scroll_us=11 exposed_compose_us=11599 chrome_us=2178 tear_wait_us=5266 present_us=15918 prepare_us=10358 acquire_wait_us=19 ring_copy_us=8179 patch_us=2171 byte_swap_us=8 staging_us=4435 event_submit_us=17003 event_complete_us=20134 frame_us=32926 tear_edge_observed=1 frame_reused=1 pass=1
[21:19:33] TINYDRAW_PANSEQ_FRAME zoom=400 step=20 dx=-72 dy=-54 scroll_us=11 exposed_compose_us=11753 chrome_us=2155 tear_wait_us=5780 present_us=16248 prepare_us=10379 acquire_wait_us=19 ring_copy_us=8222 patch_us=2148 byte_swap_us=9 staging_us=4392 event_submit_us=17677 event_complete_us=20787 frame_us=33928 tear_edge_observed=1 frame_reused=1 pass=1
[21:19:33] TINYDRAW_PANSEQ_FRAME zoom=400 step=21 dx=-72 dy=-54 scroll_us=11 exposed_compose_us=11650 chrome_us=2157 tear_wait_us=5516 present_us=16616 prepare_us=10348 acquire_wait_us=18 ring_copy_us=8189 patch_us=2150 byte_swap_us=9 staging_us=4397 event_submit_us=17304 event_complete_us=20400 frame_us=33926 tear_edge_observed=1 frame_reused=1 pass=1
[21:19:33] TINYDRAW_PANSEQ_FRAME zoom=400 step=22 dx=-72 dy=-54 scroll_us=11 exposed_compose_us=11688 chrome_us=2152 tear_wait_us=5133 present_us=15961 prepare_us=10381 acquire_wait_us=19 ring_copy_us=8225 patch_us=2147 byte_swap_us=9 staging_us=4386 event_submit_us=16963 event_complete_us=20076 frame_us=32928 tear_edge_observed=1 frame_reused=1 pass=1
[21:19:33] TINYDRAW_PANSEQ_FRAME zoom=400 step=23 dx=-72 dy=-54 scroll_us=11 exposed_compose_us=11363 chrome_us=2157 tear_wait_us=6114 present_us=16307 prepare_us=10356 acquire_wait_us=18 ring_copy_us=8196 patch_us=2151 byte_swap_us=9 staging_us=4418 event_submit_us=17623 event_complete_us=20753 frame_us=33926 tear_edge_observed=1 frame_reused=1 pass=1
[21:19:33] TINYDRAW_PANSEQ_STRIP zoom=400 strip=0 panel_y=0 rows=44 samples=24 staging_mean_us=1325 staging_max_us=1356 wire_budget_us=1619 over_budget_us=0 pass=1
[21:19:33] TINYDRAW_PANSEQ_STRIP zoom=400 strip=1 panel_y=44 rows=44 samples=24 staging_mean_us=1219 staging_max_us=1234 wire_budget_us=1619 over_budget_us=0 pass=1
[21:19:33] TINYDRAW_PANSEQ_STRIP zoom=400 strip=2 panel_y=88 rows=44 samples=24 staging_mean_us=1162 staging_max_us=1173 wire_budget_us=1619 over_budget_us=0 pass=1
[21:19:33] TINYDRAW_PANSEQ_STRIP zoom=400 strip=3 panel_y=132 rows=44 samples=24 staging_mean_us=1163 staging_max_us=1174 wire_budget_us=1619 over_budget_us=0 pass=1
[21:19:33] TINYDRAW_PANSEQ_STRIP zoom=400 strip=4 panel_y=176 rows=44 samples=24 staging_mean_us=1163 staging_max_us=1176 wire_budget_us=1619 over_budget_us=0 pass=1
[21:19:33] TINYDRAW_PANSEQ_STRIP zoom=400 strip=5 panel_y=220 rows=44 samples=24 staging_mean_us=1147 staging_max_us=1158 wire_budget_us=1619 over_budget_us=0 pass=1
[21:19:33] TINYDRAW_PANSEQ_STRIP zoom=400 strip=6 panel_y=264 rows=44 samples=24 staging_mean_us=1317 staging_max_us=1343 wire_budget_us=1619 over_budget_us=0 pass=1
[21:19:33] TINYDRAW_PANSEQ_STRIP zoom=400 strip=7 panel_y=308 rows=44 samples=24 staging_mean_us=1313 staging_max_us=1324 wire_budget_us=1619 over_budget_us=0 pass=1
[21:19:33] TINYDRAW_PANSEQ_STRIP zoom=400 strip=8 panel_y=352 rows=20 samples=24 staging_mean_us=591 staging_max_us=604 wire_budget_us=736 over_budget_us=0 pass=1
[21:19:33] TINYDRAW_GATE1_PANSEQ zoom=400 frames=24 scroll_avg_us=11 exposed_avg_us=6740 chrome_avg_us=2159 tear_wait_avg_us=10291 present_avg_us=16211 prepare_avg_us=10384 acquire_wait_avg_us=19 ring_copy_avg_us=8221 patch_avg_us=2153 byte_swap_avg_us=9 staging_avg_us=4404 frame_avg_us=33387 frame_p50_us=33925 frame_p95_us=33930 frame_max_us=33930 complete_p50_us=20452 complete_p95_us=20904 complete_max_us=20926 tear_edge_failures=0 presentation_experiment=boundary-top-sweep te_edge=rising requested_clock_mhz=50 effective_clock_mhz=40 chrome_bottom_redraws=0 chrome_battery_redraws=0 chrome_zoom_redraws=0 chrome_minimap_base_redraws=0 strip_samples=216 staging_mean_us=1156 staging_max_us=1356 worst_strip=8 worst_strip_y=352 worst_wire_budget_us=736 worst_headroom_us=132 staging_invariant=1 pacing_pass=1 all_reused=1 pass=1
[21:19:33] TINYDRAW_GATE1_PAN_BOUNDARY zoom=100 slow_1px_trace=1 below_delta=94 below_reused=1 at_delta=96 at_reused=1 above_delta=98 above_fallback=1 pass=1
[21:19:34] TINYDRAW_GATE1_PAN_BOUNDARY zoom=400 slow_1px_trace=1 below_delta=94 below_reused=1 at_delta=96 at_reused=1 above_delta=98 above_fallback=1 pass=1
[21:19:34] TINYDRAW_GATE1_DRAW_FILL zoom=400 revision=2930 append_us=1393 poll_gap_us=94 event_submit_us=222 event_complete_us=2094 max_compute_slice_us=5547 max_display_slice_us=17241 fill_us=224237 revision_restarted=1 pass=1
[21:19:35] TINYDRAW_GATE1_CACHE_FILL zoom=50 x=63 y=63 published=56 total_us=597969 within_cold_gate=0 complete=1
[21:19:35] TINYDRAW_GATE1_CACHE_FILL zoom=100 x=63 y=63 published=56 total_us=481968 within_cold_gate=1 complete=1
[21:19:36] TINYDRAW_GATE1_CACHE_FILL zoom=200 x=63 y=63 published=56 total_us=335967 within_cold_gate=1 complete=1
[21:19:36] TINYDRAW_GATE1_CACHE_FILL zoom=400 x=63 y=63 published=56 total_us=275965 within_cold_gate=1 complete=1
[21:19:36] TINYDRAW_GATE1_CACHE_REVISIT zoom=50 remaining=0 tile_pixels=118128 fallback_pixels=0 compose_us=15908 complete_us=20835 hit=1
[21:19:36] TINYDRAW_GATE1_CACHE_REVISIT zoom=100 remaining=0 tile_pixels=164864 fallback_pixels=0 compose_us=18368 complete_us=20412 hit=1
[21:19:36] TINYDRAW_GATE1_CACHE_REVISIT zoom=200 remaining=0 tile_pixels=164864 fallback_pixels=0 compose_us=18377 complete_us=19973 hit=1
[21:19:36] TINYDRAW_GATE1_CACHE_REVISIT zoom=400 remaining=0 tile_pixels=164608 fallback_pixels=0 compose_us=18383 complete_us=20531 hit=1
[21:19:37] TINYDRAW_GATE1_CACHE_FILL zoom=400 x=575 y=575 published=56 total_us=292968 within_cold_gate=1 complete=1
[21:19:37] TINYDRAW_GATE1_CACHE_ROUND_TRIP zoom=50 from_x=63 from_y=63 via_x=575 via_y=575 remaining=0 tile_pixels=118128 fallback_pixels=0 compose_us=15927 complete_us=20740 hit=1
[21:19:37] TINYDRAW_GATE1_CACHE_ROUND_TRIP zoom=100 from_x=63 from_y=63 via_x=575 via_y=575 remaining=0 tile_pixels=164864 fallback_pixels=0 compose_us=18402 complete_us=20310 hit=1
[21:19:37] TINYDRAW_GATE1_CACHE_ROUND_TRIP zoom=200 from_x=63 from_y=63 via_x=575 via_y=575 remaining=0 tile_pixels=164864 fallback_pixels=0 compose_us=18409 complete_us=20890 hit=1
[21:19:37] TINYDRAW_GATE1_CACHE_ROUND_TRIP zoom=400 from_x=63 from_y=63 via_x=575 via_y=575 remaining=0 tile_pixels=164608 fallback_pixels=0 compose_us=18400 complete_us=20453 hit=1
[21:19:37] TINYDRAW_GATE1_CACHE_RETENTION pass=1 slots=448 revision=2930
[21:19:38] TINYDRAW_PAPER_SWEEP zoom=100 identities=644 raw=266 uniform=378 fallback=0 slots=448 total_us=1330441 pass=1
[21:19:38] TINYDRAW_RERENDER_LEDGER_RESET site=cache_tour_start
[21:19:41] TINYDRAW_GATE1_CACHE_TOUR slots=448 stops=16 forward_steps=2162 forward_tiles=832 forward_wall_us=1324458 return_missing_tiles=0 return_steps=16 return_tiles=0 return_wall_us=6011 home_missing=0 home_fallback_pixels=0 pass=1
[21:19:41] TINYDRAW_RERENDER_LEDGER site=cache_tour renders=137 unique=137 amplification=1.000 cold=137 damage=0 evict=0 stale=0 unexplained=0
[21:19:42] TINYDRAW_GATE1_MIXED_DRAW_WARM zoom=50 fill_tiles=56 fill_us=522910 raw=42 uniform=14
[21:19:42] TINYDRAW_GATE1_MIXED_DRAW_WARM zoom=100 fill_tiles=56 fill_us=404187 raw=56 uniform=0
[21:19:43] TINYDRAW_GATE1_MIXED_DRAW_WARM zoom=200 fill_tiles=56 fill_us=312785 raw=56 uniform=0
[21:19:43] TINYDRAW_GATE1_MIXED_DRAW_WARM zoom=400 fill_tiles=42 fill_us=197593 raw=42 uniform=0
[21:19:44] TINYDRAW_GATE1_MIXED_DRAW zoom=25 tool=pen chunks=50 append_max_us=122 append_avg_us=67 append_total_us=3369 affected_tiles=196 published=0 fallback=196 visible_fallback=0 drop_uni_slot=0 drop_uni_paint=0 drop_raw_edit=0 drop_raw_paint=0 off_skip=0 drain_ops=50 drain_total_us=581741 drain_max_us=13089 ph_prepare_max_us=111 ph_overview_max_us=8924 ph_enumerate_max_us=567 ph_uniform_max_us=106 ph_raw_max_us=15 ph_offscreen_max_us=14 ph_commit_max_us=3543 committed=1 authority=1 refresh=1 run_ok=1 pass=1
[21:19:45] TINYDRAW_GATE1_MIXED_DRAW zoom=25 tool=eraser chunks=50 append_max_us=124 append_avg_us=68 append_total_us=3424 affected_tiles=0 published=0 fallback=0 visible_fallback=0 drop_uni_slot=0 drop_uni_paint=0 drop_raw_edit=0 drop_raw_paint=0 off_skip=0 drain_ops=50 drain_total_us=578733 drain_max_us=13020 ph_prepare_max_us=109 ph_overview_max_us=8962 ph_enumerate_max_us=445 ph_uniform_max_us=13 ph_raw_max_us=4 ph_offscreen_max_us=3 ph_commit_max_us=3565 committed=1 authority=1 refresh=1 run_ok=1 pass=1
[21:19:48] TINYDRAW_GATE1_MIXED_DRAW zoom=50 tool=pen chunks=50 append_max_us=161 append_avg_us=72 append_total_us=3648 affected_tiles=422 published=400 fallback=22 visible_fallback=0 drop_uni_slot=0 drop_uni_paint=0 drop_raw_edit=0 drop_raw_paint=0 off_skip=0 drain_ops=50 drain_total_us=800056 drain_max_us=19036 ph_prepare_max_us=144 ph_overview_max_us=3812 ph_enumerate_max_us=569 ph_uniform_max_us=5305 ph_raw_max_us=11862 ph_offscreen_max_us=7 ph_commit_max_us=1744 committed=1 authority=1 refresh=1 run_ok=1 pass=1
[21:19:48] TINYDRAW_GATE1_MIXED_DRAW zoom=50 tool=eraser chunks=50 append_max_us=158 append_avg_us=76 append_total_us=3805 affected_tiles=405 published=405 fallback=0 visible_fallback=0 drop_uni_slot=0 drop_uni_paint=0 drop_raw_edit=0 drop_raw_paint=0 off_skip=0 drain_ops=50 drain_total_us=787302 drain_max_us=17573 ph_prepare_max_us=142 ph_overview_max_us=3719 ph_enumerate_max_us=588 ph_uniform_max_us=27 ph_raw_max_us=11845 ph_offscreen_max_us=11 ph_commit_max_us=1553 committed=1 authority=1 refresh=1 run_ok=1 pass=1
[21:19:50] TINYDRAW_GATE1_MIXED_DRAW zoom=100 tool=pen chunks=50 append_max_us=162 append_avg_us=75 append_total_us=3761 affected_tiles=450 published=398 fallback=52 visible_fallback=0 drop_uni_slot=0 drop_uni_paint=0 drop_raw_edit=0 drop_raw_paint=0 off_skip=0 drain_ops=50 drain_total_us=672836 drain_max_us=15403 ph_prepare_max_us=147 ph_overview_max_us=1879 ph_enumerate_max_us=547 ph_uniform_max_us=4423 ph_raw_max_us=11796 ph_offscreen_max_us=9 ph_commit_max_us=1021 committed=1 authority=1 refresh=1 run_ok=1 pass=1
[21:19:55] TINYDRAW_GATE1_MIXED_DRAW zoom=100 tool=eraser chunks=50 append_max_us=164 append_avg_us=76 append_total_us=3818 affected_tiles=399 published=399 fallback=0 visible_fallback=0 drop_uni_slot=0 drop_uni_paint=0 drop_raw_edit=0 drop_raw_paint=0 off_skip=0 drain_ops=50 drain_total_us=660471 drain_max_us=14788 ph_prepare_max_us=145 ph_overview_max_us=1866 ph_enumerate_max_us=604 ph_uniform_max_us=28 ph_raw_max_us=11817 ph_offscreen_max_us=3 ph_commit_max_us=822 committed=1 authority=1 refresh=1 run_ok=1 pass=1
[21:19:55] TINYDRAW_GATE1_MIXED_DRAW zoom=200 tool=pen chunks=50 append_max_us=165 append_avg_us=74 append_total_us=3705 affected_tiles=425 published=389 fallback=36 visible_fallback=0 drop_uni_slot=0 drop_uni_paint=0 drop_raw_edit=0 drop_raw_paint=0 off_skip=0 drain_ops=50 drain_total_us=620350 drain_max_us=14820 ph_prepare_max_us=146 ph_overview_max_us=1055 ph_enumerate_max_us=553 ph_uniform_max_us=4557 ph_raw_max_us=11861 ph_offscreen_max_us=7 ph_commit_max_us=862 committed=1 authority=1 refresh=1 run_ok=1 pass=1
[21:19:55] TINYDRAW_GATE1_MIXED_DRAW zoom=200 tool=eraser chunks=50 append_max_us=145 append_avg_us=72 append_total_us=3632 affected_tiles=388 published=388 fallback=0 visible_fallback=0 drop_uni_slot=0 drop_uni_paint=0 drop_raw_edit=0 drop_raw_paint=0 off_skip=0 drain_ops=50 drain_total_us=606495 drain_max_us=13938 ph_prepare_max_us=134 ph_overview_max_us=1081 ph_enumerate_max_us=558 ph_uniform_max_us=28 ph_raw_max_us=11867 ph_offscreen_max_us=5 ph_commit_max_us=709 committed=1 authority=1 refresh=1 run_ok=1 pass=1
[21:19:55] TINYDRAW_GATE1_MIXED_DRAW zoom=400 tool=pen chunks=50 append_max_us=167 append_avg_us=73 append_total_us=3695 affected_tiles=359 published=334 fallback=25 visible_fallback=0 drop_uni_slot=0 drop_uni_paint=0 drop_raw_edit=0 drop_raw_paint=0 off_skip=0 drain_ops=50 drain_total_us=572665 drain_max_us=13914 ph_prepare_max_us=150 ph_overview_max_us=735 ph_enumerate_max_us=705 ph_uniform_max_us=3314 ph_raw_max_us=11193 ph_offscreen_max_us=7 ph_commit_max_us=826 committed=1 authority=1 refresh=1 run_ok=1 pass=1
[21:19:56] TINYDRAW_GATE1_MIXED_DRAW zoom=400 tool=eraser chunks=50 append_max_us=151 append_avg_us=73 append_total_us=3697 affected_tiles=350 published=350 fallback=0 visible_fallback=0 drop_uni_slot=0 drop_uni_paint=0 drop_raw_edit=0 drop_raw_paint=0 off_skip=0 drain_ops=50 drain_total_us=565762 drain_max_us=12969 ph_prepare_max_us=135 ph_overview_max_us=718 ph_enumerate_max_us=707 ph_uniform_max_us=27 ph_raw_max_us=11247 ph_offscreen_max_us=5 ph_commit_max_us=684 committed=1 authority=1 refresh=1 run_ok=1 pass=1
[21:19:56] TINYDRAW_GATE1_MIXED_DRAW_REVISIT zoom=50 missing=4 refill_tiles=4 refill_us=186930
[21:19:56] TINYDRAW_GATE1_MIXED_DRAW_REVISIT zoom=100 missing=9 refill_tiles=9 refill_us=323790
[21:19:57] TINYDRAW_GATE1_MIXED_DRAW_REVISIT zoom=200 missing=16 refill_tiles=16 refill_us=326302
[21:19:57] TINYDRAW_GATE1_MIXED_DRAW_REVISIT zoom=400 missing=0 refill_tiles=0 refill_us=310
[21:19:57] TINYDRAW_GATE1_MIXED_DRAW_SUMMARY slots=448 strokes=10 worst_append_us=167 pass=1
[21:20:03] TINYDRAW_GATE1_IDLE_REPAIR damaged=588 remaining=0 plan_views=24 steps=4378 repair_us=3830519 worst_step_us=5477 warm_tiles=56 pass=1
[21:20:03] TINYDRAW_INKTRACE trace=fast-curve-dense-25 zoom=25 events=411 consumed=389 coalesced=22 down=1/1 up=1/1 max_time_gap_us=4070 max_space_gap_px=55.33 e2c_p50=505 e2c_p95=744 e2c_max=1577 e2g_p95=781 e2s_p95=2527 e2d_p50=2299 e2d_p95=3380 e2d_max=3621 latency_samples=33 presentation_failures=0 commit_failures=0 overflows=0 revision=3482 fb_tiles=0 fb_start=0 fb_mid_max=0 fb_up_max=0 fb_end=0 drop_uni_slot=0 drop_uni_paint=0 drop_raw_edit=0 drop_raw_paint=0 off_skip=0 drain_ops=2 drain_max_us=20838 latency_pass=1 pass=1
[21:20:04] TINYDRAW_INKTRACE trace=fast-curve-400 zoom=400 events=414 consumed=368 coalesced=46 down=1/1 up=1/1 max_time_gap_us=4071 max_space_gap_px=65.51 e2c_p50=505 e2c_p95=1057 e2c_max=1998 e2g_p95=775 e2s_p95=2644 e2d_p50=2433 e2d_p95=3927 e2d_max=3936 latency_samples=33 presentation_failures=0 commit_failures=0 overflows=0 revision=3484 fb_tiles=42 fb_start=30 fb_mid_max=30 fb_up_max=30 fb_end=30 drop_uni_slot=0 drop_uni_paint=0 drop_raw_edit=0 drop_raw_paint=0 off_skip=0 drain_ops=2 drain_max_us=5959 latency_pass=1 pass=1
[21:20:06] TINYDRAW_INKTRACE trace=fast-curve-400-xl zoom=400 events=2296 consumed=1967 coalesced=329 down=1/1 up=1/1 max_time_gap_us=5073 max_space_gap_px=47.85 e2c_p50=505 e2c_p95=561 e2c_max=1578 e2g_p95=784 e2s_p95=2947 e2d_p50=3211 e2d_p95=4422 e2d_max=5427 latency_samples=172 presentation_failures=0 commit_failures=0 overflows=0 revision=3490 fb_tiles=42 fb_start=30 fb_mid_max=30 fb_up_max=30 fb_end=30 drop_uni_slot=0 drop_uni_paint=0 drop_raw_edit=0 drop_raw_paint=0 off_skip=0 drain_ops=6 drain_max_us=9041 latency_pass=1 pass=1
[21:20:07] TINYDRAW_INKTRACE trace=slow-precise-100 zoom=100 events=741 consumed=702 coalesced=39 down=1/1 up=1/1 max_time_gap_us=2999 max_space_gap_px=13.45 e2c_p50=505 e2c_p95=1062 e2c_max=1904 e2g_p95=777 e2s_p95=1783 e2d_p50=1941 e2d_p95=2256 e2d_max=2296 latency_samples=53 presentation_failures=0 commit_failures=0 overflows=0 revision=3492 fb_tiles=42 fb_start=24 fb_mid_max=24 fb_up_max=24 fb_end=24 drop_uni_slot=0 drop_uni_paint=0 drop_raw_edit=0 drop_raw_paint=0 off_skip=0 drain_ops=2 drain_max_us=6166 latency_pass=1 pass=1
[21:20:10] TINYDRAW_INKTRACE trace=scribble-multistroke zoom=100 events=848 consumed=742 coalesced=106 down=7/7 up=7/7 max_time_gap_us=6072 max_space_gap_px=109.46 e2c_p50=505 e2c_p95=576 e2c_max=2049 e2g_p95=778 e2s_p95=3432 e2d_p50=3094 e2d_p95=5221 e2d_max=6216 latency_samples=55 presentation_failures=0 commit_failures=0 overflows=0 revision=3499 fb_tiles=42 fb_start=24 fb_mid_max=24 fb_up_max=24 fb_end=24 drop_uni_slot=0 drop_uni_paint=0 drop_raw_edit=0 drop_raw_paint=0 off_skip=0 drain_ops=7 drain_max_us=6135 latency_pass=1 pass=1
[21:20:11] TINYDRAW_HAIRLINE_DOC ops=782 samples=8061 append_total_us=1061608 append_max_us=7126
[21:20:12] TINYDRAW_GATE1_PACED_COLD corpus=evil_hairlines_capacity zoom=100 x=552 y=672 steps=239 tiles=56 compute_us=228721 present_us=77879 touch_us=540 pacing_us=8839 wall_us=315979 maximum_wall_us=500000 max_tick_us=8939 touch_samples=45949 touch_interval_max_us=2156 touch_read_max_us=623 touch_events=0 touch_down=0 touch_up=0 touch_events_ge_8ms=0 touch_event_age_max_us=0 touch_errors=0 touch_overflows=0 pass=1
[21:20:12] TINYDRAW_GATE1_PACED_COLD corpus=evil_hairlines_capacity zoom=400 x=2760 y=3360 steps=212 tiles=48 compute_us=132002 present_us=72916 touch_us=368 pacing_us=6666 wall_us=211952 maximum_wall_us=500000 max_tick_us=8766 touch_samples=282 touch_interval_max_us=1916 touch_read_max_us=464 touch_events=0 touch_down=0 touch_up=0 touch_events_ge_8ms=0 touch_event_age_max_us=0 touch_errors=0 touch_overflows=0 pass=1
[21:20:14] TINYDRAW_HAIRLINE_REPAIR steps=2372 wall_us=2144010 worst_step_us=4736 resident=407/448 grid_stopped=1 pass2_steps=8 pass2_wall_us=2171 no_churn=1
[21:20:16] TINYDRAW_HAIRLINE_TOUR stops=8 total_us=900246 worst_stop_us=195652 worst_step_us=6293
[21:20:16] TINYDRAW_GATE1_HAIRLINE raw=339 uniform=72 fallback=233 capacity=448 worst_step_us=6293 grid_stopped=1 pass=1
[21:20:18] TINYDRAW_GATE1_LONG_GESTURE path=reference samples=1600 chunks=26 append_total_us=914438 append_max_us=43186 append_avg_us=35170 refresh_fallback_pixels=0 settled_fallback_pixels=0 committed=1 authority=1 refresh=1 run_ok=1
[21:20:18] TINYDRAW_GATE1_LONG_GESTURE path=in_place samples=1600 chunks=52 append_total_us=583701 append_max_us=13584 append_avg_us=11225 refresh_fallback_pixels=0 settled_fallback_pixels=0 committed=1 authority=1 refresh=1 run_ok=1
[21:20:18] TINYDRAW_V2_EXPORT_PROGRESS row=0 of=1792
[21:20:19] TINYDRAW_V2_EXPORT_PROGRESS row=256 of=1792
[21:20:19] TINYDRAW_V2_EXPORT_PROGRESS row=512 of=1792
[21:20:20] TINYDRAW_V2_EXPORT_PROGRESS row=768 of=1792
[21:20:21] TINYDRAW_V2_EXPORT_PROGRESS row=1024 of=1792
[21:20:22] TINYDRAW_V2_EXPORT_PROGRESS row=1280 of=1792
[21:20:23] TINYDRAW_V2_EXPORT_PROGRESS row=1536 of=1792
[21:20:24] TINYDRAW_GATE1_EXPORT encoded=1 bytes=40166 elapsed_us=5848171 workspace_bytes=50652 band_bytes=376832 free_psram=1859920 free_internal=179664 signature=1 dimensions=1 chunks=3 chunks_ok=1 pass=1
[21:20:24] TINYDRAW_EXPORT_RESERVE requested=1572864 free_before=1859920 largest_before=1835008 free_held=287052 largest_held=286720 pass=1
[21:20:24] TINYDRAW_RERENDER_LEDGER site=final renders=0 unique=0 amplification=0.000 cold=0 damage=0 evict=0 stale=0 unexplained=0
[21:20:24] TINYDRAW_GATE1_AUTOMATED_DONE stress=1 stress_100=1 stress_400=1 overlap_ready=1 overlap_cold=0 general_cold_ready=1 general_cold=1 workload=1 paced_cold=1 hard_100=1 hard_400=1 pan_100=1 pan_400=1 pan_seq=1 pan_boundary=1 live_overlay=1 draw_fill=1 cache=1 full_world_cache=1 cache_tour=1 mixed_draw=1 idle_repair=1 ink_trace=1 hairline_capacity=1 long_gesture=1 export_encode=1 export_reserve=1 return=1 ssaa_receipt=yellow
[21:20:24] TINYDRAW_VECTOR_V2_GATE_HARNESS_DONE pass=0
[21:20:24] TINYDRAW_VECTOR_V2_READY zoom=25 controls=chrome button=cycle_all_zooms operations_capacity=4000 samples_capacity=80000 live_storage_bytes=6383640 overview_bytes=1318912 raw_tile_bytes=3670016 tile_metadata_bytes=101360 operation_bytes=720000 live_scratch_bytes=573352 free_psram=1859920 largest_psram=1835008 te_edges=3982 te_period_us=16794 te_high_us=579 te_level=0 main_stack_free=824
