[01:54:32] I (103) esp_image: segment 0: paddr=00010020 vaddr=3c050020 sizeESP-ROM:esp32s3-20210327
[01:54:32] Build:Mar 27 2021
[01:54:32] rst:0x15 (USB_UART_CHIP_RESET),boot:0x2b (SPI_FAST_FLASH_BOOT)
[01:54:32] Saved PC:0x42008abf
[01:54:32] SPIWP:0xee
[01:54:32] mode:DIO, clock div:1
[01:54:32] load:0x3fce2820,len:0x1664
[01:54:32] load:0x403c8700,len:0xf38
[01:54:32] load:0x403cb700,len:0x31e8
[01:54:32] entry 0x403c8930
[01:54:32] I (24) boot: ESP-IDF v6.0.2 2nd stage bootloader
[01:54:32] I (24) boot: compile time Aug 17 2026 01:33:21
[01:54:32] I (25) boot: Multicore bootloader
[01:54:32] I (25) boot: chip revision: v0.2
[01:54:32] I (28) boot: efuse block revision: v1.3
[01:54:32] I (31) qio_mode: Enabling default flash chip QIO
[01:54:32] I (36) boot.esp32s3: Boot SPI Speed : 80MHz
[01:54:32] I (39) boot.esp32s3: SPI Mode       : QIO
[01:54:32] I (43) boot.esp32s3: SPI Flash Size : 16MB
[01:54:32] I (47) boot: Enabling RNG early entropy source...
[01:54:32] I (51) boot: Partition Table:
[01:54:32] I (54) boot: ## Label            Usage          Type ST Offset   Length
[01:54:32] I (60) boot:  0 nvs              WiFi data        01 02 00009000 00006000
[01:54:32] I (67) boot:  1 phy_init         RF data          01 01 0000f000 00001000
[01:54:32] I (73) boot:  2 factory          factory app      00 00 00010000 00100000
[01:54:32] I (80) boot:  3 drawing          Unknown data     01 40 00110000 00300000
[01:54:32] I (86) boot:  4 export           Unknown data     01 41 00410000 00500000
[01:54:32] I (93) boot:  5 coredump         Unknown data     01 03 00910000 00010000
[01:54:32] I (100) boot: End of partition table
[01:54:32] I (103) esp_image: segment 0: paddr=00010020 vaddr=3c050020 size=2a0ech (172268) map
[01:54:32] I (137) esp_image: segment 1: paddr=0003a114 vaddr=3fc97600 size=03774h ( 14196) load
[01:54:32] I (140) esp_image: segment 2: paddr=0003d890 vaddr=40374000 size=02788h ( 10120) load
[01:54:32] I (143) esp_image: segment 3: paddr=00040020 vaddr=42000020 size=4c9d4h (313812) map
[01:54:32] I (197) esp_image: segment 4: paddr=0008c9fc vaddr=40376788 size=10dd8h ( 69080) load
[01:54:32] I (211) esp_image: segment 5: paddr=0009d7dc vaddr=50000000 size=00024h (    36) load
[01:54:32] I (220) boot: Loaded app from partition at offset 0x10000
[01:54:32] I (220) boot: Disabling RNG early entropy source...
[01:54:32] I (230) octal_psram: vendor id    : 0x0d (AP)
[01:54:32] I (230) octal_psram: dev id       : 0x02 (generation 3)
[01:54:32] I (230) octal_psram: density      : 0x03 (64 Mbit)
[01:54:32] I (232) octal_psram: good-die     : 0x01 (Pass)
[01:54:32] I (236) octal_psram: Latency      : 0x01 (Fixed)
[01:54:32] I (241) octal_psram: VCC          : 0x01 (3V)
[01:54:32] I (245) octal_psram: SRF          : 0x01 (Fast Refresh)
[01:54:32] I (250) octal_psram: BurstType    : 0x01 (Hybrid Wrap)
[01:54:32] I (255) octal_psram: BurstLen     : 0x01 (32 Byte)
[01:54:32] I (259) octal_psram: Readlatency  : 0x02 (10 cycles@Fixed)
[01:54:32] I (264) octal_psram: DriveStrength: 0x00 (1/1)
[01:54:32] I (268) MSPI Timing: Enter psram timing tuning
[01:54:32] I (273) esp_psram: Found 8MB PSRAM device
[01:54:32] I (276) esp_psram: Speed: 80MHz
[01:54:32] I (279) cpu_start: Multicore app
[01:54:32] I (695) esp_psram: SPI SRAM memory test OK
[01:54:32] I (704) cpu_start: GPIO 44 and 43 are used as console UART I/O pins
[01:54:32] I (704) cpu_start: Pro cpu start user code
[01:54:32] I (704) cpu_start: cpu freq: 240000000 Hz
[01:54:32] I (706) app_init: Application information:
[01:54:32] I (710) app_init: Project name:     tinydraw_esp32
[01:54:32] I (714) app_init: App version:      8371cab-dirty
[01:54:32] I (719) app_init: Compile time:     Aug 17 2026 01:45:43
[01:54:32] I (724) app_init: ELF file SHA256:  8fc69a113...
[01:54:32] I (728) app_init: ESP-IDF:          v6.0.2
[01:54:32] I (732) efuse_init: Min chip rev:     v0.0
[01:54:32] I (736) efuse_init: Max chip rev:     v0.99
[01:54:32] I (740) efuse_init: Chip rev:         v0.2
[01:54:32] I (743) heap_init: Initializing. RAM available for dynamic allocation:
[01:54:32] I (750) heap_init: At 3FC9BE00 len 0004D910 (310 KiB): RAM
[01:54:32] I (755) heap_init: At 3FCE9710 len 00005724 (21 KiB): RAM
[01:54:32] I (760) heap_init: At 3FCF0000 len 00008000 (32 KiB): DRAM
[01:54:32] I (765) heap_init: At 600FE000 len 00001FE8 (7 KiB): RTCRAM
[01:54:32] I (771) esp_psram: Adding pool of 8192K of PSRAM memory to heap allocator
[01:54:32] I (777) spi_flash: detected chip: generic
[01:54:32] I (781) spi_flash: flash io: qio
[01:54:32] I (784) sleep_gpio: Configure to isolate all GPIO pins in sleep state
[01:54:32] I (790) sleep_gpio: Enable automatic switching of GPIO sleep configuration
[01:54:32] I (797) main_task: Started on CPU0
[01:54:32] I (800) main_task: Calling app_main()
[01:54:32] TINYDRAW_PRODUCER_SCRATCH supertask_internal=1 slot_directory_internal=0 free_internal=290860 free_psram=1820524
[01:54:32] TINYDRAW_PANEL_HARD_RESET=1
[01:54:32] TINYDRAW_PANEL_TRANSPORT requested_clock_mhz=50 effective_clock_mhz=40
[01:54:32] I (1007) co5300: version: 2.1.0
[01:54:32] I (1007) co5300_spi: LCD panel create success, version: 2.1.0
[01:54:32] W (1092) co5300_spi: The 3Ah command has been used and will be overwritten by external initialization sequence
[01:54:32] I (1193) CST816S: IC id: 183
[01:54:32] TINYDRAW_VECTOR_V2_PRESENTATION experiment=boundary-top-sweep te_edge=rising requested_clock_mhz=50 effective_clock_mhz=40 optical_acceptance=external_manual
[01:54:33] TINYDRAW_LIVE_PRESENT kind=startup zoom=25 x=0 y=0 compose_us=26088 scroll_us=0 exposed_compose_us=0 chrome_us=13239 chrome_prepare_us=8303 chrome_stage_us=4936 read_submit_us=0 read_complete_us=0 transfer_wait_us=21092 tile_pixels=0 uniform_pixels=0 overview_pixels=164864 fallback_pixels=0 resident_tiles=0 fallback_tiles=0 pushes=11 tear_wait_us=3740 tear_edge_isr_to_resume_us=13 tear_edge_observed=1 tear_edge_wait_resumed=1 tear_edge_timeout=0 tear_heal_attempted=0 tear_heal_command_sent=0 presentation_experiment=boundary-top-sweep te_edge=rising requested_clock_mhz=50 effective_clock_mhz=40 frame_reused=0 pass=1
[01:54:33] TINYDRAW_GATE1_ZOOM_OVERLAY_PAN tap_zoom=1 drag_pan=1 threshold_px=8 pass=1
[01:54:33] TINYDRAW_GATE1_ZOOM_CYCLE_RETURN explored_x=2300 explored_y=3100 returned_x=2300 returned_y=3100 pass=1
[01:54:33] TINYDRAW_GATE1_COLOR_DIALOG wall_us=27781 maximum_us=40000 compose_us=0 chrome_us=9305 chrome_prepare_us=7 chrome_stage_us=9298 complete_us=24058 pushes=11 pass=1
[01:54:33] TINYDRAW_GATE1_MINIMAP_NAV hit=1 threshold_px=4 intent=1 tap_x=552 tap_y=710 tap_complete_us=20164 tap_pass=1 drag_x=626 drag_y=782 drag_complete_us=16529 drag_reused=1 drag_pass=1 pass=1
[01:54:33] TINYDRAW_LIVE_STRESS operations=1000 samples=20000 total_us=747829 average_us=747 maximum_us=1019 free_psram=1818936 largest_psram=1802240
[01:54:34] TINYDRAW_LIVE_PRESENT kind=gate_fallback zoom=100 x=0 y=0 compose_us=11360 scroll_us=0 exposed_compose_us=0 chrome_us=7644 chrome_prepare_us=3153 chrome_stage_us=4491 read_submit_us=18905 read_complete_us=22271 transfer_wait_us=20346 tile_pixels=0 uniform_pixels=0 overview_pixels=0 fallback_pixels=164864 resident_tiles=0 fallback_tiles=42 pushes=11 tear_wait_us=4280 tear_edge_isr_to_resume_us=9 tear_edge_observed=1 tear_edge_wait_resumed=1 tear_edge_timeout=0 tear_heal_attempted=0 tear_heal_command_sent=0 presentation_experiment=boundary-top-sweep te_edge=rising requested_clock_mhz=50 effective_clock_mhz=40 frame_reused=0 pass=1
[01:54:34] TINYDRAW_GATE1_HARD zoom=100 cold=1 operations=1000 samples=20000 steps=193 tiles=42 scanned=12000 rendered=122 max_supertask_us=6541 presentation_us=69372 total_us=269839 maximum_wall_us=500000 pass=1
[01:54:34] TINYDRAW_LIVE_PRESENT kind=gate_fallback zoom=400 x=0 y=0 compose_us=10786 scroll_us=0 exposed_compose_us=0 chrome_us=5471 chrome_prepare_us=1127 chrome_stage_us=4344 read_submit_us=26753 read_complete_us=30386 transfer_wait_us=20372 tile_pixels=0 uniform_pixels=0 overview_pixels=0 fallback_pixels=164864 resident_tiles=0 fallback_tiles=42 pushes=11 tear_wait_us=14701 tear_edge_isr_to_resume_us=10 tear_edge_observed=1 tear_edge_wait_resumed=1 tear_edge_timeout=0 tear_heal_attempted=0 tear_heal_command_sent=0 presentation_experiment=boundary-top-sweep te_edge=rising requested_clock_mhz=50 effective_clock_mhz=40 frame_reused=0 pass=1
[01:54:34] TINYDRAW_GATE1_HARD zoom=400 cold=1 operations=1000 samples=20000 steps=199 tiles=42 scanned=12000 rendered=17 max_supertask_us=5174 presentation_us=65716 total_us=155818 maximum_wall_us=500000 pass=1
[01:54:35] TINYDRAW_OVERLAP_WORKLOAD operations=8 samples=1200 radius_world=80
[01:54:36] TINYDRAW_GATE1_PACED_COLD corpus=overlap zoom=50 x=215 y=255 steps=235 tiles=56 compute_us=504713 present_us=82539 touch_us=605 pacing_us=13546 wall_us=601403 maximum_wall_us=500000 max_tick_us=10491 touch_samples=2839 touch_interval_max_us=2010 touch_read_max_us=590 touch_events=0 touch_down=0 touch_up=0 touch_events_ge_8ms=0 touch_event_age_max_us=0 touch_errors=0 touch_overflows=0 pass=0
[01:54:36] TINYDRAW_GATE1_PACED_COLD corpus=overlap zoom=100 x=583 y=703 steps=183 tiles=48 compute_us=273770 present_us=78877 touch_us=450 pacing_us=5868 wall_us=358965 maximum_wall_us=500000 max_tick_us=9822 touch_samples=429 touch_interval_max_us=1761 touch_read_max_us=524 touch_events=0 touch_down=0 touch_up=0 touch_events_ge_8ms=0 touch_event_age_max_us=0 touch_errors=0 touch_overflows=0 pass=1
[01:54:36] TINYDRAW_GATE1_PACED_COLD corpus=overlap zoom=200 x=1319 y=1599 steps=180 tiles=56 compute_us=248856 present_us=76987 touch_us=471 pacing_us=6654 wall_us=332968 maximum_wall_us=500000 max_tick_us=9505 touch_samples=395 touch_interval_max_us=1185 touch_read_max_us=478 touch_events=0 touch_down=0 touch_up=0 touch_events_ge_8ms=0 touch_event_age_max_us=0 touch_errors=0 touch_overflows=0 pass=1
[01:54:37] TINYDRAW_GATE1_PACED_COLD corpus=overlap zoom=400 x=2791 y=3391 steps=181 tiles=56 compute_us=213618 present_us=71268 touch_us=411 pacing_us=6681 wall_us=291978 maximum_wall_us=500000 max_tick_us=8751 touch_samples=362 touch_interval_max_us=1525 touch_read_max_us=473 touch_events=0 touch_down=0 touch_up=0 touch_events_ge_8ms=0 touch_event_age_max_us=0 touch_errors=0 touch_overflows=0 pass=1
[01:54:37] TINYDRAW_ADVERSARIAL_TAPERED_WORKLOAD operations=128 samples=4096 erasers=12 load_us=226650 appended=1
[01:54:38] TINYDRAW_GENERAL_COLD_WORKLOAD operations=910 samples=12157 hairline_operations=782 hairline_samples=8061 hairline_load_us=1136198 appended=1
[01:54:39] TINYDRAW_GATE1_PACED_COLD corpus=adversarial_tapered_4x+evil_hairlines zoom=50 x=0 y=0 steps=313 tiles=42 compute_us=331645 present_us=70749 touch_us=486 pacing_us=10172 wall_us=413052 maximum_wall_us=500000 max_tick_us=8443 touch_samples=1623 touch_interval_max_us=2059 touch_read_max_us=549 touch_events=0 touch_down=0 touch_up=0 touch_events_ge_8ms=0 touch_event_age_max_us=0 touch_errors=0 touch_overflows=0 pass=1
[01:54:39] TINYDRAW_GATE1_PACED_COLD corpus=adversarial_tapered_4x+evil_hairlines zoom=100 x=0 y=0 steps=334 tiles=42 compute_us=325555 present_us=66270 touch_us=445 pacing_us=8920 wall_us=401190 maximum_wall_us=500000 max_tick_us=8139 touch_samples=476 touch_interval_max_us=1166 touch_read_max_us=448 touch_events=0 touch_down=0 touch_up=0 touch_events_ge_8ms=0 touch_event_age_max_us=0 touch_errors=0 touch_overflows=0 pass=1
[01:54:40] TINYDRAW_GATE1_PACED_COLD corpus=adversarial_tapered_4x+evil_hairlines zoom=200 x=0 y=0 steps=406 tiles=42 compute_us=386813 present_us=62400 touch_us=476 pacing_us=10628 wall_us=460317 maximum_wall_us=500000 max_tick_us=7267 touch_samples=530 touch_interval_max_us=1155 touch_read_max_us=436 touch_events=0 touch_down=0 touch_up=0 touch_events_ge_8ms=0 touch_event_age_max_us=0 touch_errors=0 touch_overflows=0 pass=1
[01:54:40] TINYDRAW_GATE1_PACED_COLD corpus=adversarial_tapered_4x+evil_hairlines zoom=400 x=0 y=0 steps=491 tiles=42 compute_us=423189 present_us=61984 touch_us=498 pacing_us=11022 wall_us=496693 maximum_wall_us=520000 max_tick_us=9796 touch_samples=557 touch_interval_max_us=1150 touch_read_max_us=435 touch_events=0 touch_down=0 touch_up=0 touch_events_ge_8ms=0 touch_event_age_max_us=0 touch_errors=0 touch_overflows=0 pass=1
[01:54:41] TINYDRAW_GATE1_WORKLOAD kind=realistic seed=7 operations=1000 samples=19844 maximum_stroke=198 load_us=564384 raw_source=1 lod_copies=0
[01:54:41] TINYDRAW_GATE1_PACED_COLD corpus=seed7 zoom=400 x=63 y=63 steps=263 tiles=56 compute_us=184071 present_us=79871 touch_us=370 pacing_us=4653 wall_us=268965 maximum_wall_us=500000 max_tick_us=9440 touch_samples=836 touch_interval_max_us=2040 touch_read_max_us=520 touch_events=0 touch_down=0 touch_up=0 touch_events_ge_8ms=0 touch_event_age_max_us=0 touch_errors=0 touch_overflows=0 pass=1
[01:54:42] TINYDRAW_LIVE_PRESENT kind=gate_fallback zoom=100 x=0 y=0 compose_us=11433 scroll_us=0 exposed_compose_us=0 chrome_us=5608 chrome_prepare_us=1154 chrome_stage_us=4454 read_submit_us=24278 read_complete_us=27896 transfer_wait_us=20845 tile_pixels=0 uniform_pixels=0 overview_pixels=0 fallback_pixels=164864 resident_tiles=0 fallback_tiles=42 pushes=11 tear_wait_us=11554 tear_edge_isr_to_resume_us=10 tear_edge_observed=1 tear_edge_wait_resumed=1 tear_edge_timeout=0 tear_heal_attempted=0 tear_heal_command_sent=0 presentation_experiment=boundary-top-sweep te_edge=rising requested_clock_mhz=50 effective_clock_mhz=40 frame_reused=0 pass=1
[01:54:42] TINYDRAW_GATE1_HARD zoom=100 cold=1 operations=1000 samples=19844 steps=246 tiles=42 scanned=12000 rendered=390 max_supertask_us=5142 presentation_us=70426 total_us=347657 maximum_wall_us=500000 pass=1
[01:54:42] TINYDRAW_GATE1_OVERLAY_CANVAS regions=zoom,minimap,toolbar,battery operations=4 presentation_mutations=0 authority=1 pass=1
[01:54:42] TINYDRAW_GATE1_LIVE_OVERLAY clear_updates=48 clear_wall_max_us=3939 clear_submit_max_us=2141 clear_complete_max_us=3013 overlay_updates=48 overlay_wall_max_us=3927 overlay_submit_max_us=2087 overlay_complete_max_us=3127 overlay_chrome_max_us=246 clear_failures=0 overlay_failures=0 pass=1
[01:54:42] TINYDRAW_EDGE_INK corners=4 edge_failures=0 pass=1
[01:54:42] TINYDRAW_GATE1_PAN zoom=100 from_x=0 from_y=0 to_x=88 to_y=88 compose_us=15604 scroll_us=10 exposed_compose_us=15594 chrome_us=2351 event_submit_us=29542 event_complete_us=32735 transfer_us=16458 setup=1 present=1 moved=1 frame_reused=1 pass=1
[01:54:43] TINYDRAW_LIVE_PRESENT kind=gate_fallback zoom=400 x=0 y=0 compose_us=10723 scroll_us=0 exposed_compose_us=0 chrome_us=5506 chrome_prepare_us=1182 chrome_stage_us=4324 read_submit_us=23439 read_complete_us=27057 transfer_wait_us=20948 tile_pixels=0 uniform_pixels=0 overview_pixels=0 fallback_pixels=164864 resident_tiles=0 fallback_tiles=42 pushes=11 tear_wait_us=11395 tear_edge_isr_to_resume_us=9 tear_edge_observed=1 tear_edge_wait_resumed=1 tear_edge_timeout=0 tear_heal_attempted=0 tear_heal_command_sent=0 presentation_experiment=boundary-top-sweep te_edge=rising requested_clock_mhz=50 effective_clock_mhz=40 frame_reused=0 pass=1
[01:54:43] TINYDRAW_GATE1_HARD zoom=400 cold=1 operations=1008 samples=19852 steps=200 tiles=42 scanned=12096 rendered=62 max_supertask_us=7730 presentation_us=69315 total_us=207426 maximum_wall_us=500000 pass=1
[01:54:43] TINYDRAW_GATE1_PAN zoom=400 from_x=0 from_y=0 to_x=88 to_y=88 compose_us=15591 scroll_us=11 exposed_compose_us=15580 chrome_us=2220 event_submit_us=29558 event_complete_us=32752 transfer_us=16443 setup=1 present=1 moved=1 frame_reused=1 pass=1
[01:54:46] TINYDRAW_PANSEQ_FRAME zoom=100 step=0 dx=24 dy=18 scroll_us=10 exposed_compose_us=4436 chrome_us=2373 tear_wait_us=8615 present_us=16779 prepare_us=10813 acquire_wait_us=22 ring_copy_us=8436 patch_us=2368 byte_swap_us=9 staging_us=4102 event_submit_us=13195 event_complete_us=16423 frame_us=29973 tear_edge_observed=1 frame_reused=1 pass=1
[01:54:46] TINYDRAW_PANSEQ_FRAME zoom=100 step=1 dx=24 dy=18 scroll_us=7 exposed_compose_us=4470 chrome_us=2331 tear_wait_us=12188 present_us=16122 prepare_us=10783 acquire_wait_us=20 ring_copy_us=8443 patch_us=2334 byte_swap_us=6 staging_us=4062 event_submit_us=16792 event_complete_us=19964 frame_us=32911 tear_edge_observed=1 frame_reused=1 pass=1
[01:54:46] TINYDRAW_PANSEQ_FRAME zoom=100 step=2 dx=24 dy=18 scroll_us=8 exposed_compose_us=4165 chrome_us=2362 tear_wait_us=13170 present_us=16473 prepare_us=10826 acquire_wait_us=27 ring_copy_us=8457 patch_us=2361 byte_swap_us=8 staging_us=4053 event_submit_us=17476 event_complete_us=20659 frame_us=33939 tear_edge_observed=1 frame_reused=1 pass=1
[01:54:46] TINYDRAW_PANSEQ_FRAME zoom=100 step=3 dx=24 dy=18 scroll_us=7 exposed_compose_us=4697 chrome_us=2374 tear_wait_us=12279 present_us=15829 prepare_us=10795 acquire_wait_us=23 ring_copy_us=8418 patch_us=2369 byte_swap_us=8 staging_us=4081 event_submit_us=17107 event_complete_us=20290 frame_us=32935 tear_edge_observed=1 frame_reused=1 pass=1
[01:54:46] TINYDRAW_PANSEQ_FRAME zoom=100 step=4 dx=24 dy=18 scroll_us=7 exposed_compose_us=4186 chrome_us=2363 tear_wait_us=13431 present_us=16191 prepare_us=10845 acquire_wait_us=26 ring_copy_us=8474 patch_us=2363 byte_swap_us=8 staging_us=4016 event_submit_us=17751 event_complete_us=20915 frame_us=33938 tear_edge_observed=1 frame_reused=1 pass=1
[01:54:46] TINYDRAW_PANSEQ_FRAME zoom=100 step=5 dx=24 dy=18 scroll_us=7 exposed_compose_us=4472 chrome_us=2381 tear_wait_us=12792 present_us=16541 prepare_us=10770 acquire_wait_us=22 ring_copy_us=8380 patch_us=2382 byte_swap_us=8 staging_us=4074 event_submit_us=17399 event_complete_us=20562 frame_us=33935 tear_edge_observed=1 frame_reused=1 pass=1
[01:54:46] TINYDRAW_PANSEQ_FRAME zoom=100 step=6 dx=24 dy=18 scroll_us=8 exposed_compose_us=4164 chrome_us=2403 tear_wait_us=12745 present_us=15898 prepare_us=10869 acquire_wait_us=22 ring_copy_us=8465 patch_us=2398 byte_swap_us=6 staging_us=3996 event_submit_us=17046 event_complete_us=20229 frame_us=32939 tear_edge_observed=1 frame_reused=1 pass=1
[01:54:46] TINYDRAW_PANSEQ_FRAME zoom=100 step=7 dx=24 dy=18 scroll_us=7 exposed_compose_us=4447 chrome_us=2399 tear_wait_us=13109 present_us=16248 prepare_us=10823 acquire_wait_us=26 ring_copy_us=8417 patch_us=2397 byte_swap_us=9 staging_us=4036 event_submit_us=17687 event_complete_us=20847 frame_us=33934 tear_edge_observed=1 frame_reused=1 pass=1
[01:54:46] TINYDRAW_PANSEQ_FRAME zoom=100 step=8 dx=24 dy=18 scroll_us=8 exposed_compose_us=4455 chrome_us=2372 tear_wait_us=12747 present_us=16608 prepare_us=10837 acquire_wait_us=23 ring_copy_us=8452 patch_us=2378 byte_swap_us=7 staging_us=3995 event_submit_us=17336 event_complete_us=20479 frame_us=33939 tear_edge_observed=1 frame_reused=1 pass=1
[01:54:46] TINYDRAW_PANSEQ_FRAME zoom=100 step=9 dx=24 dy=18 scroll_us=7 exposed_compose_us=4450 chrome_us=2370 tear_wait_us=12395 present_us=15960 prepare_us=10755 acquire_wait_us=22 ring_copy_us=8377 patch_us=2370 byte_swap_us=8 staging_us=4090 event_submit_us=16976 event_complete_us=20141 frame_us=32935 tear_edge_observed=1 frame_reused=1 pass=1
[01:54:46] TINYDRAW_PANSEQ_FRAME zoom=100 step=10 dx=24 dy=18 scroll_us=7 exposed_compose_us=4169 chrome_us=2396 tear_wait_us=13321 present_us=16318 prepare_us=10839 acquire_wait_us=25 ring_copy_us=8438 patch_us=2394 byte_swap_us=7 staging_us=4009 event_submit_us=17623 event_complete_us=20798 frame_us=33938 tear_edge_observed=1 frame_reused=1 pass=1
[01:54:46] TINYDRAW_PANSEQ_FRAME zoom=100 step=11 dx=24 dy=18 scroll_us=7 exposed_compose_us=4677 chrome_us=2361 tear_wait_us=12457 present_us=16671 prepare_us=10810 acquire_wait_us=21 ring_copy_us=8441 patch_us=2361 byte_swap_us=8 staging_us=4062 event_submit_us=17265 event_complete_us=20449 frame_us=33935 tear_edge_observed=1 frame_reused=1 pass=1
[01:54:46] TINYDRAW_PANSEQ_FRAME zoom=100 step=12 dx=24 dy=18 scroll_us=7 exposed_compose_us=4206 chrome_us=2343 tear_wait_us=12557 present_us=16040 prepare_us=10805 acquire_wait_us=22 ring_copy_us=8454 patch_us=2343 byte_swap_us=8 staging_us=4062 event_submit_us=16910 event_complete_us=20087 frame_us=32939 tear_edge_observed=1 frame_reused=1 pass=1
[01:54:46] TINYDRAW_PANSEQ_FRAME zoom=100 step=13 dx=24 dy=18 scroll_us=7 exposed_compose_us=4460 chrome_us=2376 tear_wait_us=12965 present_us=16390 prepare_us=10750 acquire_wait_us=28 ring_copy_us=8352 patch_us=2389 byte_swap_us=9 staging_us=4087 event_submit_us=17544 event_complete_us=20709 frame_us=33934 tear_edge_observed=1 frame_reused=1 pass=1
[01:54:46] TINYDRAW_PANSEQ_FRAME zoom=100 step=14 dx=24 dy=18 scroll_us=8 exposed_compose_us=4141 chrome_us=2379 tear_wait_us=12934 present_us=16736 prepare_us=10816 acquire_wait_us=21 ring_copy_us=8425 patch_us=2382 byte_swap_us=9 staging_us=4060 event_submit_us=17209 event_complete_us=20400 frame_us=33939 tear_edge_observed=1 frame_reused=1 pass=1
[01:54:46] TINYDRAW_PANSEQ_FRAME zoom=100 step=15 dx=24 dy=18 scroll_us=8 exposed_compose_us=4522 chrome_us=2356 tear_wait_us=12194 present_us=16084 prepare_us=10791 acquire_wait_us=20 ring_copy_us=8429 patch_us=2354 byte_swap_us=8 staging_us=4054 event_submit_us=16847 event_complete_us=20010 frame_us=32930 tear_edge_observed=1 frame_reused=1 pass=1
[01:54:46] TINYDRAW_PANSEQ_FRAME zoom=100 step=16 dx=72 dy=54 scroll_us=7 exposed_compose_us=11865 chrome_us=2370 tear_wait_us=5516 present_us=16430 prepare_us=10810 acquire_wait_us=27 ring_copy_us=8430 patch_us=2371 byte_swap_us=9 staging_us=4036 event_submit_us=17511 event_complete_us=20666 frame_us=33938 tear_edge_observed=1 frame_reused=1 pass=1
[01:54:46] TINYDRAW_PANSEQ_FRAME zoom=100 step=17 dx=72 dy=54 scroll_us=7 exposed_compose_us=11847 chrome_us=2353 tear_wait_us=5176 present_us=15786 prepare_us=10755 acquire_wait_us=24 ring_copy_us=8390 patch_us=2357 byte_swap_us=8 staging_us=4104 event_submit_us=17153 event_complete_us=20327 frame_us=32938 tear_edge_observed=1 frame_reused=1 pass=1
[01:54:46] TINYDRAW_PANSEQ_FRAME zoom=100 step=18 dx=72 dy=54 scroll_us=8 exposed_compose_us=10137 chrome_us=2357 tear_wait_us=7539 present_us=16130 prepare_us=10859 acquire_wait_us=28 ring_copy_us=8498 patch_us=2353 byte_swap_us=8 staging_us=3997 event_submit_us=17812 event_complete_us=20975 frame_us=33936 tear_edge_observed=1 frame_reused=1 pass=1
[01:54:46] TINYDRAW_PANSEQ_FRAME zoom=100 step=19 dx=72 dy=54 scroll_us=7 exposed_compose_us=10093 chrome_us=2360 tear_wait_us=7232 present_us=16479 prepare_us=10780 acquire_wait_us=27 ring_copy_us=8415 patch_us=2357 byte_swap_us=8 staging_us=4097 event_submit_us=17456 event_complete_us=20636 frame_us=33934 tear_edge_observed=1 frame_reused=1 pass=1
[01:54:46] TINYDRAW_PANSEQ_FRAME zoom=100 step=20 dx=-72 dy=-54 scroll_us=8 exposed_compose_us=11688 chrome_us=2384 tear_wait_us=5304 present_us=15818 prepare_us=10845 acquire_wait_us=24 ring_copy_us=8457 patch_us=2379 byte_swap_us=9 staging_us=4009 event_submit_us=17128 event_complete_us=20285 frame_us=32939 tear_edge_observed=1 frame_reused=1 pass=1
[01:54:46] TINYDRAW_PANSEQ_FRAME zoom=100 step=21 dx=-72 dy=-54 scroll_us=7 exposed_compose_us=11770 chrome_us=2363 tear_wait_us=5872 present_us=16165 prepare_us=10773 acquire_wait_us=27 ring_copy_us=8400 patch_us=2365 byte_swap_us=8 staging_us=4047 event_submit_us=17771 event_complete_us=20907 frame_us=33935 tear_edge_observed=1 frame_reused=1 pass=1
[01:54:46] TINYDRAW_PANSEQ_FRAME zoom=100 step=22 dx=-72 dy=-54 scroll_us=7 exposed_compose_us=11814 chrome_us=2380 tear_wait_us=5494 present_us=16493 prepare_us=10799 acquire_wait_us=23 ring_copy_us=8418 patch_us=2374 byte_swap_us=7 staging_us=4045 event_submit_us=17448 event_complete_us=20594 frame_us=33938 tear_edge_observed=1 frame_reused=1 pass=1
[01:54:46] TINYDRAW_PANSEQ_FRAME zoom=100 step=23 dx=-72 dy=-54 scroll_us=7 exposed_compose_us=11493 chrome_us=2383 tear_wait_us=5491 present_us=15822 prepare_us=10803 acquire_wait_us=21 ring_copy_us=8409 patch_us=2386 byte_swap_us=8 staging_us=4061 event_submit_us=17114 event_complete_us=20280 frame_us=32935 tear_edge_observed=1 frame_reused=1 pass=1
[01:54:46] TINYDRAW_PANSEQ_STRIP zoom=100 strip=0 panel_y=0 rows=44 samples=24 staging_mean_us=1357 staging_max_us=1406 wire_budget_us=1619 over_budget_us=0 pass=1
[01:54:46] TINYDRAW_PANSEQ_STRIP zoom=100 strip=1 panel_y=44 rows=44 samples=24 staging_mean_us=1267 staging_max_us=1306 wire_budget_us=1619 over_budget_us=0 pass=1
[01:54:46] TINYDRAW_PANSEQ_STRIP zoom=100 strip=2 panel_y=88 rows=44 samples=24 staging_mean_us=1204 staging_max_us=1224 wire_budget_us=1619 over_budget_us=0 pass=1
[01:54:46] TINYDRAW_PANSEQ_STRIP zoom=100 strip=3 panel_y=132 rows=44 samples=24 staging_mean_us=1196 staging_max_us=1211 wire_budget_us=1619 over_budget_us=0 pass=1
[01:54:46] TINYDRAW_PANSEQ_STRIP zoom=100 strip=4 panel_y=176 rows=44 samples=24 staging_mean_us=1196 staging_max_us=1211 wire_budget_us=1619 over_budget_us=0 pass=1
[01:54:46] TINYDRAW_PANSEQ_STRIP zoom=100 strip=5 panel_y=220 rows=44 samples=24 staging_mean_us=1199 staging_max_us=1218 wire_budget_us=1619 over_budget_us=0 pass=1
[01:54:46] TINYDRAW_PANSEQ_STRIP zoom=100 strip=6 panel_y=264 rows=44 samples=24 staging_mean_us=1413 staging_max_us=1449 wire_budget_us=1619 over_budget_us=0 pass=1
[01:54:46] TINYDRAW_PANSEQ_STRIP zoom=100 strip=7 panel_y=308 rows=44 samples=24 staging_mean_us=1371 staging_max_us=1393 wire_budget_us=1619 over_budget_us=0 pass=1
[01:54:46] TINYDRAW_PANSEQ_STRIP zoom=100 strip=8 panel_y=352 rows=20 samples=24 staging_mean_us=623 staging_max_us=655 wire_budget_us=736 over_budget_us=0 pass=1
[01:54:46] TINYDRAW_GATE1_PANSEQ zoom=100 frames=24 scroll_avg_us=7 exposed_avg_us=6701 chrome_avg_us=2370 tear_wait_avg_us=10313 present_avg_us=16250 prepare_avg_us=10806 acquire_wait_avg_us=23 ring_copy_avg_us=8428 patch_avg_us=2370 byte_swap_avg_us=7 staging_avg_us=4051 frame_avg_us=33395 frame_p50_us=33934 frame_p95_us=33939 frame_max_us=33939 complete_p50_us=20449 complete_p95_us=20915 complete_max_us=20975 tear_edge_failures=0 presentation_experiment=boundary-top-sweep te_edge=rising requested_clock_mhz=50 effective_clock_mhz=40 chrome_bottom_redraws=0 chrome_battery_redraws=0 chrome_zoom_redraws=0 chrome_minimap_base_redraws=0 strip_samples=216 staging_mean_us=1203 staging_max_us=1449 worst_strip=8 worst_strip_y=352 worst_wire_budget_us=736 worst_headroom_us=81 staging_invariant=1 pacing_pass=1 all_reused=1 pass=1
[01:54:48] TINYDRAW_PANSEQ_FRAME zoom=400 step=0 dx=24 dy=18 scroll_us=10 exposed_compose_us=4432 chrome_us=2224 tear_wait_us=8367 present_us=16032 prepare_us=10687 acquire_wait_us=20 ring_copy_us=8461 patch_us=2217 byte_swap_us=9 staging_us=4186 event_submit_us=12949 event_complete_us=16128 frame_us=28973 tear_edge_observed=1 frame_reused=1 pass=1
[01:54:48] TINYDRAW_PANSEQ_FRAME zoom=400 step=1 dx=24 dy=18 scroll_us=8 exposed_compose_us=4479 chrome_us=2241 tear_wait_us=12905 present_us=16404 prepare_us=10656 acquire_wait_us=24 ring_copy_us=8403 patch_us=2244 byte_swap_us=9 staging_us=4199 event_submit_us=17515 event_complete_us=20698 frame_us=33915 tear_edge_observed=1 frame_reused=1 pass=1
[01:54:48] TINYDRAW_PANSEQ_FRAME zoom=400 step=2 dx=24 dy=18 scroll_us=8 exposed_compose_us=4187 chrome_us=2219 tear_wait_us=12847 present_us=16776 prepare_us=10651 acquire_wait_us=20 ring_copy_us=8422 patch_us=2220 byte_swap_us=9 staging_us=4242 event_submit_us=17171 event_complete_us=20375 frame_us=33939 tear_edge_observed=1 frame_reused=1 pass=1
[01:54:48] TINYDRAW_PANSEQ_FRAME zoom=400 step=3 dx=24 dy=18 scroll_us=7 exposed_compose_us=4676 chrome_us=2219 tear_wait_us=11993 present_us=16130 prepare_us=10673 acquire_wait_us=20 ring_copy_us=8445 patch_us=2221 byte_swap_us=7 staging_us=4181 event_submit_us=16804 event_complete_us=19974 frame_us=32930 tear_edge_observed=1 frame_reused=1 pass=1
[01:54:48] TINYDRAW_PANSEQ_FRAME zoom=400 step=4 dx=24 dy=18 scroll_us=7 exposed_compose_us=4199 chrome_us=2233 tear_wait_us=13131 present_us=16477 prepare_us=10686 acquire_wait_us=23 ring_copy_us=8448 patch_us=2234 byte_swap_us=4 staging_us=4185 event_submit_us=17466 event_complete_us=20638 frame_us=33937 tear_edge_observed=1 frame_reused=1 pass=1
[01:54:48] TINYDRAW_PANSEQ_FRAME zoom=400 step=5 dx=24 dy=18 scroll_us=7 exposed_compose_us=4501 chrome_us=2240 tear_wait_us=12483 present_us=15822 prepare_us=10677 acquire_wait_us=22 ring_copy_us=8427 patch_us=2241 byte_swap_us=9 staging_us=4199 event_submit_us=17116 event_complete_us=20306 frame_us=32935 tear_edge_observed=1 frame_reused=1 pass=1
[01:54:48] TINYDRAW_PANSEQ_FRAME zoom=400 step=6 dx=24 dy=18 scroll_us=7 exposed_compose_us=4123 chrome_us=2238 tear_wait_us=13504 present_us=16181 prepare_us=10712 acquire_wait_us=24 ring_copy_us=8466 patch_us=2238 byte_swap_us=8 staging_us=4146 event_submit_us=17764 event_complete_us=20926 frame_us=33938 tear_edge_observed=1 frame_reused=1 pass=1
[01:54:48] TINYDRAW_PANSEQ_FRAME zoom=400 step=7 dx=24 dy=18 scroll_us=7 exposed_compose_us=4484 chrome_us=2244 tear_wait_us=12788 present_us=16532 prepare_us=10649 acquire_wait_us=19 ring_copy_us=8389 patch_us=2252 byte_swap_us=8 staging_us=4192 event_submit_us=17413 event_complete_us=20579 frame_us=33934 tear_edge_observed=1 frame_reused=1 pass=1
[01:54:48] TINYDRAW_PANSEQ_FRAME zoom=400 step=8 dx=24 dy=18 scroll_us=7 exposed_compose_us=4424 chrome_us=2267 tear_wait_us=12498 present_us=15887 prepare_us=10713 acquire_wait_us=22 ring_copy_us=8441 patch_us=2263 byte_swap_us=9 staging_us=4165 event_submit_us=17057 event_complete_us=20241 frame_us=32938 tear_edge_observed=1 frame_reused=1 pass=1
[01:54:48] TINYDRAW_PANSEQ_FRAME zoom=400 step=9 dx=24 dy=18 scroll_us=7 exposed_compose_us=4449 chrome_us=2263 tear_wait_us=13119 present_us=16236 prepare_us=10699 acquire_wait_us=23 ring_copy_us=8430 patch_us=2263 byte_swap_us=6 staging_us=4159 event_submit_us=17701 event_complete_us=20864 frame_us=33935 tear_edge_observed=1 frame_reused=1 pass=1
[01:54:48] TINYDRAW_PANSEQ_FRAME zoom=400 step=10 dx=24 dy=18 scroll_us=7 exposed_compose_us=4142 chrome_us=2251 tear_wait_us=13093 present_us=16572 prepare_us=10706 acquire_wait_us=21 ring_copy_us=8449 patch_us=2248 byte_swap_us=9 staging_us=4116 event_submit_us=17371 event_complete_us=20521 frame_us=33937 tear_edge_observed=1 frame_reused=1 pass=1
[01:54:48] TINYDRAW_PANSEQ_FRAME zoom=400 step=11 dx=24 dy=18 scroll_us=7 exposed_compose_us=4740 chrome_us=2264 tear_wait_us=12150 present_us=15915 prepare_us=10707 acquire_wait_us=23 ring_copy_us=8433 patch_us=2265 byte_swap_us=9 staging_us=4162 event_submit_us=17022 event_complete_us=20207 frame_us=32935 tear_edge_observed=1 frame_reused=1 pass=1
[01:54:48] TINYDRAW_PANSEQ_FRAME zoom=400 step=12 dx=24 dy=18 scroll_us=7 exposed_compose_us=4236 chrome_us=2252 tear_wait_us=13288 present_us=16282 prepare_us=10713 acquire_wait_us=23 ring_copy_us=8463 patch_us=2241 byte_swap_us=9 staging_us=4137 event_submit_us=17673 event_complete_us=20835 frame_us=33938 tear_edge_observed=1 frame_reused=1 pass=1
[01:54:48] TINYDRAW_PANSEQ_FRAME zoom=400 step=13 dx=24 dy=18 scroll_us=7 exposed_compose_us=4493 chrome_us=2228 tear_wait_us=12663 present_us=16647 prepare_us=10678 acquire_wait_us=20 ring_copy_us=8445 patch_us=2225 byte_swap_us=8 staging_us=4162 event_submit_us=17288 event_complete_us=20448 frame_us=33934 tear_edge_observed=1 frame_reused=1 pass=1
[01:54:48] TINYDRAW_PANSEQ_FRAME zoom=400 step=14 dx=24 dy=18 scroll_us=7 exposed_compose_us=4175 chrome_us=2212 tear_wait_us=12605 present_us=16022 prepare_us=10670 acquire_wait_us=19 ring_copy_us=8449 patch_us=2212 byte_swap_us=9 staging_us=4193 event_submit_us=16929 event_complete_us=20103 frame_us=32938 tear_edge_observed=1 frame_reused=1 pass=1
[01:54:48] TINYDRAW_PANSEQ_FRAME zoom=400 step=15 dx=24 dy=18 scroll_us=7 exposed_compose_us=4533 chrome_us=2236 tear_wait_us=12883 present_us=16387 prepare_us=10636 acquire_wait_us=23 ring_copy_us=8390 patch_us=2237 byte_swap_us=9 staging_us=4206 event_submit_us=17551 event_complete_us=20722 frame_us=33935 tear_edge_observed=1 frame_reused=1 pass=1
[01:54:48] TINYDRAW_PANSEQ_FRAME zoom=400 step=16 dx=72 dy=54 scroll_us=7 exposed_compose_us=11813 chrome_us=2226 tear_wait_us=5239 present_us=16748 prepare_us=10652 acquire_wait_us=24 ring_copy_us=8427 patch_us=2217 byte_swap_us=8 staging_us=4200 event_submit_us=17196 event_complete_us=20373 frame_us=33937 tear_edge_observed=1 frame_reused=1 pass=1
[01:54:48] TINYDRAW_PANSEQ_FRAME zoom=400 step=17 dx=72 dy=54 scroll_us=7 exposed_compose_us=11646 chrome_us=2224 tear_wait_us=5052 present_us=16102 prepare_us=10696 acquire_wait_us=21 ring_copy_us=8459 patch_us=2229 byte_swap_us=8 staging_us=4156 event_submit_us=16832 event_complete_us=20001 frame_us=32931 tear_edge_observed=1 frame_reused=1 pass=1
[01:54:49] TINYDRAW_PANSEQ_FRAME zoom=400 step=18 dx=72 dy=54 scroll_us=7 exposed_compose_us=11500 chrome_us=2232 tear_wait_us=5840 present_us=16467 prepare_us=10669 acquire_wait_us=23 ring_copy_us=8429 patch_us=2232 byte_swap_us=8 staging_us=4187 event_submit_us=17477 event_complete_us=20635 frame_us=33938 tear_edge_observed=1 frame_reused=1 pass=1
[01:54:49] TINYDRAW_PANSEQ_FRAME zoom=400 step=19 dx=72 dy=54 scroll_us=7 exposed_compose_us=11756 chrome_us=2249 tear_wait_us=5228 present_us=15819 prepare_us=10683 acquire_wait_us=35 ring_copy_us=8429 patch_us=2246 byte_swap_us=8 staging_us=4172 event_submit_us=17117 event_complete_us=20282 frame_us=32934 tear_edge_observed=1 frame_reused=1 pass=1
[01:54:49] TINYDRAW_PANSEQ_FRAME zoom=400 step=20 dx=-72 dy=-54 scroll_us=7 exposed_compose_us=11884 chrome_us=2243 tear_wait_us=5743 present_us=16181 prepare_us=10708 acquire_wait_us=26 ring_copy_us=8460 patch_us=2242 byte_swap_us=6 staging_us=4112 event_submit_us=17764 event_complete_us=20898 frame_us=33938 tear_edge_observed=1 frame_reused=1 pass=1
[01:54:49] TINYDRAW_PANSEQ_FRAME zoom=400 step=21 dx=-72 dy=-54 scroll_us=7 exposed_compose_us=11792 chrome_us=2269 tear_wait_us=5464 present_us=16538 prepare_us=10643 acquire_wait_us=19 ring_copy_us=8377 patch_us=2258 byte_swap_us=8 staging_us=4174 event_submit_us=17409 event_complete_us=20546 frame_us=33935 tear_edge_observed=1 frame_reused=1 pass=1
[01:54:49] TINYDRAW_PANSEQ_FRAME zoom=400 step=22 dx=-72 dy=-54 scroll_us=7 exposed_compose_us=11806 chrome_us=2273 tear_wait_us=5108 present_us=15888 prepare_us=10710 acquire_wait_us=22 ring_copy_us=8435 patch_us=2267 byte_swap_us=8 staging_us=4132 event_submit_us=17055 event_complete_us=20208 frame_us=32937 tear_edge_observed=1 frame_reused=1 pass=1
[01:54:49] TINYDRAW_PANSEQ_FRAME zoom=400 step=23 dx=-72 dy=-54 scroll_us=7 exposed_compose_us=11487 chrome_us=2268 tear_wait_us=6078 present_us=16242 prepare_us=10689 acquire_wait_us=24 ring_copy_us=8411 patch_us=2269 byte_swap_us=9 staging_us=4163 event_submit_us=17695 event_complete_us=20850 frame_us=33935 tear_edge_observed=1 frame_reused=1 pass=1
[01:54:49] TINYDRAW_PANSEQ_STRIP zoom=400 strip=0 panel_y=0 rows=44 samples=24 staging_mean_us=1353 staging_max_us=1382 wire_budget_us=1619 over_budget_us=0 pass=1
[01:54:49] TINYDRAW_PANSEQ_STRIP zoom=400 strip=1 panel_y=44 rows=44 samples=24 staging_mean_us=1269 staging_max_us=1302 wire_budget_us=1619 over_budget_us=0 pass=1
[01:54:49] TINYDRAW_PANSEQ_STRIP zoom=400 strip=2 panel_y=88 rows=44 samples=24 staging_mean_us=1204 staging_max_us=1221 wire_budget_us=1619 over_budget_us=0 pass=1
[01:54:49] TINYDRAW_PANSEQ_STRIP zoom=400 strip=3 panel_y=132 rows=44 samples=24 staging_mean_us=1196 staging_max_us=1211 wire_budget_us=1619 over_budget_us=0 pass=1
[01:54:49] TINYDRAW_PANSEQ_STRIP zoom=400 strip=4 panel_y=176 rows=44 samples=24 staging_mean_us=1197 staging_max_us=1213 wire_budget_us=1619 over_budget_us=0 pass=1
[01:54:49] TINYDRAW_PANSEQ_STRIP zoom=400 strip=5 panel_y=220 rows=44 samples=24 staging_mean_us=1176 staging_max_us=1190 wire_budget_us=1619 over_budget_us=0 pass=1
[01:54:49] TINYDRAW_PANSEQ_STRIP zoom=400 strip=6 panel_y=264 rows=44 samples=24 staging_mean_us=1357 staging_max_us=1397 wire_budget_us=1619 over_budget_us=0 pass=1
[01:54:49] TINYDRAW_PANSEQ_STRIP zoom=400 strip=7 panel_y=308 rows=44 samples=24 staging_mean_us=1348 staging_max_us=1381 wire_budget_us=1619 over_budget_us=0 pass=1
[01:54:49] TINYDRAW_PANSEQ_STRIP zoom=400 strip=8 panel_y=352 rows=20 samples=24 staging_mean_us=600 staging_max_us=630 wire_budget_us=736 over_budget_us=0 pass=1
[01:54:49] TINYDRAW_GATE1_PANSEQ zoom=400 frames=24 scroll_avg_us=7 exposed_avg_us=6831 chrome_avg_us=2242 tear_wait_avg_us=10169 present_avg_us=16261 prepare_avg_us=10681 acquire_wait_avg_us=22 ring_copy_avg_us=8432 patch_avg_us=2240 byte_swap_avg_us=8 staging_avg_us=4171 frame_avg_us=33394 frame_p50_us=33934 frame_p95_us=33938 frame_max_us=33939 complete_p50_us=20448 complete_p95_us=20898 complete_max_us=20926 tear_edge_failures=0 presentation_experiment=boundary-top-sweep te_edge=rising requested_clock_mhz=50 effective_clock_mhz=40 chrome_bottom_redraws=0 chrome_battery_redraws=0 chrome_zoom_redraws=0 chrome_minimap_base_redraws=0 strip_samples=216 staging_mean_us=1189 staging_max_us=1397 worst_strip=8 worst_strip_y=352 worst_wire_budget_us=736 worst_headroom_us=106 staging_invariant=1 pacing_pass=1 all_reused=1 pass=1
[01:54:49] TINYDRAW_GATE1_PAN_BOUNDARY zoom=100 slow_1px_trace=1 below_delta=94 below_reused=1 at_delta=96 at_reused=1 above_delta=98 above_fallback=1 pass=1
[01:54:50] TINYDRAW_GATE1_PAN_BOUNDARY zoom=400 slow_1px_trace=1 below_delta=94 below_reused=1 at_delta=96 at_reused=1 above_delta=98 above_fallback=1 pass=1
[01:54:50] TINYDRAW_GATE1_DRAW_FILL zoom=400 revision=2930 append_us=1398 poll_gap_us=95 event_submit_us=202 event_complete_us=2110 max_compute_slice_us=5362 max_display_slice_us=15719 fill_us=217431 revision_restarted=1 pass=1
[01:54:50] TINYDRAW_GATE1_CACHE_FILL zoom=50 x=63 y=63 published=56 total_us=554964 within_cold_gate=0 complete=1
[01:54:51] TINYDRAW_GATE1_CACHE_FILL zoom=100 x=63 y=63 published=56 total_us=454964 within_cold_gate=1 complete=1
[01:54:51] TINYDRAW_GATE1_CACHE_FILL zoom=200 x=63 y=63 published=56 total_us=321961 within_cold_gate=1 complete=1
[01:54:52] TINYDRAW_GATE1_CACHE_FILL zoom=400 x=63 y=63 published=56 total_us=267963 within_cold_gate=1 complete=1
[01:54:52] TINYDRAW_GATE1_CACHE_REVISIT zoom=50 remaining=0 tile_pixels=118128 fallback_pixels=0 compose_us=16235 complete_us=20357 hit=1
[01:54:52] TINYDRAW_GATE1_CACHE_REVISIT zoom=100 remaining=0 tile_pixels=164864 fallback_pixels=0 compose_us=18790 complete_us=20882 hit=1
[01:54:52] TINYDRAW_GATE1_CACHE_REVISIT zoom=200 remaining=0 tile_pixels=164864 fallback_pixels=0 compose_us=18813 complete_us=20390 hit=1
[01:54:52] TINYDRAW_GATE1_CACHE_REVISIT zoom=400 remaining=0 tile_pixels=164608 fallback_pixels=0 compose_us=18804 complete_us=20882 hit=1
[01:54:52] TINYDRAW_GATE1_CACHE_FILL zoom=400 x=575 y=575 published=56 total_us=282973 within_cold_gate=1 complete=1
[01:54:52] TINYDRAW_GATE1_CACHE_ROUND_TRIP zoom=50 from_x=63 from_y=63 via_x=575 via_y=575 remaining=0 tile_pixels=118128 fallback_pixels=0 compose_us=16316 complete_us=20807 hit=1
[01:54:52] TINYDRAW_GATE1_CACHE_ROUND_TRIP zoom=100 from_x=63 from_y=63 via_x=575 via_y=575 remaining=0 tile_pixels=164864 fallback_pixels=0 compose_us=18925 complete_us=20313 hit=1
[01:54:52] TINYDRAW_GATE1_CACHE_ROUND_TRIP zoom=200 from_x=63 from_y=63 via_x=575 via_y=575 remaining=0 tile_pixels=164864 fallback_pixels=0 compose_us=18962 complete_us=20843 hit=1
[01:54:52] TINYDRAW_GATE1_CACHE_ROUND_TRIP zoom=400 from_x=63 from_y=63 via_x=575 via_y=575 remaining=0 tile_pixels=164608 fallback_pixels=0 compose_us=18947 complete_us=20374 hit=1
[01:54:52] TINYDRAW_GATE1_CACHE_RETENTION pass=1 slots=448 revision=2930
[01:54:54] TINYDRAW_PAPER_SWEEP zoom=100 identities=644 raw=266 uniform=378 fallback=0 slots=448 total_us=1234945 pass=1
[01:54:54] TINYDRAW_RERENDER_LEDGER_RESET site=cache_tour_start
[01:54:57] TINYDRAW_GATE1_CACHE_TOUR slots=448 stops=16 forward_steps=2161 forward_tiles=832 forward_wall_us=1264504 return_missing_tiles=0 return_steps=16 return_tiles=0 return_wall_us=5133 home_missing=0 home_fallback_pixels=0 pass=1
[01:54:57] TINYDRAW_RERENDER_LEDGER site=cache_tour renders=137 unique=137 amplification=1.000 cold=137 damage=0 evict=0 stale=0 unexplained=0
[01:54:57] TINYDRAW_GATE1_MIXED_DRAW_WARM zoom=50 fill_tiles=56 fill_us=478380 raw=42 uniform=14
[01:54:58] TINYDRAW_GATE1_MIXED_DRAW_WARM zoom=100 fill_tiles=56 fill_us=374600 raw=56 uniform=0
[01:54:58] TINYDRAW_GATE1_MIXED_DRAW_WARM zoom=200 fill_tiles=56 fill_us=293633 raw=56 uniform=0
[01:54:58] TINYDRAW_GATE1_MIXED_DRAW_WARM zoom=400 fill_tiles=42 fill_us=188613 raw=42 uniform=0
[01:55:00] TINYDRAW_GATE1_MIXED_DRAW zoom=25 tool=pen chunks=50 append_max_us=146 append_avg_us=68 append_total_us=3410 affected_tiles=381 published=196 fallback=185 visible_fallback=0 drop_uni_slot=0 drop_uni_paint=0 drop_raw_edit=0 drop_raw_paint=0 off_skip=185 drain_ops=50 drain_total_us=903419 drain_max_us=31492 ph_prepare_max_us=132 ph_overview_max_us=9035 ph_enumerate_max_us=603 ph_uniform_max_us=5172 ph_raw_max_us=14 ph_offscreen_max_us=17988 ph_commit_max_us=4108 committed=1 authority=1 refresh=1 run_ok=1 pass=1
[01:55:01] TINYDRAW_GATE1_MIXED_DRAW zoom=25 tool=eraser chunks=50 append_max_us=129 append_avg_us=70 append_total_us=3520 affected_tiles=142 published=142 fallback=0 visible_fallback=0 drop_uni_slot=0 drop_uni_paint=0 drop_raw_edit=0 drop_raw_paint=0 off_skip=0 drain_ops=50 drain_total_us=817419 drain_max_us=28995 ph_prepare_max_us=116 ph_overview_max_us=9099 ph_enumerate_max_us=531 ph_uniform_max_us=18 ph_raw_max_us=12 ph_offscreen_max_us=16214 ph_commit_max_us=4090 committed=1 authority=1 refresh=1 run_ok=1 pass=1
[01:55:03] TINYDRAW_GATE1_MIXED_DRAW zoom=50 tool=pen chunks=50 append_max_us=146 append_avg_us=74 append_total_us=3712 affected_tiles=685 published=542 fallback=143 visible_fallback=0 drop_uni_slot=0 drop_uni_paint=0 drop_raw_edit=0 drop_raw_paint=0 off_skip=143 drain_ops=50 drain_total_us=1025275 drain_max_us=37945 ph_prepare_max_us=133 ph_overview_max_us=3795 ph_enumerate_max_us=584 ph_uniform_max_us=20704 ph_raw_max_us=12291 ph_offscreen_max_us=13534 ph_commit_max_us=1745 committed=1 authority=1 refresh=1 run_ok=1 pass=1
[01:55:04] TINYDRAW_GATE1_MIXED_DRAW zoom=50 tool=eraser chunks=50 append_max_us=143 append_avg_us=69 append_total_us=3487 affected_tiles=458 published=458 fallback=0 visible_fallback=0 drop_uni_slot=0 drop_uni_paint=0 drop_raw_edit=0 drop_raw_paint=0 off_skip=0 drain_ops=50 drain_total_us=892205 drain_max_us=26248 ph_prepare_max_us=126 ph_overview_max_us=3758 ph_enumerate_max_us=588 ph_uniform_max_us=22 ph_raw_max_us=12340 ph_offscreen_max_us=9947 ph_commit_max_us=1658 committed=1 authority=1 refresh=1 run_ok=1 pass=1
[01:55:06] TINYDRAW_GATE1_MIXED_DRAW zoom=100 tool=pen chunks=50 append_max_us=156 append_avg_us=73 append_total_us=3660 affected_tiles=738 published=644 fallback=94 visible_fallback=0 drop_uni_slot=0 drop_uni_paint=0 drop_raw_edit=0 drop_raw_paint=0 off_skip=94 drain_ops=50 drain_total_us=1028253 drain_max_us=33585 ph_prepare_max_us=140 ph_overview_max_us=1881 ph_enumerate_max_us=564 ph_uniform_max_us=22405 ph_raw_max_us=12222 ph_offscreen_max_us=15359 ph_commit_max_us=1075 committed=1 authority=1 refresh=1 run_ok=1 pass=1
[01:55:07] TINYDRAW_GATE1_MIXED_DRAW zoom=100 tool=eraser chunks=50 append_max_us=158 append_avg_us=70 append_total_us=3500 affected_tiles=541 published=541 fallback=0 visible_fallback=0 drop_uni_slot=0 drop_uni_paint=0 drop_raw_edit=0 drop_raw_paint=0 off_skip=0 drain_ops=50 drain_total_us=872520 drain_max_us=26006 ph_prepare_max_us=146 ph_overview_max_us=1892 ph_enumerate_max_us=586 ph_uniform_max_us=24 ph_raw_max_us=12346 ph_offscreen_max_us=12879 ph_commit_max_us=994 committed=1 authority=1 refresh=1 run_ok=1 pass=1
[01:55:09] TINYDRAW_GATE1_MIXED_DRAW zoom=200 tool=pen chunks=50 append_max_us=163 append_avg_us=75 append_total_us=3786 affected_tiles=728 published=695 fallback=33 visible_fallback=0 drop_uni_slot=0 drop_uni_paint=0 drop_raw_edit=0 drop_raw_paint=0 off_skip=33 drain_ops=50 drain_total_us=1046400 drain_max_us=27593 ph_prepare_max_us=147 ph_overview_max_us=1053 ph_enumerate_max_us=559 ph_uniform_max_us=12116 ph_raw_max_us=12502 ph_offscreen_max_us=15262 ph_commit_max_us=932 committed=1 authority=1 refresh=1 run_ok=1 pass=1
[01:55:10] TINYDRAW_GATE1_MIXED_DRAW zoom=200 tool=eraser chunks=50 append_max_us=158 append_avg_us=74 append_total_us=3726 affected_tiles=658 published=658 fallback=0 visible_fallback=0 drop_uni_slot=0 drop_uni_paint=0 drop_raw_edit=0 drop_raw_paint=0 off_skip=0 drain_ops=50 drain_total_us=996836 drain_max_us=27699 ph_prepare_max_us=142 ph_overview_max_us=1083 ph_enumerate_max_us=578 ph_uniform_max_us=26 ph_raw_max_us=12424 ph_offscreen_max_us=13935 ph_commit_max_us=885 committed=1 authority=1 refresh=1 run_ok=1 pass=1
[01:55:13] TINYDRAW_GATE1_MIXED_DRAW zoom=400 tool=pen chunks=50 append_max_us=153 append_avg_us=72 append_total_us=3604 affected_tiles=743 published=743 fallback=0 visible_fallback=0 drop_uni_slot=0 drop_uni_paint=0 drop_raw_edit=0 drop_raw_paint=0 off_skip=0 drain_ops=50 drain_total_us=1027368 drain_max_us=24459 ph_prepare_max_us=137 ph_overview_max_us=710 ph_enumerate_max_us=704 ph_uniform_max_us=4105 ph_raw_max_us=12451 ph_offscreen_max_us=10289 ph_commit_max_us=864 committed=1 authority=1 refresh=1 run_ok=1 pass=1
[01:55:14] TINYDRAW_GATE1_MIXED_DRAW zoom=400 tool=eraser chunks=50 append_max_us=164 append_avg_us=73 append_total_us=3696 affected_tiles=746 published=746 fallback=0 visible_fallback=0 drop_uni_slot=0 drop_uni_paint=0 drop_raw_edit=0 drop_raw_paint=0 off_skip=0 drain_ops=50 drain_total_us=1022254 drain_max_us=24262 ph_prepare_max_us=146 ph_overview_max_us=700 ph_enumerate_max_us=715 ph_uniform_max_us=30 ph_raw_max_us=12355 ph_offscreen_max_us=10166 ph_commit_max_us=790 committed=1 authority=1 refresh=1 run_ok=1 pass=1
[01:55:14] TINYDRAW_GATE1_MIXED_DRAW_REVISIT zoom=50 missing=0 refill_tiles=0 refill_us=328
[01:55:14] TINYDRAW_GATE1_MIXED_DRAW_REVISIT zoom=100 missing=0 refill_tiles=0 refill_us=324
[01:55:14] TINYDRAW_GATE1_MIXED_DRAW_REVISIT zoom=200 missing=0 refill_tiles=0 refill_us=321
[01:55:14] TINYDRAW_GATE1_MIXED_DRAW_REVISIT zoom=400 missing=0 refill_tiles=0 refill_us=260
[01:55:14] TINYDRAW_GATE1_MIXED_DRAW_SUMMARY slots=448 strokes=10 worst_append_us=164 pass=1
[01:55:19] TINYDRAW_GATE1_IDLE_REPAIR damaged=588 remaining=0 plan_views=24 steps=4382 repair_us=3648080 worst_step_us=5276 warm_tiles=56 pass=1
[01:55:20] TINYDRAW_INKTRACE trace=fast-curve-dense-25 zoom=25 events=411 consumed=392 coalesced=19 down=1/1 up=1/1 max_time_gap_us=4085 max_space_gap_px=55.33 e2c_p50=504 e2c_p95=1578 e2c_max=1591 e2g_p95=770 e2s_p95=2563 e2d_p50=2255 e2d_p95=3410 e2d_max=3655 latency_samples=33 presentation_failures=0 commit_failures=0 overflows=0 revision=3482 fb_tiles=0 fb_start=0 fb_mid_max=0 fb_up_max=0 fb_end=0 drop_uni_slot=0 drop_uni_paint=0 drop_raw_edit=0 drop_raw_paint=0 off_skip=61 drain_ops=2 drain_max_us=37041 latency_pass=1 pass=1
[01:55:21] TINYDRAW_INKTRACE trace=fast-curve-400 zoom=400 events=414 consumed=371 coalesced=43 down=1/1 up=1/1 max_time_gap_us=4411 max_space_gap_px=65.51 e2c_p50=504 e2c_p95=1053 e2c_max=2041 e2g_p95=772 e2s_p95=2788 e2d_p50=2392 e2d_p95=3944 e2d_max=3972 latency_samples=33 presentation_failures=0 commit_failures=0 overflows=0 revision=3484 fb_tiles=42 fb_start=30 fb_mid_max=30 fb_up_max=30 fb_end=30 drop_uni_slot=0 drop_uni_paint=0 drop_raw_edit=0 drop_raw_paint=0 off_skip=0 drain_ops=2 drain_max_us=10934 latency_pass=1 pass=1
[01:55:23] TINYDRAW_INKTRACE trace=fast-curve-400-xl zoom=400 events=2296 consumed=1967 coalesced=329 down=1/1 up=1/1 max_time_gap_us=6080 max_space_gap_px=47.85 e2c_p50=504 e2c_p95=504 e2c_max=1593 e2g_p95=776 e2s_p95=2908 e2d_p50=3162 e2d_p95=4445 e2d_max=5538 latency_samples=172 presentation_failures=0 commit_failures=0 overflows=0 revision=3490 fb_tiles=42 fb_start=30 fb_mid_max=30 fb_up_max=30 fb_end=30 drop_uni_slot=0 drop_uni_paint=0 drop_raw_edit=0 drop_raw_paint=0 off_skip=0 drain_ops=6 drain_max_us=15473 latency_pass=1 pass=1
[01:55:24] TINYDRAW_INKTRACE trace=slow-precise-100 zoom=100 events=741 consumed=716 coalesced=25 down=1/1 up=1/1 max_time_gap_us=2999 max_space_gap_px=13.45 e2c_p50=504 e2c_p95=1055 e2c_max=1909 e2g_p95=771 e2s_p95=1781 e2d_p50=1886 e2d_p95=2259 e2d_max=2268 latency_samples=53 presentation_failures=0 commit_failures=0 overflows=0 revision=3492 fb_tiles=42 fb_start=20 fb_mid_max=20 fb_up_max=20 fb_end=20 drop_uni_slot=0 drop_uni_paint=0 drop_raw_edit=0 drop_raw_paint=0 off_skip=0 drain_ops=2 drain_max_us=13280 latency_pass=1 pass=1
[01:55:27] TINYDRAW_INKTRACE trace=scribble-multistroke zoom=100 events=848 consumed=741 coalesced=107 down=7/7 up=7/7 max_time_gap_us=6082 max_space_gap_px=109.46 e2c_p50=504 e2c_p95=584 e2c_max=2035 e2g_p95=770 e2s_p95=3502 e2d_p50=3092 e2d_p95=5360 e2d_max=6166 latency_samples=55 presentation_failures=0 commit_failures=0 overflows=0 revision=3499 fb_tiles=42 fb_start=20 fb_mid_max=20 fb_up_max=20 fb_end=20 drop_uni_slot=0 drop_uni_paint=0 drop_raw_edit=0 drop_raw_paint=0 off_skip=0 drain_ops=7 drain_max_us=17980 latency_pass=1 pass=1
[01:55:28] TINYDRAW_HAIRLINE_DOC ops=782 samples=8061 append_total_us=1077694 append_max_us=7240
[01:55:29] TINYDRAW_GATE1_PACED_COLD corpus=evil_hairlines_capacity zoom=100 x=552 y=672 steps=239 tiles=56 compute_us=213156 present_us=75265 touch_us=427 pacing_us=8105 wall_us=296953 maximum_wall_us=500000 max_tick_us=9059 touch_samples=46754 touch_interval_max_us=2086 touch_read_max_us=603 touch_events=0 touch_down=0 touch_up=0 touch_events_ge_8ms=0 touch_event_age_max_us=0 touch_errors=0 touch_overflows=0 pass=1
[01:55:29] TINYDRAW_GATE1_PACED_COLD corpus=evil_hairlines_capacity zoom=400 x=2760 y=3360 steps=212 tiles=48 compute_us=124037 present_us=74584 touch_us=344 pacing_us=5016 wall_us=203981 maximum_wall_us=500000 max_tick_us=8731 touch_samples=277 touch_interval_max_us=1202 touch_read_max_us=493 touch_events=0 touch_down=0 touch_up=0 touch_events_ge_8ms=0 touch_event_age_max_us=0 touch_errors=0 touch_overflows=0 pass=1
[01:55:31] TINYDRAW_HAIRLINE_REPAIR steps=2353 wall_us=2024259 worst_step_us=5297 resident=406/448 grid_stopped=1 pass2_steps=8 pass2_wall_us=2188 no_churn=1
[01:55:33] TINYDRAW_HAIRLINE_TOUR stops=8 total_us=827151 worst_stop_us=171074 worst_step_us=6257
[01:55:33] TINYDRAW_GATE1_HAIRLINE raw=339 uniform=73 fallback=232 capacity=448 worst_step_us=6257 grid_stopped=1 pass=1
[01:55:35] TINYDRAW_GATE1_LONG_GESTURE path=reference samples=1600 chunks=26 append_total_us=934107 append_max_us=44048 append_avg_us=35927 refresh_fallback_pixels=0 settled_fallback_pixels=0 committed=1 authority=1 refresh=1 run_ok=1
[01:55:35] TINYDRAW_GATE1_LONG_GESTURE path=in_place samples=1600 chunks=52 append_total_us=603408 append_max_us=14032 append_avg_us=11604 refresh_fallback_pixels=0 settled_fallback_pixels=0 committed=1 authority=1 refresh=1 run_ok=1
[01:55:36] TINYDRAW_GATE1_EXPORT format=svg encoded=1 bytes=157660 elapsed_us=1040873 workspace_bytes=4096 operations=52 sink_calls=155 flash_pages=39 crc32=140c70b9 free_psram=1818936 free_internal=170672 prolog=1 dimensions=1 terminator=1 crc_ok=1 paths=52 path_only=1 pass=1
[01:55:36] TINYDRAW_EXPORT_RESERVE requested=1572864 free_before=1818936 largest_before=1802240 free_held=246068 largest_held=245760 pass=1
[01:55:36] TINYDRAW_RERENDER_LEDGER site=final renders=0 unique=0 amplification=0.000 cold=0 damage=0 evict=0 stale=0 unexplained=0
[01:55:36] TINYDRAW_GATE1_AUTOMATED_DONE minimap_navigation=1 zoom_cycle_return=1 zoom_overlay_pan=1 color_dialog=1 stress=1 stress_100=1 stress_400=1 overlap_ready=1 overlap_cold=0 general_cold_ready=1 general_cold=1 workload=1 paced_cold=1 hard_100=1 hard_400=1 pan_100=1 pan_400=1 pan_seq=1 pan_boundary=1 live_overlay=1 draw_fill=1 cache=1 full_world_cache=1 cache_tour=1 mixed_draw=1 idle_repair=1 ink_trace=1 hairline_capacity=1 long_gesture=1 export_encode=1 export_reserve=1 return=1 ssaa_receipt=yellow
[01:55:36] TINYDRAW_VECTOR_V2_GATE_HARNESS_DONE pass=0
[01:55:36] TINYDRAW_VECTOR_V2_READY zoom=25 controls=chrome button=cycle_all_zooms operations_capacity=4000 samples_capacity=80000 live_storage_bytes=6383640 overview_bytes=1318912 raw_tile_bytes=3670016 tile_metadata_bytes=101360 operation_bytes=720000 live_scratch_bytes=573352 free_psram=1818936 largest_psram=1802240 te_edges=3726 te_period_us=16810 te_high_us=578 te_level=0 main_stack_free=2136
[01:55:38] TINYDRAW_LIVE_SETTLE zoom=25 tiles=42 total_us=150181 max_tile_us=74724 failures=0
