[01:51:03] I (273) esp_psram: Found 8MB PSRAM device
[01:51:03] I (276) ESP-ROM:esp32s3-20210327
[01:51:03] Build:Mar 27 2021
[01:51:03] rst:0x15 (USB_UART_CHIP_RESET),boot:0x2b (SPI_FAST_FLASH_BOOT)
[01:51:03] Saved PC:0x40048839
[01:51:03] SPIWP:0xee
[01:51:03] mode:DIO, clock div:1
[01:51:03] load:0x3fce2820,len:0x1664
[01:51:03] load:0x403c8700,len:0xf38
[01:51:03] load:0x403cb700,len:0x31e8
[01:51:03] entry 0x403c8930
[01:51:03] I (24) boot: ESP-IDF v6.0.2 2nd stage bootloader
[01:51:03] I (24) boot: compile time Aug 17 2026 01:33:21
[01:51:03] I (25) boot: Multicore bootloader
[01:51:03] I (25) boot: chip revision: v0.2
[01:51:03] I (28) boot: efuse block revision: v1.3
[01:51:03] I (31) qio_mode: Enabling default flash chip QIO
[01:51:03] I (36) boot.esp32s3: Boot SPI Speed : 80MHz
[01:51:03] I (39) boot.esp32s3: SPI Mode       : QIO
[01:51:03] I (43) boot.esp32s3: SPI Flash Size : 16MB
[01:51:03] I (47) boot: Enabling RNG early entropy source...
[01:51:03] I (51) boot: Partition Table:
[01:51:03] I (54) boot: ## Label            Usage          Type ST Offset   Length
[01:51:03] I (60) boot:  0 nvs              WiFi data        01 02 00009000 00006000
[01:51:03] I (67) boot:  1 phy_init         RF data          01 01 0000f000 00001000
[01:51:03] I (73) boot:  2 factory          factory app      00 00 00010000 00100000
[01:51:03] I (80) boot:  3 drawing          Unknown data     01 40 00110000 00300000
[01:51:03] I (86) boot:  4 export           Unknown data     01 41 00410000 00500000
[01:51:03] I (93) boot:  5 coredump         Unknown data     01 03 00910000 00010000
[01:51:03] I (100) boot: End of partition table
[01:51:03] I (103) esp_image: segment 0: paddr=00010020 vaddr=3c050020 size=2a0ech (172268) map
[01:51:03] I (137) esp_image: segment 1: paddr=0003a114 vaddr=3fc96000 size=03774h ( 14196) load
[01:51:03] I (140) esp_image: segment 2: paddr=0003d890 vaddr=40374000 size=02788h ( 10120) load
[01:51:03] I (143) esp_image: segment 3: paddr=00040020 vaddr=42000020 size=4de78h (319096) map
[01:51:03] I (198) esp_image: segment 4: paddr=0008dea0 vaddr=40376788 size=0f78ch ( 63372) load
[01:51:03] I (211) esp_image: segment 5: paddr=0009d634 vaddr=50000000 size=00024h (    36) load
[01:51:03] I (219) boot: Loaded app from partition at offset 0x10000
[01:51:03] I (219) boot: Disabling RNG early entropy source...
[01:51:03] I (229) octal_psram: vendor id    : 0x0d (AP)
[01:51:03] I (229) octal_psram: dev id       : 0x02 (generation 3)
[01:51:03] I (229) octal_psram: density      : 0x03 (64 Mbit)
[01:51:03] I (231) octal_psram: good-die     : 0x01 (Pass)
[01:51:03] I (236) octal_psram: Latency      : 0x01 (Fixed)
[01:51:03] I (240) octal_psram: VCC          : 0x01 (3V)
[01:51:03] I (244) octal_psram: SRF          : 0x01 (Fast Refresh)
[01:51:03] I (249) octal_psram: BurstType    : 0x01 (Hybrid Wrap)
[01:51:03] I (254) octal_psram: BurstLen     : 0x01 (32 Byte)
[01:51:03] I (258) octal_psram: Readlatency  : 0x02 (10 cycles@Fixed)
[01:51:03] I (263) octal_psram: DriveStrength: 0x00 (1/1)
[01:51:03] I (268) MSPI Timing: Enter psram timing tuning
[01:51:03] I (272) esp_psram: Found 8MB PSRAM device
[01:51:03] I (276) esp_psram: Speed: 80MHz
[01:51:03] I (278) cpu_start: Multicore app
[01:51:03] I (694) esp_psram: SPI SRAM memory test OK
[01:51:03] I (703) cpu_start: GPIO 44 and 43 are used as console UART I/O pins
[01:51:03] I (703) cpu_start: Pro cpu start user code
[01:51:03] I (703) cpu_start: cpu freq: 240000000 Hz
[01:51:03] I (705) app_init: Application information:
[01:51:03] I (709) app_init: Project name:     tinydraw_esp32
[01:51:04] I (713) app_init: App version:      8371cab-dirty
[01:51:04] I (718) app_init: Compile time:     Aug 17 2026 01:45:43
[01:51:04] I (723) app_init: ELF file SHA256:  6ca2f9259...
[01:51:04] I (727) app_init: ESP-IDF:          v6.0.2
[01:51:04] I (731) efuse_init: Min chip rev:     v0.0
[01:51:04] I (735) efuse_init: Max chip rev:     v0.99
[01:51:04] I (739) efuse_init: Chip rev:         v0.2
[01:51:04] I (743) heap_init: Initializing. RAM available for dynamic allocation:
[01:51:04] I (749) heap_init: At 3FC9A800 len 0004EF10 (315 KiB): RAM
[01:51:04] I (754) heap_init: At 3FCE9710 len 00005724 (21 KiB): RAM
[01:51:04] I (759) heap_init: At 3FCF0000 len 00008000 (32 KiB): DRAM
[01:51:04] I (764) heap_init: At 600FE000 len 00001FE8 (7 KiB): RTCRAM
[01:51:04] I (770) esp_psram: Adding pool of 8192K of PSRAM memory to heap allocator
[01:51:04] I (777) spi_flash: detected chip: generic
[01:51:04] I (780) spi_flash: flash io: qio
[01:51:04] I (783) sleep_gpio: Configure to isolate all GPIO pins in sleep state
[01:51:04] I (789) sleep_gpio: Enable automatic switching of GPIO sleep configuration
[01:51:04] I (796) main_task: Started on CPU0
[01:51:04] I (799) main_task: Calling app_main()
[01:51:04] TINYDRAW_PRODUCER_SCRATCH supertask_internal=1 slot_directory_internal=0 free_internal=296492 free_psram=1820524
[01:51:04] TINYDRAW_PANEL_HARD_RESET=1
[01:51:04] TINYDRAW_PANEL_TRANSPORT requested_clock_mhz=50 effective_clock_mhz=40
[01:51:04] I (1006) co5300: version: 2.1.0
[01:51:04] I (1006) co5300_spi: LCD panel create success, version: 2.1.0
[01:51:04] W (1091) co5300_spi: The 3Ah command has been used and will be overwritten by external initialization sequence
[01:51:04] I (1192) CST816S: IC id: 183
[01:51:04] TINYDRAW_VECTOR_V2_PRESENTATION experiment=boundary-top-sweep te_edge=rising requested_clock_mhz=50 effective_clock_mhz=40 optical_acceptance=external_manual
[01:51:04] TINYDRAW_LIVE_PRESENT kind=startup zoom=25 x=0 y=0 compose_us=26076 scroll_us=0 exposed_compose_us=0 chrome_us=13149 chrome_prepare_us=8260 chrome_stage_us=4889 read_submit_us=0 read_complete_us=0 transfer_wait_us=21082 tile_pixels=0 uniform_pixels=0 overview_pixels=164864 fallback_pixels=0 resident_tiles=0 fallback_tiles=0 pushes=11 tear_wait_us=3792 tear_edge_isr_to_resume_us=12 tear_edge_observed=1 tear_edge_wait_resumed=1 tear_edge_timeout=0 tear_heal_attempted=0 tear_heal_command_sent=0 presentation_experiment=boundary-top-sweep te_edge=rising requested_clock_mhz=50 effective_clock_mhz=40 frame_reused=0 pass=1
[01:51:04] TINYDRAW_GATE1_ZOOM_OVERLAY_PAN tap_zoom=1 drag_pan=1 threshold_px=8 pass=1
[01:51:04] TINYDRAW_GATE1_ZOOM_CYCLE_RETURN explored_x=2300 explored_y=3100 returned_x=2300 returned_y=3100 pass=1
[01:51:04] TINYDRAW_GATE1_COLOR_DIALOG wall_us=27793 maximum_us=40000 compose_us=0 chrome_us=9392 chrome_prepare_us=7 chrome_stage_us=9385 complete_us=24054 pushes=11 pass=1
[01:51:04] TINYDRAW_GATE1_MINIMAP_NAV hit=1 threshold_px=4 intent=1 tap_x=552 tap_y=710 tap_complete_us=20147 tap_pass=1 drag_x=626 drag_y=782 drag_complete_us=16512 drag_reused=1 drag_pass=1 pass=1
[01:51:05] TINYDRAW_LIVE_STRESS operations=1000 samples=20000 total_us=699125 average_us=699 maximum_us=997 free_psram=1818936 largest_psram=1802240
[01:51:05] TINYDRAW_LIVE_PRESENT kind=gate_fallback zoom=100 x=0 y=0 compose_us=11289 scroll_us=0 exposed_compose_us=0 chrome_us=7497 chrome_prepare_us=3117 chrome_stage_us=4380 read_submit_us=17268 read_complete_us=20640 transfer_wait_us=20756 tile_pixels=0 uniform_pixels=0 overview_pixels=0 fallback_pixels=164864 resident_tiles=0 fallback_tiles=42 pushes=11 tear_wait_us=2745 tear_edge_isr_to_resume_us=11 tear_edge_observed=1 tear_edge_wait_resumed=1 tear_edge_timeout=0 tear_heal_attempted=0 tear_heal_command_sent=0 presentation_experiment=boundary-top-sweep te_edge=rising requested_clock_mhz=50 effective_clock_mhz=40 frame_reused=0 pass=1
[01:51:05] TINYDRAW_GATE1_HARD zoom=100 cold=1 operations=1000 samples=20000 steps=193 tiles=42 scanned=12000 rendered=122 max_supertask_us=6865 presentation_us=70103 total_us=284061 maximum_wall_us=500000 pass=1
[01:51:06] TINYDRAW_LIVE_PRESENT kind=gate_fallback zoom=400 x=0 y=0 compose_us=10633 scroll_us=0 exposed_compose_us=0 chrome_us=5384 chrome_prepare_us=1124 chrome_stage_us=4260 read_submit_us=28557 read_complete_us=32164 transfer_wait_us=20275 tile_pixels=0 uniform_pixels=0 overview_pixels=0 fallback_pixels=164864 resident_tiles=0 fallback_tiles=42 pushes=11 tear_wait_us=16662 tear_edge_isr_to_resume_us=10 tear_edge_observed=1 tear_edge_wait_resumed=1 tear_edge_timeout=0 tear_heal_attempted=0 tear_heal_command_sent=0 presentation_experiment=boundary-top-sweep te_edge=rising requested_clock_mhz=50 effective_clock_mhz=40 frame_reused=0 pass=1
[01:51:06] TINYDRAW_GATE1_HARD zoom=400 cold=1 operations=1000 samples=20000 steps=199 tiles=42 scanned=12000 rendered=17 max_supertask_us=5381 presentation_us=65866 total_us=161195 maximum_wall_us=500000 pass=1
[01:51:06] TINYDRAW_OVERLAP_WORKLOAD operations=8 samples=1200 radius_world=80
[01:51:07] TINYDRAW_GATE1_PACED_COLD corpus=overlap zoom=50 x=215 y=255 steps=235 tiles=56 compute_us=524510 present_us=82225 touch_us=784 pacing_us=16434 wall_us=623953 maximum_wall_us=500000 max_tick_us=9377 touch_samples=2758 touch_interval_max_us=2025 touch_read_max_us=597 touch_events=0 touch_down=0 touch_up=0 touch_events_ge_8ms=0 touch_event_age_max_us=0 touch_errors=0 touch_overflows=0 pass=0
[01:51:07] TINYDRAW_GATE1_PACED_COLD corpus=overlap zoom=100 x=583 y=703 steps=183 tiles=48 compute_us=286174 present_us=76632 touch_us=566 pacing_us=8605 wall_us=371977 maximum_wall_us=500000 max_tick_us=9197 touch_samples=436 touch_interval_max_us=1919 touch_read_max_us=485 touch_events=0 touch_down=0 touch_up=0 touch_events_ge_8ms=0 touch_event_age_max_us=0 touch_errors=0 touch_overflows=0 pass=1
[01:51:08] TINYDRAW_GATE1_PACED_COLD corpus=overlap zoom=200 x=1319 y=1599 steps=180 tiles=56 compute_us=259886 present_us=75212 touch_us=562 pacing_us=9319 wall_us=344979 maximum_wall_us=500000 max_tick_us=9658 touch_samples=407 touch_interval_max_us=1852 touch_read_max_us=492 touch_events=0 touch_down=0 touch_up=0 touch_events_ge_8ms=0 touch_event_age_max_us=0 touch_errors=0 touch_overflows=0 pass=1
[01:51:08] TINYDRAW_GATE1_PACED_COLD corpus=overlap zoom=400 x=2791 y=3391 steps=181 tiles=56 compute_us=223656 present_us=72048 touch_us=543 pacing_us=8728 wall_us=304975 maximum_wall_us=500000 max_tick_us=8036 touch_samples=379 touch_interval_max_us=1852 touch_read_max_us=510 touch_events=0 touch_down=0 touch_up=0 touch_events_ge_8ms=0 touch_event_age_max_us=0 touch_errors=0 touch_overflows=0 pass=1
[01:51:08] TINYDRAW_ADVERSARIAL_TAPERED_WORKLOAD operations=128 samples=4096 erasers=12 load_us=222928 appended=1
[01:51:10] TINYDRAW_GENERAL_COLD_WORKLOAD operations=910 samples=12157 hairline_operations=782 hairline_samples=8061 hairline_load_us=1111357 appended=1
[01:51:10] TINYDRAW_GATE1_PACED_COLD corpus=adversarial_tapered_4x+evil_hairlines zoom=50 x=0 y=0 steps=313 tiles=42 compute_us=368493 present_us=70232 touch_us=716 pacing_us=14272 wall_us=453713 maximum_wall_us=500000 max_tick_us=8422 touch_samples=1582 touch_interval_max_us=2060 touch_read_max_us=563 touch_events=0 touch_down=0 touch_up=0 touch_events_ge_8ms=0 touch_event_age_max_us=0 touch_errors=0 touch_overflows=0 pass=1
[01:51:11] TINYDRAW_GATE1_PACED_COLD corpus=adversarial_tapered_4x+evil_hairlines zoom=100 x=0 y=0 steps=334 tiles=42 compute_us=352217 present_us=66309 touch_us=666 pacing_us=10767 wall_us=429959 maximum_wall_us=500000 max_tick_us=7953 touch_samples=498 touch_interval_max_us=1830 touch_read_max_us=479 touch_events=0 touch_down=0 touch_up=0 touch_events_ge_8ms=0 touch_event_age_max_us=0 touch_errors=0 touch_overflows=0 pass=1
[01:51:11] TINYDRAW_GATE1_PACED_COLD corpus=adversarial_tapered_4x+evil_hairlines zoom=200 x=0 y=0 steps=406 tiles=42 compute_us=415258 present_us=61590 touch_us=718 pacing_us=11390 wall_us=488956 maximum_wall_us=500000 max_tick_us=7665 touch_samples=560 touch_interval_max_us=1810 touch_read_max_us=492 touch_events=0 touch_down=0 touch_up=0 touch_events_ge_8ms=0 touch_event_age_max_us=0 touch_errors=0 touch_overflows=0 pass=1
[01:51:12] TINYDRAW_GATE1_PACED_COLD corpus=adversarial_tapered_4x+evil_hairlines zoom=400 x=0 y=0 steps=491 tiles=42 compute_us=452414 present_us=61240 touch_us=775 pacing_us=11634 wall_us=526063 maximum_wall_us=520000 max_tick_us=11346 touch_samples=592 touch_interval_max_us=1524 touch_read_max_us=480 touch_events=0 touch_down=0 touch_up=0 touch_events_ge_8ms=0 touch_event_age_max_us=0 touch_errors=0 touch_overflows=0 pass=0
[01:51:12] TINYDRAW_GATE1_WORKLOAD kind=realistic seed=7 operations=1000 samples=19844 maximum_stroke=198 load_us=534771 raw_source=1 lod_copies=0
[01:51:13] TINYDRAW_GATE1_PACED_COLD corpus=seed7 zoom=400 x=63 y=63 steps=263 tiles=56 compute_us=194115 present_us=80627 touch_us=470 pacing_us=6745 wall_us=281957 maximum_wall_us=500000 max_tick_us=9558 touch_samples=807 touch_interval_max_us=2058 touch_read_max_us=542 touch_events=0 touch_down=0 touch_up=0 touch_events_ge_8ms=0 touch_event_age_max_us=0 touch_errors=0 touch_overflows=0 pass=1
[01:51:13] TINYDRAW_LIVE_PRESENT kind=gate_fallback zoom=100 x=0 y=0 compose_us=11313 scroll_us=0 exposed_compose_us=0 chrome_us=5522 chrome_prepare_us=1151 chrome_stage_us=4371 read_submit_us=28367 read_complete_us=31971 transfer_wait_us=20767 tile_pixels=0 uniform_pixels=0 overview_pixels=0 fallback_pixels=164864 resident_tiles=0 fallback_tiles=42 pushes=11 tear_wait_us=15763 tear_edge_isr_to_resume_us=12 tear_edge_observed=1 tear_edge_wait_resumed=1 tear_edge_timeout=0 tear_heal_attempted=0 tear_heal_command_sent=0 presentation_experiment=boundary-top-sweep te_edge=rising requested_clock_mhz=50 effective_clock_mhz=40 frame_reused=0 pass=1
[01:51:13] TINYDRAW_GATE1_HARD zoom=100 cold=1 operations=1000 samples=19844 steps=246 tiles=42 scanned=12000 rendered=390 max_supertask_us=5484 presentation_us=71119 total_us=369294 maximum_wall_us=500000 pass=1
[01:51:13] TINYDRAW_GATE1_OVERLAY_CANVAS regions=zoom,minimap,toolbar,battery operations=4 presentation_mutations=0 authority=1 pass=1
[01:51:14] TINYDRAW_GATE1_LIVE_OVERLAY clear_updates=48 clear_wall_max_us=3937 clear_submit_max_us=2124 clear_complete_max_us=2979 overlay_updates=48 overlay_wall_max_us=3919 overlay_submit_max_us=2057 overlay_complete_max_us=3090 overlay_chrome_max_us=233 clear_failures=0 overlay_failures=0 pass=1
[01:51:14] TINYDRAW_EDGE_INK corners=4 edge_failures=0 pass=1
[01:51:14] TINYDRAW_GATE1_PAN zoom=100 from_x=0 from_y=0 to_x=88 to_y=88 compose_us=15465 scroll_us=11 exposed_compose_us=15454 chrome_us=2287 event_submit_us=29562 event_complete_us=32736 transfer_us=16439 setup=1 present=1 moved=1 frame_reused=1 pass=1
[01:51:14] TINYDRAW_LIVE_PRESENT kind=gate_fallback zoom=400 x=0 y=0 compose_us=10629 scroll_us=0 exposed_compose_us=0 chrome_us=5398 chrome_prepare_us=1162 chrome_stage_us=4236 read_submit_us=23491 read_complete_us=27063 transfer_wait_us=20961 tile_pixels=0 uniform_pixels=0 overview_pixels=0 fallback_pixels=164864 resident_tiles=0 fallback_tiles=42 pushes=11 tear_wait_us=11561 tear_edge_isr_to_resume_us=12 tear_edge_observed=1 tear_edge_wait_resumed=1 tear_edge_timeout=0 tear_heal_attempted=0 tear_heal_command_sent=0 presentation_experiment=boundary-top-sweep te_edge=rising requested_clock_mhz=50 effective_clock_mhz=40 frame_reused=0 pass=1
[01:51:14] TINYDRAW_GATE1_HARD zoom=400 cold=1 operations=1008 samples=19852 steps=200 tiles=42 scanned=12096 rendered=62 max_supertask_us=8095 presentation_us=69594 total_us=214257 maximum_wall_us=500000 pass=1
[01:51:15] TINYDRAW_GATE1_PAN zoom=400 from_x=0 from_y=0 to_x=88 to_y=88 compose_us=15452 scroll_us=11 exposed_compose_us=15441 chrome_us=2156 event_submit_us=30184 event_complete_us=33357 transfer_us=15819 setup=1 present=1 moved=1 frame_reused=1 pass=1
[01:51:17] TINYDRAW_PANSEQ_FRAME zoom=100 step=0 dx=24 dy=18 scroll_us=11 exposed_compose_us=4382 chrome_us=2291 tear_wait_us=8490 present_us=15965 prepare_us=10648 acquire_wait_us=21 ring_copy_us=8343 patch_us=2298 byte_swap_us=7 staging_us=4190 event_submit_us=13009 event_complete_us=16166 frame_us=28975 tear_edge_observed=1 frame_reused=1 pass=1
[01:51:17] TINYDRAW_PANSEQ_FRAME zoom=100 step=1 dx=24 dy=18 scroll_us=8 exposed_compose_us=4443 chrome_us=2290 tear_wait_us=13042 present_us=16321 prepare_us=10602 acquire_wait_us=19 ring_copy_us=8295 patch_us=2299 byte_swap_us=8 staging_us=4225 event_submit_us=17606 event_complete_us=20765 frame_us=33924 tear_edge_observed=1 frame_reused=1 pass=1
[01:51:17] TINYDRAW_PANSEQ_FRAME zoom=100 step=2 dx=24 dy=18 scroll_us=10 exposed_compose_us=4131 chrome_us=2294 tear_wait_us=13011 present_us=16674 prepare_us=10703 acquire_wait_us=20 ring_copy_us=8392 patch_us=2303 byte_swap_us=8 staging_us=4153 event_submit_us=17264 event_complete_us=20435 frame_us=33940 tear_edge_observed=1 frame_reused=1 pass=1
[01:51:17] TINYDRAW_PANSEQ_FRAME zoom=100 step=3 dx=24 dy=18 scroll_us=17 exposed_compose_us=4582 chrome_us=2303 tear_wait_us=12193 present_us=16021 prepare_us=10592 acquire_wait_us=20 ring_copy_us=8283 patch_us=2300 byte_swap_us=9 staging_us=4256 event_submit_us=16919 event_complete_us=20080 frame_us=32931 tear_edge_observed=1 frame_reused=1 pass=1
[01:51:18] TINYDRAW_PANSEQ_FRAME zoom=100 step=4 dx=24 dy=18 scroll_us=10 exposed_compose_us=4166 chrome_us=2271 tear_wait_us=13278 present_us=16376 prepare_us=10609 acquire_wait_us=23 ring_copy_us=8319 patch_us=2282 byte_swap_us=8 staging_us=4212 event_submit_us=17562 event_complete_us=20710 frame_us=33940 tear_edge_observed=1 frame_reused=1 pass=1
[01:51:18] TINYDRAW_PANSEQ_FRAME zoom=100 step=5 dx=24 dy=18 scroll_us=8 exposed_compose_us=4437 chrome_us=2294 tear_wait_us=12636 present_us=16741 prepare_us=10609 acquire_wait_us=19 ring_copy_us=8298 patch_us=2304 byte_swap_us=7 staging_us=4239 event_submit_us=17192 event_complete_us=20367 frame_us=33931 tear_edge_observed=1 frame_reused=1 pass=1
[01:51:18] TINYDRAW_PANSEQ_FRAME zoom=100 step=6 dx=24 dy=18 scroll_us=10 exposed_compose_us=4089 chrome_us=2283 tear_wait_us=12601 present_us=16118 prepare_us=10649 acquire_wait_us=20 ring_copy_us=8347 patch_us=2294 byte_swap_us=8 staging_us=4185 event_submit_us=16812 event_complete_us=19966 frame_us=32932 tear_edge_observed=1 frame_reused=1 pass=1
[01:51:18] TINYDRAW_PANSEQ_FRAME zoom=100 step=7 dx=24 dy=18 scroll_us=8 exposed_compose_us=4415 chrome_us=2293 tear_wait_us=12910 present_us=16489 prepare_us=10613 acquire_wait_us=20 ring_copy_us=8292 patch_us=2312 byte_swap_us=9 staging_us=4240 event_submit_us=17448 event_complete_us=20608 frame_us=33931 tear_edge_observed=1 frame_reused=1 pass=1
[01:51:18] TINYDRAW_PANSEQ_FRAME zoom=100 step=8 dx=24 dy=18 scroll_us=10 exposed_compose_us=4390 chrome_us=2289 tear_wait_us=12574 present_us=15854 prepare_us=10669 acquire_wait_us=19 ring_copy_us=8346 patch_us=2316 byte_swap_us=7 staging_us=4192 event_submit_us=17084 event_complete_us=20242 frame_us=32940 tear_edge_observed=1 frame_reused=1 pass=1
[01:51:18] TINYDRAW_PANSEQ_FRAME zoom=100 step=9 dx=24 dy=18 scroll_us=8 exposed_compose_us=4411 chrome_us=2301 tear_wait_us=13186 present_us=16218 prepare_us=10610 acquire_wait_us=20 ring_copy_us=8294 patch_us=2308 byte_swap_us=8 staging_us=4224 event_submit_us=17716 event_complete_us=20861 frame_us=33931 tear_edge_observed=1 frame_reused=1 pass=1
[01:51:18] TINYDRAW_PANSEQ_FRAME zoom=100 step=10 dx=24 dy=18 scroll_us=10 exposed_compose_us=4110 chrome_us=2291 tear_wait_us=13147 present_us=16560 prepare_us=10619 acquire_wait_us=20 ring_copy_us=8312 patch_us=2298 byte_swap_us=9 staging_us=4207 event_submit_us=17378 event_complete_us=20531 frame_us=33940 tear_edge_observed=1 frame_reused=1 pass=1
[01:51:18] TINYDRAW_PANSEQ_FRAME zoom=100 step=11 dx=24 dy=18 scroll_us=8 exposed_compose_us=4649 chrome_us=2329 tear_wait_us=12256 present_us=15910 prepare_us=10630 acquire_wait_us=19 ring_copy_us=8286 patch_us=2336 byte_swap_us=8 staging_us=4220 event_submit_us=17024 event_complete_us=20188 frame_us=32931 tear_edge_observed=1 frame_reused=1 pass=1
[01:51:18] TINYDRAW_PANSEQ_FRAME zoom=100 step=12 dx=24 dy=18 scroll_us=10 exposed_compose_us=4166 chrome_us=2304 tear_wait_us=13400 present_us=16251 prepare_us=10682 acquire_wait_us=19 ring_copy_us=8362 patch_us=2313 byte_swap_us=7 staging_us=4161 event_submit_us=17688 event_complete_us=20838 frame_us=33940 tear_edge_observed=1 frame_reused=1 pass=1
[01:51:18] TINYDRAW_PANSEQ_FRAME zoom=100 step=13 dx=24 dy=18 scroll_us=9 exposed_compose_us=4439 chrome_us=2279 tear_wait_us=12752 present_us=16624 prepare_us=10599 acquire_wait_us=19 ring_copy_us=8307 patch_us=2285 byte_swap_us=7 staging_us=4211 event_submit_us=17309 event_complete_us=20448 frame_us=33931 tear_edge_observed=1 frame_reused=1 pass=1
[01:51:18] TINYDRAW_PANSEQ_FRAME zoom=100 step=14 dx=24 dy=18 scroll_us=10 exposed_compose_us=4123 chrome_us=2307 tear_wait_us=12721 present_us=15971 prepare_us=10666 acquire_wait_us=20 ring_copy_us=8341 patch_us=2318 byte_swap_us=7 staging_us=4177 event_submit_us=16967 event_complete_us=20124 frame_us=32940 tear_edge_observed=1 frame_reused=1 pass=1
[01:51:18] TINYDRAW_PANSEQ_FRAME zoom=100 step=15 dx=24 dy=18 scroll_us=8 exposed_compose_us=4467 chrome_us=2298 tear_wait_us=13035 present_us=16312 prepare_us=10619 acquire_wait_us=20 ring_copy_us=8306 patch_us=2305 byte_swap_us=8 staging_us=4212 event_submit_us=17622 event_complete_us=20782 frame_us=33931 tear_edge_observed=1 frame_reused=1 pass=1
[01:51:18] TINYDRAW_PANSEQ_FRAME zoom=100 step=16 dx=72 dy=54 scroll_us=10 exposed_compose_us=11778 chrome_us=2297 tear_wait_us=5383 present_us=16655 prepare_us=10674 acquire_wait_us=22 ring_copy_us=8361 patch_us=2306 byte_swap_us=7 staging_us=4170 event_submit_us=17282 event_complete_us=20440 frame_us=33940 tear_edge_observed=1 frame_reused=1 pass=1
[01:51:18] TINYDRAW_PANSEQ_FRAME zoom=100 step=17 dx=72 dy=54 scroll_us=8 exposed_compose_us=11739 chrome_us=2293 tear_wait_us=5081 present_us=15994 prepare_us=10609 acquire_wait_us=20 ring_copy_us=8301 patch_us=2299 byte_swap_us=9 staging_us=4228 event_submit_us=16940 event_complete_us=20087 frame_us=32931 tear_edge_observed=1 frame_reused=1 pass=1
[01:51:18] TINYDRAW_PANSEQ_FRAME zoom=100 step=18 dx=72 dy=54 scroll_us=10 exposed_compose_us=10037 chrome_us=2291 tear_wait_us=7424 present_us=16356 prepare_us=10656 acquire_wait_us=20 ring_copy_us=8352 patch_us=2295 byte_swap_us=9 staging_us=4178 event_submit_us=17584 event_complete_us=20742 frame_us=33940 tear_edge_observed=1 frame_reused=1 pass=1
[01:51:18] TINYDRAW_PANSEQ_FRAME zoom=100 step=19 dx=72 dy=54 scroll_us=8 exposed_compose_us=10041 chrome_us=2315 tear_wait_us=7057 present_us=16717 prepare_us=10669 acquire_wait_us=19 ring_copy_us=8335 patch_us=2325 byte_swap_us=9 staging_us=4200 event_submit_us=17218 event_complete_us=20407 frame_us=33931 tear_edge_observed=1 frame_reused=1 pass=1
[01:51:18] TINYDRAW_PANSEQ_FRAME zoom=100 step=20 dx=-72 dy=-54 scroll_us=10 exposed_compose_us=11562 chrome_us=2298 tear_wait_us=5157 present_us=16078 prepare_us=10620 acquire_wait_us=19 ring_copy_us=8323 patch_us=2288 byte_swap_us=9 staging_us=4200 event_submit_us=16855 event_complete_us=19993 frame_us=32933 tear_edge_observed=1 frame_reused=1 pass=1
[01:51:18] TINYDRAW_PANSEQ_FRAME zoom=100 step=21 dx=-72 dy=-54 scroll_us=8 exposed_compose_us=11685 chrome_us=2291 tear_wait_us=5671 present_us=16458 prepare_us=10580 acquire_wait_us=20 ring_copy_us=8269 patch_us=2303 byte_swap_us=8 staging_us=4250 event_submit_us=17479 event_complete_us=20615 frame_us=33931 tear_edge_observed=1 frame_reused=1 pass=1
[01:51:18] TINYDRAW_PANSEQ_FRAME zoom=100 step=22 dx=-72 dy=-54 scroll_us=10 exposed_compose_us=11753 chrome_us=2312 tear_wait_us=5232 present_us=15832 prepare_us=10657 acquire_wait_us=23 ring_copy_us=8327 patch_us=2321 byte_swap_us=9 staging_us=4172 event_submit_us=17106 event_complete_us=20237 frame_us=32940 tear_edge_observed=1 frame_reused=1 pass=1
[01:51:18] TINYDRAW_PANSEQ_FRAME zoom=100 step=23 dx=-72 dy=-54 scroll_us=8 exposed_compose_us=11450 chrome_us=2283 tear_wait_us=6178 present_us=16187 prepare_us=10602 acquire_wait_us=21 ring_copy_us=8305 patch_us=2290 byte_swap_us=7 staging_us=4221 event_submit_us=17747 event_complete_us=20886 frame_us=33931 tear_edge_observed=1 frame_reused=1 pass=1
[01:51:18] TINYDRAW_PANSEQ_STRIP zoom=100 strip=0 panel_y=0 rows=44 samples=24 staging_mean_us=1342 staging_max_us=1377 wire_budget_us=1619 over_budget_us=0 pass=1
[01:51:18] TINYDRAW_PANSEQ_STRIP zoom=100 strip=1 panel_y=44 rows=44 samples=24 staging_mean_us=1239 staging_max_us=1252 wire_budget_us=1619 over_budget_us=0 pass=1
[01:51:18] TINYDRAW_PANSEQ_STRIP zoom=100 strip=2 panel_y=88 rows=44 samples=24 staging_mean_us=1181 staging_max_us=1191 wire_budget_us=1619 over_budget_us=0 pass=1
[01:51:18] TINYDRAW_PANSEQ_STRIP zoom=100 strip=3 panel_y=132 rows=44 samples=24 staging_mean_us=1180 staging_max_us=1196 wire_budget_us=1619 over_budget_us=0 pass=1
[01:51:18] TINYDRAW_PANSEQ_STRIP zoom=100 strip=4 panel_y=176 rows=44 samples=24 staging_mean_us=1180 staging_max_us=1190 wire_budget_us=1619 over_budget_us=0 pass=1
[01:51:18] TINYDRAW_PANSEQ_STRIP zoom=100 strip=5 panel_y=220 rows=44 samples=24 staging_mean_us=1183 staging_max_us=1210 wire_budget_us=1619 over_budget_us=0 pass=1
[01:51:18] TINYDRAW_PANSEQ_STRIP zoom=100 strip=6 panel_y=264 rows=44 samples=24 staging_mean_us=1385 staging_max_us=1408 wire_budget_us=1619 over_budget_us=0 pass=1
[01:51:18] TINYDRAW_PANSEQ_STRIP zoom=100 strip=7 panel_y=308 rows=44 samples=24 staging_mean_us=1345 staging_max_us=1358 wire_budget_us=1619 over_budget_us=0 pass=1
[01:51:18] TINYDRAW_PANSEQ_STRIP zoom=100 strip=8 panel_y=352 rows=20 samples=24 staging_mean_us=612 staging_max_us=639 wire_budget_us=736 over_budget_us=0 pass=1
[01:51:18] TINYDRAW_GATE1_PANSEQ zoom=100 frames=24 scroll_avg_us=9 exposed_avg_us=6643 chrome_avg_us=2295 tear_wait_avg_us=10350 present_avg_us=16278 prepare_avg_us=10632 acquire_wait_avg_us=20 ring_copy_avg_us=8320 patch_avg_us=2304 byte_swap_avg_us=8 staging_avg_us=4205 frame_avg_us=33394 frame_p50_us=33931 frame_p95_us=33940 frame_max_us=33940 complete_p50_us=20435 complete_p95_us=20861 complete_max_us=20886 tear_edge_failures=0 presentation_experiment=boundary-top-sweep te_edge=rising requested_clock_mhz=50 effective_clock_mhz=40 chrome_bottom_redraws=0 chrome_battery_redraws=0 chrome_zoom_redraws=0 chrome_minimap_base_redraws=0 strip_samples=216 staging_mean_us=1183 staging_max_us=1408 worst_strip=8 worst_strip_y=352 worst_wire_budget_us=736 worst_headroom_us=97 staging_invariant=1 pacing_pass=1 all_reused=1 pass=1
[01:51:20] TINYDRAW_PANSEQ_FRAME zoom=400 step=0 dx=24 dy=18 scroll_us=11 exposed_compose_us=4367 chrome_us=2173 tear_wait_us=8496 present_us=15967 prepare_us=10530 acquire_wait_us=20 ring_copy_us=8346 patch_us=2175 byte_swap_us=9 staging_us=4323 event_submit_us=13004 event_complete_us=16172 frame_us=28974 tear_edge_observed=1 frame_reused=1 pass=1
[01:51:20] TINYDRAW_PANSEQ_FRAME zoom=400 step=1 dx=24 dy=18 scroll_us=8 exposed_compose_us=4459 chrome_us=2167 tear_wait_us=13040 present_us=16306 prepare_us=10477 acquire_wait_us=20 ring_copy_us=8290 patch_us=2178 byte_swap_us=9 staging_us=4358 event_submit_us=17628 event_complete_us=20788 frame_us=33926 tear_edge_observed=1 frame_reused=1 pass=1
[01:51:20] TINYDRAW_PANSEQ_FRAME zoom=400 step=2 dx=24 dy=18 scroll_us=10 exposed_compose_us=4122 chrome_us=2178 tear_wait_us=13039 present_us=16652 prepare_us=10562 acquire_wait_us=22 ring_copy_us=8369 patch_us=2185 byte_swap_us=8 staging_us=4302 event_submit_us=17283 event_complete_us=20456 frame_us=33938 tear_edge_observed=1 frame_reused=1 pass=1
[01:51:20] TINYDRAW_PANSEQ_FRAME zoom=400 step=3 dx=24 dy=18 scroll_us=9 exposed_compose_us=4617 chrome_us=2179 tear_wait_us=12209 present_us=15987 prepare_us=10472 acquire_wait_us=20 ring_copy_us=8276 patch_us=2190 byte_swap_us=6 staging_us=4372 event_submit_us=16945 event_complete_us=20108 frame_us=32934 tear_edge_observed=1 frame_reused=1 pass=1
[01:51:20] TINYDRAW_PANSEQ_FRAME zoom=400 step=4 dx=24 dy=18 scroll_us=10 exposed_compose_us=4178 chrome_us=2173 tear_wait_us=13297 present_us=16339 prepare_us=10521 acquire_wait_us=21 ring_copy_us=8332 patch_us=2180 byte_swap_us=9 staging_us=4303 event_submit_us=17595 event_complete_us=20748 frame_us=33938 tear_edge_observed=1 frame_reused=1 pass=1
[01:51:20] TINYDRAW_PANSEQ_FRAME zoom=400 step=5 dx=24 dy=18 scroll_us=9 exposed_compose_us=4431 chrome_us=2187 tear_wait_us=12702 present_us=16682 prepare_us=10517 acquire_wait_us=20 ring_copy_us=8315 patch_us=2193 byte_swap_us=9 staging_us=4334 event_submit_us=17250 event_complete_us=20422 frame_us=33934 tear_edge_observed=1 frame_reused=1 pass=1
[01:51:20] TINYDRAW_PANSEQ_FRAME zoom=400 step=6 dx=24 dy=18 scroll_us=10 exposed_compose_us=4090 chrome_us=2166 tear_wait_us=12687 present_us=16029 prepare_us=10514 acquire_wait_us=19 ring_copy_us=8340 patch_us=2166 byte_swap_us=8 staging_us=4333 event_submit_us=16912 event_complete_us=20074 frame_us=32938 tear_edge_observed=1 frame_reused=1 pass=1
[01:51:20] TINYDRAW_PANSEQ_FRAME zoom=400 step=7 dx=24 dy=18 scroll_us=9 exposed_compose_us=4421 chrome_us=2163 tear_wait_us=13025 present_us=16372 prepare_us=10467 acquire_wait_us=20 ring_copy_us=8277 patch_us=2181 byte_swap_us=9 staging_us=4364 event_submit_us=17561 event_complete_us=20725 frame_us=33934 tear_edge_observed=1 frame_reused=1 pass=1
[01:51:20] TINYDRAW_PANSEQ_FRAME zoom=400 step=8 dx=24 dy=18 scroll_us=10 exposed_compose_us=4392 chrome_us=2167 tear_wait_us=12714 present_us=16707 prepare_us=10549 acquire_wait_us=21 ring_copy_us=8365 patch_us=2175 byte_swap_us=9 staging_us=4313 event_submit_us=17228 event_complete_us=20408 frame_us=33938 tear_edge_observed=1 frame_reused=1 pass=1
[01:51:20] TINYDRAW_PANSEQ_FRAME zoom=400 step=9 dx=24 dy=18 scroll_us=9 exposed_compose_us=4398 chrome_us=2166 tear_wait_us=12356 present_us=16051 prepare_us=10458 acquire_wait_us=19 ring_copy_us=8279 patch_us=2171 byte_swap_us=8 staging_us=4374 event_submit_us=16887 event_complete_us=20037 frame_us=32934 tear_edge_observed=1 frame_reused=1 pass=1
[01:51:20] TINYDRAW_PANSEQ_FRAME zoom=400 step=10 dx=24 dy=18 scroll_us=10 exposed_compose_us=4120 chrome_us=2174 tear_wait_us=13288 present_us=16406 prepare_us=10502 acquire_wait_us=19 ring_copy_us=8313 patch_us=2181 byte_swap_us=8 staging_us=4323 event_submit_us=17529 event_complete_us=20684 frame_us=33938 tear_edge_observed=1 frame_reused=1 pass=1
[01:51:20] TINYDRAW_PANSEQ_FRAME zoom=400 step=11 dx=24 dy=18 scroll_us=9 exposed_compose_us=4659 chrome_us=2166 tear_wait_us=12406 present_us=16750 prepare_us=10445 acquire_wait_us=20 ring_copy_us=8262 patch_us=2175 byte_swap_us=8 staging_us=4410 event_submit_us=17183 event_complete_us=20356 frame_us=33934 tear_edge_observed=1 frame_reused=1 pass=1
[01:51:20] TINYDRAW_PANSEQ_FRAME zoom=400 step=12 dx=24 dy=18 scroll_us=10 exposed_compose_us=4147 chrome_us=2159 tear_wait_us=12552 present_us=16107 prepare_us=10529 acquire_wait_us=19 ring_copy_us=8353 patch_us=2167 byte_swap_us=9 staging_us=4303 event_submit_us=16820 event_complete_us=19975 frame_us=32930 tear_edge_observed=1 frame_reused=1 pass=1
[01:51:20] TINYDRAW_PANSEQ_FRAME zoom=400 step=13 dx=24 dy=18 scroll_us=9 exposed_compose_us=4413 chrome_us=2167 tear_wait_us=12943 present_us=16459 prepare_us=10483 acquire_wait_us=20 ring_copy_us=8298 patch_us=2176 byte_swap_us=9 staging_us=4365 event_submit_us=17476 event_complete_us=20634 frame_us=33934 tear_edge_observed=1 frame_reused=1 pass=1
[01:51:20] TINYDRAW_PANSEQ_FRAME zoom=400 step=14 dx=24 dy=18 scroll_us=10 exposed_compose_us=4139 chrome_us=2150 tear_wait_us=12867 present_us=15815 prepare_us=10511 acquire_wait_us=20 ring_copy_us=8330 patch_us=2172 byte_swap_us=9 staging_us=4337 event_submit_us=17119 event_complete_us=20278 frame_us=32938 tear_edge_observed=1 frame_reused=1 pass=1
[01:51:20] TINYDRAW_PANSEQ_FRAME zoom=400 step=15 dx=24 dy=18 scroll_us=9 exposed_compose_us=4468 chrome_us=2169 tear_wait_us=13190 present_us=16156 prepare_us=10496 acquire_wait_us=21 ring_copy_us=8308 patch_us=2179 byte_swap_us=9 staging_us=4353 event_submit_us=17778 event_complete_us=20937 frame_us=33934 tear_edge_observed=1 frame_reused=1 pass=1
[01:51:20] TINYDRAW_PANSEQ_FRAME zoom=400 step=16 dx=72 dy=54 scroll_us=10 exposed_compose_us=11758 chrome_us=2168 tear_wait_us=5551 present_us=16506 prepare_us=10498 acquire_wait_us=19 ring_copy_us=8314 patch_us=2176 byte_swap_us=8 staging_us=4351 event_submit_us=17435 event_complete_us=20598 frame_us=33938 tear_edge_observed=1 frame_reused=1 pass=1
[01:51:20] TINYDRAW_PANSEQ_FRAME zoom=400 step=17 dx=72 dy=54 scroll_us=9 exposed_compose_us=11550 chrome_us=2170 tear_wait_us=5419 present_us=15845 prepare_us=10492 acquire_wait_us=20 ring_copy_us=8298 patch_us=2178 byte_swap_us=16 staging_us=4369 event_submit_us=17090 event_complete_us=20258 frame_us=32934 tear_edge_observed=1 frame_reused=1 pass=1
[01:51:20] TINYDRAW_PANSEQ_FRAME zoom=400 step=18 dx=72 dy=54 scroll_us=10 exposed_compose_us=11451 chrome_us=2180 tear_wait_us=6158 present_us=16205 prepare_us=10523 acquire_wait_us=19 ring_copy_us=8319 patch_us=2195 byte_swap_us=9 staging_us=4314 event_submit_us=17731 event_complete_us=20867 frame_us=33938 tear_edge_observed=1 frame_reused=1 pass=1
[01:51:20] TINYDRAW_PANSEQ_FRAME zoom=400 step=19 dx=72 dy=54 scroll_us=9 exposed_compose_us=11654 chrome_us=2170 tear_wait_us=5604 present_us=16556 prepare_us=10453 acquire_wait_us=19 ring_copy_us=8269 patch_us=2178 byte_swap_us=6 staging_us=4375 event_submit_us=17378 event_complete_us=20539 frame_us=33934 tear_edge_observed=1 frame_reused=1 pass=1
[01:51:20] TINYDRAW_PANSEQ_FRAME zoom=400 step=20 dx=-72 dy=-54 scroll_us=10 exposed_compose_us=11823 chrome_us=2183 tear_wait_us=5089 present_us=15896 prepare_us=10519 acquire_wait_us=20 ring_copy_us=8309 patch_us=2201 byte_swap_us=9 staging_us=4319 event_submit_us=17041 event_complete_us=20186 frame_us=32938 tear_edge_observed=1 frame_reused=1 pass=1
[01:51:20] TINYDRAW_PANSEQ_FRAME zoom=400 step=21 dx=-72 dy=-54 scroll_us=9 exposed_compose_us=11705 chrome_us=2177 tear_wait_us=5875 present_us=16237 prepare_us=10468 acquire_wait_us=21 ring_copy_us=8275 patch_us=2185 byte_swap_us=8 staging_us=4359 event_submit_us=17695 event_complete_us=20830 frame_us=33934 tear_edge_observed=1 frame_reused=1 pass=1
[01:51:21] TINYDRAW_PANSEQ_FRAME zoom=400 step=22 dx=-72 dy=-54 scroll_us=10 exposed_compose_us=11755 chrome_us=2178 tear_wait_us=5483 present_us=16578 prepare_us=10495 acquire_wait_us=19 ring_copy_us=8298 patch_us=2188 byte_swap_us=9 staging_us=4314 event_submit_us=17357 event_complete_us=20482 frame_us=33938 tear_edge_observed=1 frame_reused=1 pass=1
[01:51:21] TINYDRAW_PANSEQ_FRAME zoom=400 step=23 dx=-72 dy=-54 scroll_us=9 exposed_compose_us=11412 chrome_us=2205 tear_wait_us=5479 present_us=15923 prepare_us=10529 acquire_wait_us=19 ring_copy_us=8310 patch_us=2210 byte_swap_us=9 staging_us=4315 event_submit_us=17009 event_complete_us=20166 frame_us=32934 tear_edge_observed=1 frame_reused=1 pass=1
[01:51:21] TINYDRAW_PANSEQ_STRIP zoom=400 strip=0 panel_y=0 rows=44 samples=24 staging_mean_us=1346 staging_max_us=1376 wire_budget_us=1619 over_budget_us=0 pass=1
[01:51:21] TINYDRAW_PANSEQ_STRIP zoom=400 strip=1 panel_y=44 rows=44 samples=24 staging_mean_us=1235 staging_max_us=1247 wire_budget_us=1619 over_budget_us=0 pass=1
[01:51:21] TINYDRAW_PANSEQ_STRIP zoom=400 strip=2 panel_y=88 rows=44 samples=24 staging_mean_us=1181 staging_max_us=1196 wire_budget_us=1619 over_budget_us=0 pass=1
[01:51:21] TINYDRAW_PANSEQ_STRIP zoom=400 strip=3 panel_y=132 rows=44 samples=24 staging_mean_us=1178 staging_max_us=1197 wire_budget_us=1619 over_budget_us=0 pass=1
[01:51:21] TINYDRAW_PANSEQ_STRIP zoom=400 strip=4 panel_y=176 rows=44 samples=24 staging_mean_us=1180 staging_max_us=1192 wire_budget_us=1619 over_budget_us=0 pass=1
[01:51:21] TINYDRAW_PANSEQ_STRIP zoom=400 strip=5 panel_y=220 rows=44 samples=24 staging_mean_us=1159 staging_max_us=1181 wire_budget_us=1619 over_budget_us=0 pass=1
[01:51:21] TINYDRAW_PANSEQ_STRIP zoom=400 strip=6 panel_y=264 rows=44 samples=24 staging_mean_us=1327 staging_max_us=1347 wire_budget_us=1619 over_budget_us=0 pass=1
[01:51:21] TINYDRAW_PANSEQ_STRIP zoom=400 strip=7 panel_y=308 rows=44 samples=24 staging_mean_us=1322 staging_max_us=1338 wire_budget_us=1619 over_budget_us=0 pass=1
[01:51:21] TINYDRAW_PANSEQ_STRIP zoom=400 strip=8 panel_y=352 rows=20 samples=24 staging_mean_us=588 staging_max_us=605 wire_budget_us=736 over_budget_us=0 pass=1
[01:51:21] TINYDRAW_GATE1_PANSEQ zoom=400 frames=24 scroll_avg_us=9 exposed_avg_us=6772 chrome_avg_us=2172 tear_wait_avg_us=10227 present_avg_us=16272 prepare_avg_us=10500 acquire_wait_avg_us=19 ring_copy_avg_us=8310 patch_avg_us=2181 byte_swap_avg_us=8 staging_avg_us=4340 frame_avg_us=33395 frame_p50_us=33934 frame_p95_us=33938 frame_max_us=33938 complete_p50_us=20422 complete_p95_us=20867 complete_max_us=20937 tear_edge_failures=0 presentation_experiment=boundary-top-sweep te_edge=rising requested_clock_mhz=50 effective_clock_mhz=40 chrome_bottom_redraws=0 chrome_battery_redraws=0 chrome_zoom_redraws=0 chrome_minimap_base_redraws=0 strip_samples=216 staging_mean_us=1168 staging_max_us=1376 worst_strip=8 worst_strip_y=352 worst_wire_budget_us=736 worst_headroom_us=131 staging_invariant=1 pacing_pass=1 all_reused=1 pass=1
[01:51:21] TINYDRAW_GATE1_PAN_BOUNDARY zoom=100 slow_1px_trace=1 below_delta=94 below_reused=1 at_delta=96 at_reused=1 above_delta=98 above_fallback=1 pass=1
[01:51:21] TINYDRAW_GATE1_PAN_BOUNDARY zoom=400 slow_1px_trace=1 below_delta=94 below_reused=1 at_delta=96 at_reused=1 above_delta=98 above_fallback=1 pass=1
[01:51:22] TINYDRAW_GATE1_DRAW_FILL zoom=400 revision=2930 append_us=1440 poll_gap_us=96 event_submit_us=210 event_complete_us=2132 max_compute_slice_us=5548 max_display_slice_us=16024 fill_us=224179 revision_restarted=1 pass=1
[01:51:22] TINYDRAW_GATE1_CACHE_FILL zoom=50 x=63 y=63 published=56 total_us=608971 within_cold_gate=0 complete=1
[01:51:23] TINYDRAW_GATE1_CACHE_FILL zoom=100 x=63 y=63 published=56 total_us=484973 within_cold_gate=1 complete=1
[01:51:23] TINYDRAW_GATE1_CACHE_FILL zoom=200 x=63 y=63 published=56 total_us=336972 within_cold_gate=1 complete=1
[01:51:24] TINYDRAW_GATE1_CACHE_FILL zoom=400 x=63 y=63 published=56 total_us=279967 within_cold_gate=1 complete=1
[01:51:24] TINYDRAW_GATE1_CACHE_REVISIT zoom=50 remaining=0 tile_pixels=118128 fallback_pixels=0 compose_us=16097 complete_us=21160 hit=1
[01:51:24] TINYDRAW_GATE1_CACHE_REVISIT zoom=100 remaining=0 tile_pixels=164864 fallback_pixels=0 compose_us=18649 complete_us=20699 hit=1
[01:51:24] TINYDRAW_GATE1_CACHE_REVISIT zoom=200 remaining=0 tile_pixels=164864 fallback_pixels=0 compose_us=18579 complete_us=20245 hit=1
[01:51:24] TINYDRAW_GATE1_CACHE_REVISIT zoom=400 remaining=0 tile_pixels=164608 fallback_pixels=0 compose_us=18646 complete_us=20801 hit=1
[01:51:24] TINYDRAW_GATE1_CACHE_FILL zoom=400 x=575 y=575 published=56 total_us=294972 within_cold_gate=1 complete=1
[01:51:24] TINYDRAW_GATE1_CACHE_ROUND_TRIP zoom=50 from_x=63 from_y=63 via_x=575 via_y=575 remaining=0 tile_pixels=118128 fallback_pixels=0 compose_us=16052 complete_us=20742 hit=1
[01:51:24] TINYDRAW_GATE1_CACHE_ROUND_TRIP zoom=100 from_x=63 from_y=63 via_x=575 via_y=575 remaining=0 tile_pixels=164864 fallback_pixels=0 compose_us=18689 complete_us=20265 hit=1
[01:51:24] TINYDRAW_GATE1_CACHE_ROUND_TRIP zoom=200 from_x=63 from_y=63 via_x=575 via_y=575 remaining=0 tile_pixels=164864 fallback_pixels=0 compose_us=18676 complete_us=20767 hit=1
[01:51:24] TINYDRAW_GATE1_CACHE_ROUND_TRIP zoom=400 from_x=63 from_y=63 via_x=575 via_y=575 remaining=0 tile_pixels=164608 fallback_pixels=0 compose_us=18675 complete_us=20300 hit=1
[01:51:24] TINYDRAW_GATE1_CACHE_RETENTION pass=1 slots=448 revision=2930
[01:51:26] TINYDRAW_PAPER_SWEEP zoom=100 identities=644 raw=266 uniform=378 fallback=0 slots=448 total_us=1334617 pass=1
[01:51:26] TINYDRAW_RERENDER_LEDGER_RESET site=cache_tour_start
[01:51:29] TINYDRAW_GATE1_CACHE_TOUR slots=448 stops=16 forward_steps=2161 forward_tiles=832 forward_wall_us=1335376 return_missing_tiles=0 return_steps=16 return_tiles=0 return_wall_us=6205 home_missing=0 home_fallback_pixels=0 pass=1
[01:51:29] TINYDRAW_RERENDER_LEDGER site=cache_tour renders=137 unique=137 amplification=1.000 cold=137 damage=0 evict=0 stale=0 unexplained=0
[01:51:30] TINYDRAW_GATE1_MIXED_DRAW_WARM zoom=50 fill_tiles=56 fill_us=531957 raw=42 uniform=14
[01:51:30] TINYDRAW_GATE1_MIXED_DRAW_WARM zoom=100 fill_tiles=56 fill_us=405377 raw=56 uniform=0
[01:51:30] TINYDRAW_GATE1_MIXED_DRAW_WARM zoom=200 fill_tiles=56 fill_us=311563 raw=56 uniform=0
[01:51:31] TINYDRAW_GATE1_MIXED_DRAW_WARM zoom=400 fill_tiles=42 fill_us=199709 raw=42 uniform=0
[01:51:32] TINYDRAW_GATE1_MIXED_DRAW zoom=25 tool=pen chunks=50 append_max_us=132 append_avg_us=69 append_total_us=3460 affected_tiles=391 published=207 fallback=184 visible_fallback=0 drop_uni_slot=0 drop_uni_paint=0 drop_raw_edit=0 drop_raw_paint=0 off_skip=184 drain_ops=50 drain_total_us=909699 drain_max_us=31160 ph_prepare_max_us=120 ph_overview_max_us=8921 ph_enumerate_max_us=568 ph_uniform_max_us=5293 ph_raw_max_us=21 ph_offscreen_max_us=17865 ph_commit_max_us=4092 committed=1 authority=1 refresh=1 run_ok=1 pass=1
[01:51:33] TINYDRAW_GATE1_MIXED_DRAW zoom=25 tool=eraser chunks=50 append_max_us=131 append_avg_us=69 append_total_us=3495 affected_tiles=142 published=141 fallback=1 visible_fallback=0 drop_uni_slot=0 drop_uni_paint=0 drop_raw_edit=0 drop_raw_paint=0 off_skip=1 drain_ops=50 drain_total_us=812935 drain_max_us=28933 ph_prepare_max_us=120 ph_overview_max_us=9035 ph_enumerate_max_us=501 ph_uniform_max_us=25 ph_raw_max_us=21 ph_offscreen_max_us=16313 ph_commit_max_us=4026 committed=1 authority=1 refresh=1 run_ok=1 pass=1
[01:51:35] TINYDRAW_GATE1_MIXED_DRAW zoom=50 tool=pen chunks=50 append_max_us=144 append_avg_us=71 append_total_us=3586 affected_tiles=688 published=545 fallback=143 visible_fallback=0 drop_uni_slot=0 drop_uni_paint=0 drop_raw_edit=0 drop_raw_paint=0 off_skip=143 drain_ops=50 drain_total_us=1021817 drain_max_us=37962 ph_prepare_max_us=132 ph_overview_max_us=3763 ph_enumerate_max_us=564 ph_uniform_max_us=20862 ph_raw_max_us=12159 ph_offscreen_max_us=13315 ph_commit_max_us=1765 committed=1 authority=1 refresh=1 run_ok=1 pass=1
[01:51:36] TINYDRAW_GATE1_MIXED_DRAW zoom=50 tool=eraser chunks=50 append_max_us=153 append_avg_us=73 append_total_us=3659 affected_tiles=458 published=458 fallback=0 visible_fallback=0 drop_uni_slot=0 drop_uni_paint=0 drop_raw_edit=0 drop_raw_paint=0 off_skip=0 drain_ops=50 drain_total_us=881739 drain_max_us=25742 ph_prepare_max_us=138 ph_overview_max_us=3762 ph_enumerate_max_us=578 ph_uniform_max_us=27 ph_raw_max_us=12154 ph_offscreen_max_us=9692 ph_commit_max_us=1650 committed=1 authority=1 refresh=1 run_ok=1 pass=1
[01:51:38] TINYDRAW_GATE1_MIXED_DRAW zoom=100 tool=pen chunks=50 append_max_us=171 append_avg_us=74 append_total_us=3740 affected_tiles=739 published=645 fallback=94 visible_fallback=0 drop_uni_slot=0 drop_uni_paint=0 drop_raw_edit=0 drop_raw_paint=0 off_skip=94 drain_ops=50 drain_total_us=1017018 drain_max_us=33428 ph_prepare_max_us=152 ph_overview_max_us=1891 ph_enumerate_max_us=557 ph_uniform_max_us=22390 ph_raw_max_us=12117 ph_offscreen_max_us=14995 ph_commit_max_us=1047 committed=1 authority=1 refresh=1 run_ok=1 pass=1
[01:51:39] TINYDRAW_GATE1_MIXED_DRAW zoom=100 tool=eraser chunks=50 append_max_us=138 append_avg_us=70 append_total_us=3512 affected_tiles=541 published=541 fallback=0 visible_fallback=0 drop_uni_slot=0 drop_uni_paint=0 drop_raw_edit=0 drop_raw_paint=0 off_skip=0 drain_ops=50 drain_total_us=860600 drain_max_us=25628 ph_prepare_max_us=124 ph_overview_max_us=1864 ph_enumerate_max_us=576 ph_uniform_max_us=30 ph_raw_max_us=12082 ph_offscreen_max_us=12585 ph_commit_max_us=978 committed=1 authority=1 refresh=1 run_ok=1 pass=1
[01:51:42] TINYDRAW_GATE1_MIXED_DRAW zoom=200 tool=pen chunks=50 append_max_us=159 append_avg_us=74 append_total_us=3716 affected_tiles=718 published=685 fallback=33 visible_fallback=0 drop_uni_slot=0 drop_uni_paint=0 drop_raw_edit=0 drop_raw_paint=0 off_skip=33 drain_ops=50 drain_total_us=1023225 drain_max_us=27890 ph_prepare_max_us=144 ph_overview_max_us=1050 ph_enumerate_max_us=557 ph_uniform_max_us=12163 ph_raw_max_us=12170 ph_offscreen_max_us=14656 ph_commit_max_us=929 committed=1 authority=1 refresh=1 run_ok=1 pass=1
[01:51:43] TINYDRAW_GATE1_MIXED_DRAW zoom=200 tool=eraser chunks=50 append_max_us=158 append_avg_us=75 append_total_us=3775 affected_tiles=648 published=648 fallback=0 visible_fallback=0 drop_uni_slot=0 drop_uni_paint=0 drop_raw_edit=0 drop_raw_paint=0 off_skip=0 drain_ops=50 drain_total_us=970232 drain_max_us=26921 ph_prepare_max_us=142 ph_overview_max_us=1055 ph_enumerate_max_us=596 ph_uniform_max_us=29 ph_raw_max_us=12124 ph_offscreen_max_us=15870 ph_commit_max_us=879 committed=1 authority=1 refresh=1 run_ok=1 pass=1
[01:51:45] TINYDRAW_GATE1_MIXED_DRAW zoom=400 tool=pen chunks=50 append_max_us=159 append_avg_us=71 append_total_us=3573 affected_tiles=743 published=743 fallback=0 visible_fallback=0 drop_uni_slot=0 drop_uni_paint=0 drop_raw_edit=0 drop_raw_paint=0 off_skip=0 drain_ops=50 drain_total_us=1008673 drain_max_us=23874 ph_prepare_max_us=144 ph_overview_max_us=735 ph_enumerate_max_us=737 ph_uniform_max_us=4125 ph_raw_max_us=12140 ph_offscreen_max_us=10038 ph_commit_max_us=833 committed=1 authority=1 refresh=1 run_ok=1 pass=1
[01:51:46] TINYDRAW_GATE1_MIXED_DRAW zoom=400 tool=eraser chunks=50 append_max_us=149 append_avg_us=72 append_total_us=3644 affected_tiles=746 published=746 fallback=0 visible_fallback=0 drop_uni_slot=0 drop_uni_paint=0 drop_raw_edit=0 drop_raw_paint=0 off_skip=0 drain_ops=50 drain_total_us=1003345 drain_max_us=23838 ph_prepare_max_us=132 ph_overview_max_us=729 ph_enumerate_max_us=688 ph_uniform_max_us=36 ph_raw_max_us=12146 ph_offscreen_max_us=9998 ph_commit_max_us=809 committed=1 authority=1 refresh=1 run_ok=1 pass=1
[01:51:46] TINYDRAW_GATE1_MIXED_DRAW_REVISIT zoom=50 missing=0 refill_tiles=0 refill_us=378
[01:51:46] TINYDRAW_GATE1_MIXED_DRAW_REVISIT zoom=100 missing=0 refill_tiles=0 refill_us=379
[01:51:46] TINYDRAW_GATE1_MIXED_DRAW_REVISIT zoom=200 missing=0 refill_tiles=0 refill_us=376
[01:51:46] TINYDRAW_GATE1_MIXED_DRAW_REVISIT zoom=400 missing=0 refill_tiles=0 refill_us=315
[01:51:46] TINYDRAW_GATE1_MIXED_DRAW_SUMMARY slots=448 strokes=10 worst_append_us=171 pass=1
[01:51:52] TINYDRAW_GATE1_IDLE_REPAIR damaged=588 remaining=0 plan_views=24 steps=4382 repair_us=3894306 worst_step_us=5506 warm_tiles=56 pass=1
[01:51:53] TINYDRAW_INKTRACE trace=fast-curve-dense-25 zoom=25 events=411 consumed=392 coalesced=19 down=1/1 up=1/1 max_time_gap_us=4075 max_space_gap_px=55.33 e2c_p50=504 e2c_p95=1569 e2c_max=1579 e2g_p95=773 e2s_p95=2555 e2d_p50=2260 e2d_p95=3403 e2d_max=3650 latency_samples=33 presentation_failures=0 commit_failures=0 overflows=0 revision=3482 fb_tiles=0 fb_start=0 fb_mid_max=0 fb_up_max=0 fb_end=0 drop_uni_slot=0 drop_uni_paint=0 drop_raw_edit=0 drop_raw_paint=0 off_skip=60 drain_ops=2 drain_max_us=37270 latency_pass=1 pass=1
[01:51:53] TINYDRAW_INKTRACE trace=fast-curve-400 zoom=400 events=414 consumed=368 coalesced=46 down=1/1 up=1/1 max_time_gap_us=4409 max_space_gap_px=65.51 e2c_p50=504 e2c_p95=1038 e2c_max=2009 e2g_p95=773 e2s_p95=2759 e2d_p50=2383 e2d_p95=3937 e2d_max=3959 latency_samples=33 presentation_failures=0 commit_failures=0 overflows=0 revision=3484 fb_tiles=42 fb_start=30 fb_mid_max=30 fb_up_max=30 fb_end=30 drop_uni_slot=0 drop_uni_paint=0 drop_raw_edit=0 drop_raw_paint=0 off_skip=0 drain_ops=2 drain_max_us=10925 latency_pass=1 pass=1
[01:51:56] TINYDRAW_INKTRACE trace=fast-curve-400-xl zoom=400 events=2296 consumed=1967 coalesced=329 down=1/1 up=1/1 max_time_gap_us=5079 max_space_gap_px=47.85 e2c_p50=504 e2c_p95=505 e2c_max=1574 e2g_p95=778 e2s_p95=2904 e2d_p50=3142 e2d_p95=4435 e2d_max=5484 latency_samples=172 presentation_failures=0 commit_failures=0 overflows=0 revision=3490 fb_tiles=42 fb_start=30 fb_mid_max=30 fb_up_max=30 fb_end=30 drop_uni_slot=0 drop_uni_paint=0 drop_raw_edit=0 drop_raw_paint=0 off_skip=0 drain_ops=6 drain_max_us=15286 latency_pass=1 pass=1
[01:51:57] TINYDRAW_INKTRACE trace=slow-precise-100 zoom=100 events=741 consumed=690 coalesced=51 down=1/1 up=1/1 max_time_gap_us=2999 max_space_gap_px=13.45 e2c_p50=504 e2c_p95=1042 e2c_max=1907 e2g_p95=775 e2s_p95=1767 e2d_p50=1902 e2d_p95=2243 e2d_max=2270 latency_samples=53 presentation_failures=0 commit_failures=0 overflows=0 revision=3492 fb_tiles=42 fb_start=20 fb_mid_max=20 fb_up_max=20 fb_end=20 drop_uni_slot=0 drop_uni_paint=0 drop_raw_edit=0 drop_raw_paint=0 off_skip=0 drain_ops=2 drain_max_us=13217 latency_pass=1 pass=1
[01:52:00] TINYDRAW_INKTRACE trace=scribble-multistroke zoom=100 events=848 consumed=733 coalesced=115 down=7/7 up=7/7 max_time_gap_us=6075 max_space_gap_px=109.46 e2c_p50=504 e2c_p95=577 e2c_max=2024 e2g_p95=774 e2s_p95=3456 e2d_p50=3085 e2d_p95=5310 e2d_max=6172 latency_samples=55 presentation_failures=0 commit_failures=0 overflows=0 revision=3499 fb_tiles=42 fb_start=20 fb_mid_max=20 fb_up_max=20 fb_end=20 drop_uni_slot=0 drop_uni_paint=0 drop_raw_edit=0 drop_raw_paint=0 off_skip=0 drain_ops=7 drain_max_us=17682 latency_pass=1 pass=1
[01:52:01] TINYDRAW_HAIRLINE_DOC ops=782 samples=8061 append_total_us=1055404 append_max_us=7230
[01:52:01] TINYDRAW_GATE1_PACED_COLD corpus=evil_hairlines_capacity zoom=100 x=552 y=672 steps=239 tiles=56 compute_us=235637 present_us=74818 touch_us=577 pacing_us=6957 wall_us=317989 maximum_wall_us=500000 max_tick_us=9365 touch_samples=47560 touch_interval_max_us=2120 touch_read_max_us=638 touch_events=0 touch_down=0 touch_up=0 touch_events_ge_8ms=0 touch_event_age_max_us=0 touch_errors=0 touch_overflows=0 pass=1
[01:52:02] TINYDRAW_GATE1_PACED_COLD corpus=evil_hairlines_capacity zoom=400 x=2760 y=3360 steps=212 tiles=48 compute_us=135665 present_us=74828 touch_us=453 pacing_us=6031 wall_us=216977 maximum_wall_us=500000 max_tick_us=8851 touch_samples=283 touch_interval_max_us=1965 touch_read_max_us=483 touch_events=0 touch_down=0 touch_up=0 touch_events_ge_8ms=0 touch_event_age_max_us=0 touch_errors=0 touch_overflows=0 pass=1
[01:52:04] TINYDRAW_HAIRLINE_REPAIR steps=2353 wall_us=2193964 worst_step_us=5397 resident=406/448 grid_stopped=1 pass2_steps=8 pass2_wall_us=2273 no_churn=1
[01:52:06] TINYDRAW_HAIRLINE_TOUR stops=8 total_us=897426 worst_stop_us=188155 worst_step_us=6454
[01:52:06] TINYDRAW_GATE1_HAIRLINE raw=339 uniform=73 fallback=232 capacity=448 worst_step_us=6454 grid_stopped=1 pass=1
[01:52:07] TINYDRAW_GATE1_LONG_GESTURE path=reference samples=1600 chunks=26 append_total_us=923530 append_max_us=43538 append_avg_us=35520 refresh_fallback_pixels=0 settled_fallback_pixels=0 committed=1 authority=1 refresh=1 run_ok=1
[01:52:07] TINYDRAW_GATE1_LONG_GESTURE path=in_place samples=1600 chunks=52 append_total_us=596902 append_max_us=13957 append_avg_us=11478 refresh_fallback_pixels=0 settled_fallback_pixels=0 committed=1 authority=1 refresh=1 run_ok=1
[01:52:09] TINYDRAW_GATE1_EXPORT format=svg encoded=1 bytes=157660 elapsed_us=1029864 workspace_bytes=4096 operations=52 sink_calls=155 flash_pages=39 crc32=140c70b9 free_psram=1818936 free_internal=176304 prolog=1 dimensions=1 terminator=1 crc_ok=1 paths=52 path_only=1 pass=1
[01:52:09] TINYDRAW_EXPORT_RESERVE requested=1572864 free_before=1818936 largest_before=1802240 free_held=246068 largest_held=245760 pass=1
[01:52:09] TINYDRAW_RERENDER_LEDGER site=final renders=0 unique=0 amplification=0.000 cold=0 damage=0 evict=0 stale=0 unexplained=0
[01:52:09] TINYDRAW_GATE1_AUTOMATED_DONE minimap_navigation=1 zoom_cycle_return=1 zoom_overlay_pan=1 color_dialog=1 stress=1 stress_100=1 stress_400=1 overlap_ready=1 overlap_cold=0 general_cold_ready=1 general_cold=0 workload=1 paced_cold=1 hard_100=1 hard_400=1 pan_100=1 pan_400=1 pan_seq=1 pan_boundary=1 live_overlay=1 draw_fill=1 cache=1 full_world_cache=1 cache_tour=1 mixed_draw=1 idle_repair=1 ink_trace=1 hairline_capacity=1 long_gesture=1 export_encode=1 export_reserve=1 return=1 ssaa_receipt=yellow
[01:52:09] TINYDRAW_VECTOR_V2_GATE_HARNESS_DONE pass=0
[01:52:09] TINYDRAW_VECTOR_V2_READY zoom=25 controls=chrome button=cycle_all_zooms operations_capacity=4000 samples_capacity=80000 live_storage_bytes=6383640 overview_bytes=1318912 raw_tile_bytes=3670016 tile_metadata_bytes=101360 operation_bytes=720000 live_scratch_bytes=573352 free_psram=1818936 largest_psram=1802240 te_edges=3808 te_period_us=16816 te_high_us=579 te_level=1 main_stack_free=2120
[01:52:11] TINYDRAW_LIVE_SETTLE zoom=25 tiles=42 total_us=149443 max_tile_us=74880 failures=0
