[01:49:21] I (263) octal_psram: DriveStrength: 0ESP-ROM:esp32s3-20210327
[01:49:21] Build:Mar 27 2021
[01:49:21] rst:0x15 (USB_UART_CHIP_RESET),boot:0x2b (SPI_FAST_FLASH_BOOT)
[01:49:21] Saved PC:0x4004883b
[01:49:21] SPIWP:0xee
[01:49:21] mode:DIO, clock div:1
[01:49:21] load:0x3fce2820,len:0x1664
[01:49:21] load:0x403c8700,len:0xf38
[01:49:21] load:0x403cb700,len:0x31e8
[01:49:21] entry 0x403c8930
[01:49:21] I (24) boot: ESP-IDF v6.0.2 2nd stage bootloader
[01:49:21] I (24) boot: compile time Aug 17 2026 01:33:21
[01:49:21] I (25) boot: Multicore bootloader
[01:49:21] I (25) boot: chip revision: v0.2
[01:49:21] I (28) boot: efuse block revision: v1.3
[01:49:21] I (31) qio_mode: Enabling default flash chip QIO
[01:49:21] I (36) boot.esp32s3: Boot SPI Speed : 80MHz
[01:49:21] I (39) boot.esp32s3: SPI Mode       : QIO
[01:49:21] I (43) boot.esp32s3: SPI Flash Size : 16MB
[01:49:21] I (47) boot: Enabling RNG early entropy source...
[01:49:21] I (51) boot: Partition Table:
[01:49:21] I (54) boot: ## Label            Usage          Type ST Offset   Length
[01:49:21] I (60) boot:  0 nvs              WiFi data        01 02 00009000 00006000
[01:49:21] I (67) boot:  1 phy_init         RF data          01 01 0000f000 00001000
[01:49:21] I (73) boot:  2 factory          factory app      00 00 00010000 00100000
[01:49:21] I (80) boot:  3 drawing          Unknown data     01 40 00110000 00300000
[01:49:21] I (86) boot:  4 export           Unknown data     01 41 00410000 00500000
[01:49:21] I (93) boot:  5 coredump         Unknown data     01 03 00910000 00010000
[01:49:21] I (100) boot: End of partition table
[01:49:21] I (103) esp_image: segment 0: paddr=00010020 vaddr=3c050020 size=2a0ech (172268) map
[01:49:21] I (137) esp_image: segment 1: paddr=0003a114 vaddr=3fc96000 size=03774h ( 14196) load
[01:49:21] I (140) esp_image: segment 2: paddr=0003d890 vaddr=40374000 size=02788h ( 10120) load
[01:49:21] I (143) esp_image: segment 3: paddr=00040020 vaddr=42000020 size=4de78h (319096) map
[01:49:21] I (198) esp_image: segment 4: paddr=0008dea0 vaddr=40376788 size=0f78ch ( 63372) load
[01:49:21] I (211) esp_image: segment 5: paddr=0009d634 vaddr=50000000 size=00024h (    36) load
[01:49:21] I (219) boot: Loaded app from partition at offset 0x10000
[01:49:21] I (219) boot: Disabling RNG early entropy source...
[01:49:21] I (229) octal_psram: vendor id    : 0x0d (AP)
[01:49:21] I (229) octal_psram: dev id       : 0x02 (generation 3)
[01:49:21] I (229) octal_psram: density      : 0x03 (64 Mbit)
[01:49:21] I (231) octal_psram: good-die     : 0x01 (Pass)
[01:49:21] I (236) octal_psram: Latency      : 0x01 (Fixed)
[01:49:21] I (240) octal_psram: VCC          : 0x01 (3V)
[01:49:21] I (244) octal_psram: SRF          : 0x01 (Fast Refresh)
[01:49:21] I (249) octal_psram: BurstType    : 0x01 (Hybrid Wrap)
[01:49:21] I (254) octal_psram: BurstLen     : 0x01 (32 Byte)
[01:49:21] I (258) octal_psram: Readlatency  : 0x02 (10 cycles@Fixed)
[01:49:21] I (263) octal_psram: DriveStrength: 0x00 (1/1)
[01:49:21] I (268) MSPI Timing: Enter psram timing tuning
[01:49:21] I (272) esp_psram: Found 8MB PSRAM device
[01:49:21] I (276) esp_psram: Speed: 80MHz
[01:49:21] I (278) cpu_start: Multicore app
[01:49:21] I (694) esp_psram: SPI SRAM memory test OK
[01:49:21] I (703) cpu_start: GPIO 44 and 43 are used as console UART I/O pins
[01:49:21] I (703) cpu_start: Pro cpu start user code
[01:49:21] I (703) cpu_start: cpu freq: 240000000 Hz
[01:49:21] I (705) app_init: Application information:
[01:49:21] I (709) app_init: Project name:     tinydraw_esp32
[01:49:21] I (713) app_init: App version:      8371cab-dirty
[01:49:21] I (718) app_init: Compile time:     Aug 17 2026 01:45:43
[01:49:21] I (723) app_init: ELF file SHA256:  6ca2f9259...
[01:49:21] I (727) app_init: ESP-IDF:          v6.0.2
[01:49:21] I (731) efuse_init: Min chip rev:     v0.0
[01:49:21] I (735) efuse_init: Max chip rev:     v0.99
[01:49:21] I (739) efuse_init: Chip rev:         v0.2
[01:49:21] I (743) heap_init: Initializing. RAM available for dynamic allocation:
[01:49:21] I (749) heap_init: At 3FC9A800 len 0004EF10 (315 KiB): RAM
[01:49:21] I (754) heap_init: At 3FCE9710 len 00005724 (21 KiB): RAM
[01:49:21] I (759) heap_init: At 3FCF0000 len 00008000 (32 KiB): DRAM
[01:49:21] I (764) heap_init: At 600FE000 len 00001FE8 (7 KiB): RTCRAM
[01:49:21] I (770) esp_psram: Adding pool of 8192K of PSRAM memory to heap allocator
[01:49:21] I (777) spi_flash: detected chip: generic
[01:49:21] I (780) spi_flash: flash io: qio
[01:49:21] I (783) sleep_gpio: Configure to isolate all GPIO pins in sleep state
[01:49:21] I (789) sleep_gpio: Enable automatic switching of GPIO sleep configuration
[01:49:21] I (796) main_task: Started on CPU0
[01:49:21] I (799) main_task: Calling app_main()
[01:49:21] TINYDRAW_PRODUCER_SCRATCH supertask_internal=1 slot_directory_internal=0 free_internal=296492 free_psram=1820524
[01:49:22] TINYDRAW_PANEL_HARD_RESET=1
[01:49:22] TINYDRAW_PANEL_TRANSPORT requested_clock_mhz=50 effective_clock_mhz=40
[01:49:22] I (1006) co5300: version: 2.1.0
[01:49:22] I (1006) co5300_spi: LCD panel create success, version: 2.1.0
[01:49:22] W (1091) co5300_spi: The 3Ah command has been used and will be overwritten by external initialization sequence
[01:49:22] I (1192) CST816S: IC id: 183
[01:49:22] TINYDRAW_VECTOR_V2_PRESENTATION experiment=boundary-top-sweep te_edge=rising requested_clock_mhz=50 effective_clock_mhz=40 optical_acceptance=external_manual
[01:49:22] TINYDRAW_LIVE_PRESENT kind=startup zoom=25 x=0 y=0 compose_us=26075 scroll_us=0 exposed_compose_us=0 chrome_us=13130 chrome_prepare_us=8260 chrome_stage_us=4870 read_submit_us=0 read_complete_us=0 transfer_wait_us=20974 tile_pixels=0 uniform_pixels=0 overview_pixels=164864 fallback_pixels=0 resident_tiles=0 fallback_tiles=0 pushes=11 tear_wait_us=3893 tear_edge_isr_to_resume_us=13 tear_edge_observed=1 tear_edge_wait_resumed=1 tear_edge_timeout=0 tear_heal_attempted=0 tear_heal_command_sent=0 presentation_experiment=boundary-top-sweep te_edge=rising requested_clock_mhz=50 effective_clock_mhz=40 frame_reused=0 pass=1
[01:49:22] TINYDRAW_GATE1_ZOOM_OVERLAY_PAN tap_zoom=1 drag_pan=1 threshold_px=8 pass=1
[01:49:22] TINYDRAW_GATE1_ZOOM_CYCLE_RETURN explored_x=2300 explored_y=3100 returned_x=2300 returned_y=3100 pass=1
[01:49:22] TINYDRAW_GATE1_COLOR_DIALOG wall_us=27791 maximum_us=40000 compose_us=0 chrome_us=9344 chrome_prepare_us=7 chrome_stage_us=9337 complete_us=23906 pushes=11 pass=1
[01:49:22] TINYDRAW_GATE1_MINIMAP_NAV hit=1 threshold_px=4 intent=1 tap_x=552 tap_y=710 tap_complete_us=20951 tap_pass=1 drag_x=626 drag_y=782 drag_complete_us=16302 drag_reused=1 drag_pass=1 pass=1
[01:49:23] TINYDRAW_LIVE_STRESS operations=1000 samples=20000 total_us=700071 average_us=700 maximum_us=1009 free_psram=1818936 largest_psram=1802240
[01:49:23] TINYDRAW_LIVE_PRESENT kind=gate_fallback zoom=100 x=0 y=0 compose_us=11272 scroll_us=0 exposed_compose_us=0 chrome_us=7506 chrome_prepare_us=3134 chrome_stage_us=4372 read_submit_us=16699 read_complete_us=20079 transfer_wait_us=20284 tile_pixels=0 uniform_pixels=0 overview_pixels=0 fallback_pixels=164864 resident_tiles=0 fallback_tiles=42 pushes=11 tear_wait_us=2177 tear_edge_isr_to_resume_us=11 tear_edge_observed=1 tear_edge_wait_resumed=1 tear_edge_timeout=0 tear_heal_attempted=0 tear_heal_command_sent=0 presentation_experiment=boundary-top-sweep te_edge=rising requested_clock_mhz=50 effective_clock_mhz=40 frame_reused=0 pass=1
[01:49:23] TINYDRAW_GATE1_HARD zoom=100 cold=1 operations=1000 samples=20000 steps=193 tiles=42 scanned=12000 rendered=122 max_supertask_us=6840 presentation_us=70079 total_us=284132 maximum_wall_us=500000 pass=1
[01:49:23] TINYDRAW_LIVE_PRESENT kind=gate_fallback zoom=400 x=0 y=0 compose_us=10647 scroll_us=0 exposed_compose_us=0 chrome_us=5421 chrome_prepare_us=1151 chrome_stage_us=4270 read_submit_us=12430 read_complete_us=16054 transfer_wait_us=20296 tile_pixels=0 uniform_pixels=0 overview_pixels=0 fallback_pixels=164864 resident_tiles=0 fallback_tiles=42 pushes=11 tear_wait_us=490 tear_edge_isr_to_resume_us=10 tear_edge_observed=1 tear_edge_wait_resumed=1 tear_edge_timeout=0 tear_heal_attempted=0 tear_heal_command_sent=0 presentation_experiment=boundary-top-sweep te_edge=rising requested_clock_mhz=50 effective_clock_mhz=40 frame_reused=0 pass=1
[01:49:23] TINYDRAW_GATE1_HARD zoom=400 cold=1 operations=1000 samples=20000 steps=199 tiles=42 scanned=12000 rendered=17 max_supertask_us=5391 presentation_us=66049 total_us=161366 maximum_wall_us=500000 pass=1
[01:49:24] TINYDRAW_OVERLAP_WORKLOAD operations=8 samples=1200 radius_world=80
[01:49:25] TINYDRAW_GATE1_PACED_COLD corpus=overlap zoom=50 x=215 y=255 steps=235 tiles=56 compute_us=524431 present_us=82256 touch_us=816 pacing_us=16452 wall_us=623955 maximum_wall_us=500000 max_tick_us=9400 touch_samples=2758 touch_interval_max_us=2023 touch_read_max_us=597 touch_events=0 touch_down=0 touch_up=0 touch_events_ge_8ms=0 touch_event_age_max_us=0 touch_errors=0 touch_overflows=0 pass=0
[01:49:25] TINYDRAW_GATE1_PACED_COLD corpus=overlap zoom=100 x=583 y=703 steps=183 tiles=48 compute_us=286069 present_us=76700 touch_us=573 pacing_us=8635 wall_us=371977 maximum_wall_us=500000 max_tick_us=9183 touch_samples=436 touch_interval_max_us=1955 touch_read_max_us=485 touch_events=0 touch_down=0 touch_up=0 touch_events_ge_8ms=0 touch_event_age_max_us=0 touch_errors=0 touch_overflows=0 pass=1
[01:49:26] TINYDRAW_GATE1_PACED_COLD corpus=overlap zoom=200 x=1319 y=1599 steps=180 tiles=56 compute_us=259847 present_us=75237 touch_us=556 pacing_us=9338 wall_us=344978 maximum_wall_us=500000 max_tick_us=9671 touch_samples=409 touch_interval_max_us=1903 touch_read_max_us=492 touch_events=0 touch_down=0 touch_up=0 touch_events_ge_8ms=0 touch_event_age_max_us=0 touch_errors=0 touch_overflows=0 pass=1
[01:49:26] TINYDRAW_GATE1_PACED_COLD corpus=overlap zoom=400 x=2791 y=3391 steps=181 tiles=56 compute_us=223575 present_us=72135 touch_us=555 pacing_us=8712 wall_us=304977 maximum_wall_us=500000 max_tick_us=8030 touch_samples=376 touch_interval_max_us=1952 touch_read_max_us=503 touch_events=0 touch_down=0 touch_up=0 touch_events_ge_8ms=0 touch_event_age_max_us=0 touch_errors=0 touch_overflows=0 pass=1
[01:49:26] TINYDRAW_ADVERSARIAL_TAPERED_WORKLOAD operations=128 samples=4096 erasers=12 load_us=222544 appended=1
[01:49:27] TINYDRAW_GENERAL_COLD_WORKLOAD operations=910 samples=12157 hairline_operations=782 hairline_samples=8061 hairline_load_us=1110397 appended=1
[01:49:28] TINYDRAW_GATE1_PACED_COLD corpus=adversarial_tapered_4x+evil_hairlines zoom=50 x=0 y=0 steps=313 tiles=42 compute_us=367565 present_us=70462 touch_us=711 pacing_us=12272 wall_us=451010 maximum_wall_us=500000 max_tick_us=8406 touch_samples=1580 touch_interval_max_us=2092 touch_read_max_us=565 touch_events=0 touch_down=0 touch_up=0 touch_events_ge_8ms=0 touch_event_age_max_us=0 touch_errors=0 touch_overflows=0 pass=1
[01:49:28] TINYDRAW_GATE1_PACED_COLD corpus=adversarial_tapered_4x+evil_hairlines zoom=100 x=0 y=0 steps=334 tiles=42 compute_us=351964 present_us=65725 touch_us=670 pacing_us=10599 wall_us=428958 maximum_wall_us=500000 max_tick_us=7834 touch_samples=495 touch_interval_max_us=1827 touch_read_max_us=485 touch_events=0 touch_down=0 touch_up=0 touch_events_ge_8ms=0 touch_event_age_max_us=0 touch_errors=0 touch_overflows=0 pass=1
[01:49:29] TINYDRAW_GATE1_PACED_COLD corpus=adversarial_tapered_4x+evil_hairlines zoom=200 x=0 y=0 steps=406 tiles=42 compute_us=415571 present_us=62627 touch_us=705 pacing_us=11053 wall_us=489956 maximum_wall_us=500000 max_tick_us=7787 touch_samples=563 touch_interval_max_us=1814 touch_read_max_us=494 touch_events=0 touch_down=0 touch_up=0 touch_events_ge_8ms=0 touch_event_age_max_us=0 touch_errors=0 touch_overflows=0 pass=1
[01:49:29] TINYDRAW_GATE1_PACED_COLD corpus=adversarial_tapered_4x+evil_hairlines zoom=400 x=0 y=0 steps=491 tiles=42 compute_us=452131 present_us=62045 touch_us=717 pacing_us=9350 wall_us=524243 maximum_wall_us=520000 max_tick_us=11383 touch_samples=588 touch_interval_max_us=1797 touch_read_max_us=505 touch_events=0 touch_down=0 touch_up=0 touch_events_ge_8ms=0 touch_event_age_max_us=0 touch_errors=0 touch_overflows=0 pass=0
[01:49:30] TINYDRAW_GATE1_WORKLOAD kind=realistic seed=7 operations=1000 samples=19844 maximum_stroke=198 load_us=536366 raw_source=1 lod_copies=0
[01:49:30] TINYDRAW_GATE1_PACED_COLD corpus=seed7 zoom=400 x=63 y=63 steps=263 tiles=56 compute_us=194301 present_us=80485 touch_us=480 pacing_us=6691 wall_us=281957 maximum_wall_us=500000 max_tick_us=9564 touch_samples=821 touch_interval_max_us=2046 touch_read_max_us=559 touch_events=0 touch_down=0 touch_up=0 touch_events_ge_8ms=0 touch_event_age_max_us=0 touch_errors=0 touch_overflows=0 pass=1
[01:49:31] TINYDRAW_LIVE_PRESENT kind=gate_fallback zoom=100 x=0 y=0 compose_us=11323 scroll_us=0 exposed_compose_us=0 chrome_us=5520 chrome_prepare_us=1138 chrome_stage_us=4382 read_submit_us=27421 read_complete_us=31016 transfer_wait_us=20713 tile_pixels=0 uniform_pixels=0 overview_pixels=0 fallback_pixels=164864 resident_tiles=0 fallback_tiles=42 pushes=11 tear_wait_us=14818 tear_edge_isr_to_resume_us=13 tear_edge_observed=1 tear_edge_wait_resumed=1 tear_edge_timeout=0 tear_heal_attempted=0 tear_heal_command_sent=0 presentation_experiment=boundary-top-sweep te_edge=rising requested_clock_mhz=50 effective_clock_mhz=40 frame_reused=0 pass=1
[01:49:31] TINYDRAW_GATE1_HARD zoom=100 cold=1 operations=1000 samples=19844 steps=246 tiles=42 scanned=12000 rendered=390 max_supertask_us=5464 presentation_us=70926 total_us=369064 maximum_wall_us=500000 pass=1
[01:49:31] TINYDRAW_GATE1_OVERLAY_CANVAS regions=zoom,minimap,toolbar,battery operations=4 presentation_mutations=0 authority=1 pass=1
[01:49:31] TINYDRAW_GATE1_LIVE_OVERLAY clear_updates=48 clear_wall_max_us=3936 clear_submit_max_us=2132 clear_complete_max_us=2982 overlay_updates=48 overlay_wall_max_us=3920 overlay_submit_max_us=2073 overlay_complete_max_us=3094 overlay_chrome_max_us=227 clear_failures=0 overlay_failures=0 pass=1
[01:49:31] TINYDRAW_EDGE_INK corners=4 edge_failures=0 pass=1
[01:49:32] TINYDRAW_GATE1_PAN zoom=100 from_x=0 from_y=0 to_x=88 to_y=88 compose_us=15503 scroll_us=11 exposed_compose_us=15492 chrome_us=2292 event_submit_us=29767 event_complete_us=32927 transfer_us=16235 setup=1 present=1 moved=1 frame_reused=1 pass=1
[01:49:32] TINYDRAW_LIVE_PRESENT kind=gate_fallback zoom=400 x=0 y=0 compose_us=10629 scroll_us=0 exposed_compose_us=0 chrome_us=5419 chrome_prepare_us=1171 chrome_stage_us=4248 read_submit_us=23683 read_complete_us=27296 transfer_wait_us=20770 tile_pixels=0 uniform_pixels=0 overview_pixels=0 fallback_pixels=164864 resident_tiles=0 fallback_tiles=42 pushes=11 tear_wait_us=11747 tear_edge_isr_to_resume_us=12 tear_edge_observed=1 tear_edge_wait_resumed=1 tear_edge_timeout=0 tear_heal_attempted=0 tear_heal_command_sent=0 presentation_experiment=boundary-top-sweep te_edge=rising requested_clock_mhz=50 effective_clock_mhz=40 frame_reused=0 pass=1
[01:49:32] TINYDRAW_GATE1_HARD zoom=400 cold=1 operations=1008 samples=19852 steps=200 tiles=42 scanned=12096 rendered=62 max_supertask_us=8114 presentation_us=69615 total_us=214172 maximum_wall_us=500000 pass=1
[01:49:32] TINYDRAW_GATE1_PAN zoom=400 from_x=0 from_y=0 to_x=88 to_y=88 compose_us=15474 scroll_us=11 exposed_compose_us=15463 chrome_us=2153 event_submit_us=30234 event_complete_us=33423 transfer_us=16769 setup=1 present=1 moved=1 frame_reused=1 pass=1
[01:49:35] TINYDRAW_PANSEQ_FRAME zoom=100 step=0 dx=24 dy=18 scroll_us=11 exposed_compose_us=4383 chrome_us=2293 tear_wait_us=8183 present_us=16271 prepare_us=10713 acquire_wait_us=21 ring_copy_us=8410 patch_us=2294 byte_swap_us=9 staging_us=4152 event_submit_us=12712 event_complete_us=15875 frame_us=28974 tear_edge_observed=1 frame_reused=1 pass=1
[01:49:35] TINYDRAW_PANSEQ_FRAME zoom=100 step=1 dx=24 dy=18 scroll_us=9 exposed_compose_us=4458 chrome_us=2296 tear_wait_us=12722 present_us=16626 prepare_us=10609 acquire_wait_us=26 ring_copy_us=8297 patch_us=2305 byte_swap_us=7 staging_us=4225 event_submit_us=17300 event_complete_us=20443 frame_us=33926 tear_edge_observed=1 frame_reused=1 pass=1
[01:49:35] TINYDRAW_PANSEQ_FRAME zoom=100 step=2 dx=24 dy=18 scroll_us=9 exposed_compose_us=4122 chrome_us=2319 tear_wait_us=12724 present_us=15968 prepare_us=10710 acquire_wait_us=21 ring_copy_us=8376 patch_us=2325 byte_swap_us=9 staging_us=4150 event_submit_us=16969 event_complete_us=20133 frame_us=32938 tear_edge_observed=1 frame_reused=1 pass=1
[01:49:35] TINYDRAW_PANSEQ_FRAME zoom=100 step=3 dx=24 dy=18 scroll_us=9 exposed_compose_us=4640 chrome_us=2306 tear_wait_us=12866 present_us=16310 prepare_us=10612 acquire_wait_us=19 ring_copy_us=8293 patch_us=2312 byte_swap_us=7 staging_us=4221 event_submit_us=17624 event_complete_us=20783 frame_us=33934 tear_edge_observed=1 frame_reused=1 pass=1
[01:49:35] TINYDRAW_PANSEQ_FRAME zoom=100 step=4 dx=24 dy=18 scroll_us=9 exposed_compose_us=4182 chrome_us=2305 tear_wait_us=12979 present_us=16654 prepare_us=10684 acquire_wait_us=22 ring_copy_us=8361 patch_us=2314 byte_swap_us=9 staging_us=4173 event_submit_us=17283 event_complete_us=20443 frame_us=33938 tear_edge_observed=1 frame_reused=1 pass=1
[01:49:35] TINYDRAW_PANSEQ_FRAME zoom=100 step=5 dx=24 dy=18 scroll_us=8 exposed_compose_us=4431 chrome_us=2302 tear_wait_us=12397 present_us=15985 prepare_us=10631 acquire_wait_us=27 ring_copy_us=8314 patch_us=2309 byte_swap_us=8 staging_us=4206 event_submit_us=16950 event_complete_us=20093 frame_us=32934 tear_edge_observed=1 frame_reused=1 pass=1
[01:49:35] TINYDRAW_PANSEQ_FRAME zoom=100 step=6 dx=24 dy=18 scroll_us=9 exposed_compose_us=4109 chrome_us=2306 tear_wait_us=13379 present_us=16326 prepare_us=10680 acquire_wait_us=22 ring_copy_us=8359 patch_us=2313 byte_swap_us=8 staging_us=4152 event_submit_us=17611 event_complete_us=20771 frame_us=33938 tear_edge_observed=1 frame_reused=1 pass=1
[01:49:35] TINYDRAW_PANSEQ_FRAME zoom=100 step=7 dx=24 dy=18 scroll_us=8 exposed_compose_us=4407 chrome_us=2309 tear_wait_us=12741 present_us=16669 prepare_us=10669 acquire_wait_us=19 ring_copy_us=8341 patch_us=2319 byte_swap_us=9 staging_us=4195 event_submit_us=17265 event_complete_us=20436 frame_us=33934 tear_edge_observed=1 frame_reused=1 pass=1
[01:49:35] TINYDRAW_PANSEQ_FRAME zoom=100 step=8 dx=24 dy=18 scroll_us=9 exposed_compose_us=4379 chrome_us=2300 tear_wait_us=12437 present_us=15998 prepare_us=10665 acquire_wait_us=21 ring_copy_us=8350 patch_us=2307 byte_swap_us=8 staging_us=4180 event_submit_us=16939 event_complete_us=20086 frame_us=32938 tear_edge_observed=1 frame_reused=1 pass=1
[01:49:35] TINYDRAW_PANSEQ_FRAME zoom=100 step=9 dx=24 dy=18 scroll_us=8 exposed_compose_us=4411 chrome_us=2308 tear_wait_us=13057 present_us=16346 prepare_us=10633 acquire_wait_us=21 ring_copy_us=8311 patch_us=2314 byte_swap_us=8 staging_us=4196 event_submit_us=17588 event_complete_us=20742 frame_us=33934 tear_edge_observed=1 frame_reused=1 pass=1
[01:49:35] TINYDRAW_PANSEQ_FRAME zoom=100 step=10 dx=24 dy=18 scroll_us=9 exposed_compose_us=4132 chrome_us=2301 tear_wait_us=12985 present_us=16697 prepare_us=10705 acquire_wait_us=26 ring_copy_us=8390 patch_us=2307 byte_swap_us=8 staging_us=4153 event_submit_us=17240 event_complete_us=20416 frame_us=33938 tear_edge_observed=1 frame_reused=1 pass=1
[01:49:36] TINYDRAW_PANSEQ_FRAME zoom=100 step=11 dx=24 dy=18 scroll_us=9 exposed_compose_us=4641 chrome_us=2298 tear_wait_us=12122 present_us=16045 prepare_us=10592 acquire_wait_us=20 ring_copy_us=8276 patch_us=2308 byte_swap_us=8 staging_us=4244 event_submit_us=16895 event_complete_us=20046 frame_us=32934 tear_edge_observed=1 frame_reused=1 pass=1
[01:49:36] TINYDRAW_PANSEQ_FRAME zoom=100 step=12 dx=24 dy=18 scroll_us=9 exposed_compose_us=4154 chrome_us=2290 tear_wait_us=13271 present_us=16389 prepare_us=10633 acquire_wait_us=22 ring_copy_us=8314 patch_us=2311 byte_swap_us=8 staging_us=4196 event_submit_us=17548 event_complete_us=20703 frame_us=33938 tear_edge_observed=1 frame_reused=1 pass=1
[01:49:36] TINYDRAW_PANSEQ_FRAME zoom=100 step=13 dx=24 dy=18 scroll_us=9 exposed_compose_us=4431 chrome_us=2293 tear_wait_us=12642 present_us=16741 prepare_us=10614 acquire_wait_us=20 ring_copy_us=8309 patch_us=2298 byte_swap_us=7 staging_us=4239 event_submit_us=17194 event_complete_us=20365 frame_us=33934 tear_edge_observed=1 frame_reused=1 pass=1
[01:49:36] TINYDRAW_PANSEQ_FRAME zoom=100 step=14 dx=24 dy=18 scroll_us=10 exposed_compose_us=4133 chrome_us=2283 tear_wait_us=12585 present_us=16090 prepare_us=10654 acquire_wait_us=22 ring_copy_us=8355 patch_us=2290 byte_swap_us=9 staging_us=4188 event_submit_us=16839 event_complete_us=19991 frame_us=32930 tear_edge_observed=1 frame_reused=1 pass=1
[01:49:36] TINYDRAW_PANSEQ_FRAME zoom=100 step=15 dx=24 dy=18 scroll_us=8 exposed_compose_us=4469 chrome_us=2300 tear_wait_us=12912 present_us=16435 prepare_us=10632 acquire_wait_us=20 ring_copy_us=8313 patch_us=2310 byte_swap_us=9 staging_us=4215 event_submit_us=17499 event_complete_us=20658 frame_us=33934 tear_edge_observed=1 frame_reused=1 pass=1
[01:49:36] TINYDRAW_PANSEQ_FRAME zoom=100 step=16 dx=72 dy=54 scroll_us=9 exposed_compose_us=11788 chrome_us=2290 tear_wait_us=5233 present_us=15794 prepare_us=10673 acquire_wait_us=20 ring_copy_us=8363 patch_us=2303 byte_swap_us=7 staging_us=4166 event_submit_us=17143 event_complete_us=20281 frame_us=32938 tear_edge_observed=1 frame_reused=1 pass=1
[01:49:36] TINYDRAW_PANSEQ_FRAME zoom=100 step=17 dx=72 dy=54 scroll_us=8 exposed_compose_us=11743 chrome_us=2284 tear_wait_us=5921 present_us=16152 prepare_us=10613 acquire_wait_us=21 ring_copy_us=8315 patch_us=2292 byte_swap_us=6 staging_us=4227 event_submit_us=17783 event_complete_us=20929 frame_us=33934 tear_edge_observed=1 frame_reused=1 pass=1
[01:49:36] TINYDRAW_PANSEQ_FRAME zoom=100 step=18 dx=72 dy=54 scroll_us=9 exposed_compose_us=10052 chrome_us=2293 tear_wait_us=7258 present_us=16505 prepare_us=10649 acquire_wait_us=19 ring_copy_us=8339 patch_us=2302 byte_swap_us=8 staging_us=4197 event_submit_us=17436 event_complete_us=20584 frame_us=33938 tear_edge_observed=1 frame_reused=1 pass=1
[01:49:36] TINYDRAW_PANSEQ_FRAME zoom=100 step=19 dx=72 dy=54 scroll_us=9 exposed_compose_us=10062 chrome_us=2300 tear_wait_us=6894 present_us=15858 prepare_us=10665 acquire_wait_us=19 ring_copy_us=8347 patch_us=2303 byte_swap_us=15 staging_us=4210 event_submit_us=17079 event_complete_us=20252 frame_us=32934 tear_edge_observed=1 frame_reused=1 pass=1
[01:49:36] TINYDRAW_PANSEQ_FRAME zoom=100 step=20 dx=-72 dy=-54 scroll_us=9 exposed_compose_us=11565 chrome_us=2316 tear_wait_us=6019 present_us=16215 prepare_us=10650 acquire_wait_us=21 ring_copy_us=8333 patch_us=2308 byte_swap_us=9 staging_us=4178 event_submit_us=17726 event_complete_us=20854 frame_us=33938 tear_edge_observed=1 frame_reused=1 pass=1
[01:49:36] TINYDRAW_PANSEQ_FRAME zoom=100 step=21 dx=-72 dy=-54 scroll_us=8 exposed_compose_us=11707 chrome_us=2301 tear_wait_us=5521 present_us=16588 prepare_us=10596 acquire_wait_us=19 ring_copy_us=8277 patch_us=2310 byte_swap_us=9 staging_us=4194 event_submit_us=17346 event_complete_us=20458 frame_us=33934 tear_edge_observed=1 frame_reused=1 pass=1
[01:49:36] TINYDRAW_PANSEQ_FRAME zoom=100 step=22 dx=-72 dy=-54 scroll_us=9 exposed_compose_us=11752 chrome_us=2293 tear_wait_us=5109 present_us=15955 prepare_us=10624 acquire_wait_us=20 ring_copy_us=8313 patch_us=2304 byte_swap_us=7 staging_us=4197 event_submit_us=16981 event_complete_us=20111 frame_us=32938 tear_edge_observed=1 frame_reused=1 pass=1
[01:49:36] TINYDRAW_PANSEQ_FRAME zoom=100 step=23 dx=-72 dy=-54 scroll_us=8 exposed_compose_us=11447 chrome_us=2294 tear_wait_us=6048 present_us=16321 prepare_us=10579 acquire_wait_us=20 ring_copy_us=8268 patch_us=2303 byte_swap_us=8 staging_us=4233 event_submit_us=17613 event_complete_us=20765 frame_us=33934 tear_edge_observed=1 frame_reused=1 pass=1
[01:49:36] TINYDRAW_PANSEQ_STRIP zoom=100 strip=0 panel_y=0 rows=44 samples=24 staging_mean_us=1340 staging_max_us=1374 wire_budget_us=1619 over_budget_us=0 pass=1
[01:49:36] TINYDRAW_PANSEQ_STRIP zoom=100 strip=1 panel_y=44 rows=44 samples=24 staging_mean_us=1241 staging_max_us=1253 wire_budget_us=1619 over_budget_us=0 pass=1
[01:49:36] TINYDRAW_PANSEQ_STRIP zoom=100 strip=2 panel_y=88 rows=44 samples=24 staging_mean_us=1185 staging_max_us=1195 wire_budget_us=1619 over_budget_us=0 pass=1
[01:49:36] TINYDRAW_PANSEQ_STRIP zoom=100 strip=3 panel_y=132 rows=44 samples=24 staging_mean_us=1184 staging_max_us=1197 wire_budget_us=1619 over_budget_us=0 pass=1
[01:49:36] TINYDRAW_PANSEQ_STRIP zoom=100 strip=4 panel_y=176 rows=44 samples=24 staging_mean_us=1182 staging_max_us=1193 wire_budget_us=1619 over_budget_us=0 pass=1
[01:49:36] TINYDRAW_PANSEQ_STRIP zoom=100 strip=5 panel_y=220 rows=44 samples=24 staging_mean_us=1185 staging_max_us=1210 wire_budget_us=1619 over_budget_us=0 pass=1
[01:49:36] TINYDRAW_PANSEQ_STRIP zoom=100 strip=6 panel_y=264 rows=44 samples=24 staging_mean_us=1386 staging_max_us=1411 wire_budget_us=1619 over_budget_us=0 pass=1
[01:49:36] TINYDRAW_PANSEQ_STRIP zoom=100 strip=7 panel_y=308 rows=44 samples=24 staging_mean_us=1347 staging_max_us=1365 wire_budget_us=1619 over_budget_us=0 pass=1
[01:49:36] TINYDRAW_PANSEQ_STRIP zoom=100 strip=8 panel_y=352 rows=20 samples=24 staging_mean_us=612 staging_max_us=635 wire_budget_us=736 over_budget_us=0 pass=1
[01:49:36] TINYDRAW_GATE1_PANSEQ zoom=100 frames=24 scroll_avg_us=8 exposed_avg_us=6649 chrome_avg_us=2299 tear_wait_avg_us=10333 present_avg_us=16289 prepare_avg_us=10645 acquire_wait_avg_us=21 ring_copy_avg_us=8330 patch_avg_us=2306 byte_swap_avg_us=8 staging_avg_us=4195 frame_avg_us=33395 frame_p50_us=33934 frame_p95_us=33938 frame_max_us=33938 complete_p50_us=20436 complete_p95_us=20854 complete_max_us=20929 tear_edge_failures=0 presentation_experiment=boundary-top-sweep te_edge=rising requested_clock_mhz=50 effective_clock_mhz=40 chrome_bottom_redraws=0 chrome_battery_redraws=0 chrome_zoom_redraws=0 chrome_minimap_base_redraws=0 strip_samples=216 staging_mean_us=1185 staging_max_us=1411 worst_strip=8 worst_strip_y=352 worst_wire_budget_us=736 worst_headroom_us=101 staging_invariant=1 pacing_pass=1 all_reused=1 pass=1
[01:49:38] TINYDRAW_PANSEQ_FRAME zoom=400 step=0 dx=24 dy=18 scroll_us=11 exposed_compose_us=4358 chrome_us=2178 tear_wait_us=8973 present_us=16500 prepare_us=10540 acquire_wait_us=19 ring_copy_us=8348 patch_us=2176 byte_swap_us=16 staging_us=4314 event_submit_us=13479 event_complete_us=16636 frame_us=29975 tear_edge_observed=1 frame_reused=1 pass=1
[01:49:38] TINYDRAW_PANSEQ_FRAME zoom=400 step=1 dx=24 dy=18 scroll_us=9 exposed_compose_us=4468 chrome_us=2157 tear_wait_us=12484 present_us=15853 prepare_us=10498 acquire_wait_us=20 ring_copy_us=8323 patch_us=2168 byte_swap_us=7 staging_us=4365 event_submit_us=17072 event_complete_us=20236 frame_us=32925 tear_edge_observed=1 frame_reused=1 pass=1
[01:49:38] TINYDRAW_PANSEQ_FRAME zoom=400 step=2 dx=24 dy=18 scroll_us=10 exposed_compose_us=4118 chrome_us=2160 tear_wait_us=13481 present_us=16216 prepare_us=10547 acquire_wait_us=23 ring_copy_us=8372 patch_us=2166 byte_swap_us=9 staging_us=4314 event_submit_us=17722 event_complete_us=20880 frame_us=33941 tear_edge_observed=1 frame_reused=1 pass=1
[01:49:38] TINYDRAW_PANSEQ_FRAME zoom=400 step=3 dx=24 dy=18 scroll_us=9 exposed_compose_us=4616 chrome_us=2172 tear_wait_us=12638 present_us=16559 prepare_us=10464 acquire_wait_us=18 ring_copy_us=8277 patch_us=2179 byte_swap_us=8 staging_us=4374 event_submit_us=17372 event_complete_us=20527 frame_us=33932 tear_edge_observed=1 frame_reused=1 pass=1
[01:49:38] TINYDRAW_PANSEQ_FRAME zoom=400 step=4 dx=24 dy=18 scroll_us=10 exposed_compose_us=4181 chrome_us=2201 tear_wait_us=12726 present_us=15906 prepare_us=10559 acquire_wait_us=19 ring_copy_us=8343 patch_us=2208 byte_swap_us=8 staging_us=4289 event_submit_us=17030 event_complete_us=20181 frame_us=32941 tear_edge_observed=1 frame_reused=1 pass=1
[01:49:38] TINYDRAW_PANSEQ_FRAME zoom=400 step=5 dx=24 dy=18 scroll_us=9 exposed_compose_us=4428 chrome_us=2187 tear_wait_us=13114 present_us=16269 prepare_us=10523 acquire_wait_us=22 ring_copy_us=8321 patch_us=2195 byte_swap_us=7 staging_us=4328 event_submit_us=17671 event_complete_us=20829 frame_us=33932 tear_edge_observed=1 frame_reused=1 pass=1
[01:49:38] TINYDRAW_PANSEQ_FRAME zoom=400 step=6 dx=24 dy=18 scroll_us=10 exposed_compose_us=4111 chrome_us=2180 tear_wait_us=13066 present_us=16636 prepare_us=10554 acquire_wait_us=19 ring_copy_us=8362 patch_us=2184 byte_swap_us=8 staging_us=4283 event_submit_us=17300 event_complete_us=20442 frame_us=33941 tear_edge_observed=1 frame_reused=1 pass=1
[01:49:38] TINYDRAW_PANSEQ_FRAME zoom=400 step=7 dx=24 dy=18 scroll_us=9 exposed_compose_us=4424 chrome_us=2187 tear_wait_us=12402 present_us=15985 prepare_us=10510 acquire_wait_us=20 ring_copy_us=8309 patch_us=2192 byte_swap_us=9 staging_us=4340 event_submit_us=16947 event_complete_us=20109 frame_us=32932 tear_edge_observed=1 frame_reused=1 pass=1
[01:49:38] TINYDRAW_PANSEQ_FRAME zoom=400 step=8 dx=24 dy=18 scroll_us=10 exposed_compose_us=4401 chrome_us=2177 tear_wait_us=13060 present_us=16351 prepare_us=10536 acquire_wait_us=20 ring_copy_us=8346 patch_us=2181 byte_swap_us=9 staging_us=4286 event_submit_us=17585 event_complete_us=20740 frame_us=33941 tear_edge_observed=1 frame_reused=1 pass=1
[01:49:38] TINYDRAW_PANSEQ_FRAME zoom=400 step=9 dx=24 dy=18 scroll_us=9 exposed_compose_us=4424 chrome_us=2193 tear_wait_us=12680 present_us=16705 prepare_us=10490 acquire_wait_us=22 ring_copy_us=8287 patch_us=2195 byte_swap_us=8 staging_us=4362 event_submit_us=17227 event_complete_us=20399 frame_us=33932 tear_edge_observed=1 frame_reused=1 pass=1
[01:49:38] TINYDRAW_PANSEQ_FRAME zoom=400 step=10 dx=24 dy=18 scroll_us=9 exposed_compose_us=4119 chrome_us=2159 tear_wait_us=12630 present_us=16056 prepare_us=10488 acquire_wait_us=20 ring_copy_us=8316 patch_us=2164 byte_swap_us=8 staging_us=4345 event_submit_us=16880 event_complete_us=20042 frame_us=32941 tear_edge_observed=1 frame_reused=1 pass=1
[01:49:38] TINYDRAW_PANSEQ_FRAME zoom=400 step=11 dx=24 dy=18 scroll_us=9 exposed_compose_us=4640 chrome_us=2190 tear_wait_us=12767 present_us=16405 prepare_us=10477 acquire_wait_us=19 ring_copy_us=8271 patch_us=2198 byte_swap_us=8 staging_us=4357 event_submit_us=17527 event_complete_us=20695 frame_us=33932 tear_edge_observed=1 frame_reused=1 pass=1
[01:49:38] TINYDRAW_PANSEQ_FRAME zoom=400 step=12 dx=24 dy=18 scroll_us=10 exposed_compose_us=4159 chrome_us=2161 tear_wait_us=12887 present_us=16766 prepare_us=10512 acquire_wait_us=19 ring_copy_us=8336 patch_us=2169 byte_swap_us=7 staging_us=4348 event_submit_us=17170 event_complete_us=20345 frame_us=33941 tear_edge_observed=1 frame_reused=1 pass=1
[01:49:38] TINYDRAW_PANSEQ_FRAME zoom=400 step=13 dx=24 dy=18 scroll_us=9 exposed_compose_us=4419 chrome_us=2157 tear_wait_us=12258 present_us=16129 prepare_us=10453 acquire_wait_us=19 ring_copy_us=8282 patch_us=2163 byte_swap_us=8 staging_us=4369 event_submit_us=16795 event_complete_us=19941 frame_us=32924 tear_edge_observed=1 frame_reused=1 pass=1
[01:49:38] TINYDRAW_PANSEQ_FRAME zoom=400 step=14 dx=24 dy=18 scroll_us=10 exposed_compose_us=4122 chrome_us=2175 tear_wait_us=13197 present_us=16494 prepare_us=10507 acquire_wait_us=21 ring_copy_us=8322 patch_us=2178 byte_swap_us=7 staging_us=4331 event_submit_us=17442 event_complete_us=20595 frame_us=33941 tear_edge_observed=1 frame_reused=1 pass=1
[01:49:38] TINYDRAW_PANSEQ_FRAME zoom=400 step=15 dx=24 dy=18 scroll_us=9 exposed_compose_us=4492 chrome_us=2179 tear_wait_us=12465 present_us=15856 prepare_us=10478 acquire_wait_us=21 ring_copy_us=8286 patch_us=2185 byte_swap_us=7 staging_us=4377 event_submit_us=17075 event_complete_us=20234 frame_us=32932 tear_edge_observed=1 frame_reused=1 pass=1
[01:49:38] TINYDRAW_PANSEQ_FRAME zoom=400 step=16 dx=72 dy=54 scroll_us=10 exposed_compose_us=11774 chrome_us=2170 tear_wait_us=5828 present_us=16220 prepare_us=10547 acquire_wait_us=20 ring_copy_us=8359 patch_us=2180 byte_swap_us=8 staging_us=4293 event_submit_us=17720 event_complete_us=20865 frame_us=33941 tear_edge_observed=1 frame_reused=1 pass=1
[01:49:38] TINYDRAW_PANSEQ_FRAME zoom=400 step=17 dx=72 dy=54 scroll_us=9 exposed_compose_us=11546 chrome_us=2158 tear_wait_us=5686 present_us=16580 prepare_us=10476 acquire_wait_us=20 ring_copy_us=8305 patch_us=2162 byte_swap_us=9 staging_us=4344 event_submit_us=17353 event_complete_us=20500 frame_us=33932 tear_edge_observed=1 frame_reused=1 pass=1
[01:49:38] TINYDRAW_PANSEQ_FRAME zoom=400 step=18 dx=72 dy=54 scroll_us=10 exposed_compose_us=11462 chrome_us=2176 tear_wait_us=5402 present_us=15949 prepare_us=10506 acquire_wait_us=19 ring_copy_us=8316 patch_us=2181 byte_swap_us=9 staging_us=4332 event_submit_us=16987 event_complete_us=20141 frame_us=32941 tear_edge_observed=1 frame_reused=1 pass=1
[01:49:38] TINYDRAW_PANSEQ_FRAME zoom=400 step=19 dx=72 dy=54 scroll_us=9 exposed_compose_us=11679 chrome_us=2181 tear_wait_us=5840 present_us=16294 prepare_us=10510 acquire_wait_us=21 ring_copy_us=8310 patch_us=2191 byte_swap_us=9 staging_us=4322 event_submit_us=17653 event_complete_us=20796 frame_us=33932 tear_edge_observed=1 frame_reused=1 pass=1
[01:49:38] TINYDRAW_PANSEQ_FRAME zoom=400 step=20 dx=-72 dy=-54 scroll_us=10 exposed_compose_us=11832 chrome_us=2185 tear_wait_us=5335 present_us=16641 prepare_us=10557 acquire_wait_us=18 ring_copy_us=8363 patch_us=2187 byte_swap_us=7 staging_us=4269 event_submit_us=17297 event_complete_us=20436 frame_us=33941 tear_edge_observed=1 frame_reused=1 pass=1
[01:49:38] TINYDRAW_PANSEQ_FRAME zoom=400 step=21 dx=-72 dy=-54 scroll_us=9 exposed_compose_us=11745 chrome_us=2172 tear_wait_us=5077 present_us=15991 prepare_us=10491 acquire_wait_us=20 ring_copy_us=8307 patch_us=2175 byte_swap_us=9 staging_us=4345 event_submit_us=16941 event_complete_us=20082 frame_us=32932 tear_edge_observed=1 frame_reused=1 pass=1
[01:49:38] TINYDRAW_PANSEQ_FRAME zoom=400 step=22 dx=-72 dy=-54 scroll_us=10 exposed_compose_us=11741 chrome_us=2161 tear_wait_us=5712 present_us=16362 prepare_us=10514 acquire_wait_us=19 ring_copy_us=8337 patch_us=2169 byte_swap_us=8 staging_us=4289 event_submit_us=17574 event_complete_us=20700 frame_us=33941 tear_edge_observed=1 frame_reused=1 pass=1
[01:49:38] TINYDRAW_PANSEQ_FRAME zoom=400 step=23 dx=-72 dy=-54 scroll_us=9 exposed_compose_us=11443 chrome_us=2196 tear_wait_us=5657 present_us=16713 prepare_us=10486 acquire_wait_us=22 ring_copy_us=8276 patch_us=2202 byte_swap_us=8 staging_us=4369 event_submit_us=17219 event_complete_us=20393 frame_us=33932 tear_edge_observed=1 frame_reused=1 pass=1
[01:49:38] TINYDRAW_PANSEQ_STRIP zoom=400 strip=0 panel_y=0 rows=44 samples=24 staging_mean_us=1342 staging_max_us=1363 wire_budget_us=1619 over_budget_us=0 pass=1
[01:49:38] TINYDRAW_PANSEQ_STRIP zoom=400 strip=1 panel_y=44 rows=44 samples=24 staging_mean_us=1237 staging_max_us=1252 wire_budget_us=1619 over_budget_us=0 pass=1
[01:49:38] TINYDRAW_PANSEQ_STRIP zoom=400 strip=2 panel_y=88 rows=44 samples=24 staging_mean_us=1181 staging_max_us=1194 wire_budget_us=1619 over_budget_us=0 pass=1
[01:49:38] TINYDRAW_PANSEQ_STRIP zoom=400 strip=3 panel_y=132 rows=44 samples=24 staging_mean_us=1180 staging_max_us=1195 wire_budget_us=1619 over_budget_us=0 pass=1
[01:49:38] TINYDRAW_PANSEQ_STRIP zoom=400 strip=4 panel_y=176 rows=44 samples=24 staging_mean_us=1181 staging_max_us=1196 wire_budget_us=1619 over_budget_us=0 pass=1
[01:49:38] TINYDRAW_PANSEQ_STRIP zoom=400 strip=5 panel_y=220 rows=44 samples=24 staging_mean_us=1160 staging_max_us=1179 wire_budget_us=1619 over_budget_us=0 pass=1
[01:49:38] TINYDRAW_PANSEQ_STRIP zoom=400 strip=6 panel_y=264 rows=44 samples=24 staging_mean_us=1333 staging_max_us=1348 wire_budget_us=1619 over_budget_us=0 pass=1
[01:49:38] TINYDRAW_PANSEQ_STRIP zoom=400 strip=7 panel_y=308 rows=44 samples=24 staging_mean_us=1321 staging_max_us=1339 wire_budget_us=1619 over_budget_us=0 pass=1
[01:49:38] TINYDRAW_PANSEQ_STRIP zoom=400 strip=8 panel_y=352 rows=20 samples=24 staging_mean_us=588 staging_max_us=610 wire_budget_us=736 over_budget_us=0 pass=1
[01:49:39] TINYDRAW_GATE1_PANSEQ zoom=400 frames=24 scroll_avg_us=9 exposed_avg_us=6779 chrome_avg_us=2175 tear_wait_avg_us=10223 present_avg_us=16309 prepare_avg_us=10509 acquire_wait_avg_us=20 ring_copy_avg_us=8319 patch_avg_us=2181 byte_swap_avg_us=8 staging_avg_us=4331 frame_avg_us=33437 frame_p50_us=33932 frame_p95_us=33941 frame_max_us=33941 complete_p50_us=20399 complete_p95_us=20865 complete_max_us=20880 tear_edge_failures=0 presentation_experiment=boundary-top-sweep te_edge=rising requested_clock_mhz=50 effective_clock_mhz=40 chrome_bottom_redraws=0 chrome_battery_redraws=0 chrome_zoom_redraws=0 chrome_minimap_base_redraws=0 strip_samples=216 staging_mean_us=1169 staging_max_us=1363 worst_strip=8 worst_strip_y=352 worst_wire_budget_us=736 worst_headroom_us=126 staging_invariant=1 pacing_pass=1 all_reused=1 pass=1
[01:49:39] TINYDRAW_GATE1_PAN_BOUNDARY zoom=100 slow_1px_trace=1 below_delta=94 below_reused=1 at_delta=96 at_reused=1 above_delta=98 above_fallback=1 pass=1
[01:49:39] TINYDRAW_GATE1_PAN_BOUNDARY zoom=400 slow_1px_trace=1 below_delta=94 below_reused=1 at_delta=96 at_reused=1 above_delta=98 above_fallback=1 pass=1
[01:49:40] TINYDRAW_GATE1_DRAW_FILL zoom=400 revision=2930 append_us=1434 poll_gap_us=96 event_submit_us=210 event_complete_us=2130 max_compute_slice_us=5546 max_display_slice_us=15043 fill_us=223188 revision_restarted=1 pass=1
[01:49:40] TINYDRAW_GATE1_CACHE_FILL zoom=50 x=63 y=63 published=56 total_us=610970 within_cold_gate=0 complete=1
[01:49:41] TINYDRAW_GATE1_CACHE_FILL zoom=100 x=63 y=63 published=56 total_us=484973 within_cold_gate=1 complete=1
[01:49:41] TINYDRAW_GATE1_CACHE_FILL zoom=200 x=63 y=63 published=56 total_us=336972 within_cold_gate=1 complete=1
[01:49:41] TINYDRAW_GATE1_CACHE_FILL zoom=400 x=63 y=63 published=56 total_us=277968 within_cold_gate=1 complete=1
[01:49:41] TINYDRAW_GATE1_CACHE_REVISIT zoom=50 remaining=0 tile_pixels=118128 fallback_pixels=0 compose_us=16082 complete_us=20181 hit=1
[01:49:41] TINYDRAW_GATE1_CACHE_REVISIT zoom=100 remaining=0 tile_pixels=164864 fallback_pixels=0 compose_us=18599 complete_us=20680 hit=1
[01:49:41] TINYDRAW_GATE1_CACHE_REVISIT zoom=200 remaining=0 tile_pixels=164864 fallback_pixels=0 compose_us=18597 complete_us=20193 hit=1
[01:49:42] TINYDRAW_GATE1_CACHE_REVISIT zoom=400 remaining=0 tile_pixels=164608 fallback_pixels=0 compose_us=18652 complete_us=20710 hit=1
[01:49:42] TINYDRAW_GATE1_CACHE_FILL zoom=400 x=575 y=575 published=56 total_us=294971 within_cold_gate=1 complete=1
[01:49:42] TINYDRAW_GATE1_CACHE_ROUND_TRIP zoom=50 from_x=63 from_y=63 via_x=575 via_y=575 remaining=0 tile_pixels=118128 fallback_pixels=0 compose_us=16118 complete_us=20583 hit=1
[01:49:42] TINYDRAW_GATE1_CACHE_ROUND_TRIP zoom=100 from_x=63 from_y=63 via_x=575 via_y=575 remaining=0 tile_pixels=164864 fallback_pixels=0 compose_us=18676 complete_us=20113 hit=1
[01:49:42] TINYDRAW_GATE1_CACHE_ROUND_TRIP zoom=200 from_x=63 from_y=63 via_x=575 via_y=575 remaining=0 tile_pixels=164864 fallback_pixels=0 compose_us=18690 complete_us=20652 hit=1
[01:49:42] TINYDRAW_GATE1_CACHE_ROUND_TRIP zoom=400 from_x=63 from_y=63 via_x=575 via_y=575 remaining=0 tile_pixels=164608 fallback_pixels=0 compose_us=18660 complete_us=20177 hit=1
[01:49:42] TINYDRAW_GATE1_CACHE_RETENTION pass=1 slots=448 revision=2930
[01:49:43] TINYDRAW_PAPER_SWEEP zoom=100 identities=644 raw=266 uniform=378 fallback=0 slots=448 total_us=1334462 pass=1
[01:49:43] TINYDRAW_RERENDER_LEDGER_RESET site=cache_tour_start
[01:49:47] TINYDRAW_GATE1_CACHE_TOUR slots=448 stops=16 forward_steps=2161 forward_tiles=832 forward_wall_us=1334920 return_missing_tiles=0 return_steps=16 return_tiles=0 return_wall_us=6179 home_missing=0 home_fallback_pixels=0 pass=1
[01:49:47] TINYDRAW_RERENDER_LEDGER site=cache_tour renders=137 unique=137 amplification=1.000 cold=137 damage=0 evict=0 stale=0 unexplained=0
[01:49:47] TINYDRAW_GATE1_MIXED_DRAW_WARM zoom=50 fill_tiles=56 fill_us=531964 raw=42 uniform=14
[01:49:48] TINYDRAW_GATE1_MIXED_DRAW_WARM zoom=100 fill_tiles=56 fill_us=405313 raw=56 uniform=0
[01:49:48] TINYDRAW_GATE1_MIXED_DRAW_WARM zoom=200 fill_tiles=56 fill_us=312569 raw=56 uniform=0
[01:49:48] TINYDRAW_GATE1_MIXED_DRAW_WARM zoom=400 fill_tiles=42 fill_us=199721 raw=42 uniform=0
[01:49:50] TINYDRAW_GATE1_MIXED_DRAW zoom=25 tool=pen chunks=50 append_max_us=141 append_avg_us=70 append_total_us=3543 affected_tiles=390 published=206 fallback=184 visible_fallback=0 drop_uni_slot=0 drop_uni_paint=0 drop_raw_edit=0 drop_raw_paint=0 off_skip=184 drain_ops=50 drain_total_us=911699 drain_max_us=31078 ph_prepare_max_us=128 ph_overview_max_us=8919 ph_enumerate_max_us=564 ph_uniform_max_us=5237 ph_raw_max_us=20 ph_offscreen_max_us=17832 ph_commit_max_us=4101 committed=1 authority=1 refresh=1 run_ok=1 pass=1
[01:49:51] TINYDRAW_GATE1_MIXED_DRAW zoom=25 tool=eraser chunks=50 append_max_us=125 append_avg_us=69 append_total_us=3461 affected_tiles=148 published=148 fallback=0 visible_fallback=0 drop_uni_slot=0 drop_uni_paint=0 drop_raw_edit=0 drop_raw_paint=0 off_skip=0 drain_ops=50 drain_total_us=821623 drain_max_us=28803 ph_prepare_max_us=115 ph_overview_max_us=9023 ph_enumerate_max_us=513 ph_uniform_max_us=30 ph_raw_max_us=13 ph_offscreen_max_us=16073 ph_commit_max_us=4034 committed=1 authority=1 refresh=1 run_ok=1 pass=1
[01:49:53] TINYDRAW_GATE1_MIXED_DRAW zoom=50 tool=pen chunks=50 append_max_us=168 append_avg_us=72 append_total_us=3634 affected_tiles=688 published=545 fallback=143 visible_fallback=0 drop_uni_slot=0 drop_uni_paint=0 drop_raw_edit=0 drop_raw_paint=0 off_skip=143 drain_ops=50 drain_total_us=1021202 drain_max_us=37946 ph_prepare_max_us=151 ph_overview_max_us=3761 ph_enumerate_max_us=561 ph_uniform_max_us=20846 ph_raw_max_us=12102 ph_offscreen_max_us=13324 ph_commit_max_us=1738 committed=1 authority=1 refresh=1 run_ok=1 pass=1
[01:49:54] TINYDRAW_GATE1_MIXED_DRAW zoom=50 tool=eraser chunks=50 append_max_us=161 append_avg_us=73 append_total_us=3696 affected_tiles=458 published=458 fallback=0 visible_fallback=0 drop_uni_slot=0 drop_uni_paint=0 drop_raw_edit=0 drop_raw_paint=0 off_skip=0 drain_ops=50 drain_total_us=881277 drain_max_us=25704 ph_prepare_max_us=145 ph_overview_max_us=3751 ph_enumerate_max_us=572 ph_uniform_max_us=21 ph_raw_max_us=12131 ph_offscreen_max_us=9712 ph_commit_max_us=1641 committed=1 authority=1 refresh=1 run_ok=1 pass=1
[01:49:56] TINYDRAW_GATE1_MIXED_DRAW zoom=100 tool=pen chunks=50 append_max_us=161 append_avg_us=74 append_total_us=3725 affected_tiles=739 published=645 fallback=94 visible_fallback=0 drop_uni_slot=0 drop_uni_paint=0 drop_raw_edit=0 drop_raw_paint=0 off_skip=94 drain_ops=50 drain_total_us=1017314 drain_max_us=33562 ph_prepare_max_us=142 ph_overview_max_us=1903 ph_enumerate_max_us=555 ph_uniform_max_us=22394 ph_raw_max_us=12122 ph_offscreen_max_us=15048 ph_commit_max_us=1086 committed=1 authority=1 refresh=1 run_ok=1 pass=1
[01:49:57] TINYDRAW_GATE1_MIXED_DRAW zoom=100 tool=eraser chunks=50 append_max_us=144 append_avg_us=70 append_total_us=3505 affected_tiles=541 published=541 fallback=0 visible_fallback=0 drop_uni_slot=0 drop_uni_paint=0 drop_raw_edit=0 drop_raw_paint=0 off_skip=0 drain_ops=50 drain_total_us=861599 drain_max_us=25552 ph_prepare_max_us=134 ph_overview_max_us=1903 ph_enumerate_max_us=571 ph_uniform_max_us=31 ph_raw_max_us=12207 ph_offscreen_max_us=12569 ph_commit_max_us=974 committed=1 authority=1 refresh=1 run_ok=1 pass=1
[01:49:59] TINYDRAW_GATE1_MIXED_DRAW zoom=200 tool=pen chunks=50 append_max_us=152 append_avg_us=71 append_total_us=3594 affected_tiles=716 published=683 fallback=33 visible_fallback=0 drop_uni_slot=0 drop_uni_paint=0 drop_raw_edit=0 drop_raw_paint=0 off_skip=33 drain_ops=50 drain_total_us=1021261 drain_max_us=27368 ph_prepare_max_us=131 ph_overview_max_us=1059 ph_enumerate_max_us=558 ph_uniform_max_us=12152 ph_raw_max_us=12184 ph_offscreen_max_us=14920 ph_commit_max_us=934 committed=1 authority=1 refresh=1 run_ok=1 pass=1
[01:50:00] TINYDRAW_GATE1_MIXED_DRAW zoom=200 tool=eraser chunks=50 append_max_us=159 append_avg_us=74 append_total_us=3710 affected_tiles=641 published=640 fallback=1 visible_fallback=0 drop_uni_slot=0 drop_uni_paint=0 drop_raw_edit=0 drop_raw_paint=0 off_skip=1 drain_ops=50 drain_total_us=961114 drain_max_us=25874 ph_prepare_max_us=143 ph_overview_max_us=1081 ph_enumerate_max_us=578 ph_uniform_max_us=28 ph_raw_max_us=12127 ph_offscreen_max_us=14856 ph_commit_max_us=892 committed=1 authority=1 refresh=1 run_ok=1 pass=1
[01:50:03] TINYDRAW_GATE1_MIXED_DRAW zoom=400 tool=pen chunks=50 append_max_us=147 append_avg_us=70 append_total_us=3517 affected_tiles=743 published=743 fallback=0 visible_fallback=0 drop_uni_slot=0 drop_uni_paint=0 drop_raw_edit=0 drop_raw_paint=0 off_skip=0 drain_ops=50 drain_total_us=1009313 drain_max_us=23884 ph_prepare_max_us=129 ph_overview_max_us=738 ph_enumerate_max_us=717 ph_uniform_max_us=4030 ph_raw_max_us=12119 ph_offscreen_max_us=10014 ph_commit_max_us=808 committed=1 authority=1 refresh=1 run_ok=1 pass=1
[01:50:04] TINYDRAW_GATE1_MIXED_DRAW zoom=400 tool=eraser chunks=50 append_max_us=148 append_avg_us=73 append_total_us=3682 affected_tiles=746 published=746 fallback=0 visible_fallback=0 drop_uni_slot=0 drop_uni_paint=0 drop_raw_edit=0 drop_raw_paint=0 off_skip=0 drain_ops=50 drain_total_us=1003567 drain_max_us=23835 ph_prepare_max_us=133 ph_overview_max_us=730 ph_enumerate_max_us=716 ph_uniform_max_us=38 ph_raw_max_us=12161 ph_offscreen_max_us=9961 ph_commit_max_us=805 committed=1 authority=1 refresh=1 run_ok=1 pass=1
[01:50:04] TINYDRAW_GATE1_MIXED_DRAW_REVISIT zoom=50 missing=0 refill_tiles=0 refill_us=377
[01:50:04] TINYDRAW_GATE1_MIXED_DRAW_REVISIT zoom=100 missing=0 refill_tiles=0 refill_us=378
[01:50:04] TINYDRAW_GATE1_MIXED_DRAW_REVISIT zoom=200 missing=0 refill_tiles=0 refill_us=378
[01:50:04] TINYDRAW_GATE1_MIXED_DRAW_REVISIT zoom=400 missing=0 refill_tiles=0 refill_us=315
[01:50:04] TINYDRAW_GATE1_MIXED_DRAW_SUMMARY slots=448 strokes=10 worst_append_us=168 pass=1
[01:50:10] TINYDRAW_GATE1_IDLE_REPAIR damaged=588 remaining=0 plan_views=24 steps=4382 repair_us=3896312 worst_step_us=5533 warm_tiles=56 pass=1
[01:50:11] TINYDRAW_INKTRACE trace=fast-curve-dense-25 zoom=25 events=411 consumed=392 coalesced=19 down=1/1 up=1/1 max_time_gap_us=4074 max_space_gap_px=55.33 e2c_p50=505 e2c_p95=1570 e2c_max=1579 e2g_p95=773 e2s_p95=2551 e2d_p50=2257 e2d_p95=3400 e2d_max=3650 latency_samples=33 presentation_failures=0 commit_failures=0 overflows=0 revision=3482 fb_tiles=0 fb_start=0 fb_mid_max=0 fb_up_max=0 fb_end=0 drop_uni_slot=0 drop_uni_paint=0 drop_raw_edit=0 drop_raw_paint=0 off_skip=60 drain_ops=2 drain_max_us=37206 latency_pass=1 pass=1
[01:50:11] TINYDRAW_INKTRACE trace=fast-curve-400 zoom=400 events=414 consumed=368 coalesced=46 down=1/1 up=1/1 max_time_gap_us=4409 max_space_gap_px=65.51 e2c_p50=505 e2c_p95=1036 e2c_max=2009 e2g_p95=773 e2s_p95=2758 e2d_p50=2386 e2d_p95=3953 e2d_max=3957 latency_samples=33 presentation_failures=0 commit_failures=0 overflows=0 revision=3484 fb_tiles=42 fb_start=30 fb_mid_max=30 fb_up_max=30 fb_end=30 drop_uni_slot=0 drop_uni_paint=0 drop_raw_edit=0 drop_raw_paint=0 off_skip=0 drain_ops=2 drain_max_us=10928 latency_pass=1 pass=1
[01:50:14] TINYDRAW_INKTRACE trace=fast-curve-400-xl zoom=400 events=2296 consumed=1966 coalesced=330 down=1/1 up=1/1 max_time_gap_us=5078 max_space_gap_px=47.85 e2c_p50=505 e2c_p95=505 e2c_max=1574 e2g_p95=778 e2s_p95=2905 e2d_p50=3145 e2d_p95=4446 e2d_max=5483 latency_samples=172 presentation_failures=0 commit_failures=0 overflows=0 revision=3490 fb_tiles=42 fb_start=30 fb_mid_max=30 fb_up_max=30 fb_end=30 drop_uni_slot=0 drop_uni_paint=0 drop_raw_edit=0 drop_raw_paint=0 off_skip=0 drain_ops=6 drain_max_us=15330 latency_pass=1 pass=1
[01:50:15] TINYDRAW_INKTRACE trace=slow-precise-100 zoom=100 events=741 consumed=698 coalesced=43 down=1/1 up=1/1 max_time_gap_us=2998 max_space_gap_px=13.45 e2c_p50=505 e2c_p95=1042 e2c_max=1909 e2g_p95=777 e2s_p95=1766 e2d_p50=1904 e2d_p95=2247 e2d_max=2276 latency_samples=53 presentation_failures=0 commit_failures=0 overflows=0 revision=3492 fb_tiles=42 fb_start=20 fb_mid_max=20 fb_up_max=20 fb_end=20 drop_uni_slot=0 drop_uni_paint=0 drop_raw_edit=0 drop_raw_paint=0 off_skip=0 drain_ops=2 drain_max_us=13218 latency_pass=1 pass=1
[01:50:18] TINYDRAW_INKTRACE trace=scribble-multistroke zoom=100 events=848 consumed=736 coalesced=112 down=7/7 up=7/7 max_time_gap_us=6074 max_space_gap_px=109.46 e2c_p50=505 e2c_p95=578 e2c_max=2028 e2g_p95=773 e2s_p95=3456 e2d_p50=3083 e2d_p95=5317 e2d_max=6170 latency_samples=55 presentation_failures=0 commit_failures=0 overflows=0 revision=3499 fb_tiles=42 fb_start=20 fb_mid_max=20 fb_up_max=20 fb_end=20 drop_uni_slot=0 drop_uni_paint=0 drop_raw_edit=0 drop_raw_paint=0 off_skip=0 drain_ops=7 drain_max_us=17685 latency_pass=1 pass=1
[01:50:19] TINYDRAW_HAIRLINE_DOC ops=782 samples=8061 append_total_us=1052215 append_max_us=7219
[01:50:19] TINYDRAW_GATE1_PACED_COLD corpus=evil_hairlines_capacity zoom=100 x=552 y=672 steps=239 tiles=56 compute_us=235715 present_us=74707 touch_us=587 pacing_us=6981 wall_us=317990 maximum_wall_us=500000 max_tick_us=9324 touch_samples=47569 touch_interval_max_us=2097 touch_read_max_us=625 touch_events=0 touch_down=0 touch_up=0 touch_events_ge_8ms=0 touch_event_age_max_us=0 touch_errors=0 touch_overflows=0 pass=1
[01:50:19] TINYDRAW_GATE1_PACED_COLD corpus=evil_hairlines_capacity zoom=400 x=2760 y=3360 steps=212 tiles=48 compute_us=135841 present_us=74588 touch_us=467 pacing_us=6081 wall_us=216977 maximum_wall_us=500000 max_tick_us=8842 touch_samples=283 touch_interval_max_us=1962 touch_read_max_us=482 touch_events=0 touch_down=0 touch_up=0 touch_events_ge_8ms=0 touch_event_age_max_us=0 touch_errors=0 touch_overflows=0 pass=1
[01:50:22] TINYDRAW_HAIRLINE_REPAIR steps=2353 wall_us=2195037 worst_step_us=5424 resident=406/448 grid_stopped=1 pass2_steps=8 pass2_wall_us=2288 no_churn=1
[01:50:23] TINYDRAW_HAIRLINE_TOUR stops=8 total_us=899479 worst_stop_us=188174 worst_step_us=6390
[01:50:23] TINYDRAW_GATE1_HAIRLINE raw=339 uniform=73 fallback=232 capacity=448 worst_step_us=6390 grid_stopped=1 pass=1
[01:50:25] TINYDRAW_GATE1_LONG_GESTURE path=reference samples=1600 chunks=26 append_total_us=923220 append_max_us=43519 append_avg_us=35508 refresh_fallback_pixels=0 settled_fallback_pixels=0 committed=1 authority=1 refresh=1 run_ok=1
[01:50:25] TINYDRAW_GATE1_LONG_GESTURE path=in_place samples=1600 chunks=52 append_total_us=595855 append_max_us=13950 append_avg_us=11458 refresh_fallback_pixels=0 settled_fallback_pixels=0 committed=1 authority=1 refresh=1 run_ok=1
[01:50:26] TINYDRAW_GATE1_EXPORT format=svg encoded=1 bytes=157660 elapsed_us=1028870 workspace_bytes=4096 operations=52 sink_calls=155 flash_pages=39 crc32=140c70b9 free_psram=1818936 free_internal=176304 prolog=1 dimensions=1 terminator=1 crc_ok=1 paths=52 path_only=1 pass=1
[01:50:26] TINYDRAW_EXPORT_RESERVE requested=1572864 free_before=1818936 largest_before=1802240 free_held=246068 largest_held=245760 pass=1
[01:50:27] TINYDRAW_RERENDER_LEDGER site=final renders=0 unique=0 amplification=0.000 cold=0 damage=0 evict=0 stale=0 unexplained=0
[01:50:27] TINYDRAW_GATE1_AUTOMATED_DONE minimap_navigation=1 zoom_cycle_return=1 zoom_overlay_pan=1 color_dialog=1 stress=1 stress_100=1 stress_400=1 overlap_ready=1 overlap_cold=0 general_cold_ready=1 general_cold=0 workload=1 paced_cold=1 hard_100=1 hard_400=1 pan_100=1 pan_400=1 pan_seq=1 pan_boundary=1 live_overlay=1 draw_fill=1 cache=1 full_world_cache=1 cache_tour=1 mixed_draw=1 idle_repair=1 ink_trace=1 hairline_capacity=1 long_gesture=1 export_encode=1 export_reserve=1 return=1 ssaa_receipt=yellow
[01:50:27] TINYDRAW_VECTOR_V2_GATE_HARNESS_DONE pass=0
[01:50:27] TINYDRAW_VECTOR_V2_READY zoom=25 controls=chrome button=cycle_all_zooms operations_capacity=4000 samples_capacity=80000 live_storage_bytes=6383640 overview_bytes=1318912 raw_tile_bytes=3670016 tile_metadata_bytes=101360 operation_bytes=720000 live_scratch_bytes=573352 free_psram=1818936 largest_psram=1802240 te_edges=3809 te_period_us=16806 te_high_us=579 te_level=1 main_stack_free=2264
[01:50:29] TINYDRAW_LIVE_SETTLE zoom=25 tiles=42 total_us=149319 max_tile_us=74768 failures=0
