[09:22:47] I (103) esp_image: segment 0: paddr=00010020 vaddr=3c050020 sizeESP-ROM:esp32s3-20210327
[09:22:47] Build:Mar 27 2021
[09:22:47] rst:0x15 (USB_UART_CHIP_RESET),boot:0x2b (SPI_FAST_FLASH_BOOT)
[09:22:47] Saved PC:0x4037b802
[09:22:47] SPIWP:0xee
[09:22:47] mode:DIO, clock div:1
[09:22:47] load:0x3fce2820,len:0x1664
[09:22:47] load:0x403c8700,len:0xf38
[09:22:47] load:0x403cb700,len:0x31e8
[09:22:47] entry 0x403c8930
[09:22:47] I (24) boot: ESP-IDF v6.0.2 2nd stage bootloader
[09:22:47] I (24) boot: compile time Aug 16 2026 00:18:14
[09:22:47] I (25) boot: Multicore bootloader
[09:22:47] I (25) boot: chip revision: v0.2
[09:22:47] I (28) boot: efuse block revision: v1.3
[09:22:47] I (31) qio_mode: Enabling default flash chip QIO
[09:22:47] I (36) boot.esp32s3: Boot SPI Speed : 80MHz
[09:22:47] I (39) boot.esp32s3: SPI Mode       : QIO
[09:22:47] I (43) boot.esp32s3: SPI Flash Size : 16MB
[09:22:47] I (47) boot: Enabling RNG early entropy source...
[09:22:47] I (51) boot: Partition Table:
[09:22:47] I (54) boot: ## Label            Usage          Type ST Offset   Length
[09:22:47] I (60) boot:  0 nvs              WiFi data        01 02 00009000 00006000
[09:22:47] I (67) boot:  1 phy_init         RF data          01 01 0000f000 00001000
[09:22:47] I (73) boot:  2 factory          factory app      00 00 00010000 00100000
[09:22:47] I (80) boot:  3 drawing          Unknown data     01 40 00110000 00300000
[09:22:47] I (86) boot:  4 export           Unknown data     01 41 00410000 00500000
[09:22:47] I (93) boot:  5 coredump         Unknown data     01 03 00910000 00010000
[09:22:47] I (100) boot: End of partition table
[09:22:47] I (103) esp_image: segment 0: paddr=00010020 vaddr=3c050020 size=1487ch ( 84092) map
[09:22:47] I (123) esp_image: segment 1: paddr=000248a4 vaddr=3fc94500 size=03764h ( 14180) load
[09:22:47] I (126) esp_image: segment 2: paddr=00028010 vaddr=40374000 size=08008h ( 32776) load
[09:22:47] I (134) esp_image: segment 3: paddr=00030020 vaddr=42000020 size=48904h (297220) map
[09:22:47] I (181) esp_image: segment 4: paddr=0007892c vaddr=4037c008 size=084b8h ( 33976) load
[09:22:47] I (188) esp_image: segment 5: paddr=00080dec vaddr=50000000 size=00024h (    36) load
[09:22:47] I (195) boot: Loaded app from partition at offset 0x10000
[09:22:47] I (196) boot: Disabling RNG early entropy source...
[09:22:47] I (206) octal_psram: vendor id    : 0x0d (AP)
[09:22:47] I (206) octal_psram: dev id       : 0x02 (generation 3)
[09:22:47] I (206) octal_psram: density      : 0x03 (64 Mbit)
[09:22:47] I (208) octal_psram: good-die     : 0x01 (Pass)
[09:22:47] I (213) octal_psram: Latency      : 0x01 (Fixed)
[09:22:47] I (217) octal_psram: VCC          : 0x01 (3V)
[09:22:47] I (221) octal_psram: SRF          : 0x01 (Fast Refresh)
[09:22:47] I (226) octal_psram: BurstType    : 0x01 (Hybrid Wrap)
[09:22:47] I (231) octal_psram: BurstLen     : 0x01 (32 Byte)
[09:22:47] I (235) octal_psram: Readlatency  : 0x02 (10 cycles@Fixed)
[09:22:47] I (241) octal_psram: DriveStrength: 0x00 (1/1)
[09:22:47] I (245) MSPI Timing: Enter psram timing tuning
[09:22:47] I (250) esp_psram: Found 8MB PSRAM device
[09:22:47] I (253) esp_psram: Speed: 80MHz
[09:22:47] I (256) cpu_start: Multicore app
[09:22:47] I (672) esp_psram: SPI SRAM memory test OK
[09:22:47] I (680) cpu_start: GPIO 44 and 43 are used as console UART I/O pins
[09:22:47] I (680) cpu_start: Pro cpu start user code
[09:22:47] I (680) cpu_start: cpu freq: 240000000 Hz
[09:22:47] I (682) app_init: Application information:
[09:22:47] I (686) app_init: Project name:     tinydraw_esp32
[09:22:47] I (690) app_init: App version:      52f63e0-dirty
[09:22:47] I (695) app_init: Compile time:     Aug 16 2026 09:22:20
[09:22:47] I (700) app_init: ELF file SHA256:  ff45e145b...
[09:22:47] I (704) app_init: ESP-IDF:          v6.0.2
[09:22:47] I (708) efuse_init: Min chip rev:     v0.0
[09:22:47] I (712) efuse_init: Max chip rev:     v0.99 
[09:22:47] I (716) efuse_init: Chip rev:         v0.2
[09:22:47] I (720) heap_init: Initializing. RAM available for dynamic allocation:
[09:22:47] I (726) heap_init: At 3FC99090 len 00050680 (321 KiB): RAM
[09:22:47] I (731) heap_init: At 3FCE9710 len 00005724 (21 KiB): RAM
[09:22:47] I (736) heap_init: At 3FCF0000 len 00008000 (32 KiB): DRAM
[09:22:47] I (741) heap_init: At 600FE000 len 00001FE8 (7 KiB): RTCRAM
[09:22:47] I (747) esp_psram: Adding pool of 8192K of PSRAM memory to heap allocator
[09:22:47] I (754) spi_flash: detected chip: generic
[09:22:47] I (757) spi_flash: flash io: qio
[09:22:47] I (760) sleep_gpio: Configure to isolate all GPIO pins in sleep state
[09:22:47] I (766) sleep_gpio: Enable automatic switching of GPIO sleep configuration
[09:22:47] I (773) main_task: Started on CPU0
[09:22:47] I (776) main_task: Calling app_main()
[09:22:47] TINYDRAW_PANEL_HARD_RESET=1
[09:22:47] TINYDRAW_PANEL_TRANSPORT requested_clock_mhz=50 effective_clock_mhz=40
[09:22:47] I (974) co5300: version: 2.1.0
[09:22:47] I (974) co5300_spi: LCD panel create success, version: 2.1.0
[09:22:47] W (1059) co5300_spi: The 3Ah command has been used and will be overwritten by external initialization sequence
[09:22:47] I (1160) CST816S: IC id: 183
[09:22:47] TINYDRAW_VECTOR_V2_PRESENTATION experiment=boundary-top-sweep te_edge=rising requested_clock_mhz=50 effective_clock_mhz=40 optical_acceptance=external_manual
[09:22:48] TINYDRAW_LIVE_PRESENT kind=startup zoom=25 x=0 y=0 compose_us=26076 scroll_us=0 exposed_compose_us=0 chrome_us=16978 read_submit_us=0 read_complete_us=0 transfer_wait_us=33103 tile_pixels=0 uniform_pixels=0 overview_pixels=164864 fallback_pixels=0 resident_tiles=0 fallback_tiles=0 pushes=11 tear_wait_us=12295 tear_edge_isr_to_resume_us=12 tear_edge_observed=1 tear_edge_wait_resumed=1 tear_edge_timeout=0 tear_heal_attempted=0 tear_heal_command_sent=0 presentation_experiment=boundary-top-sweep te_edge=rising requested_clock_mhz=50 effective_clock_mhz=40 frame_reused=0 pass=1
[09:22:48] TINYDRAW_LIVE_STRESS operations=1000 samples=20000 total_us=443575 average_us=443 maximum_us=784 free_psram=1879376 largest_psram=1867776
[09:22:48] TINYDRAW_LIVE_PRESENT kind=gate_fallback zoom=100 x=0 y=0 compose_us=16171 scroll_us=0 exposed_compose_us=0 chrome_us=10851 read_submit_us=19949 read_complete_us=29952 transfer_wait_us=26646 tile_pixels=0 uniform_pixels=0 overview_pixels=0 fallback_pixels=164864 resident_tiles=0 fallback_tiles=42 pushes=11 tear_wait_us=3647 tear_edge_isr_to_resume_us=12 tear_edge_observed=1 tear_edge_wait_resumed=1 tear_edge_timeout=0 tear_heal_attempted=0 tear_heal_command_sent=0 presentation_experiment=boundary-top-sweep te_edge=rising requested_clock_mhz=50 effective_clock_mhz=40 frame_reused=0 pass=1
[09:22:48] TINYDRAW_GATE1_HARD zoom=100 cold=1 operations=1000 samples=20000 steps=192 tiles=42 scanned=12000 rendered=1659 max_supertask_us=9817 presentation_us=70790 total_us=279277 maximum_wall_us=500000 pass=1
[09:22:48] TINYDRAW_LIVE_PRESENT kind=gate_fallback zoom=400 x=0 y=0 compose_us=15626 scroll_us=0 exposed_compose_us=0 chrome_us=6348 read_submit_us=31094 read_complete_us=36798 transfer_wait_us=23200 tile_pixels=0 uniform_pixels=0 overview_pixels=0 fallback_pixels=164864 resident_tiles=0 fallback_tiles=42 pushes=11 tear_wait_us=15314 tear_edge_isr_to_resume_us=14 tear_edge_observed=1 tear_edge_wait_resumed=1 tear_edge_timeout=0 tear_heal_attempted=0 tear_heal_command_sent=0 presentation_experiment=boundary-top-sweep te_edge=rising requested_clock_mhz=50 effective_clock_mhz=40 frame_reused=0 pass=1
[09:22:49] TINYDRAW_GATE1_HARD zoom=400 cold=1 operations=1000 samples=20000 steps=196 tiles=42 scanned=12000 rendered=120 max_supertask_us=9135 presentation_us=67669 total_us=214353 maximum_wall_us=500000 pass=1
[09:22:49] TINYDRAW_OVERLAP_WORKLOAD operations=8 samples=1200 radius_world=80
[09:22:50] TINYDRAW_GATE1_PACED_COLD corpus=overlap zoom=50 x=215 y=255 steps=334 tiles=56 compute_us=376745 present_us=89129 touch_us=515 pacing_us=8150 wall_us=474539 maximum_wall_us=500000 max_tick_us=10412 touch_samples=2269 touch_interval_max_us=1929 touch_read_max_us=585 touch_events=0 touch_down=0 touch_up=0 touch_events_ge_8ms=0 touch_event_age_max_us=0 touch_errors=0 touch_overflows=0 pass=1
[09:22:50] TINYDRAW_GATE1_PACED_COLD corpus=overlap zoom=100 x=583 y=703 steps=172 tiles=48 compute_us=237458 present_us=82201 touch_us=370 pacing_us=5956 wall_us=325985 maximum_wall_us=500000 max_tick_us=10254 touch_samples=402 touch_interval_max_us=1779 touch_read_max_us=522 touch_events=0 touch_down=0 touch_up=0 touch_events_ge_8ms=0 touch_event_age_max_us=0 touch_errors=0 touch_overflows=0 pass=1
[09:22:51] TINYDRAW_GATE1_PACED_COLD corpus=overlap zoom=200 x=1319 y=1599 steps=128 tiles=56 compute_us=241307 present_us=87043 touch_us=360 pacing_us=5267 wall_us=333977 maximum_wall_us=500000 max_tick_us=10382 touch_samples=410 touch_interval_max_us=1920 touch_read_max_us=494 touch_events=0 touch_down=0 touch_up=0 touch_events_ge_8ms=0 touch_event_age_max_us=0 touch_errors=0 touch_overflows=0 pass=1
[09:22:51] TINYDRAW_GATE1_PACED_COLD corpus=overlap zoom=400 x=2791 y=3391 steps=94 tiles=56 compute_us=226991 present_us=83475 touch_us=354 pacing_us=5160 wall_us=315980 maximum_wall_us=500000 max_tick_us=10310 touch_samples=385 touch_interval_max_us=1164 touch_read_max_us=435 touch_events=0 touch_down=0 touch_up=0 touch_events_ge_8ms=0 touch_event_age_max_us=0 touch_errors=0 touch_overflows=0 pass=1
[09:22:51] TINYDRAW_ADVERSARIAL_TAPERED_WORKLOAD operations=128 samples=4096 erasers=12 load_us=219572 appended=1
[09:22:52] TINYDRAW_GATE1_PACED_COLD corpus=adversarial_tapered_4x zoom=50 x=0 y=0 steps=104 tiles=42 compute_us=97387 present_us=66391 touch_us=193 pacing_us=4007 wall_us=167978 maximum_wall_us=500000 max_tick_us=7659 touch_samples=495 touch_interval_max_us=1150 touch_read_max_us=433 touch_events=0 touch_down=0 touch_up=0 touch_events_ge_8ms=0 touch_event_age_max_us=0 touch_errors=0 touch_overflows=0 pass=1
[09:22:52] TINYDRAW_GATE1_PACED_COLD corpus=adversarial_tapered_4x zoom=100 x=0 y=0 steps=348 tiles=42 compute_us=160173 present_us=63018 touch_us=232 pacing_us=6530 wall_us=229953 maximum_wall_us=500000 max_tick_us=9388 touch_samples=310 touch_interval_max_us=1136 touch_read_max_us=421 touch_events=0 touch_down=0 touch_up=0 touch_events_ge_8ms=0 touch_event_age_max_us=0 touch_errors=0 touch_overflows=0 pass=1
[09:22:53] TINYDRAW_GATE1_PACED_COLD corpus=adversarial_tapered_4x zoom=200 x=0 y=0 steps=1214 tiles=42 compute_us=445928 present_us=65382 touch_us=405 pacing_us=15266 wall_us=526981 maximum_wall_us=500000 max_tick_us=10436 touch_samples=599 touch_interval_max_us=1156 touch_read_max_us=434 touch_events=0 touch_down=0 touch_up=0 touch_events_ge_8ms=0 touch_event_age_max_us=0 touch_errors=0 touch_overflows=0 pass=0
[09:22:53] TINYDRAW_GATE1_PACED_COLD corpus=adversarial_tapered_4x zoom=400 x=0 y=0 steps=904 tiles=42 compute_us=553487 present_us=71008 touch_us=481 pacing_us=13945 wall_us=638921 maximum_wall_us=500000 max_tick_us=10213 touch_samples=717 touch_interval_max_us=1168 touch_read_max_us=457 touch_events=0 touch_down=0 touch_up=0 touch_events_ge_8ms=0 touch_event_age_max_us=0 touch_errors=0 touch_overflows=0 pass=0
[09:22:54] TINYDRAW_GATE1_WORKLOAD kind=realistic seed=7 operations=1000 samples=19844 maximum_stroke=198 load_us=363399 raw_source=1 lod_copies=0
[09:22:54] TINYDRAW_GATE1_PACED_COLD corpus=seed7 zoom=400 x=63 y=63 steps=281 tiles=56 compute_us=283561 present_us=85916 touch_us=388 pacing_us=8127 wall_us=377992 maximum_wall_us=500000 max_tick_us=13074 touch_samples=934 touch_interval_max_us=1509 touch_read_max_us=461 touch_events=0 touch_down=0 touch_up=0 touch_events_ge_8ms=0 touch_event_age_max_us=0 touch_errors=0 touch_overflows=0 pass=1
[09:22:54] TINYDRAW_LIVE_PRESENT kind=gate_fallback zoom=100 x=0 y=0 compose_us=16595 scroll_us=0 exposed_compose_us=0 chrome_us=6602 read_submit_us=27493 read_complete_us=33195 transfer_wait_us=22520 tile_pixels=0 uniform_pixels=0 overview_pixels=0 fallback_pixels=164864 resident_tiles=0 fallback_tiles=42 pushes=11 tear_wait_us=10766 tear_edge_isr_to_resume_us=12 tear_edge_observed=1 tear_edge_wait_resumed=1 tear_edge_timeout=0 tear_heal_attempted=0 tear_heal_command_sent=0 presentation_experiment=boundary-top-sweep te_edge=rising requested_clock_mhz=50 effective_clock_mhz=40 frame_reused=0 pass=1
[09:22:55] TINYDRAW_GATE1_HARD zoom=100 cold=1 operations=1000 samples=19844 steps=275 tiles=42 scanned=12000 rendered=5232 max_supertask_us=9946 presentation_us=70246 total_us=382940 maximum_wall_us=500000 pass=1
[09:22:55] TINYDRAW_GATE1_OVERLAY_CANVAS regions=zoom,minimap,toolbar,battery operations=4 presentation_mutations=0 authority=1 pass=1
[09:22:55] TINYDRAW_GATE1_LIVE_OVERLAY clear_updates=47 clear_wall_max_us=2939 clear_submit_max_us=1828 clear_complete_max_us=2186 overlay_updates=47 overlay_wall_max_us=2933 overlay_submit_max_us=2062 overlay_complete_max_us=2393 overlay_chrome_max_us=226 clear_failures=0 overlay_failures=0 pass=1
[09:22:55] TINYDRAW_EDGE_INK corners=4 edge_failures=0 pass=1
[09:22:56] TINYDRAW_GATE1_PAN zoom=100 from_x=0 from_y=0 to_x=88 to_y=88 compose_us=16189 scroll_us=13 exposed_compose_us=16176 chrome_us=2353 event_submit_us=25210 event_complete_us=28540 transfer_us=16796 setup=1 present=1 moved=1 frame_reused=1 pass=1
[09:22:56] TINYDRAW_LIVE_PRESENT kind=gate_fallback zoom=400 x=0 y=0 compose_us=15656 scroll_us=0 exposed_compose_us=0 chrome_us=6372 read_submit_us=23134 read_complete_us=28786 transfer_wait_us=22313 tile_pixels=0 uniform_pixels=0 overview_pixels=0 fallback_pixels=164864 resident_tiles=0 fallback_tiles=42 pushes=11 tear_wait_us=7358 tear_edge_isr_to_resume_us=12 tear_edge_observed=1 tear_edge_wait_resumed=1 tear_edge_timeout=0 tear_heal_attempted=0 tear_heal_command_sent=0 presentation_experiment=boundary-top-sweep te_edge=rising requested_clock_mhz=50 effective_clock_mhz=40 frame_reused=0 pass=1
[09:22:56] TINYDRAW_GATE1_HARD zoom=400 cold=1 operations=1008 samples=19852 steps=217 tiles=42 scanned=12096 rendered=592 max_supertask_us=11343 presentation_us=69931 total_us=276205 maximum_wall_us=500000 pass=1
[09:22:56] TINYDRAW_GATE1_PAN zoom=400 from_x=0 from_y=0 to_x=88 to_y=88 compose_us=16169 scroll_us=12 exposed_compose_us=16157 chrome_us=2141 event_submit_us=29836 event_complete_us=33113 transfer_us=16171 setup=1 present=1 moved=1 frame_reused=1 pass=1
[09:23:00] TINYDRAW_PANSEQ_FRAME zoom=100 step=0 dx=24 dy=18 scroll_us=15 exposed_compose_us=4859 chrome_us=2353 tear_wait_us=5965 present_us=16016 prepare_us=11045 acquire_wait_us=36 ring_copy_us=8646 patch_us=2388 byte_swap_us=11 staging_us=3949 event_submit_us=10959 event_complete_us=14247 frame_us=26966 tear_edge_observed=1 frame_reused=1 pass=1
[09:23:00] TINYDRAW_PANSEQ_FRAME zoom=100 step=1 dx=24 dy=18 scroll_us=14 exposed_compose_us=4951 chrome_us=2353 tear_wait_us=12449 present_us=16402 prepare_us=10940 acquire_wait_us=36 ring_copy_us=8546 patch_us=2384 byte_swap_us=10 staging_us=4007 event_submit_us=17523 event_complete_us=20760 frame_us=33922 tear_edge_observed=1 frame_reused=1 pass=1
[09:23:00] TINYDRAW_PANSEQ_FRAME zoom=100 step=2 dx=24 dy=18 scroll_us=14 exposed_compose_us=4571 chrome_us=2360 tear_wait_us=12451 present_us=16792 prepare_us=11000 acquire_wait_us=44 ring_copy_us=8606 patch_us=2384 byte_swap_us=10 staging_us=4002 event_submit_us=17135 event_complete_us=20422 frame_us=33936 tear_edge_observed=1 frame_reused=1 pass=1
[09:23:00] TINYDRAW_PANSEQ_FRAME zoom=100 step=3 dx=24 dy=18 scroll_us=15 exposed_compose_us=5115 chrome_us=2311 tear_wait_us=11522 present_us=16159 prepare_us=10960 acquire_wait_us=34 ring_copy_us=8617 patch_us=2334 byte_swap_us=9 staging_us=3996 event_submit_us=16755 event_complete_us=19997 frame_us=32915 tear_edge_observed=1 frame_reused=1 pass=1
[09:23:00] TINYDRAW_PANSEQ_FRAME zoom=100 step=4 dx=24 dy=18 scroll_us=14 exposed_compose_us=4707 chrome_us=2365 tear_wait_us=12563 present_us=16539 prepare_us=10953 acquire_wait_us=30 ring_copy_us=8556 patch_us=2386 byte_swap_us=11 staging_us=4000 event_submit_us=17390 event_complete_us=20659 frame_us=33926 tear_edge_observed=1 frame_reused=1 pass=1
[09:23:00] TINYDRAW_PANSEQ_FRAME zoom=100 step=5 dx=24 dy=18 scroll_us=15 exposed_compose_us=4964 chrome_us=2327 tear_wait_us=11939 present_us=16902 prepare_us=10955 acquire_wait_us=39 ring_copy_us=8592 patch_us=2352 byte_swap_us=11 staging_us=4006 event_submit_us=17024 event_complete_us=20270 frame_us=33925 tear_edge_observed=1 frame_reused=1 pass=1
[09:23:00] TINYDRAW_PANSEQ_FRAME zoom=100 step=6 dx=24 dy=18 scroll_us=14 exposed_compose_us=4542 chrome_us=2334 tear_wait_us=12020 present_us=16247 prepare_us=11033 acquire_wait_us=42 ring_copy_us=8665 patch_us=2360 byte_swap_us=8 staging_us=3938 event_submit_us=16680 event_complete_us=19925 frame_us=32926 tear_edge_observed=1 frame_reused=1 pass=1
[09:23:00] TINYDRAW_PANSEQ_FRAME zoom=100 step=7 dx=24 dy=18 scroll_us=15 exposed_compose_us=5000 chrome_us=2330 tear_wait_us=12185 present_us=16621 prepare_us=10908 acquire_wait_us=31 ring_copy_us=8545 patch_us=2353 byte_swap_us=10 staging_us=4034 event_submit_us=17304 event_complete_us=20534 frame_us=33924 tear_edge_observed=1 frame_reused=1 pass=1
[09:23:00] TINYDRAW_PANSEQ_FRAME zoom=100 step=8 dx=24 dy=18 scroll_us=15 exposed_compose_us=5001 chrome_us=2328 tear_wait_us=11826 present_us=15980 prepare_us=10957 acquire_wait_us=37 ring_copy_us=8594 patch_us=2350 byte_swap_us=13 staging_us=4012 event_submit_us=16948 event_complete_us=20190 frame_us=32926 tear_edge_observed=1 frame_reused=1 pass=1
[09:23:00] TINYDRAW_PANSEQ_FRAME zoom=100 step=9 dx=24 dy=18 scroll_us=15 exposed_compose_us=5002 chrome_us=2366 tear_wait_us=12437 present_us=16366 prepare_us=10945 acquire_wait_us=33 ring_copy_us=8550 patch_us=2386 byte_swap_us=9 staging_us=4010 event_submit_us=17559 event_complete_us=20816 frame_us=33925 tear_edge_observed=1 frame_reused=1 pass=1
[09:23:00] TINYDRAW_PANSEQ_FRAME zoom=100 step=10 dx=24 dy=18 scroll_us=14 exposed_compose_us=4683 chrome_us=2339 tear_wait_us=12373 present_us=16752 prepare_us=10982 acquire_wait_us=30 ring_copy_us=8608 patch_us=2362 byte_swap_us=12 staging_us=4023 event_submit_us=17175 event_complete_us=20458 frame_us=33926 tear_edge_observed=1 frame_reused=1 pass=1
[09:23:00] TINYDRAW_PANSEQ_FRAME zoom=100 step=11 dx=24 dy=18 scroll_us=14 exposed_compose_us=5436 chrome_us=2339 tear_wait_us=11224 present_us=16135 prepare_us=11006 acquire_wait_us=46 ring_copy_us=8633 patch_us=2362 byte_swap_us=11 staging_us=3959 event_submit_us=16778 event_complete_us=20030 frame_us=32914 tear_edge_observed=1 frame_reused=1 pass=1
[09:23:00] TINYDRAW_PANSEQ_FRAME zoom=100 step=12 dx=24 dy=18 scroll_us=14 exposed_compose_us=4757 chrome_us=2366 tear_wait_us=12531 present_us=16522 prepare_us=10934 acquire_wait_us=33 ring_copy_us=8535 patch_us=2388 byte_swap_us=11 staging_us=4012 event_submit_us=17414 event_complete_us=20669 frame_us=33926 tear_edge_observed=1 frame_reused=1 pass=1
[09:23:00] TINYDRAW_PANSEQ_FRAME zoom=100 step=13 dx=24 dy=18 scroll_us=15 exposed_compose_us=5019 chrome_us=2328 tear_wait_us=11894 present_us=16894 prepare_us=10955 acquire_wait_us=29 ring_copy_us=8583 patch_us=2362 byte_swap_us=10 staging_us=3997 event_submit_us=17031 event_complete_us=20266 frame_us=33925 tear_edge_observed=1 frame_reused=1 pass=1
[09:23:00] TINYDRAW_PANSEQ_FRAME zoom=100 step=14 dx=24 dy=18 scroll_us=14 exposed_compose_us=4816 chrome_us=2346 tear_wait_us=11713 present_us=16275 prepare_us=11032 acquire_wait_us=38 ring_copy_us=8660 patch_us=2363 byte_swap_us=9 staging_us=3947 event_submit_us=16663 event_complete_us=19913 frame_us=32926 tear_edge_observed=1 frame_reused=1 pass=1
[09:23:00] TINYDRAW_PANSEQ_FRAME zoom=100 step=15 dx=24 dy=18 scroll_us=15 exposed_compose_us=5107 chrome_us=2347 tear_wait_us=12049 present_us=16649 prepare_us=10946 acquire_wait_us=39 ring_copy_us=8566 patch_us=2369 byte_swap_us=11 staging_us=4030 event_submit_us=17275 event_complete_us=20533 frame_us=33925 tear_edge_observed=1 frame_reused=1 pass=1
[09:23:00] TINYDRAW_PANSEQ_FRAME zoom=100 step=16 dx=72 dy=54 scroll_us=15 exposed_compose_us=13139 chrome_us=2338 tear_wait_us=3625 present_us=16028 prepare_us=11005 acquire_wait_us=37 ring_copy_us=8633 patch_us=2360 byte_swap_us=12 staging_us=3944 event_submit_us=16905 event_complete_us=20150 frame_us=32926 tear_edge_observed=1 frame_reused=1 pass=1
[09:23:00] TINYDRAW_PANSEQ_FRAME zoom=100 step=17 dx=72 dy=54 scroll_us=15 exposed_compose_us=12962 chrome_us=2358 tear_wait_us=4443 present_us=16402 prepare_us=10869 acquire_wait_us=32 ring_copy_us=8468 patch_us=2390 byte_swap_us=11 staging_us=4060 event_submit_us=17524 event_complete_us=20750 frame_us=33925 tear_edge_observed=1 frame_reused=1 pass=1
[09:23:00] TINYDRAW_PANSEQ_FRAME zoom=100 step=18 dx=72 dy=54 scroll_us=14 exposed_compose_us=12273 chrome_us=2355 tear_wait_us=4775 present_us=16763 prepare_us=10989 acquire_wait_us=30 ring_copy_us=8595 patch_us=2383 byte_swap_us=11 staging_us=3991 event_submit_us=17164 event_complete_us=20437 frame_us=33926 tear_edge_observed=1 frame_reused=1 pass=1
[09:23:00] TINYDRAW_PANSEQ_FRAME zoom=100 step=19 dx=72 dy=54 scroll_us=14 exposed_compose_us=12535 chrome_us=2324 tear_wait_us=4127 present_us=16132 prepare_us=10977 acquire_wait_us=39 ring_copy_us=8619 patch_us=2349 byte_swap_us=9 staging_us=3981 event_submit_us=16782 event_complete_us=20026 frame_us=32914 tear_edge_observed=1 frame_reused=1 pass=1
[09:23:00] TINYDRAW_PANSEQ_FRAME zoom=100 step=20 dx=-72 dy=-54 scroll_us=14 exposed_compose_us=13279 chrome_us=2363 tear_wait_us=4023 present_us=16509 prepare_us=10952 acquire_wait_us=33 ring_copy_us=8558 patch_us=2383 byte_swap_us=11 staging_us=4009 event_submit_us=17420 event_complete_us=20666 frame_us=33926 tear_edge_observed=1 frame_reused=1 pass=1
[09:23:00] TINYDRAW_PANSEQ_FRAME zoom=100 step=21 dx=-72 dy=-54 scroll_us=15 exposed_compose_us=13073 chrome_us=2333 tear_wait_us=3848 present_us=16885 prepare_us=10963 acquire_wait_us=32 ring_copy_us=8595 patch_us=2358 byte_swap_us=10 staging_us=3985 event_submit_us=17040 event_complete_us=20278 frame_us=33925 tear_edge_observed=1 frame_reused=1 pass=1
[09:23:00] TINYDRAW_PANSEQ_FRAME zoom=100 step=22 dx=-72 dy=-54 scroll_us=14 exposed_compose_us=13034 chrome_us=2343 tear_wait_us=3509 present_us=16266 prepare_us=11008 acquire_wait_us=35 ring_copy_us=8634 patch_us=2364 byte_swap_us=10 staging_us=3956 event_submit_us=16672 event_complete_us=19910 frame_us=32926 tear_edge_observed=1 frame_reused=1 pass=1
[09:23:00] TINYDRAW_PANSEQ_FRAME zoom=100 step=23 dx=-72 dy=-54 scroll_us=15 exposed_compose_us=12599 chrome_us=2361 tear_wait_us=4556 present_us=16653 prepare_us=10926 acquire_wait_us=31 ring_copy_us=8529 patch_us=2386 byte_swap_us=11 staging_us=4018 event_submit_us=17273 event_complete_us=20516 frame_us=33925 tear_edge_observed=1 frame_reused=1 pass=1
[09:23:00] TINYDRAW_PANSEQ_STRIP zoom=100 strip=0 panel_y=0 rows=44 samples=24 staging_mean_us=1397 staging_max_us=1442 wire_budget_us=1619 over_budget_us=0 pass=1
[09:23:00] TINYDRAW_PANSEQ_STRIP zoom=100 strip=1 panel_y=44 rows=44 samples=24 staging_mean_us=1238 staging_max_us=1254 wire_budget_us=1619 over_budget_us=0 pass=1
[09:23:00] TINYDRAW_PANSEQ_STRIP zoom=100 strip=2 panel_y=88 rows=44 samples=24 staging_mean_us=1223 staging_max_us=1233 wire_budget_us=1619 over_budget_us=0 pass=1
[09:23:00] TINYDRAW_PANSEQ_STRIP zoom=100 strip=3 panel_y=132 rows=44 samples=24 staging_mean_us=1207 staging_max_us=1223 wire_budget_us=1619 over_budget_us=0 pass=1
[09:23:00] TINYDRAW_PANSEQ_STRIP zoom=100 strip=4 panel_y=176 rows=44 samples=24 staging_mean_us=1216 staging_max_us=1228 wire_budget_us=1619 over_budget_us=0 pass=1
[09:23:00] TINYDRAW_PANSEQ_STRIP zoom=100 strip=5 panel_y=220 rows=44 samples=24 staging_mean_us=1236 staging_max_us=1258 wire_budget_us=1619 over_budget_us=0 pass=1
[09:23:00] TINYDRAW_PANSEQ_STRIP zoom=100 strip=6 panel_y=264 rows=44 samples=24 staging_mean_us=1428 staging_max_us=1448 wire_budget_us=1619 over_budget_us=0 pass=1
[09:23:00] TINYDRAW_PANSEQ_STRIP zoom=100 strip=7 panel_y=308 rows=44 samples=24 staging_mean_us=1397 staging_max_us=1411 wire_budget_us=1619 over_budget_us=0 pass=1
[09:23:00] TINYDRAW_PANSEQ_STRIP zoom=100 strip=8 panel_y=352 rows=20 samples=24 staging_mean_us=656 staging_max_us=695 wire_budget_us=736 over_budget_us=0 pass=1
[09:23:01] TINYDRAW_GATE1_PANSEQ zoom=100 frames=24 scroll_avg_us=14 exposed_avg_us=7559 chrome_avg_us=2344 tear_wait_avg_us=9168 present_avg_us=16453 prepare_avg_us=10968 acquire_wait_avg_us=35 ring_copy_avg_us=8588 patch_avg_us=2369 byte_swap_avg_us=10 staging_avg_us=3994 frame_avg_us=33301 frame_p50_us=33925 frame_p95_us=33926 frame_max_us=33936 complete_p50_us=20278 complete_p95_us=20760 complete_max_us=20816 tear_edge_failures=0 presentation_experiment=boundary-top-sweep te_edge=rising requested_clock_mhz=50 effective_clock_mhz=40 chrome_bottom_redraws=0 chrome_battery_redraws=0 chrome_zoom_redraws=0 chrome_minimap_base_redraws=0 strip_samples=216 staging_mean_us=1222 staging_max_us=1448 worst_strip=8 worst_strip_y=352 worst_wire_budget_us=736 worst_headroom_us=41 staging_invariant=1 pacing_pass=1 all_reused=1 pass=1
[09:23:03] TINYDRAW_PANSEQ_FRAME zoom=400 step=0 dx=24 dy=18 scroll_us=13 exposed_compose_us=4881 chrome_us=2154 tear_wait_us=5819 present_us=16143 prepare_us=10879 acquire_wait_us=31 ring_copy_us=8689 patch_us=2181 byte_swap_us=9 staging_us=4135 event_submit_us=10828 event_complete_us=14147 frame_us=26965 tear_edge_observed=1 frame_reused=1 pass=1
[09:23:03] TINYDRAW_PANSEQ_FRAME zoom=400 step=1 dx=24 dy=18 scroll_us=13 exposed_compose_us=4855 chrome_us=2176 tear_wait_us=12393 present_us=16551 prepare_us=10724 acquire_wait_us=28 ring_copy_us=8518 patch_us=2195 byte_swap_us=11 staging_us=4221 event_submit_us=17373 event_complete_us=20652 frame_us=33922 tear_edge_observed=1 frame_reused=1 pass=1
[09:23:03] TINYDRAW_PANSEQ_FRAME zoom=400 step=2 dx=24 dy=18 scroll_us=13 exposed_compose_us=4465 chrome_us=2173 tear_wait_us=12386 present_us=16952 prepare_us=10835 acquire_wait_us=35 ring_copy_us=8630 patch_us=2196 byte_swap_us=9 staging_us=4155 event_submit_us=16976 event_complete_us=20247 frame_us=33924 tear_edge_observed=1 frame_reused=1 pass=1
[09:23:03] TINYDRAW_PANSEQ_FRAME zoom=400 step=3 dx=24 dy=18 scroll_us=13 exposed_compose_us=4902 chrome_us=2167 tear_wait_us=11561 present_us=16341 prepare_us=10768 acquire_wait_us=33 ring_copy_us=8568 patch_us=2188 byte_swap_us=12 staging_us=4169 event_submit_us=16583 event_complete_us=19828 frame_us=32923 tear_edge_observed=1 frame_reused=1 pass=1
[09:23:03] TINYDRAW_PANSEQ_FRAME zoom=400 step=4 dx=24 dy=18 scroll_us=13 exposed_compose_us=4427 chrome_us=2166 tear_wait_us=12640 present_us=16737 prepare_us=10818 acquire_wait_us=35 ring_copy_us=8615 patch_us=2192 byte_swap_us=11 staging_us=4188 event_submit_us=17189 event_complete_us=20469 frame_us=33925 tear_edge_observed=1 frame_reused=1 pass=1
[09:23:03] TINYDRAW_PANSEQ_FRAME zoom=400 step=5 dx=24 dy=18 scroll_us=13 exposed_compose_us=4764 chrome_us=2158 tear_wait_us=11916 present_us=16112 prepare_us=10785 acquire_wait_us=41 ring_copy_us=8596 patch_us=2178 byte_swap_us=11 staging_us=4191 event_submit_us=16803 event_complete_us=20072 frame_us=32913 tear_edge_observed=1 frame_reused=1 pass=1
[09:23:03] TINYDRAW_PANSEQ_FRAME zoom=400 step=6 dx=24 dy=18 scroll_us=13 exposed_compose_us=4562 chrome_us=2215 tear_wait_us=12726 present_us=16501 prepare_us=10787 acquire_wait_us=33 ring_copy_us=8556 patch_us=2221 byte_swap_us=10 staging_us=4183 event_submit_us=17434 event_complete_us=20701 frame_us=33923 tear_edge_observed=1 frame_reused=1 pass=1
[09:23:03] TINYDRAW_PANSEQ_FRAME zoom=400 step=7 dx=24 dy=18 scroll_us=13 exposed_compose_us=5202 chrome_us=2172 tear_wait_us=11710 present_us=16894 prepare_us=10785 acquire_wait_us=33 ring_copy_us=8577 patch_us=2197 byte_swap_us=11 staging_us=4170 event_submit_us=17031 event_complete_us=20260 frame_us=33925 tear_edge_observed=1 frame_reused=1 pass=1
[09:23:03] TINYDRAW_PANSEQ_FRAME zoom=400 step=8 dx=24 dy=18 scroll_us=13 exposed_compose_us=5214 chrome_us=2169 tear_wait_us=11311 present_us=16277 prepare_us=10861 acquire_wait_us=31 ring_copy_us=8663 patch_us=2188 byte_swap_us=10 staging_us=4115 event_submit_us=16663 event_complete_us=19907 frame_us=32924 tear_edge_observed=1 frame_reused=1 pass=1
[09:23:03] TINYDRAW_PANSEQ_FRAME zoom=400 step=9 dx=24 dy=18 scroll_us=13 exposed_compose_us=5186 chrome_us=2158 tear_wait_us=11947 present_us=16671 prepare_us=10743 acquire_wait_us=39 ring_copy_us=8549 patch_us=2182 byte_swap_us=12 staging_us=4225 event_submit_us=17254 event_complete_us=20507 frame_us=33924 tear_edge_observed=1 frame_reused=1 pass=1
[09:23:03] TINYDRAW_PANSEQ_FRAME zoom=400 step=10 dx=24 dy=18 scroll_us=13 exposed_compose_us=4878 chrome_us=2156 tear_wait_us=11851 present_us=16063 prepare_us=10809 acquire_wait_us=43 ring_copy_us=8620 patch_us=2177 byte_swap_us=12 staging_us=4151 event_submit_us=16863 event_complete_us=20114 frame_us=32924 tear_edge_observed=1 frame_reused=1 pass=1
[09:23:03] TINYDRAW_PANSEQ_FRAME zoom=400 step=11 dx=24 dy=18 scroll_us=13 exposed_compose_us=5713 chrome_us=2206 tear_wait_us=11644 present_us=16447 prepare_us=10752 acquire_wait_us=37 ring_copy_us=8513 patch_us=2228 byte_swap_us=11 staging_us=4218 event_submit_us=17480 event_complete_us=20742 frame_us=33924 tear_edge_observed=1 frame_reused=1 pass=1
[09:23:03] TINYDRAW_PANSEQ_FRAME zoom=400 step=12 dx=24 dy=18 scroll_us=13 exposed_compose_us=5072 chrome_us=2156 tear_wait_us=11897 present_us=16833 prepare_us=10785 acquire_wait_us=40 ring_copy_us=8602 patch_us=2173 byte_swap_us=10 staging_us=4184 event_submit_us=17094 event_complete_us=20352 frame_us=33924 tear_edge_observed=1 frame_reused=1 pass=1
[09:23:03] TINYDRAW_PANSEQ_FRAME zoom=400 step=13 dx=24 dy=18 scroll_us=13 exposed_compose_us=5223 chrome_us=2154 tear_wait_us=11352 present_us=16230 prepare_us=10813 acquire_wait_us=31 ring_copy_us=8624 patch_us=2178 byte_swap_us=11 staging_us=4157 event_submit_us=16697 event_complete_us=19942 frame_us=32924 tear_edge_observed=1 frame_reused=1 pass=1
[09:23:03] TINYDRAW_PANSEQ_FRAME zoom=400 step=14 dx=24 dy=18 scroll_us=13 exposed_compose_us=5094 chrome_us=2155 tear_wait_us=12081 present_us=16628 prepare_us=10774 acquire_wait_us=34 ring_copy_us=8584 patch_us=2178 byte_swap_us=12 staging_us=4181 event_submit_us=17299 event_complete_us=20545 frame_us=33923 tear_edge_observed=1 frame_reused=1 pass=1
[09:23:04] TINYDRAW_PANSEQ_FRAME zoom=400 step=15 dx=24 dy=18 scroll_us=26 exposed_compose_us=5418 chrome_us=2166 tear_wait_us=11352 present_us=16020 prepare_us=10757 acquire_wait_us=37 ring_copy_us=8557 patch_us=2189 byte_swap_us=11 staging_us=4171 event_submit_us=16911 event_complete_us=20136 frame_us=32925 tear_edge_observed=1 frame_reused=1 pass=1
[09:23:04] TINYDRAW_PANSEQ_FRAME zoom=400 step=16 dx=72 dy=54 scroll_us=13 exposed_compose_us=13995 chrome_us=2173 tear_wait_us=3404 present_us=16406 prepare_us=10778 acquire_wait_us=31 ring_copy_us=8568 patch_us=2200 byte_swap_us=10 staging_us=4178 event_submit_us=17519 event_complete_us=20763 frame_us=33924 tear_edge_observed=1 frame_reused=1 pass=1
[09:23:04] TINYDRAW_PANSEQ_FRAME zoom=400 step=17 dx=72 dy=54 scroll_us=13 exposed_compose_us=13573 chrome_us=2177 tear_wait_us=3437 present_us=16783 prepare_us=10779 acquire_wait_us=37 ring_copy_us=8581 patch_us=2186 byte_swap_us=12 staging_us=4203 event_submit_us=17144 event_complete_us=20410 frame_us=33933 tear_edge_observed=1 frame_reused=1 pass=1
[09:23:04] TINYDRAW_PANSEQ_FRAME zoom=400 step=18 dx=72 dy=54 scroll_us=13 exposed_compose_us=13595 chrome_us=2148 tear_wait_us=3042 present_us=16153 prepare_us=10830 acquire_wait_us=33 ring_copy_us=8654 patch_us=2168 byte_swap_us=8 staging_us=4124 event_submit_us=16764 event_complete_us=20009 frame_us=32915 tear_edge_observed=1 frame_reused=1 pass=1
[09:23:04] TINYDRAW_PANSEQ_FRAME zoom=400 step=19 dx=72 dy=54 scroll_us=13 exposed_compose_us=14482 chrome_us=2178 tear_wait_us=2790 present_us=16532 prepare_us=10743 acquire_wait_us=32 ring_copy_us=8532 patch_us=2201 byte_swap_us=10 staging_us=4207 event_submit_us=17398 event_complete_us=20652 frame_us=33924 tear_edge_observed=1 frame_reused=1 pass=1
[09:23:04] TINYDRAW_PANSEQ_FRAME zoom=400 step=20 dx=-72 dy=-54 scroll_us=13 exposed_compose_us=14067 chrome_us=2159 tear_wait_us=2802 present_us=15944 prepare_us=10782 acquire_wait_us=32 ring_copy_us=8593 patch_us=2178 byte_swap_us=11 staging_us=4177 event_submit_us=16998 event_complete_us=20237 frame_us=32938 tear_edge_observed=1 frame_reused=1 pass=1
[09:23:04] TINYDRAW_PANSEQ_FRAME zoom=400 step=21 dx=-72 dy=-54 scroll_us=14 exposed_compose_us=13684 chrome_us=2172 tear_wait_us=3790 present_us=16317 prepare_us=10790 acquire_wait_us=35 ring_copy_us=8588 patch_us=2192 byte_swap_us=10 staging_us=4156 event_submit_us=17596 event_complete_us=20829 frame_us=33910 tear_edge_observed=1 frame_reused=1 pass=1
[09:23:04] TINYDRAW_PANSEQ_FRAME zoom=400 step=22 dx=-72 dy=-54 scroll_us=13 exposed_compose_us=13543 chrome_us=2155 tear_wait_us=3554 present_us=16706 prepare_us=10811 acquire_wait_us=24 ring_copy_us=8624 patch_us=2176 byte_swap_us=11 staging_us=4175 event_submit_us=17221 event_complete_us=20485 frame_us=33924 tear_edge_observed=1 frame_reused=1 pass=1
[09:23:04] TINYDRAW_PANSEQ_FRAME zoom=400 step=23 dx=-72 dy=-54 scroll_us=13 exposed_compose_us=12721 chrome_us=2161 tear_wait_us=3962 present_us=16107 prepare_us=10804 acquire_wait_us=41 ring_copy_us=8613 patch_us=2180 byte_swap_us=11 staging_us=4162 event_submit_us=16809 event_complete_us=20060 frame_us=32914 tear_edge_observed=1 frame_reused=1 pass=1
[09:23:04] TINYDRAW_PANSEQ_STRIP zoom=400 strip=0 panel_y=0 rows=44 samples=24 staging_mean_us=1397 staging_max_us=1433 wire_budget_us=1619 over_budget_us=0 pass=1
[09:23:04] TINYDRAW_PANSEQ_STRIP zoom=400 strip=1 panel_y=44 rows=44 samples=24 staging_mean_us=1243 staging_max_us=1254 wire_budget_us=1619 over_budget_us=0 pass=1
[09:23:04] TINYDRAW_PANSEQ_STRIP zoom=400 strip=2 panel_y=88 rows=44 samples=24 staging_mean_us=1222 staging_max_us=1230 wire_budget_us=1619 over_budget_us=0 pass=1
[09:23:04] TINYDRAW_PANSEQ_STRIP zoom=400 strip=3 panel_y=132 rows=44 samples=24 staging_mean_us=1206 staging_max_us=1222 wire_budget_us=1619 over_budget_us=0 pass=1
[09:23:04] TINYDRAW_PANSEQ_STRIP zoom=400 strip=4 panel_y=176 rows=44 samples=24 staging_mean_us=1218 staging_max_us=1227 wire_budget_us=1619 over_budget_us=0 pass=1
[09:23:04] TINYDRAW_PANSEQ_STRIP zoom=400 strip=5 panel_y=220 rows=44 samples=24 staging_mean_us=1193 staging_max_us=1212 wire_budget_us=1619 over_budget_us=0 pass=1
[09:23:04] TINYDRAW_PANSEQ_STRIP zoom=400 strip=6 panel_y=264 rows=44 samples=24 staging_mean_us=1376 staging_max_us=1405 wire_budget_us=1619 over_budget_us=0 pass=1
[09:23:04] TINYDRAW_PANSEQ_STRIP zoom=400 strip=7 panel_y=308 rows=44 samples=24 staging_mean_us=1350 staging_max_us=1364 wire_budget_us=1619 over_budget_us=0 pass=1
[09:23:04] TINYDRAW_PANSEQ_STRIP zoom=400 strip=8 panel_y=352 rows=20 samples=24 staging_mean_us=616 staging_max_us=652 wire_budget_us=736 over_budget_us=0 pass=1
[09:23:04] TINYDRAW_GATE1_PANSEQ zoom=400 frames=24 scroll_avg_us=13 exposed_avg_us=7896 chrome_avg_us=2167 tear_wait_avg_us=8806 present_avg_us=16431 prepare_avg_us=10791 acquire_wait_avg_us=34 ring_copy_avg_us=8592 patch_avg_us=2188 byte_swap_avg_us=10 staging_avg_us=4174 frame_avg_us=33258 frame_p50_us=33922 frame_p95_us=33925 frame_max_us=33933 complete_p50_us=20260 complete_p95_us=20763 complete_max_us=20829 tear_edge_failures=0 presentation_experiment=boundary-top-sweep te_edge=rising requested_clock_mhz=50 effective_clock_mhz=40 chrome_bottom_redraws=0 chrome_battery_redraws=0 chrome_zoom_redraws=0 chrome_minimap_base_redraws=0 strip_samples=216 staging_mean_us=1202 staging_max_us=1433 worst_strip=8 worst_strip_y=352 worst_wire_budget_us=736 worst_headroom_us=84 staging_invariant=1 pacing_pass=1 all_reused=1 pass=1
[09:23:04] TINYDRAW_GATE1_PAN_BOUNDARY zoom=100 slow_1px_trace=1 below_delta=94 below_reused=1 at_delta=96 at_reused=1 above_delta=98 above_fallback=1 pass=1
[09:23:05] TINYDRAW_GATE1_PAN_BOUNDARY zoom=400 slow_1px_trace=1 below_delta=94 below_reused=1 at_delta=96 at_reused=1 above_delta=98 above_fallback=1 pass=1
[09:23:05] TINYDRAW_GATE1_DRAW_FILL zoom=400 revision=2148 append_us=1244 poll_gap_us=104 event_submit_us=2026 event_complete_us=2593 max_compute_slice_us=4751 max_display_slice_us=16768 fill_us=279752 revision_restarted=1 pass=1
[09:23:06] TINYDRAW_GATE1_CACHE_FILL zoom=50 x=63 y=63 published=56 total_us=552979 within_cold_gate=0 complete=1
[09:23:06] TINYDRAW_GATE1_CACHE_FILL zoom=100 x=63 y=63 published=56 total_us=519973 within_cold_gate=0 complete=1
[09:23:07] TINYDRAW_GATE1_CACHE_FILL zoom=200 x=63 y=63 published=56 total_us=431976 within_cold_gate=1 complete=1
[09:23:07] TINYDRAW_GATE1_CACHE_FILL zoom=400 x=63 y=63 published=56 total_us=393974 within_cold_gate=1 complete=1
[09:23:07] TINYDRAW_GATE1_CACHE_REVISIT zoom=50 remaining=0 tile_pixels=118128 fallback_pixels=0 compose_us=17988 complete_us=22398 hit=1
[09:23:07] TINYDRAW_GATE1_CACHE_REVISIT zoom=100 remaining=0 tile_pixels=164864 fallback_pixels=0 compose_us=19905 complete_us=23005 hit=1
[09:23:07] TINYDRAW_GATE1_CACHE_REVISIT zoom=200 remaining=0 tile_pixels=164864 fallback_pixels=0 compose_us=20933 complete_us=22601 hit=1
[09:23:07] TINYDRAW_GATE1_CACHE_REVISIT zoom=400 remaining=0 tile_pixels=164608 fallback_pixels=0 compose_us=21723 complete_us=22202 hit=1
[09:23:08] TINYDRAW_GATE1_CACHE_FILL zoom=400 x=575 y=575 published=56 total_us=422979 within_cold_gate=1 complete=1
[09:23:08] TINYDRAW_GATE1_CACHE_ROUND_TRIP zoom=50 from_x=63 from_y=63 via_x=575 via_y=575 remaining=0 tile_pixels=118128 fallback_pixels=0 compose_us=18038 complete_us=22666 hit=1
[09:23:08] TINYDRAW_GATE1_CACHE_ROUND_TRIP zoom=100 from_x=63 from_y=63 via_x=575 via_y=575 remaining=0 tile_pixels=164864 fallback_pixels=0 compose_us=20034 complete_us=22266 hit=1
[09:23:08] TINYDRAW_GATE1_CACHE_ROUND_TRIP zoom=200 from_x=63 from_y=63 via_x=575 via_y=575 remaining=0 tile_pixels=164864 fallback_pixels=0 compose_us=21040 complete_us=22842 hit=1
[09:23:08] TINYDRAW_GATE1_CACHE_ROUND_TRIP zoom=400 from_x=63 from_y=63 via_x=575 via_y=575 remaining=0 tile_pixels=164608 fallback_pixels=0 compose_us=21954 complete_us=22407 hit=1
[09:23:08] TINYDRAW_GATE1_CACHE_RETENTION pass=1 slots=448 revision=2148
[09:23:10] TINYDRAW_PAPER_SWEEP zoom=100 identities=644 raw=266 uniform=378 fallback=0 slots=448 total_us=1499113 pass=1
[09:23:14] TINYDRAW_GATE1_CACHE_TOUR slots=448 stops=16 forward_steps=2306 forward_tiles=832 forward_wall_us=2466339 return_missing_tiles=0 return_steps=16 return_tiles=0 return_wall_us=42959 home_missing=0 home_fallback_pixels=0 pass=1
[09:23:15] TINYDRAW_GATE1_MIXED_DRAW_WARM zoom=50 fill_tiles=56 fill_us=463325 raw=42 uniform=14
[09:23:15] TINYDRAW_GATE1_MIXED_DRAW_WARM zoom=100 fill_tiles=56 fill_us=431010 raw=56 uniform=0
[09:23:16] TINYDRAW_GATE1_MIXED_DRAW_WARM zoom=200 fill_tiles=56 fill_us=398465 raw=56 uniform=0
[09:23:16] TINYDRAW_GATE1_MIXED_DRAW_WARM zoom=400 fill_tiles=42 fill_us=272380 raw=42 uniform=0
[09:23:17] TINYDRAW_GATE1_MIXED_DRAW zoom=25 tool=pen chunks=50 append_max_us=9492 append_avg_us=8259 append_total_us=412972 affected_tiles=196 published=0 fallback=196 visible_fallback=0 committed=1 authority=1 refresh=1 run_ok=1 pass=1
[09:23:18] TINYDRAW_GATE1_MIXED_DRAW zoom=25 tool=eraser chunks=50 append_max_us=9504 append_avg_us=8212 append_total_us=410633 affected_tiles=0 published=0 fallback=0 visible_fallback=0 committed=1 authority=1 refresh=1 run_ok=1 pass=1
[09:23:19] TINYDRAW_GATE1_MIXED_DRAW zoom=50 tool=pen chunks=50 append_max_us=12202 append_avg_us=10043 append_total_us=502197 affected_tiles=422 published=400 fallback=22 visible_fallback=0 committed=1 authority=1 refresh=1 run_ok=1 pass=1
[09:23:20] TINYDRAW_GATE1_MIXED_DRAW zoom=50 tool=eraser chunks=50 append_max_us=10787 append_avg_us=9811 append_total_us=490576 affected_tiles=405 published=405 fallback=0 visible_fallback=0 committed=1 authority=1 refresh=1 run_ok=1 pass=1
[09:23:22] TINYDRAW_GATE1_MIXED_DRAW zoom=100 tool=pen chunks=50 append_max_us=9984 append_avg_us=8304 append_total_us=415249 affected_tiles=450 published=398 fallback=52 visible_fallback=0 committed=1 authority=1 refresh=1 run_ok=1 pass=1
[09:23:22] TINYDRAW_GATE1_MIXED_DRAW zoom=100 tool=eraser chunks=50 append_max_us=9001 append_avg_us=8093 append_total_us=404685 affected_tiles=399 published=399 fallback=0 visible_fallback=0 committed=1 authority=1 refresh=1 run_ok=1 pass=1
[09:23:24] TINYDRAW_GATE1_MIXED_DRAW zoom=200 tool=pen chunks=50 append_max_us=9478 append_avg_us=7717 append_total_us=385883 affected_tiles=425 published=389 fallback=36 visible_fallback=0 committed=1 authority=1 refresh=1 run_ok=1 pass=1
[09:23:24] TINYDRAW_GATE1_MIXED_DRAW zoom=200 tool=eraser chunks=50 append_max_us=8564 append_avg_us=7483 append_total_us=374175 affected_tiles=388 published=388 fallback=0 visible_fallback=0 committed=1 authority=1 refresh=1 run_ok=1 pass=1
[09:23:26] TINYDRAW_GATE1_MIXED_DRAW zoom=400 tool=pen chunks=50 append_max_us=8881 append_avg_us=7156 append_total_us=357801 affected_tiles=358 published=334 fallback=24 visible_fallback=0 committed=1 authority=1 refresh=1 run_ok=1 pass=1
[09:23:26] TINYDRAW_GATE1_MIXED_DRAW zoom=400 tool=eraser chunks=50 append_max_us=7918 append_avg_us=7013 append_total_us=350665 affected_tiles=350 published=350 fallback=0 visible_fallback=0 committed=1 authority=1 refresh=1 run_ok=1 pass=1
[09:23:27] TINYDRAW_GATE1_MIXED_DRAW_REVISIT zoom=50 missing=4 refill_tiles=4 refill_us=139939
[09:23:27] TINYDRAW_GATE1_MIXED_DRAW_REVISIT zoom=100 missing=9 refill_tiles=9 refill_us=242050
[09:23:27] TINYDRAW_GATE1_MIXED_DRAW_REVISIT zoom=200 missing=16 refill_tiles=16 refill_us=249877
[09:23:27] TINYDRAW_GATE1_MIXED_DRAW_REVISIT zoom=400 missing=0 refill_tiles=0 refill_us=942
[09:23:27] TINYDRAW_GATE1_MIXED_DRAW_SUMMARY slots=448 strokes=10 worst_append_us=12202 pass=1
[09:23:33] TINYDRAW_GATE1_IDLE_REPAIR damaged=588 remaining=0 plan_views=24 steps=4105 repair_us=3748620 worst_step_us=8282 warm_tiles=56 pass=1
[09:23:34] TINYDRAW_HAIRLINE_DOC ops=782 samples=8061 append_total_us=895968 append_max_us=5849
[09:23:34] TINYDRAW_HAIRLINE_COLD zoom=100 wall_us=261606 steps=221 tiles=56 worst_step_us=9117
[09:23:34] TINYDRAW_HAIRLINE_COLD zoom=400 wall_us=208346 steps=208 tiles=48 worst_step_us=8380
[09:23:37] TINYDRAW_HAIRLINE_REPAIR steps=2508 wall_us=2705788 worst_step_us=9572 resident=407/448 grid_stopped=1 pass2_steps=8 pass2_wall_us=11897 no_churn=1
[09:23:39] TINYDRAW_HAIRLINE_TOUR stops=8 total_us=1204606 worst_stop_us=235820 worst_step_us=11276
[09:23:39] TINYDRAW_GATE1_HAIRLINE raw=339 uniform=72 fallback=233 capacity=448 worst_step_us=11276 grid_stopped=1 pass=1
[09:23:40] TINYDRAW_GATE1_LONG_GESTURE path=reference samples=1600 chunks=26 append_total_us=711133 append_max_us=33833 append_avg_us=27351 refresh_fallback_pixels=0 settled_fallback_pixels=0 committed=1 authority=1 refresh=1 run_ok=1
[09:23:40] TINYDRAW_GATE1_LONG_GESTURE path=in_place samples=1600 chunks=52 append_total_us=354614 append_max_us=8397 append_avg_us=6819 refresh_fallback_pixels=0 settled_fallback_pixels=0 committed=1 authority=1 refresh=1 run_ok=1
[09:23:40] TINYDRAW_V2_EXPORT_PROGRESS row=0 of=1792
[09:23:41] TINYDRAW_V2_EXPORT_PROGRESS row=256 of=1792
[09:23:42] TINYDRAW_V2_EXPORT_PROGRESS row=512 of=1792
[09:23:43] TINYDRAW_V2_EXPORT_PROGRESS row=768 of=1792
[09:23:44] TINYDRAW_V2_EXPORT_PROGRESS row=1024 of=1792
[09:23:45] TINYDRAW_V2_EXPORT_PROGRESS row=1280 of=1792
[09:23:45] TINYDRAW_V2_EXPORT_PROGRESS row=1536 of=1792
[09:23:46] TINYDRAW_GATE1_EXPORT encoded=1 bytes=40045 elapsed_us=5762297 workspace_bytes=50652 band_bytes=376832 free_psram=1879376 free_internal=240092 signature=1 dimensions=1 chunks=3 chunks_ok=1 pass=1
[09:23:46] TINYDRAW_EXPORT_RESERVE requested=1572864 free_before=1879376 largest_before=1867776 free_held=306508 largest_held=303104 pass=1
[09:23:46] TINYDRAW_GATE1_AUTOMATED_DONE stress=1 stress_100=1 stress_400=1 overlap_ready=1 overlap_cold=1 adversarial_ready=1 adversarial_cold=0 workload=1 paced_cold=1 hard_100=1 hard_400=1 pan_100=1 pan_400=1 pan_seq=1 pan_boundary=1 live_overlay=1 draw_fill=1 cache=1 full_world_cache=1 cache_tour=1 mixed_draw=1 idle_repair=1 hairline=1 long_gesture=1 export_encode=1 export_reserve=1 return=1 ssaa_receipt=yellow
[09:23:46] TINYDRAW_VECTOR_V2_GATE_HARNESS_DONE pass=0
[09:23:46] I (59951) main_task: Returned from app_main()
