[09:42:33] ESP-ROM:esp32s3-20210327
[09:42:33] Build:Mar 27 2021
[09:42:33] rst:0x15 (USB_UART_CHIP_RESET),boot:0x2b (SPI_FAST_FLASH_BOOT)
[09:42:33] Saved PC:0x4202cefe
[09:42:33] SPIWP:0xee
[09:42:33] mode:DIO, clock div:1
[09:42:33] load:0x3fce2820,len:0x1664
[09:42:33] load:0x403c8700,len:0xf38
[09:42:33] load:0x403cb700,len:0x31e8
[09:42:33] entry 0x403c8930
[09:42:33] I (24) boot: ESP-IDF v6.0.2 2nd stage bootloader
[09:42:33] I (24) boot: compile time Aug 16 2026 00:18:14
[09:42:33] I (25) boot: Multicore bootloader
[09:42:33] I (25) boot: chip revision: v0.2
[09:42:33] I (28) boot: efuse block revision: v1.3
[09:42:33] I (31) qio_mode: Enabling default flash chip QIO
[09:42:33] I (36) boot.esp32s3: Boot SPI Speed : 80MHz
[09:42:33] I (39) boot.esp32s3: SPI Mode       : QIO
[09:42:33] I (43) boot.esp32s3: SPI Flash Size : 16MB
[09:42:33] I (47) boot: Enabling RNG early entropy source...
[09:42:33] I (51) boot: Partition Table:
[09:42:33] I (54) boot: ## Label            Usage          Type ST Offset   Length
[09:42:33] I (60) boot:  0 nvs              WiFi data        01 02 00009000 00006000
[09:42:33] I (67) boot:  1 phy_init         RF data          01 01 0000f000 00001000
[09:42:33] I (73) boot:  2 factory          factory app      00 00 00010000 00100000
[09:42:33] I (80) boot:  3 drawing          Unknown data     01 40 00110000 00300000
[09:42:33] I (86) boot:  4 export           Unknown data     01 41 00410000 00500000
[09:42:33] I (93) boot:  5 coredump         Unknown data     01 03 00910000 00010000
[09:42:33] I (100) boot: End of partition table
[09:42:33] I (103) esp_image: segment 0: paddr=00010020 vaddr=3c050020 size=1487ch ( 84092) map
[09:42:33] I (123) esp_image: segment 1: paddr=000248a4 vaddr=3fc94500 size=03764h ( 14180) load
[09:42:33] I (126) esp_image: segment 2: paddr=00028010 vaddr=40374000 size=08008h ( 32776) load
[09:42:33] I (134) esp_image: segment 3: paddr=00030020 vaddr=42000020 size=48d68h (298344) map
[09:42:33] I (181) esp_image: segment 4: paddr=00078d90 vaddr=4037c008 size=084b8h ( 33976) load
[09:42:33] I (188) esp_image: segment 5: paddr=00081250 vaddr=50000000 size=00024h (    36) load
[09:42:33] I (196) boot: Loaded app from partition at offset 0x10000
[09:42:33] I (196) boot: Disabling RNG early entropy source...
[09:42:33] I (206) octal_psram: vendor id    : 0x0d (AP)
[09:42:33] I (206) octal_psram: dev id       : 0x02 (generation 3)
[09:42:33] I (207) octal_psram: density      : 0x03 (64 Mbit)
[09:42:33] I (209) octal_psram: good-die     : 0x01 (Pass)
[09:42:33] I (213) octal_psram: Latency      : 0x01 (Fixed)
[09:42:33] I (217) octal_psram: VCC          : 0x01 (3V)
[09:42:33] I (221) octal_psram: SRF          : 0x01 (Fast Refresh)
[09:42:33] I (226) octal_psram: BurstType    : 0x01 (Hybrid Wrap)
[09:42:33] I (231) octal_psram: BurstLen     : 0x01 (32 Byte)
[09:42:33] I (236) octal_psram: Readlatency  : 0x02 (10 cycles@Fixed)
[09:42:33] I (241) octal_psram: DriveStrength: 0x00 (1/1)
[09:42:33] I (245) MSPI Timing: Enter psram timing tuning
[09:42:33] I (250) esp_psram: Found 8MB PSRAM device
[09:42:33] I (253) esp_psram: Speed: 80MHz
[09:42:33] I (256) cpu_start: Multicore app
[09:42:33] I (672) esp_psram: SPI SRAM memory test OK
[09:42:33] I (680) cpu_start: GPIO 44 and 43 are used as console UART I/O pins
[09:42:33] I (680) cpu_start: Pro cpu start user code
[09:42:33] I (681) cpu_start: cpu freq: 240000000 Hz
[09:42:33] I (682) app_init: Application information:
[09:42:33] I (686) app_init: Project name:     tinydraw_esp32
[09:42:33] I (691) app_init: App version:      5e4337d-dirty
[09:42:33] I (695) app_init: Compile time:     Aug 16 2026 09:41:23
[09:42:33] I (700) app_init: ELF file SHA256:  1417616f2...
[09:42:33] I (704) app_init: ESP-IDF:          v6.0.2
[09:42:33] I (708) efuse_init: Min chip rev:     v0.0
[09:42:33] I (712) efuse_init: Max chip rev:     v0.99 
[09:42:33] I (716) efuse_init: Chip rev:         v0.2
[09:42:34] I (720) heap_init: Initializing. RAM available for dynamic allocation:
[09:42:34] I (726) heap_init: At 3FC99090 len 00050680 (321 KiB): RAM
[09:42:34] I (731) heap_init: At 3FCE9710 len 00005724 (21 KiB): RAM
[09:42:34] I (736) heap_init: At 3FCF0000 len 00008000 (32 KiB): DRAM
[09:42:34] I (742) heap_init: At 600FE000 len 00001FE8 (7 KiB): RTCRAM
[09:42:34] I (747) esp_psram: Adding pool of 8192K of PSRAM memory to heap allocator
[09:42:34] I (754) spi_flash: detected chip: generic
[09:42:34] I (757) spi_flash: flash io: qio
[09:42:34] I (760) sleep_gpio: Configure to isolate all GPIO pins in sleep state
[09:42:34] I (766) sleep_gpio: Enable automatic switching of GPIO sleep configuration
[09:42:34] I (773) main_task: Started on CPU0
[09:42:34] I (776) main_task: Calling app_main()
[09:42:34] TINYDRAW_PANEL_HARD_RESET=1
[09:42:34] TINYDRAW_PANEL_TRANSPORT requested_clock_mhz=50 effective_clock_mhz=40
[09:42:34] I (974) co5300: version: 2.1.0
[09:42:34] I (974) co5300_spi: LCD panel create success, version: 2.1.0
[09:42:34] W (1059) co5300_spi: The 3Ah command has been used and will be overwritten by external initialization sequence
[09:42:34] I (1160) CST816S: IC id: 183
[09:42:34] TINYDRAW_VECTOR_V2_PRESENTATION experiment=boundary-top-sweep te_edge=rising requested_clock_mhz=50 effective_clock_mhz=40 optical_acceptance=external_manual
[09:42:34] TINYDRAW_LIVE_PRESENT kind=startup zoom=25 x=0 y=0 compose_us=26060 scroll_us=0 exposed_compose_us=0 chrome_us=16957 read_submit_us=0 read_complete_us=0 transfer_wait_us=33147 tile_pixels=0 uniform_pixels=0 overview_pixels=164864 fallback_pixels=0 resident_tiles=0 fallback_tiles=0 pushes=11 tear_wait_us=12257 tear_edge_isr_to_resume_us=8 tear_edge_observed=1 tear_edge_wait_resumed=1 tear_edge_timeout=0 tear_heal_attempted=0 tear_heal_command_sent=0 presentation_experiment=boundary-top-sweep te_edge=rising requested_clock_mhz=50 effective_clock_mhz=40 frame_reused=0 pass=1
[09:42:35] TINYDRAW_LIVE_STRESS operations=1000 samples=20000 total_us=458189 average_us=458 maximum_us=796 free_psram=1879376 largest_psram=1867776
[09:42:35] TINYDRAW_LIVE_PRESENT kind=gate_fallback zoom=100 x=0 y=0 compose_us=16383 scroll_us=0 exposed_compose_us=0 chrome_us=10885 read_submit_us=21963 read_complete_us=31999 transfer_wait_us=27049 tile_pixels=0 uniform_pixels=0 overview_pixels=0 fallback_pixels=164864 resident_tiles=0 fallback_tiles=42 pushes=11 tear_wait_us=5447 tear_edge_isr_to_resume_us=10 tear_edge_observed=1 tear_edge_wait_resumed=1 tear_edge_timeout=0 tear_heal_attempted=0 tear_heal_command_sent=0 presentation_experiment=boundary-top-sweep te_edge=rising requested_clock_mhz=50 effective_clock_mhz=40 frame_reused=0 pass=1
[09:42:35] TINYDRAW_GATE1_HARD zoom=100 cold=1 operations=1000 samples=20000 steps=192 tiles=42 scanned=12000 rendered=1659 max_supertask_us=9771 presentation_us=70385 total_us=277891 maximum_wall_us=500000 pass=1
[09:42:35] TINYDRAW_LIVE_PRESENT kind=gate_fallback zoom=400 x=0 y=0 compose_us=15910 scroll_us=0 exposed_compose_us=0 chrome_us=6350 read_submit_us=31679 read_complete_us=37352 transfer_wait_us=22930 tile_pixels=0 uniform_pixels=0 overview_pixels=0 fallback_pixels=164864 resident_tiles=0 fallback_tiles=42 pushes=11 tear_wait_us=15649 tear_edge_isr_to_resume_us=10 tear_edge_observed=1 tear_edge_wait_resumed=1 tear_edge_timeout=0 tear_heal_attempted=0 tear_heal_command_sent=0 presentation_experiment=boundary-top-sweep te_edge=rising requested_clock_mhz=50 effective_clock_mhz=40 frame_reused=0 pass=1
[09:42:35] TINYDRAW_GATE1_HARD zoom=400 cold=1 operations=1000 samples=20000 steps=196 tiles=42 scanned=12000 rendered=120 max_supertask_us=9117 presentation_us=67750 total_us=214304 maximum_wall_us=500000 pass=1
[09:42:36] TINYDRAW_OVERLAP_WORKLOAD operations=8 samples=1200 radius_world=80
[09:42:36] TINYDRAW_GATE1_PACED_COLD corpus=overlap zoom=50 x=215 y=255 steps=334 tiles=56 compute_us=375114 present_us=88029 touch_us=413 pacing_us=8391 wall_us=471947 maximum_wall_us=500000 max_tick_us=10091 touch_samples=2283 touch_interval_max_us=1963 touch_read_max_us=593 touch_events=0 touch_down=0 touch_up=0 touch_events_ge_8ms=0 touch_event_age_max_us=0 touch_errors=0 touch_overflows=0 pass=1
[09:42:37] TINYDRAW_GATE1_PACED_COLD corpus=overlap zoom=100 x=583 y=703 steps=172 tiles=48 compute_us=236354 present_us=83055 touch_us=274 pacing_us=6284 wall_us=325967 maximum_wall_us=500000 max_tick_us=10173 touch_samples=404 touch_interval_max_us=1131 touch_read_max_us=444 touch_events=0 touch_down=0 touch_up=0 touch_events_ge_8ms=0 touch_event_age_max_us=0 touch_errors=0 touch_overflows=0 pass=1
[09:42:37] TINYDRAW_GATE1_PACED_COLD corpus=overlap zoom=200 x=1319 y=1599 steps=128 tiles=56 compute_us=240115 present_us=86958 touch_us=251 pacing_us=4644 wall_us=331968 maximum_wall_us=500000 max_tick_us=10016 touch_samples=409 touch_interval_max_us=1137 touch_read_max_us=445 touch_events=0 touch_down=0 touch_up=0 touch_events_ge_8ms=0 touch_event_age_max_us=0 touch_errors=0 touch_overflows=0 pass=1
[09:42:37] TINYDRAW_GATE1_PACED_COLD corpus=overlap zoom=400 x=2791 y=3391 steps=94 tiles=56 compute_us=226217 present_us=83267 touch_us=247 pacing_us=5235 wall_us=314966 maximum_wall_us=500000 max_tick_us=10294 touch_samples=387 touch_interval_max_us=1140 touch_read_max_us=456 touch_events=0 touch_down=0 touch_up=0 touch_events_ge_8ms=0 touch_event_age_max_us=0 touch_errors=0 touch_overflows=0 pass=1
[09:42:38] TINYDRAW_ADVERSARIAL_TAPERED_WORKLOAD operations=128 samples=4096 erasers=12 load_us=223348 appended=1
[09:42:38] TINYDRAW_GATE1_PACED_COLD corpus=adversarial_tapered_4x zoom=50 x=0 y=0 steps=104 tiles=42 compute_us=96364 present_us=66448 touch_us=154 pacing_us=4998 wall_us=167964 maximum_wall_us=500000 max_tick_us=7665 touch_samples=512 touch_interval_max_us=1133 touch_read_max_us=431 touch_events=0 touch_down=0 touch_up=0 touch_events_ge_8ms=0 touch_event_age_max_us=0 touch_errors=0 touch_overflows=0 pass=1
[09:42:38] TINYDRAW_GATE1_PACED_COLD corpus=adversarial_tapered_4x zoom=100 x=0 y=0 steps=348 tiles=42 compute_us=158684 present_us=64549 touch_us=195 pacing_us=7519 wall_us=230947 maximum_wall_us=500000 max_tick_us=8544 touch_samples=311 touch_interval_max_us=1138 touch_read_max_us=415 touch_events=0 touch_down=0 touch_up=0 touch_events_ge_8ms=0 touch_event_age_max_us=0 touch_errors=0 touch_overflows=0 pass=1
[09:42:39] TINYDRAW_GATE1_PACED_COLD corpus=adversarial_tapered_4x zoom=200 x=0 y=0 steps=1214 tiles=42 compute_us=441564 present_us=65514 touch_us=360 pacing_us=14529 wall_us=521967 maximum_wall_us=500000 max_tick_us=9675 touch_samples=593 touch_interval_max_us=1131 touch_read_max_us=404 touch_events=0 touch_down=0 touch_up=0 touch_events_ge_8ms=0 touch_event_age_max_us=0 touch_errors=0 touch_overflows=0 pass=0
[09:42:40] TINYDRAW_GATE1_PACED_COLD corpus=adversarial_tapered_4x zoom=400 x=0 y=0 steps=904 tiles=42 compute_us=549741 present_us=68807 touch_us=392 pacing_us=16221 wall_us=635161 maximum_wall_us=500000 max_tick_us=10662 touch_samples=701 touch_interval_max_us=1146 touch_read_max_us=452 touch_events=0 touch_down=0 touch_up=0 touch_events_ge_8ms=0 touch_event_age_max_us=0 touch_errors=0 touch_overflows=0 pass=0
[09:42:40] TINYDRAW_GATE1_WORKLOAD kind=realistic seed=7 operations=1000 samples=19844 maximum_stroke=198 load_us=369737 raw_source=1 lod_copies=0
[09:42:41] TINYDRAW_GATE1_PACED_COLD corpus=seed7 zoom=400 x=63 y=63 steps=281 tiles=56 compute_us=282325 present_us=87209 touch_us=258 pacing_us=8177 wall_us=377969 maximum_wall_us=500000 max_tick_us=13059 touch_samples=937 touch_interval_max_us=1491 touch_read_max_us=463 touch_events=0 touch_down=0 touch_up=0 touch_events_ge_8ms=0 touch_event_age_max_us=0 touch_errors=0 touch_overflows=0 pass=1
[09:42:41] TINYDRAW_LIVE_PRESENT kind=gate_fallback zoom=100 x=0 y=0 compose_us=16835 scroll_us=0 exposed_compose_us=0 chrome_us=6563 read_submit_us=27992 read_complete_us=33652 transfer_wait_us=23034 tile_pixels=0 uniform_pixels=0 overview_pixels=0 fallback_pixels=164864 resident_tiles=0 fallback_tiles=42 pushes=11 tear_wait_us=11029 tear_edge_isr_to_resume_us=10 tear_edge_observed=1 tear_edge_wait_resumed=1 tear_edge_timeout=0 tear_heal_attempted=0 tear_heal_command_sent=0 presentation_experiment=boundary-top-sweep te_edge=rising requested_clock_mhz=50 effective_clock_mhz=40 frame_reused=0 pass=1
[09:42:41] TINYDRAW_GATE1_HARD zoom=100 cold=1 operations=1000 samples=19844 steps=275 tiles=42 scanned=12000 rendered=5232 max_supertask_us=9952 presentation_us=70826 total_us=381191 maximum_wall_us=500000 pass=1
[09:42:41] TINYDRAW_GATE1_OVERLAY_CANVAS regions=zoom,minimap,toolbar,battery operations=4 presentation_mutations=0 authority=1 pass=1
[09:42:42] TINYDRAW_GATE1_LIVE_OVERLAY clear_updates=48 clear_wall_max_us=3940 clear_submit_max_us=2129 clear_complete_max_us=3060 overlay_updates=48 overlay_wall_max_us=3912 overlay_submit_max_us=2048 overlay_complete_max_us=3175 overlay_chrome_max_us=226 clear_failures=0 overlay_failures=0 pass=1
[09:42:42] TINYDRAW_EDGE_INK corners=4 edge_failures=0 pass=1
[09:42:42] TINYDRAW_GATE1_PAN zoom=100 from_x=0 from_y=0 to_x=88 to_y=88 compose_us=16067 scroll_us=13 exposed_compose_us=16054 chrome_us=2337 event_submit_us=25757 event_complete_us=29033 transfer_us=16240 setup=1 present=1 moved=1 frame_reused=1 pass=1
[09:42:42] TINYDRAW_LIVE_PRESENT kind=gate_fallback zoom=400 x=0 y=0 compose_us=15969 scroll_us=0 exposed_compose_us=0 chrome_us=6387 read_submit_us=23656 read_complete_us=29359 transfer_wait_us=22786 tile_pixels=0 uniform_pixels=0 overview_pixels=0 fallback_pixels=164864 resident_tiles=0 fallback_tiles=42 pushes=11 tear_wait_us=7557 tear_edge_isr_to_resume_us=10 tear_edge_observed=1 tear_edge_wait_resumed=1 tear_edge_timeout=0 tear_heal_attempted=0 tear_heal_command_sent=0 presentation_experiment=boundary-top-sweep te_edge=rising requested_clock_mhz=50 effective_clock_mhz=40 frame_reused=0 pass=1
[09:42:43] TINYDRAW_GATE1_HARD zoom=400 cold=1 operations=1008 samples=19852 steps=217 tiles=42 scanned=12096 rendered=592 max_supertask_us=11314 presentation_us=70420 total_us=275889 maximum_wall_us=500000 pass=1
[09:42:43] TINYDRAW_GATE1_PAN zoom=400 from_x=0 from_y=0 to_x=88 to_y=88 compose_us=16059 scroll_us=11 exposed_compose_us=16048 chrome_us=2193 event_submit_us=29676 event_complete_us=32964 transfer_us=16324 setup=1 present=1 moved=1 frame_reused=1 pass=1
[09:42:46] TINYDRAW_PANSEQ_FRAME zoom=100 step=0 dx=24 dy=18 scroll_us=12 exposed_compose_us=4833 chrome_us=2359 tear_wait_us=6062 present_us=15937 prepare_us=11021 acquire_wait_us=23 ring_copy_us=8605 patch_us=2401 byte_swap_us=15 staging_us=3936 event_submit_us=11026 event_complete_us=14305 frame_us=26967 tear_edge_observed=1 frame_reused=1 pass=1
[09:42:46] TINYDRAW_PANSEQ_FRAME zoom=100 step=1 dx=24 dy=18 scroll_us=12 exposed_compose_us=4904 chrome_us=2381 tear_wait_us=12540 present_us=16348 prepare_us=10992 acquire_wait_us=31 ring_copy_us=8555 patch_us=2418 byte_swap_us=19 staging_us=3928 event_submit_us=17569 event_complete_us=20822 frame_us=33923 tear_edge_observed=1 frame_reused=1 pass=1
[09:42:46] TINYDRAW_PANSEQ_FRAME zoom=100 step=2 dx=24 dy=18 scroll_us=13 exposed_compose_us=4516 chrome_us=2349 tear_wait_us=12534 present_us=16760 prepare_us=11022 acquire_wait_us=23 ring_copy_us=8592 patch_us=2400 byte_swap_us=30 staging_us=3922 event_submit_us=17164 event_complete_us=20434 frame_us=33942 tear_edge_observed=1 frame_reused=1 pass=1
[09:42:46] TINYDRAW_PANSEQ_FRAME zoom=100 step=3 dx=24 dy=18 scroll_us=13 exposed_compose_us=5072 chrome_us=2357 tear_wait_us=11559 present_us=16163 prepare_us=10973 acquire_wait_us=28 ring_copy_us=8546 patch_us=2406 byte_swap_us=21 staging_us=3919 event_submit_us=16750 event_complete_us=19985 frame_us=32918 tear_edge_observed=1 frame_reused=1 pass=1
[09:42:46] TINYDRAW_PANSEQ_FRAME zoom=100 step=4 dx=24 dy=18 scroll_us=14 exposed_compose_us=4652 chrome_us=2344 tear_wait_us=12574 present_us=16578 prepare_us=10930 acquire_wait_us=33 ring_copy_us=8525 patch_us=2386 byte_swap_us=19 staging_us=3960 event_submit_us=17347 event_complete_us=20595 frame_us=33930 tear_edge_observed=1 frame_reused=1 pass=1
[09:42:46] TINYDRAW_PANSEQ_FRAME zoom=100 step=5 dx=24 dy=18 scroll_us=14 exposed_compose_us=4928 chrome_us=2371 tear_wait_us=11897 present_us=15981 prepare_us=10962 acquire_wait_us=29 ring_copy_us=8527 patch_us=2418 byte_swap_us=17 staging_us=3963 event_submit_us=16945 event_complete_us=20189 frame_us=32932 tear_edge_observed=1 frame_reused=1 pass=1
[09:42:46] TINYDRAW_PANSEQ_FRAME zoom=100 step=6 dx=24 dy=18 scroll_us=13 exposed_compose_us=4549 chrome_us=2385 tear_wait_us=12872 present_us=16382 prepare_us=10991 acquire_wait_us=22 ring_copy_us=8548 patch_us=2424 byte_swap_us=19 staging_us=3913 event_submit_us=17541 event_complete_us=20790 frame_us=33929 tear_edge_observed=1 frame_reused=1 pass=1
[09:42:46] TINYDRAW_PANSEQ_FRAME zoom=100 step=7 dx=24 dy=18 scroll_us=13 exposed_compose_us=4965 chrome_us=2376 tear_wait_us=12057 present_us=16785 prepare_us=10966 acquire_wait_us=25 ring_copy_us=8527 patch_us=2420 byte_swap_us=19 staging_us=3986 event_submit_us=17139 event_complete_us=20420 frame_us=33942 tear_edge_observed=1 frame_reused=1 pass=1
[09:42:46] TINYDRAW_PANSEQ_FRAME zoom=100 step=8 dx=24 dy=18 scroll_us=12 exposed_compose_us=4969 chrome_us=2350 tear_wait_us=11632 present_us=16191 prepare_us=11019 acquire_wait_us=29 ring_copy_us=8600 patch_us=2402 byte_swap_us=17 staging_us=3908 event_submit_us=16722 event_complete_us=19981 frame_us=32918 tear_edge_observed=1 frame_reused=1 pass=1
[09:42:46] TINYDRAW_PANSEQ_FRAME zoom=100 step=9 dx=24 dy=18 scroll_us=14 exposed_compose_us=4976 chrome_us=2375 tear_wait_us=12217 present_us=16610 prepare_us=10923 acquire_wait_us=28 ring_copy_us=8489 patch_us=2415 byte_swap_us=19 staging_us=3970 event_submit_us=17315 event_complete_us=20537 frame_us=33930 tear_edge_observed=1 frame_reused=1 pass=1
[09:42:46] TINYDRAW_PANSEQ_FRAME zoom=100 step=10 dx=24 dy=18 scroll_us=27 exposed_compose_us=4586 chrome_us=2386 tear_wait_us=12163 present_us=16027 prepare_us=11010 acquire_wait_us=23 ring_copy_us=8580 patch_us=2415 byte_swap_us=15 staging_us=3924 event_submit_us=16903 event_complete_us=20169 frame_us=32931 tear_edge_observed=1 frame_reused=1 pass=1
[09:42:47] TINYDRAW_PANSEQ_FRAME zoom=100 step=11 dx=24 dy=18 scroll_us=12 exposed_compose_us=5432 chrome_us=2381 tear_wait_us=11945 present_us=16432 prepare_us=10929 acquire_wait_us=26 ring_copy_us=8465 patch_us=2446 byte_swap_us=18 staging_us=3986 event_submit_us=17490 event_complete_us=20746 frame_us=33929 tear_edge_observed=1 frame_reused=1 pass=1
[09:42:47] TINYDRAW_PANSEQ_FRAME zoom=100 step=12 dx=24 dy=18 scroll_us=12 exposed_compose_us=4726 chrome_us=2361 tear_wait_us=12236 present_us=16842 prepare_us=10971 acquire_wait_us=22 ring_copy_us=8545 patch_us=2407 byte_swap_us=19 staging_us=3974 event_submit_us=17083 event_complete_us=20357 frame_us=33930 tear_edge_observed=1 frame_reused=1 pass=1
[09:42:47] TINYDRAW_PANSEQ_FRAME zoom=100 step=13 dx=24 dy=18 scroll_us=13 exposed_compose_us=4934 chrome_us=2341 tear_wait_us=11636 present_us=16235 prepare_us=10965 acquire_wait_us=30 ring_copy_us=8554 patch_us=2392 byte_swap_us=19 staging_us=3963 event_submit_us=16690 event_complete_us=19938 frame_us=32932 tear_edge_observed=1 frame_reused=1 pass=1
[09:42:47] TINYDRAW_PANSEQ_FRAME zoom=100 step=14 dx=24 dy=18 scroll_us=13 exposed_compose_us=4790 chrome_us=2360 tear_wait_us=12337 present_us=16676 prepare_us=10989 acquire_wait_us=26 ring_copy_us=8550 patch_us=2422 byte_swap_us=17 staging_us=3961 event_submit_us=17248 event_complete_us=20526 frame_us=33929 tear_edge_observed=1 frame_reused=1 pass=1
[09:42:47] TINYDRAW_PANSEQ_FRAME zoom=100 step=15 dx=24 dy=18 scroll_us=12 exposed_compose_us=5056 chrome_us=2353 tear_wait_us=11649 present_us=16087 prepare_us=10959 acquire_wait_us=26 ring_copy_us=8544 patch_us=2399 byte_swap_us=16 staging_us=3973 event_submit_us=16822 event_complete_us=20087 frame_us=32918 tear_edge_observed=1 frame_reused=1 pass=1
[09:42:47] TINYDRAW_PANSEQ_FRAME zoom=100 step=16 dx=72 dy=54 scroll_us=13 exposed_compose_us=13073 chrome_us=2371 tear_wait_us=4229 present_us=16502 prepare_us=10927 acquire_wait_us=25 ring_copy_us=8494 patch_us=2414 byte_swap_us=19 staging_us=3985 event_submit_us=17425 event_complete_us=20662 frame_us=33929 tear_edge_observed=1 frame_reused=1 pass=1
[09:42:47] TINYDRAW_PANSEQ_FRAME zoom=100 step=17 dx=72 dy=54 scroll_us=14 exposed_compose_us=12809 chrome_us=2363 tear_wait_us=4093 present_us=15899 prepare_us=10994 acquire_wait_us=27 ring_copy_us=8568 patch_us=2407 byte_swap_us=19 staging_us=3935 event_submit_us=17025 event_complete_us=20269 frame_us=32931 tear_edge_observed=1 frame_reused=1 pass=1
[09:42:47] TINYDRAW_PANSEQ_FRAME zoom=100 step=18 dx=72 dy=54 scroll_us=12 exposed_compose_us=12197 chrome_us=2356 tear_wait_us=5294 present_us=16309 prepare_us=11015 acquire_wait_us=34 ring_copy_us=8595 patch_us=2401 byte_swap_us=19 staging_us=3903 event_submit_us=17615 event_complete_us=20868 frame_us=33930 tear_edge_observed=1 frame_reused=1 pass=1
[09:42:47] TINYDRAW_PANSEQ_FRAME zoom=100 step=19 dx=72 dy=54 scroll_us=13 exposed_compose_us=12470 chrome_us=2344 tear_wait_us=4622 present_us=16709 prepare_us=10946 acquire_wait_us=24 ring_copy_us=8537 patch_us=2391 byte_swap_us=18 staging_us=3969 event_submit_us=17212 event_complete_us=20461 frame_us=33927 tear_edge_observed=1 frame_reused=1 pass=1
[09:42:47] TINYDRAW_PANSEQ_FRAME zoom=100 step=20 dx=-72 dy=-54 scroll_us=13 exposed_compose_us=13149 chrome_us=2344 tear_wait_us=3530 present_us=16112 prepare_us=10976 acquire_wait_us=23 ring_copy_us=8566 patch_us=2393 byte_swap_us=17 staging_us=3929 event_submit_us=16799 event_complete_us=20040 frame_us=32917 tear_edge_observed=1 frame_reused=1 pass=1
[09:42:47] TINYDRAW_PANSEQ_FRAME zoom=100 step=21 dx=-72 dy=-54 scroll_us=13 exposed_compose_us=12998 chrome_us=2356 tear_wait_us=4277 present_us=16525 prepare_us=10847 acquire_wait_us=24 ring_copy_us=8430 patch_us=2399 byte_swap_us=18 staging_us=4025 event_submit_us=17409 event_complete_us=20621 frame_us=33927 tear_edge_observed=1 frame_reused=1 pass=1
[09:42:47] TINYDRAW_PANSEQ_FRAME zoom=100 step=22 dx=-72 dy=-54 scroll_us=12 exposed_compose_us=12960 chrome_us=2375 tear_wait_us=3926 present_us=15918 prepare_us=11000 acquire_wait_us=38 ring_copy_us=8555 patch_us=2427 byte_swap_us=18 staging_us=3931 event_submit_us=17007 event_complete_us=20250 frame_us=32930 tear_edge_observed=1 frame_reused=1 pass=1
[09:42:47] TINYDRAW_PANSEQ_FRAME zoom=100 step=23 dx=-72 dy=-54 scroll_us=13 exposed_compose_us=12548 chrome_us=2389 tear_wait_us=4926 present_us=16318 prepare_us=10954 acquire_wait_us=24 ring_copy_us=8515 patch_us=2421 byte_swap_us=18 staging_us=3934 event_submit_us=17606 event_complete_us=20838 frame_us=33929 tear_edge_observed=1 frame_reused=1 pass=1
[09:42:47] TINYDRAW_PANSEQ_STRIP zoom=100 strip=0 panel_y=0 rows=44 samples=24 staging_mean_us=1385 staging_max_us=1425 wire_budget_us=1619 over_budget_us=0 pass=1
[09:42:47] TINYDRAW_PANSEQ_STRIP zoom=100 strip=1 panel_y=44 rows=44 samples=24 staging_mean_us=1263 staging_max_us=1291 wire_budget_us=1619 over_budget_us=0 pass=1
[09:42:47] TINYDRAW_PANSEQ_STRIP zoom=100 strip=2 panel_y=88 rows=44 samples=24 staging_mean_us=1210 staging_max_us=1226 wire_budget_us=1619 over_budget_us=0 pass=1
[09:42:47] TINYDRAW_PANSEQ_STRIP zoom=100 strip=3 panel_y=132 rows=44 samples=24 staging_mean_us=1212 staging_max_us=1223 wire_budget_us=1619 over_budget_us=0 pass=1
[09:42:47] TINYDRAW_PANSEQ_STRIP zoom=100 strip=4 panel_y=176 rows=44 samples=24 staging_mean_us=1209 staging_max_us=1221 wire_budget_us=1619 over_budget_us=0 pass=1
[09:42:47] TINYDRAW_PANSEQ_STRIP zoom=100 strip=5 panel_y=220 rows=44 samples=24 staging_mean_us=1239 staging_max_us=1257 wire_budget_us=1619 over_budget_us=0 pass=1
[09:42:47] TINYDRAW_PANSEQ_STRIP zoom=100 strip=6 panel_y=264 rows=44 samples=24 staging_mean_us=1418 staging_max_us=1438 wire_budget_us=1619 over_budget_us=0 pass=1
[09:42:47] TINYDRAW_PANSEQ_STRIP zoom=100 strip=7 panel_y=308 rows=44 samples=24 staging_mean_us=1400 staging_max_us=1413 wire_budget_us=1619 over_budget_us=0 pass=1
[09:42:47] TINYDRAW_PANSEQ_STRIP zoom=100 strip=8 panel_y=352 rows=20 samples=24 staging_mean_us=657 staging_max_us=683 wire_budget_us=736 over_budget_us=0 pass=1
[09:42:47] TINYDRAW_GATE1_PANSEQ zoom=100 frames=24 scroll_avg_us=13 exposed_avg_us=7503 chrome_avg_us=2363 tear_wait_avg_us=9283 present_avg_us=16346 prepare_avg_us=10970 acquire_wait_avg_us=26 ring_copy_avg_us=8542 patch_avg_us=2409 byte_swap_avg_us=18 staging_avg_us=3949 frame_avg_us=33263 frame_p50_us=33927 frame_p95_us=33942 frame_max_us=33942 complete_p50_us=20420 complete_p95_us=20838 complete_max_us=20868 tear_edge_failures=0 presentation_experiment=boundary-top-sweep te_edge=rising requested_clock_mhz=50 effective_clock_mhz=40 chrome_bottom_redraws=0 chrome_battery_redraws=0 chrome_zoom_redraws=0 chrome_minimap_base_redraws=0 strip_samples=216 staging_mean_us=1221 staging_max_us=1438 worst_strip=8 worst_strip_y=352 worst_wire_budget_us=736 worst_headroom_us=53 staging_invariant=1 pacing_pass=1 all_reused=1 pass=1
[09:42:50] TINYDRAW_PANSEQ_FRAME zoom=400 step=0 dx=24 dy=18 scroll_us=12 exposed_compose_us=4831 chrome_us=2180 tear_wait_us=5826 present_us=16174 prepare_us=10848 acquire_wait_us=24 ring_copy_us=8604 patch_us=2224 byte_swap_us=20 staging_us=4090 event_submit_us=10791 event_complete_us=14073 frame_us=26966 tear_edge_observed=1 frame_reused=1 pass=1
[09:42:50] TINYDRAW_PANSEQ_FRAME zoom=400 step=1 dx=24 dy=18 scroll_us=13 exposed_compose_us=4802 chrome_us=2180 tear_wait_us=12409 present_us=16574 prepare_us=10717 acquire_wait_us=25 ring_copy_us=8481 patch_us=2217 byte_swap_us=19 staging_us=4176 event_submit_us=17345 event_complete_us=20593 frame_us=33922 tear_edge_observed=1 frame_reused=1 pass=1
[09:42:50] TINYDRAW_PANSEQ_FRAME zoom=400 step=2 dx=24 dy=18 scroll_us=12 exposed_compose_us=4412 chrome_us=2174 tear_wait_us=12418 present_us=15972 prepare_us=10835 acquire_wait_us=27 ring_copy_us=8587 patch_us=2224 byte_swap_us=24 staging_us=4110 event_submit_us=16953 event_complete_us=20223 frame_us=32929 tear_edge_observed=1 frame_reused=1 pass=1
[09:42:50] TINYDRAW_PANSEQ_FRAME zoom=400 step=3 dx=24 dy=18 scroll_us=13 exposed_compose_us=4886 chrome_us=2207 tear_wait_us=12541 present_us=16372 prepare_us=10797 acquire_wait_us=21 ring_copy_us=8527 patch_us=2249 byte_swap_us=21 staging_us=4100 event_submit_us=17554 event_complete_us=20793 frame_us=33929 tear_edge_observed=1 frame_reused=1 pass=1
[09:42:50] TINYDRAW_PANSEQ_FRAME zoom=400 step=4 dx=24 dy=18 scroll_us=12 exposed_compose_us=4410 chrome_us=2186 tear_wait_us=12637 present_us=16771 prepare_us=10814 acquire_wait_us=29 ring_copy_us=8547 patch_us=2249 byte_swap_us=18 staging_us=4145 event_submit_us=17155 event_complete_us=20441 frame_us=33942 tear_edge_observed=1 frame_reused=1 pass=1
[09:42:50] TINYDRAW_PANSEQ_FRAME zoom=400 step=5 dx=24 dy=18 scroll_us=12 exposed_compose_us=4709 chrome_us=2160 tear_wait_us=11930 present_us=16151 prepare_us=10782 acquire_wait_us=25 ring_copy_us=8544 patch_us=2211 byte_swap_us=27 staging_us=4130 event_submit_us=16762 event_complete_us=20007 frame_us=32917 tear_edge_observed=1 frame_reused=1 pass=1
[09:42:50] TINYDRAW_PANSEQ_FRAME zoom=400 step=6 dx=24 dy=18 scroll_us=13 exposed_compose_us=4566 chrome_us=2179 tear_wait_us=12709 present_us=16531 prepare_us=10738 acquire_wait_us=28 ring_copy_us=8496 patch_us=2222 byte_swap_us=20 staging_us=4172 event_submit_us=17405 event_complete_us=20666 frame_us=33932 tear_edge_observed=1 frame_reused=1 pass=1
[09:42:50] TINYDRAW_PANSEQ_FRAME zoom=400 step=7 dx=24 dy=18 scroll_us=12 exposed_compose_us=5218 chrome_us=2191 tear_wait_us=11642 present_us=15940 prepare_us=10750 acquire_wait_us=33 ring_copy_us=8493 patch_us=2237 byte_swap_us=20 staging_us=4160 event_submit_us=16984 event_complete_us=20218 frame_us=32927 tear_edge_observed=1 frame_reused=1 pass=1
[09:42:50] TINYDRAW_PANSEQ_FRAME zoom=400 step=8 dx=24 dy=18 scroll_us=13 exposed_compose_us=5249 chrome_us=2206 tear_wait_us=12198 present_us=16357 prepare_us=10814 acquire_wait_us=22 ring_copy_us=8546 patch_us=2249 byte_swap_us=19 staging_us=4092 event_submit_us=17569 event_complete_us=20811 frame_us=33930 tear_edge_observed=1 frame_reused=1 pass=1
[09:42:50] TINYDRAW_PANSEQ_FRAME zoom=400 step=9 dx=24 dy=18 scroll_us=12 exposed_compose_us=5246 chrome_us=2194 tear_wait_us=11785 present_us=16772 prepare_us=10731 acquire_wait_us=22 ring_copy_us=8477 patch_us=2240 byte_swap_us=14 staging_us=4187 event_submit_us=17153 event_complete_us=20411 frame_us=33941 tear_edge_observed=1 frame_reused=1 pass=1
[09:42:50] TINYDRAW_PANSEQ_FRAME zoom=400 step=10 dx=24 dy=18 scroll_us=13 exposed_compose_us=4825 chrome_us=2157 tear_wait_us=11794 present_us=16176 prepare_us=10811 acquire_wait_us=25 ring_copy_us=8577 patch_us=2215 byte_swap_us=19 staging_us=4110 event_submit_us=16739 event_complete_us=19995 frame_us=32921 tear_edge_observed=1 frame_reused=1 pass=1
[09:42:50] TINYDRAW_PANSEQ_FRAME zoom=400 step=11 dx=24 dy=18 scroll_us=13 exposed_compose_us=5744 chrome_us=2173 tear_wait_us=11459 present_us=16597 prepare_us=10709 acquire_wait_us=23 ring_copy_us=8475 patch_us=2217 byte_swap_us=17 staging_us=4194 event_submit_us=17327 event_complete_us=20558 frame_us=33927 tear_edge_observed=1 frame_reused=1 pass=1
[09:42:50] TINYDRAW_PANSEQ_FRAME zoom=400 step=12 dx=24 dy=18 scroll_us=12 exposed_compose_us=5062 chrome_us=2172 tear_wait_us=11752 present_us=15992 prepare_us=10821 acquire_wait_us=34 ring_copy_us=8573 patch_us=2228 byte_swap_us=20 staging_us=4121 event_submit_us=16934 event_complete_us=20199 frame_us=32932 tear_edge_observed=1 frame_reused=1 pass=1
[09:42:50] TINYDRAW_PANSEQ_FRAME zoom=400 step=13 dx=24 dy=18 scroll_us=12 exposed_compose_us=5303 chrome_us=2202 tear_wait_us=12095 present_us=16398 prepare_us=10734 acquire_wait_us=28 ring_copy_us=8474 patch_us=2239 byte_swap_us=21 staging_us=4151 event_submit_us=17526 event_complete_us=20749 frame_us=33927 tear_edge_observed=1 frame_reused=1 pass=1
[09:42:50] TINYDRAW_PANSEQ_FRAME zoom=400 step=14 dx=24 dy=18 scroll_us=12 exposed_compose_us=5101 chrome_us=2187 tear_wait_us=11885 present_us=16820 prepare_us=10777 acquire_wait_us=25 ring_copy_us=8519 patch_us=2239 byte_swap_us=19 staging_us=4165 event_submit_us=17106 event_complete_us=20377 frame_us=33930 tear_edge_observed=1 frame_reused=1 pass=1
[09:42:50] TINYDRAW_PANSEQ_FRAME zoom=400 step=15 dx=24 dy=18 scroll_us=12 exposed_compose_us=5351 chrome_us=2179 tear_wait_us=11217 present_us=16234 prepare_us=10771 acquire_wait_us=27 ring_copy_us=8525 patch_us=2225 byte_swap_us=21 staging_us=4154 event_submit_us=16691 event_complete_us=19922 frame_us=32932 tear_edge_observed=1 frame_reused=1 pass=1
[09:42:50] TINYDRAW_PANSEQ_FRAME zoom=400 step=16 dx=72 dy=54 scroll_us=12 exposed_compose_us=13899 chrome_us=2180 tear_wait_us=3244 present_us=16661 prepare_us=10785 acquire_wait_us=30 ring_copy_us=8542 patch_us=2225 byte_swap_us=18 staging_us=4139 event_submit_us=17263 event_complete_us=20506 frame_us=33927 tear_edge_observed=1 frame_reused=1 pass=1
[09:42:50] TINYDRAW_PANSEQ_FRAME zoom=400 step=17 dx=72 dy=54 scroll_us=12 exposed_compose_us=13481 chrome_us=2181 tear_wait_us=3220 present_us=16084 prepare_us=10792 acquire_wait_us=25 ring_copy_us=8549 patch_us=2227 byte_swap_us=16 staging_us=4138 event_submit_us=16839 event_complete_us=20103 frame_us=32930 tear_edge_observed=1 frame_reused=1 pass=1
[09:42:50] TINYDRAW_PANSEQ_FRAME zoom=400 step=18 dx=72 dy=54 scroll_us=12 exposed_compose_us=13593 chrome_us=2183 tear_wait_us=3699 present_us=16509 prepare_us=10758 acquire_wait_us=26 ring_copy_us=8511 patch_us=2227 byte_swap_us=20 staging_us=4161 event_submit_us=17420 event_complete_us=20672 frame_us=33927 tear_edge_observed=1 frame_reused=1 pass=1
[09:42:50] TINYDRAW_PANSEQ_FRAME zoom=400 step=19 dx=72 dy=54 scroll_us=13 exposed_compose_us=14399 chrome_us=2188 tear_wait_us=2471 present_us=15930 prepare_us=10778 acquire_wait_us=25 ring_copy_us=8526 patch_us=2233 byte_swap_us=19 staging_us=4150 event_submit_us=16997 event_complete_us=20236 frame_us=32929 tear_edge_observed=1 frame_reused=1 pass=1
[09:42:50] TINYDRAW_PANSEQ_FRAME zoom=400 step=20 dx=-72 dy=-54 scroll_us=12 exposed_compose_us=13962 chrome_us=2198 tear_wait_us=3494 present_us=16348 prepare_us=10815 acquire_wait_us=22 ring_copy_us=8554 patch_us=2242 byte_swap_us=19 staging_us=4082 event_submit_us=17578 event_complete_us=20816 frame_us=33930 tear_edge_observed=1 frame_reused=1 pass=1
[09:42:50] TINYDRAW_PANSEQ_FRAME zoom=400 step=21 dx=-72 dy=-54 scroll_us=12 exposed_compose_us=13620 chrome_us=2192 tear_wait_us=3428 present_us=16752 prepare_us=10744 acquire_wait_us=25 ring_copy_us=8489 patch_us=2238 byte_swap_us=17 staging_us=4164 event_submit_us=17170 event_complete_us=20412 frame_us=33941 tear_edge_observed=1 frame_reused=1 pass=1
[09:42:50] TINYDRAW_PANSEQ_FRAME zoom=400 step=22 dx=-72 dy=-54 scroll_us=12 exposed_compose_us=13496 chrome_us=2171 tear_wait_us=3147 present_us=16150 prepare_us=10835 acquire_wait_us=24 ring_copy_us=8588 patch_us=2225 byte_swap_us=22 staging_us=4081 event_submit_us=16764 event_complete_us=20015 frame_us=32919 tear_edge_observed=1 frame_reused=1 pass=1
[09:42:50] TINYDRAW_PANSEQ_FRAME zoom=400 step=23 dx=-72 dy=-54 scroll_us=13 exposed_compose_us=12677 chrome_us=2174 tear_wait_us=4568 present_us=16556 prepare_us=10658 acquire_wait_us=30 ring_copy_us=8426 patch_us=2215 byte_swap_us=17 staging_us=4245 event_submit_us=17365 event_complete_us=20615 frame_us=33927 tear_edge_observed=1 frame_reused=1 pass=1
[09:42:50] TINYDRAW_PANSEQ_STRIP zoom=400 strip=0 panel_y=0 rows=44 samples=24 staging_mean_us=1382 staging_max_us=1434 wire_budget_us=1619 over_budget_us=0 pass=1
[09:42:50] TINYDRAW_PANSEQ_STRIP zoom=400 strip=1 panel_y=44 rows=44 samples=24 staging_mean_us=1259 staging_max_us=1285 wire_budget_us=1619 over_budget_us=0 pass=1
[09:42:50] TINYDRAW_PANSEQ_STRIP zoom=400 strip=2 panel_y=88 rows=44 samples=24 staging_mean_us=1213 staging_max_us=1222 wire_budget_us=1619 over_budget_us=0 pass=1
[09:42:50] TINYDRAW_PANSEQ_STRIP zoom=400 strip=3 panel_y=132 rows=44 samples=24 staging_mean_us=1210 staging_max_us=1223 wire_budget_us=1619 over_budget_us=0 pass=1
[09:42:50] TINYDRAW_PANSEQ_STRIP zoom=400 strip=4 panel_y=176 rows=44 samples=24 staging_mean_us=1208 staging_max_us=1220 wire_budget_us=1619 over_budget_us=0 pass=1
[09:42:50] TINYDRAW_PANSEQ_STRIP zoom=400 strip=5 panel_y=220 rows=44 samples=24 staging_mean_us=1195 staging_max_us=1213 wire_budget_us=1619 over_budget_us=0 pass=1
[09:42:50] TINYDRAW_PANSEQ_STRIP zoom=400 strip=6 panel_y=264 rows=44 samples=24 staging_mean_us=1362 staging_max_us=1378 wire_budget_us=1619 over_budget_us=0 pass=1
[09:42:50] TINYDRAW_PANSEQ_STRIP zoom=400 strip=7 panel_y=308 rows=44 samples=24 staging_mean_us=1356 staging_max_us=1371 wire_budget_us=1619 over_budget_us=0 pass=1
[09:42:50] TINYDRAW_PANSEQ_STRIP zoom=400 strip=8 panel_y=352 rows=20 samples=24 staging_mean_us=613 staging_max_us=647 wire_budget_us=736 over_budget_us=0 pass=1
[09:42:51] TINYDRAW_GATE1_PANSEQ zoom=400 frames=24 scroll_avg_us=12 exposed_avg_us=7868 chrome_avg_us=2183 tear_wait_avg_us=8898 present_avg_us=16367 prepare_avg_us=10775 acquire_wait_avg_us=26 ring_copy_avg_us=8526 patch_avg_us=2229 byte_swap_avg_us=19 staging_avg_us=4142 frame_avg_us=33263 frame_p50_us=33927 frame_p95_us=33941 frame_max_us=33942 complete_p50_us=20411 complete_p95_us=20811 complete_max_us=20816 tear_edge_failures=0 presentation_experiment=boundary-top-sweep te_edge=rising requested_clock_mhz=50 effective_clock_mhz=40 chrome_bottom_redraws=0 chrome_battery_redraws=0 chrome_zoom_redraws=0 chrome_minimap_base_redraws=0 strip_samples=216 staging_mean_us=1200 staging_max_us=1434 worst_strip=8 worst_strip_y=352 worst_wire_budget_us=736 worst_headroom_us=89 staging_invariant=1 pacing_pass=1 all_reused=1 pass=1
[09:42:51] TINYDRAW_GATE1_PAN_BOUNDARY zoom=100 slow_1px_trace=1 below_delta=94 below_reused=1 at_delta=96 at_reused=1 above_delta=98 above_fallback=1 pass=1
[09:42:51] TINYDRAW_GATE1_PAN_BOUNDARY zoom=400 slow_1px_trace=1 below_delta=94 below_reused=1 at_delta=96 at_reused=1 above_delta=98 above_fallback=1 pass=1
[09:42:52] TINYDRAW_GATE1_DRAW_FILL zoom=400 revision=2148 append_us=1281 poll_gap_us=109 event_submit_us=219 event_complete_us=2168 max_compute_slice_us=4731 max_display_slice_us=16750 fill_us=281391 revision_restarted=1 pass=1
[09:42:52] TINYDRAW_GATE1_CACHE_FILL zoom=50 x=63 y=63 published=56 total_us=548964 within_cold_gate=0 complete=1
[09:42:53] TINYDRAW_GATE1_CACHE_FILL zoom=100 x=63 y=63 published=56 total_us=517964 within_cold_gate=0 complete=1
[09:42:53] TINYDRAW_GATE1_CACHE_FILL zoom=200 x=63 y=63 published=56 total_us=427966 within_cold_gate=1 complete=1
[09:42:54] TINYDRAW_GATE1_CACHE_FILL zoom=400 x=63 y=63 published=56 total_us=392964 within_cold_gate=1 complete=1
[09:42:54] TINYDRAW_GATE1_CACHE_REVISIT zoom=50 remaining=0 tile_pixels=118128 fallback_pixels=0 compose_us=18018 complete_us=22725 hit=1
[09:42:54] TINYDRAW_GATE1_CACHE_REVISIT zoom=100 remaining=0 tile_pixels=164864 fallback_pixels=0 compose_us=20058 complete_us=22316 hit=1
[09:42:54] TINYDRAW_GATE1_CACHE_REVISIT zoom=200 remaining=0 tile_pixels=164864 fallback_pixels=0 compose_us=21190 complete_us=22906 hit=1
[09:42:54] TINYDRAW_GATE1_CACHE_REVISIT zoom=400 remaining=0 tile_pixels=164608 fallback_pixels=0 compose_us=22055 complete_us=22501 hit=1
[09:42:55] TINYDRAW_GATE1_CACHE_FILL zoom=400 x=575 y=575 published=56 total_us=422959 within_cold_gate=1 complete=1
[09:42:55] TINYDRAW_GATE1_CACHE_ROUND_TRIP zoom=50 from_x=63 from_y=63 via_x=575 via_y=575 remaining=0 tile_pixels=118128 fallback_pixels=0 compose_us=18177 complete_us=22883 hit=1
[09:42:55] TINYDRAW_GATE1_CACHE_ROUND_TRIP zoom=100 from_x=63 from_y=63 via_x=575 via_y=575 remaining=0 tile_pixels=164864 fallback_pixels=0 compose_us=20217 complete_us=22486 hit=1
[09:42:55] TINYDRAW_GATE1_CACHE_ROUND_TRIP zoom=200 from_x=63 from_y=63 via_x=575 via_y=575 remaining=0 tile_pixels=164864 fallback_pixels=0 compose_us=21028 complete_us=23098 hit=1
[09:42:55] TINYDRAW_GATE1_CACHE_ROUND_TRIP zoom=400 from_x=63 from_y=63 via_x=575 via_y=575 remaining=0 tile_pixels=164608 fallback_pixels=0 compose_us=22058 complete_us=22693 hit=1
[09:42:55] TINYDRAW_GATE1_CACHE_RETENTION pass=1 slots=448 revision=2148
[09:42:56] TINYDRAW_PAPER_SWEEP zoom=100 identities=644 raw=266 uniform=378 fallback=0 slots=448 total_us=1488825 pass=1
[09:43:01] TINYDRAW_GATE1_CACHE_TOUR slots=448 stops=16 forward_steps=2306 forward_tiles=832 forward_wall_us=2455553 return_missing_tiles=0 return_steps=16 return_tiles=0 return_wall_us=43112 home_missing=0 home_fallback_pixels=0 pass=1
[09:43:01] TINYDRAW_GATE1_MIXED_DRAW_WARM zoom=50 fill_tiles=56 fill_us=459218 raw=42 uniform=14
[09:43:02] TINYDRAW_GATE1_MIXED_DRAW_WARM zoom=100 fill_tiles=56 fill_us=427909 raw=56 uniform=0
[09:43:02] TINYDRAW_GATE1_MIXED_DRAW_WARM zoom=200 fill_tiles=56 fill_us=398474 raw=56 uniform=0
[09:43:03] TINYDRAW_GATE1_MIXED_DRAW_WARM zoom=400 fill_tiles=42 fill_us=270177 raw=42 uniform=0
[09:43:03] TINYDRAW_GATE1_MIXED_DRAW zoom=25 tool=pen chunks=50 append_max_us=9437 append_avg_us=8247 append_total_us=412363 affected_tiles=196 published=0 fallback=196 visible_fallback=0 committed=1 authority=1 refresh=1 run_ok=1 pass=1
[09:43:04] TINYDRAW_GATE1_MIXED_DRAW zoom=25 tool=eraser chunks=50 append_max_us=9542 append_avg_us=8184 append_total_us=409222 affected_tiles=0 published=0 fallback=0 visible_fallback=0 committed=1 authority=1 refresh=1 run_ok=1 pass=1
[09:43:06] TINYDRAW_GATE1_MIXED_DRAW zoom=50 tool=pen chunks=50 append_max_us=12216 append_avg_us=10044 append_total_us=502206 affected_tiles=422 published=400 fallback=22 visible_fallback=0 committed=1 authority=1 refresh=1 run_ok=1 pass=1
[09:43:07] TINYDRAW_GATE1_MIXED_DRAW zoom=50 tool=eraser chunks=50 append_max_us=10781 append_avg_us=9793 append_total_us=489684 affected_tiles=405 published=405 fallback=0 visible_fallback=0 committed=1 authority=1 refresh=1 run_ok=1 pass=1
[09:43:08] TINYDRAW_GATE1_MIXED_DRAW zoom=100 tool=pen chunks=50 append_max_us=10052 append_avg_us=8297 append_total_us=414886 affected_tiles=450 published=398 fallback=52 visible_fallback=0 committed=1 authority=1 refresh=1 run_ok=1 pass=1
[09:43:09] TINYDRAW_GATE1_MIXED_DRAW zoom=100 tool=eraser chunks=50 append_max_us=8956 append_avg_us=8069 append_total_us=403484 affected_tiles=399 published=399 fallback=0 visible_fallback=0 committed=1 authority=1 refresh=1 run_ok=1 pass=1
[09:43:10] TINYDRAW_GATE1_MIXED_DRAW zoom=200 tool=pen chunks=50 append_max_us=9386 append_avg_us=7727 append_total_us=386351 affected_tiles=425 published=389 fallback=36 visible_fallback=0 committed=1 authority=1 refresh=1 run_ok=1 pass=1
[09:43:11] TINYDRAW_GATE1_MIXED_DRAW zoom=200 tool=eraser chunks=50 append_max_us=8501 append_avg_us=7477 append_total_us=373874 affected_tiles=388 published=388 fallback=0 visible_fallback=0 committed=1 authority=1 refresh=1 run_ok=1 pass=1
[09:43:12] TINYDRAW_GATE1_MIXED_DRAW zoom=400 tool=pen chunks=50 append_max_us=8831 append_avg_us=7157 append_total_us=357892 affected_tiles=358 published=334 fallback=24 visible_fallback=0 committed=1 authority=1 refresh=1 run_ok=1 pass=1
[09:43:13] TINYDRAW_GATE1_MIXED_DRAW zoom=400 tool=eraser chunks=50 append_max_us=7908 append_avg_us=7009 append_total_us=350494 affected_tiles=350 published=350 fallback=0 visible_fallback=0 committed=1 authority=1 refresh=1 run_ok=1 pass=1
[09:43:13] TINYDRAW_GATE1_MIXED_DRAW_REVISIT zoom=50 missing=4 refill_tiles=4 refill_us=139874
[09:43:13] TINYDRAW_GATE1_MIXED_DRAW_REVISIT zoom=100 missing=9 refill_tiles=9 refill_us=241038
[09:43:14] TINYDRAW_GATE1_MIXED_DRAW_REVISIT zoom=200 missing=16 refill_tiles=16 refill_us=248720
[09:43:14] TINYDRAW_GATE1_MIXED_DRAW_REVISIT zoom=400 missing=0 refill_tiles=0 refill_us=948
[09:43:14] TINYDRAW_GATE1_MIXED_DRAW_SUMMARY slots=448 strokes=10 worst_append_us=12216 pass=1
[09:43:19] TINYDRAW_GATE1_IDLE_REPAIR damaged=588 remaining=0 plan_views=24 steps=4105 repair_us=3741718 worst_step_us=8246 warm_tiles=56 pass=1
[09:43:20] TINYDRAW_HAIRLINE_DOC ops=782 samples=8061 append_total_us=880532 append_max_us=5810
[09:43:21] TINYDRAW_HAIRLINE_COLD zoom=100 wall_us=261439 steps=221 tiles=56 worst_step_us=9110
[09:43:21] TINYDRAW_HAIRLINE_COLD zoom=400 wall_us=207345 steps=208 tiles=48 worst_step_us=8357
[09:43:24] TINYDRAW_HAIRLINE_REPAIR steps=2508 wall_us=2705889 worst_step_us=9617 resident=407/448 grid_stopped=1 pass2_steps=8 pass2_wall_us=11807 no_churn=1
[09:43:25] TINYDRAW_HAIRLINE_TOUR stops=8 total_us=1203437 worst_stop_us=235791 worst_step_us=11232
[09:43:25] TINYDRAW_GATE1_HAIRLINE raw=339 uniform=72 fallback=233 capacity=448 worst_step_us=11232 grid_stopped=1 pass=1
[09:43:27] TINYDRAW_GATE1_LONG_GESTURE path=reference samples=1600 chunks=26 append_total_us=711025 append_max_us=33893 append_avg_us=27347 refresh_fallback_pixels=0 settled_fallback_pixels=0 committed=1 authority=1 refresh=1 run_ok=1
[09:43:27] TINYDRAW_GATE1_LONG_GESTURE path=in_place samples=1600 chunks=52 append_total_us=355856 append_max_us=8417 append_avg_us=6843 refresh_fallback_pixels=0 settled_fallback_pixels=0 committed=1 authority=1 refresh=1 run_ok=1
[09:43:27] TINYDRAW_V2_EXPORT_PROGRESS row=0 of=1792
[09:43:28] TINYDRAW_V2_EXPORT_PROGRESS row=256 of=1792
[09:43:29] TINYDRAW_V2_EXPORT_PROGRESS row=512 of=1792
[09:43:29] TINYDRAW_V2_EXPORT_PROGRESS row=768 of=1792
[09:43:30] TINYDRAW_V2_EXPORT_PROGRESS row=1024 of=1792
[09:43:31] TINYDRAW_V2_EXPORT_PROGRESS row=1280 of=1792
[09:43:32] TINYDRAW_V2_EXPORT_PROGRESS row=1536 of=1792
[09:43:33] TINYDRAW_GATE1_EXPORT encoded=1 bytes=40045 elapsed_us=5764259 workspace_bytes=50652 band_bytes=376832 free_psram=1879376 free_internal=240092 signature=1 dimensions=1 chunks=3 chunks_ok=1 pass=1
[09:43:33] TINYDRAW_EXPORT_RESERVE requested=1572864 free_before=1879376 largest_before=1867776 free_held=306508 largest_held=303104 pass=1
[09:43:33] TINYDRAW_GATE1_AUTOMATED_DONE stress=1 stress_100=1 stress_400=1 overlap_ready=1 overlap_cold=1 adversarial_ready=1 adversarial_cold=0 workload=1 paced_cold=1 hard_100=1 hard_400=1 pan_100=1 pan_400=1 pan_seq=1 pan_boundary=1 live_overlay=1 draw_fill=1 cache=1 full_world_cache=1 cache_tour=1 mixed_draw=1 idle_repair=1 hairline=1 long_gesture=1 export_encode=1 export_reserve=1 return=1 ssaa_receipt=yellow
[09:43:33] TINYDRAW_VECTOR_V2_GATE_HARNESS_DONE pass=0
[09:43:33] I (59947) main_task: Returned from app_main()
