[09:17:57] I (103) esp_image: segment 0: paddr=00010020 vaddr=3c050020 sizeTINYDRAW_GATE1_PACED_COLD corpus=overlap zoom=400 x=2791 y=3391 steps=94 tiles=56 compute_us=229501 present_us=82397 touch_us=403 pacing_us=4680 wall_us=316981 maximum_wall_us=500000 max_tick_us=10406 touch_samples=385 touch_interval_max_us=1158 touch_readESP-ROM:esp32s3-20210327
[09:17:57] Build:Mar 27 2021
[09:17:57] rst:0x15 (USB_UART_CHIP_RESET),boot:0x2b (SPI_FAST_FLASH_BOOT)
[09:17:57] Saved PC:0x42009dcb
[09:17:57] SPIWP:0xee
[09:17:57] mode:DIO, clock div:1
[09:17:57] load:0x3fce2820,len:0x1664
[09:17:57] load:0x403c8700,len:0xf38
[09:17:57] load:0x403cb700,len:0x31e8
[09:17:57] entry 0x403c8930
[09:17:57] I (24) boot: ESP-IDF v6.0.2 2nd stage bootloader
[09:17:57] I (24) boot: compile time Aug 16 2026 00:18:14
[09:17:57] I (25) boot: Multicore bootloader
[09:17:57] I (25) boot: chip revision: v0.2
[09:17:57] I (28) boot: efuse block revision: v1.3
[09:17:57] I (31) qio_mode: Enabling default flash chip QIO
[09:17:57] I (36) boot.esp32s3: Boot SPI Speed : 80MHz
[09:17:57] I (39) boot.esp32s3: SPI Mode       : QIO
[09:17:57] I (43) boot.esp32s3: SPI Flash Size : 16MB
[09:17:57] I (47) boot: Enabling RNG early entropy source...
[09:17:57] I (51) boot: Partition Table:
[09:17:57] I (54) boot: ## Label            Usage          Type ST Offset   Length
[09:17:57] I (60) boot:  0 nvs              WiFi data        01 02 00009000 00006000
[09:17:57] I (67) boot:  1 phy_init         RF data          01 01 0000f000 00001000
[09:17:57] I (73) boot:  2 factory          factory app      00 00 00010000 00100000
[09:17:57] I (80) boot:  3 drawing          Unknown data     01 40 00110000 00300000
[09:17:57] I (86) boot:  4 export           Unknown data     01 41 00410000 00500000
[09:17:57] I (93) boot:  5 coredump         Unknown data     01 03 00910000 00010000
[09:17:57] I (100) boot: End of partition table
[09:17:57] I (103) esp_image: segment 0: paddr=00010020 vaddr=3c050020 size=147cch ( 83916) map
[09:17:57] I (123) esp_image: segment 1: paddr=000247f4 vaddr=3fc94500 size=03764h ( 14180) load
[09:17:57] I (126) esp_image: segment 2: paddr=00027f60 vaddr=40374000 size=080b8h ( 32952) load
[09:17:57] I (134) esp_image: segment 3: paddr=00030020 vaddr=42000020 size=49694h (300692) map
[09:17:57] I (181) esp_image: segment 4: paddr=000796bc vaddr=4037c0b8 size=08408h ( 33800) load
[09:17:57] I (188) esp_image: segment 5: paddr=00081acc vaddr=50000000 size=00024h (    36) load
[09:17:57] I (196) boot: Loaded app from partition at offset 0x10000
[09:17:57] I (196) boot: Disabling RNG early entropy source...
[09:17:57] I (207) octal_psram: vendor id    : 0x0d (AP)
[09:17:57] I (207) octal_psram: dev id       : 0x02 (generation 3)
[09:17:57] I (207) octal_psram: density      : 0x03 (64 Mbit)
[09:17:57] I (209) octal_psram: good-die     : 0x01 (Pass)
[09:17:57] I (213) octal_psram: Latency      : 0x01 (Fixed)
[09:17:57] I (217) octal_psram: VCC          : 0x01 (3V)
[09:17:57] I (222) octal_psram: SRF          : 0x01 (Fast Refresh)
[09:17:57] I (226) octal_psram: BurstType    : 0x01 (Hybrid Wrap)
[09:17:57] I (231) octal_psram: BurstLen     : 0x01 (32 Byte)
[09:17:57] I (236) octal_psram: Readlatency  : 0x02 (10 cycles@Fixed)
[09:17:57] I (241) octal_psram: DriveStrength: 0x00 (1/1)
[09:17:57] I (245) MSPI Timing: Enter psram timing tuning
[09:17:57] I (250) esp_psram: Found 8MB PSRAM device
[09:17:57] I (253) esp_psram: Speed: 80MHz
[09:17:57] I (256) cpu_start: Multicore app
[09:17:57] I (672) esp_psram: SPI SRAM memory test OK
[09:17:57] I (680) cpu_start: GPIO 44 and 43 are used as console UART I/O pins
[09:17:57] I (681) cpu_start: Pro cpu start user code
[09:17:57] I (681) cpu_start: cpu freq: 240000000 Hz
[09:17:57] I (683) app_init: Application information:
[09:17:57] I (686) app_init: Project name:     tinydraw_esp32
[09:17:57] I (691) app_init: App version:      3212e3d-dirty
[09:17:57] I (695) app_init: Compile time:     Aug 16 2026 09:13:50
[09:17:57] I (700) app_init: ELF file SHA256:  1419b8066...
[09:17:57] I (705) app_init: ESP-IDF:          v6.0.2
[09:17:57] I (709) efuse_init: Min chip rev:     v0.0
[09:17:57] I (712) efuse_init: Max chip rev:     v0.99 
[09:17:57] I (716) efuse_init: Chip rev:         v0.2
[09:17:57] I (720) heap_init: Initializing. RAM available for dynamic allocation:
[09:17:57] I (726) heap_init: At 3FC99090 len 00050680 (321 KiB): RAM
[09:17:57] I (732) heap_init: At 3FCE9710 len 00005724 (21 KiB): RAM
[09:17:57] I (737) heap_init: At 3FCF0000 len 00008000 (32 KiB): DRAM
[09:17:57] I (742) heap_init: At 600FE000 len 00001FE8 (7 KiB): RTCRAM
[09:17:57] I (747) esp_psram: Adding pool of 8192K of PSRAM memory to heap allocator
[09:17:57] I (754) spi_flash: detected chip: generic
[09:17:57] I (757) spi_flash: flash io: qio
[09:17:57] I (761) sleep_gpio: Configure to isolate all GPIO pins in sleep state
[09:17:57] I (767) sleep_gpio: Enable automatic switching of GPIO sleep configuration
[09:17:57] I (774) main_task: Started on CPU0
[09:17:57] I (777) main_task: Calling app_main()
[09:17:57] TINYDRAW_PANEL_HARD_RESET=1
[09:17:57] TINYDRAW_PANEL_TRANSPORT requested_clock_mhz=50 effective_clock_mhz=40
[09:17:57] I (975) co5300: version: 2.1.0
[09:17:57] I (975) co5300_spi: LCD panel create success, version: 2.1.0
[09:17:57] W (1060) co5300_spi: The 3Ah command has been used and will be overwritten by external initialization sequence
[09:17:57] I (1161) CST816S: IC id: 183
[09:17:57] TINYDRAW_VECTOR_V2_PRESENTATION experiment=boundary-top-sweep te_edge=rising requested_clock_mhz=50 effective_clock_mhz=40 optical_acceptance=external_manual
[09:17:58] TINYDRAW_LIVE_PRESENT kind=startup zoom=25 x=0 y=0 compose_us=26072 scroll_us=0 exposed_compose_us=0 chrome_us=16981 read_submit_us=0 read_complete_us=0 transfer_wait_us=32877 tile_pixels=0 uniform_pixels=0 overview_pixels=164864 fallback_pixels=0 resident_tiles=0 fallback_tiles=0 pushes=11 tear_wait_us=12517 tear_edge_isr_to_resume_us=12 tear_edge_observed=1 tear_edge_wait_resumed=1 tear_edge_timeout=0 tear_heal_attempted=0 tear_heal_command_sent=0 presentation_experiment=boundary-top-sweep te_edge=rising requested_clock_mhz=50 effective_clock_mhz=40 frame_reused=0 pass=1
[09:17:58] TINYDRAW_LIVE_STRESS operations=1000 samples=20000 total_us=476606 average_us=476 maximum_us=781 free_psram=1879376 largest_psram=1867776
[09:17:58] TINYDRAW_LIVE_PRESENT kind=gate_fallback zoom=100 x=0 y=0 compose_us=16368 scroll_us=0 exposed_compose_us=0 chrome_us=10828 read_submit_us=21574 read_complete_us=31573 transfer_wait_us=26977 tile_pixels=0 uniform_pixels=0 overview_pixels=0 fallback_pixels=164864 resident_tiles=0 fallback_tiles=42 pushes=11 tear_wait_us=5074 tear_edge_isr_to_resume_us=10 tear_edge_observed=1 tear_edge_wait_resumed=1 tear_edge_timeout=0 tear_heal_attempted=0 tear_heal_command_sent=0 presentation_experiment=boundary-top-sweep te_edge=rising requested_clock_mhz=50 effective_clock_mhz=40 frame_reused=0 pass=1
[09:17:58] TINYDRAW_GATE1_HARD zoom=100 cold=1 operations=1000 samples=20000 steps=192 tiles=42 scanned=12000 rendered=1659 max_supertask_us=9901 presentation_us=72174 total_us=282412 maximum_wall_us=500000 pass=1
[09:17:59] TINYDRAW_LIVE_PRESENT kind=gate_fallback zoom=400 x=0 y=0 compose_us=15928 scroll_us=0 exposed_compose_us=0 chrome_us=6354 read_submit_us=28130 read_complete_us=33868 transfer_wait_us=22974 tile_pixels=0 uniform_pixels=0 overview_pixels=0 fallback_pixels=164864 resident_tiles=0 fallback_tiles=42 pushes=11 tear_wait_us=12077 tear_edge_isr_to_resume_us=13 tear_edge_observed=1 tear_edge_wait_resumed=1 tear_edge_timeout=0 tear_heal_attempted=0 tear_heal_command_sent=0 presentation_experiment=boundary-top-sweep te_edge=rising requested_clock_mhz=50 effective_clock_mhz=40 frame_reused=0 pass=1
[09:17:59] TINYDRAW_GATE1_HARD zoom=400 cold=1 operations=1000 samples=20000 steps=196 tiles=42 scanned=12000 rendered=120 max_supertask_us=9290 presentation_us=70210 total_us=218434 maximum_wall_us=500000 pass=1
[09:17:59] TINYDRAW_OVERLAP_WORKLOAD operations=8 samples=1200 radius_world=80
[09:18:00] TINYDRAW_GATE1_PACED_COLD corpus=overlap zoom=50 x=215 y=255 steps=334 tiles=56 compute_us=381608 present_us=90667 touch_us=583 pacing_us=9619 wall_us=482477 maximum_wall_us=500000 max_tick_us=10599 touch_samples=2315 touch_interval_max_us=1928 touch_read_max_us=608 touch_events=0 touch_down=0 touch_up=0 touch_events_ge_8ms=0 touch_event_age_max_us=0 touch_errors=0 touch_overflows=0 pass=1
[09:18:00] TINYDRAW_GATE1_PACED_COLD corpus=overlap zoom=100 x=583 y=703 steps=172 tiles=48 compute_us=240224 present_us=86595 touch_us=405 pacing_us=5756 wall_us=332980 maximum_wall_us=500000 max_tick_us=10107 touch_samples=401 touch_interval_max_us=1756 touch_read_max_us=535 touch_events=0 touch_down=0 touch_up=0 touch_events_ge_8ms=0 touch_event_age_max_us=0 touch_errors=0 touch_overflows=0 pass=1
[09:18:01] TINYDRAW_GATE1_PACED_COLD corpus=overlap zoom=200 x=1319 y=1599 steps=128 tiles=56 compute_us=244189 present_us=86221 touch_us=395 pacing_us=5172 wall_us=335977 maximum_wall_us=500000 max_tick_us=10117 touch_samples=406 touch_interval_max_us=1933 touch_read_max_us=495 touch_events=0 touch_down=0 touch_up=0 touch_events_ge_8ms=0 touch_event_age_max_us=0 touch_errors=0 touch_overflows=0 pass=1
[09:18:01] TINYDRAW_GATE1_PACED_COLD corpus=overlap zoom=400 x=2791 y=3391 steps=94 tiles=56 compute_us=229383 present_us=82513 touch_us=390 pacing_us=4694 wall_us=316980 maximum_wall_us=500000 max_tick_us=10393 touch_samples=385 touch_interval_max_us=1182 touch_read_max_us=453 touch_events=0 touch_down=0 touch_up=0 touch_events_ge_8ms=0 touch_event_age_max_us=0 touch_errors=0 touch_overflows=0 pass=1
[09:18:01] TINYDRAW_ADVERSARIAL_TAPERED_WORKLOAD operations=128 samples=4096 erasers=12 load_us=220306 appended=1
[09:18:02] TINYDRAW_GATE1_PACED_COLD corpus=adversarial_tapered_4x zoom=50 x=0 y=0 steps=104 tiles=42 compute_us=100266 present_us=66815 touch_us=241 pacing_us=3653 wall_us=170975 maximum_wall_us=500000 max_tick_us=7657 touch_samples=514 touch_interval_max_us=1164 touch_read_max_us=468 touch_events=0 touch_down=0 touch_up=0 touch_events_ge_8ms=0 touch_event_age_max_us=0 touch_errors=0 touch_overflows=0 pass=1
[09:18:02] TINYDRAW_GATE1_PACED_COLD corpus=adversarial_tapered_4x zoom=100 x=0 y=0 steps=348 tiles=42 compute_us=165076 present_us=64997 touch_us=306 pacing_us=7600 wall_us=237979 maximum_wall_us=500000 max_tick_us=9407 touch_samples=315 touch_interval_max_us=1139 touch_read_max_us=441 touch_events=0 touch_down=0 touch_up=0 touch_events_ge_8ms=0 touch_event_age_max_us=0 touch_errors=0 touch_overflows=0 pass=1
[09:18:03] TINYDRAW_GATE1_PACED_COLD corpus=adversarial_tapered_4x zoom=200 x=0 y=0 steps=1214 tiles=42 compute_us=460210 present_us=65658 touch_us=577 pacing_us=16533 wall_us=542978 maximum_wall_us=500000 max_tick_us=10349 touch_samples=625 touch_interval_max_us=1142 touch_read_max_us=436 touch_events=0 touch_down=0 touch_up=0 touch_events_ge_8ms=0 touch_event_age_max_us=0 touch_errors=0 touch_overflows=0 pass=0
[09:18:03] TINYDRAW_GATE1_PACED_COLD corpus=adversarial_tapered_4x zoom=400 x=0 y=0 steps=904 tiles=42 compute_us=568254 present_us=70656 touch_us=702 pacing_us=15637 wall_us=655249 maximum_wall_us=500000 max_tick_us=10101 touch_samples=734 touch_interval_max_us=1167 touch_read_max_us=449 touch_events=0 touch_down=0 touch_up=0 touch_events_ge_8ms=0 touch_event_age_max_us=0 touch_errors=0 touch_overflows=0 pass=0
[09:18:04] TINYDRAW_GATE1_WORKLOAD kind=realistic seed=7 operations=1000 samples=19844 maximum_stroke=198 load_us=383452 raw_source=1 lod_copies=0
[09:18:04] TINYDRAW_GATE1_PACED_COLD corpus=seed7 zoom=400 x=63 y=63 steps=281 tiles=56 compute_us=287254 present_us=86370 touch_us=424 pacing_us=7940 wall_us=381988 maximum_wall_us=500000 max_tick_us=13315 touch_samples=954 touch_interval_max_us=1895 touch_read_max_us=489 touch_events=0 touch_down=0 touch_up=0 touch_events_ge_8ms=0 touch_event_age_max_us=0 touch_errors=0 touch_overflows=0 pass=1
[09:18:04] TINYDRAW_LIVE_PRESENT kind=gate_fallback zoom=100 x=0 y=0 compose_us=16929 scroll_us=0 exposed_compose_us=0 chrome_us=6597 read_submit_us=24564 read_complete_us=30285 transfer_wait_us=22437 tile_pixels=0 uniform_pixels=0 overview_pixels=0 fallback_pixels=164864 resident_tiles=0 fallback_tiles=42 pushes=11 tear_wait_us=7498 tear_edge_isr_to_resume_us=13 tear_edge_observed=1 tear_edge_wait_resumed=1 tear_edge_timeout=0 tear_heal_attempted=0 tear_heal_command_sent=0 presentation_experiment=boundary-top-sweep te_edge=rising requested_clock_mhz=50 effective_clock_mhz=40 frame_reused=0 pass=1
[09:18:05] TINYDRAW_GATE1_HARD zoom=100 cold=1 operations=1000 samples=19844 steps=275 tiles=42 scanned=12000 rendered=5232 max_supertask_us=10008 presentation_us=71876 total_us=388609 maximum_wall_us=500000 pass=1
[09:18:05] TINYDRAW_GATE1_OVERLAY_CANVAS regions=zoom,minimap,toolbar,battery operations=4 presentation_mutations=0 authority=1 pass=1
[09:18:05] TINYDRAW_GATE1_LIVE_OVERLAY clear_updates=47 clear_wall_max_us=2931 clear_submit_max_us=1835 clear_complete_max_us=2202 overlay_updates=47 overlay_wall_max_us=2930 overlay_submit_max_us=2044 overlay_complete_max_us=2391 overlay_chrome_max_us=235 clear_failures=0 overlay_failures=0 pass=1
[09:18:05] TINYDRAW_EDGE_INK corners=4 edge_failures=0 pass=1
[09:18:06] TINYDRAW_GATE1_PAN zoom=100 from_x=0 from_y=0 to_x=88 to_y=88 compose_us=16222 scroll_us=14 exposed_compose_us=16208 chrome_us=2370 event_submit_us=25257 event_complete_us=28601 transfer_us=16749 setup=1 present=1 moved=1 frame_reused=1 pass=1
[09:18:06] TINYDRAW_LIVE_PRESENT kind=gate_fallback zoom=400 x=0 y=0 compose_us=15970 scroll_us=0 exposed_compose_us=0 chrome_us=6410 read_submit_us=23224 read_complete_us=28943 transfer_wait_us=23209 tile_pixels=0 uniform_pixels=0 overview_pixels=0 fallback_pixels=164864 resident_tiles=0 fallback_tiles=42 pushes=11 tear_wait_us=7117 tear_edge_isr_to_resume_us=11 tear_edge_observed=1 tear_edge_wait_resumed=1 tear_edge_timeout=0 tear_heal_attempted=0 tear_heal_command_sent=0 presentation_experiment=boundary-top-sweep te_edge=rising requested_clock_mhz=50 effective_clock_mhz=40 frame_reused=0 pass=1
[09:18:06] TINYDRAW_GATE1_HARD zoom=400 cold=1 operations=1008 samples=19852 steps=217 tiles=42 scanned=12096 rendered=592 max_supertask_us=11446 presentation_us=69902 total_us=278844 maximum_wall_us=500000 pass=1
[09:18:07] TINYDRAW_GATE1_PAN zoom=400 from_x=0 from_y=0 to_x=88 to_y=88 compose_us=16102 scroll_us=11 exposed_compose_us=16091 chrome_us=2146 event_submit_us=30088 event_complete_us=33421 transfer_us=16922 setup=1 present=1 moved=1 frame_reused=1 pass=1
[09:18:10] TINYDRAW_PANSEQ_FRAME zoom=100 step=0 dx=24 dy=18 scroll_us=13 exposed_compose_us=4939 chrome_us=2371 tear_wait_us=5648 present_us=16255 prepare_us=11113 acquire_wait_us=39 ring_copy_us=8709 patch_us=2394 byte_swap_us=10 staging_us=3876 event_submit_us=10713 event_complete_us=14008 frame_us=26967 tear_edge_observed=1 frame_reused=1 pass=1
[09:18:10] TINYDRAW_PANSEQ_FRAME zoom=100 step=1 dx=24 dy=18 scroll_us=13 exposed_compose_us=4945 chrome_us=2361 tear_wait_us=12242 present_us=16608 prepare_us=10973 acquire_wait_us=39 ring_copy_us=8586 patch_us=2376 byte_swap_us=11 staging_us=4002 event_submit_us=17314 event_complete_us=20605 frame_us=33922 tear_edge_observed=1 frame_reused=1 pass=1
[09:18:10] TINYDRAW_PANSEQ_FRAME zoom=100 step=2 dx=24 dy=18 scroll_us=13 exposed_compose_us=4591 chrome_us=2376 tear_wait_us=12236 present_us=16955 prepare_us=11047 acquire_wait_us=35 ring_copy_us=8665 patch_us=2371 byte_swap_us=11 staging_us=3953 event_submit_us=16977 event_complete_us=20308 frame_us=33931 tear_edge_observed=1 frame_reused=1 pass=1
[09:18:10] TINYDRAW_PANSEQ_FRAME zoom=100 step=3 dx=24 dy=18 scroll_us=12 exposed_compose_us=5103 chrome_us=2362 tear_wait_us=11409 present_us=16288 prepare_us=11052 acquire_wait_us=36 ring_copy_us=8659 patch_us=2382 byte_swap_us=11 staging_us=3945 event_submit_us=16648 event_complete_us=19954 frame_us=32927 tear_edge_observed=1 frame_reused=1 pass=1
[09:18:10] TINYDRAW_PANSEQ_FRAME zoom=100 step=4 dx=24 dy=18 scroll_us=12 exposed_compose_us=4706 chrome_us=2349 tear_wait_us=12475 present_us=16624 prepare_us=10995 acquire_wait_us=44 ring_copy_us=8619 patch_us=2366 byte_swap_us=10 staging_us=3957 event_submit_us=17306 event_complete_us=20582 frame_us=33929 tear_edge_observed=1 frame_reused=1 pass=1
[09:18:10] TINYDRAW_PANSEQ_FRAME zoom=100 step=5 dx=24 dy=18 scroll_us=12 exposed_compose_us=4962 chrome_us=2369 tear_wait_us=11855 present_us=15978 prepare_us=11011 acquire_wait_us=46 ring_copy_us=8616 patch_us=2385 byte_swap_us=10 staging_us=3981 event_submit_us=16946 event_complete_us=20258 frame_us=32928 tear_edge_observed=1 frame_reused=1 pass=1
[09:18:10] TINYDRAW_PANSEQ_FRAME zoom=100 step=6 dx=24 dy=18 scroll_us=12 exposed_compose_us=4603 chrome_us=2384 tear_wait_us=12855 present_us=16319 prepare_us=11028 acquire_wait_us=40 ring_copy_us=8645 patch_us=2372 byte_swap_us=11 staging_us=3952 event_submit_us=17613 event_complete_us=20914 frame_us=33931 tear_edge_observed=1 frame_reused=1 pass=1
[09:18:10] TINYDRAW_PANSEQ_FRAME zoom=100 step=7 dx=24 dy=18 scroll_us=12 exposed_compose_us=5013 chrome_us=2353 tear_wait_us=12116 present_us=16668 prepare_us=10956 acquire_wait_us=44 ring_copy_us=8570 patch_us=2376 byte_swap_us=10 staging_us=4019 event_submit_us=17257 event_complete_us=20557 frame_us=33926 tear_edge_observed=1 frame_reused=1 pass=1
[09:18:10] TINYDRAW_PANSEQ_FRAME zoom=100 step=8 dx=24 dy=18 scroll_us=13 exposed_compose_us=4982 chrome_us=2355 tear_wait_us=11802 present_us=16012 prepare_us=11047 acquire_wait_us=43 ring_copy_us=8656 patch_us=2374 byte_swap_us=17 staging_us=3952 event_submit_us=16926 event_complete_us=20237 frame_us=32932 tear_edge_observed=1 frame_reused=1 pass=1
[09:18:10] TINYDRAW_PANSEQ_FRAME zoom=100 step=9 dx=24 dy=18 scroll_us=12 exposed_compose_us=4983 chrome_us=2357 tear_wait_us=12474 present_us=16342 prepare_us=10989 acquire_wait_us=35 ring_copy_us=8605 patch_us=2375 byte_swap_us=9 staging_us=3986 event_submit_us=17584 event_complete_us=20891 frame_us=33927 tear_edge_observed=1 frame_reused=1 pass=1
[09:18:10] TINYDRAW_PANSEQ_FRAME zoom=100 step=10 dx=24 dy=18 scroll_us=12 exposed_compose_us=4676 chrome_us=2347 tear_wait_us=12487 present_us=16643 prepare_us=10994 acquire_wait_us=53 ring_copy_us=8620 patch_us=2363 byte_swap_us=11 staging_us=3969 event_submit_us=17288 event_complete_us=20575 frame_us=33929 tear_edge_observed=1 frame_reused=1 pass=1
[09:18:10] TINYDRAW_PANSEQ_FRAME zoom=100 step=11 dx=24 dy=18 scroll_us=12 exposed_compose_us=5441 chrome_us=2350 tear_wait_us=11379 present_us=15978 prepare_us=11008 acquire_wait_us=41 ring_copy_us=8615 patch_us=2384 byte_swap_us=9 staging_us=3986 event_submit_us=16948 event_complete_us=20260 frame_us=32929 tear_edge_observed=1 frame_reused=1 pass=1
[09:18:10] TINYDRAW_PANSEQ_FRAME zoom=100 step=12 dx=24 dy=18 scroll_us=12 exposed_compose_us=4807 chrome_us=2363 tear_wait_us=12677 present_us=16317 prepare_us=11054 acquire_wait_us=40 ring_copy_us=8669 patch_us=2374 byte_swap_us=11 staging_us=3929 event_submit_us=17615 event_complete_us=20928 frame_us=33931 tear_edge_observed=1 frame_reused=1 pass=1
[09:18:10] TINYDRAW_PANSEQ_FRAME zoom=100 step=13 dx=24 dy=18 scroll_us=12 exposed_compose_us=5016 chrome_us=2356 tear_wait_us=12112 present_us=16668 prepare_us=10966 acquire_wait_us=44 ring_copy_us=8573 patch_us=2383 byte_swap_us=10 staging_us=4005 event_submit_us=17256 event_complete_us=20548 frame_us=33924 tear_edge_observed=1 frame_reused=1 pass=1
[09:18:10] TINYDRAW_PANSEQ_FRAME zoom=100 step=14 dx=24 dy=18 scroll_us=12 exposed_compose_us=4835 chrome_us=2342 tear_wait_us=11955 present_us=16005 prepare_us=11044 acquire_wait_us=41 ring_copy_us=8667 patch_us=2368 byte_swap_us=9 staging_us=3955 event_submit_us=16927 event_complete_us=20233 frame_us=32933 tear_edge_observed=1 frame_reused=1 pass=1
[09:18:10] TINYDRAW_PANSEQ_FRAME zoom=100 step=15 dx=24 dy=18 scroll_us=12 exposed_compose_us=5148 chrome_us=2366 tear_wait_us=12286 present_us=16365 prepare_us=11017 acquire_wait_us=33 ring_copy_us=8625 patch_us=2382 byte_swap_us=10 staging_us=3964 event_submit_us=17560 event_complete_us=20868 frame_us=33927 tear_edge_observed=1 frame_reused=1 pass=1
[09:18:10] TINYDRAW_PANSEQ_FRAME zoom=100 step=16 dx=72 dy=54 scroll_us=12 exposed_compose_us=13131 chrome_us=2360 tear_wait_us=3964 present_us=16713 prepare_us=11042 acquire_wait_us=39 ring_copy_us=8654 patch_us=2379 byte_swap_us=9 staging_us=3944 event_submit_us=17219 event_complete_us=20530 frame_us=33929 tear_edge_observed=1 frame_reused=1 pass=1
[09:18:10] TINYDRAW_PANSEQ_FRAME zoom=100 step=17 dx=72 dy=54 scroll_us=13 exposed_compose_us=12876 chrome_us=2361 tear_wait_us=3828 present_us=16081 prepare_us=11055 acquire_wait_us=34 ring_copy_us=8667 patch_us=2377 byte_swap_us=11 staging_us=3939 event_submit_us=16831 event_complete_us=20149 frame_us=32914 tear_edge_observed=1 frame_reused=1 pass=1
[09:18:10] TINYDRAW_PANSEQ_FRAME zoom=100 step=18 dx=72 dy=54 scroll_us=12 exposed_compose_us=12258 chrome_us=2382 tear_wait_us=5114 present_us=16440 prepare_us=11053 acquire_wait_us=37 ring_copy_us=8623 patch_us=2419 byte_swap_us=11 staging_us=3939 event_submit_us=17492 event_complete_us=20808 frame_us=33930 tear_edge_observed=1 frame_reused=1 pass=1
[09:18:10] TINYDRAW_PANSEQ_FRAME zoom=100 step=19 dx=72 dy=54 scroll_us=12 exposed_compose_us=12432 chrome_us=2355 tear_wait_us=4568 present_us=16800 prepare_us=10998 acquire_wait_us=29 ring_copy_us=8612 patch_us=2375 byte_swap_us=11 staging_us=3988 event_submit_us=17128 event_complete_us=20442 frame_us=33940 tear_edge_observed=1 frame_reused=1 pass=1
[09:18:10] TINYDRAW_PANSEQ_FRAME zoom=100 step=20 dx=-72 dy=-54 scroll_us=12 exposed_compose_us=13221 chrome_us=2356 tear_wait_us=3430 present_us=16143 prepare_us=11061 acquire_wait_us=27 ring_copy_us=8677 patch_us=2374 byte_swap_us=10 staging_us=3908 event_submit_us=16775 event_complete_us=20073 frame_us=32918 tear_edge_observed=1 frame_reused=1 pass=1
[09:18:10] TINYDRAW_PANSEQ_FRAME zoom=100 step=21 dx=-72 dy=-54 scroll_us=12 exposed_compose_us=13080 chrome_us=2385 tear_wait_us=4223 present_us=16495 prepare_us=10946 acquire_wait_us=40 ring_copy_us=8535 patch_us=2400 byte_swap_us=11 staging_us=3995 event_submit_us=17435 event_complete_us=20699 frame_us=33925 tear_edge_observed=1 frame_reused=1 pass=1
[09:18:11] TINYDRAW_PANSEQ_FRAME zoom=100 step=22 dx=-72 dy=-54 scroll_us=13 exposed_compose_us=13031 chrome_us=2360 tear_wait_us=3933 present_us=16849 prepare_us=10995 acquire_wait_us=39 ring_copy_us=8608 patch_us=2376 byte_swap_us=11 staging_us=3981 event_submit_us=17090 event_complete_us=20393 frame_us=33939 tear_edge_observed=1 frame_reused=1 pass=1
[09:18:11] TINYDRAW_PANSEQ_FRAME zoom=100 step=23 dx=-72 dy=-54 scroll_us=13 exposed_compose_us=12538 chrome_us=2377 tear_wait_us=4065 present_us=16178 prepare_us=11058 acquire_wait_us=34 ring_copy_us=8663 patch_us=2384 byte_swap_us=11 staging_us=3932 event_submit_us=16741 event_complete_us=20048 frame_us=32919 tear_edge_observed=1 frame_reused=1 pass=1
[09:18:11] TINYDRAW_PANSEQ_STRIP zoom=100 strip=0 panel_y=0 rows=44 samples=24 staging_mean_us=1438 staging_max_us=1468 wire_budget_us=1619 over_budget_us=0 pass=1
[09:18:11] TINYDRAW_PANSEQ_STRIP zoom=100 strip=1 panel_y=44 rows=44 samples=24 staging_mean_us=1247 staging_max_us=1276 wire_budget_us=1619 over_budget_us=0 pass=1
[09:18:11] TINYDRAW_PANSEQ_STRIP zoom=100 strip=2 panel_y=88 rows=44 samples=24 staging_mean_us=1216 staging_max_us=1226 wire_budget_us=1619 over_budget_us=0 pass=1
[09:18:11] TINYDRAW_PANSEQ_STRIP zoom=100 strip=3 panel_y=132 rows=44 samples=24 staging_mean_us=1214 staging_max_us=1232 wire_budget_us=1619 over_budget_us=0 pass=1
[09:18:11] TINYDRAW_PANSEQ_STRIP zoom=100 strip=4 panel_y=176 rows=44 samples=24 staging_mean_us=1211 staging_max_us=1223 wire_budget_us=1619 over_budget_us=0 pass=1
[09:18:11] TINYDRAW_PANSEQ_STRIP zoom=100 strip=5 panel_y=220 rows=44 samples=24 staging_mean_us=1247 staging_max_us=1255 wire_budget_us=1619 over_budget_us=0 pass=1
[09:18:11] TINYDRAW_PANSEQ_STRIP zoom=100 strip=6 panel_y=264 rows=44 samples=24 staging_mean_us=1415 staging_max_us=1438 wire_budget_us=1619 over_budget_us=0 pass=1
[09:18:11] TINYDRAW_PANSEQ_STRIP zoom=100 strip=7 panel_y=308 rows=44 samples=24 staging_mean_us=1407 staging_max_us=1422 wire_budget_us=1619 over_budget_us=0 pass=1
[09:18:11] TINYDRAW_PANSEQ_STRIP zoom=100 strip=8 panel_y=352 rows=20 samples=24 staging_mean_us=660 staging_max_us=695 wire_budget_us=736 over_budget_us=0 pass=1
[09:18:11] TINYDRAW_GATE1_PANSEQ zoom=100 frames=24 scroll_avg_us=12 exposed_avg_us=7554 chrome_avg_us=2362 tear_wait_avg_us=9213 present_avg_us=16405 prepare_avg_us=11020 acquire_wait_avg_us=38 ring_copy_avg_us=8630 patch_avg_us=2379 byte_swap_avg_us=10 staging_avg_us=3960 frame_avg_us=33304 frame_p50_us=33925 frame_p95_us=33939 frame_max_us=33940 complete_p50_us=20442 complete_p95_us=20914 complete_max_us=20928 tear_edge_failures=0 presentation_experiment=boundary-top-sweep te_edge=rising requested_clock_mhz=50 effective_clock_mhz=40 chrome_bottom_redraws=0 chrome_battery_redraws=0 chrome_zoom_redraws=0 chrome_minimap_base_redraws=0 strip_samples=216 staging_mean_us=1228 staging_max_us=1468 worst_strip=8 worst_strip_y=352 worst_wire_budget_us=736 worst_headroom_us=41 staging_invariant=1 pacing_pass=1 all_reused=1 pass=1
[09:18:13] TINYDRAW_PANSEQ_FRAME zoom=400 step=0 dx=24 dy=18 scroll_us=13 exposed_compose_us=4899 chrome_us=2188 tear_wait_us=5551 present_us=16389 prepare_us=10915 acquire_wait_us=34 ring_copy_us=8695 patch_us=2209 byte_swap_us=11 staging_us=4082 event_submit_us=10579 event_complete_us=13897 frame_us=26968 tear_edge_observed=1 frame_reused=1 pass=1
[09:18:13] TINYDRAW_PANSEQ_FRAME zoom=400 step=1 dx=24 dy=18 scroll_us=13 exposed_compose_us=4872 chrome_us=2170 tear_wait_us=12162 present_us=16761 prepare_us=10857 acquire_wait_us=39 ring_copy_us=8656 patch_us=2190 byte_swap_us=11 staging_us=4141 event_submit_us=17162 event_complete_us=20474 frame_us=33934 tear_edge_observed=1 frame_reused=1 pass=1
[09:18:13] TINYDRAW_PANSEQ_FRAME zoom=400 step=2 dx=24 dy=18 scroll_us=12 exposed_compose_us=4459 chrome_us=2197 tear_wait_us=12201 present_us=16127 prepare_us=10930 acquire_wait_us=33 ring_copy_us=8702 patch_us=2216 byte_swap_us=12 staging_us=4063 event_submit_us=16791 event_complete_us=20120 frame_us=32919 tear_edge_observed=1 frame_reused=1 pass=1
[09:18:13] TINYDRAW_PANSEQ_FRAME zoom=400 step=3 dx=24 dy=18 scroll_us=12 exposed_compose_us=4915 chrome_us=2234 tear_wait_us=12387 present_us=16498 prepare_us=10817 acquire_wait_us=34 ring_copy_us=8555 patch_us=2251 byte_swap_us=11 staging_us=4169 event_submit_us=17433 event_complete_us=20743 frame_us=33925 tear_edge_observed=1 frame_reused=1 pass=1
[09:18:13] TINYDRAW_PANSEQ_FRAME zoom=400 step=4 dx=24 dy=18 scroll_us=13 exposed_compose_us=4490 chrome_us=2172 tear_wait_us=12451 present_us=16863 prepare_us=10831 acquire_wait_us=38 ring_copy_us=8623 patch_us=2189 byte_swap_us=19 staging_us=4153 event_submit_us=17068 event_complete_us=20389 frame_us=33931 tear_edge_observed=1 frame_reused=1 pass=1
[09:18:13] TINYDRAW_PANSEQ_FRAME zoom=400 step=5 dx=24 dy=18 scroll_us=12 exposed_compose_us=4741 chrome_us=2162 tear_wait_us=11833 present_us=16225 prepare_us=10870 acquire_wait_us=35 ring_copy_us=8671 patch_us=2188 byte_swap_us=11 staging_us=4123 event_submit_us=16700 event_complete_us=20005 frame_us=32926 tear_edge_observed=1 frame_reused=1 pass=1
[09:18:14] TINYDRAW_PANSEQ_FRAME zoom=400 step=6 dx=24 dy=18 scroll_us=13 exposed_compose_us=4586 chrome_us=2202 tear_wait_us=12614 present_us=16583 prepare_us=10788 acquire_wait_us=33 ring_copy_us=8577 patch_us=2202 byte_swap_us=9 staging_us=4176 event_submit_us=17347 event_complete_us=20660 frame_us=33929 tear_edge_observed=1 frame_reused=1 pass=1
[09:18:14] TINYDRAW_PANSEQ_FRAME zoom=400 step=7 dx=24 dy=18 scroll_us=12 exposed_compose_us=5174 chrome_us=2189 tear_wait_us=11673 present_us=15950 prepare_us=10825 acquire_wait_us=35 ring_copy_us=8611 patch_us=2203 byte_swap_us=11 staging_us=4139 event_submit_us=16975 event_complete_us=20257 frame_us=32928 tear_edge_observed=1 frame_reused=1 pass=1
[09:18:14] TINYDRAW_PANSEQ_FRAME zoom=400 step=8 dx=24 dy=18 scroll_us=13 exposed_compose_us=5322 chrome_us=2190 tear_wait_us=12148 present_us=16318 prepare_us=10908 acquire_wait_us=40 ring_copy_us=8706 patch_us=2192 byte_swap_us=10 staging_us=4079 event_submit_us=17613 event_complete_us=20918 frame_us=33930 tear_edge_observed=1 frame_reused=1 pass=1
[09:18:14] TINYDRAW_PANSEQ_FRAME zoom=400 step=9 dx=24 dy=18 scroll_us=12 exposed_compose_us=5228 chrome_us=2161 tear_wait_us=11898 present_us=16674 prepare_us=10783 acquire_wait_us=40 ring_copy_us=8596 patch_us=2178 byte_swap_us=9 staging_us=4188 event_submit_us=17253 event_complete_us=20549 frame_us=33925 tear_edge_observed=1 frame_reused=1 pass=1
[09:18:14] TINYDRAW_PANSEQ_FRAME zoom=400 step=10 dx=24 dy=18 scroll_us=13 exposed_compose_us=4858 chrome_us=2172 tear_wait_us=11909 present_us=16024 prepare_us=10911 acquire_wait_us=36 ring_copy_us=8707 patch_us=2195 byte_swap_us=9 staging_us=4084 event_submit_us=16912 event_complete_us=20224 frame_us=32931 tear_edge_observed=1 frame_reused=1 pass=1
[09:18:14] TINYDRAW_PANSEQ_FRAME zoom=400 step=11 dx=24 dy=18 scroll_us=12 exposed_compose_us=5737 chrome_us=2200 tear_wait_us=11678 present_us=16385 prepare_us=10863 acquire_wait_us=29 ring_copy_us=8634 patch_us=2219 byte_swap_us=10 staging_us=4126 event_submit_us=17543 event_complete_us=20850 frame_us=33926 tear_edge_observed=1 frame_reused=1 pass=1
[09:18:14] TINYDRAW_PANSEQ_FRAME zoom=400 step=12 dx=24 dy=18 scroll_us=13 exposed_compose_us=5083 chrome_us=2179 tear_wait_us=11981 present_us=16738 prepare_us=10871 acquire_wait_us=38 ring_copy_us=8665 patch_us=2195 byte_swap_us=11 staging_us=4135 event_submit_us=17193 event_complete_us=20520 frame_us=33929 tear_edge_observed=1 frame_reused=1 pass=1
[09:18:14] TINYDRAW_PANSEQ_FRAME zoom=400 step=13 dx=24 dy=18 scroll_us=12 exposed_compose_us=5278 chrome_us=2192 tear_wait_us=11399 present_us=16109 prepare_us=10909 acquire_wait_us=32 ring_copy_us=8691 patch_us=2208 byte_swap_us=10 staging_us=4089 event_submit_us=16803 event_complete_us=20126 frame_us=32914 tear_edge_observed=1 frame_reused=1 pass=1
[09:18:14] TINYDRAW_PANSEQ_FRAME zoom=400 step=14 dx=24 dy=18 scroll_us=13 exposed_compose_us=5095 chrome_us=2230 tear_wait_us=12231 present_us=16477 prepare_us=10871 acquire_wait_us=35 ring_copy_us=8612 patch_us=2248 byte_swap_us=11 staging_us=4126 event_submit_us=17456 event_complete_us=20772 frame_us=33928 tear_edge_observed=1 frame_reused=1 pass=1
[09:18:14] TINYDRAW_PANSEQ_FRAME zoom=400 step=15 dx=24 dy=18 scroll_us=12 exposed_compose_us=5391 chrome_us=2175 tear_wait_us=11557 present_us=16849 prepare_us=10787 acquire_wait_us=38 ring_copy_us=8587 patch_us=2189 byte_swap_us=11 staging_us=4174 event_submit_us=17078 event_complete_us=20380 frame_us=33929 tear_edge_observed=1 frame_reused=1 pass=1
[09:18:14] TINYDRAW_PANSEQ_FRAME zoom=400 step=16 dx=72 dy=54 scroll_us=13 exposed_compose_us=13972 chrome_us=2173 tear_wait_us=2605 present_us=16227 prepare_us=10855 acquire_wait_us=31 ring_copy_us=8653 patch_us=2193 byte_swap_us=9 staging_us=4105 event_submit_us=16703 event_complete_us=19979 frame_us=32930 tear_edge_observed=1 frame_reused=1 pass=1
[09:18:14] TINYDRAW_PANSEQ_FRAME zoom=400 step=17 dx=72 dy=54 scroll_us=13 exposed_compose_us=13594 chrome_us=2168 tear_wait_us=3607 present_us=16594 prepare_us=10753 acquire_wait_us=41 ring_copy_us=8562 patch_us=2181 byte_swap_us=10 staging_us=4186 event_submit_us=17331 event_complete_us=20604 frame_us=33926 tear_edge_observed=1 frame_reused=1 pass=1
[09:18:14] TINYDRAW_PANSEQ_FRAME zoom=400 step=18 dx=72 dy=54 scroll_us=13 exposed_compose_us=13642 chrome_us=2160 tear_wait_us=3196 present_us=15972 prepare_us=10865 acquire_wait_us=36 ring_copy_us=8678 patch_us=2176 byte_swap_us=11 staging_us=4124 event_submit_us=16964 event_complete_us=20271 frame_us=32937 tear_edge_observed=1 frame_reused=1 pass=1
[09:18:14] TINYDRAW_PANSEQ_FRAME zoom=400 step=19 dx=72 dy=54 scroll_us=13 exposed_compose_us=14505 chrome_us=2185 tear_wait_us=2958 present_us=16334 prepare_us=10821 acquire_wait_us=50 ring_copy_us=8600 patch_us=2211 byte_swap_us=10 staging_us=4129 event_submit_us=17584 event_complete_us=20869 frame_us=33919 tear_edge_observed=1 frame_reused=1 pass=1
[09:18:14] TINYDRAW_PANSEQ_FRAME zoom=400 step=20 dx=-72 dy=-54 scroll_us=13 exposed_compose_us=14085 chrome_us=2169 tear_wait_us=3021 present_us=16697 prepare_us=10829 acquire_wait_us=37 ring_copy_us=8634 patch_us=2184 byte_swap_us=11 staging_us=4151 event_submit_us=17234 event_complete_us=20537 frame_us=33928 tear_edge_observed=1 frame_reused=1 pass=1
[09:18:14] TINYDRAW_PANSEQ_FRAME zoom=400 step=21 dx=-72 dy=-54 scroll_us=13 exposed_compose_us=13658 chrome_us=2181 tear_wait_us=3068 present_us=16059 prepare_us=10862 acquire_wait_us=33 ring_copy_us=8640 patch_us=2214 byte_swap_us=8 staging_us=4113 event_submit_us=16852 event_complete_us=20148 frame_us=32913 tear_edge_observed=1 frame_reused=1 pass=1
[09:18:14] TINYDRAW_PANSEQ_FRAME zoom=400 step=22 dx=-72 dy=-54 scroll_us=13 exposed_compose_us=13560 chrome_us=2228 tear_wait_us=3812 present_us=16422 prepare_us=10858 acquire_wait_us=37 ring_copy_us=8603 patch_us=2244 byte_swap_us=11 staging_us=4101 event_submit_us=17507 event_complete_us=20796 frame_us=33929 tear_edge_observed=1 frame_reused=1 pass=1
[09:18:14] TINYDRAW_PANSEQ_FRAME zoom=400 step=23 dx=-72 dy=-54 scroll_us=12 exposed_compose_us=12726 chrome_us=2180 tear_wait_us=4286 present_us=16786 prepare_us=10841 acquire_wait_us=35 ring_copy_us=8629 patch_us=2202 byte_swap_us=10 staging_us=4132 event_submit_us=17139 event_complete_us=20440 frame_us=33939 tear_edge_observed=1 frame_reused=1 pass=1
[09:18:14] TINYDRAW_PANSEQ_STRIP zoom=400 strip=0 panel_y=0 rows=44 samples=24 staging_mean_us=1439 staging_max_us=1462 wire_budget_us=1619 over_budget_us=0 pass=1
[09:18:14] TINYDRAW_PANSEQ_STRIP zoom=400 strip=1 panel_y=44 rows=44 samples=24 staging_mean_us=1246 staging_max_us=1263 wire_budget_us=1619 over_budget_us=0 pass=1
[09:18:14] TINYDRAW_PANSEQ_STRIP zoom=400 strip=2 panel_y=88 rows=44 samples=24 staging_mean_us=1217 staging_max_us=1230 wire_budget_us=1619 over_budget_us=0 pass=1
[09:18:14] TINYDRAW_PANSEQ_STRIP zoom=400 strip=3 panel_y=132 rows=44 samples=24 staging_mean_us=1216 staging_max_us=1228 wire_budget_us=1619 over_budget_us=0 pass=1
[09:18:14] TINYDRAW_PANSEQ_STRIP zoom=400 strip=4 panel_y=176 rows=44 samples=24 staging_mean_us=1211 staging_max_us=1224 wire_budget_us=1619 over_budget_us=0 pass=1
[09:18:14] TINYDRAW_PANSEQ_STRIP zoom=400 strip=5 panel_y=220 rows=44 samples=24 staging_mean_us=1206 staging_max_us=1222 wire_budget_us=1619 over_budget_us=0 pass=1
[09:18:14] TINYDRAW_PANSEQ_STRIP zoom=400 strip=6 panel_y=264 rows=44 samples=24 staging_mean_us=1368 staging_max_us=1386 wire_budget_us=1619 over_budget_us=0 pass=1
[09:18:14] TINYDRAW_PANSEQ_STRIP zoom=400 strip=7 panel_y=308 rows=44 samples=24 staging_mean_us=1363 staging_max_us=1384 wire_budget_us=1619 over_budget_us=0 pass=1
[09:18:14] TINYDRAW_PANSEQ_STRIP zoom=400 strip=8 panel_y=352 rows=20 samples=24 staging_mean_us=617 staging_max_us=649 wire_budget_us=736 over_budget_us=0 pass=1
[09:18:14] TINYDRAW_GATE1_PANSEQ zoom=400 frames=24 scroll_avg_us=12 exposed_avg_us=7911 chrome_avg_us=2185 tear_wait_avg_us=8842 present_avg_us=16419 prepare_avg_us=10850 acquire_wait_avg_us=36 ring_copy_avg_us=8636 patch_avg_us=2203 byte_swap_avg_us=10 staging_avg_us=4128 frame_avg_us=33303 frame_p50_us=33925 frame_p95_us=33934 frame_max_us=33939 complete_p50_us=20440 complete_p95_us=20869 complete_max_us=20918 tear_edge_failures=0 presentation_experiment=boundary-top-sweep te_edge=rising requested_clock_mhz=50 effective_clock_mhz=40 chrome_bottom_redraws=0 chrome_battery_redraws=0 chrome_zoom_redraws=0 chrome_minimap_base_redraws=0 strip_samples=216 staging_mean_us=1209 staging_max_us=1462 worst_strip=8 worst_strip_y=352 worst_wire_budget_us=736 worst_headroom_us=87 staging_invariant=1 pacing_pass=1 all_reused=1 pass=1
[09:18:15] TINYDRAW_GATE1_DRAW_FILL zoom=400 revision=2148 append_us=1242 poll_gap_us=109 event_submit_us=2043 event_complete_us=2631 max_compute_slice_us=4808 max_display_slice_us=16668 fill_us=283228 revision_restarted=1 pass=1
[09:18:15] TINYDRAW_GATE1_CACHE_FILL zoom=50 x=63 y=63 published=56 total_us=558974 within_cold_gate=0 complete=1
[09:18:16] TINYDRAW_GATE1_CACHE_FILL zoom=100 x=63 y=63 published=56 total_us=526974 within_cold_gate=0 complete=1
[09:18:16] TINYDRAW_GATE1_CACHE_FILL zoom=200 x=63 y=63 published=56 total_us=435974 within_cold_gate=1 complete=1
[09:18:17] TINYDRAW_GATE1_CACHE_FILL zoom=400 x=63 y=63 published=56 total_us=396971 within_cold_gate=1 complete=1
[09:18:17] TINYDRAW_GATE1_CACHE_REVISIT zoom=50 remaining=0 tile_pixels=118128 fallback_pixels=0 compose_us=18198 complete_us=22398 hit=1
[09:18:17] TINYDRAW_GATE1_CACHE_REVISIT zoom=100 remaining=0 tile_pixels=164864 fallback_pixels=0 compose_us=20200 complete_us=22927 hit=1
[09:18:17] TINYDRAW_GATE1_CACHE_REVISIT zoom=200 remaining=0 tile_pixels=164864 fallback_pixels=0 compose_us=21119 complete_us=22425 hit=1
[09:18:17] TINYDRAW_GATE1_CACHE_REVISIT zoom=400 remaining=0 tile_pixels=164608 fallback_pixels=0 compose_us=21981 complete_us=22954 hit=1
[09:18:17] TINYDRAW_GATE1_CACHE_FILL zoom=400 x=575 y=575 published=56 total_us=426974 within_cold_gate=1 complete=1
[09:18:17] TINYDRAW_GATE1_CACHE_ROUND_TRIP zoom=50 from_x=63 from_y=63 via_x=575 via_y=575 remaining=0 tile_pixels=118128 fallback_pixels=0 compose_us=18203 complete_us=22436 hit=1
[09:18:17] TINYDRAW_GATE1_CACHE_ROUND_TRIP zoom=100 from_x=63 from_y=63 via_x=575 via_y=575 remaining=0 tile_pixels=164864 fallback_pixels=0 compose_us=20212 complete_us=22971 hit=1
[09:18:17] TINYDRAW_GATE1_CACHE_ROUND_TRIP zoom=200 from_x=63 from_y=63 via_x=575 via_y=575 remaining=0 tile_pixels=164864 fallback_pixels=0 compose_us=20943 complete_us=22474 hit=1
[09:18:17] TINYDRAW_GATE1_CACHE_ROUND_TRIP zoom=400 from_x=63 from_y=63 via_x=575 via_y=575 remaining=0 tile_pixels=164608 fallback_pixels=0 compose_us=22120 complete_us=23017 hit=1
[09:18:17] TINYDRAW_GATE1_CACHE_RETENTION pass=1 slots=448 revision=2148
[09:18:19] TINYDRAW_PAPER_SWEEP zoom=100 identities=644 raw=266 uniform=378 fallback=0 slots=448 total_us=1514671 pass=1
[09:18:24] TINYDRAW_GATE1_CACHE_TOUR slots=448 stops=16 forward_steps=2306 forward_tiles=832 forward_wall_us=2492572 return_missing_tiles=0 return_steps=16 return_tiles=0 return_wall_us=43444 home_missing=0 home_fallback_pixels=0 pass=1
[09:18:24] TINYDRAW_GATE1_MIXED_DRAW_WARM zoom=50 fill_tiles=56 fill_us=468871 raw=42 uniform=14
[09:18:25] TINYDRAW_GATE1_MIXED_DRAW_WARM zoom=100 fill_tiles=56 fill_us=435215 raw=56 uniform=0
[09:18:25] TINYDRAW_GATE1_MIXED_DRAW_WARM zoom=200 fill_tiles=56 fill_us=404434 raw=56 uniform=0
[09:18:26] TINYDRAW_GATE1_MIXED_DRAW_WARM zoom=400 fill_tiles=42 fill_us=273760 raw=42 uniform=0
[09:18:27] TINYDRAW_GATE1_MIXED_DRAW zoom=25 tool=pen chunks=50 append_max_us=9597 append_avg_us=8325 append_total_us=416251 affected_tiles=196 published=0 fallback=196 visible_fallback=0 committed=1 authority=1 refresh=1 run_ok=1 pass=1
[09:18:27] TINYDRAW_GATE1_MIXED_DRAW zoom=25 tool=eraser chunks=50 append_max_us=9666 append_avg_us=8269 append_total_us=413474 affected_tiles=0 published=0 fallback=0 visible_fallback=0 committed=1 authority=1 refresh=1 run_ok=1 pass=1
[09:18:29] TINYDRAW_GATE1_MIXED_DRAW zoom=50 tool=pen chunks=50 append_max_us=12297 append_avg_us=10140 append_total_us=507019 affected_tiles=422 published=400 fallback=22 visible_fallback=0 committed=1 authority=1 refresh=1 run_ok=1 pass=1
[09:18:30] TINYDRAW_GATE1_MIXED_DRAW zoom=50 tool=eraser chunks=50 append_max_us=10871 append_avg_us=9876 append_total_us=493819 affected_tiles=405 published=405 fallback=0 visible_fallback=0 committed=1 authority=1 refresh=1 run_ok=1 pass=1
[09:18:31] TINYDRAW_GATE1_MIXED_DRAW zoom=100 tool=pen chunks=50 append_max_us=10247 append_avg_us=8404 append_total_us=420200 affected_tiles=450 published=398 fallback=52 visible_fallback=0 committed=1 authority=1 refresh=1 run_ok=1 pass=1
[09:18:32] TINYDRAW_GATE1_MIXED_DRAW zoom=100 tool=eraser chunks=50 append_max_us=9176 append_avg_us=8177 append_total_us=408866 affected_tiles=399 published=399 fallback=0 visible_fallback=0 committed=1 authority=1 refresh=1 run_ok=1 pass=1
[09:18:33] TINYDRAW_GATE1_MIXED_DRAW zoom=200 tool=pen chunks=50 append_max_us=9654 append_avg_us=7827 append_total_us=391360 affected_tiles=425 published=389 fallback=36 visible_fallback=0 committed=1 authority=1 refresh=1 run_ok=1 pass=1
[09:18:34] TINYDRAW_GATE1_MIXED_DRAW zoom=200 tool=eraser chunks=50 append_max_us=8602 append_avg_us=7547 append_total_us=377364 affected_tiles=388 published=388 fallback=0 visible_fallback=0 committed=1 authority=1 refresh=1 run_ok=1 pass=1
[09:18:36] TINYDRAW_GATE1_MIXED_DRAW zoom=400 tool=pen chunks=50 append_max_us=8948 append_avg_us=7222 append_total_us=361105 affected_tiles=358 published=334 fallback=24 visible_fallback=0 committed=1 authority=1 refresh=1 run_ok=1 pass=1
[09:18:36] TINYDRAW_GATE1_MIXED_DRAW zoom=400 tool=eraser chunks=50 append_max_us=7974 append_avg_us=7078 append_total_us=353918 affected_tiles=350 published=350 fallback=0 visible_fallback=0 committed=1 authority=1 refresh=1 run_ok=1 pass=1
[09:18:36] TINYDRAW_GATE1_MIXED_DRAW_REVISIT zoom=50 missing=4 refill_tiles=4 refill_us=144177
[09:18:37] TINYDRAW_GATE1_MIXED_DRAW_REVISIT zoom=100 missing=9 refill_tiles=9 refill_us=245262
[09:18:37] TINYDRAW_GATE1_MIXED_DRAW_REVISIT zoom=200 missing=16 refill_tiles=16 refill_us=252073
[09:18:37] TINYDRAW_GATE1_MIXED_DRAW_REVISIT zoom=400 missing=0 refill_tiles=0 refill_us=936
[09:18:37] TINYDRAW_GATE1_MIXED_DRAW_SUMMARY slots=448 strokes=10 worst_append_us=12297 pass=1
[09:18:42] TINYDRAW_GATE1_IDLE_REPAIR damaged=588 remaining=0 plan_views=24 steps=4105 repair_us=3790473 worst_step_us=8287 warm_tiles=56 pass=1
[09:18:43] TINYDRAW_HAIRLINE_DOC ops=782 samples=8061 append_total_us=892251 append_max_us=5859
[09:18:44] TINYDRAW_HAIRLINE_COLD zoom=100 wall_us=264754 steps=221 tiles=56 worst_step_us=9118
[09:18:44] TINYDRAW_HAIRLINE_COLD zoom=400 wall_us=209389 steps=208 tiles=48 worst_step_us=8395
[09:18:47] TINYDRAW_HAIRLINE_REPAIR steps=2508 wall_us=2728909 worst_step_us=9718 resident=407/448 grid_stopped=1 pass2_steps=8 pass2_wall_us=11933 no_churn=1
[09:18:48] TINYDRAW_HAIRLINE_TOUR stops=8 total_us=1215203 worst_stop_us=237871 worst_step_us=11369
[09:18:48] TINYDRAW_GATE1_HAIRLINE raw=339 uniform=72 fallback=233 capacity=448 worst_step_us=11369 grid_stopped=1 pass=1
[09:18:50] TINYDRAW_GATE1_LONG_GESTURE path=reference samples=1600 chunks=26 append_total_us=713928 append_max_us=34069 append_avg_us=27458 refresh_fallback_pixels=0 settled_fallback_pixels=0 committed=1 authority=1 refresh=1 run_ok=1
[09:18:50] TINYDRAW_GATE1_LONG_GESTURE path=in_place samples=1600 chunks=52 append_total_us=358099 append_max_us=8519 append_avg_us=6886 refresh_fallback_pixels=0 settled_fallback_pixels=0 committed=1 authority=1 refresh=1 run_ok=1
[09:18:50] TINYDRAW_V2_EXPORT_PROGRESS row=0 of=1792
[09:18:51] TINYDRAW_V2_EXPORT_PROGRESS row=256 of=1792
[09:18:52] TINYDRAW_V2_EXPORT_PROGRESS row=512 of=1792
[09:18:53] TINYDRAW_V2_EXPORT_PROGRESS row=768 of=1792
[09:18:53] TINYDRAW_V2_EXPORT_PROGRESS row=1024 of=1792
[09:18:54] TINYDRAW_V2_EXPORT_PROGRESS row=1280 of=1792
[09:18:55] TINYDRAW_V2_EXPORT_PROGRESS row=1536 of=1792
[09:18:56] TINYDRAW_GATE1_EXPORT encoded=1 bytes=40045 elapsed_us=5791185 workspace_bytes=50652 band_bytes=376832 free_psram=1879376 free_internal=240092 signature=1 dimensions=1 chunks=3 chunks_ok=1 pass=1
[09:18:56] TINYDRAW_EXPORT_RESERVE requested=1572864 free_before=1879376 largest_before=1867776 free_held=306508 largest_held=303104 pass=1
[09:18:56] TINYDRAW_GATE1_AUTOMATED_DONE stress=1 stress_100=1 stress_400=1 overlap_ready=1 overlap_cold=1 adversarial_ready=1 adversarial_cold=0 workload=1 paced_cold=1 hard_100=1 hard_400=1 pan_100=1 pan_400=1 pan_seq=1 live_overlay=1 draw_fill=1 cache=1 full_world_cache=1 cache_tour=1 mixed_draw=1 idle_repair=1 hairline=1 long_gesture=1 export_encode=1 export_reserve=1 return=1 ssaa_receipt=yellow
[09:18:56] TINYDRAW_VECTOR_V2_GATE_HARNESS_DONE pass=0
[09:18:56] I (59668) main_task: Returned from app_main()
