[23:40:29] I (103) esp_image: segment 0: paddr=00010020 vaddr=3c050020 sizeESP-ROM:esp32s3-20210327
[23:40:29] Build:Mar 27 2021
[23:40:29] rst:0x15 (USB_UART_CHIP_RESET),boot:0x2b (SPI_FAST_FLASH_BOOT)
[23:40:29] Saved PC:0x42040ab4
[23:40:29] SPIWP:0xee
[23:40:29] mode:DIO, clock div:1
[23:40:29] load:0x3fce2820,len:0x1664
[23:40:29] load:0x403c8700,len:0xf38
[23:40:29] load:0x403cb700,len:0x31e8
[23:40:29] entry 0x403c8930
[23:40:29] I (24) boot: ESP-IDF v6.0.2 2nd stage bootloader
[23:40:29] I (24) boot: compile time Aug 15 2026 23:40:09
[23:40:29] I (25) boot: Multicore bootloader
[23:40:29] I (25) boot: chip revision: v0.2
[23:40:29] I (28) boot: efuse block revision: v1.3
[23:40:29] I (31) qio_mode: Enabling default flash chip QIO
[23:40:29] I (36) boot.esp32s3: Boot SPI Speed : 80MHz
[23:40:29] I (39) boot.esp32s3: SPI Mode       : QIO
[23:40:29] I (43) boot.esp32s3: SPI Flash Size : 16MB
[23:40:29] I (47) boot: Enabling RNG early entropy source...
[23:40:29] I (51) boot: Partition Table:
[23:40:29] I (54) boot: ## Label            Usage          Type ST Offset   Length
[23:40:29] I (60) boot:  0 nvs              WiFi data        01 02 00009000 00006000
[23:40:29] I (67) boot:  1 phy_init         RF data          01 01 0000f000 00001000
[23:40:29] I (73) boot:  2 factory          factory app      00 00 00010000 00100000
[23:40:29] I (80) boot:  3 drawing          Unknown data     01 40 00110000 00300000
[23:40:29] I (86) boot:  4 export           Unknown data     01 41 00410000 00500000
[23:40:29] I (93) boot:  5 coredump         Unknown data     01 03 00910000 00010000
[23:40:29] I (100) boot: End of partition table
[23:40:29] I (103) esp_image: segment 0: paddr=00010020 vaddr=3c050020 size=145ach ( 83372) map
[23:40:29] I (123) esp_image: segment 1: paddr=000245d4 vaddr=3fc94500 size=03764h ( 14180) load
[23:40:29] I (126) esp_image: segment 2: paddr=00027d40 vaddr=40374000 size=082d8h ( 33496) load
[23:40:29] I (134) esp_image: segment 3: paddr=00030020 vaddr=42000020 size=482d4h (295636) map
[23:40:29] I (180) esp_image: segment 4: paddr=000782fc vaddr=4037c2d8 size=081e8h ( 33256) load
[23:40:29] I (188) esp_image: segment 5: paddr=000804ec vaddr=50000000 size=00024h (    36) load
[23:40:29] I (195) boot: Loaded app from partition at offset 0x10000
[23:40:29] I (195) boot: Disabling RNG early entropy source...
[23:40:29] I (206) octal_psram: vendor id    : 0x0d (AP)
[23:40:29] I (206) octal_psram: dev id       : 0x02 (generation 3)
[23:40:29] I (206) octal_psram: density      : 0x03 (64 Mbit)
[23:40:29] I (208) octal_psram: good-die     : 0x01 (Pass)
[23:40:29] I (212) octal_psram: Latency      : 0x01 (Fixed)
[23:40:29] I (217) octal_psram: VCC          : 0x01 (3V)
[23:40:29] I (221) octal_psram: SRF          : 0x01 (Fast Refresh)
[23:40:29] I (226) octal_psram: BurstType    : 0x01 (Hybrid Wrap)
[23:40:29] I (230) octal_psram: BurstLen     : 0x01 (32 Byte)
[23:40:29] I (235) octal_psram: Readlatency  : 0x02 (10 cycles@Fixed)
[23:40:29] I (240) octal_psram: DriveStrength: 0x00 (1/1)
[23:40:29] I (244) MSPI Timing: Enter psram timing tuning
[23:40:29] I (249) esp_psram: Found 8MB PSRAM device
[23:40:29] I (252) esp_psram: Speed: 80MHz
[23:40:29] I (255) cpu_start: Multicore app
[23:40:30] I (671) esp_psram: SPI SRAM memory test OK
[23:40:30] I (679) cpu_start: GPIO 44 and 43 are used as console UART I/O pins
[23:40:30] I (680) cpu_start: Pro cpu start user code
[23:40:30] I (680) cpu_start: cpu freq: 240000000 Hz
[23:40:30] I (682) app_init: Application information:
[23:40:30] I (686) app_init: Project name:     tinydraw_esp32
[23:40:30] I (690) app_init: App version:      1560ce9-dirty
[23:40:30] I (694) app_init: Compile time:     Aug 15 2026 23:40:03
[23:40:30] I (699) app_init: ELF file SHA256:  3019b6ddb...
[23:40:30] I (704) app_init: ESP-IDF:          v6.0.2
[23:40:30] I (708) efuse_init: Min chip rev:     v0.0
[23:40:30] I (711) efuse_init: Max chip rev:     v0.99 
[23:40:30] I (715) efuse_init: Chip rev:         v0.2
[23:40:30] I (719) heap_init: Initializing. RAM available for dynamic allocation:
[23:40:30] I (726) heap_init: At 3FC99090 len 00050680 (321 KiB): RAM
[23:40:30] I (731) heap_init: At 3FCE9710 len 00005724 (21 KiB): RAM
[23:40:30] I (736) heap_init: At 3FCF0000 len 00008000 (32 KiB): DRAM
[23:40:30] I (741) heap_init: At 600FE000 len 00001FE8 (7 KiB): RTCRAM
[23:40:30] I (747) esp_psram: Adding pool of 8192K of PSRAM memory to heap allocator
[23:40:30] I (753) spi_flash: detected chip: generic
[23:40:30] I (757) spi_flash: flash io: qio
[23:40:30] I (760) sleep_gpio: Configure to isolate all GPIO pins in sleep state
[23:40:30] I (766) sleep_gpio: Enable automatic switching of GPIO sleep configuration
[23:40:30] I (773) main_task: Started on CPU0
[23:40:30] I (776) main_task: Calling app_main()
[23:40:30] TINYDRAW_PANEL_HARD_RESET=1
[23:40:30] TINYDRAW_PANEL_TRANSPORT requested_clock_mhz=50 actual_clock=divider_limited_40mhz
[23:40:30] I (974) co5300: version: 2.1.0
[23:40:30] I (974) co5300_spi: LCD panel create success, version: 2.1.0
[23:40:30] W (1060) co5300_spi: The 3Ah command has been used and will be overwritten by external initialization sequence
[23:40:30] I (1161) CST816S: IC id: 183
[23:40:30] TINYDRAW_VECTOR_V2_PRESENTATION experiment=boundary-top-sweep te_edge=rising clock_mhz=50 optical_acceptance=external_manual
[23:40:30] TINYDRAW_LIVE_PRESENT kind=startup zoom=25 x=0 y=0 compose_us=26075 scroll_us=0 exposed_compose_us=0 chrome_us=16731 read_submit_us=0 read_complete_us=0 transfer_wait_us=33207 tile_pixels=0 uniform_pixels=0 overview_pixels=164864 fallback_pixels=0 resident_tiles=0 fallback_tiles=0 pushes=11 tear_wait_us=14903 tear_edge_isr_to_resume_us=10 tear_edge_observed=1 tear_edge_wait_resumed=1 tear_edge_timeout=0 tear_heal_attempted=0 tear_heal_command_sent=0 presentation_experiment=boundary-top-sweep te_edge=rising clock_mhz=50 frame_reused=0 pass=1
[23:40:31] TINYDRAW_LIVE_STRESS operations=1000 samples=20000 total_us=459193 average_us=459 maximum_us=797 free_psram=1879376 largest_psram=1867776
[23:40:31] TINYDRAW_LIVE_PRESENT kind=gate_fallback zoom=100 x=0 y=0 compose_us=16175 scroll_us=0 exposed_compose_us=0 chrome_us=15879 read_submit_us=23792 read_complete_us=40028 transfer_wait_us=33123 tile_pixels=0 uniform_pixels=0 overview_pixels=0 fallback_pixels=164864 resident_tiles=0 fallback_tiles=42 pushes=11 tear_wait_us=7487 tear_edge_isr_to_resume_us=10 tear_edge_observed=1 tear_edge_wait_resumed=1 tear_edge_timeout=0 tear_heal_attempted=0 tear_heal_command_sent=0 presentation_experiment=boundary-top-sweep te_edge=rising clock_mhz=50 frame_reused=0 pass=1
[23:40:31] TINYDRAW_GATE1_HARD zoom=100 cold=1 operations=1000 samples=20000 steps=192 tiles=42 scanned=12000 rendered=1659 max_supertask_us=9856 presentation_us=71076 total_us=280284 pass=1
[23:40:31] TINYDRAW_LIVE_PRESENT kind=gate_fallback zoom=400 x=0 y=0 compose_us=15728 scroll_us=0 exposed_compose_us=0 chrome_us=15706 read_submit_us=28282 read_complete_us=44564 transfer_wait_us=33034 tile_pixels=0 uniform_pixels=0 overview_pixels=0 fallback_pixels=164864 resident_tiles=0 fallback_tiles=42 pushes=11 tear_wait_us=12426 tear_edge_isr_to_resume_us=11 tear_edge_observed=1 tear_edge_wait_resumed=1 tear_edge_timeout=0 tear_heal_attempted=0 tear_heal_command_sent=0 presentation_experiment=boundary-top-sweep te_edge=rising clock_mhz=50 frame_reused=0 pass=1
[23:40:31] TINYDRAW_GATE1_HARD zoom=400 cold=1 operations=1000 samples=20000 steps=196 tiles=42 scanned=12000 rendered=120 max_supertask_us=9187 presentation_us=67726 total_us=213631 pass=1
[23:40:32] TINYDRAW_OVERLAP_WORKLOAD operations=8 samples=1200 radius_world=80
[23:40:33] TINYDRAW_GATE1_PACED_COLD corpus=overlap zoom=50 x=215 y=255 steps=334 tiles=56 compute_us=385736 present_us=89121 touch_us=997 pacing_us=9963 wall_us=485817 max_tick_us=10717 touch_samples=2304 touch_interval_max_us=1949 touch_read_max_us=584 touch_events=0 touch_down=0 touch_up=0 touch_events_ge_8ms=0 touch_event_age_max_us=0 touch_errors=0 touch_overflows=0 pass=1
[23:40:33] TINYDRAW_GATE1_PACED_COLD corpus=overlap zoom=100 x=583 y=703 steps=172 tiles=48 compute_us=241828 present_us=84262 touch_us=612 pacing_us=5272 wall_us=331974 max_tick_us=10274 touch_samples=417 touch_interval_max_us=1855 touch_read_max_us=494 touch_events=0 touch_down=0 touch_up=0 touch_events_ge_8ms=0 touch_event_age_max_us=0 touch_errors=0 touch_overflows=0 pass=1
[23:40:33] TINYDRAW_GATE1_PACED_COLD corpus=overlap zoom=200 x=1319 y=1599 steps=128 tiles=56 compute_us=244893 present_us=84919 touch_us=552 pacing_us=5611 wall_us=335975 max_tick_us=10195 touch_samples=422 touch_interval_max_us=1934 touch_read_max_us=478 touch_events=0 touch_down=0 touch_up=0 touch_events_ge_8ms=0 touch_event_age_max_us=0 touch_errors=0 touch_overflows=0 pass=1
[23:40:34] TINYDRAW_GATE1_PACED_COLD corpus=overlap zoom=400 x=2791 y=3391 steps=94 tiles=56 compute_us=229579 present_us=82088 touch_us=502 pacing_us=4803 wall_us=316972 max_tick_us=10423 touch_samples=400 touch_interval_max_us=1845 touch_read_max_us=437 touch_events=0 touch_down=0 touch_up=0 touch_events_ge_8ms=0 touch_event_age_max_us=0 touch_errors=0 touch_overflows=0 pass=1
[23:40:34] TINYDRAW_ADVERSARIAL_TAPERED_WORKLOAD operations=128 samples=4096 erasers=12 load_us=221051 appended=1
[23:40:34] TINYDRAW_GATE1_PACED_COLD corpus=adversarial_tapered_4x zoom=50 x=0 y=0 steps=104 tiles=42 compute_us=99269 present_us=65108 touch_us=295 pacing_us=5300 wall_us=169972 max_tick_us=7636 touch_samples=508 touch_interval_max_us=1130 touch_read_max_us=421 touch_events=0 touch_down=0 touch_up=0 touch_events_ge_8ms=0 touch_event_age_max_us=0 touch_errors=0 touch_overflows=0 pass=1
[23:40:35] TINYDRAW_GATE1_PACED_COLD corpus=adversarial_tapered_4x zoom=100 x=0 y=0 steps=348 tiles=42 compute_us=164281 present_us=62341 touch_us=447 pacing_us=6904 wall_us=233973 max_tick_us=9550 touch_samples=316 touch_interval_max_us=1147 touch_read_max_us=410 touch_events=0 touch_down=0 touch_up=0 touch_events_ge_8ms=0 touch_event_age_max_us=0 touch_errors=0 touch_overflows=0 pass=1
[23:40:36] TINYDRAW_GATE1_PACED_COLD corpus=adversarial_tapered_4x zoom=200 x=0 y=0 steps=1214 tiles=42 compute_us=456081 present_us=65909 touch_us=953 pacing_us=17028 wall_us=539971 max_tick_us=10392 touch_samples=624 touch_interval_max_us=1154 touch_read_max_us=416 touch_events=0 touch_down=0 touch_up=0 touch_events_ge_8ms=0 touch_event_age_max_us=0 touch_errors=0 touch_overflows=0 pass=1
[23:40:36] TINYDRAW_GATE1_PACED_COLD corpus=adversarial_tapered_4x zoom=400 x=0 y=0 steps=904 tiles=42 compute_us=564715 present_us=67204 touch_us=1015 pacing_us=15059 wall_us=647993 max_tick_us=9882 touch_samples=729 touch_interval_max_us=1126 touch_read_max_us=412 touch_events=0 touch_down=0 touch_up=0 touch_events_ge_8ms=0 touch_event_age_max_us=0 touch_errors=0 touch_overflows=0 pass=1
[23:40:36] TINYDRAW_GATE1_WORKLOAD kind=realistic seed=7 operations=1000 samples=19844 maximum_stroke=198 load_us=381995 raw_source=1 lod_copies=0
[23:40:37] TINYDRAW_GATE1_PACED_COLD corpus=seed7 zoom=400 x=63 y=63 steps=281 tiles=56 compute_us=283413 present_us=86086 touch_us=457 pacing_us=8013 wall_us=377969 max_tick_us=13099 touch_samples=954 touch_interval_max_us=1929 touch_read_max_us=498 touch_events=0 touch_down=0 touch_up=0 touch_events_ge_8ms=0 touch_event_age_max_us=0 touch_errors=0 touch_overflows=0 pass=1
[23:40:37] TINYDRAW_LIVE_PRESENT kind=gate_fallback zoom=100 x=0 y=0 compose_us=16742 scroll_us=0 exposed_compose_us=0 chrome_us=15848 read_submit_us=21714 read_complete_us=37987 transfer_wait_us=33134 tile_pixels=0 uniform_pixels=0 overview_pixels=0 fallback_pixels=164864 resident_tiles=0 fallback_tiles=42 pushes=11 tear_wait_us=4847 tear_edge_isr_to_resume_us=10 tear_edge_observed=1 tear_edge_wait_resumed=1 tear_edge_timeout=0 tear_heal_attempted=0 tear_heal_command_sent=0 presentation_experiment=boundary-top-sweep te_edge=rising clock_mhz=50 frame_reused=0 pass=1
[23:40:37] TINYDRAW_GATE1_HARD zoom=100 cold=1 operations=1000 samples=19844 steps=275 tiles=42 scanned=12000 rendered=5232 max_supertask_us=10032 presentation_us=70657 total_us=386308 pass=1
[23:40:37] TINYDRAW_GATE1_OVERLAY_CANVAS regions=zoom,minimap,toolbar,battery operations=4 presentation_mutations=0 authority=1 pass=1
[23:40:38] TINYDRAW_GATE1_LIVE_OVERLAY clear_updates=47 clear_wall_max_us=2932 clear_submit_max_us=1845 clear_complete_max_us=2203 overlay_updates=47 overlay_wall_max_us=2925 overlay_submit_max_us=2071 overlay_complete_max_us=2400 overlay_chrome_max_us=190 clear_failures=0 overlay_failures=0 pass=1
[23:40:38] TINYDRAW_EDGE_INK corners=4 edge_failures=0 pass=1
[23:40:38] TINYDRAW_GATE1_PAN zoom=100 from_x=0 from_y=0 to_x=88 to_y=88 compose_us=20775 scroll_us=12 exposed_compose_us=20763 chrome_us=1894 event_submit_us=127 event_complete_us=11660 transfer_us=31999 setup=1 present=1 moved=1 frame_reused=1 pass=1
[23:40:38] TINYDRAW_LIVE_PRESENT kind=gate_fallback zoom=400 x=0 y=0 compose_us=16026 scroll_us=0 exposed_compose_us=0 chrome_us=15696 read_submit_us=32419 read_complete_us=48705 transfer_wait_us=33211 tile_pixels=0 uniform_pixels=0 overview_pixels=0 fallback_pixels=164864 resident_tiles=0 fallback_tiles=42 pushes=11 tear_wait_us=16257 tear_edge_isr_to_resume_us=9 tear_edge_observed=1 tear_edge_wait_resumed=1 tear_edge_timeout=0 tear_heal_attempted=0 tear_heal_command_sent=0 presentation_experiment=boundary-top-sweep te_edge=rising clock_mhz=50 frame_reused=0 pass=1
[23:40:39] TINYDRAW_GATE1_HARD zoom=400 cold=1 operations=1008 samples=19852 steps=217 tiles=42 scanned=12096 rendered=592 max_supertask_us=11451 presentation_us=70264 total_us=275856 pass=1
[23:40:39] TINYDRAW_GATE1_PAN zoom=400 from_x=0 from_y=0 to_x=88 to_y=88 compose_us=20657 scroll_us=11 exposed_compose_us=20646 chrome_us=1838 event_submit_us=116 event_complete_us=15063 transfer_us=31603 setup=1 present=1 moved=1 frame_reused=1 pass=1
[23:40:43] TINYDRAW_PANSEQ_FRAME zoom=100 step=0 dx=24 dy=18 scroll_us=12 exposed_compose_us=6940 tear_wait_us=16 present_us=20719 prepare_us=21950 acquire_wait_us=54 ring_copy_us=6265 patch_us=8990 byte_swap_us=6695 staging_us=3962 event_submit_us=124 event_complete_us=8932 frame_us=27982 tear_edge_observed=1 frame_reused=1 pass=1
[23:40:43] TINYDRAW_PANSEQ_FRAME zoom=100 step=1 dx=24 dy=18 scroll_us=6 exposed_compose_us=6671 tear_wait_us=17 present_us=20561 prepare_us=21892 acquire_wait_us=57 ring_copy_us=6447 patch_us=8740 byte_swap_us=6705 staging_us=3961 event_submit_us=117 event_complete_us=9057 frame_us=27926 tear_edge_observed=1 frame_reused=1 pass=1
[23:40:43] TINYDRAW_PANSEQ_FRAME zoom=100 step=2 dx=24 dy=18 scroll_us=10 exposed_compose_us=6610 tear_wait_us=4921 present_us=19780 prepare_us=21819 acquire_wait_us=51 ring_copy_us=6422 patch_us=8644 byte_swap_us=6753 staging_us=3951 event_submit_us=120 event_complete_us=13842 frame_us=31946 tear_edge_observed=1 frame_reused=1 pass=1
[23:40:43] TINYDRAW_PANSEQ_FRAME zoom=100 step=3 dx=24 dy=18 scroll_us=7 exposed_compose_us=7122 tear_wait_us=6358 present_us=20154 prepare_us=22321 acquire_wait_us=51 ring_copy_us=6408 patch_us=9211 byte_swap_us=6702 staging_us=3964 event_submit_us=113 event_complete_us=15456 frame_us=33933 tear_edge_observed=1 frame_reused=1 pass=1
[23:40:43] TINYDRAW_PANSEQ_FRAME zoom=100 step=4 dx=24 dy=18 scroll_us=10 exposed_compose_us=6601 tear_wait_us=6130 present_us=20528 prepare_us=21801 acquire_wait_us=46 ring_copy_us=6466 patch_us=8576 byte_swap_us=6759 staging_us=3947 event_submit_us=120 event_complete_us=15098 frame_us=33938 tear_edge_observed=1 frame_reused=1 pass=1
[23:40:43] TINYDRAW_PANSEQ_FRAME zoom=100 step=5 dx=24 dy=18 scroll_us=7 exposed_compose_us=6846 tear_wait_us=5689 present_us=19898 prepare_us=22108 acquire_wait_us=47 ring_copy_us=6422 patch_us=8954 byte_swap_us=6732 staging_us=3929 event_submit_us=113 event_complete_us=14715 frame_us=32935 tear_edge_observed=1 frame_reused=1 pass=1
[23:40:43] TINYDRAW_PANSEQ_FRAME zoom=100 step=6 dx=24 dy=18 scroll_us=10 exposed_compose_us=6688 tear_wait_us=6355 present_us=20273 prepare_us=21954 acquire_wait_us=53 ring_copy_us=6457 patch_us=8755 byte_swap_us=6742 staging_us=3978 event_submit_us=120 event_complete_us=15353 frame_us=33942 tear_edge_observed=1 frame_reused=1 pass=1
[23:40:43] TINYDRAW_PANSEQ_FRAME zoom=100 step=7 dx=24 dy=18 scroll_us=7 exposed_compose_us=6883 tear_wait_us=5939 present_us=20633 prepare_us=22044 acquire_wait_us=50 ring_copy_us=6352 patch_us=8989 byte_swap_us=6703 staging_us=3955 event_submit_us=113 event_complete_us=14980 frame_us=33934 tear_edge_observed=1 frame_reused=1 pass=1
[23:40:43] TINYDRAW_PANSEQ_FRAME zoom=100 step=8 dx=24 dy=18 scroll_us=10 exposed_compose_us=7168 tear_wait_us=5479 present_us=20018 prepare_us=22384 acquire_wait_us=45 ring_copy_us=6493 patch_us=9188 byte_swap_us=6703 staging_us=3960 event_submit_us=120 event_complete_us=14607 frame_us=32944 tear_edge_observed=1 frame_reused=1 pass=1
[23:40:43] TINYDRAW_PANSEQ_FRAME zoom=100 step=9 dx=24 dy=18 scroll_us=6 exposed_compose_us=6995 tear_wait_us=6136 present_us=20390 prepare_us=22266 acquire_wait_us=55 ring_copy_us=6461 patch_us=9070 byte_swap_us=6735 staging_us=3993 event_submit_us=113 event_complete_us=15217 frame_us=33930 tear_edge_observed=1 frame_reused=1 pass=1
[23:40:43] TINYDRAW_PANSEQ_FRAME zoom=100 step=10 dx=24 dy=18 scroll_us=10 exposed_compose_us=6829 tear_wait_us=5839 present_us=19775 prepare_us=22030 acquire_wait_us=44 ring_copy_us=6444 patch_us=8823 byte_swap_us=6763 staging_us=3968 event_submit_us=119 event_complete_us=14852 frame_us=32949 tear_edge_observed=1 frame_reused=1 pass=1
[23:40:43] TINYDRAW_PANSEQ_FRAME zoom=100 step=11 dx=24 dy=18 scroll_us=7 exposed_compose_us=7563 tear_wait_us=6226 present_us=21138 prepare_us=22745 acquire_wait_us=53 ring_copy_us=6459 patch_us=9595 byte_swap_us=6691 staging_us=3965 event_submit_us=113 event_complete_us=15465 frame_us=34926 tear_edge_observed=1 frame_reused=1 pass=1
[23:40:43] TINYDRAW_PANSEQ_FRAME zoom=100 step=12 dx=24 dy=18 scroll_us=10 exposed_compose_us=7004 tear_wait_us=5031 present_us=20504 prepare_us=22254 acquire_wait_us=52 ring_copy_us=6463 patch_us=9048 byte_swap_us=6743 staging_us=3961 event_submit_us=120 event_complete_us=14117 frame_us=32941 tear_edge_observed=1 frame_reused=1 pass=1
[23:40:43] TINYDRAW_PANSEQ_FRAME zoom=100 step=13 dx=24 dy=18 scroll_us=7 exposed_compose_us=7134 tear_wait_us=5646 present_us=20869 prepare_us=22283 acquire_wait_us=52 ring_copy_us=6379 patch_us=9178 byte_swap_us=6726 staging_us=3980 event_submit_us=114 event_complete_us=14742 frame_us=33932 tear_edge_observed=1 frame_reused=1 pass=1
[23:40:43] TINYDRAW_PANSEQ_FRAME zoom=100 step=14 dx=24 dy=18 scroll_us=10 exposed_compose_us=7043 tear_wait_us=5302 present_us=20233 prepare_us=22298 acquire_wait_us=49 ring_copy_us=6475 patch_us=9065 byte_swap_us=6758 staging_us=3957 event_submit_us=120 event_complete_us=14384 frame_us=32941 tear_edge_observed=1 frame_reused=1 pass=1
[23:40:43] TINYDRAW_PANSEQ_FRAME zoom=100 step=15 dx=24 dy=18 scroll_us=7 exposed_compose_us=7361 tear_wait_us=5878 present_us=20604 prepare_us=22531 acquire_wait_us=46 ring_copy_us=6420 patch_us=9352 byte_swap_us=6759 staging_us=3942 event_submit_us=113 event_complete_us=15008 frame_us=33935 tear_edge_observed=1 frame_reused=1 pass=1
[23:40:43] TINYDRAW_PANSEQ_FRAME zoom=100 step=16 dx=72 dy=54 scroll_us=10 exposed_compose_us=16999 tear_wait_us=3279 present_us=28980 prepare_us=32672 acquire_wait_us=58 ring_copy_us=7112 patch_us=19026 byte_swap_us=6534 staging_us=3976 event_submit_us=120 event_complete_us=14637 frame_us=41938 tear_edge_observed=1 frame_reused=1 pass=1
[23:40:43] TINYDRAW_PANSEQ_FRAME zoom=100 step=17 dx=72 dy=54 scroll_us=7 exposed_compose_us=17007 tear_wait_us=16 present_us=28169 prepare_us=32779 acquire_wait_us=61 ring_copy_us=7151 patch_us=19063 byte_swap_us=6565 staging_us=3978 event_submit_us=113 event_complete_us=11441 frame_us=37933 tear_edge_observed=1 frame_reused=1 pass=1
[23:40:43] TINYDRAW_PANSEQ_FRAME zoom=100 step=18 dx=72 dy=54 scroll_us=10 exposed_compose_us=16256 tear_wait_us=26 present_us=28210 prepare_us=32019 acquire_wait_us=64 ring_copy_us=7184 patch_us=18298 byte_swap_us=6537 staging_us=4002 event_submit_us=120 event_complete_us=11422 frame_us=37941 tear_edge_observed=1 frame_reused=1 pass=1
[23:40:43] TINYDRAW_PANSEQ_FRAME zoom=100 step=19 dx=72 dy=54 scroll_us=6 exposed_compose_us=16748 tear_wait_us=2821 present_us=28324 prepare_us=32336 acquire_wait_us=54 ring_copy_us=7013 patch_us=18738 byte_swap_us=6585 staging_us=4016 event_submit_us=114 event_complete_us=14300 frame_us=40935 tear_edge_observed=1 frame_reused=1 pass=1
[23:40:43] TINYDRAW_PANSEQ_FRAME zoom=100 step=20 dx=-72 dy=-54 scroll_us=10 exposed_compose_us=17555 tear_wait_us=15 present_us=23015 prepare_us=33144 acquire_wait_us=55 ring_copy_us=7037 patch_us=19526 byte_swap_us=6581 staging_us=3999 event_submit_us=121 event_complete_us=17609 frame_us=38944 tear_edge_observed=1 frame_reused=1 pass=1
[23:40:43] TINYDRAW_PANSEQ_FRAME zoom=100 step=21 dx=-72 dy=-54 scroll_us=6 exposed_compose_us=17034 tear_wait_us=1013 present_us=22294 prepare_us=32677 acquire_wait_us=52 ring_copy_us=6960 patch_us=19127 byte_swap_us=6590 staging_us=3971 event_submit_us=112 event_complete_us=18327 frame_us=38931 tear_edge_observed=1 frame_reused=1 pass=1
[23:40:43] TINYDRAW_PANSEQ_FRAME zoom=100 step=22 dx=-72 dy=-54 scroll_us=10 exposed_compose_us=17095 tear_wait_us=14 present_us=22259 prepare_us=32751 acquire_wait_us=61 ring_copy_us=6971 patch_us=19166 byte_swap_us=6614 staging_us=4021 event_submit_us=120 event_complete_us=17389 frame_us=37944 tear_edge_observed=1 frame_reused=1 pass=1
[23:40:43] TINYDRAW_PANSEQ_FRAME zoom=100 step=23 dx=-72 dy=-54 scroll_us=7 exposed_compose_us=16561 tear_wait_us=20 present_us=22487 prepare_us=32004 acquire_wait_us=62 ring_copy_us=6903 patch_us=18545 byte_swap_us=6556 staging_us=4023 event_submit_us=113 event_complete_us=17147 frame_us=37935 tear_edge_observed=1 frame_reused=1 pass=1
[23:40:43] TINYDRAW_GATE1_PANSEQ zoom=100 frames=24 scroll_avg_us=8 exposed_avg_us=10279 tear_wait_avg_us=3673 present_avg_us=22075 prepare_avg_us=25627 acquire_wait_avg_us=53 ring_copy_avg_us=6631 patch_avg_us=12319 byte_swap_avg_us=6676 staging_avg_us=3973 frame_avg_us=34897 frame_p50_us=33934 frame_p95_us=40935 frame_max_us=41938 complete_p50_us=14742 complete_p95_us=17609 complete_max_us=18327 tear_edge_failures=0 presentation_experiment=boundary-top-sweep te_edge=rising clock_mhz=50 all_reused=1 pass=1
[23:40:46] TINYDRAW_PANSEQ_FRAME zoom=400 step=0 dx=24 dy=18 scroll_us=12 exposed_compose_us=6916 tear_wait_us=14 present_us=19305 prepare_us=21808 acquire_wait_us=48 ring_copy_us=6350 patch_us=8761 byte_swap_us=6697 staging_us=3950 event_submit_us=124 event_complete_us=9346 frame_us=26983 tear_edge_observed=1 frame_reused=1 pass=1
[23:40:46] TINYDRAW_PANSEQ_FRAME zoom=400 step=1 dx=24 dy=18 scroll_us=7 exposed_compose_us=6318 tear_wait_us=166 present_us=19444 prepare_us=21400 acquire_wait_us=53 ring_copy_us=6501 patch_us=8125 byte_swap_us=6774 staging_us=3968 event_submit_us=116 event_complete_us=9166 frame_us=26931 tear_edge_observed=1 frame_reused=1 pass=1
[23:40:46] TINYDRAW_PANSEQ_FRAME zoom=400 step=2 dx=24 dy=18 scroll_us=10 exposed_compose_us=6238 tear_wait_us=6800 present_us=19848 prepare_us=21199 acquire_wait_us=61 ring_copy_us=6497 patch_us=7931 byte_swap_us=6771 staging_us=3951 event_submit_us=121 event_complete_us=15769 frame_us=33938 tear_edge_observed=1 frame_reused=1 pass=1
[23:40:46] TINYDRAW_PANSEQ_FRAME zoom=400 step=3 dx=24 dy=18 scroll_us=7 exposed_compose_us=6569 tear_wait_us=6437 present_us=20230 prepare_us=21542 acquire_wait_us=47 ring_copy_us=6402 patch_us=8388 byte_swap_us=6752 staging_us=3938 event_submit_us=115 event_complete_us=15380 frame_us=33935 tear_edge_observed=1 frame_reused=1 pass=1
[23:40:46] TINYDRAW_PANSEQ_FRAME zoom=400 step=4 dx=24 dy=18 scroll_us=10 exposed_compose_us=6108 tear_wait_us=6146 present_us=19612 prepare_us=21124 acquire_wait_us=50 ring_copy_us=6575 patch_us=7738 byte_swap_us=6811 staging_us=3961 event_submit_us=121 event_complete_us=15001 frame_us=32938 tear_edge_observed=1 frame_reused=1 pass=1
[23:40:46] TINYDRAW_PANSEQ_FRAME zoom=400 step=5 dx=24 dy=18 scroll_us=7 exposed_compose_us=6374 tear_wait_us=6775 present_us=19996 prepare_us=21287 acquire_wait_us=43 ring_copy_us=6456 patch_us=8086 byte_swap_us=6745 staging_us=3948 event_submit_us=115 event_complete_us=15616 frame_us=33935 tear_edge_observed=1 frame_reused=1 pass=1
[23:40:46] TINYDRAW_PANSEQ_FRAME zoom=400 step=6 dx=24 dy=18 scroll_us=10 exposed_compose_us=7162 tear_wait_us=6092 present_us=20389 prepare_us=22221 acquire_wait_us=46 ring_copy_us=6542 patch_us=8924 byte_swap_us=6755 staging_us=3952 event_submit_us=121 event_complete_us=15222 frame_us=33939 tear_edge_observed=1 frame_reused=1 pass=1
[23:40:46] TINYDRAW_PANSEQ_FRAME zoom=400 step=7 dx=24 dy=18 scroll_us=8 exposed_compose_us=7649 tear_wait_us=5665 present_us=20762 prepare_us=22557 acquire_wait_us=51 ring_copy_us=6377 patch_us=9488 byte_swap_us=6692 staging_us=3967 event_submit_us=116 event_complete_us=14850 frame_us=33935 tear_edge_observed=1 frame_reused=1 pass=1
[23:40:46] TINYDRAW_PANSEQ_FRAME zoom=400 step=8 dx=24 dy=18 scroll_us=10 exposed_compose_us=7857 tear_wait_us=5085 present_us=21140 prepare_us=22824 acquire_wait_us=58 ring_copy_us=6497 patch_us=9659 byte_swap_us=6668 staging_us=3969 event_submit_us=121 event_complete_us=14475 frame_us=33938 tear_edge_observed=1 frame_reused=1 pass=1
[23:40:46] TINYDRAW_PANSEQ_FRAME zoom=400 step=9 dx=24 dy=18 scroll_us=8 exposed_compose_us=7616 tear_wait_us=4833 present_us=20520 prepare_us=22666 acquire_wait_us=57 ring_copy_us=6476 patch_us=9431 byte_swap_us=6759 staging_us=3980 event_submit_us=116 event_complete_us=14099 frame_us=32935 tear_edge_observed=1 frame_reused=1 pass=1
[23:40:46] TINYDRAW_PANSEQ_FRAME zoom=400 step=10 dx=24 dy=18 scroll_us=10 exposed_compose_us=7360 tear_wait_us=5566 present_us=19913 prepare_us=22285 acquire_wait_us=49 ring_copy_us=6456 patch_us=9110 byte_swap_us=6719 staging_us=3973 event_submit_us=121 event_complete_us=14708 frame_us=32946 tear_edge_observed=1 frame_reused=1 pass=1
[23:40:46] TINYDRAW_PANSEQ_FRAME zoom=400 step=11 dx=24 dy=18 scroll_us=7 exposed_compose_us=8297 tear_wait_us=5831 present_us=21289 prepare_us=23239 acquire_wait_us=55 ring_copy_us=6466 patch_us=10119 byte_swap_us=6654 staging_us=3974 event_submit_us=116 event_complete_us=15325 frame_us=34925 tear_edge_observed=1 frame_reused=1 pass=1
[23:40:46] TINYDRAW_PANSEQ_FRAME zoom=400 step=12 dx=24 dy=18 scroll_us=10 exposed_compose_us=7708 tear_wait_us=4619 present_us=20680 prepare_us=22836 acquire_wait_us=53 ring_copy_us=6521 patch_us=9587 byte_swap_us=6728 staging_us=3979 event_submit_us=121 event_complete_us=13933 frame_us=32940 tear_edge_observed=1 frame_reused=1 pass=1
[23:40:46] TINYDRAW_PANSEQ_FRAME zoom=400 step=13 dx=24 dy=18 scroll_us=8 exposed_compose_us=7739 tear_wait_us=5236 present_us=21061 prepare_us=22728 acquire_wait_us=47 ring_copy_us=6493 patch_us=9555 byte_swap_us=6680 staging_us=3966 event_submit_us=115 event_complete_us=14553 frame_us=33933 tear_edge_observed=1 frame_reused=1 pass=1
[23:40:46] TINYDRAW_PANSEQ_FRAME zoom=400 step=14 dx=24 dy=18 scroll_us=10 exposed_compose_us=7655 tear_wait_us=4927 present_us=20448 prepare_us=22728 acquire_wait_us=48 ring_copy_us=6510 patch_us=9481 byte_swap_us=6737 staging_us=3991 event_submit_us=121 event_complete_us=14167 frame_us=32939 tear_edge_observed=1 frame_reused=1 pass=1
[23:40:46] TINYDRAW_PANSEQ_FRAME zoom=400 step=15 dx=24 dy=18 scroll_us=8 exposed_compose_us=8057 tear_wait_us=5391 present_us=20829 prepare_us=23180 acquire_wait_us=51 ring_copy_us=6490 patch_us=9986 byte_swap_us=6704 staging_us=3943 event_submit_us=116 event_complete_us=14782 frame_us=33936 tear_edge_observed=1 frame_reused=1 pass=1
[23:40:46] TINYDRAW_PANSEQ_FRAME zoom=400 step=16 dx=72 dy=54 scroll_us=10 exposed_compose_us=18027 tear_wait_us=2784 present_us=29229 prepare_us=33554 acquire_wait_us=71 ring_copy_us=7095 patch_us=19876 byte_swap_us=6583 staging_us=4011 event_submit_us=121 event_complete_us=14384 frame_us=41937 tear_edge_observed=1 frame_reused=1 pass=1
[23:40:46] TINYDRAW_PANSEQ_FRAME zoom=400 step=17 dx=72 dy=54 scroll_us=8 exposed_compose_us=18054 tear_wait_us=17 present_us=29011 prepare_us=33515 acquire_wait_us=52 ring_copy_us=7020 patch_us=19875 byte_swap_us=6620 staging_us=3977 event_submit_us=115 event_complete_us=11603 frame_us=38934 tear_edge_observed=1 frame_reused=1 pass=1
[23:40:46] TINYDRAW_PANSEQ_FRAME zoom=400 step=18 dx=72 dy=54 scroll_us=10 exposed_compose_us=17746 tear_wait_us=5838 present_us=29185 prepare_us=33275 acquire_wait_us=61 ring_copy_us=7122 patch_us=19600 byte_swap_us=6553 staging_us=4016 event_submit_us=123 event_complete_us=17430 frame_us=44938 tear_edge_observed=1 frame_reused=1 pass=1
[23:40:47] TINYDRAW_PANSEQ_FRAME zoom=400 step=19 dx=72 dy=54 scroll_us=8 exposed_compose_us=18483 tear_wait_us=15 present_us=29943 prepare_us=33908 acquire_wait_us=66 ring_copy_us=7035 patch_us=20262 byte_swap_us=6611 staging_us=4017 event_submit_us=116 event_complete_us=11669 frame_us=39936 tear_edge_observed=1 frame_reused=1 pass=1
[23:40:47] TINYDRAW_PANSEQ_FRAME zoom=400 step=20 dx=-72 dy=-54 scroll_us=10 exposed_compose_us=18966 tear_wait_us=14 present_us=23311 prepare_us=34394 acquire_wait_us=55 ring_copy_us=7033 patch_us=20756 byte_swap_us=6605 staging_us=4003 event_submit_us=121 event_complete_us=18305 frame_us=39940 tear_edge_observed=1 frame_reused=1 pass=1
[23:40:47] TINYDRAW_PANSEQ_FRAME zoom=400 step=21 dx=-72 dy=-54 scroll_us=7 exposed_compose_us=18008 tear_wait_us=13 present_us=22855 prepare_us=33224 acquire_wait_us=60 ring_copy_us=6797 patch_us=19780 byte_swap_us=6647 staging_us=4006 event_submit_us=115 event_complete_us=17756 frame_us=38936 tear_edge_observed=1 frame_reused=1 pass=1
[23:40:47] TINYDRAW_PANSEQ_FRAME zoom=400 step=22 dx=-72 dy=-54 scroll_us=9 exposed_compose_us=17904 tear_wait_us=13 present_us=22901 prepare_us=33165 acquire_wait_us=66 ring_copy_us=6908 patch_us=19651 byte_swap_us=6606 staging_us=4002 event_submit_us=121 event_complete_us=17713 frame_us=38939 tear_edge_observed=1 frame_reused=1 pass=1
[23:40:47] TINYDRAW_PANSEQ_FRAME zoom=400 step=23 dx=-72 dy=-54 scroll_us=8 exposed_compose_us=16709 tear_wait_us=13 present_us=22330 prepare_us=32099 acquire_wait_us=56 ring_copy_us=6985 patch_us=18532 byte_swap_us=6582 staging_us=3960 event_submit_us=116 event_complete_us=17282 frame_us=37935 tear_edge_observed=1 frame_reused=1 pass=1
[23:40:47] TINYDRAW_GATE1_PANSEQ zoom=400 frames=24 scroll_avg_us=8 exposed_avg_us=10813 tear_wait_avg_us=3678 present_avg_us=22259 prepare_avg_us=25948 acquire_wait_avg_us=54 ring_copy_avg_us=6650 patch_avg_us=12612 byte_swap_avg_us=6685 staging_avg_us=3975 frame_avg_us=35271 frame_p50_us=33936 frame_p95_us=41937 frame_max_us=44938 complete_p50_us=14782 complete_p95_us=17756 complete_max_us=18305 tear_edge_failures=0 presentation_experiment=boundary-top-sweep te_edge=rising clock_mhz=50 all_reused=1 pass=1
[23:40:47] TINYDRAW_GATE1_DRAW_FILL zoom=400 revision=2148 append_us=1269 poll_gap_us=102 event_submit_us=2035 event_complete_us=2634 max_compute_slice_us=4853 max_display_slice_us=25777 fill_us=288382 revision_restarted=1 pass=1
[23:40:48] TINYDRAW_GATE1_CACHE_FILL zoom=50 x=63 y=63 published=56 total_us=557970 within_cold_gate=0 complete=1
[23:40:48] TINYDRAW_GATE1_CACHE_FILL zoom=100 x=63 y=63 published=56 total_us=524970 within_cold_gate=0 complete=1
[23:40:49] TINYDRAW_GATE1_CACHE_FILL zoom=200 x=63 y=63 published=56 total_us=429970 within_cold_gate=1 complete=1
[23:40:49] TINYDRAW_GATE1_CACHE_FILL zoom=400 x=63 y=63 published=56 total_us=391961 within_cold_gate=1 complete=1
[23:40:49] TINYDRAW_GATE1_CACHE_REVISIT zoom=50 remaining=0 tile_pixels=118128 fallback_pixels=0 compose_us=17663 complete_us=32791 hit=1
[23:40:49] TINYDRAW_GATE1_CACHE_REVISIT zoom=100 remaining=0 tile_pixels=164864 fallback_pixels=0 compose_us=19526 complete_us=32590 hit=1
[23:40:49] TINYDRAW_GATE1_CACHE_REVISIT zoom=200 remaining=0 tile_pixels=164864 fallback_pixels=0 compose_us=20407 complete_us=32379 hit=1
[23:40:49] TINYDRAW_GATE1_CACHE_REVISIT zoom=400 remaining=0 tile_pixels=164608 fallback_pixels=0 compose_us=21431 complete_us=32181 hit=1
[23:40:50] TINYDRAW_GATE1_CACHE_FILL zoom=400 x=575 y=575 published=56 total_us=420976 within_cold_gate=1 complete=1
[23:40:50] TINYDRAW_GATE1_CACHE_ROUND_TRIP zoom=50 from_x=63 from_y=63 via_x=575 via_y=575 remaining=0 tile_pixels=118128 fallback_pixels=0 compose_us=17732 complete_us=32526 hit=1
[23:40:50] TINYDRAW_GATE1_CACHE_ROUND_TRIP zoom=100 from_x=63 from_y=63 via_x=575 via_y=575 remaining=0 tile_pixels=164864 fallback_pixels=0 compose_us=19582 complete_us=32328 hit=1
[23:40:50] TINYDRAW_GATE1_CACHE_ROUND_TRIP zoom=200 from_x=63 from_y=63 via_x=575 via_y=575 remaining=0 tile_pixels=164864 fallback_pixels=0 compose_us=20393 complete_us=33136 hit=1
[23:40:50] TINYDRAW_GATE1_CACHE_ROUND_TRIP zoom=400 from_x=63 from_y=63 via_x=575 via_y=575 remaining=0 tile_pixels=164608 fallback_pixels=0 compose_us=21490 complete_us=32939 hit=1
[23:40:50] TINYDRAW_GATE1_CACHE_RETENTION pass=1 slots=448 revision=2148
[23:40:52] TINYDRAW_PAPER_SWEEP zoom=100 identities=644 raw=266 uniform=378 fallback=0 slots=448 total_us=1506753 pass=1
[23:40:56] TINYDRAW_GATE1_CACHE_TOUR slots=448 stops=16 forward_steps=2306 forward_tiles=832 forward_wall_us=2459113 return_missing_tiles=0 return_steps=16 return_tiles=0 return_wall_us=43183 home_missing=0 home_fallback_pixels=0 pass=1
[23:40:57] TINYDRAW_GATE1_MIXED_DRAW_WARM zoom=50 fill_tiles=56 fill_us=469857 raw=42 uniform=14
[23:40:57] TINYDRAW_GATE1_MIXED_DRAW_WARM zoom=100 fill_tiles=56 fill_us=433057 raw=56 uniform=0
[23:40:58] TINYDRAW_GATE1_MIXED_DRAW_WARM zoom=200 fill_tiles=56 fill_us=398398 raw=56 uniform=0
[23:40:58] TINYDRAW_GATE1_MIXED_DRAW_WARM zoom=400 fill_tiles=42 fill_us=272400 raw=42 uniform=0
[23:40:59] TINYDRAW_GATE1_MIXED_DRAW zoom=25 tool=pen chunks=50 append_max_us=9522 append_avg_us=8271 append_total_us=413553 affected_tiles=196 published=0 fallback=196 visible_fallback=0 committed=1 authority=1 refresh=1 run_ok=1 pass=1
[23:41:00] TINYDRAW_GATE1_MIXED_DRAW zoom=25 tool=eraser chunks=50 append_max_us=9549 append_avg_us=8201 append_total_us=410080 affected_tiles=0 published=0 fallback=0 visible_fallback=0 committed=1 authority=1 refresh=1 run_ok=1 pass=1
[23:41:02] TINYDRAW_GATE1_MIXED_DRAW zoom=50 tool=pen chunks=50 append_max_us=12738 append_avg_us=10437 append_total_us=521870 affected_tiles=422 published=400 fallback=22 visible_fallback=0 committed=1 authority=1 refresh=1 run_ok=1 pass=1
[23:41:02] TINYDRAW_GATE1_MIXED_DRAW zoom=50 tool=eraser chunks=50 append_max_us=11211 append_avg_us=10160 append_total_us=508000 affected_tiles=405 published=405 fallback=0 visible_fallback=0 committed=1 authority=1 refresh=1 run_ok=1 pass=1
[23:41:04] TINYDRAW_GATE1_MIXED_DRAW zoom=100 tool=pen chunks=50 append_max_us=10440 append_avg_us=8691 append_total_us=434550 affected_tiles=450 published=398 fallback=52 visible_fallback=0 committed=1 authority=1 refresh=1 run_ok=1 pass=1
[23:41:05] TINYDRAW_GATE1_MIXED_DRAW zoom=100 tool=eraser chunks=50 append_max_us=9413 append_avg_us=8463 append_total_us=423162 affected_tiles=399 published=399 fallback=0 visible_fallback=0 committed=1 authority=1 refresh=1 run_ok=1 pass=1
[23:41:06] TINYDRAW_GATE1_MIXED_DRAW zoom=200 tool=pen chunks=50 append_max_us=10031 append_avg_us=8079 append_total_us=403990 affected_tiles=425 published=389 fallback=36 visible_fallback=0 committed=1 authority=1 refresh=1 run_ok=1 pass=1
[23:41:07] TINYDRAW_GATE1_MIXED_DRAW zoom=200 tool=eraser chunks=50 append_max_us=8984 append_avg_us=7815 append_total_us=390793 affected_tiles=388 published=388 fallback=0 visible_fallback=0 committed=1 authority=1 refresh=1 run_ok=1 pass=1
[23:41:08] TINYDRAW_GATE1_MIXED_DRAW zoom=400 tool=pen chunks=50 append_max_us=9409 append_avg_us=7474 append_total_us=373723 affected_tiles=358 published=334 fallback=24 visible_fallback=0 committed=1 authority=1 refresh=1 run_ok=1 pass=1
[23:41:09] TINYDRAW_GATE1_MIXED_DRAW zoom=400 tool=eraser chunks=50 append_max_us=8258 append_avg_us=7326 append_total_us=366347 affected_tiles=350 published=350 fallback=0 visible_fallback=0 committed=1 authority=1 refresh=1 run_ok=1 pass=1
[23:41:09] TINYDRAW_GATE1_MIXED_DRAW_REVISIT zoom=50 missing=4 refill_tiles=4 refill_us=144101
[23:41:09] TINYDRAW_GATE1_MIXED_DRAW_REVISIT zoom=100 missing=9 refill_tiles=9 refill_us=246143
[23:41:10] TINYDRAW_GATE1_MIXED_DRAW_REVISIT zoom=200 missing=16 refill_tiles=16 refill_us=251919
[23:41:10] TINYDRAW_GATE1_MIXED_DRAW_REVISIT zoom=400 missing=0 refill_tiles=0 refill_us=930
[23:41:10] TINYDRAW_GATE1_MIXED_DRAW_SUMMARY slots=448 strokes=10 worst_append_us=12738 pass=1
[23:41:15] TINYDRAW_GATE1_IDLE_REPAIR damaged=588 remaining=0 plan_views=24 steps=4105 repair_us=3782340 worst_step_us=8238 warm_tiles=56 pass=1
[23:41:16] TINYDRAW_HAIRLINE_DOC ops=782 samples=8061 append_total_us=890767 append_max_us=5875
[23:41:17] TINYDRAW_HAIRLINE_COLD zoom=100 wall_us=264778 steps=221 tiles=56 worst_step_us=9214
[23:41:17] TINYDRAW_HAIRLINE_COLD zoom=400 wall_us=208383 steps=208 tiles=48 worst_step_us=8358
[23:41:20] TINYDRAW_HAIRLINE_REPAIR steps=2508 wall_us=2742888 worst_step_us=9588 resident=407/448 grid_stopped=1 pass2_steps=8 pass2_wall_us=11894 no_churn=1
[23:41:22] TINYDRAW_HAIRLINE_TOUR stops=8 total_us=1213980 worst_stop_us=237813 worst_step_us=11246
[23:41:22] TINYDRAW_GATE1_HAIRLINE raw=339 uniform=72 fallback=233 capacity=448 worst_step_us=11246 grid_stopped=1 pass=1
[23:41:23] TINYDRAW_GATE1_LONG_GESTURE path=reference samples=1600 chunks=26 append_total_us=707380 append_max_us=33637 append_avg_us=27206 refresh_fallback_pixels=0 settled_fallback_pixels=0 committed=1 authority=1 refresh=1 run_ok=1
[23:41:23] TINYDRAW_GATE1_LONG_GESTURE path=in_place samples=1600 chunks=52 append_total_us=369062 append_max_us=8739 append_avg_us=7097 refresh_fallback_pixels=0 settled_fallback_pixels=0 committed=1 authority=1 refresh=1 run_ok=1
[23:41:23] TINYDRAW_V2_EXPORT_PROGRESS row=0 of=1792
[23:41:24] TINYDRAW_V2_EXPORT_PROGRESS row=256 of=1792
[23:41:25] TINYDRAW_V2_EXPORT_PROGRESS row=512 of=1792
[23:41:26] TINYDRAW_V2_EXPORT_PROGRESS row=768 of=1792
[23:41:27] TINYDRAW_V2_EXPORT_PROGRESS row=1024 of=1792
[23:41:27] TINYDRAW_V2_EXPORT_PROGRESS row=1280 of=1792
[23:41:28] TINYDRAW_V2_EXPORT_PROGRESS row=1536 of=1792
[23:41:29] TINYDRAW_GATE1_EXPORT encoded=1 bytes=40045 elapsed_us=5809310 workspace_bytes=50652 band_bytes=376832 free_psram=1879376 free_internal=242492 signature=1 dimensions=1 chunks=3 chunks_ok=1 pass=1
[23:41:29] TINYDRAW_EXPORT_RESERVE requested=1572864 free_before=1879376 largest_before=1867776 free_held=306508 largest_held=303104 pass=1
[23:41:29] TINYDRAW_GATE1_AUTOMATED_DONE stress=1 stress_100=1 stress_400=1 overlap_ready=1 overlap_cold=1 adversarial_ready=1 adversarial_cold=1 workload=1 paced_cold=1 hard_100=1 hard_400=1 pan_100=1 pan_400=1 pan_seq=1 live_overlay=1 draw_fill=1 cache=1 full_world_cache=1 cache_tour=1 mixed_draw=1 idle_repair=1 hairline=1 long_gesture=1 export_encode=1 export_reserve=1 return=1 ssaa_receipt=yellow
[23:41:29] TINYDRAW_VECTOR_V2_GATE_HARNESS_DONE pass=1
[23:41:29] TINYDRAW_VECTOR_V2_READY zoom=25 controls=chrome button=cycle_all_zooms operations_capacity=4000 samples_capacity=80000 live_storage_bytes=6356256 overview_bytes=1318912 raw_tile_bytes=3670016 tile_metadata_bytes=73976 operation_bytes=720000 live_scratch_bytes=573352 free_psram=1879376 largest_psram=1867776 te_edges=3497 te_period_us=16779 te_high_us=578 te_level=0 main_stack_free=4024
