[00:30:12] ESP-ROM:esp32s3-20210327
[00:30:12] Build:Mar 27 2021
[00:30:12] rst:0x15 (USB_UART_CHIP_RESET),boot:0x2b (SPI_FAST_FLASH_BOOT)
[00:30:12] Saved PC:0x4202b767
[00:30:12] SPIWP:0xee
[00:30:12] mode:DIO, clock div:1
[00:30:12] load:0x3fce2820,len:0x1664
[00:30:12] load:0x403c8700,len:0xf38
[00:30:12] load:0x403cb700,len:0x31e8
[00:30:12] entry 0x403c8930
[00:30:12] I (24) boot: ESP-IDF v6.0.2 2nd stage bootloader
[00:30:12] I (24) boot: compile time Aug 16 2026 00:29:51
[00:30:12] I (25) boot: Multicore bootloader
[00:30:12] I (25) boot: chip revision: v0.2
[00:30:12] I (28) boot: efuse block revision: v1.3
[00:30:12] I (31) qio_mode: Enabling default flash chip QIO
[00:30:12] I (36) boot.esp32s3: Boot SPI Speed : 80MHz
[00:30:12] I (39) boot.esp32s3: SPI Mode       : QIO
[00:30:12] I (43) boot.esp32s3: SPI Flash Size : 16MB
[00:30:12] I (47) boot: Enabling RNG early entropy source...
[00:30:12] I (51) boot: Partition Table:
[00:30:12] I (54) boot: ## Label            Usage          Type ST Offset   Length
[00:30:12] I (60) boot:  0 nvs              WiFi data        01 02 00009000 00006000
[00:30:12] I (67) boot:  1 phy_init         RF data          01 01 0000f000 00001000
[00:30:12] I (73) boot:  2 factory          factory app      00 00 00010000 00100000
[00:30:12] I (80) boot:  3 drawing          Unknown data     01 40 00110000 00300000
[00:30:12] I (86) boot:  4 export           Unknown data     01 41 00410000 00500000
[00:30:12] I (93) boot:  5 coredump         Unknown data     01 03 00910000 00010000
[00:30:12] I (100) boot: End of partition table
[00:30:12] I (103) esp_image: segment 0: paddr=00010020 vaddr=3c050020 size=146dch ( 83676) map
[00:30:12] I (123) esp_image: segment 1: paddr=00024704 vaddr=3fc94500 size=03764h ( 14180) load
[00:30:12] I (126) esp_image: segment 2: paddr=00027e70 vaddr=40374000 size=081a8h ( 33192) load
[00:30:12] I (134) esp_image: segment 3: paddr=00030020 vaddr=42000020 size=48aa0h (297632) map
[00:30:12] I (181) esp_image: segment 4: paddr=00078ac8 vaddr=4037c1a8 size=08318h ( 33560) load
[00:30:12] I (188) esp_image: segment 5: paddr=00080de8 vaddr=50000000 size=00024h (    36) load
[00:30:12] I (195) boot: Loaded app from partition at offset 0x10000
[00:30:12] I (195) boot: Disabling RNG early entropy source...
[00:30:12] I (206) octal_psram: vendor id    : 0x0d (AP)
[00:30:12] I (206) octal_psram: dev id       : 0x02 (generation 3)
[00:30:12] I (206) octal_psram: density      : 0x03 (64 Mbit)
[00:30:12] I (208) octal_psram: good-die     : 0x01 (Pass)
[00:30:12] I (213) octal_psram: Latency      : 0x01 (Fixed)
[00:30:12] I (217) octal_psram: VCC          : 0x01 (3V)
[00:30:12] I (221) octal_psram: SRF          : 0x01 (Fast Refresh)
[00:30:12] I (226) octal_psram: BurstType    : 0x01 (Hybrid Wrap)
[00:30:12] I (231) octal_psram: BurstLen     : 0x01 (32 Byte)
[00:30:12] I (235) octal_psram: Readlatency  : 0x02 (10 cycles@Fixed)
[00:30:12] I (241) octal_psram: DriveStrength: 0x00 (1/1)
[00:30:12] I (245) MSPI Timing: Enter psram timing tuning
[00:30:12] I (250) esp_psram: Found 8MB PSRAM device
[00:30:12] I (253) esp_psram: Speed: 80MHz
[00:30:12] I (256) cpu_start: Multicore app
[00:30:13] I (672) esp_psram: SPI SRAM memory test OK
[00:30:13] I (680) cpu_start: GPIO 44 and 43 are used as console UART I/O pins
[00:30:13] I (680) cpu_start: Pro cpu start user code
[00:30:13] I (680) cpu_start: cpu freq: 240000000 Hz
[00:30:13] I (682) app_init: Application information:
[00:30:13] I (686) app_init: Project name:     tinydraw_esp32
[00:30:13] I (690) app_init: App version:      c8a4755
[00:30:13] I (694) app_init: Compile time:     Aug 16 2026 00:29:45
[00:30:13] I (699) app_init: ELF file SHA256:  3b8997974...
[00:30:13] I (704) app_init: ESP-IDF:          v6.0.2
[00:30:13] I (707) efuse_init: Min chip rev:     v0.0
[00:30:13] I (711) efuse_init: Max chip rev:     v0.99 
[00:30:13] I (715) efuse_init: Chip rev:         v0.2
[00:30:13] I (719) heap_init: Initializing. RAM available for dynamic allocation:
[00:30:13] I (725) heap_init: At 3FC99090 len 00050680 (321 KiB): RAM
[00:30:13] I (731) heap_init: At 3FCE9710 len 00005724 (21 KiB): RAM
[00:30:13] I (736) heap_init: At 3FCF0000 len 00008000 (32 KiB): DRAM
[00:30:13] I (741) heap_init: At 600FE000 len 00001FE8 (7 KiB): RTCRAM
[00:30:13] I (746) esp_psram: Adding pool of 8192K of PSRAM memory to heap allocator
[00:30:13] I (753) spi_flash: detected chip: generic
[00:30:13] I (756) spi_flash: flash io: qio
[00:30:13] I (760) sleep_gpio: Configure to isolate all GPIO pins in sleep state
[00:30:13] I (766) sleep_gpio: Enable automatic switching of GPIO sleep configuration
[00:30:13] I (773) main_task: Started on CPU0
[00:30:13] I (776) main_task: Calling app_main()
[00:30:13] TINYDRAW_PANEL_HARD_RESET=1
[00:30:13] TINYDRAW_PANEL_TRANSPORT requested_clock_mhz=50 actual_clock=divider_limited_40mhz
[00:30:13] I (974) co5300: version: 2.1.0
[00:30:13] I (974) co5300_spi: LCD panel create success, version: 2.1.0
[00:30:13] W (1060) co5300_spi: The 3Ah command has been used and will be overwritten by external initialization sequence
[00:30:13] I (1161) CST816S: IC id: 183
[00:30:13] TINYDRAW_VECTOR_V2_PRESENTATION experiment=boundary-top-sweep te_edge=rising clock_mhz=50 optical_acceptance=external_manual
[00:30:13] TINYDRAW_LIVE_PRESENT kind=startup zoom=25 x=0 y=0 compose_us=26095 scroll_us=0 exposed_compose_us=0 chrome_us=17344 read_submit_us=0 read_complete_us=0 transfer_wait_us=33254 tile_pixels=0 uniform_pixels=0 overview_pixels=164864 fallback_pixels=0 resident_tiles=0 fallback_tiles=0 pushes=11 tear_wait_us=14858 tear_edge_isr_to_resume_us=10 tear_edge_observed=1 tear_edge_wait_resumed=1 tear_edge_timeout=0 tear_heal_attempted=0 tear_heal_command_sent=0 presentation_experiment=boundary-top-sweep te_edge=rising clock_mhz=50 frame_reused=0 pass=1
[00:30:14] TINYDRAW_LIVE_STRESS operations=1000 samples=20000 total_us=473031 average_us=473 maximum_us=780 free_psram=1879376 largest_psram=1867776
[00:30:14] TINYDRAW_LIVE_PRESENT kind=gate_fallback zoom=100 x=0 y=0 compose_us=15976 scroll_us=0 exposed_compose_us=0 chrome_us=17233 read_submit_us=26409 read_complete_us=43022 transfer_wait_us=33638 tile_pixels=0 uniform_pixels=0 overview_pixels=0 fallback_pixels=164864 resident_tiles=0 fallback_tiles=42 pushes=11 tear_wait_us=10292 tear_edge_isr_to_resume_us=10 tear_edge_observed=1 tear_edge_wait_resumed=1 tear_edge_timeout=0 tear_heal_attempted=0 tear_heal_command_sent=0 presentation_experiment=boundary-top-sweep te_edge=rising clock_mhz=50 frame_reused=0 pass=1
[00:30:14] TINYDRAW_GATE1_HARD zoom=100 cold=1 operations=1000 samples=20000 steps=192 tiles=42 scanned=12000 rendered=1659 max_supertask_us=9660 presentation_us=69530 total_us=275790 pass=1
[00:30:14] TINYDRAW_LIVE_PRESENT kind=gate_fallback zoom=400 x=0 y=0 compose_us=15501 scroll_us=0 exposed_compose_us=0 chrome_us=17124 read_submit_us=32023 read_complete_us=48534 transfer_wait_us=33662 tile_pixels=0 uniform_pixels=0 overview_pixels=0 fallback_pixels=164864 resident_tiles=0 fallback_tiles=42 pushes=11 tear_wait_us=16395 tear_edge_isr_to_resume_us=11 tear_edge_observed=1 tear_edge_wait_resumed=1 tear_edge_timeout=0 tear_heal_attempted=0 tear_heal_command_sent=0 presentation_experiment=boundary-top-sweep te_edge=rising clock_mhz=50 frame_reused=0 pass=1
[00:30:14] TINYDRAW_GATE1_HARD zoom=400 cold=1 operations=1000 samples=20000 steps=196 tiles=42 scanned=12000 rendered=120 max_supertask_us=8948 presentation_us=69194 total_us=212324 pass=1
[00:30:15] TINYDRAW_OVERLAP_WORKLOAD operations=8 samples=1200 radius_world=80
[00:30:16] TINYDRAW_GATE1_PACED_COLD corpus=overlap zoom=50 x=215 y=255 steps=334 tiles=56 compute_us=378221 present_us=85895 touch_us=572 pacing_us=7825 wall_us=472513 max_tick_us=10445 touch_samples=2308 touch_interval_max_us=1905 touch_read_max_us=581 touch_events=0 touch_down=0 touch_up=0 touch_events_ge_8ms=0 touch_event_age_max_us=0 touch_errors=0 touch_overflows=0 pass=1
[00:30:16] TINYDRAW_GATE1_PACED_COLD corpus=overlap zoom=100 x=583 y=703 steps=172 tiles=48 compute_us=236852 present_us=80706 touch_us=399 pacing_us=7019 wall_us=324976 max_tick_us=10019 touch_samples=406 touch_interval_max_us=1728 touch_read_max_us=553 touch_events=0 touch_down=0 touch_up=0 touch_events_ge_8ms=0 touch_event_age_max_us=0 touch_errors=0 touch_overflows=0 pass=1
[00:30:16] TINYDRAW_GATE1_PACED_COLD corpus=overlap zoom=200 x=1319 y=1599 steps=128 tiles=56 compute_us=239879 present_us=84398 touch_us=342 pacing_us=4353 wall_us=328972 max_tick_us=10018 touch_samples=406 touch_interval_max_us=1521 touch_read_max_us=464 touch_events=0 touch_down=0 touch_up=0 touch_events_ge_8ms=0 touch_event_age_max_us=0 touch_errors=0 touch_overflows=0 pass=1
[00:30:17] TINYDRAW_GATE1_PACED_COLD corpus=overlap zoom=400 x=2791 y=3391 steps=94 tiles=56 compute_us=224834 present_us=81336 touch_us=312 pacing_us=4487 wall_us=310969 max_tick_us=10241 touch_samples=401 touch_interval_max_us=1927 touch_read_max_us=470 touch_events=0 touch_down=0 touch_up=0 touch_events_ge_8ms=0 touch_event_age_max_us=0 touch_errors=0 touch_overflows=0 pass=1
[00:30:17] TINYDRAW_ADVERSARIAL_TAPERED_WORKLOAD operations=128 samples=4096 erasers=12 load_us=218508 appended=1
[00:30:17] TINYDRAW_GATE1_PACED_COLD corpus=adversarial_tapered_4x zoom=50 x=0 y=0 steps=104 tiles=42 compute_us=94355 present_us=64640 touch_us=212 pacing_us=3764 wall_us=162971 max_tick_us=7662 touch_samples=507 touch_interval_max_us=1141 touch_read_max_us=413 touch_events=0 touch_down=0 touch_up=0 touch_events_ge_8ms=0 touch_event_age_max_us=0 touch_errors=0 touch_overflows=0 pass=1
[00:30:18] TINYDRAW_GATE1_PACED_COLD corpus=adversarial_tapered_4x zoom=100 x=0 y=0 steps=348 tiles=42 compute_us=156339 present_us=62591 touch_us=287 pacing_us=5756 wall_us=224973 max_tick_us=8366 touch_samples=313 touch_interval_max_us=1143 touch_read_max_us=404 touch_events=0 touch_down=0 touch_up=0 touch_events_ge_8ms=0 touch_event_age_max_us=0 touch_errors=0 touch_overflows=0 pass=1
[00:30:18] TINYDRAW_GATE1_PACED_COLD corpus=adversarial_tapered_4x zoom=200 x=0 y=0 steps=1214 tiles=42 compute_us=434114 present_us=63768 touch_us=679 pacing_us=16412 wall_us=514973 max_tick_us=9056 touch_samples=593 touch_interval_max_us=1134 touch_read_max_us=393 touch_events=0 touch_down=0 touch_up=0 touch_events_ge_8ms=0 touch_event_age_max_us=0 touch_errors=0 touch_overflows=0 pass=1
[00:30:19] TINYDRAW_GATE1_PACED_COLD corpus=adversarial_tapered_4x zoom=400 x=0 y=0 steps=904 tiles=42 compute_us=540377 present_us=68130 touch_us=718 pacing_us=16025 wall_us=625250 max_tick_us=10459 touch_samples=714 touch_interval_max_us=1139 touch_read_max_us=431 touch_events=0 touch_down=0 touch_up=0 touch_events_ge_8ms=0 touch_event_age_max_us=0 touch_errors=0 touch_overflows=0 pass=1
[00:30:20] TINYDRAW_GATE1_WORKLOAD kind=realistic seed=7 operations=1000 samples=19844 maximum_stroke=198 load_us=372575 raw_source=1 lod_copies=0
[00:30:20] TINYDRAW_GATE1_PACED_COLD corpus=seed7 zoom=400 x=63 y=63 steps=281 tiles=56 compute_us=274828 present_us=86576 touch_us=356 pacing_us=8215 wall_us=369975 max_tick_us=12707 touch_samples=936 touch_interval_max_us=1930 touch_read_max_us=486 touch_events=0 touch_down=0 touch_up=0 touch_events_ge_8ms=0 touch_event_age_max_us=0 touch_errors=0 touch_overflows=0 pass=1
[00:30:20] TINYDRAW_LIVE_PRESENT kind=gate_fallback zoom=100 x=0 y=0 compose_us=16385 scroll_us=0 exposed_compose_us=0 chrome_us=17175 read_submit_us=29057 read_complete_us=45621 transfer_wait_us=33797 tile_pixels=0 uniform_pixels=0 overview_pixels=0 fallback_pixels=164864 resident_tiles=0 fallback_tiles=42 pushes=11 tear_wait_us=12547 tear_edge_isr_to_resume_us=12 tear_edge_observed=1 tear_edge_wait_resumed=1 tear_edge_timeout=0 tear_heal_attempted=0 tear_heal_command_sent=0 presentation_experiment=boundary-top-sweep te_edge=rising clock_mhz=50 frame_reused=0 pass=1
[00:30:20] TINYDRAW_GATE1_HARD zoom=100 cold=1 operations=1000 samples=19844 steps=275 tiles=42 scanned=12000 rendered=5232 max_supertask_us=9807 presentation_us=72432 total_us=379399 pass=1
[00:30:21] TINYDRAW_GATE1_OVERLAY_CANVAS regions=zoom,minimap,toolbar,battery operations=4 presentation_mutations=0 authority=1 pass=1
[00:30:21] TINYDRAW_GATE1_LIVE_OVERLAY clear_updates=47 clear_wall_max_us=2941 clear_submit_max_us=1826 clear_complete_max_us=2180 overlay_updates=47 overlay_wall_max_us=2921 overlay_submit_max_us=2028 overlay_complete_max_us=2361 overlay_chrome_max_us=111 clear_failures=0 overlay_failures=0 pass=1
[00:30:21] TINYDRAW_EDGE_INK corners=4 edge_failures=0 pass=1
[00:30:21] TINYDRAW_GATE1_PAN zoom=100 from_x=0 from_y=0 to_x=88 to_y=88 compose_us=15760 scroll_us=11 exposed_compose_us=15749 chrome_us=15397 event_submit_us=34638 event_complete_us=36346 transfer_us=14317 setup=1 present=1 moved=1 frame_reused=1 pass=1
[00:30:22] TINYDRAW_LIVE_PRESENT kind=gate_fallback zoom=400 x=0 y=0 compose_us=15611 scroll_us=0 exposed_compose_us=0 chrome_us=17063 read_submit_us=24175 read_complete_us=40610 transfer_wait_us=33184 tile_pixels=0 uniform_pixels=0 overview_pixels=0 fallback_pixels=164864 resident_tiles=0 fallback_tiles=42 pushes=11 tear_wait_us=8437 tear_edge_isr_to_resume_us=11 tear_edge_observed=1 tear_edge_wait_resumed=1 tear_edge_timeout=0 tear_heal_attempted=0 tear_heal_command_sent=0 presentation_experiment=boundary-top-sweep te_edge=rising clock_mhz=50 frame_reused=0 pass=1
[00:30:22] TINYDRAW_GATE1_HARD zoom=400 cold=1 operations=1008 samples=19852 steps=217 tiles=42 scanned=12096 rendered=592 max_supertask_us=11017 presentation_us=71471 total_us=271477 pass=1
[00:30:22] TINYDRAW_GATE1_PAN zoom=400 from_x=0 from_y=0 to_x=88 to_y=88 compose_us=15722 scroll_us=11 exposed_compose_us=15711 chrome_us=15336 event_submit_us=34545 event_complete_us=36252 transfer_us=14408 setup=1 present=1 moved=1 frame_reused=1 pass=1
[00:30:26] TINYDRAW_PANSEQ_FRAME zoom=100 step=0 dx=24 dy=18 scroll_us=12 exposed_compose_us=4759 tear_wait_us=9524 present_us=14819 prepare_us=11144 acquire_wait_us=23 ring_copy_us=8912 patch_us=2221 byte_swap_us=11 staging_us=7647 event_submit_us=33101 event_complete_us=34815 frame_us=47971 tear_edge_observed=1 frame_reused=1 pass=1
[00:30:26] TINYDRAW_PANSEQ_FRAME zoom=100 step=1 dx=24 dy=18 scroll_us=11 exposed_compose_us=4814 tear_wait_us=12 present_us=15288 prepare_us=11083 acquire_wait_us=27 ring_copy_us=8908 patch_us=2163 byte_swap_us=12 staging_us=7734 event_submit_us=23594 event_complete_us=25319 frame_us=38933 tear_edge_observed=1 frame_reused=1 pass=1
[00:30:26] TINYDRAW_PANSEQ_FRAME zoom=100 step=2 dx=24 dy=18 scroll_us=12 exposed_compose_us=4439 tear_wait_us=6847 present_us=14833 prepare_us=11136 acquire_wait_us=22 ring_copy_us=8909 patch_us=2209 byte_swap_us=18 staging_us=7625 event_submit_us=30048 event_complete_us=31759 frame_us=44932 tear_edge_observed=1 frame_reused=1 pass=1
[00:30:26] TINYDRAW_PANSEQ_FRAME zoom=100 step=3 dx=24 dy=18 scroll_us=10 exposed_compose_us=5052 tear_wait_us=14 present_us=15052 prepare_us=10932 acquire_wait_us=41 ring_copy_us=8756 patch_us=2163 byte_swap_us=13 staging_us=7767 event_submit_us=23830 event_complete_us=25545 frame_us=38933 tear_edge_observed=1 frame_reused=1 pass=1
[00:30:26] TINYDRAW_PANSEQ_FRAME zoom=100 step=4 dx=24 dy=18 scroll_us=12 exposed_compose_us=4558 tear_wait_us=6727 present_us=14853 prepare_us=11113 acquire_wait_us=25 ring_copy_us=8862 patch_us=2235 byte_swap_us=16 staging_us=7649 event_submit_us=30027 event_complete_us=31737 frame_us=44932 tear_edge_observed=1 frame_reused=1 pass=1
[00:30:26] TINYDRAW_PANSEQ_FRAME zoom=100 step=5 dx=24 dy=18 scroll_us=11 exposed_compose_us=4850 tear_wait_us=13 present_us=15215 prepare_us=11089 acquire_wait_us=24 ring_copy_us=8911 patch_us=2163 byte_swap_us=15 staging_us=7709 event_submit_us=23667 event_complete_us=25376 frame_us=38933 tear_edge_observed=1 frame_reused=1 pass=1
[00:30:26] TINYDRAW_PANSEQ_FRAME zoom=100 step=6 dx=24 dy=18 scroll_us=12 exposed_compose_us=4471 tear_wait_us=6749 present_us=14902 prepare_us=11099 acquire_wait_us=25 ring_copy_us=8859 patch_us=2225 byte_swap_us=15 staging_us=7677 event_submit_us=29979 event_complete_us=31691 frame_us=44932 tear_edge_observed=1 frame_reused=1 pass=1
[00:30:26] TINYDRAW_PANSEQ_FRAME zoom=100 step=7 dx=24 dy=18 scroll_us=10 exposed_compose_us=4946 tear_wait_us=14 present_us=15131 prepare_us=11067 acquire_wait_us=30 ring_copy_us=8878 patch_us=2177 byte_swap_us=12 staging_us=7738 event_submit_us=23751 event_complete_us=25459 frame_us=38933 tear_edge_observed=1 frame_reused=1 pass=1
[00:30:26] TINYDRAW_PANSEQ_FRAME zoom=100 step=8 dx=24 dy=18 scroll_us=12 exposed_compose_us=4902 tear_wait_us=6196 present_us=14967 prepare_us=11097 acquire_wait_us=29 ring_copy_us=8876 patch_us=2208 byte_swap_us=13 staging_us=7722 event_submit_us=29913 event_complete_us=31622 frame_us=44932 tear_edge_observed=1 frame_reused=1 pass=1
[00:30:26] TINYDRAW_PANSEQ_FRAME zoom=100 step=9 dx=24 dy=18 scroll_us=11 exposed_compose_us=4903 tear_wait_us=14 present_us=15179 prepare_us=11086 acquire_wait_us=26 ring_copy_us=8877 patch_us=2194 byte_swap_us=15 staging_us=7725 event_submit_us=23703 event_complete_us=25412 frame_us=38933 tear_edge_observed=1 frame_reused=1 pass=1
[00:30:26] TINYDRAW_PANSEQ_FRAME zoom=100 step=10 dx=24 dy=18 scroll_us=12 exposed_compose_us=4541 tear_wait_us=6597 present_us=15030 prepare_us=11076 acquire_wait_us=26 ring_copy_us=8881 patch_us=2181 byte_swap_us=14 staging_us=7691 event_submit_us=29851 event_complete_us=31567 frame_us=44932 tear_edge_observed=1 frame_reused=1 pass=1
[00:30:26] TINYDRAW_PANSEQ_FRAME zoom=100 step=11 dx=24 dy=18 scroll_us=10 exposed_compose_us=5316 tear_wait_us=11223 present_us=14663 prepare_us=11046 acquire_wait_us=31 ring_copy_us=8832 patch_us=2199 byte_swap_us=15 staging_us=7702 event_submit_us=35219 event_complete_us=36930 frame_us=49933 tear_edge_observed=1 frame_reused=1 pass=1
[00:30:26] TINYDRAW_PANSEQ_FRAME zoom=100 step=12 dx=24 dy=18 scroll_us=11 exposed_compose_us=4683 tear_wait_us=17 present_us=14400 prepare_us=11171 acquire_wait_us=25 ring_copy_us=9002 patch_us=2155 byte_swap_us=14 staging_us=7645 event_submit_us=23480 event_complete_us=25189 frame_us=37932 tear_edge_observed=1 frame_reused=1 pass=1
[00:30:26] TINYDRAW_PANSEQ_FRAME zoom=100 step=13 dx=24 dy=18 scroll_us=11 exposed_compose_us=4904 tear_wait_us=7494 present_us=14701 prepare_us=11121 acquire_wait_us=28 ring_copy_us=8886 patch_us=2221 byte_swap_us=14 staging_us=7654 event_submit_us=31181 event_complete_us=32893 frame_us=45933 tear_edge_observed=1 frame_reused=1 pass=1
[00:30:26] TINYDRAW_PANSEQ_FRAME zoom=100 step=14 dx=24 dy=18 scroll_us=12 exposed_compose_us=4738 tear_wait_us=13 present_us=15291 prepare_us=11143 acquire_wait_us=25 ring_copy_us=8966 patch_us=2164 byte_swap_us=13 staging_us=7701 event_submit_us=23590 event_complete_us=25314 frame_us=38932 tear_edge_observed=1 frame_reused=1 pass=1
[00:30:26] TINYDRAW_PANSEQ_FRAME zoom=100 step=15 dx=24 dy=18 scroll_us=10 exposed_compose_us=5035 tear_wait_us=6400 present_us=14765 prepare_us=11047 acquire_wait_us=27 ring_copy_us=8814 patch_us=2221 byte_swap_us=12 staging_us=7669 event_submit_us=30117 event_complete_us=31827 frame_us=44933 tear_edge_observed=1 frame_reused=1 pass=1
[00:30:26] TINYDRAW_PANSEQ_FRAME zoom=100 step=16 dx=72 dy=54 scroll_us=11 exposed_compose_us=12890 tear_wait_us=3900 present_us=14399 prepare_us=11152 acquire_wait_us=23 ring_copy_us=8959 patch_us=2183 byte_swap_us=10 staging_us=7631 event_submit_us=35481 event_complete_us=37189 frame_us=49932 tear_edge_observed=1 frame_reused=1 pass=1
[00:30:26] TINYDRAW_PANSEQ_FRAME zoom=100 step=17 dx=72 dy=54 scroll_us=11 exposed_compose_us=12722 tear_wait_us=4442 present_us=15020 prepare_us=11027 acquire_wait_us=23 ring_copy_us=8837 patch_us=2178 byte_swap_us=12 staging_us=7728 event_submit_us=35862 event_complete_us=37580 frame_us=50933 tear_edge_observed=1 frame_reused=1 pass=1
[00:30:26] TINYDRAW_PANSEQ_FRAME zoom=100 step=18 dx=72 dy=54 scroll_us=12 exposed_compose_us=12042 tear_wait_us=4487 present_us=14645 prepare_us=11150 acquire_wait_us=31 ring_copy_us=8934 patch_us=2202 byte_swap_us=14 staging_us=7641 event_submit_us=35236 event_complete_us=36947 frame_us=49932 tear_edge_observed=1 frame_reused=1 pass=1
[00:30:26] TINYDRAW_PANSEQ_FRAME zoom=100 step=19 dx=72 dy=54 scroll_us=12 exposed_compose_us=12234 tear_wait_us=4683 present_us=15268 prepare_us=10970 acquire_wait_us=28 ring_copy_us=8801 patch_us=2156 byte_swap_us=13 staging_us=7752 event_submit_us=35613 event_complete_us=37333 frame_us=50932 tear_edge_observed=1 frame_reused=1 pass=1
[00:30:26] TINYDRAW_PANSEQ_FRAME zoom=100 step=20 dx=-72 dy=-54 scroll_us=12 exposed_compose_us=12981 tear_wait_us=3250 present_us=14903 prepare_us=11106 acquire_wait_us=27 ring_copy_us=8898 patch_us=2192 byte_swap_us=16 staging_us=7697 event_submit_us=34977 event_complete_us=36689 frame_us=49932 tear_edge_observed=1 frame_reused=1 pass=1
[00:30:26] TINYDRAW_PANSEQ_FRAME zoom=100 step=21 dx=-72 dy=-54 scroll_us=11 exposed_compose_us=12821 tear_wait_us=3811 present_us=14522 prepare_us=11132 acquire_wait_us=26 ring_copy_us=8919 patch_us=2198 byte_swap_us=15 staging_us=7635 event_submit_us=35358 event_complete_us=37079 frame_us=49932 tear_edge_observed=1 frame_reused=1 pass=1
[00:30:26] TINYDRAW_PANSEQ_FRAME zoom=100 step=22 dx=-72 dy=-54 scroll_us=12 exposed_compose_us=12792 tear_wait_us=4230 present_us=15139 prepare_us=11066 acquire_wait_us=32 ring_copy_us=8899 patch_us=2141 byte_swap_us=26 staging_us=7691 event_submit_us=35742 event_complete_us=37454 frame_us=50932 tear_edge_observed=1 frame_reused=1 pass=1
[00:30:26] TINYDRAW_PANSEQ_FRAME zoom=100 step=23 dx=-72 dy=-54 scroll_us=12 exposed_compose_us=12338 tear_wait_us=4191 present_us=14748 prepare_us=11062 acquire_wait_us=31 ring_copy_us=8841 patch_us=2212 byte_swap_us=9 staging_us=7669 event_submit_us=35133 event_complete_us=36844 frame_us=49932 tear_edge_observed=1 frame_reused=1 pass=1
[00:30:26] TINYDRAW_PANSEQ_STRIP zoom=100 strip=0 panel_y=0 rows=44 samples=24 staging_mean_us=1522 staging_max_us=1572 wire_budget_us=1619 over_budget_us=0 pass=1
[00:30:26] TINYDRAW_PANSEQ_STRIP zoom=100 strip=1 panel_y=44 rows=44 samples=24 staging_mean_us=1279 staging_max_us=1297 wire_budget_us=1619 over_budget_us=0 pass=1
[00:30:26] TINYDRAW_PANSEQ_STRIP zoom=100 strip=2 panel_y=88 rows=44 samples=24 staging_mean_us=1224 staging_max_us=1240 wire_budget_us=1619 over_budget_us=0 pass=1
[00:30:26] TINYDRAW_PANSEQ_STRIP zoom=100 strip=3 panel_y=132 rows=44 samples=24 staging_mean_us=1221 staging_max_us=1239 wire_budget_us=1619 over_budget_us=0 pass=1
[00:30:26] TINYDRAW_PANSEQ_STRIP zoom=100 strip=4 panel_y=176 rows=44 samples=24 staging_mean_us=1258 staging_max_us=1274 wire_budget_us=1619 over_budget_us=0 pass=1
[00:30:26] TINYDRAW_PANSEQ_STRIP zoom=100 strip=5 panel_y=220 rows=44 samples=24 staging_mean_us=1208 staging_max_us=1236 wire_budget_us=1619 over_budget_us=0 pass=1
[00:30:26] TINYDRAW_PANSEQ_STRIP zoom=100 strip=6 panel_y=264 rows=44 samples=24 staging_mean_us=1388 staging_max_us=1406 wire_budget_us=1619 over_budget_us=0 pass=1
[00:30:26] TINYDRAW_PANSEQ_STRIP zoom=100 strip=7 panel_y=308 rows=44 samples=24 staging_mean_us=1388 staging_max_us=1411 wire_budget_us=1619 over_budget_us=0 pass=1
[00:30:26] TINYDRAW_PANSEQ_STRIP zoom=100 strip=8 panel_y=352 rows=20 samples=24 staging_mean_us=624 staging_max_us=671 wire_budget_us=736 over_budget_us=0 pass=1
[00:30:27] TINYDRAW_GATE1_PANSEQ zoom=100 frames=24 scroll_avg_us=11 exposed_avg_us=7405 tear_wait_avg_us=4202 present_avg_us=14905 prepare_avg_us=11088 acquire_wait_avg_us=27 ring_copy_avg_us=8884 patch_avg_us=2190 byte_swap_avg_us=14 staging_avg_us=7687 frame_avg_us=45309 frame_p50_us=44932 frame_p95_us=50932 frame_max_us=50933 complete_p50_us=31759 complete_p95_us=37454 complete_max_us=37580 tear_edge_failures=0 presentation_experiment=boundary-top-sweep te_edge=rising clock_mhz=50 strip_samples=216 staging_mean_us=1235 staging_max_us=1572 worst_strip=0 worst_strip_y=0 worst_wire_budget_us=1619 worst_headroom_us=47 staging_invariant=1 all_reused=1 pass=1
[00:30:29] TINYDRAW_PANSEQ_FRAME zoom=400 step=0 dx=24 dy=18 scroll_us=12 exposed_compose_us=4744 tear_wait_us=9853 present_us=14528 prepare_us=11171 acquire_wait_us=26 ring_copy_us=8941 patch_us=2218 byte_swap_us=12 staging_us=7638 event_submit_us=33392 event_complete_us=35112 frame_us=47971 tear_edge_observed=1 frame_reused=1 pass=1
[00:30:29] TINYDRAW_PANSEQ_FRAME zoom=400 step=1 dx=24 dy=18 scroll_us=12 exposed_compose_us=4725 tear_wait_us=15 present_us=14439 prepare_us=11125 acquire_wait_us=24 ring_copy_us=8913 patch_us=2198 byte_swap_us=14 staging_us=7646 event_submit_us=23441 event_complete_us=25153 frame_us=37932 tear_edge_observed=1 frame_reused=1 pass=1
[00:30:29] TINYDRAW_PANSEQ_FRAME zoom=400 step=2 dx=24 dy=18 scroll_us=12 exposed_compose_us=4379 tear_wait_us=8343 present_us=14460 prepare_us=11110 acquire_wait_us=29 ring_copy_us=8915 patch_us=2183 byte_swap_us=12 staging_us=7637 event_submit_us=31421 event_complete_us=33134 frame_us=45932 tear_edge_observed=1 frame_reused=1 pass=1
[00:30:29] TINYDRAW_PANSEQ_FRAME zoom=400 step=3 dx=24 dy=18 scroll_us=12 exposed_compose_us=4821 tear_wait_us=13 present_us=15287 prepare_us=11074 acquire_wait_us=25 ring_copy_us=8903 patch_us=2159 byte_swap_us=12 staging_us=7748 event_submit_us=23594 event_complete_us=25319 frame_us=38932 tear_edge_observed=1 frame_reused=1 pass=1
[00:30:29] TINYDRAW_PANSEQ_FRAME zoom=400 step=4 dx=24 dy=18 scroll_us=12 exposed_compose_us=4311 tear_wait_us=7446 present_us=14433 prepare_us=11132 acquire_wait_us=28 ring_copy_us=8948 patch_us=2173 byte_swap_us=11 staging_us=7642 event_submit_us=30447 event_complete_us=32158 frame_us=44932 tear_edge_observed=1 frame_reused=1 pass=1
[00:30:29] TINYDRAW_PANSEQ_FRAME zoom=400 step=5 dx=24 dy=18 scroll_us=12 exposed_compose_us=4634 tear_wait_us=13 present_us=14545 prepare_us=11122 acquire_wait_us=24 ring_copy_us=8908 patch_us=2200 byte_swap_us=14 staging_us=7677 event_submit_us=23335 event_complete_us=25060 frame_us=37932 tear_edge_observed=1 frame_reused=1 pass=1
[00:30:29] TINYDRAW_PANSEQ_FRAME zoom=400 step=6 dx=24 dy=18 scroll_us=12 exposed_compose_us=4471 tear_wait_us=8271 present_us=14413 prepare_us=11129 acquire_wait_us=22 ring_copy_us=8944 patch_us=2170 byte_swap_us=15 staging_us=7626 event_submit_us=31468 event_complete_us=33181 frame_us=45932 tear_edge_observed=1 frame_reused=1 pass=1
[00:30:30] TINYDRAW_PANSEQ_FRAME zoom=400 step=7 dx=24 dy=18 scroll_us=12 exposed_compose_us=5106 tear_wait_us=14 present_us=15131 prepare_us=11018 acquire_wait_us=30 ring_copy_us=8827 patch_us=2170 byte_swap_us=21 staging_us=7731 event_submit_us=23750 event_complete_us=25460 frame_us=38932 tear_edge_observed=1 frame_reused=1 pass=1
[00:30:30] TINYDRAW_PANSEQ_FRAME zoom=400 step=8 dx=24 dy=18 scroll_us=12 exposed_compose_us=5136 tear_wait_us=6652 present_us=14381 prepare_us=11056 acquire_wait_us=30 ring_copy_us=8882 patch_us=2159 byte_swap_us=15 staging_us=7660 event_submit_us=30499 event_complete_us=32210 frame_us=44932 tear_edge_observed=1 frame_reused=1 pass=1
[00:30:30] TINYDRAW_PANSEQ_FRAME zoom=400 step=9 dx=24 dy=18 scroll_us=11 exposed_compose_us=5135 tear_wait_us=15 present_us=15067 prepare_us=10975 acquire_wait_us=25 ring_copy_us=8806 patch_us=2157 byte_swap_us=12 staging_us=7752 event_submit_us=23813 event_complete_us=25529 frame_us=38932 tear_edge_observed=1 frame_reused=1 pass=1
[00:30:30] TINYDRAW_PANSEQ_FRAME zoom=400 step=10 dx=24 dy=18 scroll_us=12 exposed_compose_us=4740 tear_wait_us=7034 present_us=14352 prepare_us=11138 acquire_wait_us=31 ring_copy_us=8924 patch_us=2202 byte_swap_us=12 staging_us=7675 event_submit_us=30529 event_complete_us=32238 frame_us=44932 tear_edge_observed=1 frame_reused=1 pass=1
[00:30:30] TINYDRAW_PANSEQ_FRAME zoom=400 step=11 dx=24 dy=18 scroll_us=12 exposed_compose_us=5627 tear_wait_us=12 present_us=14585 prepare_us=11053 acquire_wait_us=24 ring_copy_us=8839 patch_us=2200 byte_swap_us=14 staging_us=7712 event_submit_us=24296 event_complete_us=26005 frame_us=38932 tear_edge_observed=1 frame_reused=1 pass=1
[00:30:30] TINYDRAW_PANSEQ_FRAME zoom=400 step=12 dx=24 dy=18 scroll_us=11 exposed_compose_us=4960 tear_wait_us=6879 present_us=15311 prepare_us=11094 acquire_wait_us=27 ring_copy_us=8921 patch_us=2160 byte_swap_us=13 staging_us=7691 event_submit_us=30569 event_complete_us=32291 frame_us=45932 tear_edge_observed=1 frame_reused=1 pass=1
[00:30:30] TINYDRAW_PANSEQ_FRAME zoom=400 step=13 dx=24 dy=18 scroll_us=11 exposed_compose_us=5219 tear_wait_us=11143 present_us=14896 prepare_us=10964 acquire_wait_us=27 ring_copy_us=8750 patch_us=2201 byte_swap_us=13 staging_us=7725 event_submit_us=34984 event_complete_us=36695 frame_us=49932 tear_edge_observed=1 frame_reused=1 pass=1
[00:30:30] TINYDRAW_PANSEQ_FRAME zoom=400 step=14 dx=24 dy=18 scroll_us=12 exposed_compose_us=5035 tear_wait_us=14 present_us=15109 prepare_us=11058 acquire_wait_us=28 ring_copy_us=8859 patch_us=2187 byte_swap_us=12 staging_us=7705 event_submit_us=23772 event_complete_us=25482 frame_us=38932 tear_edge_observed=1 frame_reused=1 pass=1
[00:30:30] TINYDRAW_PANSEQ_FRAME zoom=400 step=15 dx=24 dy=18 scroll_us=12 exposed_compose_us=5285 tear_wait_us=6096 present_us=14834 prepare_us=11056 acquire_wait_us=29 ring_copy_us=8818 patch_us=2226 byte_swap_us=12 staging_us=7678 event_submit_us=30047 event_complete_us=31758 frame_us=44932 tear_edge_observed=1 frame_reused=1 pass=1
[00:30:30] TINYDRAW_PANSEQ_FRAME zoom=400 step=16 dx=72 dy=54 scroll_us=12 exposed_compose_us=13679 tear_wait_us=3180 present_us=14418 prepare_us=11116 acquire_wait_us=28 ring_copy_us=8950 patch_us=2153 byte_swap_us=13 staging_us=7653 event_submit_us=35462 event_complete_us=37172 frame_us=49932 tear_edge_observed=1 frame_reused=1 pass=1
[00:30:30] TINYDRAW_PANSEQ_FRAME zoom=400 step=17 dx=72 dy=54 scroll_us=12 exposed_compose_us=13288 tear_wait_us=4008 present_us=14983 prepare_us=10983 acquire_wait_us=23 ring_copy_us=8790 patch_us=2180 byte_swap_us=13 staging_us=7748 event_submit_us=35897 event_complete_us=37608 frame_us=50932 tear_edge_observed=1 frame_reused=1 pass=1
[00:30:30] TINYDRAW_PANSEQ_FRAME zoom=400 step=18 dx=72 dy=54 scroll_us=12 exposed_compose_us=13373 tear_wait_us=3359 present_us=14566 prepare_us=11117 acquire_wait_us=36 ring_copy_us=8918 patch_us=2184 byte_swap_us=15 staging_us=7660 event_submit_us=35315 event_complete_us=37031 frame_us=49932 tear_edge_observed=1 frame_reused=1 pass=1
[00:30:30] TINYDRAW_PANSEQ_FRAME zoom=400 step=19 dx=72 dy=54 scroll_us=12 exposed_compose_us=14125 tear_wait_us=3022 present_us=15151 prepare_us=10995 acquire_wait_us=26 ring_copy_us=8803 patch_us=2177 byte_swap_us=15 staging_us=7736 event_submit_us=35730 event_complete_us=37444 frame_us=50932 tear_edge_observed=1 frame_reused=1 pass=1
[00:30:30] TINYDRAW_PANSEQ_FRAME zoom=400 step=20 dx=-72 dy=-54 scroll_us=12 exposed_compose_us=13744 tear_wait_us=2735 present_us=14723 prepare_us=11169 acquire_wait_us=26 ring_copy_us=8934 patch_us=2208 byte_swap_us=27 staging_us=7610 event_submit_us=35157 event_complete_us=36869 frame_us=49932 tear_edge_observed=1 frame_reused=1 pass=1
[00:30:30] TINYDRAW_PANSEQ_FRAME zoom=400 step=21 dx=-72 dy=-54 scroll_us=11 exposed_compose_us=13419 tear_wait_us=3618 present_us=15295 prepare_us=11002 acquire_wait_us=30 ring_copy_us=8818 patch_us=2171 byte_swap_us=13 staging_us=7748 event_submit_us=35585 event_complete_us=37315 frame_us=50932 tear_edge_observed=1 frame_reused=1 pass=1
[00:30:30] TINYDRAW_PANSEQ_FRAME zoom=400 step=22 dx=-72 dy=-54 scroll_us=12 exposed_compose_us=13299 tear_wait_us=3140 present_us=14878 prepare_us=10985 acquire_wait_us=28 ring_copy_us=8786 patch_us=2187 byte_swap_us=12 staging_us=7706 event_submit_us=35003 event_complete_us=36715 frame_us=49932 tear_edge_observed=1 frame_reused=1 pass=1
[00:30:30] TINYDRAW_PANSEQ_FRAME zoom=400 step=23 dx=-72 dy=-54 scroll_us=12 exposed_compose_us=12473 tear_wait_us=4351 present_us=14483 prepare_us=11033 acquire_wait_us=28 ring_copy_us=8829 patch_us=2190 byte_swap_us=14 staging_us=7670 event_submit_us=35398 event_complete_us=37114 frame_us=49932 tear_edge_observed=1 frame_reused=1 pass=1
[00:30:30] TINYDRAW_PANSEQ_STRIP zoom=400 strip=0 panel_y=0 rows=44 samples=24 staging_mean_us=1500 staging_max_us=1556 wire_budget_us=1619 over_budget_us=0 pass=1
[00:30:30] TINYDRAW_PANSEQ_STRIP zoom=400 strip=1 panel_y=44 rows=44 samples=24 staging_mean_us=1281 staging_max_us=1299 wire_budget_us=1619 over_budget_us=0 pass=1
[00:30:30] TINYDRAW_PANSEQ_STRIP zoom=400 strip=2 panel_y=88 rows=44 samples=24 staging_mean_us=1223 staging_max_us=1237 wire_budget_us=1619 over_budget_us=0 pass=1
[00:30:30] TINYDRAW_PANSEQ_STRIP zoom=400 strip=3 panel_y=132 rows=44 samples=24 staging_mean_us=1221 staging_max_us=1235 wire_budget_us=1619 over_budget_us=0 pass=1
[00:30:30] TINYDRAW_PANSEQ_STRIP zoom=400 strip=4 panel_y=176 rows=44 samples=24 staging_mean_us=1256 staging_max_us=1271 wire_budget_us=1619 over_budget_us=0 pass=1
[00:30:30] TINYDRAW_PANSEQ_STRIP zoom=400 strip=5 panel_y=220 rows=44 samples=24 staging_mean_us=1211 staging_max_us=1232 wire_budget_us=1619 over_budget_us=0 pass=1
[00:30:30] TINYDRAW_PANSEQ_STRIP zoom=400 strip=6 panel_y=264 rows=44 samples=24 staging_mean_us=1381 staging_max_us=1401 wire_budget_us=1619 over_budget_us=0 pass=1
[00:30:30] TINYDRAW_PANSEQ_STRIP zoom=400 strip=7 panel_y=308 rows=44 samples=24 staging_mean_us=1383 staging_max_us=1410 wire_budget_us=1619 over_budget_us=0 pass=1
[00:30:30] TINYDRAW_PANSEQ_STRIP zoom=400 strip=8 panel_y=352 rows=20 samples=24 staging_mean_us=635 staging_max_us=676 wire_budget_us=736 over_budget_us=0 pass=1
[00:30:30] TINYDRAW_GATE1_PANSEQ zoom=400 frames=24 scroll_avg_us=11 exposed_avg_us=7738 tear_wait_avg_us=4134 present_avg_us=14761 prepare_avg_us=11069 acquire_wait_avg_us=27 ring_copy_avg_us=8871 patch_avg_us=2183 byte_swap_avg_us=14 staging_avg_us=7686 frame_avg_us=45350 frame_p50_us=45932 frame_p95_us=50932 frame_max_us=50932 complete_p50_us=32291 complete_p95_us=37444 complete_max_us=37608 tear_edge_failures=0 presentation_experiment=boundary-top-sweep te_edge=rising clock_mhz=50 strip_samples=216 staging_mean_us=1233 staging_max_us=1556 worst_strip=8 worst_strip_y=352 worst_wire_budget_us=736 worst_headroom_us=60 staging_invariant=1 all_reused=1 pass=1
[00:30:31] TINYDRAW_GATE1_DRAW_FILL zoom=400 revision=2148 append_us=1254 poll_gap_us=117 event_submit_us=2054 event_complete_us=2651 max_compute_slice_us=4602 max_display_slice_us=25227 fill_us=283017 revision_restarted=1 pass=1
[00:30:31] TINYDRAW_GATE1_CACHE_FILL zoom=50 x=63 y=63 published=56 total_us=541971 within_cold_gate=0 complete=1
[00:30:32] TINYDRAW_GATE1_CACHE_FILL zoom=100 x=63 y=63 published=56 total_us=514967 within_cold_gate=0 complete=1
[00:30:32] TINYDRAW_GATE1_CACHE_FILL zoom=200 x=63 y=63 published=56 total_us=418969 within_cold_gate=1 complete=1
[00:30:33] TINYDRAW_GATE1_CACHE_FILL zoom=400 x=63 y=63 published=56 total_us=383962 within_cold_gate=1 complete=1
[00:30:33] TINYDRAW_GATE1_CACHE_REVISIT zoom=50 remaining=0 tile_pixels=118128 fallback_pixels=0 compose_us=17417 complete_us=33162 hit=1
[00:30:33] TINYDRAW_GATE1_CACHE_REVISIT zoom=100 remaining=0 tile_pixels=164864 fallback_pixels=0 compose_us=19405 complete_us=33072 hit=1
[00:30:33] TINYDRAW_GATE1_CACHE_REVISIT zoom=200 remaining=0 tile_pixels=164864 fallback_pixels=0 compose_us=20299 complete_us=33943 hit=1
[00:30:33] TINYDRAW_GATE1_CACHE_REVISIT zoom=400 remaining=0 tile_pixels=164608 fallback_pixels=0 compose_us=21268 complete_us=33836 hit=1
[00:30:33] TINYDRAW_GATE1_CACHE_FILL zoom=400 x=575 y=575 published=56 total_us=410971 within_cold_gate=1 complete=1
[00:30:33] TINYDRAW_GATE1_CACHE_ROUND_TRIP zoom=50 from_x=63 from_y=63 via_x=575 via_y=575 remaining=0 tile_pixels=118128 fallback_pixels=0 compose_us=17532 complete_us=33944 hit=1
[00:30:33] TINYDRAW_GATE1_CACHE_ROUND_TRIP zoom=100 from_x=63 from_y=63 via_x=575 via_y=575 remaining=0 tile_pixels=164864 fallback_pixels=0 compose_us=19431 complete_us=33817 hit=1
[00:30:33] TINYDRAW_GATE1_CACHE_ROUND_TRIP zoom=200 from_x=63 from_y=63 via_x=575 via_y=575 remaining=0 tile_pixels=164864 fallback_pixels=0 compose_us=20324 complete_us=33684 hit=1
[00:30:34] TINYDRAW_GATE1_CACHE_ROUND_TRIP zoom=400 from_x=63 from_y=63 via_x=575 via_y=575 remaining=0 tile_pixels=164608 fallback_pixels=0 compose_us=21303 complete_us=33571 hit=1
[00:30:34] TINYDRAW_GATE1_CACHE_RETENTION pass=1 slots=448 revision=2148
[00:30:35] TINYDRAW_PAPER_SWEEP zoom=100 identities=644 raw=266 uniform=378 fallback=0 slots=448 total_us=1471022 pass=1
[00:30:40] TINYDRAW_GATE1_CACHE_TOUR slots=448 stops=16 forward_steps=2306 forward_tiles=832 forward_wall_us=2395813 return_missing_tiles=0 return_steps=16 return_tiles=0 return_wall_us=43066 home_missing=0 home_fallback_pixels=0 pass=1
[00:30:41] TINYDRAW_GATE1_MIXED_DRAW_WARM zoom=50 fill_tiles=56 fill_us=458979 raw=42 uniform=14
[00:30:41] TINYDRAW_GATE1_MIXED_DRAW_WARM zoom=100 fill_tiles=56 fill_us=423702 raw=56 uniform=0
[00:30:42] TINYDRAW_GATE1_MIXED_DRAW_WARM zoom=200 fill_tiles=56 fill_us=387434 raw=56 uniform=0
[00:30:42] TINYDRAW_GATE1_MIXED_DRAW_WARM zoom=400 fill_tiles=42 fill_us=263323 raw=42 uniform=0
[00:30:43] TINYDRAW_GATE1_MIXED_DRAW zoom=25 tool=pen chunks=50 append_max_us=9543 append_avg_us=8309 append_total_us=415473 affected_tiles=196 published=0 fallback=196 visible_fallback=0 committed=1 authority=1 refresh=1 run_ok=1 pass=1
[00:30:44] TINYDRAW_GATE1_MIXED_DRAW zoom=25 tool=eraser chunks=50 append_max_us=9532 append_avg_us=8243 append_total_us=412153 affected_tiles=0 published=0 fallback=0 visible_fallback=0 committed=1 authority=1 refresh=1 run_ok=1 pass=1
[00:30:45] TINYDRAW_GATE1_MIXED_DRAW zoom=50 tool=pen chunks=50 append_max_us=12327 append_avg_us=10168 append_total_us=508412 affected_tiles=422 published=400 fallback=22 visible_fallback=0 committed=1 authority=1 refresh=1 run_ok=1 pass=1
[00:30:46] TINYDRAW_GATE1_MIXED_DRAW zoom=50 tool=eraser chunks=50 append_max_us=10922 append_avg_us=9891 append_total_us=494554 affected_tiles=405 published=405 fallback=0 visible_fallback=0 committed=1 authority=1 refresh=1 run_ok=1 pass=1
[00:30:48] TINYDRAW_GATE1_MIXED_DRAW zoom=100 tool=pen chunks=50 append_max_us=10185 append_avg_us=8439 append_total_us=421958 affected_tiles=450 published=398 fallback=52 visible_fallback=0 committed=1 authority=1 refresh=1 run_ok=1 pass=1
[00:30:48] TINYDRAW_GATE1_MIXED_DRAW zoom=100 tool=eraser chunks=50 append_max_us=9176 append_avg_us=8209 append_total_us=410469 affected_tiles=399 published=399 fallback=0 visible_fallback=0 committed=1 authority=1 refresh=1 run_ok=1 pass=1
[00:30:50] TINYDRAW_GATE1_MIXED_DRAW zoom=200 tool=pen chunks=50 append_max_us=9693 append_avg_us=7862 append_total_us=393146 affected_tiles=425 published=389 fallback=36 visible_fallback=0 committed=1 authority=1 refresh=1 run_ok=1 pass=1
[00:30:51] TINYDRAW_GATE1_MIXED_DRAW zoom=200 tool=eraser chunks=50 append_max_us=8621 append_avg_us=7607 append_total_us=380365 affected_tiles=388 published=388 fallback=0 visible_fallback=0 committed=1 authority=1 refresh=1 run_ok=1 pass=1
[00:30:52] TINYDRAW_GATE1_MIXED_DRAW zoom=400 tool=pen chunks=50 append_max_us=8963 append_avg_us=7264 append_total_us=363221 affected_tiles=358 published=334 fallback=24 visible_fallback=0 committed=1 authority=1 refresh=1 run_ok=1 pass=1
[00:30:52] TINYDRAW_GATE1_MIXED_DRAW zoom=400 tool=eraser chunks=50 append_max_us=7963 append_avg_us=7112 append_total_us=355602 affected_tiles=350 published=350 fallback=0 visible_fallback=0 committed=1 authority=1 refresh=1 run_ok=1 pass=1
[00:30:53] TINYDRAW_GATE1_MIXED_DRAW_REVISIT zoom=50 missing=4 refill_tiles=4 refill_us=141600
[00:30:53] TINYDRAW_GATE1_MIXED_DRAW_REVISIT zoom=100 missing=9 refill_tiles=9 refill_us=243792
[00:30:53] TINYDRAW_GATE1_MIXED_DRAW_REVISIT zoom=200 missing=16 refill_tiles=16 refill_us=251550
[00:30:53] TINYDRAW_GATE1_MIXED_DRAW_REVISIT zoom=400 missing=0 refill_tiles=0 refill_us=940
[00:30:53] TINYDRAW_GATE1_MIXED_DRAW_SUMMARY slots=448 strokes=10 worst_append_us=12327 pass=1
[00:30:59] TINYDRAW_GATE1_IDLE_REPAIR damaged=588 remaining=0 plan_views=24 steps=4105 repair_us=3725909 worst_step_us=8061 warm_tiles=56 pass=1
[00:31:00] TINYDRAW_HAIRLINE_DOC ops=782 samples=8061 append_total_us=879421 append_max_us=5842
[00:31:00] TINYDRAW_HAIRLINE_COLD zoom=100 wall_us=260319 steps=221 tiles=56 worst_step_us=9037
[00:31:00] TINYDRAW_HAIRLINE_COLD zoom=400 wall_us=203327 steps=208 tiles=48 worst_step_us=8209
[00:31:03] TINYDRAW_HAIRLINE_REPAIR steps=2508 wall_us=2690401 worst_step_us=9497 resident=407/448 grid_stopped=1 pass2_steps=8 pass2_wall_us=11465 no_churn=1
[00:31:05] TINYDRAW_HAIRLINE_TOUR stops=8 total_us=1189579 worst_stop_us=233633 worst_step_us=11053
[00:31:05] TINYDRAW_GATE1_HAIRLINE raw=339 uniform=72 fallback=233 capacity=448 worst_step_us=11053 grid_stopped=1 pass=1
[00:31:07] TINYDRAW_GATE1_LONG_GESTURE path=reference samples=1600 chunks=26 append_total_us=700488 append_max_us=33284 append_avg_us=26941 refresh_fallback_pixels=0 settled_fallback_pixels=0 committed=1 authority=1 refresh=1 run_ok=1
[00:31:07] TINYDRAW_GATE1_LONG_GESTURE path=in_place samples=1600 chunks=52 append_total_us=360549 append_max_us=8481 append_avg_us=6933 refresh_fallback_pixels=0 settled_fallback_pixels=0 committed=1 authority=1 refresh=1 run_ok=1
[00:31:07] TINYDRAW_V2_EXPORT_PROGRESS row=0 of=1792
[00:31:08] TINYDRAW_V2_EXPORT_PROGRESS row=256 of=1792
[00:31:08] TINYDRAW_V2_EXPORT_PROGRESS row=512 of=1792
[00:31:09] TINYDRAW_V2_EXPORT_PROGRESS row=768 of=1792
[00:31:10] TINYDRAW_V2_EXPORT_PROGRESS row=1024 of=1792
[00:31:11] TINYDRAW_V2_EXPORT_PROGRESS row=1280 of=1792
[00:31:12] TINYDRAW_V2_EXPORT_PROGRESS row=1536 of=1792
[00:31:13] TINYDRAW_GATE1_EXPORT encoded=1 bytes=40045 elapsed_us=5781179 workspace_bytes=50652 band_bytes=376832 free_psram=1879376 free_internal=141516 signature=1 dimensions=1 chunks=3 chunks_ok=1 pass=1
[00:31:13] TINYDRAW_EXPORT_RESERVE requested=1572864 free_before=1879376 largest_before=1867776 free_held=306508 largest_held=303104 pass=1
[00:31:13] TINYDRAW_GATE1_AUTOMATED_DONE stress=1 stress_100=1 stress_400=1 overlap_ready=1 overlap_cold=1 adversarial_ready=1 adversarial_cold=1 workload=1 paced_cold=1 hard_100=1 hard_400=1 pan_100=1 pan_400=1 pan_seq=1 live_overlay=1 draw_fill=1 cache=1 full_world_cache=1 cache_tour=1 mixed_draw=1 idle_repair=1 hairline=1 long_gesture=1 export_encode=1 export_reserve=1 return=1 ssaa_receipt=yellow
[00:31:13] TINYDRAW_VECTOR_V2_GATE_HARNESS_DONE pass=1
[00:31:13] TINYDRAW_VECTOR_V2_READY zoom=25 controls=chrome button=cycle_all_zooms operations_capacity=4000 samples_capacity=80000 live_storage_bytes=6356256 overview_bytes=1318912 raw_tile_bytes=3670016 tile_metadata_bytes=73976 operation_bytes=720000 live_scratch_bytes=573352 free_psram=1879376 largest_psram=1867776 te_edges=3536 te_period_us=16793 te_high_us=577 te_level=0 main_stack_free=4008
