[23:27:22] ESP-ROM:esp32s3-20210327
[23:27:22] Build:Mar 27 2021
[23:27:22] rst:0x15 (USB_UART_CHIP_RESET),boot:0x2b (SPI_FAST_FLASH_BOOT)
[23:27:22] Saved PC:0x4202b273
[23:27:22] SPIWP:0xee
[23:27:22] mode:DIO, clock div:1
[23:27:22] load:0x3fce2820,len:0x1664
[23:27:22] load:0x403c8700,len:0xf38
[23:27:22] load:0x403cb700,len:0x31e8
[23:27:22] entry 0x403c8930
[23:27:22] I (24) boot: ESP-IDF v6.0.2 2nd stage bootloader
[23:27:22] I (24) boot: compile time Aug 15 2026 23:27:02
[23:27:22] I (25) boot: Multicore bootloader
[23:27:22] I (25) boot: chip revision: v0.2
[23:27:22] I (28) boot: efuse block revision: v1.3
[23:27:22] I (31) qio_mode: Enabling default flash chip QIO
[23:27:22] I (36) boot.esp32s3: Boot SPI Speed : 80MHz
[23:27:22] I (39) boot.esp32s3: SPI Mode       : QIO
[23:27:22] I (43) boot.esp32s3: SPI Flash Size : 16MB
[23:27:22] I (47) boot: Enabling RNG early entropy source...
[23:27:22] I (51) boot: Partition Table:
[23:27:22] I (54) boot: ## Label            Usage          Type ST Offset   Length
[23:27:22] I (60) boot:  0 nvs              WiFi data        01 02 00009000 00006000
[23:27:22] I (67) boot:  1 phy_init         RF data          01 01 0000f000 00001000
[23:27:22] I (73) boot:  2 factory          factory app      00 00 00010000 00100000
[23:27:22] I (80) boot:  3 drawing          Unknown data     01 40 00110000 00300000
[23:27:22] I (86) boot:  4 export           Unknown data     01 41 00410000 00500000
[23:27:22] I (93) boot:  5 coredump         Unknown data     01 03 00910000 00010000
[23:27:22] I (100) boot: End of partition table
[23:27:22] I (103) esp_image: segment 0: paddr=00010020 vaddr=3c050020 size=145ach ( 83372) map
[23:27:22] I (123) esp_image: segment 1: paddr=000245d4 vaddr=3fc94500 size=03764h ( 14180) load
[23:27:22] I (126) esp_image: segment 2: paddr=00027d40 vaddr=40374000 size=082d8h ( 33496) load
[23:27:22] I (134) esp_image: segment 3: paddr=00030020 vaddr=42000020 size=46f24h (290596) map
[23:27:22] I (180) esp_image: segment 4: paddr=00076f4c vaddr=4037c2d8 size=081e8h ( 33256) load
[23:27:22] I (187) esp_image: segment 5: paddr=0007f13c vaddr=50000000 size=00024h (    36) load
[23:27:22] I (194) boot: Loaded app from partition at offset 0x10000
[23:27:22] I (194) boot: Disabling RNG early entropy source...
[23:27:22] I (205) octal_psram: vendor id    : 0x0d (AP)
[23:27:22] I (205) octal_psram: dev id       : 0x02 (generation 3)
[23:27:22] I (205) octal_psram: density      : 0x03 (64 Mbit)
[23:27:22] I (207) octal_psram: good-die     : 0x01 (Pass)
[23:27:22] I (211) octal_psram: Latency      : 0x01 (Fixed)
[23:27:22] I (216) octal_psram: VCC          : 0x01 (3V)
[23:27:22] I (220) octal_psram: SRF          : 0x01 (Fast Refresh)
[23:27:22] I (225) octal_psram: BurstType    : 0x01 (Hybrid Wrap)
[23:27:22] I (230) octal_psram: BurstLen     : 0x01 (32 Byte)
[23:27:22] I (234) octal_psram: Readlatency  : 0x02 (10 cycles@Fixed)
[23:27:22] I (239) octal_psram: DriveStrength: 0x00 (1/1)
[23:27:22] I (244) MSPI Timing: Enter psram timing tuning
[23:27:22] I (248) esp_psram: Found 8MB PSRAM device
[23:27:22] I (251) esp_psram: Speed: 80MHz
[23:27:22] I (254) cpu_start: Multicore app
[23:27:22] I (670) esp_psram: SPI SRAM memory test OK
[23:27:22] I (679) cpu_start: GPIO 44 and 43 are used as console UART I/O pins
[23:27:22] I (679) cpu_start: Pro cpu start user code
[23:27:22] I (679) cpu_start: cpu freq: 240000000 Hz
[23:27:22] I (681) app_init: Application information:
[23:27:22] I (685) app_init: Project name:     tinydraw_esp32
[23:27:22] I (689) app_init: App version:      f187d51-dirty
[23:27:22] I (694) app_init: Compile time:     Aug 15 2026 23:26:56
[23:27:22] I (699) app_init: ELF file SHA256:  78b9f889e...
[23:27:22] I (703) app_init: ESP-IDF:          v6.0.2
[23:27:22] I (707) efuse_init: Min chip rev:     v0.0
[23:27:22] I (711) efuse_init: Max chip rev:     v0.99 
[23:27:22] I (715) efuse_init: Chip rev:         v0.2
[23:27:22] I (719) heap_init: Initializing. RAM available for dynamic allocation:
[23:27:22] I (725) heap_init: At 3FC99090 len 00050680 (321 KiB): RAM
[23:27:22] I (730) heap_init: At 3FCE9710 len 00005724 (21 KiB): RAM
[23:27:22] I (735) heap_init: At 3FCF0000 len 00008000 (32 KiB): DRAM
[23:27:22] I (740) heap_init: At 600FE000 len 00001FE8 (7 KiB): RTCRAM
[23:27:22] I (746) esp_psram: Adding pool of 8192K of PSRAM memory to heap allocator
[23:27:22] I (753) spi_flash: detected chip: generic
[23:27:22] I (756) spi_flash: flash io: qio
[23:27:22] I (759) sleep_gpio: Configure to isolate all GPIO pins in sleep state
[23:27:22] I (765) sleep_gpio: Enable automatic switching of GPIO sleep configuration
[23:27:22] I (772) main_task: Started on CPU0
[23:27:22] I (775) main_task: Calling app_main()
[23:27:22] TINYDRAW_PANEL_HARD_RESET=1
[23:27:22] TINYDRAW_PANEL_TRANSPORT requested_clock_mhz=50 actual_clock=divider_limited_40mhz
[23:27:22] I (973) co5300: version: 2.1.0
[23:27:22] I (973) co5300_spi: LCD panel create success, version: 2.1.0
[23:27:22] W (1059) co5300_spi: The 3Ah command has been used and will be overwritten by external initialization sequence
[23:27:22] I (1160) CST816S: IC id: 183
[23:27:22] TINYDRAW_VECTOR_V2_PRESENTATION experiment=boundary-top-sweep te_edge=rising clock_mhz=50 optical_acceptance=external_manual
[23:27:23] TINYDRAW_LIVE_PRESENT kind=startup zoom=25 x=0 y=0 compose_us=26069 scroll_us=0 exposed_compose_us=0 chrome_us=18593 read_submit_us=0 read_complete_us=0 transfer_wait_us=34031 tile_pixels=0 uniform_pixels=0 overview_pixels=164864 fallback_pixels=0 resident_tiles=0 fallback_tiles=0 pushes=11 tear_wait_us=15089 tear_edge_isr_to_resume_us=10 tear_edge_observed=1 tear_edge_wait_resumed=1 tear_edge_timeout=0 tear_heal_attempted=0 tear_heal_command_sent=0 presentation_experiment=boundary-top-sweep te_edge=rising clock_mhz=50 frame_reused=0 pass=1
[23:27:23] TINYDRAW_LIVE_STRESS operations=1000 samples=20000 total_us=459267 average_us=459 maximum_us=801 free_psram=1879376 largest_psram=1867776
[23:27:23] TINYDRAW_LIVE_PRESENT kind=gate_fallback zoom=100 x=0 y=0 compose_us=15918 scroll_us=0 exposed_compose_us=0 chrome_us=16302 read_submit_us=23143 read_complete_us=39493 transfer_wait_us=32708 tile_pixels=0 uniform_pixels=0 overview_pixels=0 fallback_pixels=164864 resident_tiles=0 fallback_tiles=42 pushes=11 tear_wait_us=7087 tear_edge_isr_to_resume_us=11 tear_edge_observed=1 tear_edge_wait_resumed=1 tear_edge_timeout=0 tear_heal_attempted=0 tear_heal_command_sent=0 presentation_experiment=boundary-top-sweep te_edge=rising clock_mhz=50 frame_reused=0 pass=1
[23:27:23] TINYDRAW_GATE1_HARD zoom=100 cold=1 operations=1000 samples=20000 steps=192 tiles=42 scanned=12000 rendered=1659 max_supertask_us=9754 presentation_us=71058 total_us=277961 pass=1
[23:27:24] TINYDRAW_LIVE_PRESENT kind=gate_fallback zoom=400 x=0 y=0 compose_us=15463 scroll_us=0 exposed_compose_us=0 chrome_us=15758 read_submit_us=31188 read_complete_us=47501 transfer_wait_us=32413 tile_pixels=0 uniform_pixels=0 overview_pixels=0 fallback_pixels=164864 resident_tiles=0 fallback_tiles=42 pushes=11 tear_wait_us=15578 tear_edge_isr_to_resume_us=12 tear_edge_observed=1 tear_edge_wait_resumed=1 tear_edge_timeout=0 tear_heal_attempted=0 tear_heal_command_sent=0 presentation_experiment=boundary-top-sweep te_edge=rising clock_mhz=50 frame_reused=0 pass=1
[23:27:24] TINYDRAW_GATE1_HARD zoom=400 cold=1 operations=1000 samples=20000 steps=196 tiles=42 scanned=12000 rendered=120 max_supertask_us=9026 presentation_us=68852 total_us=212416 pass=1
[23:27:24] TINYDRAW_OVERLAP_WORKLOAD operations=8 samples=1200 radius_world=80
[23:27:25] TINYDRAW_GATE1_PACED_COLD corpus=overlap zoom=50 x=215 y=255 steps=334 tiles=56 compute_us=378858 present_us=88257 touch_us=587 pacing_us=8995 wall_us=476697 max_tick_us=10481 touch_samples=2296 touch_interval_max_us=1932 touch_read_max_us=596 touch_events=0 touch_down=0 touch_up=0 touch_events_ge_8ms=0 touch_event_age_max_us=0 touch_errors=0 touch_overflows=0 pass=1
[23:27:25] TINYDRAW_GATE1_PACED_COLD corpus=overlap zoom=100 x=583 y=703 steps=172 tiles=48 compute_us=236926 present_us=82683 touch_us=401 pacing_us=6965 wall_us=326975 max_tick_us=10106 touch_samples=405 touch_interval_max_us=1433 touch_read_max_us=471 touch_events=0 touch_down=0 touch_up=0 touch_events_ge_8ms=0 touch_event_age_max_us=0 touch_errors=0 touch_overflows=0 pass=1
[23:27:26] TINYDRAW_GATE1_PACED_COLD corpus=overlap zoom=200 x=1319 y=1599 steps=128 tiles=56 compute_us=239784 present_us=84553 touch_us=403 pacing_us=4232 wall_us=328972 max_tick_us=10019 touch_samples=405 touch_interval_max_us=1172 touch_read_max_us=451 touch_events=0 touch_down=0 touch_up=0 touch_events_ge_8ms=0 touch_event_age_max_us=0 touch_errors=0 touch_overflows=0 pass=1
[23:27:26] TINYDRAW_GATE1_PACED_COLD corpus=overlap zoom=400 x=2791 y=3391 steps=94 tiles=56 compute_us=224943 present_us=80390 touch_us=363 pacing_us=5279 wall_us=310975 max_tick_us=10261 touch_samples=401 touch_interval_max_us=1158 touch_read_max_us=455 touch_events=0 touch_down=0 touch_up=0 touch_events_ge_8ms=0 touch_event_age_max_us=0 touch_errors=0 touch_overflows=0 pass=1
[23:27:26] TINYDRAW_ADVERSARIAL_TAPERED_WORKLOAD operations=128 samples=4096 erasers=12 load_us=217803 appended=1
[23:27:26] TINYDRAW_GATE1_PACED_COLD corpus=adversarial_tapered_4x zoom=50 x=0 y=0 steps=104 tiles=42 compute_us=95134 present_us=66550 touch_us=193 pacing_us=4092 wall_us=165969 max_tick_us=7648 touch_samples=494 touch_interval_max_us=1186 touch_read_max_us=460 touch_events=0 touch_down=0 touch_up=0 touch_events_ge_8ms=0 touch_event_age_max_us=0 touch_errors=0 touch_overflows=0 pass=1
[23:27:27] TINYDRAW_GATE1_PACED_COLD corpus=adversarial_tapered_4x zoom=100 x=0 y=0 steps=348 tiles=42 compute_us=157166 present_us=62307 touch_us=252 pacing_us=5251 wall_us=224976 max_tick_us=8791 touch_samples=311 touch_interval_max_us=1157 touch_read_max_us=420 touch_events=0 touch_down=0 touch_up=0 touch_events_ge_8ms=0 touch_event_age_max_us=0 touch_errors=0 touch_overflows=0 pass=1
[23:27:28] TINYDRAW_GATE1_PACED_COLD corpus=adversarial_tapered_4x zoom=200 x=0 y=0 steps=1214 tiles=42 compute_us=436821 present_us=65046 touch_us=517 pacing_us=14587 wall_us=516971 max_tick_us=10383 touch_samples=594 touch_interval_max_us=1137 touch_read_max_us=412 touch_events=0 touch_down=0 touch_up=0 touch_events_ge_8ms=0 touch_event_age_max_us=0 touch_errors=0 touch_overflows=0 pass=1
[23:27:28] TINYDRAW_GATE1_PACED_COLD corpus=adversarial_tapered_4x zoom=400 x=0 y=0 steps=904 tiles=42 compute_us=542965 present_us=67871 touch_us=614 pacing_us=12563 wall_us=624013 max_tick_us=10474 touch_samples=712 touch_interval_max_us=1158 touch_read_max_us=440 touch_events=0 touch_down=0 touch_up=0 touch_events_ge_8ms=0 touch_event_age_max_us=0 touch_errors=0 touch_overflows=0 pass=1
[23:27:29] TINYDRAW_GATE1_WORKLOAD kind=realistic seed=7 operations=1000 samples=19844 maximum_stroke=198 load_us=367930 raw_source=1 lod_copies=0
[23:27:29] TINYDRAW_GATE1_PACED_COLD corpus=seed7 zoom=400 x=63 y=63 steps=281 tiles=56 compute_us=276428 present_us=85974 touch_us=417 pacing_us=8151 wall_us=370970 max_tick_us=12804 touch_samples=940 touch_interval_max_us=1166 touch_read_max_us=430 touch_events=0 touch_down=0 touch_up=0 touch_events_ge_8ms=0 touch_event_age_max_us=0 touch_errors=0 touch_overflows=0 pass=1
[23:27:29] TINYDRAW_LIVE_PRESENT kind=gate_fallback zoom=100 x=0 y=0 compose_us=16388 scroll_us=0 exposed_compose_us=0 chrome_us=16329 read_submit_us=28312 read_complete_us=44679 transfer_wait_us=32545 tile_pixels=0 uniform_pixels=0 overview_pixels=0 fallback_pixels=164864 resident_tiles=0 fallback_tiles=42 pushes=11 tear_wait_us=11795 tear_edge_isr_to_resume_us=11 tear_edge_observed=1 tear_edge_wait_resumed=1 tear_edge_timeout=0 tear_heal_attempted=0 tear_heal_command_sent=0 presentation_experiment=boundary-top-sweep te_edge=rising clock_mhz=50 frame_reused=0 pass=1
[23:27:30] TINYDRAW_GATE1_HARD zoom=100 cold=1 operations=1000 samples=19844 steps=275 tiles=42 scanned=12000 rendered=5232 max_supertask_us=9869 presentation_us=71132 total_us=380987 pass=1
[23:27:30] TINYDRAW_GATE1_OVERLAY_CANVAS regions=zoom,minimap,toolbar,battery operations=4 presentation_mutations=0 authority=1 pass=1
[23:27:30] TINYDRAW_GATE1_LIVE_OVERLAY clear_updates=47 clear_wall_max_us=2939 clear_submit_max_us=1822 clear_complete_max_us=2261 overlay_updates=47 overlay_wall_max_us=2927 overlay_submit_max_us=2019 overlay_complete_max_us=2453 overlay_chrome_max_us=191 clear_failures=0 overlay_failures=0 pass=1
[23:27:30] TINYDRAW_EDGE_INK corners=4 edge_failures=0 pass=1
[23:27:31] TINYDRAW_GATE1_PAN zoom=100 from_x=0 from_y=0 to_x=88 to_y=88 compose_us=20804 scroll_us=12 exposed_compose_us=20792 chrome_us=2331 event_submit_us=1184 event_complete_us=6386 transfer_us=38818 setup=1 present=1 moved=1 frame_reused=1 pass=1
[23:27:31] TINYDRAW_LIVE_PRESENT kind=gate_fallback zoom=400 x=0 y=0 compose_us=15711 scroll_us=0 exposed_compose_us=0 chrome_us=15730 read_submit_us=18043 read_complete_us=34272 transfer_wait_us=32586 tile_pixels=0 uniform_pixels=0 overview_pixels=0 fallback_pixels=164864 resident_tiles=0 fallback_tiles=42 pushes=11 tear_wait_us=2204 tear_edge_isr_to_resume_us=10 tear_edge_observed=1 tear_edge_wait_resumed=1 tear_edge_timeout=0 tear_heal_attempted=0 tear_heal_command_sent=0 presentation_experiment=boundary-top-sweep te_edge=rising clock_mhz=50 frame_reused=0 pass=1
[23:27:31] TINYDRAW_GATE1_HARD zoom=400 cold=1 operations=1008 samples=19852 steps=217 tiles=42 scanned=12096 rendered=592 max_supertask_us=11125 presentation_us=71560 total_us=272740 pass=1
[23:27:31] TINYDRAW_GATE1_PAN zoom=400 from_x=0 from_y=0 to_x=88 to_y=88 compose_us=20748 scroll_us=12 exposed_compose_us=20736 chrome_us=1814 event_submit_us=14224 event_complete_us=19328 transfer_us=38783 setup=1 present=1 moved=1 frame_reused=1 pass=1
[23:27:35] TINYDRAW_PANSEQ_FRAME zoom=100 step=0 dx=24 dy=18 scroll_us=12 exposed_compose_us=6891 tear_wait_us=1091 present_us=24784 prepare_us=22243 acquire_wait_us=34 ring_copy_us=6180 patch_us=9335 byte_swap_us=6728 staging_us=692 event_submit_us=1210 event_complete_us=5550 frame_us=25981 tear_edge_observed=1 frame_reused=1 pass=1
[23:27:35] TINYDRAW_PANSEQ_FRAME zoom=100 step=1 dx=24 dy=18 scroll_us=11 exposed_compose_us=6768 tear_wait_us=8673 present_us=24162 prepare_us=22345 acquire_wait_us=30 ring_copy_us=6323 patch_us=9284 byte_swap_us=6738 staging_us=669 event_submit_us=8771 event_complete_us=13247 frame_us=32932 tear_edge_observed=1 frame_reused=1 pass=1
[23:27:35] TINYDRAW_PANSEQ_FRAME zoom=100 step=2 dx=24 dy=18 scroll_us=11 exposed_compose_us=6606 tear_wait_us=9298 present_us=24543 prepare_us=22058 acquire_wait_us=36 ring_copy_us=6308 patch_us=9000 byte_swap_us=6750 staging_us=673 event_submit_us=9399 event_complete_us=13842 frame_us=33941 tear_edge_observed=1 frame_reused=1 pass=1
[23:27:35] TINYDRAW_PANSEQ_FRAME zoom=100 step=3 dx=24 dy=18 scroll_us=11 exposed_compose_us=7214 tear_wait_us=8916 present_us=24922 prepare_us=22730 acquire_wait_us=31 ring_copy_us=6383 patch_us=9644 byte_swap_us=6703 staging_us=671 event_submit_us=9014 event_complete_us=13526 frame_us=33935 tear_edge_observed=1 frame_reused=1 pass=1
[23:27:35] TINYDRAW_PANSEQ_FRAME zoom=100 step=4 dx=24 dy=18 scroll_us=12 exposed_compose_us=6663 tear_wait_us=8532 present_us=24308 prepare_us=22164 acquire_wait_us=31 ring_copy_us=6398 patch_us=9001 byte_swap_us=6765 staging_us=679 event_submit_us=8632 event_complete_us=13123 frame_us=32938 tear_edge_observed=1 frame_reused=1 pass=1
[23:27:35] TINYDRAW_PANSEQ_FRAME zoom=100 step=5 dx=24 dy=18 scroll_us=12 exposed_compose_us=6845 tear_wait_us=9143 present_us=24697 prepare_us=22442 acquire_wait_us=35 ring_copy_us=6409 patch_us=9295 byte_swap_us=6738 staging_us=685 event_submit_us=9241 event_complete_us=13755 frame_us=33937 tear_edge_observed=1 frame_reused=1 pass=1
[23:27:35] TINYDRAW_PANSEQ_FRAME zoom=100 step=6 dx=24 dy=18 scroll_us=12 exposed_compose_us=6735 tear_wait_us=8770 present_us=24070 prepare_us=22286 acquire_wait_us=35 ring_copy_us=6356 patch_us=9188 byte_swap_us=6742 staging_us=676 event_submit_us=8871 event_complete_us=13317 frame_us=32939 tear_edge_observed=1 frame_reused=1 pass=1
[23:27:35] TINYDRAW_PANSEQ_FRAME zoom=100 step=7 dx=24 dy=18 scroll_us=11 exposed_compose_us=6888 tear_wait_us=9386 present_us=24455 prepare_us=22483 acquire_wait_us=35 ring_copy_us=6425 patch_us=9268 byte_swap_us=6790 staging_us=670 event_submit_us=9484 event_complete_us=13938 frame_us=33939 tear_edge_observed=1 frame_reused=1 pass=1
[23:27:35] TINYDRAW_PANSEQ_FRAME zoom=100 step=8 dx=24 dy=18 scroll_us=12 exposed_compose_us=7244 tear_wait_us=8990 present_us=24847 prepare_us=22924 acquire_wait_us=35 ring_copy_us=6477 patch_us=9725 byte_swap_us=6722 staging_us=674 event_submit_us=9091 event_complete_us=13666 frame_us=33936 tear_edge_observed=1 frame_reused=1 pass=1
[23:27:35] TINYDRAW_PANSEQ_FRAME zoom=100 step=9 dx=24 dy=18 scroll_us=12 exposed_compose_us=7016 tear_wait_us=8606 present_us=24242 prepare_us=22570 acquire_wait_us=35 ring_copy_us=6323 patch_us=9505 byte_swap_us=6742 staging_us=702 event_submit_us=8705 event_complete_us=13211 frame_us=32945 tear_edge_observed=1 frame_reused=1 pass=1
[23:27:35] TINYDRAW_PANSEQ_FRAME zoom=100 step=10 dx=24 dy=18 scroll_us=11 exposed_compose_us=6892 tear_wait_us=9211 present_us=24621 prepare_us=22403 acquire_wait_us=33 ring_copy_us=6386 patch_us=9289 byte_swap_us=6728 staging_us=672 event_submit_us=9312 event_complete_us=13780 frame_us=33931 tear_edge_observed=1 frame_reused=1 pass=1
[23:27:35] TINYDRAW_PANSEQ_FRAME zoom=100 step=11 dx=24 dy=18 scroll_us=11 exposed_compose_us=7469 tear_wait_us=8854 present_us=24985 prepare_us=23098 acquire_wait_us=36 ring_copy_us=6468 patch_us=9937 byte_swap_us=6693 staging_us=676 event_submit_us=8952 event_complete_us=13476 frame_us=33937 tear_edge_observed=1 frame_reused=1 pass=1
[23:27:35] TINYDRAW_PANSEQ_FRAME zoom=100 step=12 dx=24 dy=18 scroll_us=12 exposed_compose_us=6939 tear_wait_us=8477 present_us=24361 prepare_us=22506 acquire_wait_us=36 ring_copy_us=6350 patch_us=9415 byte_swap_us=6741 staging_us=709 event_submit_us=8577 event_complete_us=13103 frame_us=32937 tear_edge_observed=1 frame_reused=1 pass=1
[23:27:35] TINYDRAW_PANSEQ_FRAME zoom=100 step=13 dx=24 dy=18 scroll_us=12 exposed_compose_us=7135 tear_wait_us=9098 present_us=24741 prepare_us=22733 acquire_wait_us=33 ring_copy_us=6405 patch_us=9565 byte_swap_us=6763 staging_us=672 event_submit_us=9196 event_complete_us=13697 frame_us=33936 tear_edge_observed=1 frame_reused=1 pass=1
[23:27:35] TINYDRAW_PANSEQ_FRAME zoom=100 step=14 dx=24 dy=18 scroll_us=12 exposed_compose_us=7039 tear_wait_us=8697 present_us=25143 prepare_us=22578 acquire_wait_us=37 ring_copy_us=6350 patch_us=9457 byte_swap_us=6771 staging_us=685 event_submit_us=8797 event_complete_us=13285 frame_us=33938 tear_edge_observed=1 frame_reused=1 pass=1
[23:27:35] TINYDRAW_PANSEQ_FRAME zoom=100 step=15 dx=24 dy=18 scroll_us=11 exposed_compose_us=7286 tear_wait_us=8316 present_us=24523 prepare_us=22781 acquire_wait_us=38 ring_copy_us=6332 patch_us=9704 byte_swap_us=6745 staging_us=681 event_submit_us=8425 event_complete_us=12940 frame_us=32937 tear_edge_observed=1 frame_reused=1 pass=1
[23:27:35] TINYDRAW_PANSEQ_FRAME zoom=100 step=16 dx=72 dy=54 scroll_us=12 exposed_compose_us=17106 tear_wait_us=8927 present_us=34913 prepare_us=33121 acquire_wait_us=34 ring_copy_us=7070 patch_us=19440 byte_swap_us=6611 staging_us=705 event_submit_us=9027 event_complete_us=14276 frame_us=43938 tear_edge_observed=1 frame_reused=1 pass=1
[23:27:35] TINYDRAW_PANSEQ_FRAME zoom=100 step=17 dx=72 dy=54 scroll_us=11 exposed_compose_us=16987 tear_wait_us=15356 present_us=35481 prepare_us=32954 acquire_wait_us=33 ring_copy_us=7007 patch_us=19345 byte_swap_us=6602 staging_us=704 event_submit_us=15457 event_complete_us=20637 frame_us=50935 tear_edge_observed=1 frame_reused=1 pass=1
[23:27:35] TINYDRAW_PANSEQ_FRAME zoom=100 step=18 dx=72 dy=54 scroll_us=11 exposed_compose_us=16148 tear_wait_us=14768 present_us=34071 prepare_us=32200 acquire_wait_us=43 ring_copy_us=7103 patch_us=18542 byte_swap_us=6555 staging_us=734 event_submit_us=14869 event_complete_us=20090 frame_us=48938 tear_edge_observed=1 frame_reused=1 pass=1
[23:27:35] TINYDRAW_PANSEQ_FRAME zoom=100 step=19 dx=72 dy=54 scroll_us=12 exposed_compose_us=16541 tear_wait_us=16183 present_us=34649 prepare_us=32494 acquire_wait_us=41 ring_copy_us=6977 patch_us=18901 byte_swap_us=6616 staging_us=743 event_submit_us=16292 event_complete_us=21572 frame_us=50938 tear_edge_observed=1 frame_reused=1 pass=1
[23:27:35] TINYDRAW_PANSEQ_FRAME zoom=100 step=20 dx=-72 dy=-54 scroll_us=11 exposed_compose_us=17465 tear_wait_us=15613 present_us=35225 prepare_us=33468 acquire_wait_us=45 ring_copy_us=7018 patch_us=19843 byte_swap_us=6607 staging_us=723 event_submit_us=15716 event_complete_us=26004 frame_us=50938 tear_edge_observed=1 frame_reused=1 pass=1
[23:27:35] TINYDRAW_PANSEQ_FRAME zoom=100 step=21 dx=-72 dy=-54 scroll_us=11 exposed_compose_us=17171 tear_wait_us=15062 present_us=34777 prepare_us=33022 acquire_wait_us=38 ring_copy_us=6794 patch_us=19601 byte_swap_us=6627 staging_us=690 event_submit_us=15163 event_complete_us=25230 frame_us=49938 tear_edge_observed=1 frame_reused=1 pass=1
[23:27:35] TINYDRAW_PANSEQ_FRAME zoom=100 step=22 dx=-72 dy=-54 scroll_us=11 exposed_compose_us=17088 tear_wait_us=15471 present_us=35371 prepare_us=32827 acquire_wait_us=36 ring_copy_us=6773 patch_us=19458 byte_swap_us=6596 staging_us=697 event_submit_us=15571 event_complete_us=25751 frame_us=50941 tear_edge_observed=1 frame_reused=1 pass=1
[23:27:35] TINYDRAW_PANSEQ_FRAME zoom=100 step=23 dx=-72 dy=-54 scroll_us=11 exposed_compose_us=16533 tear_wait_us=14873 present_us=34968 prepare_us=32375 acquire_wait_us=39 ring_copy_us=6879 patch_us=18928 byte_swap_us=6568 staging_us=726 event_submit_us=14971 event_complete_us=24990 frame_us=49938 tear_edge_observed=1 frame_reused=1 pass=1
[23:27:35] TINYDRAW_GATE1_PANSEQ zoom=100 frames=24 scroll_avg_us=11 exposed_avg_us=10277 tear_wait_avg_us=10429 present_avg_us=28035 prepare_avg_us=25950 acquire_wait_avg_us=35 ring_copy_avg_us=6562 patch_avg_us=12694 byte_swap_avg_us=6693 staging_avg_us=692 frame_avg_us=38564 frame_p50_us=33937 frame_p95_us=50938 frame_max_us=50941 complete_p50_us=13697 complete_p95_us=25751 complete_max_us=26004 tear_edge_failures=0 presentation_experiment=boundary-top-sweep te_edge=rising clock_mhz=50 all_reused=1 pass=1
[23:27:38] TINYDRAW_PANSEQ_FRAME zoom=400 step=0 dx=24 dy=18 scroll_us=12 exposed_compose_us=6868 tear_wait_us=674 present_us=24202 prepare_us=21728 acquire_wait_us=33 ring_copy_us=6173 patch_us=8788 byte_swap_us=6767 staging_us=669 event_submit_us=831 event_complete_us=5277 frame_us=24982 tear_edge_observed=1 frame_reused=1 pass=1
[23:27:38] TINYDRAW_PANSEQ_FRAME zoom=400 step=1 dx=24 dy=18 scroll_us=11 exposed_compose_us=6366 tear_wait_us=9227 present_us=23607 prepare_us=21433 acquire_wait_us=33 ring_copy_us=6424 patch_us=8251 byte_swap_us=6758 staging_us=668 event_submit_us=9328 event_complete_us=13813 frame_us=32934 tear_edge_observed=1 frame_reused=1 pass=1
[23:27:38] TINYDRAW_PANSEQ_FRAME zoom=400 step=2 dx=24 dy=18 scroll_us=12 exposed_compose_us=6124 tear_wait_us=9821 present_us=23019 prepare_us=21127 acquire_wait_us=33 ring_copy_us=6386 patch_us=7978 byte_swap_us=6763 staging_us=693 event_submit_us=9926 event_complete_us=14368 frame_us=32938 tear_edge_observed=1 frame_reused=1 pass=1
[23:27:38] TINYDRAW_PANSEQ_FRAME zoom=400 step=3 dx=24 dy=18 scroll_us=11 exposed_compose_us=6550 tear_wait_us=10416 present_us=23423 prepare_us=21580 acquire_wait_us=47 ring_copy_us=6377 patch_us=8417 byte_swap_us=6786 staging_us=710 event_submit_us=10513 event_complete_us=14910 frame_us=33937 tear_edge_observed=1 frame_reused=1 pass=1
[23:27:38] TINYDRAW_PANSEQ_FRAME zoom=400 step=4 dx=24 dy=18 scroll_us=11 exposed_compose_us=6092 tear_wait_us=10028 present_us=22810 prepare_us=21095 acquire_wait_us=35 ring_copy_us=6343 patch_us=7995 byte_swap_us=6757 staging_us=675 event_submit_us=10127 event_complete_us=14485 frame_us=32936 tear_edge_observed=1 frame_reused=1 pass=1
[23:27:38] TINYDRAW_PANSEQ_FRAME zoom=400 step=5 dx=24 dy=18 scroll_us=12 exposed_compose_us=6288 tear_wait_us=10633 present_us=23207 prepare_us=21338 acquire_wait_us=36 ring_copy_us=6328 patch_us=8262 byte_swap_us=6748 staging_us=714 event_submit_us=10730 event_complete_us=15145 frame_us=33938 tear_edge_observed=1 frame_reused=1 pass=1
[23:27:38] TINYDRAW_PANSEQ_FRAME zoom=400 step=6 dx=24 dy=18 scroll_us=11 exposed_compose_us=7281 tear_wait_us=10235 present_us=24604 prepare_us=22293 acquire_wait_us=41 ring_copy_us=6393 patch_us=9158 byte_swap_us=6742 staging_us=673 event_submit_us=10334 event_complete_us=14803 frame_us=34938 tear_edge_observed=1 frame_reused=1 pass=1
[23:27:38] TINYDRAW_PANSEQ_FRAME zoom=400 step=7 dx=24 dy=18 scroll_us=11 exposed_compose_us=7395 tear_wait_us=8845 present_us=23996 prepare_us=22328 acquire_wait_us=43 ring_copy_us=6316 patch_us=9281 byte_swap_us=6731 staging_us=688 event_submit_us=8943 event_complete_us=13401 frame_us=32938 tear_edge_observed=1 frame_reused=1 pass=1
[23:27:38] TINYDRAW_PANSEQ_FRAME zoom=400 step=8 dx=24 dy=18 scroll_us=11 exposed_compose_us=8030 tear_wait_us=9442 present_us=25396 prepare_us=23095 acquire_wait_us=37 ring_copy_us=6324 patch_us=10113 byte_swap_us=6658 staging_us=705 event_submit_us=9541 event_complete_us=14106 frame_us=34937 tear_edge_observed=1 frame_reused=1 pass=1
[23:27:38] TINYDRAW_PANSEQ_FRAME zoom=400 step=9 dx=24 dy=18 scroll_us=12 exposed_compose_us=7704 tear_wait_us=8043 present_us=24796 prepare_us=22731 acquire_wait_us=35 ring_copy_us=6383 patch_us=9570 byte_swap_us=6778 staging_us=685 event_submit_us=8139 event_complete_us=12681 frame_us=32936 tear_edge_observed=1 frame_reused=1 pass=1
[23:27:38] TINYDRAW_PANSEQ_FRAME zoom=400 step=10 dx=24 dy=18 scroll_us=11 exposed_compose_us=7396 tear_wait_us=8653 present_us=24186 prepare_us=22458 acquire_wait_us=48 ring_copy_us=6352 patch_us=9354 byte_swap_us=6752 staging_us=684 event_submit_us=8752 event_complete_us=13213 frame_us=32938 tear_edge_observed=1 frame_reused=1 pass=1
[23:27:38] TINYDRAW_PANSEQ_FRAME zoom=400 step=11 dx=24 dy=18 scroll_us=11 exposed_compose_us=8338 tear_wait_us=9272 present_us=25567 prepare_us=23266 acquire_wait_us=41 ring_copy_us=6324 patch_us=10217 byte_swap_us=6725 staging_us=691 event_submit_us=9369 event_complete_us=13921 frame_us=34937 tear_edge_observed=1 frame_reused=1 pass=1
[23:27:38] TINYDRAW_PANSEQ_FRAME zoom=400 step=12 dx=24 dy=18 scroll_us=12 exposed_compose_us=7692 tear_wait_us=7894 present_us=24946 prepare_us=22630 acquire_wait_us=42 ring_copy_us=6306 patch_us=9606 byte_swap_us=6718 staging_us=710 event_submit_us=7993 event_complete_us=12476 frame_us=32939 tear_edge_observed=1 frame_reused=1 pass=1
[23:27:38] TINYDRAW_PANSEQ_FRAME zoom=400 step=13 dx=24 dy=18 scroll_us=12 exposed_compose_us=7809 tear_wait_us=8507 present_us=25332 prepare_us=22822 acquire_wait_us=31 ring_copy_us=6298 patch_us=9839 byte_swap_us=6685 staging_us=692 event_submit_us=8603 event_complete_us=13142 frame_us=33935 tear_edge_observed=1 frame_reused=1 pass=1
[23:27:39] TINYDRAW_PANSEQ_FRAME zoom=400 step=14 dx=24 dy=18 scroll_us=11 exposed_compose_us=7688 tear_wait_us=8117 present_us=24724 prepare_us=22726 acquire_wait_us=40 ring_copy_us=6386 patch_us=9521 byte_swap_us=6819 staging_us=686 event_submit_us=8216 event_complete_us=12720 frame_us=32939 tear_edge_observed=1 frame_reused=1 pass=1
[23:27:39] TINYDRAW_PANSEQ_FRAME zoom=400 step=15 dx=24 dy=18 scroll_us=11 exposed_compose_us=8020 tear_wait_us=8710 present_us=25131 prepare_us=22917 acquire_wait_us=39 ring_copy_us=6234 patch_us=9932 byte_swap_us=6751 staging_us=695 event_submit_us=8807 event_complete_us=13315 frame_us=33938 tear_edge_observed=1 frame_reused=1 pass=1
[23:27:39] TINYDRAW_PANSEQ_FRAME zoom=400 step=16 dx=72 dy=54 scroll_us=12 exposed_compose_us=18251 tear_wait_us=8310 present_us=35529 prepare_us=33747 acquire_wait_us=36 ring_copy_us=6987 patch_us=20162 byte_swap_us=6598 staging_us=705 event_submit_us=8420 event_complete_us=13692 frame_us=43938 tear_edge_observed=1 frame_reused=1 pass=1
[23:27:39] TINYDRAW_PANSEQ_FRAME zoom=400 step=17 dx=72 dy=54 scroll_us=11 exposed_compose_us=17885 tear_wait_us=14698 present_us=36137 prepare_us=33465 acquire_wait_us=42 ring_copy_us=7120 patch_us=19769 byte_swap_us=6576 staging_us=750 event_submit_us=14799 event_complete_us=20010 frame_us=50934 tear_edge_observed=1 frame_reused=1 pass=1
[23:27:39] TINYDRAW_PANSEQ_FRAME zoom=400 step=18 dx=72 dy=54 scroll_us=12 exposed_compose_us=17997 tear_wait_us=14098 present_us=35741 prepare_us=33534 acquire_wait_us=42 ring_copy_us=7033 patch_us=19911 byte_swap_us=6590 staging_us=698 event_submit_us=14201 event_complete_us=19455 frame_us=49940 tear_edge_observed=1 frame_reused=1 pass=1
[23:27:39] TINYDRAW_PANSEQ_FRAME zoom=400 step=19 dx=72 dy=54 scroll_us=11 exposed_compose_us=18522 tear_wait_us=14486 present_us=36355 prepare_us=33901 acquire_wait_us=39 ring_copy_us=6939 patch_us=20391 byte_swap_us=6571 staging_us=739 event_submit_us=14583 event_complete_us=19834 frame_us=50938 tear_edge_observed=1 frame_reused=1 pass=1
[23:27:39] TINYDRAW_PANSEQ_FRAME zoom=400 step=20 dx=-72 dy=-54 scroll_us=12 exposed_compose_us=18776 tear_wait_us=13863 present_us=35975 prepare_us=34191 acquire_wait_us=44 ring_copy_us=6934 patch_us=20650 byte_swap_us=6607 staging_us=708 event_submit_us=13966 event_complete_us=24562 frame_us=49937 tear_edge_observed=1 frame_reused=1 pass=1
[23:27:39] TINYDRAW_PANSEQ_FRAME zoom=400 step=21 dx=-72 dy=-54 scroll_us=11 exposed_compose_us=18059 tear_wait_us=14255 present_us=35584 prepare_us=33283 acquire_wait_us=36 ring_copy_us=6733 patch_us=19946 byte_swap_us=6604 staging_us=711 event_submit_us=14355 event_complete_us=24575 frame_us=49938 tear_edge_observed=1 frame_reused=1 pass=1
[23:27:39] TINYDRAW_PANSEQ_FRAME zoom=400 step=22 dx=-72 dy=-54 scroll_us=11 exposed_compose_us=18074 tear_wait_us=14653 present_us=35188 prepare_us=33234 acquire_wait_us=32 ring_copy_us=6696 patch_us=19911 byte_swap_us=6627 staging_us=693 event_submit_us=14752 event_complete_us=25110 frame_us=49940 tear_edge_observed=1 frame_reused=1 pass=1
[23:27:39] TINYDRAW_PANSEQ_FRAME zoom=400 step=23 dx=-72 dy=-54 scroll_us=12 exposed_compose_us=16707 tear_wait_us=15068 present_us=33772 prepare_us=31996 acquire_wait_us=35 ring_copy_us=6732 patch_us=18618 byte_swap_us=6646 staging_us=684 event_submit_us=15165 event_complete_us=25323 frame_us=48937 tear_edge_observed=1 frame_reused=1 pass=1
[23:27:39] TINYDRAW_GATE1_PANSEQ zoom=400 frames=24 scroll_avg_us=11 exposed_avg_us=10829 tear_wait_avg_us=10331 present_avg_us=28051 prepare_avg_us=25954 acquire_wait_avg_us=38 ring_copy_avg_us=6521 patch_avg_us=12735 byte_swap_avg_us=6698 staging_avg_us=696 frame_avg_us=38480 frame_p50_us=33938 frame_p95_us=50934 frame_max_us=50938 complete_p50_us=14106 complete_p95_us=25110 complete_max_us=25323 tear_edge_failures=0 presentation_experiment=boundary-top-sweep te_edge=rising clock_mhz=50 all_reused=1 pass=1
[23:27:39] TINYDRAW_GATE1_DRAW_FILL zoom=400 revision=2148 append_us=1230 poll_gap_us=112 event_submit_us=2086 event_complete_us=2737 max_compute_slice_us=4662 max_display_slice_us=25178 fill_us=284561 revision_restarted=1 pass=1
[23:27:40] TINYDRAW_GATE1_CACHE_FILL zoom=50 x=63 y=63 published=56 total_us=551966 within_cold_gate=0 complete=1
[23:27:40] TINYDRAW_GATE1_CACHE_FILL zoom=100 x=63 y=63 published=56 total_us=516968 within_cold_gate=0 complete=1
[23:27:41] TINYDRAW_GATE1_CACHE_FILL zoom=200 x=63 y=63 published=56 total_us=420967 within_cold_gate=1 complete=1
[23:27:41] TINYDRAW_GATE1_CACHE_FILL zoom=400 x=63 y=63 published=56 total_us=384969 within_cold_gate=1 complete=1
[23:27:41] TINYDRAW_GATE1_CACHE_REVISIT zoom=50 remaining=0 tile_pixels=118128 fallback_pixels=0 compose_us=17383 complete_us=32801 hit=1
[23:27:41] TINYDRAW_GATE1_CACHE_REVISIT zoom=100 remaining=0 tile_pixels=164864 fallback_pixels=0 compose_us=19407 complete_us=32571 hit=1
[23:27:41] TINYDRAW_GATE1_CACHE_REVISIT zoom=200 remaining=0 tile_pixels=164864 fallback_pixels=0 compose_us=20319 complete_us=32350 hit=1
[23:27:41] TINYDRAW_GATE1_CACHE_REVISIT zoom=400 remaining=0 tile_pixels=164608 fallback_pixels=0 compose_us=21258 complete_us=32143 hit=1
[23:27:42] TINYDRAW_GATE1_CACHE_FILL zoom=400 x=575 y=575 published=56 total_us=415970 within_cold_gate=1 complete=1
[23:27:42] TINYDRAW_GATE1_CACHE_ROUND_TRIP zoom=50 from_x=63 from_y=63 via_x=575 via_y=575 remaining=0 tile_pixels=118128 fallback_pixels=0 compose_us=17466 complete_us=33266 hit=1
[23:27:42] TINYDRAW_GATE1_CACHE_ROUND_TRIP zoom=100 from_x=63 from_y=63 via_x=575 via_y=575 remaining=0 tile_pixels=164864 fallback_pixels=0 compose_us=19433 complete_us=32997 hit=1
[23:27:42] TINYDRAW_GATE1_CACHE_ROUND_TRIP zoom=200 from_x=63 from_y=63 via_x=575 via_y=575 remaining=0 tile_pixels=164864 fallback_pixels=0 compose_us=20331 complete_us=32764 hit=1
[23:27:42] TINYDRAW_GATE1_CACHE_ROUND_TRIP zoom=400 from_x=63 from_y=63 via_x=575 via_y=575 remaining=0 tile_pixels=164608 fallback_pixels=0 compose_us=21314 complete_us=32525 hit=1
[23:27:42] TINYDRAW_GATE1_CACHE_RETENTION pass=1 slots=448 revision=2148
[23:27:44] TINYDRAW_PAPER_SWEEP zoom=100 identities=644 raw=266 uniform=378 fallback=0 slots=448 total_us=1480213 pass=1
[23:27:48] TINYDRAW_GATE1_CACHE_TOUR slots=448 stops=16 forward_steps=2306 forward_tiles=832 forward_wall_us=2402039 return_missing_tiles=0 return_steps=16 return_tiles=0 return_wall_us=41950 home_missing=0 home_fallback_pixels=0 pass=1
[23:27:49] TINYDRAW_GATE1_MIXED_DRAW_WARM zoom=50 fill_tiles=56 fill_us=463278 raw=42 uniform=14
[23:27:49] TINYDRAW_GATE1_MIXED_DRAW_WARM zoom=100 fill_tiles=56 fill_us=427920 raw=56 uniform=0
[23:27:50] TINYDRAW_GATE1_MIXED_DRAW_WARM zoom=200 fill_tiles=56 fill_us=390413 raw=56 uniform=0
[23:27:50] TINYDRAW_GATE1_MIXED_DRAW_WARM zoom=400 fill_tiles=42 fill_us=265593 raw=42 uniform=0
[23:27:51] TINYDRAW_GATE1_MIXED_DRAW zoom=25 tool=pen chunks=50 append_max_us=9474 append_avg_us=8279 append_total_us=413953 affected_tiles=196 published=0 fallback=196 visible_fallback=0 committed=1 authority=1 refresh=1 run_ok=1 pass=1
[23:27:52] TINYDRAW_GATE1_MIXED_DRAW zoom=25 tool=eraser chunks=50 append_max_us=9574 append_avg_us=8250 append_total_us=412534 affected_tiles=0 published=0 fallback=0 visible_fallback=0 committed=1 authority=1 refresh=1 run_ok=1 pass=1
[23:27:54] TINYDRAW_GATE1_MIXED_DRAW zoom=50 tool=pen chunks=50 append_max_us=12420 append_avg_us=10159 append_total_us=507964 affected_tiles=422 published=400 fallback=22 visible_fallback=0 committed=1 authority=1 refresh=1 run_ok=1 pass=1
[23:27:54] TINYDRAW_GATE1_MIXED_DRAW zoom=50 tool=eraser chunks=50 append_max_us=10863 append_avg_us=9894 append_total_us=494710 affected_tiles=405 published=405 fallback=0 visible_fallback=0 committed=1 authority=1 refresh=1 run_ok=1 pass=1
[23:27:56] TINYDRAW_GATE1_MIXED_DRAW zoom=100 tool=pen chunks=50 append_max_us=10080 append_avg_us=8449 append_total_us=422499 affected_tiles=450 published=398 fallback=52 visible_fallback=0 committed=1 authority=1 refresh=1 run_ok=1 pass=1
[23:27:57] TINYDRAW_GATE1_MIXED_DRAW zoom=100 tool=eraser chunks=50 append_max_us=9104 append_avg_us=8221 append_total_us=411082 affected_tiles=399 published=399 fallback=0 visible_fallback=0 committed=1 authority=1 refresh=1 run_ok=1 pass=1
[23:27:58] TINYDRAW_GATE1_MIXED_DRAW zoom=200 tool=pen chunks=50 append_max_us=9689 append_avg_us=7879 append_total_us=393950 affected_tiles=425 published=389 fallback=36 visible_fallback=0 committed=1 authority=1 refresh=1 run_ok=1 pass=1
[23:27:59] TINYDRAW_GATE1_MIXED_DRAW zoom=200 tool=eraser chunks=50 append_max_us=8677 append_avg_us=7625 append_total_us=381277 affected_tiles=388 published=388 fallback=0 visible_fallback=0 committed=1 authority=1 refresh=1 run_ok=1 pass=1
[23:28:00] TINYDRAW_GATE1_MIXED_DRAW zoom=400 tool=pen chunks=50 append_max_us=9097 append_avg_us=7294 append_total_us=364729 affected_tiles=358 published=334 fallback=24 visible_fallback=0 committed=1 authority=1 refresh=1 run_ok=1 pass=1
[23:28:01] TINYDRAW_GATE1_MIXED_DRAW zoom=400 tool=eraser chunks=50 append_max_us=8045 append_avg_us=7140 append_total_us=357045 affected_tiles=350 published=350 fallback=0 visible_fallback=0 committed=1 authority=1 refresh=1 run_ok=1 pass=1
[23:28:01] TINYDRAW_GATE1_MIXED_DRAW_REVISIT zoom=50 missing=4 refill_tiles=4 refill_us=141527
[23:28:01] TINYDRAW_GATE1_MIXED_DRAW_REVISIT zoom=100 missing=9 refill_tiles=9 refill_us=243836
[23:28:02] TINYDRAW_GATE1_MIXED_DRAW_REVISIT zoom=200 missing=16 refill_tiles=16 refill_us=251527
[23:28:02] TINYDRAW_GATE1_MIXED_DRAW_REVISIT zoom=400 missing=0 refill_tiles=0 refill_us=928
[23:28:02] TINYDRAW_GATE1_MIXED_DRAW_SUMMARY slots=448 strokes=10 worst_append_us=12420 pass=1
[23:28:07] TINYDRAW_GATE1_IDLE_REPAIR damaged=588 remaining=0 plan_views=24 steps=4105 repair_us=3741972 worst_step_us=8132 warm_tiles=56 pass=1
[23:28:08] TINYDRAW_HAIRLINE_DOC ops=782 samples=8061 append_total_us=874051 append_max_us=5862
[23:28:09] TINYDRAW_HAIRLINE_COLD zoom=100 wall_us=260354 steps=221 tiles=56 worst_step_us=9074
[23:28:09] TINYDRAW_HAIRLINE_COLD zoom=400 wall_us=204312 steps=208 tiles=48 worst_step_us=8252
[23:28:12] TINYDRAW_HAIRLINE_REPAIR steps=2508 wall_us=2691470 worst_step_us=9564 resident=407/448 grid_stopped=1 pass2_steps=8 pass2_wall_us=11451 no_churn=1
[23:28:13] TINYDRAW_HAIRLINE_TOUR stops=8 total_us=1190711 worst_stop_us=233670 worst_step_us=11107
[23:28:13] TINYDRAW_GATE1_HAIRLINE raw=339 uniform=72 fallback=233 capacity=448 worst_step_us=11107 grid_stopped=1 pass=1
[23:28:15] TINYDRAW_GATE1_LONG_GESTURE path=reference samples=1600 chunks=26 append_total_us=703199 append_max_us=33486 append_avg_us=27046 refresh_fallback_pixels=0 settled_fallback_pixels=0 committed=1 authority=1 refresh=1 run_ok=1
[23:28:15] TINYDRAW_GATE1_LONG_GESTURE path=in_place samples=1600 chunks=52 append_total_us=361828 append_max_us=8552 append_avg_us=6958 refresh_fallback_pixels=0 settled_fallback_pixels=0 committed=1 authority=1 refresh=1 run_ok=1
[23:28:15] TINYDRAW_V2_EXPORT_PROGRESS row=0 of=1792
[23:28:16] TINYDRAW_V2_EXPORT_PROGRESS row=256 of=1792
[23:28:17] TINYDRAW_V2_EXPORT_PROGRESS row=512 of=1792
[23:28:17] TINYDRAW_V2_EXPORT_PROGRESS row=768 of=1792
[23:28:18] TINYDRAW_V2_EXPORT_PROGRESS row=1024 of=1792
[23:28:19] TINYDRAW_V2_EXPORT_PROGRESS row=1280 of=1792
[23:28:20] TINYDRAW_V2_EXPORT_PROGRESS row=1536 of=1792
[23:28:21] TINYDRAW_GATE1_EXPORT encoded=1 bytes=40045 elapsed_us=5761180 workspace_bytes=50652 band_bytes=376832 free_psram=1879376 free_internal=242492 signature=1 dimensions=1 chunks=3 chunks_ok=1 pass=1
[23:28:21] TINYDRAW_EXPORT_RESERVE requested=1572864 free_before=1879376 largest_before=1867776 free_held=306508 largest_held=303104 pass=1
[23:28:21] TINYDRAW_GATE1_AUTOMATED_DONE stress=1 stress_100=1 stress_400=1 overlap_ready=1 overlap_cold=1 adversarial_ready=1 adversarial_cold=1 workload=1 paced_cold=1 hard_100=1 hard_400=1 pan_100=1 pan_400=1 pan_seq=1 live_overlay=1 draw_fill=1 cache=1 full_world_cache=1 cache_tour=1 mixed_draw=1 idle_repair=1 hairline=1 long_gesture=1 export_encode=1 export_reserve=1 return=1 ssaa_receipt=yellow
[23:28:21] TINYDRAW_VECTOR_V2_GATE_HARNESS_DONE pass=1
[23:28:21] TINYDRAW_VECTOR_V2_READY zoom=25 controls=chrome button=cycle_all_zooms operations_capacity=4000 samples_capacity=80000 live_storage_bytes=6356256 overview_bytes=1318912 raw_tile_bytes=3670016 tile_metadata_bytes=73976 operation_bytes=720000 live_scratch_bytes=573352 free_psram=1879376 largest_psram=1867776 te_edges=3458 te_period_us=16802 te_high_us=578 te_level=0 main_stack_free=4712
