[22:55:00] I (103) esp_image: segment 0: paddr=00010020 vaddr=3c050020 sizeESP-ROM:esp32s3-20210327
[22:55:00] Build:Mar 27 2021
[22:55:00] rst:0x15 (USB_UART_CHIP_RESET),boot:0x2b (SPI_FAST_FLASH_BOOT)
[22:55:00] Saved PC:0x42026214
[22:55:00] SPIWP:0xee
[22:55:00] mode:DIO, clock div:1
[22:55:00] load:0x3fce2820,len:0x1664
[22:55:00] load:0x403c8700,len:0xf38
[22:55:00] load:0x403cb700,len:0x31e8
[22:55:00] entry 0x403c8930
[22:55:00] I (24) boot: ESP-IDF v6.0.2 2nd stage bootloader
[22:55:00] I (24) boot: compile time Aug 15 2026 22:51:24
[22:55:00] I (25) boot: Multicore bootloader
[22:55:00] I (25) boot: chip revision: v0.2
[22:55:00] I (28) boot: efuse block revision: v1.3
[22:55:00] I (31) qio_mode: Enabling default flash chip QIO
[22:55:00] I (36) boot.esp32s3: Boot SPI Speed : 80MHz
[22:55:00] I (39) boot.esp32s3: SPI Mode       : QIO
[22:55:00] I (43) boot.esp32s3: SPI Flash Size : 16MB
[22:55:00] I (47) boot: Enabling RNG early entropy source...
[22:55:00] I (51) boot: Partition Table:
[22:55:00] I (54) boot: ## Label            Usage          Type ST Offset   Length
[22:55:00] I (60) boot:  0 nvs              WiFi data        01 02 00009000 00006000
[22:55:00] I (67) boot:  1 phy_init         RF data          01 01 0000f000 00001000
[22:55:00] I (73) boot:  2 factory          factory app      00 00 00010000 00100000
[22:55:00] I (80) boot:  3 drawing          Unknown data     01 40 00110000 00300000
[22:55:00] I (86) boot:  4 export           Unknown data     01 41 00410000 00500000
[22:55:00] I (93) boot:  5 coredump         Unknown data     01 03 00910000 00010000
[22:55:00] I (100) boot: End of partition table
[22:55:00] I (103) esp_image: segment 0: paddr=00010020 vaddr=3c050020 size=144cch ( 83148) map
[22:55:00] I (123) esp_image: segment 1: paddr=000244f4 vaddr=3fc94500 size=03764h ( 14180) load
[22:55:00] I (126) esp_image: segment 2: paddr=00027c60 vaddr=40374000 size=083b8h ( 33720) load
[22:55:00] I (134) esp_image: segment 3: paddr=00030020 vaddr=42000020 size=46310h (287504) map
[22:55:00] I (179) esp_image: segment 4: paddr=00076338 vaddr=4037c3b8 size=08108h ( 33032) load
[22:55:00] I (186) esp_image: segment 5: paddr=0007e448 vaddr=50000000 size=00024h (    36) load
[22:55:00] I (193) boot: Loaded app from partition at offset 0x10000
[22:55:00] I (194) boot: Disabling RNG early entropy source...
[22:55:00] I (204) octal_psram: vendor id    : 0x0d (AP)
[22:55:00] I (205) octal_psram: dev id       : 0x02 (generation 3)
[22:55:00] I (205) octal_psram: density      : 0x03 (64 Mbit)
[22:55:00] I (207) octal_psram: good-die     : 0x01 (Pass)
[22:55:00] I (211) octal_psram: Latency      : 0x01 (Fixed)
[22:55:00] I (215) octal_psram: VCC          : 0x01 (3V)
[22:55:00] I (219) octal_psram: SRF          : 0x01 (Fast Refresh)
[22:55:00] I (224) octal_psram: BurstType    : 0x01 (Hybrid Wrap)
[22:55:00] I (229) octal_psram: BurstLen     : 0x01 (32 Byte)
[22:55:00] I (234) octal_psram: Readlatency  : 0x02 (10 cycles@Fixed)
[22:55:00] I (239) octal_psram: DriveStrength: 0x00 (1/1)
[22:55:00] I (243) MSPI Timing: Enter psram timing tuning
[22:55:00] I (248) esp_psram: Found 8MB PSRAM device
[22:55:00] I (251) esp_psram: Speed: 80MHz
[22:55:00] I (254) cpu_start: Multicore app
[22:55:00] I (670) esp_psram: SPI SRAM memory test OK
[22:55:00] I (678) cpu_start: GPIO 44 and 43 are used as console UART I/O pins
[22:55:00] I (679) cpu_start: Pro cpu start user code
[22:55:00] I (679) cpu_start: cpu freq: 240000000 Hz
[22:55:00] I (680) app_init: Application information:
[22:55:00] I (684) app_init: Project name:     tinydraw_esp32
[22:55:00] I (689) app_init: App version:      1cea70e-dirty
[22:55:00] I (693) app_init: Compile time:     Aug 15 2026 22:54:38
[22:55:00] I (698) app_init: ELF file SHA256:  9efccfce0...
[22:55:00] I (703) app_init: ESP-IDF:          v6.0.2
[22:55:00] I (706) efuse_init: Min chip rev:     v0.0
[22:55:00] I (710) efuse_init: Max chip rev:     v0.99 
[22:55:00] I (714) efuse_init: Chip rev:         v0.2
[22:55:00] I (718) heap_init: Initializing. RAM available for dynamic allocation:
[22:55:00] I (724) heap_init: At 3FC99090 len 00050680 (321 KiB): RAM
[22:55:00] I (729) heap_init: At 3FCE9710 len 00005724 (21 KiB): RAM
[22:55:00] I (735) heap_init: At 3FCF0000 len 00008000 (32 KiB): DRAM
[22:55:00] I (740) heap_init: At 600FE000 len 00001FE8 (7 KiB): RTCRAM
[22:55:00] I (745) esp_psram: Adding pool of 8192K of PSRAM memory to heap allocator
[22:55:00] I (752) spi_flash: detected chip: generic
[22:55:00] I (755) spi_flash: flash io: qio
[22:55:00] I (759) sleep_gpio: Configure to isolate all GPIO pins in sleep state
[22:55:00] I (765) sleep_gpio: Enable automatic switching of GPIO sleep configuration
[22:55:00] I (772) main_task: Started on CPU0
[22:55:00] I (775) main_task: Calling app_main()
[22:55:01] TINYDRAW_PANEL_HARD_RESET=1
[22:55:01] TINYDRAW_PANEL_TRANSPORT requested_clock_mhz=50 actual_clock=divider_limited_40mhz
[22:55:01] I (973) co5300: version: 2.1.0
[22:55:01] I (973) co5300_spi: LCD panel create success, version: 2.1.0
[22:55:01] W (1059) co5300_spi: The 3Ah command has been used and will be overwritten by external initialization sequence
[22:55:01] I (1160) CST816S: IC id: 183
[22:55:01] TINYDRAW_VECTOR_V2_PRESENTATION experiment=boundary-top-sweep te_edge=rising clock_mhz=50 optical_acceptance=external_manual
[22:55:01] TINYDRAW_LIVE_PRESENT kind=startup zoom=25 x=0 y=0 compose_us=26074 scroll_us=0 exposed_compose_us=0 chrome_us=12702 read_submit_us=0 read_complete_us=0 transfer_wait_us=27330 tile_pixels=0 uniform_pixels=0 overview_pixels=164864 fallback_pixels=0 resident_tiles=0 fallback_tiles=0 pushes=11 tear_wait_us=14775 tear_edge_isr_to_resume_us=10 tear_edge_observed=1 tear_edge_wait_resumed=1 tear_edge_timeout=0 tear_heal_attempted=0 tear_heal_command_sent=0 presentation_experiment=boundary-top-sweep te_edge=rising clock_mhz=50 frame_reused=0 pass=1
[22:55:01] TINYDRAW_LIVE_STRESS operations=1000 samples=20000 total_us=460869 average_us=460 maximum_us=879 free_psram=1987924 largest_psram=1966080
[22:55:01] TINYDRAW_LIVE_PRESENT kind=gate_fallback zoom=100 x=0 y=0 compose_us=15963 scroll_us=0 exposed_compose_us=0 chrome_us=12114 read_submit_us=27709 read_complete_us=31763 transfer_wait_us=26454 tile_pixels=0 uniform_pixels=0 overview_pixels=0 fallback_pixels=164864 resident_tiles=0 fallback_tiles=42 pushes=11 tear_wait_us=11612 tear_edge_isr_to_resume_us=13 tear_edge_observed=1 tear_edge_wait_resumed=1 tear_edge_timeout=0 tear_heal_attempted=0 tear_heal_command_sent=0 presentation_experiment=boundary-top-sweep te_edge=rising clock_mhz=50 frame_reused=0 pass=1
[22:55:02] TINYDRAW_GATE1_HARD zoom=100 cold=1 operations=1000 samples=20000 steps=192 tiles=42 scanned=12000 rendered=1659 max_supertask_us=9670 presentation_us=76551 total_us=284411 pass=1
[22:55:02] TINYDRAW_LIVE_PRESENT kind=gate_fallback zoom=400 x=0 y=0 compose_us=15293 scroll_us=0 exposed_compose_us=0 chrome_us=11880 read_submit_us=30583 read_complete_us=34667 transfer_wait_us=26458 tile_pixels=0 uniform_pixels=0 overview_pixels=0 fallback_pixels=164864 resident_tiles=0 fallback_tiles=42 pushes=11 tear_wait_us=15150 tear_edge_isr_to_resume_us=12 tear_edge_observed=1 tear_edge_wait_resumed=1 tear_edge_timeout=0 tear_heal_attempted=0 tear_heal_command_sent=0 presentation_experiment=boundary-top-sweep te_edge=rising clock_mhz=50 frame_reused=0 pass=1
[22:55:02] TINYDRAW_GATE1_HARD zoom=400 cold=1 operations=1000 samples=20000 steps=196 tiles=42 scanned=12000 rendered=120 max_supertask_us=8993 presentation_us=72950 total_us=216559 pass=1
[22:55:02] TINYDRAW_OVERLAP_WORKLOAD operations=8 samples=1200 radius_world=80
[22:55:03] TINYDRAW_GATE1_PACED_COLD corpus=overlap zoom=50 x=215 y=255 steps=334 tiles=56 compute_us=380689 present_us=88354 touch_us=606 pacing_us=10849 wall_us=480498 max_tick_us=10679 touch_samples=2292 touch_interval_max_us=1922 touch_read_max_us=584 touch_events=0 touch_down=0 touch_up=0 touch_events_ge_8ms=0 touch_event_age_max_us=0 touch_errors=0 touch_overflows=0 pass=1
[22:55:03] TINYDRAW_GATE1_PACED_COLD corpus=overlap zoom=100 x=583 y=703 steps=172 tiles=48 compute_us=237745 present_us=86216 touch_us=376 pacing_us=6649 wall_us=330986 max_tick_us=11022 touch_samples=403 touch_interval_max_us=1783 touch_read_max_us=525 touch_events=0 touch_down=0 touch_up=0 touch_events_ge_8ms=0 touch_event_age_max_us=0 touch_errors=0 touch_overflows=0 pass=1
[22:55:04] TINYDRAW_GATE1_PACED_COLD corpus=overlap zoom=200 x=1319 y=1599 steps=128 tiles=56 compute_us=240153 present_us=91202 touch_us=338 pacing_us=5281 wall_us=336974 max_tick_us=11480 touch_samples=409 touch_interval_max_us=1164 touch_read_max_us=446 touch_events=0 touch_down=0 touch_up=0 touch_events_ge_8ms=0 touch_event_age_max_us=0 touch_errors=0 touch_overflows=0 pass=1
[22:55:04] TINYDRAW_GATE1_PACED_COLD corpus=overlap zoom=400 x=2791 y=3391 steps=94 tiles=56 compute_us=226052 present_us=85007 touch_us=311 pacing_us=5599 wall_us=316969 max_tick_us=10235 touch_samples=400 touch_interval_max_us=1123 touch_read_max_us=420 touch_events=0 touch_down=0 touch_up=0 touch_events_ge_8ms=0 touch_event_age_max_us=0 touch_errors=0 touch_overflows=0 pass=1
[22:55:04] TINYDRAW_ADVERSARIAL_TAPERED_WORKLOAD operations=128 samples=4096 erasers=12 load_us=223289 appended=1
[22:55:05] TINYDRAW_GATE1_PACED_COLD corpus=adversarial_tapered_4x zoom=50 x=0 y=0 steps=104 tiles=42 compute_us=96979 present_us=71429 touch_us=235 pacing_us=4321 wall_us=172964 max_tick_us=9284 touch_samples=511 touch_interval_max_us=1142 touch_read_max_us=429 touch_events=0 touch_down=0 touch_up=0 touch_events_ge_8ms=0 touch_event_age_max_us=0 touch_errors=0 touch_overflows=0 pass=1
[22:55:05] TINYDRAW_GATE1_PACED_COLD corpus=adversarial_tapered_4x zoom=100 x=0 y=0 steps=348 tiles=42 compute_us=160578 present_us=69008 touch_us=308 pacing_us=7056 wall_us=236950 max_tick_us=10270 touch_samples=316 touch_interval_max_us=1125 touch_read_max_us=404 touch_events=0 touch_down=0 touch_up=0 touch_events_ge_8ms=0 touch_event_age_max_us=0 touch_errors=0 touch_overflows=0 pass=1
[22:55:06] TINYDRAW_GATE1_PACED_COLD corpus=adversarial_tapered_4x zoom=200 x=0 y=0 steps=1214 tiles=42 compute_us=447209 present_us=72892 touch_us=696 pacing_us=14176 wall_us=534973 max_tick_us=10288 touch_samples=617 touch_interval_max_us=1111 touch_read_max_us=387 touch_events=0 touch_down=0 touch_up=0 touch_events_ge_8ms=0 touch_event_age_max_us=0 touch_errors=0 touch_overflows=0 pass=1
[22:55:06] TINYDRAW_GATE1_PACED_COLD corpus=adversarial_tapered_4x zoom=400 x=0 y=0 steps=904 tiles=42 compute_us=553609 present_us=75256 touch_us=758 pacing_us=12325 wall_us=641948 max_tick_us=10241 touch_samples=711 touch_interval_max_us=1108 touch_read_max_us=398 touch_events=0 touch_down=0 touch_up=0 touch_events_ge_8ms=0 touch_event_age_max_us=0 touch_errors=0 touch_overflows=0 pass=1
[22:55:07] TINYDRAW_GATE1_WORKLOAD kind=realistic seed=7 operations=1000 samples=19844 maximum_stroke=198 load_us=380489 raw_source=1 lod_copies=0
[22:55:07] TINYDRAW_GATE1_PACED_COLD corpus=seed7 zoom=400 x=63 y=63 steps=281 tiles=56 compute_us=277567 present_us=90842 touch_us=350 pacing_us=8209 wall_us=376968 max_tick_us=12809 touch_samples=943 touch_interval_max_us=1958 touch_read_max_us=483 touch_events=0 touch_down=0 touch_up=0 touch_events_ge_8ms=0 touch_event_age_max_us=0 touch_errors=0 touch_overflows=0 pass=1
[22:55:07] TINYDRAW_LIVE_PRESENT kind=gate_fallback zoom=100 x=0 y=0 compose_us=16135 scroll_us=0 exposed_compose_us=0 chrome_us=11991 read_submit_us=28944 read_complete_us=33067 transfer_wait_us=26898 tile_pixels=0 uniform_pixels=0 overview_pixels=0 fallback_pixels=164864 resident_tiles=0 fallback_tiles=42 pushes=11 tear_wait_us=12689 tear_edge_isr_to_resume_us=12 tear_edge_observed=1 tear_edge_wait_resumed=1 tear_edge_timeout=0 tear_heal_attempted=0 tear_heal_command_sent=0 presentation_experiment=boundary-top-sweep te_edge=rising clock_mhz=50 frame_reused=0 pass=1
[22:55:08] TINYDRAW_GATE1_HARD zoom=100 cold=1 operations=1000 samples=19844 steps=275 tiles=42 scanned=12000 rendered=5232 max_supertask_us=9786 presentation_us=74252 total_us=388360 pass=1
[22:55:08] TINYDRAW_GATE1_OVERLAY_CANVAS regions=zoom,minimap,toolbar,battery operations=4 presentation_mutations=0 authority=1 pass=1
[22:55:08] TINYDRAW_GATE1_LIVE_OVERLAY clear_updates=47 clear_wall_max_us=2928 clear_submit_max_us=1822 clear_complete_max_us=2169 overlay_updates=47 overlay_wall_max_us=2929 overlay_submit_max_us=2065 overlay_complete_max_us=2476 overlay_chrome_max_us=547 clear_failures=0 overlay_failures=0 pass=1
[22:55:08] TINYDRAW_EDGE_INK corners=4 edge_failures=0 pass=1
[22:55:09] TINYDRAW_GATE1_PAN zoom=100 from_x=0 from_y=0 to_x=88 to_y=88 compose_us=20630 scroll_us=14 exposed_compose_us=20616 chrome_us=9971 event_submit_us=7211 event_complete_us=12912 transfer_us=46790 setup=1 present=1 moved=1 frame_reused=1 pass=1
[22:55:09] TINYDRAW_LIVE_PRESENT kind=gate_fallback zoom=400 x=0 y=0 compose_us=15456 scroll_us=0 exposed_compose_us=0 chrome_us=11851 read_submit_us=26779 read_complete_us=30853 transfer_wait_us=26749 tile_pixels=0 uniform_pixels=0 overview_pixels=0 fallback_pixels=164864 resident_tiles=0 fallback_tiles=42 pushes=11 tear_wait_us=11186 tear_edge_isr_to_resume_us=14 tear_edge_observed=1 tear_edge_wait_resumed=1 tear_edge_timeout=0 tear_heal_attempted=0 tear_heal_command_sent=0 presentation_experiment=boundary-top-sweep te_edge=rising clock_mhz=50 frame_reused=0 pass=1
[22:55:09] TINYDRAW_GATE1_HARD zoom=400 cold=1 operations=1008 samples=19852 steps=217 tiles=42 scanned=12096 rendered=592 max_supertask_us=11159 presentation_us=74938 total_us=277378 pass=1
[22:55:09] TINYDRAW_GATE1_PAN zoom=400 from_x=0 from_y=0 to_x=88 to_y=88 compose_us=20720 scroll_us=14 exposed_compose_us=20706 chrome_us=9775 event_submit_us=7063 event_complete_us=12771 transfer_us=46942 setup=1 present=1 moved=1 frame_reused=1 pass=1
[22:55:13] TINYDRAW_PANSEQ_FRAME zoom=100 step=0 dx=24 dy=18 scroll_us=13 exposed_compose_us=6808 tear_wait_us=7248 present_us=31629 prepare_us=29660 staging_us=843 event_submit_us=7370 event_complete_us=12184 frame_us=38991 tear_edge_observed=1 frame_reused=1 pass=1
[22:55:13] TINYDRAW_PANSEQ_FRAME zoom=100 step=1 dx=24 dy=18 scroll_us=14 exposed_compose_us=6677 tear_wait_us=1817 present_us=32026 prepare_us=29632 staging_us=813 event_submit_us=1942 event_complete_us=6898 frame_us=33951 tear_edge_observed=1 frame_reused=1 pass=1
[22:55:13] TINYDRAW_PANSEQ_FRAME zoom=100 step=2 dx=24 dy=18 scroll_us=15 exposed_compose_us=6450 tear_wait_us=1425 present_us=31424 prepare_us=29396 staging_us=830 event_submit_us=1548 event_complete_us=6537 frame_us=32962 tear_edge_observed=1 frame_reused=1 pass=1
[22:55:13] TINYDRAW_PANSEQ_FRAME zoom=100 step=3 dx=24 dy=18 scroll_us=15 exposed_compose_us=7116 tear_wait_us=2025 present_us=32824 prepare_us=29995 staging_us=845 event_submit_us=2144 event_complete_us=7203 frame_us=34961 tear_edge_observed=1 frame_reused=1 pass=1
[22:55:13] TINYDRAW_PANSEQ_FRAME zoom=100 step=4 dx=24 dy=18 scroll_us=15 exposed_compose_us=6667 tear_wait_us=625 present_us=32219 prepare_us=29484 staging_us=855 event_submit_us=784 event_complete_us=5781 frame_us=32961 tear_edge_observed=1 frame_reused=1 pass=1
[22:55:13] TINYDRAW_PANSEQ_FRAME zoom=100 step=5 dx=24 dy=18 scroll_us=14 exposed_compose_us=6784 tear_wait_us=1239 present_us=31607 prepare_us=29672 staging_us=834 event_submit_us=1356 event_complete_us=6354 frame_us=32957 tear_edge_observed=1 frame_reused=1 pass=1
[22:55:13] TINYDRAW_PANSEQ_FRAME zoom=100 step=6 dx=24 dy=18 scroll_us=14 exposed_compose_us=6597 tear_wait_us=1844 present_us=32001 prepare_us=29569 staging_us=828 event_submit_us=1966 event_complete_us=6937 frame_us=33957 tear_edge_observed=1 frame_reused=1 pass=1
[22:55:13] TINYDRAW_PANSEQ_FRAME zoom=100 step=7 dx=24 dy=18 scroll_us=14 exposed_compose_us=6929 tear_wait_us=1437 present_us=32412 prepare_us=29698 staging_us=853 event_submit_us=1556 event_complete_us=6580 frame_us=33958 tear_edge_observed=1 frame_reused=1 pass=1
[22:55:13] TINYDRAW_PANSEQ_FRAME zoom=100 step=8 dx=24 dy=18 scroll_us=13 exposed_compose_us=7287 tear_wait_us=1027 present_us=32823 prepare_us=30198 staging_us=840 event_submit_us=1147 event_complete_us=6258 frame_us=33964 tear_edge_observed=1 frame_reused=1 pass=1
[22:55:13] TINYDRAW_PANSEQ_FRAME zoom=100 step=9 dx=24 dy=18 scroll_us=13 exposed_compose_us=6876 tear_wait_us=634 present_us=32214 prepare_us=29805 staging_us=835 event_submit_us=785 event_complete_us=5796 frame_us=32957 tear_edge_observed=1 frame_reused=1 pass=1
[22:55:13] TINYDRAW_PANSEQ_FRAME zoom=100 step=10 dx=24 dy=18 scroll_us=15 exposed_compose_us=6806 tear_wait_us=1241 present_us=31606 prepare_us=29687 staging_us=840 event_submit_us=1363 event_complete_us=6375 frame_us=32962 tear_edge_observed=1 frame_reused=1 pass=1
[22:55:13] TINYDRAW_PANSEQ_FRAME zoom=100 step=11 dx=24 dy=18 scroll_us=14 exposed_compose_us=7495 tear_wait_us=1860 present_us=32987 prepare_us=30374 staging_us=870 event_submit_us=1979 event_complete_us=7081 frame_us=34957 tear_edge_observed=1 frame_reused=1 pass=1
[22:55:13] TINYDRAW_PANSEQ_FRAME zoom=100 step=12 dx=24 dy=18 scroll_us=13 exposed_compose_us=6931 tear_wait_us=481 present_us=32368 prepare_us=29760 staging_us=836 event_submit_us=601 event_complete_us=5656 frame_us=32961 tear_edge_observed=1 frame_reused=1 pass=1
[22:55:13] TINYDRAW_PANSEQ_FRAME zoom=100 step=13 dx=24 dy=18 scroll_us=13 exposed_compose_us=7100 tear_wait_us=1084 present_us=32765 prepare_us=29957 staging_us=809 event_submit_us=1200 event_complete_us=6261 frame_us=33959 tear_edge_observed=1 frame_reused=1 pass=1
[22:55:13] TINYDRAW_PANSEQ_FRAME zoom=100 step=14 dx=24 dy=18 scroll_us=15 exposed_compose_us=6916 tear_wait_us=684 present_us=32161 prepare_us=29862 staging_us=843 event_submit_us=817 event_complete_us=5825 frame_us=32960 tear_edge_observed=1 frame_reused=1 pass=1
[22:55:13] TINYDRAW_PANSEQ_FRAME zoom=100 step=15 dx=24 dy=18 scroll_us=13 exposed_compose_us=7192 tear_wait_us=1280 present_us=32568 prepare_us=30070 staging_us=836 event_submit_us=1396 event_complete_us=6472 frame_us=33955 tear_edge_observed=1 frame_reused=1 pass=1
[22:55:13] TINYDRAW_PANSEQ_FRAME zoom=100 step=16 dx=72 dy=54 scroll_us=14 exposed_compose_us=16741 tear_wait_us=882 present_us=42967 prepare_us=40534 staging_us=831 event_submit_us=1002 event_complete_us=6772 frame_us=43963 tear_edge_observed=1 frame_reused=1 pass=1
[22:55:13] TINYDRAW_PANSEQ_FRAME zoom=100 step=17 dx=72 dy=54 scroll_us=13 exposed_compose_us=16889 tear_wait_us=7291 present_us=42556 prepare_us=40213 staging_us=909 event_submit_us=7410 event_complete_us=13129 frame_us=49954 tear_edge_observed=1 frame_reused=1 pass=1
[22:55:13] TINYDRAW_PANSEQ_FRAME zoom=100 step=18 dx=72 dy=54 scroll_us=13 exposed_compose_us=15846 tear_wait_us=7687 present_us=42163 prepare_us=39419 staging_us=860 event_submit_us=7807 event_complete_us=13527 frame_us=49963 tear_edge_observed=1 frame_reused=1 pass=1
[22:55:14] TINYDRAW_PANSEQ_FRAME zoom=100 step=19 dx=72 dy=54 scroll_us=14 exposed_compose_us=16529 tear_wait_us=8077 present_us=42770 prepare_us=40010 staging_us=883 event_submit_us=8196 event_complete_us=14016 frame_us=50961 tear_edge_observed=1 frame_reused=1 pass=1
[22:55:14] TINYDRAW_PANSEQ_FRAME zoom=100 step=20 dx=-72 dy=-54 scroll_us=13 exposed_compose_us=17292 tear_wait_us=7469 present_us=43374 prepare_us=40730 staging_us=872 event_submit_us=7590 event_complete_us=18349 frame_us=50957 tear_edge_observed=1 frame_reused=1 pass=1
[22:55:14] TINYDRAW_PANSEQ_FRAME zoom=100 step=21 dx=-72 dy=-54 scroll_us=14 exposed_compose_us=16787 tear_wait_us=6876 present_us=42970 prepare_us=40103 staging_us=859 event_submit_us=6994 event_complete_us=17483 frame_us=49957 tear_edge_observed=1 frame_reused=1 pass=1
[22:55:14] TINYDRAW_PANSEQ_FRAME zoom=100 step=22 dx=-72 dy=-54 scroll_us=14 exposed_compose_us=16865 tear_wait_us=7264 present_us=42582 prepare_us=40291 staging_us=868 event_submit_us=7387 event_complete_us=18007 frame_us=49961 tear_edge_observed=1 frame_reused=1 pass=1
[22:55:14] TINYDRAW_PANSEQ_FRAME zoom=100 step=23 dx=-72 dy=-54 scroll_us=14 exposed_compose_us=16379 tear_wait_us=7664 present_us=42184 prepare_us=39725 staging_us=856 event_submit_us=7782 event_complete_us=18220 frame_us=49959 tear_edge_observed=1 frame_reused=1 pass=1
[22:55:14] TINYDRAW_GATE1_PANSEQ zoom=100 frames=24 scroll_avg_us=13 exposed_avg_us=10164 tear_wait_avg_us=3298 present_avg_us=35716 prepare_avg_us=33243 staging_avg_us=847 frame_avg_us=39127 frame_p50_us=33959 frame_p95_us=50957 frame_max_us=50961 complete_p50_us=6772 complete_p95_us=18220 complete_max_us=18349 tear_edge_failures=0 presentation_experiment=boundary-top-sweep te_edge=rising clock_mhz=50 all_reused=1 pass=1
[22:55:16] TINYDRAW_PANSEQ_FRAME zoom=400 step=0 dx=24 dy=18 scroll_us=14 exposed_compose_us=6886 tear_wait_us=7157 present_us=31719 prepare_us=29461 staging_us=796 event_submit_us=7281 event_complete_us=12310 frame_us=38991 tear_edge_observed=1 frame_reused=1 pass=1
[22:55:16] TINYDRAW_PANSEQ_FRAME zoom=400 step=1 dx=24 dy=18 scroll_us=14 exposed_compose_us=6627 tear_wait_us=1728 present_us=31115 prepare_us=29112 staging_us=816 event_submit_us=1849 event_complete_us=6860 frame_us=32956 tear_edge_observed=1 frame_reused=1 pass=1
[22:55:16] TINYDRAW_PANSEQ_FRAME zoom=400 step=2 dx=24 dy=18 scroll_us=14 exposed_compose_us=6070 tear_wait_us=2335 present_us=31508 prepare_us=28937 staging_us=825 event_submit_us=2464 event_complete_us=7502 frame_us=33960 tear_edge_observed=1 frame_reused=1 pass=1
[22:55:16] TINYDRAW_PANSEQ_FRAME zoom=400 step=3 dx=24 dy=18 scroll_us=14 exposed_compose_us=6529 tear_wait_us=1938 present_us=31906 prepare_us=29341 staging_us=842 event_submit_us=2059 event_complete_us=7056 frame_us=33955 tear_edge_observed=1 frame_reused=1 pass=1
[22:55:16] TINYDRAW_PANSEQ_FRAME zoom=400 step=4 dx=24 dy=18 scroll_us=13 exposed_compose_us=5948 tear_wait_us=1553 present_us=31292 prepare_us=28789 staging_us=829 event_submit_us=1692 event_complete_us=6636 frame_us=32960 tear_edge_observed=1 frame_reused=1 pass=1
[22:55:16] TINYDRAW_PANSEQ_FRAME zoom=400 step=5 dx=24 dy=18 scroll_us=13 exposed_compose_us=6325 tear_wait_us=2144 present_us=31701 prepare_us=29087 staging_us=834 event_submit_us=2265 event_complete_us=7263 frame_us=33959 tear_edge_observed=1 frame_reused=1 pass=1
[22:55:16] TINYDRAW_PANSEQ_FRAME zoom=400 step=6 dx=24 dy=18 scroll_us=13 exposed_compose_us=6905 tear_wait_us=1731 present_us=32112 prepare_us=29642 staging_us=830 event_submit_us=1854 event_complete_us=6872 frame_us=33954 tear_edge_observed=1 frame_reused=1 pass=1
[22:55:16] TINYDRAW_PANSEQ_FRAME zoom=400 step=7 dx=24 dy=18 scroll_us=15 exposed_compose_us=7264 tear_wait_us=1332 present_us=32516 prepare_us=30086 staging_us=832 event_submit_us=1466 event_complete_us=6541 frame_us=33959 tear_edge_observed=1 frame_reused=1 pass=1
[22:55:16] TINYDRAW_PANSEQ_FRAME zoom=400 step=8 dx=24 dy=18 scroll_us=14 exposed_compose_us=7760 tear_wait_us=941 present_us=32907 prepare_us=30573 staging_us=827 event_submit_us=1063 event_complete_us=6237 frame_us=33961 tear_edge_observed=1 frame_reused=1 pass=1
[22:55:16] TINYDRAW_PANSEQ_FRAME zoom=400 step=9 dx=24 dy=18 scroll_us=14 exposed_compose_us=7440 tear_wait_us=540 present_us=32307 prepare_us=30188 staging_us=798 event_submit_us=659 event_complete_us=5735 frame_us=32959 tear_edge_observed=1 frame_reused=1 pass=1
[22:55:16] TINYDRAW_PANSEQ_FRAME zoom=400 step=10 dx=24 dy=18 scroll_us=13 exposed_compose_us=7166 tear_wait_us=1121 present_us=32726 prepare_us=29961 staging_us=831 event_submit_us=1242 event_complete_us=6325 frame_us=33962 tear_edge_observed=1 frame_reused=1 pass=1
[22:55:17] TINYDRAW_PANSEQ_FRAME zoom=400 step=11 dx=24 dy=18 scroll_us=14 exposed_compose_us=7946 tear_wait_us=711 present_us=33132 prepare_us=30758 staging_us=822 event_submit_us=829 event_complete_us=5982 frame_us=33957 tear_edge_observed=1 frame_reused=1 pass=1
[22:55:17] TINYDRAW_PANSEQ_FRAME zoom=400 step=12 dx=24 dy=18 scroll_us=13 exposed_compose_us=7364 tear_wait_us=317 present_us=32529 prepare_us=30128 staging_us=846 event_submit_us=457 event_complete_us=5563 frame_us=32958 tear_edge_observed=1 frame_reused=1 pass=1
[22:55:17] TINYDRAW_PANSEQ_FRAME zoom=400 step=13 dx=24 dy=18 scroll_us=13 exposed_compose_us=7623 tear_wait_us=917 present_us=32930 prepare_us=30256 staging_us=861 event_submit_us=1034 event_complete_us=6141 frame_us=33960 tear_edge_observed=1 frame_reused=1 pass=1
[22:55:17] TINYDRAW_PANSEQ_FRAME zoom=400 step=14 dx=24 dy=18 scroll_us=13 exposed_compose_us=7516 tear_wait_us=525 present_us=32321 prepare_us=30338 staging_us=807 event_submit_us=644 event_complete_us=5749 frame_us=32961 tear_edge_observed=1 frame_reused=1 pass=1
[22:55:17] TINYDRAW_PANSEQ_FRAME zoom=400 step=15 dx=24 dy=18 scroll_us=14 exposed_compose_us=7701 tear_wait_us=1138 present_us=32705 prepare_us=30437 staging_us=868 event_submit_us=1256 event_complete_us=6389 frame_us=33957 tear_edge_observed=1 frame_reused=1 pass=1
[22:55:17] TINYDRAW_PANSEQ_FRAME zoom=400 step=16 dx=72 dy=54 scroll_us=14 exposed_compose_us=17818 tear_wait_us=741 present_us=44105 prepare_us=41339 staging_us=821 event_submit_us=863 event_complete_us=6729 frame_us=44963 tear_edge_observed=1 frame_reused=1 pass=1
[22:55:17] TINYDRAW_PANSEQ_FRAME zoom=400 step=17 dx=72 dy=54 scroll_us=13 exposed_compose_us=17809 tear_wait_us=6118 present_us=43725 prepare_us=41098 staging_us=835 event_submit_us=6238 event_complete_us=12020 frame_us=49958 tear_edge_observed=1 frame_reused=1 pass=1
[22:55:17] TINYDRAW_PANSEQ_FRAME zoom=400 step=18 dx=72 dy=54 scroll_us=13 exposed_compose_us=17372 tear_wait_us=6495 present_us=43347 prepare_us=40804 staging_us=875 event_submit_us=6617 event_complete_us=12376 frame_us=49956 tear_edge_observed=1 frame_reused=1 pass=1
[22:55:17] TINYDRAW_PANSEQ_FRAME zoom=400 step=19 dx=72 dy=54 scroll_us=13 exposed_compose_us=18392 tear_wait_us=6881 present_us=43965 prepare_us=41528 staging_us=876 event_submit_us=7001 event_complete_us=12831 frame_us=50956 tear_edge_observed=1 frame_reused=1 pass=1
[22:55:17] TINYDRAW_PANSEQ_FRAME zoom=400 step=20 dx=-72 dy=-54 scroll_us=13 exposed_compose_us=18442 tear_wait_us=6274 present_us=44571 prepare_us=41818 staging_us=816 event_submit_us=6397 event_complete_us=17434 frame_us=50960 tear_edge_observed=1 frame_reused=1 pass=1
[22:55:17] TINYDRAW_PANSEQ_FRAME zoom=400 step=21 dx=-72 dy=-54 scroll_us=13 exposed_compose_us=17554 tear_wait_us=5657 present_us=43187 prepare_us=40701 staging_us=840 event_submit_us=5777 event_complete_us=16430 frame_us=48952 tear_edge_observed=1 frame_reused=1 pass=1
[22:55:17] TINYDRAW_PANSEQ_FRAME zoom=400 step=22 dx=-72 dy=-54 scroll_us=14 exposed_compose_us=17853 tear_wait_us=7056 present_us=43793 prepare_us=40924 staging_us=844 event_submit_us=7179 event_complete_us=18041 frame_us=50962 tear_edge_observed=1 frame_reused=1 pass=1
[22:55:17] TINYDRAW_PANSEQ_FRAME zoom=400 step=23 dx=-72 dy=-54 scroll_us=14 exposed_compose_us=16825 tear_wait_us=6439 present_us=42408 prepare_us=39699 staging_us=868 event_submit_us=6561 event_complete_us=17215 frame_us=48961 tear_edge_observed=1 frame_reused=1 pass=1
[22:55:17] TINYDRAW_GATE1_PANSEQ zoom=400 frames=24 scroll_avg_us=13 exposed_avg_us=10630 tear_wait_avg_us=2991 present_avg_us=36021 prepare_avg_us=33541 staging_avg_us=834 frame_avg_us=39126 frame_p50_us=33960 frame_p95_us=50960 frame_max_us=50962 complete_p50_us=6860 complete_p95_us=17434 complete_max_us=18041 tear_edge_failures=0 presentation_experiment=boundary-top-sweep te_edge=rising clock_mhz=50 all_reused=1 pass=1
[22:55:17] TINYDRAW_GATE1_DRAW_FILL zoom=400 revision=2148 append_us=1279 poll_gap_us=112 event_submit_us=2043 event_complete_us=2634 max_compute_slice_us=4784 max_display_slice_us=16098 fill_us=280127 revision_restarted=1 pass=1
[22:55:18] TINYDRAW_GATE1_CACHE_FILL zoom=50 x=63 y=63 published=56 total_us=557969 within_cold_gate=0 complete=1
[22:55:18] TINYDRAW_GATE1_CACHE_FILL zoom=100 x=63 y=63 published=56 total_us=523970 within_cold_gate=0 complete=1
[22:55:19] TINYDRAW_GATE1_CACHE_FILL zoom=200 x=63 y=63 published=56 total_us=424968 within_cold_gate=1 complete=1
[22:55:19] TINYDRAW_GATE1_CACHE_FILL zoom=400 x=63 y=63 published=56 total_us=389968 within_cold_gate=1 complete=1
[22:55:19] TINYDRAW_GATE1_CACHE_REVISIT zoom=50 remaining=0 tile_pixels=118128 fallback_pixels=0 compose_us=17382 complete_us=26910 hit=1
[22:55:19] TINYDRAW_GATE1_CACHE_REVISIT zoom=100 remaining=0 tile_pixels=164864 fallback_pixels=0 compose_us=19216 complete_us=26523 hit=1
[22:55:19] TINYDRAW_GATE1_CACHE_REVISIT zoom=200 remaining=0 tile_pixels=164864 fallback_pixels=0 compose_us=19997 complete_us=26146 hit=1
[22:55:19] TINYDRAW_GATE1_CACHE_REVISIT zoom=400 remaining=0 tile_pixels=164608 fallback_pixels=0 compose_us=20848 complete_us=26774 hit=1
[22:55:20] TINYDRAW_GATE1_CACHE_FILL zoom=400 x=575 y=575 published=56 total_us=414967 within_cold_gate=1 complete=1
[22:55:20] TINYDRAW_GATE1_CACHE_ROUND_TRIP zoom=50 from_x=63 from_y=63 via_x=575 via_y=575 remaining=0 tile_pixels=118128 fallback_pixels=0 compose_us=17379 complete_us=26523 hit=1
[22:55:20] TINYDRAW_GATE1_CACHE_ROUND_TRIP zoom=100 from_x=63 from_y=63 via_x=575 via_y=575 remaining=0 tile_pixels=164864 fallback_pixels=0 compose_us=19259 complete_us=26133 hit=1
[22:55:20] TINYDRAW_GATE1_CACHE_ROUND_TRIP zoom=200 from_x=63 from_y=63 via_x=575 via_y=575 remaining=0 tile_pixels=164864 fallback_pixels=0 compose_us=19984 complete_us=25938 hit=1
[22:55:20] TINYDRAW_GATE1_CACHE_ROUND_TRIP zoom=400 from_x=63 from_y=63 via_x=575 via_y=575 remaining=0 tile_pixels=164608 fallback_pixels=0 compose_us=20936 complete_us=26746 hit=1
[22:55:20] TINYDRAW_GATE1_CACHE_RETENTION pass=1 slots=448 revision=2148
[22:55:22] TINYDRAW_PAPER_SWEEP zoom=100 identities=644 raw=266 uniform=378 fallback=0 slots=448 total_us=1491703 pass=1
[22:55:26] TINYDRAW_GATE1_CACHE_TOUR slots=448 stops=16 forward_steps=2306 forward_tiles=832 forward_wall_us=2399062 return_missing_tiles=0 return_steps=16 return_tiles=0 return_wall_us=42205 home_missing=0 home_fallback_pixels=0 pass=1
[22:55:27] TINYDRAW_GATE1_MIXED_DRAW_WARM zoom=50 fill_tiles=56 fill_us=469737 raw=42 uniform=14
[22:55:27] TINYDRAW_GATE1_MIXED_DRAW_WARM zoom=100 fill_tiles=56 fill_us=430132 raw=56 uniform=0
[22:55:28] TINYDRAW_GATE1_MIXED_DRAW_WARM zoom=200 fill_tiles=56 fill_us=389424 raw=56 uniform=0
[22:55:28] TINYDRAW_GATE1_MIXED_DRAW_WARM zoom=400 fill_tiles=42 fill_us=263691 raw=42 uniform=0
[22:55:29] TINYDRAW_GATE1_MIXED_DRAW zoom=25 tool=pen chunks=50 append_max_us=9591 append_avg_us=8336 append_total_us=416831 affected_tiles=196 published=0 fallback=196 visible_fallback=0 committed=1 authority=1 refresh=1 run_ok=1 pass=1
[22:55:30] TINYDRAW_GATE1_MIXED_DRAW zoom=25 tool=eraser chunks=50 append_max_us=9664 append_avg_us=8266 append_total_us=413329 affected_tiles=0 published=0 fallback=0 visible_fallback=0 committed=1 authority=1 refresh=1 run_ok=1 pass=1
[22:55:32] TINYDRAW_GATE1_MIXED_DRAW zoom=50 tool=pen chunks=50 append_max_us=12509 append_avg_us=10245 append_total_us=512255 affected_tiles=422 published=400 fallback=22 visible_fallback=0 committed=1 authority=1 refresh=1 run_ok=1 pass=1
[22:55:32] TINYDRAW_GATE1_MIXED_DRAW zoom=50 tool=eraser chunks=50 append_max_us=10968 append_avg_us=9972 append_total_us=498649 affected_tiles=405 published=405 fallback=0 visible_fallback=0 committed=1 authority=1 refresh=1 run_ok=1 pass=1
[22:55:34] TINYDRAW_GATE1_MIXED_DRAW zoom=100 tool=pen chunks=50 append_max_us=10331 append_avg_us=8525 append_total_us=426292 affected_tiles=450 published=398 fallback=52 visible_fallback=0 committed=1 authority=1 refresh=1 run_ok=1 pass=1
[22:55:35] TINYDRAW_GATE1_MIXED_DRAW zoom=100 tool=eraser chunks=50 append_max_us=9295 append_avg_us=8288 append_total_us=414440 affected_tiles=399 published=399 fallback=0 visible_fallback=0 committed=1 authority=1 refresh=1 run_ok=1 pass=1
[22:55:36] TINYDRAW_GATE1_MIXED_DRAW zoom=200 tool=pen chunks=50 append_max_us=9841 append_avg_us=7946 append_total_us=397335 affected_tiles=425 published=389 fallback=36 visible_fallback=0 committed=1 authority=1 refresh=1 run_ok=1 pass=1
[22:55:37] TINYDRAW_GATE1_MIXED_DRAW zoom=200 tool=eraser chunks=50 append_max_us=8730 append_avg_us=7670 append_total_us=383501 affected_tiles=388 published=388 fallback=0 visible_fallback=0 committed=1 authority=1 refresh=1 run_ok=1 pass=1
[22:55:38] TINYDRAW_GATE1_MIXED_DRAW zoom=400 tool=pen chunks=50 append_max_us=9135 append_avg_us=7333 append_total_us=366696 affected_tiles=358 published=334 fallback=24 visible_fallback=0 committed=1 authority=1 refresh=1 run_ok=1 pass=1
[22:55:39] TINYDRAW_GATE1_MIXED_DRAW zoom=400 tool=eraser chunks=50 append_max_us=8239 append_avg_us=7188 append_total_us=359427 affected_tiles=350 published=350 fallback=0 visible_fallback=0 committed=1 authority=1 refresh=1 run_ok=1 pass=1
[22:55:39] TINYDRAW_GATE1_MIXED_DRAW_REVISIT zoom=50 missing=4 refill_tiles=4 refill_us=144699
[22:55:39] TINYDRAW_GATE1_MIXED_DRAW_REVISIT zoom=100 missing=9 refill_tiles=9 refill_us=247700
[22:55:39] TINYDRAW_GATE1_MIXED_DRAW_REVISIT zoom=200 missing=16 refill_tiles=16 refill_us=254697
[22:55:39] TINYDRAW_GATE1_MIXED_DRAW_REVISIT zoom=400 missing=0 refill_tiles=0 refill_us=909
[22:55:39] TINYDRAW_GATE1_MIXED_DRAW_SUMMARY slots=448 strokes=10 worst_append_us=12509 pass=1
[22:55:45] TINYDRAW_GATE1_IDLE_REPAIR damaged=588 remaining=0 plan_views=24 steps=4105 repair_us=3755817 worst_step_us=8055 warm_tiles=56 pass=1
[22:55:46] TINYDRAW_HAIRLINE_DOC ops=782 samples=8061 append_total_us=933189 append_max_us=5947
[22:55:47] TINYDRAW_HAIRLINE_COLD zoom=100 wall_us=262578 steps=221 tiles=56 worst_step_us=9011
[22:55:47] TINYDRAW_HAIRLINE_COLD zoom=400 wall_us=203375 steps=208 tiles=48 worst_step_us=8109
[22:55:50] TINYDRAW_HAIRLINE_REPAIR steps=2508 wall_us=2693171 worst_step_us=9266 resident=407/448 grid_stopped=1 pass2_steps=8 pass2_wall_us=11536 no_churn=1
[22:55:51] TINYDRAW_HAIRLINE_TOUR stops=8 total_us=1184516 worst_stop_us=233581 worst_step_us=10914
[22:55:51] TINYDRAW_GATE1_HAIRLINE raw=339 uniform=72 fallback=233 capacity=448 worst_step_us=10914 grid_stopped=1 pass=1
[22:55:53] TINYDRAW_GATE1_LONG_GESTURE path=reference samples=1600 chunks=26 append_total_us=697681 append_max_us=33219 append_avg_us=26833 refresh_fallback_pixels=0 settled_fallback_pixels=0 committed=1 authority=1 refresh=1 run_ok=1
[22:55:53] TINYDRAW_GATE1_LONG_GESTURE path=in_place samples=1600 chunks=52 append_total_us=364133 append_max_us=8602 append_avg_us=7002 refresh_fallback_pixels=0 settled_fallback_pixels=0 committed=1 authority=1 refresh=1 run_ok=1
[22:55:53] TINYDRAW_V2_EXPORT_PROGRESS row=0 of=1792
[22:55:54] TINYDRAW_V2_EXPORT_PROGRESS row=256 of=1792
[22:55:54] TINYDRAW_V2_EXPORT_PROGRESS row=512 of=1792
[22:55:55] TINYDRAW_V2_EXPORT_PROGRESS row=768 of=1792
[22:55:56] TINYDRAW_V2_EXPORT_PROGRESS row=1024 of=1792
[22:55:57] TINYDRAW_V2_EXPORT_PROGRESS row=1280 of=1792
[22:55:58] TINYDRAW_V2_EXPORT_PROGRESS row=1536 of=1792
[22:55:59] TINYDRAW_GATE1_EXPORT encoded=1 bytes=40045 elapsed_us=5769501 workspace_bytes=50652 band_bytes=376832 free_psram=1987924 free_internal=242524 signature=1 dimensions=1 chunks=3 chunks_ok=1 pass=1
[22:55:59] TINYDRAW_EXPORT_RESERVE requested=1572864 free_before=1987924 largest_before=1966080 free_held=415056 largest_held=409600 pass=1
[22:55:59] TINYDRAW_GATE1_AUTOMATED_DONE stress=1 stress_100=1 stress_400=1 overlap_ready=1 overlap_cold=1 adversarial_ready=1 adversarial_cold=1 workload=1 paced_cold=1 hard_100=1 hard_400=1 pan_100=1 pan_400=1 pan_seq=1 live_overlay=1 draw_fill=1 cache=1 full_world_cache=1 cache_tour=1 mixed_draw=1 idle_repair=1 hairline=1 long_gesture=1 export_encode=1 export_reserve=1 return=1 ssaa_receipt=yellow
[22:55:59] TINYDRAW_VECTOR_V2_GATE_HARNESS_DONE pass=1
[22:55:59] TINYDRAW_VECTOR_V2_READY zoom=25 controls=chrome button=cycle_all_zooms operations_capacity=4000 samples_capacity=80000 live_storage_bytes=6356256 overview_bytes=1318912 raw_tile_bytes=3670016 tile_metadata_bytes=73976 operation_bytes=720000 live_scratch_bytes=573352 free_psram=1987924 largest_psram=1966080 te_edges=3446 te_period_us=16802 te_high_us=580 te_level=0 main_stack_free=4776
