[23:32:41] I (103) esp_image: segment 0: paddr=00010020 vaddr=3c050020 sizeESP-ROM:esp32s3-20210327
[23:32:41] Build:Mar 27 2021
[23:32:41] rst:0x15 (USB_UART_CHIP_RESET),boot:0x2b (SPI_FAST_FLASH_BOOT)
[23:32:41] Saved PC:0x42027ac0
[23:32:41] SPIWP:0xee
[23:32:41] mode:DIO, clock div:1
[23:32:41] load:0x3fce2820,len:0x1664
[23:32:41] load:0x403c8700,len:0xf38
[23:32:41] load:0x403cb700,len:0x31e8
[23:32:41] entry 0x403c8930
[23:32:41] I (24) boot: ESP-IDF v6.0.2 2nd stage bootloader
[23:32:41] I (24) boot: compile time Aug 15 2026 23:32:21
[23:32:41] I (25) boot: Multicore bootloader
[23:32:41] I (25) boot: chip revision: v0.2
[23:32:41] I (28) boot: efuse block revision: v1.3
[23:32:41] I (31) qio_mode: Enabling default flash chip QIO
[23:32:41] I (36) boot.esp32s3: Boot SPI Speed : 80MHz
[23:32:41] I (39) boot.esp32s3: SPI Mode       : QIO
[23:32:41] I (43) boot.esp32s3: SPI Flash Size : 16MB
[23:32:41] I (47) boot: Enabling RNG early entropy source...
[23:32:41] I (51) boot: Partition Table:
[23:32:41] I (54) boot: ## Label            Usage          Type ST Offset   Length
[23:32:41] I (60) boot:  0 nvs              WiFi data        01 02 00009000 00006000
[23:32:41] I (67) boot:  1 phy_init         RF data          01 01 0000f000 00001000
[23:32:41] I (73) boot:  2 factory          factory app      00 00 00010000 00100000
[23:32:41] I (80) boot:  3 drawing          Unknown data     01 40 00110000 00300000
[23:32:41] I (86) boot:  4 export           Unknown data     01 41 00410000 00500000
[23:32:41] I (93) boot:  5 coredump         Unknown data     01 03 00910000 00010000
[23:32:41] I (100) boot: End of partition table
[23:32:41] I (103) esp_image: segment 0: paddr=00010020 vaddr=3c050020 size=145ach ( 83372) map
[23:32:41] I (123) esp_image: segment 1: paddr=000245d4 vaddr=3fc94500 size=03764h ( 14180) load
[23:32:41] I (126) esp_image: segment 2: paddr=00027d40 vaddr=40374000 size=082d8h ( 33496) load
[23:32:41] I (134) esp_image: segment 3: paddr=00030020 vaddr=42000020 size=4808ch (295052) map
[23:32:41] I (180) esp_image: segment 4: paddr=000780b4 vaddr=4037c2d8 size=081e8h ( 33256) load
[23:32:41] I (187) esp_image: segment 5: paddr=000802a4 vaddr=50000000 size=00024h (    36) load
[23:32:41] I (195) boot: Loaded app from partition at offset 0x10000
[23:32:41] I (195) boot: Disabling RNG early entropy source...
[23:32:41] I (206) octal_psram: vendor id    : 0x0d (AP)
[23:32:41] I (206) octal_psram: dev id       : 0x02 (generation 3)
[23:32:41] I (206) octal_psram: density      : 0x03 (64 Mbit)
[23:32:41] I (208) octal_psram: good-die     : 0x01 (Pass)
[23:32:41] I (212) octal_psram: Latency      : 0x01 (Fixed)
[23:32:41] I (216) octal_psram: VCC          : 0x01 (3V)
[23:32:41] I (221) octal_psram: SRF          : 0x01 (Fast Refresh)
[23:32:41] I (226) octal_psram: BurstType    : 0x01 (Hybrid Wrap)
[23:32:41] I (230) octal_psram: BurstLen     : 0x01 (32 Byte)
[23:32:41] I (235) octal_psram: Readlatency  : 0x02 (10 cycles@Fixed)
[23:32:41] I (240) octal_psram: DriveStrength: 0x00 (1/1)
[23:32:41] I (244) MSPI Timing: Enter psram timing tuning
[23:32:41] I (249) esp_psram: Found 8MB PSRAM device
[23:32:41] I (252) esp_psram: Speed: 80MHz
[23:32:41] I (255) cpu_start: Multicore app
[23:32:41] I (671) esp_psram: SPI SRAM memory test OK
[23:32:41] I (679) cpu_start: GPIO 44 and 43 are used as console UART I/O pins
[23:32:41] I (680) cpu_start: Pro cpu start user code
[23:32:41] I (680) cpu_start: cpu freq: 240000000 Hz
[23:32:41] I (682) app_init: Application information:
[23:32:41] I (685) app_init: Project name:     tinydraw_esp32
[23:32:41] I (690) app_init: App version:      1560ce9-dirty
[23:32:41] I (694) app_init: Compile time:     Aug 15 2026 23:32:15
[23:32:41] I (699) app_init: ELF file SHA256:  f5bc9d396...
[23:32:41] I (704) app_init: ESP-IDF:          v6.0.2
[23:32:41] I (708) efuse_init: Min chip rev:     v0.0
[23:32:41] I (711) efuse_init: Max chip rev:     v0.99 
[23:32:41] I (715) efuse_init: Chip rev:         v0.2
[23:32:41] I (719) heap_init: Initializing. RAM available for dynamic allocation:
[23:32:41] I (725) heap_init: At 3FC99090 len 00050680 (321 KiB): RAM
[23:32:41] I (731) heap_init: At 3FCE9710 len 00005724 (21 KiB): RAM
[23:32:41] I (736) heap_init: At 3FCF0000 len 00008000 (32 KiB): DRAM
[23:32:41] I (741) heap_init: At 600FE000 len 00001FE8 (7 KiB): RTCRAM
[23:32:41] I (746) esp_psram: Adding pool of 8192K of PSRAM memory to heap allocator
[23:32:41] I (753) spi_flash: detected chip: generic
[23:32:41] I (757) spi_flash: flash io: qio
[23:32:41] I (760) sleep_gpio: Configure to isolate all GPIO pins in sleep state
[23:32:41] I (766) sleep_gpio: Enable automatic switching of GPIO sleep configuration
[23:32:41] I (773) main_task: Started on CPU0
[23:32:41] I (776) main_task: Calling app_main()
[23:32:42] TINYDRAW_PANEL_HARD_RESET=1
[23:32:42] TINYDRAW_PANEL_TRANSPORT requested_clock_mhz=50 actual_clock=divider_limited_40mhz
[23:32:42] I (974) co5300: version: 2.1.0
[23:32:42] I (974) co5300_spi: LCD panel create success, version: 2.1.0
[23:32:42] W (1060) co5300_spi: The 3Ah command has been used and will be overwritten by external initialization sequence
[23:32:42] I (1161) CST816S: IC id: 183
[23:32:42] TINYDRAW_VECTOR_V2_PRESENTATION experiment=boundary-top-sweep te_edge=rising clock_mhz=50 optical_acceptance=external_manual
[23:32:42] TINYDRAW_LIVE_PRESENT kind=startup zoom=25 x=0 y=0 compose_us=26056 scroll_us=0 exposed_compose_us=0 chrome_us=18528 read_submit_us=0 read_complete_us=0 transfer_wait_us=33326 tile_pixels=0 uniform_pixels=0 overview_pixels=164864 fallback_pixels=0 resident_tiles=0 fallback_tiles=0 pushes=11 tear_wait_us=14825 tear_edge_isr_to_resume_us=10 tear_edge_observed=1 tear_edge_wait_resumed=1 tear_edge_timeout=0 tear_heal_attempted=0 tear_heal_command_sent=0 presentation_experiment=boundary-top-sweep te_edge=rising clock_mhz=50 frame_reused=0 pass=1
[23:32:43] TINYDRAW_LIVE_STRESS operations=1000 samples=20000 total_us=484632 average_us=484 maximum_us=797 free_psram=1879376 largest_psram=1867776
[23:32:43] TINYDRAW_LIVE_PRESENT kind=gate_fallback zoom=100 x=0 y=0 compose_us=15947 scroll_us=0 exposed_compose_us=0 chrome_us=16152 read_submit_us=31295 read_complete_us=47602 transfer_wait_us=33154 tile_pixels=0 uniform_pixels=0 overview_pixels=0 fallback_pixels=164864 resident_tiles=0 fallback_tiles=42 pushes=11 tear_wait_us=15209 tear_edge_isr_to_resume_us=9 tear_edge_observed=1 tear_edge_wait_resumed=1 tear_edge_timeout=0 tear_heal_attempted=0 tear_heal_command_sent=0 presentation_experiment=boundary-top-sweep te_edge=rising clock_mhz=50 frame_reused=0 pass=1
[23:32:43] TINYDRAW_GATE1_HARD zoom=100 cold=1 operations=1000 samples=20000 steps=192 tiles=42 scanned=12000 rendered=1659 max_supertask_us=9713 presentation_us=71600 total_us=281655 pass=1
[23:32:43] TINYDRAW_LIVE_PRESENT kind=gate_fallback zoom=400 x=0 y=0 compose_us=15428 scroll_us=0 exposed_compose_us=0 chrome_us=15643 read_submit_us=26745 read_complete_us=43028 transfer_wait_us=32187 tile_pixels=0 uniform_pixels=0 overview_pixels=0 fallback_pixels=164864 resident_tiles=0 fallback_tiles=42 pushes=11 tear_wait_us=11190 tear_edge_isr_to_resume_us=10 tear_edge_observed=1 tear_edge_wait_resumed=1 tear_edge_timeout=0 tear_heal_attempted=0 tear_heal_command_sent=0 presentation_experiment=boundary-top-sweep te_edge=rising clock_mhz=50 frame_reused=0 pass=1
[23:32:43] TINYDRAW_GATE1_HARD zoom=400 cold=1 operations=1000 samples=20000 steps=196 tiles=42 scanned=12000 rendered=120 max_supertask_us=9117 presentation_us=68827 total_us=213660 pass=1
[23:32:44] TINYDRAW_OVERLAP_WORKLOAD operations=8 samples=1200 radius_world=80
[23:32:44] TINYDRAW_GATE1_PACED_COLD corpus=overlap zoom=50 x=215 y=255 steps=334 tiles=56 compute_us=383279 present_us=90488 touch_us=485 pacing_us=7345 wall_us=481597 max_tick_us=10592 touch_samples=2335 touch_interval_max_us=1637 touch_read_max_us=588 touch_events=0 touch_down=0 touch_up=0 touch_events_ge_8ms=0 touch_event_age_max_us=0 touch_errors=0 touch_overflows=0 pass=1
[23:32:45] TINYDRAW_GATE1_PACED_COLD corpus=overlap zoom=100 x=583 y=703 steps=172 tiles=48 compute_us=238749 present_us=85000 touch_us=349 pacing_us=5875 wall_us=329973 max_tick_us=10058 touch_samples=418 touch_interval_max_us=1753 touch_read_max_us=536 touch_events=0 touch_down=0 touch_up=0 touch_events_ge_8ms=0 touch_event_age_max_us=0 touch_errors=0 touch_overflows=0 pass=1
[23:32:45] TINYDRAW_GATE1_PACED_COLD corpus=overlap zoom=200 x=1319 y=1599 steps=128 tiles=56 compute_us=241511 present_us=87293 touch_us=337 pacing_us=4832 wall_us=333973 max_tick_us=10075 touch_samples=424 touch_interval_max_us=1541 touch_read_max_us=458 touch_events=0 touch_down=0 touch_up=0 touch_events_ge_8ms=0 touch_event_age_max_us=0 touch_errors=0 touch_overflows=0 pass=1
[23:32:46] TINYDRAW_GATE1_PACED_COLD corpus=overlap zoom=400 x=2791 y=3391 steps=94 tiles=56 compute_us=226809 present_us=80818 touch_us=304 pacing_us=5040 wall_us=312971 max_tick_us=10344 touch_samples=397 touch_interval_max_us=1918 touch_read_max_us=493 touch_events=0 touch_down=0 touch_up=0 touch_events_ge_8ms=0 touch_event_age_max_us=0 touch_errors=0 touch_overflows=0 pass=1
[23:32:46] TINYDRAW_ADVERSARIAL_TAPERED_WORKLOAD operations=128 samples=4096 erasers=12 load_us=227036 appended=1
[23:32:46] TINYDRAW_GATE1_PACED_COLD corpus=adversarial_tapered_4x zoom=50 x=0 y=0 steps=104 tiles=42 compute_us=97322 present_us=64552 touch_us=143 pacing_us=3954 wall_us=165971 max_tick_us=7662 touch_samples=508 touch_interval_max_us=1130 touch_read_max_us=397 touch_events=0 touch_down=0 touch_up=0 touch_events_ge_8ms=0 touch_event_age_max_us=0 touch_errors=0 touch_overflows=0 pass=1
[23:32:46] TINYDRAW_GATE1_PACED_COLD corpus=adversarial_tapered_4x zoom=100 x=0 y=0 steps=348 tiles=42 compute_us=160712 present_us=63229 touch_us=188 pacing_us=6823 wall_us=230952 max_tick_us=9239 touch_samples=317 touch_interval_max_us=1127 touch_read_max_us=403 touch_events=0 touch_down=0 touch_up=0 touch_events_ge_8ms=0 touch_event_age_max_us=0 touch_errors=0 touch_overflows=0 pass=1
[23:32:48] TINYDRAW_GATE1_PACED_COLD corpus=adversarial_tapered_4x zoom=200 x=0 y=0 steps=1214 tiles=42 compute_us=446493 present_us=64214 touch_us=379 pacing_us=14888 wall_us=525974 max_tick_us=10442 touch_samples=613 touch_interval_max_us=1146 touch_read_max_us=409 touch_events=0 touch_down=0 touch_up=0 touch_events_ge_8ms=0 touch_event_age_max_us=0 touch_errors=0 touch_overflows=0 pass=1
[23:32:48] TINYDRAW_GATE1_PACED_COLD corpus=adversarial_tapered_4x zoom=400 x=0 y=0 steps=904 tiles=42 compute_us=553409 present_us=69032 touch_us=462 pacing_us=15980 wall_us=638883 max_tick_us=10568 touch_samples=717 touch_interval_max_us=1138 touch_read_max_us=400 touch_events=0 touch_down=0 touch_up=0 touch_events_ge_8ms=0 touch_event_age_max_us=0 touch_errors=0 touch_overflows=0 pass=1
[23:32:48] TINYDRAW_GATE1_WORKLOAD kind=realistic seed=7 operations=1000 samples=19844 maximum_stroke=198 load_us=388636 raw_source=1 lod_copies=0
[23:32:49] TINYDRAW_GATE1_PACED_COLD corpus=seed7 zoom=400 x=63 y=63 steps=281 tiles=56 compute_us=280296 present_us=87161 touch_us=321 pacing_us=8196 wall_us=375974 max_tick_us=13033 touch_samples=962 touch_interval_max_us=1560 touch_read_max_us=465 touch_events=0 touch_down=0 touch_up=0 touch_events_ge_8ms=0 touch_event_age_max_us=0 touch_errors=0 touch_overflows=0 pass=1
[23:32:49] TINYDRAW_LIVE_PRESENT kind=gate_fallback zoom=100 x=0 y=0 compose_us=16381 scroll_us=0 exposed_compose_us=0 chrome_us=16200 read_submit_us=23749 read_complete_us=40090 transfer_wait_us=33104 tile_pixels=0 uniform_pixels=0 overview_pixels=0 fallback_pixels=164864 resident_tiles=0 fallback_tiles=42 pushes=11 tear_wait_us=7245 tear_edge_isr_to_resume_us=11 tear_edge_observed=1 tear_edge_wait_resumed=1 tear_edge_timeout=0 tear_heal_attempted=0 tear_heal_command_sent=0 presentation_experiment=boundary-top-sweep te_edge=rising clock_mhz=50 frame_reused=0 pass=1
[23:32:49] TINYDRAW_GATE1_HARD zoom=100 cold=1 operations=1000 samples=19844 steps=275 tiles=42 scanned=12000 rendered=5232 max_supertask_us=9890 presentation_us=70424 total_us=385598 pass=1
[23:32:49] TINYDRAW_GATE1_OVERLAY_CANVAS regions=zoom,minimap,toolbar,battery operations=4 presentation_mutations=0 authority=1 pass=1
[23:32:49] TINYDRAW_GATE1_LIVE_OVERLAY clear_updates=47 clear_wall_max_us=2941 clear_submit_max_us=1830 clear_complete_max_us=2253 overlay_updates=47 overlay_wall_max_us=2931 overlay_submit_max_us=2014 overlay_complete_max_us=2429 overlay_chrome_max_us=194 clear_failures=0 overlay_failures=0 pass=1
[23:32:50] TINYDRAW_EDGE_INK corners=4 edge_failures=0 pass=1
[23:32:50] TINYDRAW_GATE1_PAN zoom=100 from_x=0 from_y=0 to_x=88 to_y=88 compose_us=20997 scroll_us=13 exposed_compose_us=20984 chrome_us=2302 event_submit_us=113 event_complete_us=19009 transfer_us=31651 setup=1 present=1 moved=1 frame_reused=1 pass=1
[23:32:50] TINYDRAW_LIVE_PRESENT kind=gate_fallback zoom=400 x=0 y=0 compose_us=15720 scroll_us=0 exposed_compose_us=0 chrome_us=15654 read_submit_us=25209 read_complete_us=41485 transfer_wait_us=32431 tile_pixels=0 uniform_pixels=0 overview_pixels=0 fallback_pixels=164864 resident_tiles=0 fallback_tiles=42 pushes=11 tear_wait_us=9354 tear_edge_isr_to_resume_us=13 tear_edge_observed=1 tear_edge_wait_resumed=1 tear_edge_timeout=0 tear_heal_attempted=0 tear_heal_command_sent=0 presentation_experiment=boundary-top-sweep te_edge=rising clock_mhz=50 frame_reused=0 pass=1
[23:32:50] TINYDRAW_GATE1_HARD zoom=400 cold=1 operations=1008 samples=19852 steps=217 tiles=42 scanned=12096 rendered=592 max_supertask_us=11309 presentation_us=69553 total_us=273670 pass=1
[23:32:51] TINYDRAW_GATE1_PAN zoom=400 from_x=0 from_y=0 to_x=88 to_y=88 compose_us=20926 scroll_us=11 exposed_compose_us=20915 chrome_us=1805 event_submit_us=99 event_complete_us=15527 transfer_us=32143 setup=1 present=1 moved=1 frame_reused=1 pass=1
[23:32:54] TINYDRAW_PANSEQ_FRAME zoom=100 step=0 dx=24 dy=18 scroll_us=13 exposed_compose_us=7036 tear_wait_us=10421 present_us=20167 prepare_us=22216 acquire_wait_us=34 ring_copy_us=6196 patch_us=9430 byte_swap_us=6590 staging_us=3915 event_submit_us=114 event_complete_us=19485 frame_us=37982 tear_edge_observed=1 frame_reused=1 pass=1
[23:32:54] TINYDRAW_PANSEQ_FRAME zoom=100 step=1 dx=24 dy=18 scroll_us=11 exposed_compose_us=6906 tear_wait_us=5884 present_us=20553 prepare_us=22261 acquire_wait_us=39 ring_copy_us=6326 patch_us=9272 byte_swap_us=6663 staging_us=3940 event_submit_us=94 event_complete_us=15057 frame_us=33929 tear_edge_observed=1 frame_reused=1 pass=1
[23:32:54] TINYDRAW_PANSEQ_FRAME zoom=100 step=2 dx=24 dy=18 scroll_us=13 exposed_compose_us=6634 tear_wait_us=5501 present_us=19955 prepare_us=21947 acquire_wait_us=39 ring_copy_us=6323 patch_us=8983 byte_swap_us=6641 staging_us=3932 event_submit_us=104 event_complete_us=14654 frame_us=32939 tear_edge_observed=1 frame_reused=1 pass=1
[23:32:54] TINYDRAW_PANSEQ_FRAME zoom=100 step=3 dx=24 dy=18 scroll_us=11 exposed_compose_us=7186 tear_wait_us=5875 present_us=20347 prepare_us=22598 acquire_wait_us=38 ring_copy_us=6389 patch_us=9592 byte_swap_us=6617 staging_us=3956 event_submit_us=94 event_complete_us=15259 frame_us=33936 tear_edge_observed=1 frame_reused=1 pass=1
[23:32:54] TINYDRAW_PANSEQ_FRAME zoom=100 step=4 dx=24 dy=18 scroll_us=12 exposed_compose_us=6751 tear_wait_us=5697 present_us=19731 prepare_us=22157 acquire_wait_us=34 ring_copy_us=6357 patch_us=9117 byte_swap_us=6683 staging_us=3928 event_submit_us=103 event_complete_us=14875 frame_us=32935 tear_edge_observed=1 frame_reused=1 pass=1
[23:32:54] TINYDRAW_PANSEQ_FRAME zoom=100 step=5 dx=24 dy=18 scroll_us=11 exposed_compose_us=6903 tear_wait_us=6263 present_us=20122 prepare_us=22318 acquire_wait_us=35 ring_copy_us=6444 patch_us=9259 byte_swap_us=6615 staging_us=3930 event_submit_us=94 event_complete_us=15486 frame_us=33937 tear_edge_observed=1 frame_reused=1 pass=1
[23:32:54] TINYDRAW_PANSEQ_FRAME zoom=100 step=6 dx=24 dy=18 scroll_us=12 exposed_compose_us=6906 tear_wait_us=5916 present_us=20508 prepare_us=22280 acquire_wait_us=38 ring_copy_us=6336 patch_us=9261 byte_swap_us=6683 staging_us=3919 event_submit_us=103 event_complete_us=15106 frame_us=33937 tear_edge_observed=1 frame_reused=1 pass=1
[23:32:54] TINYDRAW_PANSEQ_FRAME zoom=100 step=7 dx=24 dy=18 scroll_us=11 exposed_compose_us=7034 tear_wait_us=5483 present_us=19905 prepare_us=22379 acquire_wait_us=41 ring_copy_us=6352 patch_us=9395 byte_swap_us=6632 staging_us=3924 event_submit_us=95 event_complete_us=14703 frame_us=32937 tear_edge_observed=1 frame_reused=1 pass=1
[23:32:55] TINYDRAW_PANSEQ_FRAME zoom=100 step=8 dx=24 dy=18 scroll_us=12 exposed_compose_us=7318 tear_wait_us=5934 present_us=20291 prepare_us=22882 acquire_wait_us=40 ring_copy_us=6390 patch_us=9875 byte_swap_us=6617 staging_us=3932 event_submit_us=103 event_complete_us=15325 frame_us=33936 tear_edge_observed=1 frame_reused=1 pass=1
[23:32:55] TINYDRAW_PANSEQ_FRAME zoom=100 step=9 dx=24 dy=18 scroll_us=11 exposed_compose_us=7252 tear_wait_us=5701 present_us=20670 prepare_us=22567 acquire_wait_us=40 ring_copy_us=6314 patch_us=9603 byte_swap_us=6650 staging_us=3958 event_submit_us=94 event_complete_us=14937 frame_us=33935 tear_edge_observed=1 frame_reused=1 pass=1
[23:32:55] TINYDRAW_PANSEQ_FRAME zoom=100 step=10 dx=24 dy=18 scroll_us=14 exposed_compose_us=6926 tear_wait_us=5383 present_us=20040 prepare_us=22333 acquire_wait_us=33 ring_copy_us=6328 patch_us=9348 byte_swap_us=6657 staging_us=3935 event_submit_us=104 event_complete_us=14575 frame_us=32939 tear_edge_observed=1 frame_reused=1 pass=1
[23:32:55] TINYDRAW_PANSEQ_FRAME zoom=100 step=11 dx=24 dy=18 scroll_us=11 exposed_compose_us=7677 tear_wait_us=5717 present_us=20415 prepare_us=23102 acquire_wait_us=40 ring_copy_us=6366 patch_us=10141 byte_swap_us=6595 staging_us=3960 event_submit_us=94 event_complete_us=15191 frame_us=33936 tear_edge_observed=1 frame_reused=1 pass=1
[23:32:55] TINYDRAW_PANSEQ_FRAME zoom=100 step=12 dx=24 dy=18 scroll_us=12 exposed_compose_us=7046 tear_wait_us=5554 present_us=20806 prepare_us=22434 acquire_wait_us=37 ring_copy_us=6381 patch_us=9407 byte_swap_us=6646 staging_us=3919 event_submit_us=103 event_complete_us=14799 frame_us=33935 tear_edge_observed=1 frame_reused=1 pass=1
[23:32:55] TINYDRAW_PANSEQ_FRAME zoom=100 step=13 dx=24 dy=18 scroll_us=11 exposed_compose_us=7245 tear_wait_us=5126 present_us=20198 prepare_us=22697 acquire_wait_us=39 ring_copy_us=6374 patch_us=9692 byte_swap_us=6631 staging_us=3929 event_submit_us=94 event_complete_us=14408 frame_us=32935 tear_edge_observed=1 frame_reused=1 pass=1
[23:32:55] TINYDRAW_PANSEQ_FRAME zoom=100 step=14 dx=24 dy=18 scroll_us=13 exposed_compose_us=7212 tear_wait_us=5755 present_us=20578 prepare_us=22670 acquire_wait_us=39 ring_copy_us=6414 patch_us=9592 byte_swap_us=6664 staging_us=3917 event_submit_us=103 event_complete_us=15029 frame_us=33937 tear_edge_observed=1 frame_reused=1 pass=1
[23:32:55] TINYDRAW_PANSEQ_FRAME zoom=100 step=15 dx=24 dy=18 scroll_us=11 exposed_compose_us=7363 tear_wait_us=5235 present_us=20973 prepare_us=22707 acquire_wait_us=40 ring_copy_us=6345 patch_us=9734 byte_swap_us=6628 staging_us=3961 event_submit_us=96 event_complete_us=14634 frame_us=33935 tear_edge_observed=1 frame_reused=1 pass=1
[23:32:55] TINYDRAW_PANSEQ_FRAME zoom=100 step=16 dx=72 dy=54 scroll_us=12 exposed_compose_us=17246 tear_wait_us=2659 present_us=28369 prepare_us=33079 acquire_wait_us=36 ring_copy_us=6938 patch_us=19592 byte_swap_us=6549 staging_us=3923 event_submit_us=103 event_complete_us=14238 frame_us=40936 tear_edge_observed=1 frame_reused=1 pass=1
[23:32:55] TINYDRAW_PANSEQ_FRAME zoom=100 step=17 dx=72 dy=54 scroll_us=11 exposed_compose_us=17143 tear_wait_us=12032 present_us=28990 prepare_us=32954 acquire_wait_us=48 ring_copy_us=6965 patch_us=19493 byte_swap_us=6496 staging_us=3940 event_submit_us=95 event_complete_us=23617 frame_us=50935 tear_edge_observed=1 frame_reused=1 pass=1
[23:32:55] TINYDRAW_PANSEQ_FRAME zoom=100 step=18 dx=72 dy=54 scroll_us=13 exposed_compose_us=16273 tear_wait_us=11479 present_us=27604 prepare_us=32182 acquire_wait_us=34 ring_copy_us=7063 patch_us=18585 byte_swap_us=6534 staging_us=3928 event_submit_us=104 event_complete_us=23003 frame_us=48938 tear_edge_observed=1 frame_reused=1 pass=1
[23:32:55] TINYDRAW_PANSEQ_FRAME zoom=100 step=19 dx=72 dy=54 scroll_us=11 exposed_compose_us=16834 tear_wait_us=12768 present_us=28227 prepare_us=32605 acquire_wait_us=35 ring_copy_us=6879 patch_us=19190 byte_swap_us=6536 staging_us=3944 event_submit_us=95 event_complete_us=24383 frame_us=50938 tear_edge_observed=1 frame_reused=1 pass=1
[23:32:55] TINYDRAW_PANSEQ_FRAME zoom=100 step=20 dx=-72 dy=-54 scroll_us=13 exposed_compose_us=17834 tear_wait_us=6083 present_us=22803 prepare_us=33518 acquire_wait_us=37 ring_copy_us=6834 patch_us=20092 byte_swap_us=6592 staging_us=3934 event_submit_us=103 event_complete_us=23804 frame_us=44936 tear_edge_observed=1 frame_reused=1 pass=1
[23:32:55] TINYDRAW_PANSEQ_FRAME zoom=100 step=21 dx=-72 dy=-54 scroll_us=11 exposed_compose_us=17325 tear_wait_us=11716 present_us=22388 prepare_us=32899 acquire_wait_us=42 ring_copy_us=6721 patch_us=19626 byte_swap_us=6552 staging_us=3933 event_submit_us=94 event_complete_us=29220 frame_us=49936 tear_edge_observed=1 frame_reused=1 pass=1
[23:32:55] TINYDRAW_PANSEQ_FRAME zoom=100 step=22 dx=-72 dy=-54 scroll_us=13 exposed_compose_us=17305 tear_wait_us=12077 present_us=22970 prepare_us=32885 acquire_wait_us=36 ring_copy_us=6736 patch_us=19617 byte_swap_us=6532 staging_us=3937 event_submit_us=103 event_complete_us=29639 frame_us=50939 tear_edge_observed=1 frame_reused=1 pass=1
[23:32:55] TINYDRAW_PANSEQ_FRAME zoom=100 step=23 dx=-72 dy=-54 scroll_us=11 exposed_compose_us=16850 tear_wait_us=11764 present_us=22485 prepare_us=32432 acquire_wait_us=37 ring_copy_us=6719 patch_us=19197 byte_swap_us=6516 staging_us=3956 event_submit_us=95 event_complete_us=29135 frame_us=49936 tear_edge_observed=1 frame_reused=1 pass=1
[23:32:55] TINYDRAW_GATE1_PANSEQ zoom=100 frames=24 scroll_avg_us=11 exposed_avg_us=10425 tear_wait_avg_us=7334 present_avg_us=22045 prepare_avg_us=25920 acquire_wait_avg_us=37 ring_copy_avg_us=6520 patch_avg_us=12795 byte_swap_avg_us=6604 staging_avg_us=3935 frame_avg_us=38729 frame_p50_us=33936 frame_p95_us=50938 frame_max_us=50939 complete_p50_us=15106 complete_p95_us=29220 complete_max_us=29639 tear_edge_failures=0 presentation_experiment=boundary-top-sweep te_edge=rising clock_mhz=50 all_reused=1 pass=1
[23:32:58] TINYDRAW_PANSEQ_FRAME zoom=400 step=0 dx=24 dy=18 scroll_us=12 exposed_compose_us=7074 tear_wait_us=9910 present_us=19405 prepare_us=21805 acquire_wait_us=39 ring_copy_us=6224 patch_us=8955 byte_swap_us=6626 staging_us=3930 event_submit_us=115 event_complete_us=19245 frame_us=36980 tear_edge_observed=1 frame_reused=1 pass=1
[23:32:58] TINYDRAW_PANSEQ_FRAME zoom=400 step=1 dx=24 dy=18 scroll_us=11 exposed_compose_us=6443 tear_wait_us=6804 present_us=19791 prepare_us=21278 acquire_wait_us=34 ring_copy_us=6302 patch_us=8281 byte_swap_us=6695 staging_us=3917 event_submit_us=94 event_complete_us=15810 frame_us=33929 tear_edge_observed=1 frame_reused=1 pass=1
[23:32:58] TINYDRAW_PANSEQ_FRAME zoom=400 step=2 dx=24 dy=18 scroll_us=13 exposed_compose_us=6302 tear_wait_us=6424 present_us=19194 prepare_us=21205 acquire_wait_us=40 ring_copy_us=6334 patch_us=8203 byte_swap_us=6668 staging_us=3943 event_submit_us=104 event_complete_us=15414 frame_us=32938 tear_edge_observed=1 frame_reused=1 pass=1
[23:32:58] TINYDRAW_PANSEQ_FRAME zoom=400 step=3 dx=24 dy=18 scroll_us=12 exposed_compose_us=6625 tear_wait_us=6997 present_us=19590 prepare_us=21598 acquire_wait_us=42 ring_copy_us=6330 patch_us=8554 byte_swap_us=6714 staging_us=3946 event_submit_us=95 event_complete_us=16018 frame_us=33936 tear_edge_observed=1 frame_reused=1 pass=1
[23:32:58] TINYDRAW_PANSEQ_FRAME zoom=400 step=4 dx=24 dy=18 scroll_us=12 exposed_compose_us=6299 tear_wait_us=6773 present_us=18977 prepare_us=21081 acquire_wait_us=51 ring_copy_us=6328 patch_us=8082 byte_swap_us=6671 staging_us=3946 event_submit_us=103 event_complete_us=15628 frame_us=32935 tear_edge_observed=1 frame_reused=1 pass=1
[23:32:58] TINYDRAW_PANSEQ_FRAME zoom=400 step=5 dx=24 dy=18 scroll_us=12 exposed_compose_us=6401 tear_wait_us=7370 present_us=19375 prepare_us=21317 acquire_wait_us=37 ring_copy_us=6369 patch_us=8220 byte_swap_us=6728 staging_us=3921 event_submit_us=95 event_complete_us=16232 frame_us=33936 tear_edge_observed=1 frame_reused=1 pass=1
[23:32:58] TINYDRAW_PANSEQ_FRAME zoom=400 step=6 dx=24 dy=18 scroll_us=12 exposed_compose_us=7328 tear_wait_us=6598 present_us=19766 prepare_us=22263 acquire_wait_us=44 ring_copy_us=6400 patch_us=9206 byte_swap_us=6657 staging_us=3938 event_submit_us=103 event_complete_us=15841 frame_us=33938 tear_edge_observed=1 frame_reused=1 pass=1
[23:32:58] TINYDRAW_PANSEQ_FRAME zoom=400 step=7 dx=24 dy=18 scroll_us=11 exposed_compose_us=7556 tear_wait_us=6192 present_us=20164 prepare_us=22502 acquire_wait_us=34 ring_copy_us=6369 patch_us=9499 byte_swap_us=6634 staging_us=3933 event_submit_us=94 event_complete_us=15443 frame_us=33936 tear_edge_observed=1 frame_reused=1 pass=1
[23:32:58] TINYDRAW_PANSEQ_FRAME zoom=400 step=8 dx=24 dy=18 scroll_us=12 exposed_compose_us=8034 tear_wait_us=5613 present_us=20565 prepare_us=22944 acquire_wait_us=43 ring_copy_us=6372 patch_us=9886 byte_swap_us=6686 staging_us=3959 event_submit_us=103 event_complete_us=15045 frame_us=33936 tear_edge_observed=1 frame_reused=1 pass=1
[23:32:58] TINYDRAW_PANSEQ_FRAME zoom=400 step=9 dx=24 dy=18 scroll_us=11 exposed_compose_us=7825 tear_wait_us=5314 present_us=20965 prepare_us=22671 acquire_wait_us=39 ring_copy_us=6355 patch_us=9712 byte_swap_us=6604 staging_us=3939 event_submit_us=94 event_complete_us=14646 frame_us=33935 tear_edge_observed=1 frame_reused=1 pass=1
[23:32:58] TINYDRAW_PANSEQ_FRAME zoom=400 step=10 dx=24 dy=18 scroll_us=13 exposed_compose_us=7545 tear_wait_us=4979 present_us=20375 prepare_us=22449 acquire_wait_us=41 ring_copy_us=6425 patch_us=9396 byte_swap_us=6628 staging_us=3951 event_submit_us=104 event_complete_us=14232 frame_us=32937 tear_edge_observed=1 frame_reused=1 pass=1
[23:32:58] TINYDRAW_PANSEQ_FRAME zoom=400 step=11 dx=24 dy=18 scroll_us=11 exposed_compose_us=8492 tear_wait_us=5338 present_us=20779 prepare_us=23337 acquire_wait_us=46 ring_copy_us=6346 patch_us=10379 byte_swap_us=6612 staging_us=3929 event_submit_us=94 event_complete_us=14827 frame_us=33936 tear_edge_observed=1 frame_reused=1 pass=1
[23:32:58] TINYDRAW_PANSEQ_FRAME zoom=400 step=12 dx=24 dy=18 scroll_us=12 exposed_compose_us=7712 tear_wait_us=5140 present_us=20179 prepare_us=22710 acquire_wait_us=39 ring_copy_us=6443 patch_us=9648 byte_swap_us=6619 staging_us=3946 event_submit_us=103 event_complete_us=14428 frame_us=32937 tear_edge_observed=1 frame_reused=1 pass=1
[23:32:58] TINYDRAW_PANSEQ_FRAME zoom=400 step=13 dx=24 dy=18 scroll_us=12 exposed_compose_us=8084 tear_wait_us=5666 present_us=20578 prepare_us=22915 acquire_wait_us=39 ring_copy_us=6361 patch_us=9924 byte_swap_us=6630 staging_us=3917 event_submit_us=95 event_complete_us=15028 frame_us=33935 tear_edge_observed=1 frame_reused=1 pass=1
[23:32:58] TINYDRAW_PANSEQ_FRAME zoom=400 step=14 dx=24 dy=18 scroll_us=13 exposed_compose_us=7758 tear_wait_us=5311 present_us=20968 prepare_us=22711 acquire_wait_us=46 ring_copy_us=6458 patch_us=9620 byte_swap_us=6633 staging_us=3948 event_submit_us=103 event_complete_us=14648 frame_us=33937 tear_edge_observed=1 frame_reused=1 pass=1
[23:32:58] TINYDRAW_PANSEQ_FRAME zoom=400 step=15 dx=24 dy=18 scroll_us=11 exposed_compose_us=8066 tear_wait_us=4766 present_us=20368 prepare_us=23137 acquire_wait_us=40 ring_copy_us=6389 patch_us=10137 byte_swap_us=6611 staging_us=3927 event_submit_us=94 event_complete_us=14240 frame_us=32937 tear_edge_observed=1 frame_reused=1 pass=1
[23:32:58] TINYDRAW_PANSEQ_FRAME zoom=400 step=16 dx=72 dy=54 scroll_us=12 exposed_compose_us=18380 tear_wait_us=3181 present_us=29764 prepare_us=33761 acquire_wait_us=37 ring_copy_us=6963 patch_us=20244 byte_swap_us=6554 staging_us=3925 event_submit_us=103 event_complete_us=14843 frame_us=42938 tear_edge_observed=1 frame_reused=1 pass=1
[23:32:58] TINYDRAW_PANSEQ_FRAME zoom=400 step=17 dx=72 dy=54 scroll_us=11 exposed_compose_us=18056 tear_wait_us=10591 present_us=29387 prepare_us=33419 acquire_wait_us=32 ring_copy_us=7018 patch_us=19864 byte_swap_us=6537 staging_us=3937 event_submit_us=95 event_complete_us=22218 frame_us=49935 tear_edge_observed=1 frame_reused=1 pass=1
[23:32:58] TINYDRAW_PANSEQ_FRAME zoom=400 step=18 dx=72 dy=54 scroll_us=13 exposed_compose_us=18172 tear_wait_us=10974 present_us=28979 prepare_us=33557 acquire_wait_us=60 ring_copy_us=6987 patch_us=20044 byte_swap_us=6526 staging_us=3976 event_submit_us=104 event_complete_us=22629 frame_us=49937 tear_edge_observed=1 frame_reused=1 pass=1
[23:32:58] TINYDRAW_PANSEQ_FRAME zoom=400 step=19 dx=72 dy=54 scroll_us=11 exposed_compose_us=18690 tear_wait_us=11301 present_us=29568 prepare_us=33951 acquire_wait_us=36 ring_copy_us=6914 patch_us=20514 byte_swap_us=6523 staging_us=3952 event_submit_us=95 event_complete_us=23044 frame_us=50938 tear_edge_observed=1 frame_reused=1 pass=1
[23:32:58] TINYDRAW_PANSEQ_FRAME zoom=400 step=20 dx=-72 dy=-54 scroll_us=12 exposed_compose_us=19259 tear_wait_us=4161 present_us=23169 prepare_us=34449 acquire_wait_us=39 ring_copy_us=6807 patch_us=21102 byte_swap_us=6540 staging_us=3952 event_submit_us=103 event_complete_us=22438 frame_us=43937 tear_edge_observed=1 frame_reused=1 pass=1
[23:32:58] TINYDRAW_PANSEQ_FRAME zoom=400 step=21 dx=-72 dy=-54 scroll_us=12 exposed_compose_us=18265 tear_wait_us=11068 present_us=22757 prepare_us=33294 acquire_wait_us=35 ring_copy_us=6676 patch_us=20048 byte_swap_us=6570 staging_us=3930 event_submit_us=95 event_complete_us=28851 frame_us=49936 tear_edge_observed=1 frame_reused=1 pass=1
[23:32:58] TINYDRAW_PANSEQ_FRAME zoom=400 step=22 dx=-72 dy=-54 scroll_us=12 exposed_compose_us=18182 tear_wait_us=11469 present_us=22332 prepare_us=33311 acquire_wait_us=37 ring_copy_us=6692 patch_us=20047 byte_swap_us=6572 staging_us=3941 event_submit_us=103 event_complete_us=29284 frame_us=49939 tear_edge_observed=1 frame_reused=1 pass=1
[23:32:58] TINYDRAW_PANSEQ_FRAME zoom=400 step=23 dx=-72 dy=-54 scroll_us=11 exposed_compose_us=17266 tear_wait_us=12383 present_us=21908 prepare_us=32207 acquire_wait_us=33 ring_copy_us=6587 patch_us=19099 byte_swap_us=6521 staging_us=3920 event_submit_us=95 event_complete_us=29699 frame_us=49936 tear_edge_observed=1 frame_reused=1 pass=1
[23:32:58] TINYDRAW_GATE1_PANSEQ zoom=400 frames=24 scroll_avg_us=11 exposed_avg_us=10992 tear_wait_avg_us=7263 present_avg_us=22037 prepare_avg_us=25994 acquire_wait_avg_us=40 ring_copy_avg_us=6518 patch_avg_us=12861 byte_swap_avg_us=6614 staging_avg_us=3938 frame_avg_us=38688 frame_p50_us=33936 frame_p95_us=49939 frame_max_us=50938 complete_p50_us=15628 complete_p95_us=29284 complete_max_us=29699 tear_edge_failures=0 presentation_experiment=boundary-top-sweep te_edge=rising clock_mhz=50 all_reused=1 pass=1
[23:32:59] TINYDRAW_GATE1_DRAW_FILL zoom=400 revision=2148 append_us=1227 poll_gap_us=110 event_submit_us=2038 event_complete_us=2653 max_compute_slice_us=4826 max_display_slice_us=25965 fill_us=288254 revision_restarted=1 pass=1
[23:33:00] TINYDRAW_GATE1_CACHE_FILL zoom=50 x=63 y=63 published=56 total_us=558973 within_cold_gate=0 complete=1
[23:33:00] TINYDRAW_GATE1_CACHE_FILL zoom=100 x=63 y=63 published=56 total_us=522971 within_cold_gate=0 complete=1
[23:33:01] TINYDRAW_GATE1_CACHE_FILL zoom=200 x=63 y=63 published=56 total_us=426971 within_cold_gate=1 complete=1
[23:33:01] TINYDRAW_GATE1_CACHE_FILL zoom=400 x=63 y=63 published=56 total_us=388968 within_cold_gate=1 complete=1
[23:33:01] TINYDRAW_GATE1_CACHE_REVISIT zoom=50 remaining=0 tile_pixels=118128 fallback_pixels=0 compose_us=17525 complete_us=32622 hit=1
[23:33:01] TINYDRAW_GATE1_CACHE_REVISIT zoom=100 remaining=0 tile_pixels=164864 fallback_pixels=0 compose_us=19518 complete_us=32386 hit=1
[23:33:01] TINYDRAW_GATE1_CACHE_REVISIT zoom=200 remaining=0 tile_pixels=164864 fallback_pixels=0 compose_us=20451 complete_us=32175 hit=1
[23:33:01] TINYDRAW_GATE1_CACHE_REVISIT zoom=400 remaining=0 tile_pixels=164608 fallback_pixels=0 compose_us=21399 complete_us=32967 hit=1
[23:33:02] TINYDRAW_GATE1_CACHE_FILL zoom=400 x=575 y=575 published=56 total_us=417985 within_cold_gate=1 complete=1
[23:33:02] TINYDRAW_GATE1_CACHE_ROUND_TRIP zoom=50 from_x=63 from_y=63 via_x=575 via_y=575 remaining=0 tile_pixels=118128 fallback_pixels=0 compose_us=17604 complete_us=33281 hit=1
[23:33:02] TINYDRAW_GATE1_CACHE_ROUND_TRIP zoom=100 from_x=63 from_y=63 via_x=575 via_y=575 remaining=0 tile_pixels=164864 fallback_pixels=0 compose_us=19527 complete_us=33069 hit=1
[23:33:02] TINYDRAW_GATE1_CACHE_ROUND_TRIP zoom=200 from_x=63 from_y=63 via_x=575 via_y=575 remaining=0 tile_pixels=164864 fallback_pixels=0 compose_us=20417 complete_us=32864 hit=1
[23:33:02] TINYDRAW_GATE1_CACHE_ROUND_TRIP zoom=400 from_x=63 from_y=63 via_x=575 via_y=575 remaining=0 tile_pixels=164608 fallback_pixels=0 compose_us=21394 complete_us=32677 hit=1
[23:33:02] TINYDRAW_GATE1_CACHE_RETENTION pass=1 slots=448 revision=2148
[23:33:04] TINYDRAW_PAPER_SWEEP zoom=100 identities=644 raw=266 uniform=378 fallback=0 slots=448 total_us=1504793 pass=1
[23:33:08] TINYDRAW_GATE1_CACHE_TOUR slots=448 stops=16 forward_steps=2306 forward_tiles=832 forward_wall_us=2446219 return_missing_tiles=0 return_steps=16 return_tiles=0 return_wall_us=42687 home_missing=0 home_fallback_pixels=0 pass=1
[23:33:09] TINYDRAW_GATE1_MIXED_DRAW_WARM zoom=50 fill_tiles=56 fill_us=469600 raw=42 uniform=14
[23:33:09] TINYDRAW_GATE1_MIXED_DRAW_WARM zoom=100 fill_tiles=56 fill_us=433101 raw=56 uniform=0
[23:33:10] TINYDRAW_GATE1_MIXED_DRAW_WARM zoom=200 fill_tiles=56 fill_us=394388 raw=56 uniform=0
[23:33:10] TINYDRAW_GATE1_MIXED_DRAW_WARM zoom=400 fill_tiles=42 fill_us=269063 raw=42 uniform=0
[23:33:11] TINYDRAW_GATE1_MIXED_DRAW zoom=25 tool=pen chunks=50 append_max_us=9511 append_avg_us=8289 append_total_us=414486 affected_tiles=196 published=0 fallback=196 visible_fallback=0 committed=1 authority=1 refresh=1 run_ok=1 pass=1
[23:33:12] TINYDRAW_GATE1_MIXED_DRAW zoom=25 tool=eraser chunks=50 append_max_us=9599 append_avg_us=8251 append_total_us=412562 affected_tiles=0 published=0 fallback=0 visible_fallback=0 committed=1 authority=1 refresh=1 run_ok=1 pass=1
[23:33:14] TINYDRAW_GATE1_MIXED_DRAW zoom=50 tool=pen chunks=50 append_max_us=12485 append_avg_us=10270 append_total_us=513523 affected_tiles=422 published=400 fallback=22 visible_fallback=0 committed=1 authority=1 refresh=1 run_ok=1 pass=1
[23:33:14] TINYDRAW_GATE1_MIXED_DRAW zoom=50 tool=eraser chunks=50 append_max_us=11082 append_avg_us=10024 append_total_us=501243 affected_tiles=405 published=405 fallback=0 visible_fallback=0 committed=1 authority=1 refresh=1 run_ok=1 pass=1
[23:33:16] TINYDRAW_GATE1_MIXED_DRAW zoom=100 tool=pen chunks=50 append_max_us=10241 append_avg_us=8528 append_total_us=426443 affected_tiles=450 published=398 fallback=52 visible_fallback=0 committed=1 authority=1 refresh=1 run_ok=1 pass=1
[23:33:17] TINYDRAW_GATE1_MIXED_DRAW zoom=100 tool=eraser chunks=50 append_max_us=9235 append_avg_us=8308 append_total_us=415426 affected_tiles=399 published=399 fallback=0 visible_fallback=0 committed=1 authority=1 refresh=1 run_ok=1 pass=1
[23:33:18] TINYDRAW_GATE1_MIXED_DRAW zoom=200 tool=pen chunks=50 append_max_us=9748 append_avg_us=7933 append_total_us=396697 affected_tiles=425 published=389 fallback=36 visible_fallback=0 committed=1 authority=1 refresh=1 run_ok=1 pass=1
[23:33:19] TINYDRAW_GATE1_MIXED_DRAW zoom=200 tool=eraser chunks=50 append_max_us=8751 append_avg_us=7685 append_total_us=384272 affected_tiles=388 published=388 fallback=0 visible_fallback=0 committed=1 authority=1 refresh=1 run_ok=1 pass=1
[23:33:20] TINYDRAW_GATE1_MIXED_DRAW zoom=400 tool=pen chunks=50 append_max_us=9111 append_avg_us=7327 append_total_us=366399 affected_tiles=358 published=334 fallback=24 visible_fallback=0 committed=1 authority=1 refresh=1 run_ok=1 pass=1
[23:33:21] TINYDRAW_GATE1_MIXED_DRAW zoom=400 tool=eraser chunks=50 append_max_us=8056 append_avg_us=7167 append_total_us=358392 affected_tiles=350 published=350 fallback=0 visible_fallback=0 committed=1 authority=1 refresh=1 run_ok=1 pass=1
[23:33:21] TINYDRAW_GATE1_MIXED_DRAW_REVISIT zoom=50 missing=4 refill_tiles=4 refill_us=142828
[23:33:21] TINYDRAW_GATE1_MIXED_DRAW_REVISIT zoom=100 missing=9 refill_tiles=9 refill_us=247011
[23:33:22] TINYDRAW_GATE1_MIXED_DRAW_REVISIT zoom=200 missing=16 refill_tiles=16 refill_us=252810
[23:33:22] TINYDRAW_GATE1_MIXED_DRAW_REVISIT zoom=400 missing=0 refill_tiles=0 refill_us=914
[23:33:22] TINYDRAW_GATE1_MIXED_DRAW_SUMMARY slots=448 strokes=10 worst_append_us=12485 pass=1
[23:33:27] TINYDRAW_GATE1_IDLE_REPAIR damaged=588 remaining=0 plan_views=24 steps=4105 repair_us=3782735 worst_step_us=8167 warm_tiles=56 pass=1
[23:33:28] TINYDRAW_HAIRLINE_DOC ops=782 samples=8061 append_total_us=892810 append_max_us=5877
[23:33:29] TINYDRAW_HAIRLINE_COLD zoom=100 wall_us=264552 steps=221 tiles=56 worst_step_us=9096
[23:33:29] TINYDRAW_HAIRLINE_COLD zoom=400 wall_us=206322 steps=208 tiles=48 worst_step_us=8248
[23:33:32] TINYDRAW_HAIRLINE_REPAIR steps=2508 wall_us=2728923 worst_step_us=9630 resident=407/448 grid_stopped=1 pass2_steps=8 pass2_wall_us=11924 no_churn=1
[23:33:33] TINYDRAW_HAIRLINE_TOUR stops=8 total_us=1209802 worst_stop_us=237801 worst_step_us=11238
[23:33:34] TINYDRAW_GATE1_HAIRLINE raw=339 uniform=72 fallback=233 capacity=448 worst_step_us=11238 grid_stopped=1 pass=1
[23:33:35] TINYDRAW_GATE1_LONG_GESTURE path=reference samples=1600 chunks=26 append_total_us=710498 append_max_us=33766 append_avg_us=27326 refresh_fallback_pixels=0 settled_fallback_pixels=0 committed=1 authority=1 refresh=1 run_ok=1
[23:33:35] TINYDRAW_GATE1_LONG_GESTURE path=in_place samples=1600 chunks=52 append_total_us=362679 append_max_us=8548 append_avg_us=6974 refresh_fallback_pixels=0 settled_fallback_pixels=0 committed=1 authority=1 refresh=1 run_ok=1
[23:33:35] TINYDRAW_V2_EXPORT_PROGRESS row=0 of=1792
[23:33:36] TINYDRAW_V2_EXPORT_PROGRESS row=256 of=1792
[23:33:37] TINYDRAW_V2_EXPORT_PROGRESS row=512 of=1792
[23:33:38] TINYDRAW_V2_EXPORT_PROGRESS row=768 of=1792
[23:33:38] TINYDRAW_V2_EXPORT_PROGRESS row=1024 of=1792
[23:33:39] TINYDRAW_V2_EXPORT_PROGRESS row=1280 of=1792
[23:33:40] TINYDRAW_V2_EXPORT_PROGRESS row=1536 of=1792
[23:33:41] TINYDRAW_GATE1_EXPORT encoded=1 bytes=40045 elapsed_us=5775148 workspace_bytes=50652 band_bytes=376832 free_psram=1879376 free_internal=242492 signature=1 dimensions=1 chunks=3 chunks_ok=1 pass=1
[23:33:41] TINYDRAW_EXPORT_RESERVE requested=1572864 free_before=1879376 largest_before=1867776 free_held=306508 largest_held=303104 pass=1
[23:33:41] TINYDRAW_GATE1_AUTOMATED_DONE stress=1 stress_100=1 stress_400=1 overlap_ready=1 overlap_cold=1 adversarial_ready=1 adversarial_cold=1 workload=1 paced_cold=1 hard_100=1 hard_400=1 pan_100=1 pan_400=1 pan_seq=1 live_overlay=1 draw_fill=1 cache=1 full_world_cache=1 cache_tour=1 mixed_draw=1 idle_repair=1 hairline=1 long_gesture=1 export_encode=1 export_reserve=1 return=1 ssaa_receipt=yellow
[23:33:41] TINYDRAW_VECTOR_V2_GATE_HARNESS_DONE pass=1
[23:33:41] TINYDRAW_VECTOR_V2_READY zoom=25 controls=chrome button=cycle_all_zooms operations_capacity=4000 samples_capacity=80000 live_storage_bytes=6356256 overview_bytes=1318912 raw_tile_bytes=3670016 tile_metadata_bytes=73976 operation_bytes=720000 live_scratch_bytes=573352 free_psram=1879376 largest_psram=1867776 te_edges=3506 te_period_us=16786 te_high_us=578 te_level=0 main_stack_free=4024
