[00:13:36] I (103) esp_image: segment 0: paddr=00010020 vaddr=3c050020 sizeESP-ROM:esp32s3-20210327
[00:13:36] Build:Mar 27 2021
[00:13:36] rst:0x15 (USB_UART_CHIP_RESET),boot:0x2b (SPI_FAST_FLASH_BOOT)
[00:13:36] Saved PC:0x42029cbb
[00:13:36] SPIWP:0xee
[00:13:36] mode:DIO, clock div:1
[00:13:36] load:0x3fce2820,len:0x1664
[00:13:36] load:0x403c8700,len:0xf38
[00:13:36] load:0x403cb700,len:0x31e8
[00:13:36] entry 0x403c8930
[00:13:36] I (24) boot: ESP-IDF v6.0.2 2nd stage bootloader
[00:13:36] I (24) boot: compile time Aug 16 2026 00:13:15
[00:13:36] I (25) boot: Multicore bootloader
[00:13:36] I (25) boot: chip revision: v0.2
[00:13:36] I (28) boot: efuse block revision: v1.3
[00:13:36] I (31) qio_mode: Enabling default flash chip QIO
[00:13:36] I (36) boot.esp32s3: Boot SPI Speed : 80MHz
[00:13:36] I (39) boot.esp32s3: SPI Mode       : QIO
[00:13:36] I (43) boot.esp32s3: SPI Flash Size : 16MB
[00:13:36] I (47) boot: Enabling RNG early entropy source...
[00:13:36] I (51) boot: Partition Table:
[00:13:36] I (54) boot: ## Label            Usage          Type ST Offset   Length
[00:13:36] I (60) boot:  0 nvs              WiFi data        01 02 00009000 00006000
[00:13:36] I (67) boot:  1 phy_init         RF data          01 01 0000f000 00001000
[00:13:36] I (73) boot:  2 factory          factory app      00 00 00010000 00100000
[00:13:36] I (80) boot:  3 drawing          Unknown data     01 40 00110000 00300000
[00:13:36] I (86) boot:  4 export           Unknown data     01 41 00410000 00500000
[00:13:36] I (93) boot:  5 coredump         Unknown data     01 03 00910000 00010000
[00:13:36] I (100) boot: End of partition table
[00:13:36] I (103) esp_image: segment 0: paddr=00010020 vaddr=3c050020 size=146ech ( 83692) map
[00:13:36] I (123) esp_image: segment 1: paddr=00024714 vaddr=3fc94500 size=03764h ( 14180) load
[00:13:36] I (126) esp_image: segment 2: paddr=00027e80 vaddr=40374000 size=08198h ( 33176) load
[00:13:36] I (134) esp_image: segment 3: paddr=00030020 vaddr=42000020 size=473b4h (291764) map
[00:13:36] I (180) esp_image: segment 4: paddr=000773dc vaddr=4037c198 size=08328h ( 33576) load
[00:13:36] I (187) esp_image: segment 5: paddr=0007f70c vaddr=50000000 size=00024h (    36) load
[00:13:36] I (194) boot: Loaded app from partition at offset 0x10000
[00:13:36] I (195) boot: Disabling RNG early entropy source...
[00:13:36] I (205) octal_psram: vendor id    : 0x0d (AP)
[00:13:36] I (205) octal_psram: dev id       : 0x02 (generation 3)
[00:13:36] I (206) octal_psram: density      : 0x03 (64 Mbit)
[00:13:36] I (207) octal_psram: good-die     : 0x01 (Pass)
[00:13:36] I (212) octal_psram: Latency      : 0x01 (Fixed)
[00:13:36] I (216) octal_psram: VCC          : 0x01 (3V)
[00:13:36] I (220) octal_psram: SRF          : 0x01 (Fast Refresh)
[00:13:36] I (225) octal_psram: BurstType    : 0x01 (Hybrid Wrap)
[00:13:36] I (230) octal_psram: BurstLen     : 0x01 (32 Byte)
[00:13:36] I (234) octal_psram: Readlatency  : 0x02 (10 cycles@Fixed)
[00:13:36] I (240) octal_psram: DriveStrength: 0x00 (1/1)
[00:13:36] I (244) MSPI Timing: Enter psram timing tuning
[00:13:36] I (249) esp_psram: Found 8MB PSRAM device
[00:13:36] I (252) esp_psram: Speed: 80MHz
[00:13:36] I (255) cpu_start: Multicore app
[00:13:36] I (671) esp_psram: SPI SRAM memory test OK
[00:13:36] I (679) cpu_start: GPIO 44 and 43 are used as console UART I/O pins
[00:13:36] I (679) cpu_start: Pro cpu start user code
[00:13:36] I (679) cpu_start: cpu freq: 240000000 Hz
[00:13:36] I (681) app_init: Application information:
[00:13:36] I (685) app_init: Project name:     tinydraw_esp32
[00:13:36] I (689) app_init: App version:      7e9d043
[00:13:36] I (693) app_init: Compile time:     Aug 16 2026 00:13:10
[00:13:36] I (698) app_init: ELF file SHA256:  95ad06191...
[00:13:36] I (703) app_init: ESP-IDF:          v6.0.2
[00:13:36] I (707) efuse_init: Min chip rev:     v0.0
[00:13:36] I (710) efuse_init: Max chip rev:     v0.99 
[00:13:36] I (714) efuse_init: Chip rev:         v0.2
[00:13:36] I (718) heap_init: Initializing. RAM available for dynamic allocation:
[00:13:36] I (725) heap_init: At 3FC99090 len 00050680 (321 KiB): RAM
[00:13:36] I (730) heap_init: At 3FCE9710 len 00005724 (21 KiB): RAM
[00:13:36] I (735) heap_init: At 3FCF0000 len 00008000 (32 KiB): DRAM
[00:13:36] I (740) heap_init: At 600FE000 len 00001FE8 (7 KiB): RTCRAM
[00:13:36] I (745) esp_psram: Adding pool of 8192K of PSRAM memory to heap allocator
[00:13:36] I (752) spi_flash: detected chip: generic
[00:13:36] I (756) spi_flash: flash io: qio
[00:13:36] I (759) sleep_gpio: Configure to isolate all GPIO pins in sleep state
[00:13:36] I (765) sleep_gpio: Enable automatic switching of GPIO sleep configuration
[00:13:36] I (772) main_task: Started on CPU0
[00:13:36] I (775) main_task: Calling app_main()
[00:13:36] TINYDRAW_PANEL_HARD_RESET=1
[00:13:36] TINYDRAW_PANEL_TRANSPORT requested_clock_mhz=50 actual_clock=divider_limited_40mhz
[00:13:36] I (973) co5300: version: 2.1.0
[00:13:36] I (973) co5300_spi: LCD panel create success, version: 2.1.0
[00:13:36] W (1059) co5300_spi: The 3Ah command has been used and will be overwritten by external initialization sequence
[00:13:36] I (1160) CST816S: IC id: 183
[00:13:36] TINYDRAW_VECTOR_V2_PRESENTATION experiment=boundary-top-sweep te_edge=rising clock_mhz=50 optical_acceptance=external_manual
[00:13:37] TINYDRAW_LIVE_PRESENT kind=startup zoom=25 x=0 y=0 compose_us=26154 scroll_us=0 exposed_compose_us=0 chrome_us=18807 read_submit_us=0 read_complete_us=0 transfer_wait_us=33358 tile_pixels=0 uniform_pixels=0 overview_pixels=164864 fallback_pixels=0 resident_tiles=0 fallback_tiles=0 pushes=11 tear_wait_us=14702 tear_edge_isr_to_resume_us=9 tear_edge_observed=1 tear_edge_wait_resumed=1 tear_edge_timeout=0 tear_heal_attempted=0 tear_heal_command_sent=0 presentation_experiment=boundary-top-sweep te_edge=rising clock_mhz=50 frame_reused=0 pass=1
[00:13:37] TINYDRAW_LIVE_STRESS operations=1000 samples=20000 total_us=460806 average_us=460 maximum_us=793 free_psram=1879376 largest_psram=1867776
[00:13:37] TINYDRAW_LIVE_PRESENT kind=gate_fallback zoom=100 x=0 y=0 compose_us=16620 scroll_us=0 exposed_compose_us=0 chrome_us=16492 read_submit_us=21818 read_complete_us=38293 transfer_wait_us=33474 tile_pixels=0 uniform_pixels=0 overview_pixels=0 fallback_pixels=164864 resident_tiles=0 fallback_tiles=42 pushes=11 tear_wait_us=5057 tear_edge_isr_to_resume_us=12 tear_edge_observed=1 tear_edge_wait_resumed=1 tear_edge_timeout=0 tear_heal_attempted=0 tear_heal_command_sent=0 presentation_experiment=boundary-top-sweep te_edge=rising clock_mhz=50 frame_reused=0 pass=1
[00:13:37] TINYDRAW_GATE1_HARD zoom=100 cold=1 operations=1000 samples=20000 steps=192 tiles=42 scanned=12000 rendered=1659 max_supertask_us=10069 presentation_us=70485 total_us=282576 pass=1
[00:13:38] TINYDRAW_LIVE_PRESENT kind=gate_fallback zoom=400 x=0 y=0 compose_us=16212 scroll_us=0 exposed_compose_us=0 chrome_us=15842 read_submit_us=25562 read_complete_us=41940 transfer_wait_us=32343 tile_pixels=0 uniform_pixels=0 overview_pixels=0 fallback_pixels=164864 resident_tiles=0 fallback_tiles=42 pushes=11 tear_wait_us=9227 tear_edge_isr_to_resume_us=9 tear_edge_observed=1 tear_edge_wait_resumed=1 tear_edge_timeout=0 tear_heal_attempted=0 tear_heal_command_sent=0 presentation_experiment=boundary-top-sweep te_edge=rising clock_mhz=50 frame_reused=0 pass=1
[00:13:38] TINYDRAW_GATE1_HARD zoom=400 cold=1 operations=1000 samples=20000 steps=196 tiles=42 scanned=12000 rendered=120 max_supertask_us=9305 presentation_us=69200 total_us=217464 pass=1
[00:13:38] TINYDRAW_OVERLAP_WORKLOAD operations=8 samples=1200 radius_world=80
[00:13:39] TINYDRAW_GATE1_PACED_COLD corpus=overlap zoom=50 x=215 y=255 steps=334 tiles=56 compute_us=388670 present_us=89153 touch_us=1188 pacing_us=11747 wall_us=490758 max_tick_us=10928 touch_samples=2309 touch_interval_max_us=2013 touch_read_max_us=592 touch_events=0 touch_down=0 touch_up=0 touch_events_ge_8ms=0 touch_event_age_max_us=0 touch_errors=0 touch_overflows=0 pass=1
[00:13:39] TINYDRAW_GATE1_PACED_COLD corpus=overlap zoom=100 x=583 y=703 steps=172 tiles=48 compute_us=244098 present_us=84794 touch_us=734 pacing_us=7349 wall_us=336975 max_tick_us=10352 touch_samples=416 touch_interval_max_us=1870 touch_read_max_us=466 touch_events=0 touch_down=0 touch_up=0 touch_events_ge_8ms=0 touch_event_age_max_us=0 touch_errors=0 touch_overflows=0 pass=1
[00:13:40] TINYDRAW_GATE1_PACED_COLD corpus=overlap zoom=200 x=1319 y=1599 steps=128 tiles=56 compute_us=247777 present_us=86997 touch_us=656 pacing_us=6543 wall_us=341973 max_tick_us=10370 touch_samples=424 touch_interval_max_us=1949 touch_read_max_us=473 touch_events=0 touch_down=0 touch_up=0 touch_events_ge_8ms=0 touch_event_age_max_us=0 touch_errors=0 touch_overflows=0 pass=1
[00:13:40] TINYDRAW_GATE1_PACED_COLD corpus=overlap zoom=400 x=2791 y=3391 steps=94 tiles=56 compute_us=232196 present_us=81537 touch_us=589 pacing_us=4653 wall_us=318975 max_tick_us=10570 touch_samples=396 touch_interval_max_us=1135 touch_read_max_us=442 touch_events=0 touch_down=0 touch_up=0 touch_events_ge_8ms=0 touch_event_age_max_us=0 touch_errors=0 touch_overflows=0 pass=1
[00:13:40] TINYDRAW_ADVERSARIAL_TAPERED_WORKLOAD operations=128 samples=4096 erasers=12 load_us=229484 appended=1
[00:13:41] TINYDRAW_GATE1_PACED_COLD corpus=adversarial_tapered_4x zoom=50 x=0 y=0 steps=104 tiles=42 compute_us=100928 present_us=66516 touch_us=521 pacing_us=6008 wall_us=173973 max_tick_us=7644 touch_samples=527 touch_interval_max_us=1135 touch_read_max_us=433 touch_events=0 touch_down=0 touch_up=0 touch_events_ge_8ms=0 touch_event_age_max_us=0 touch_errors=0 touch_overflows=0 pass=1
[00:13:41] TINYDRAW_GATE1_PACED_COLD corpus=adversarial_tapered_4x zoom=100 x=0 y=0 steps=348 tiles=42 compute_us=166600 present_us=64768 touch_us=767 pacing_us=7834 wall_us=239969 max_tick_us=10452 touch_samples=318 touch_interval_max_us=1127 touch_read_max_us=413 touch_events=0 touch_down=0 touch_up=0 touch_events_ge_8ms=0 touch_event_age_max_us=0 touch_errors=0 touch_overflows=0 pass=1
[00:13:41] TINYDRAW_GATE1_PACED_COLD corpus=adversarial_tapered_4x zoom=200 x=0 y=0 steps=1214 tiles=42 compute_us=462431 present_us=64280 touch_us=1765 pacing_us=18494 wall_us=546970 max_tick_us=11063 touch_samples=625 touch_interval_max_us=1124 touch_read_max_us=411 touch_events=0 touch_down=0 touch_up=0 touch_events_ge_8ms=0 touch_event_age_max_us=0 touch_errors=0 touch_overflows=0 pass=1
[00:13:43] TINYDRAW_GATE1_PACED_COLD corpus=adversarial_tapered_4x zoom=400 x=0 y=0 steps=904 tiles=42 compute_us=571119 present_us=69948 touch_us=1863 pacing_us=16240 wall_us=659170 max_tick_us=10379 touch_samples=733 touch_interval_max_us=1120 touch_read_max_us=430 touch_events=0 touch_down=0 touch_up=0 touch_events_ge_8ms=0 touch_event_age_max_us=0 touch_errors=0 touch_overflows=0 pass=1
[00:13:43] TINYDRAW_GATE1_WORKLOAD kind=realistic seed=7 operations=1000 samples=19844 maximum_stroke=198 load_us=380938 raw_source=1 lod_copies=0
[00:13:43] TINYDRAW_GATE1_PACED_COLD corpus=seed7 zoom=400 x=63 y=63 steps=281 tiles=56 compute_us=288418 present_us=85743 touch_us=711 pacing_us=8099 wall_us=382971 max_tick_us=13311 touch_samples=966 touch_interval_max_us=1902 touch_read_max_us=517 touch_events=0 touch_down=0 touch_up=0 touch_events_ge_8ms=0 touch_event_age_max_us=0 touch_errors=0 touch_overflows=0 pass=1
[00:13:43] TINYDRAW_LIVE_PRESENT kind=gate_fallback zoom=100 x=0 y=0 compose_us=17183 scroll_us=0 exposed_compose_us=0 chrome_us=16501 read_submit_us=32690 read_complete_us=49104 transfer_wait_us=33161 tile_pixels=0 uniform_pixels=0 overview_pixels=0 fallback_pixels=164864 resident_tiles=0 fallback_tiles=42 pushes=11 tear_wait_us=15391 tear_edge_isr_to_resume_us=12 tear_edge_observed=1 tear_edge_wait_resumed=1 tear_edge_timeout=0 tear_heal_attempted=0 tear_heal_command_sent=0 presentation_experiment=boundary-top-sweep te_edge=rising clock_mhz=50 frame_reused=0 pass=1
[00:13:44] TINYDRAW_GATE1_HARD zoom=100 cold=1 operations=1000 samples=19844 steps=275 tiles=42 scanned=12000 rendered=5232 max_supertask_us=10214 presentation_us=73979 total_us=391567 pass=1
[00:13:44] TINYDRAW_GATE1_OVERLAY_CANVAS regions=zoom,minimap,toolbar,battery operations=4 presentation_mutations=0 authority=1 pass=1
[00:13:44] TINYDRAW_GATE1_LIVE_OVERLAY clear_updates=47 clear_wall_max_us=2933 clear_submit_max_us=1853 clear_complete_max_us=2283 overlay_updates=47 overlay_wall_max_us=2922 overlay_submit_max_us=2032 overlay_complete_max_us=2442 overlay_chrome_max_us=199 clear_failures=0 overlay_failures=0 pass=1
[00:13:44] TINYDRAW_EDGE_INK corners=4 edge_failures=0 pass=1
[00:13:45] TINYDRAW_GATE1_PAN zoom=100 from_x=0 from_y=0 to_x=88 to_y=88 compose_us=20978 scroll_us=14 exposed_compose_us=20964 chrome_us=2340 event_submit_us=307 event_complete_us=5654 transfer_us=39691 setup=1 present=1 moved=1 frame_reused=1 pass=1
[00:13:45] TINYDRAW_LIVE_PRESENT kind=gate_fallback zoom=400 x=0 y=0 compose_us=16325 scroll_us=0 exposed_compose_us=0 chrome_us=15856 read_submit_us=17271 read_complete_us=33679 transfer_wait_us=32455 tile_pixels=0 uniform_pixels=0 overview_pixels=0 fallback_pixels=164864 resident_tiles=0 fallback_tiles=42 pushes=11 tear_wait_us=800 tear_edge_isr_to_resume_us=9 tear_edge_observed=1 tear_edge_wait_resumed=1 tear_edge_timeout=0 tear_heal_attempted=0 tear_heal_command_sent=0 presentation_experiment=boundary-top-sweep te_edge=rising clock_mhz=50 frame_reused=0 pass=1
[00:13:45] TINYDRAW_GATE1_HARD zoom=400 cold=1 operations=1008 samples=19852 steps=217 tiles=42 scanned=12096 rendered=592 max_supertask_us=11629 presentation_us=70208 total_us=278656 pass=1
[00:13:46] TINYDRAW_GATE1_PAN zoom=400 from_x=0 from_y=0 to_x=88 to_y=88 compose_us=20866 scroll_us=12 exposed_compose_us=20854 chrome_us=1880 event_submit_us=13674 event_complete_us=18779 transfer_us=38339 setup=1 present=1 moved=1 frame_reused=1 pass=1
[00:13:49] TINYDRAW_PANSEQ_FRAME zoom=100 step=0 dx=24 dy=18 scroll_us=14 exposed_compose_us=6960 tear_wait_us=741 present_us=25120 prepare_us=22360 acquire_wait_us=40 ring_copy_us=6210 patch_us=9417 byte_swap_us=6733 staging_us=698 event_submit_us=855 event_complete_us=5241 frame_us=25960 tear_edge_observed=1 frame_reused=1 pass=1
[00:13:49] TINYDRAW_PANSEQ_FRAME zoom=100 step=1 dx=24 dy=18 scroll_us=14 exposed_compose_us=6684 tear_wait_us=8306 present_us=24532 prepare_us=22223 acquire_wait_us=30 ring_copy_us=6432 patch_us=9007 byte_swap_us=6784 staging_us=740 event_submit_us=8432 event_complete_us=12905 frame_us=32928 tear_edge_observed=1 frame_reused=1 pass=1
[00:13:49] TINYDRAW_PANSEQ_FRAME zoom=100 step=2 dx=24 dy=18 scroll_us=13 exposed_compose_us=6542 tear_wait_us=8903 present_us=23943 prepare_us=22069 acquire_wait_us=32 ring_copy_us=6423 patch_us=8936 byte_swap_us=6710 staging_us=726 event_submit_us=9014 event_complete_us=13497 frame_us=32942 tear_edge_observed=1 frame_reused=1 pass=1
[00:13:49] TINYDRAW_PANSEQ_FRAME zoom=100 step=3 dx=24 dy=18 scroll_us=13 exposed_compose_us=7127 tear_wait_us=9490 present_us=25352 prepare_us=22598 acquire_wait_us=26 ring_copy_us=6334 patch_us=9592 byte_swap_us=6672 staging_us=696 event_submit_us=9597 event_complete_us=14174 frame_us=34935 tear_edge_observed=1 frame_reused=1 pass=1
[00:13:49] TINYDRAW_PANSEQ_FRAME zoom=100 step=4 dx=24 dy=18 scroll_us=14 exposed_compose_us=6776 tear_wait_us=8080 present_us=24763 prepare_us=22276 acquire_wait_us=33 ring_copy_us=6405 patch_us=9153 byte_swap_us=6718 staging_us=726 event_submit_us=8190 event_complete_us=12744 frame_us=32937 tear_edge_observed=1 frame_reused=1 pass=1
[00:13:49] TINYDRAW_PANSEQ_FRAME zoom=100 step=5 dx=24 dy=18 scroll_us=13 exposed_compose_us=6765 tear_wait_us=8666 present_us=24186 prepare_us=22354 acquire_wait_us=33 ring_copy_us=6440 patch_us=9196 byte_swap_us=6718 staging_us=719 event_submit_us=8773 event_complete_us=13305 frame_us=32945 tear_edge_observed=1 frame_reused=1 pass=1
[00:13:49] TINYDRAW_PANSEQ_FRAME zoom=100 step=6 dx=24 dy=18 scroll_us=13 exposed_compose_us=6745 tear_wait_us=9243 present_us=24592 prepare_us=22275 acquire_wait_us=33 ring_copy_us=6420 patch_us=9083 byte_swap_us=6772 staging_us=744 event_submit_us=9353 event_complete_us=13849 frame_us=33929 tear_edge_observed=1 frame_reused=1 pass=1
[00:13:49] TINYDRAW_PANSEQ_FRAME zoom=100 step=7 dx=24 dy=18 scroll_us=14 exposed_compose_us=6906 tear_wait_us=8829 present_us=25014 prepare_us=22337 acquire_wait_us=36 ring_copy_us=6379 patch_us=9263 byte_swap_us=6695 staging_us=702 event_submit_us=8944 event_complete_us=13439 frame_us=33938 tear_edge_observed=1 frame_reused=1 pass=1
[00:13:49] TINYDRAW_PANSEQ_FRAME zoom=100 step=8 dx=24 dy=18 scroll_us=13 exposed_compose_us=7291 tear_wait_us=8406 present_us=25435 prepare_us=22803 acquire_wait_us=38 ring_copy_us=6434 patch_us=9701 byte_swap_us=6668 staging_us=736 event_submit_us=8517 event_complete_us=13155 frame_us=33936 tear_edge_observed=1 frame_reused=1 pass=1
[00:13:49] TINYDRAW_PANSEQ_FRAME zoom=100 step=9 dx=24 dy=18 scroll_us=14 exposed_compose_us=7086 tear_wait_us=7975 present_us=24865 prepare_us=22722 acquire_wait_us=28 ring_copy_us=6517 patch_us=9476 byte_swap_us=6729 staging_us=712 event_submit_us=8083 event_complete_us=12634 frame_us=32933 tear_edge_observed=1 frame_reused=1 pass=1
[00:13:49] TINYDRAW_PANSEQ_FRAME zoom=100 step=10 dx=24 dy=18 scroll_us=15 exposed_compose_us=6834 tear_wait_us=8556 present_us=24288 prepare_us=22407 acquire_wait_us=36 ring_copy_us=6417 patch_us=9276 byte_swap_us=6714 staging_us=695 event_submit_us=8685 event_complete_us=13219 frame_us=32940 tear_edge_observed=1 frame_reused=1 pass=1
[00:13:49] TINYDRAW_PANSEQ_FRAME zoom=100 step=11 dx=24 dy=18 scroll_us=13 exposed_compose_us=7701 tear_wait_us=9120 present_us=25721 prepare_us=23277 acquire_wait_us=29 ring_copy_us=6474 patch_us=10103 byte_swap_us=6700 staging_us=727 event_submit_us=9228 event_complete_us=13899 frame_us=34935 tear_edge_observed=1 frame_reused=1 pass=1
[00:13:49] TINYDRAW_PANSEQ_FRAME zoom=100 step=12 dx=24 dy=18 scroll_us=13 exposed_compose_us=6906 tear_wait_us=7696 present_us=25145 prepare_us=22425 acquire_wait_us=40 ring_copy_us=6437 patch_us=9327 byte_swap_us=6661 staging_us=735 event_submit_us=7807 event_complete_us=12365 frame_us=32934 tear_edge_observed=1 frame_reused=1 pass=1
[00:13:49] TINYDRAW_PANSEQ_FRAME zoom=100 step=13 dx=24 dy=18 scroll_us=14 exposed_compose_us=7163 tear_wait_us=8270 present_us=24573 prepare_us=22719 acquire_wait_us=29 ring_copy_us=6406 patch_us=9600 byte_swap_us=6713 staging_us=704 event_submit_us=8378 event_complete_us=12916 frame_us=32937 tear_edge_observed=1 frame_reused=1 pass=1
[00:13:49] TINYDRAW_PANSEQ_FRAME zoom=100 step=14 dx=24 dy=18 scroll_us=13 exposed_compose_us=7103 tear_wait_us=8851 present_us=24992 prepare_us=22672 acquire_wait_us=36 ring_copy_us=6431 patch_us=9540 byte_swap_us=6701 staging_us=712 event_submit_us=8962 event_complete_us=13462 frame_us=33937 tear_edge_observed=1 frame_reused=1 pass=1
[00:13:50] TINYDRAW_PANSEQ_FRAME zoom=100 step=15 dx=24 dy=18 scroll_us=14 exposed_compose_us=7324 tear_wait_us=8423 present_us=25419 prepare_us=22789 acquire_wait_us=25 ring_copy_us=6378 patch_us=9739 byte_swap_us=6672 staging_us=703 event_submit_us=8531 event_complete_us=13145 frame_us=33934 tear_edge_observed=1 frame_reused=1 pass=1
[00:13:50] TINYDRAW_PANSEQ_FRAME zoom=100 step=16 dx=72 dy=54 scroll_us=14 exposed_compose_us=17150 tear_wait_us=8008 present_us=35835 prepare_us=33223 acquire_wait_us=32 ring_copy_us=7130 patch_us=19536 byte_swap_us=6557 staging_us=718 event_submit_us=8119 event_complete_us=13484 frame_us=43937 tear_edge_observed=1 frame_reused=1 pass=1
[00:13:50] TINYDRAW_PANSEQ_FRAME zoom=100 step=17 dx=72 dy=54 scroll_us=14 exposed_compose_us=17169 tear_wait_us=14352 present_us=35489 prepare_us=33281 acquire_wait_us=23 ring_copy_us=7129 patch_us=19549 byte_swap_us=6603 staging_us=723 event_submit_us=14467 event_complete_us=19725 frame_us=49935 tear_edge_observed=1 frame_reused=1 pass=1
[00:13:50] TINYDRAW_PANSEQ_FRAME zoom=100 step=18 dx=72 dy=54 scroll_us=13 exposed_compose_us=16307 tear_wait_us=14716 present_us=35126 prepare_us=32415 acquire_wait_us=25 ring_copy_us=7109 patch_us=18734 byte_swap_us=6572 staging_us=719 event_submit_us=14827 event_complete_us=20087 frame_us=49936 tear_edge_observed=1 frame_reused=1 pass=1
[00:13:50] TINYDRAW_PANSEQ_FRAME zoom=100 step=19 dx=72 dy=54 scroll_us=14 exposed_compose_us=16713 tear_wait_us=15085 present_us=34759 prepare_us=32820 acquire_wait_us=26 ring_copy_us=7084 patch_us=19105 byte_swap_us=6631 staging_us=742 event_submit_us=15194 event_complete_us=20567 frame_us=49937 tear_edge_observed=1 frame_reused=1 pass=1
[00:13:50] TINYDRAW_PANSEQ_FRAME zoom=100 step=20 dx=-72 dy=-54 scroll_us=13 exposed_compose_us=17536 tear_wait_us=15458 present_us=36386 prepare_us=33569 acquire_wait_us=23 ring_copy_us=7035 patch_us=19944 byte_swap_us=6590 staging_us=743 event_submit_us=15569 event_complete_us=25959 frame_us=51936 tear_edge_observed=1 frame_reused=1 pass=1
[00:13:50] TINYDRAW_PANSEQ_FRAME zoom=100 step=21 dx=-72 dy=-54 scroll_us=13 exposed_compose_us=17146 tear_wait_us=13847 present_us=34997 prepare_us=33087 acquire_wait_us=25 ring_copy_us=6864 patch_us=19581 byte_swap_us=6642 staging_us=746 event_submit_us=13956 event_complete_us=24118 frame_us=48935 tear_edge_observed=1 frame_reused=1 pass=1
[00:13:50] TINYDRAW_PANSEQ_FRAME zoom=100 step=22 dx=-72 dy=-54 scroll_us=15 exposed_compose_us=17473 tear_wait_us=15214 present_us=35632 prepare_us=33302 acquire_wait_us=44 ring_copy_us=6855 patch_us=19811 byte_swap_us=6636 staging_us=711 event_submit_us=15325 event_complete_us=25706 frame_us=50942 tear_edge_observed=1 frame_reused=1 pass=1
[00:13:50] TINYDRAW_PANSEQ_FRAME zoom=100 step=23 dx=-72 dy=-54 scroll_us=14 exposed_compose_us=16638 tear_wait_us=14555 present_us=35287 prepare_us=32491 acquire_wait_us=44 ring_copy_us=6887 patch_us=19038 byte_swap_us=6566 staging_us=767 event_submit_us=14680 event_complete_us=24790 frame_us=49934 tear_edge_observed=1 frame_reused=1 pass=1
[00:13:50] TINYDRAW_PANSEQ_STRIP zoom=100 strip=0 panel_y=0 rows=44 samples=24 staging_mean_us=3758 staging_max_us=8530 wire_budget_us=1619 over_budget_us=6911 pass=0
[00:13:50] TINYDRAW_PANSEQ_STRIP zoom=100 strip=1 panel_y=44 rows=44 samples=24 staging_mean_us=2822 staging_max_us=4260 wire_budget_us=1619 over_budget_us=2641 pass=0
[00:13:50] TINYDRAW_PANSEQ_STRIP zoom=100 strip=2 panel_y=88 rows=44 samples=24 staging_mean_us=2599 staging_max_us=3160 wire_budget_us=1619 over_budget_us=1541 pass=0
[00:13:50] TINYDRAW_PANSEQ_STRIP zoom=100 strip=3 panel_y=132 rows=44 samples=24 staging_mean_us=2605 staging_max_us=3221 wire_budget_us=1619 over_budget_us=1602 pass=0
[00:13:50] TINYDRAW_PANSEQ_STRIP zoom=100 strip=4 panel_y=176 rows=44 samples=24 staging_mean_us=2602 staging_max_us=3188 wire_budget_us=1619 over_budget_us=1569 pass=0
[00:13:50] TINYDRAW_PANSEQ_STRIP zoom=100 strip=5 panel_y=220 rows=44 samples=24 staging_mean_us=2568 staging_max_us=3165 wire_budget_us=1619 over_budget_us=1546 pass=0
[00:13:50] TINYDRAW_PANSEQ_STRIP zoom=100 strip=6 panel_y=264 rows=44 samples=24 staging_mean_us=2695 staging_max_us=3265 wire_budget_us=1619 over_budget_us=1646 pass=0
[00:13:50] TINYDRAW_PANSEQ_STRIP zoom=100 strip=7 panel_y=308 rows=44 samples=24 staging_mean_us=3286 staging_max_us=7037 wire_budget_us=1619 over_budget_us=5418 pass=0
[00:13:50] TINYDRAW_PANSEQ_STRIP zoom=100 strip=8 panel_y=352 rows=20 samples=24 staging_mean_us=3112 staging_max_us=3765 wire_budget_us=736 over_budget_us=3029 pass=0
[00:13:50] TINYDRAW_GATE1_PANSEQ zoom=100 frames=24 scroll_avg_us=13 exposed_avg_us=10335 tear_wait_avg_us=10032 present_avg_us=28393 prepare_avg_us=26020 acquire_wait_avg_us=31 ring_copy_avg_us=6609 patch_avg_us=12737 byte_swap_avg_us=6673 staging_avg_us=722 frame_avg_us=38520 frame_p50_us=33936 frame_p95_us=50942 frame_max_us=51936 complete_p50_us=13462 complete_p95_us=25706 complete_max_us=25959 tear_edge_failures=0 presentation_experiment=boundary-top-sweep te_edge=rising clock_mhz=50 strip_samples=216 staging_mean_us=2894 staging_max_us=8530 worst_strip=0 worst_strip_y=0 worst_wire_budget_us=1619 worst_headroom_us=-6911 staging_invariant=0 all_reused=1 pass=0
[00:13:53] TINYDRAW_PANSEQ_FRAME zoom=400 step=0 dx=24 dy=18 scroll_us=14 exposed_compose_us=6934 tear_wait_us=937 present_us=23924 prepare_us=21851 acquire_wait_us=26 ring_copy_us=6249 patch_us=8846 byte_swap_us=6756 staging_us=715 event_submit_us=1053 event_complete_us=5566 frame_us=24961 tear_edge_observed=1 frame_reused=1 pass=1
[00:13:53] TINYDRAW_PANSEQ_FRAME zoom=400 step=1 dx=24 dy=18 scroll_us=14 exposed_compose_us=6361 tear_wait_us=9515 present_us=23321 prepare_us=21342 acquire_wait_us=28 ring_copy_us=6341 patch_us=8288 byte_swap_us=6713 staging_us=705 event_submit_us=9624 event_complete_us=14165 frame_us=32930 tear_edge_observed=1 frame_reused=1 pass=1
[00:13:53] TINYDRAW_PANSEQ_FRAME zoom=400 step=2 dx=24 dy=18 scroll_us=13 exposed_compose_us=6142 tear_wait_us=10112 present_us=23731 prepare_us=21202 acquire_wait_us=24 ring_copy_us=6478 patch_us=7996 byte_swap_us=6728 staging_us=688 event_submit_us=10223 event_complete_us=14806 frame_us=33939 tear_edge_observed=1 frame_reused=1 pass=1
[00:13:53] TINYDRAW_PANSEQ_FRAME zoom=400 step=3 dx=24 dy=18 scroll_us=14 exposed_compose_us=6429 tear_wait_us=9703 present_us=24137 prepare_us=21483 acquire_wait_us=28 ring_copy_us=6415 patch_us=8329 byte_swap_us=6739 staging_us=685 event_submit_us=9813 event_complete_us=14258 frame_us=33933 tear_edge_observed=1 frame_reused=1 pass=1
[00:13:53] TINYDRAW_PANSEQ_FRAME zoom=400 step=4 dx=24 dy=18 scroll_us=13 exposed_compose_us=6039 tear_wait_us=9303 present_us=23539 prepare_us=21224 acquire_wait_us=22 ring_copy_us=6560 patch_us=7926 byte_swap_us=6738 staging_us=677 event_submit_us=9426 event_complete_us=13832 frame_us=32938 tear_edge_observed=1 frame_reused=1 pass=1
[00:13:53] TINYDRAW_PANSEQ_FRAME zoom=400 step=5 dx=24 dy=18 scroll_us=14 exposed_compose_us=6271 tear_wait_us=9906 present_us=23935 prepare_us=21281 acquire_wait_us=28 ring_copy_us=6416 patch_us=8155 byte_swap_us=6710 staging_us=710 event_submit_us=10014 event_complete_us=14402 frame_us=33936 tear_edge_observed=1 frame_reused=1 pass=1
[00:13:53] TINYDRAW_PANSEQ_FRAME zoom=400 step=6 dx=24 dy=18 scroll_us=14 exposed_compose_us=7222 tear_wait_us=9506 present_us=24335 prepare_us=22311 acquire_wait_us=22 ring_copy_us=6406 patch_us=9184 byte_swap_us=6721 staging_us=697 event_submit_us=9617 event_complete_us=14174 frame_us=33936 tear_edge_observed=1 frame_reused=1 pass=1
[00:13:53] TINYDRAW_PANSEQ_FRAME zoom=400 step=7 dx=24 dy=18 scroll_us=13 exposed_compose_us=7560 tear_wait_us=9100 present_us=24744 prepare_us=22590 acquire_wait_us=25 ring_copy_us=6418 patch_us=9414 byte_swap_us=6758 staging_us=691 event_submit_us=9207 event_complete_us=13764 frame_us=33937 tear_edge_observed=1 frame_reused=1 pass=1
[00:13:53] TINYDRAW_PANSEQ_FRAME zoom=400 step=8 dx=24 dy=18 scroll_us=15 exposed_compose_us=7937 tear_wait_us=8689 present_us=25152 prepare_us=23071 acquire_wait_us=21 ring_copy_us=6493 patch_us=9861 byte_swap_us=6717 staging_us=722 event_submit_us=8801 event_complete_us=13401 frame_us=33938 tear_edge_observed=1 frame_reused=1 pass=1
[00:13:53] TINYDRAW_PANSEQ_FRAME zoom=400 step=9 dx=24 dy=18 scroll_us=13 exposed_compose_us=7557 tear_wait_us=8285 present_us=24554 prepare_us=22654 acquire_wait_us=24 ring_copy_us=6445 patch_us=9468 byte_swap_us=6741 staging_us=684 event_submit_us=8392 event_complete_us=12902 frame_us=32932 tear_edge_observed=1 frame_reused=1 pass=1
[00:13:53] TINYDRAW_PANSEQ_FRAME zoom=400 step=10 dx=24 dy=18 scroll_us=14 exposed_compose_us=7408 tear_wait_us=8879 present_us=24962 prepare_us=22363 acquire_wait_us=29 ring_copy_us=6325 patch_us=9332 byte_swap_us=6706 staging_us=731 event_submit_us=8991 event_complete_us=13475 frame_us=33937 tear_edge_observed=1 frame_reused=1 pass=1
[00:13:53] TINYDRAW_PANSEQ_FRAME zoom=400 step=11 dx=24 dy=18 scroll_us=13 exposed_compose_us=8377 tear_wait_us=8479 present_us=25362 prepare_us=23384 acquire_wait_us=28 ring_copy_us=6328 patch_us=10376 byte_swap_us=6680 staging_us=710 event_submit_us=8587 event_complete_us=13216 frame_us=33934 tear_edge_observed=1 frame_reused=1 pass=1
[00:13:53] TINYDRAW_PANSEQ_FRAME zoom=400 step=12 dx=24 dy=18 scroll_us=15 exposed_compose_us=7635 tear_wait_us=8081 present_us=24762 prepare_us=22796 acquire_wait_us=33 ring_copy_us=6548 patch_us=9535 byte_swap_us=6713 staging_us=711 event_submit_us=8193 event_complete_us=12830 frame_us=32940 tear_edge_observed=1 frame_reused=1 pass=1
[00:13:53] TINYDRAW_PANSEQ_FRAME zoom=400 step=13 dx=24 dy=18 scroll_us=13 exposed_compose_us=7908 tear_wait_us=8671 present_us=25169 prepare_us=22868 acquire_wait_us=29 ring_copy_us=6318 patch_us=9846 byte_swap_us=6704 staging_us=728 event_submit_us=8778 event_complete_us=13304 frame_us=33934 tear_edge_observed=1 frame_reused=1 pass=1
[00:13:53] TINYDRAW_PANSEQ_FRAME zoom=400 step=14 dx=24 dy=18 scroll_us=13 exposed_compose_us=7674 tear_wait_us=8284 present_us=25558 prepare_us=22788 acquire_wait_us=27 ring_copy_us=6496 patch_us=9566 byte_swap_us=6726 staging_us=688 event_submit_us=8395 event_complete_us=12914 frame_us=33938 tear_edge_observed=1 frame_reused=1 pass=1
[00:13:53] TINYDRAW_PANSEQ_FRAME zoom=400 step=15 dx=24 dy=18 scroll_us=14 exposed_compose_us=7955 tear_wait_us=7901 present_us=24940 prepare_us=23000 acquire_wait_us=23 ring_copy_us=6440 patch_us=9917 byte_swap_us=6643 staging_us=703 event_submit_us=8009 event_complete_us=12574 frame_us=32935 tear_edge_observed=1 frame_reused=1 pass=1
[00:13:53] TINYDRAW_PANSEQ_FRAME zoom=400 step=16 dx=72 dy=54 scroll_us=13 exposed_compose_us=18276 tear_wait_us=8522 present_us=36320 prepare_us=33884 acquire_wait_us=49 ring_copy_us=7164 patch_us=20130 byte_swap_us=6590 staging_us=775 event_submit_us=8632 event_complete_us=13962 frame_us=44937 tear_edge_observed=1 frame_reused=1 pass=1
[00:13:53] TINYDRAW_PANSEQ_FRAME zoom=400 step=17 dx=72 dy=54 scroll_us=13 exposed_compose_us=18101 tear_wait_us=13897 present_us=35944 prepare_us=33629 acquire_wait_us=26 ring_copy_us=7102 patch_us=19939 byte_swap_us=6588 staging_us=756 event_submit_us=14007 event_complete_us=19251 frame_us=49934 tear_edge_observed=1 frame_reused=1 pass=1
[00:13:53] TINYDRAW_PANSEQ_FRAME zoom=400 step=18 dx=72 dy=54 scroll_us=13 exposed_compose_us=18005 tear_wait_us=14276 present_us=35567 prepare_us=33626 acquire_wait_us=36 ring_copy_us=7091 patch_us=19913 byte_swap_us=6622 staging_us=726 event_submit_us=14387 event_complete_us=19628 frame_us=49939 tear_edge_observed=1 frame_reused=1 pass=1
[00:13:53] TINYDRAW_PANSEQ_FRAME zoom=400 step=19 dx=72 dy=54 scroll_us=13 exposed_compose_us=18778 tear_wait_us=14676 present_us=36174 prepare_us=34307 acquire_wait_us=47 ring_copy_us=7024 patch_us=20671 byte_swap_us=6612 staging_us=745 event_submit_us=14784 event_complete_us=20173 frame_us=50941 tear_edge_observed=1 frame_reused=1 pass=1
[00:13:53] TINYDRAW_PANSEQ_FRAME zoom=400 step=20 dx=-72 dy=-54 scroll_us=14 exposed_compose_us=19101 tear_wait_us=14066 present_us=36769 prepare_us=34769 acquire_wait_us=36 ring_copy_us=7061 patch_us=21078 byte_swap_us=6630 staging_us=749 event_submit_us=14178 event_complete_us=24946 frame_us=50929 tear_edge_observed=1 frame_reused=1 pass=1
[00:13:53] TINYDRAW_PANSEQ_FRAME zoom=400 step=21 dx=-72 dy=-54 scroll_us=13 exposed_compose_us=18021 tear_wait_us=13465 present_us=35379 prepare_us=33427 acquire_wait_us=36 ring_copy_us=6851 patch_us=19949 byte_swap_us=6627 staging_us=723 event_submit_us=13573 event_complete_us=23854 frame_us=48937 tear_edge_observed=1 frame_reused=1 pass=1
[00:13:53] TINYDRAW_PANSEQ_FRAME zoom=400 step=22 dx=-72 dy=-54 scroll_us=14 exposed_compose_us=18196 tear_wait_us=14852 present_us=35991 prepare_us=33515 acquire_wait_us=31 ring_copy_us=6828 patch_us=20087 byte_swap_us=6600 staging_us=761 event_submit_us=14963 event_complete_us=25511 frame_us=50938 tear_edge_observed=1 frame_reused=1 pass=1
[00:13:53] TINYDRAW_PANSEQ_FRAME zoom=400 step=23 dx=-72 dy=-54 scroll_us=14 exposed_compose_us=17025 tear_wait_us=14222 present_us=34621 prepare_us=32464 acquire_wait_us=34 ring_copy_us=6896 patch_us=18906 byte_swap_us=6662 staging_us=731 event_submit_us=14330 event_complete_us=24565 frame_us=48938 tear_edge_observed=1 frame_reused=1 pass=1
[00:13:53] TINYDRAW_PANSEQ_STRIP zoom=400 strip=0 panel_y=0 rows=44 samples=24 staging_mean_us=3780 staging_max_us=8916 wire_budget_us=1619 over_budget_us=7297 pass=0
[00:13:53] TINYDRAW_PANSEQ_STRIP zoom=400 strip=1 panel_y=44 rows=44 samples=24 staging_mean_us=2833 staging_max_us=4414 wire_budget_us=1619 over_budget_us=2795 pass=0
[00:13:53] TINYDRAW_PANSEQ_STRIP zoom=400 strip=2 panel_y=88 rows=44 samples=24 staging_mean_us=2578 staging_max_us=3240 wire_budget_us=1619 over_budget_us=1621 pass=0
[00:13:53] TINYDRAW_PANSEQ_STRIP zoom=400 strip=3 panel_y=132 rows=44 samples=24 staging_mean_us=2583 staging_max_us=3248 wire_budget_us=1619 over_budget_us=1629 pass=0
[00:13:53] TINYDRAW_PANSEQ_STRIP zoom=400 strip=4 panel_y=176 rows=44 samples=24 staging_mean_us=2583 staging_max_us=3326 wire_budget_us=1619 over_budget_us=1707 pass=0
[00:13:53] TINYDRAW_PANSEQ_STRIP zoom=400 strip=5 panel_y=220 rows=44 samples=24 staging_mean_us=2543 staging_max_us=3294 wire_budget_us=1619 over_budget_us=1675 pass=0
[00:13:53] TINYDRAW_PANSEQ_STRIP zoom=400 strip=6 panel_y=264 rows=44 samples=24 staging_mean_us=2674 staging_max_us=3334 wire_budget_us=1619 over_budget_us=1715 pass=0
[00:13:53] TINYDRAW_PANSEQ_STRIP zoom=400 strip=7 panel_y=308 rows=44 samples=24 staging_mean_us=3344 staging_max_us=7359 wire_budget_us=1619 over_budget_us=5740 pass=0
[00:13:53] TINYDRAW_PANSEQ_STRIP zoom=400 strip=8 panel_y=352 rows=20 samples=24 staging_mean_us=3182 staging_max_us=4127 wire_budget_us=736 over_budget_us=3391 pass=0
[00:13:53] TINYDRAW_GATE1_PANSEQ zoom=400 frames=24 scroll_avg_us=13 exposed_avg_us=10871 tear_wait_avg_us=10138 present_avg_us=28287 prepare_avg_us=26076 acquire_wait_avg_us=29 ring_copy_avg_us=6612 patch_avg_us=12779 byte_swap_avg_us=6684 staging_avg_us=717 frame_avg_us=38520 frame_p50_us=33937 frame_p95_us=50938 frame_max_us=50941 complete_p50_us=13962 complete_p95_us=24946 complete_max_us=25511 tear_edge_failures=0 presentation_experiment=boundary-top-sweep te_edge=rising clock_mhz=50 strip_samples=216 staging_mean_us=2900 staging_max_us=8916 worst_strip=0 worst_strip_y=0 worst_wire_budget_us=1619 worst_headroom_us=-7297 staging_invariant=0 all_reused=1 pass=0
[00:13:54] TINYDRAW_GATE1_DRAW_FILL zoom=400 revision=2148 append_us=1250 poll_gap_us=88 event_submit_us=2033 event_complete_us=2629 max_compute_slice_us=4894 max_display_slice_us=25548 fill_us=292211 revision_restarted=1 pass=1
[00:13:54] TINYDRAW_GATE1_CACHE_FILL zoom=50 x=63 y=63 published=56 total_us=562971 within_cold_gate=0 complete=1
[00:13:55] TINYDRAW_GATE1_CACHE_FILL zoom=100 x=63 y=63 published=56 total_us=529970 within_cold_gate=0 complete=1
[00:13:56] TINYDRAW_GATE1_CACHE_FILL zoom=200 x=63 y=63 published=56 total_us=438968 within_cold_gate=1 complete=1
[00:13:56] TINYDRAW_GATE1_CACHE_FILL zoom=400 x=63 y=63 published=56 total_us=398968 within_cold_gate=1 complete=1
[00:13:56] TINYDRAW_GATE1_CACHE_REVISIT zoom=50 remaining=0 tile_pixels=118128 fallback_pixels=0 compose_us=18257 complete_us=32944 hit=1
[00:13:56] TINYDRAW_GATE1_CACHE_REVISIT zoom=100 remaining=0 tile_pixels=164864 fallback_pixels=0 compose_us=20038 complete_us=32747 hit=1
[00:13:56] TINYDRAW_GATE1_CACHE_REVISIT zoom=200 remaining=0 tile_pixels=164864 fallback_pixels=0 compose_us=20949 complete_us=32560 hit=1
[00:13:56] TINYDRAW_GATE1_CACHE_REVISIT zoom=400 remaining=0 tile_pixels=164608 fallback_pixels=0 compose_us=21846 complete_us=32382 hit=1
[00:13:57] TINYDRAW_GATE1_CACHE_FILL zoom=400 x=575 y=575 published=56 total_us=427978 within_cold_gate=1 complete=1
[00:13:57] TINYDRAW_GATE1_CACHE_ROUND_TRIP zoom=50 from_x=63 from_y=63 via_x=575 via_y=575 remaining=0 tile_pixels=118128 fallback_pixels=0 compose_us=18198 complete_us=33003 hit=1
[00:13:57] TINYDRAW_GATE1_CACHE_ROUND_TRIP zoom=100 from_x=63 from_y=63 via_x=575 via_y=575 remaining=0 tile_pixels=164864 fallback_pixels=0 compose_us=20417 complete_us=32848 hit=1
[00:13:57] TINYDRAW_GATE1_CACHE_ROUND_TRIP zoom=200 from_x=63 from_y=63 via_x=575 via_y=575 remaining=0 tile_pixels=164864 fallback_pixels=0 compose_us=21090 complete_us=32678 hit=1
[00:13:57] TINYDRAW_GATE1_CACHE_ROUND_TRIP zoom=400 from_x=63 from_y=63 via_x=575 via_y=575 remaining=0 tile_pixels=164608 fallback_pixels=0 compose_us=22315 complete_us=32513 hit=1
[00:13:57] TINYDRAW_GATE1_CACHE_RETENTION pass=1 slots=448 revision=2148
[00:13:58] TINYDRAW_PAPER_SWEEP zoom=100 identities=644 raw=266 uniform=378 fallback=0 slots=448 total_us=1519755 pass=1
[00:14:03] TINYDRAW_GATE1_CACHE_TOUR slots=448 stops=16 forward_steps=2306 forward_tiles=832 forward_wall_us=2495337 return_missing_tiles=0 return_steps=16 return_tiles=0 return_wall_us=43271 home_missing=0 home_fallback_pixels=0 pass=1
[00:14:04] TINYDRAW_GATE1_MIXED_DRAW_WARM zoom=50 fill_tiles=56 fill_us=473935 raw=42 uniform=14
[00:14:04] TINYDRAW_GATE1_MIXED_DRAW_WARM zoom=100 fill_tiles=56 fill_us=438280 raw=56 uniform=0
[00:14:05] TINYDRAW_GATE1_MIXED_DRAW_WARM zoom=200 fill_tiles=56 fill_us=405464 raw=56 uniform=0
[00:14:05] TINYDRAW_GATE1_MIXED_DRAW_WARM zoom=400 fill_tiles=42 fill_us=274795 raw=42 uniform=0
[00:14:06] TINYDRAW_GATE1_MIXED_DRAW zoom=25 tool=pen chunks=50 append_max_us=9572 append_avg_us=8317 append_total_us=415888 affected_tiles=196 published=0 fallback=196 visible_fallback=0 committed=1 authority=1 refresh=1 run_ok=1 pass=1
[00:14:07] TINYDRAW_GATE1_MIXED_DRAW zoom=25 tool=eraser chunks=50 append_max_us=9604 append_avg_us=8265 append_total_us=413270 affected_tiles=0 published=0 fallback=0 visible_fallback=0 committed=1 authority=1 refresh=1 run_ok=1 pass=1
[00:14:09] TINYDRAW_GATE1_MIXED_DRAW zoom=50 tool=pen chunks=50 append_max_us=12546 append_avg_us=10354 append_total_us=517719 affected_tiles=422 published=400 fallback=22 visible_fallback=0 committed=1 authority=1 refresh=1 run_ok=1 pass=1
[00:14:09] TINYDRAW_GATE1_MIXED_DRAW zoom=50 tool=eraser chunks=50 append_max_us=11128 append_avg_us=10107 append_total_us=505374 affected_tiles=405 published=405 fallback=0 visible_fallback=0 committed=1 authority=1 refresh=1 run_ok=1 pass=1
[00:14:11] TINYDRAW_GATE1_MIXED_DRAW zoom=100 tool=pen chunks=50 append_max_us=10392 append_avg_us=8591 append_total_us=429582 affected_tiles=450 published=398 fallback=52 visible_fallback=0 committed=1 authority=1 refresh=1 run_ok=1 pass=1
[00:14:12] TINYDRAW_GATE1_MIXED_DRAW zoom=100 tool=eraser chunks=50 append_max_us=9370 append_avg_us=8383 append_total_us=419171 affected_tiles=399 published=399 fallback=0 visible_fallback=0 committed=1 authority=1 refresh=1 run_ok=1 pass=1
[00:14:13] TINYDRAW_GATE1_MIXED_DRAW zoom=200 tool=pen chunks=50 append_max_us=9889 append_avg_us=8000 append_total_us=400047 affected_tiles=425 published=389 fallback=36 visible_fallback=0 committed=1 authority=1 refresh=1 run_ok=1 pass=1
[00:14:14] TINYDRAW_GATE1_MIXED_DRAW zoom=200 tool=eraser chunks=50 append_max_us=8822 append_avg_us=7744 append_total_us=387235 affected_tiles=388 published=388 fallback=0 visible_fallback=0 committed=1 authority=1 refresh=1 run_ok=1 pass=1
[00:14:15] TINYDRAW_GATE1_MIXED_DRAW zoom=400 tool=pen chunks=50 append_max_us=9188 append_avg_us=7410 append_total_us=370519 affected_tiles=358 published=334 fallback=24 visible_fallback=0 committed=1 authority=1 refresh=1 run_ok=1 pass=1
[00:14:16] TINYDRAW_GATE1_MIXED_DRAW zoom=400 tool=eraser chunks=50 append_max_us=8333 append_avg_us=7253 append_total_us=362660 affected_tiles=350 published=350 fallback=0 visible_fallback=0 committed=1 authority=1 refresh=1 run_ok=1 pass=1
[00:14:16] TINYDRAW_GATE1_MIXED_DRAW_REVISIT zoom=50 missing=4 refill_tiles=4 refill_us=143183
[00:14:16] TINYDRAW_GATE1_MIXED_DRAW_REVISIT zoom=100 missing=9 refill_tiles=9 refill_us=247302
[00:14:17] TINYDRAW_GATE1_MIXED_DRAW_REVISIT zoom=200 missing=16 refill_tiles=16 refill_us=255080
[00:14:17] TINYDRAW_GATE1_MIXED_DRAW_REVISIT zoom=400 missing=0 refill_tiles=0 refill_us=956
[00:14:17] TINYDRAW_GATE1_MIXED_DRAW_SUMMARY slots=448 strokes=10 worst_append_us=12546 pass=1
[00:14:22] TINYDRAW_GATE1_IDLE_REPAIR damaged=588 remaining=0 plan_views=24 steps=4105 repair_us=3798173 worst_step_us=8424 warm_tiles=56 pass=1
[00:14:23] TINYDRAW_HAIRLINE_DOC ops=782 samples=8061 append_total_us=891991 append_max_us=5871
[00:14:24] TINYDRAW_HAIRLINE_COLD zoom=100 wall_us=266846 steps=221 tiles=56 worst_step_us=9336
[00:14:24] TINYDRAW_HAIRLINE_COLD zoom=400 wall_us=209408 steps=208 tiles=48 worst_step_us=8517
[00:14:27] TINYDRAW_HAIRLINE_REPAIR steps=2508 wall_us=2751037 worst_step_us=9879 resident=407/448 grid_stopped=1 pass2_steps=8 pass2_wall_us=12160 no_churn=1
[00:14:29] TINYDRAW_HAIRLINE_TOUR stops=8 total_us=1218592 worst_stop_us=238917 worst_step_us=11446
[00:14:29] TINYDRAW_GATE1_HAIRLINE raw=339 uniform=72 fallback=233 capacity=448 worst_step_us=11446 grid_stopped=1 pass=1
[00:14:30] TINYDRAW_GATE1_LONG_GESTURE path=reference samples=1600 chunks=26 append_total_us=722281 append_max_us=34418 append_avg_us=27780 refresh_fallback_pixels=0 settled_fallback_pixels=0 committed=1 authority=1 refresh=1 run_ok=1
[00:14:30] TINYDRAW_GATE1_LONG_GESTURE path=in_place samples=1600 chunks=52 append_total_us=366258 append_max_us=8666 append_avg_us=7043 refresh_fallback_pixels=0 settled_fallback_pixels=0 committed=1 authority=1 refresh=1 run_ok=1
[00:14:30] TINYDRAW_V2_EXPORT_PROGRESS row=0 of=1792
[00:14:31] TINYDRAW_V2_EXPORT_PROGRESS row=256 of=1792
[00:14:32] TINYDRAW_V2_EXPORT_PROGRESS row=512 of=1792
[00:14:33] TINYDRAW_V2_EXPORT_PROGRESS row=768 of=1792
[00:14:34] TINYDRAW_V2_EXPORT_PROGRESS row=1024 of=1792
[00:14:35] TINYDRAW_V2_EXPORT_PROGRESS row=1280 of=1792
[00:14:35] TINYDRAW_V2_EXPORT_PROGRESS row=1536 of=1792
[00:14:36] TINYDRAW_GATE1_EXPORT encoded=1 bytes=40045 elapsed_us=5818198 workspace_bytes=50652 band_bytes=376832 free_psram=1879376 free_internal=240092 signature=1 dimensions=1 chunks=3 chunks_ok=1 pass=1
[00:14:36] TINYDRAW_EXPORT_RESERVE requested=1572864 free_before=1879376 largest_before=1867776 free_held=306508 largest_held=303104 pass=1
[00:14:36] TINYDRAW_GATE1_AUTOMATED_DONE stress=1 stress_100=1 stress_400=1 overlap_ready=1 overlap_cold=1 adversarial_ready=1 adversarial_cold=1 workload=1 paced_cold=1 hard_100=1 hard_400=1 pan_100=1 pan_400=1 pan_seq=0 live_overlay=1 draw_fill=1 cache=1 full_world_cache=1 cache_tour=1 mixed_draw=1 idle_repair=1 hairline=1 long_gesture=1 export_encode=1 export_reserve=1 return=1 ssaa_receipt=yellow
[00:14:36] TINYDRAW_VECTOR_V2_GATE_HARNESS_DONE pass=0
[00:14:36] I (61011) main_task: Returned from app_main()
