[00:19:29] I (103) esp_image: segment 0: paddr=00010020 vaddr=3c050020 sizeESP-ROM:esp32s3-20210327
[00:19:29] Build:Mar 27 2021
[00:19:29] rst:0x15 (USB_UART_CHIP_RESET),boot:0x2b (SPI_FAST_FLASH_BOOT)
[00:19:29] Saved PC:0x4037b802
[00:19:29] SPIWP:0xee
[00:19:29] mode:DIO, clock div:1
[00:19:29] load:0x3fce2820,len:0x1664
[00:19:29] load:0x403c8700,len:0xf38
[00:19:29] load:0x403cb700,len:0x31e8
[00:19:29] entry 0x403c8930
[00:19:29] I (24) boot: ESP-IDF v6.0.2 2nd stage bootloader
[00:19:29] I (24) boot: compile time Aug 16 2026 00:19:09
[00:19:29] I (25) boot: Multicore bootloader
[00:19:29] I (25) boot: chip revision: v0.2
[00:19:29] I (28) boot: efuse block revision: v1.3
[00:19:29] I (31) qio_mode: Enabling default flash chip QIO
[00:19:29] I (36) boot.esp32s3: Boot SPI Speed : 80MHz
[00:19:29] I (39) boot.esp32s3: SPI Mode       : QIO
[00:19:29] I (43) boot.esp32s3: SPI Flash Size : 16MB
[00:19:29] I (47) boot: Enabling RNG early entropy source...
[00:19:29] I (51) boot: Partition Table:
[00:19:29] I (54) boot: ## Label            Usage          Type ST Offset   Length
[00:19:29] I (60) boot:  0 nvs              WiFi data        01 02 00009000 00006000
[00:19:29] I (67) boot:  1 phy_init         RF data          01 01 0000f000 00001000
[00:19:29] I (73) boot:  2 factory          factory app      00 00 00010000 00100000
[00:19:29] I (80) boot:  3 drawing          Unknown data     01 40 00110000 00300000
[00:19:29] I (86) boot:  4 export           Unknown data     01 41 00410000 00500000
[00:19:29] I (93) boot:  5 coredump         Unknown data     01 03 00910000 00010000
[00:19:29] I (100) boot: End of partition table
[00:19:29] I (103) esp_image: segment 0: paddr=00010020 vaddr=3c050020 size=146dch ( 83676) map
[00:19:29] I (123) esp_image: segment 1: paddr=00024704 vaddr=3fc94500 size=03764h ( 14180) load
[00:19:29] I (126) esp_image: segment 2: paddr=00027e70 vaddr=40374000 size=081a8h ( 33192) load
[00:19:29] I (134) esp_image: segment 3: paddr=00030020 vaddr=42000020 size=47524h (292132) map
[00:19:29] I (180) esp_image: segment 4: paddr=0007754c vaddr=4037c1a8 size=08318h ( 33560) load
[00:19:29] I (187) esp_image: segment 5: paddr=0007f86c vaddr=50000000 size=00024h (    36) load
[00:19:29] I (194) boot: Loaded app from partition at offset 0x10000
[00:19:29] I (195) boot: Disabling RNG early entropy source...
[00:19:29] I (205) octal_psram: vendor id    : 0x0d (AP)
[00:19:29] I (205) octal_psram: dev id       : 0x02 (generation 3)
[00:19:29] I (206) octal_psram: density      : 0x03 (64 Mbit)
[00:19:29] I (207) octal_psram: good-die     : 0x01 (Pass)
[00:19:29] I (212) octal_psram: Latency      : 0x01 (Fixed)
[00:19:29] I (216) octal_psram: VCC          : 0x01 (3V)
[00:19:29] I (220) octal_psram: SRF          : 0x01 (Fast Refresh)
[00:19:29] I (225) octal_psram: BurstType    : 0x01 (Hybrid Wrap)
[00:19:29] I (230) octal_psram: BurstLen     : 0x01 (32 Byte)
[00:19:29] I (234) octal_psram: Readlatency  : 0x02 (10 cycles@Fixed)
[00:19:29] I (240) octal_psram: DriveStrength: 0x00 (1/1)
[00:19:29] I (244) MSPI Timing: Enter psram timing tuning
[00:19:29] I (249) esp_psram: Found 8MB PSRAM device
[00:19:29] I (252) esp_psram: Speed: 80MHz
[00:19:29] I (255) cpu_start: Multicore app
[00:19:30] I (671) esp_psram: SPI SRAM memory test OK
[00:19:30] I (679) cpu_start: GPIO 44 and 43 are used as console UART I/O pins
[00:19:30] I (679) cpu_start: Pro cpu start user code
[00:19:30] I (679) cpu_start: cpu freq: 240000000 Hz
[00:19:30] I (681) app_init: Application information:
[00:19:30] I (685) app_init: Project name:     tinydraw_esp32
[00:19:30] I (690) app_init: App version:      2a1a3c8
[00:19:30] I (693) app_init: Compile time:     Aug 16 2026 00:19:02
[00:19:30] I (698) app_init: ELF file SHA256:  08bca5008...
[00:19:30] I (703) app_init: ESP-IDF:          v6.0.2
[00:19:30] I (707) efuse_init: Min chip rev:     v0.0
[00:19:30] I (710) efuse_init: Max chip rev:     v0.99 
[00:19:30] I (714) efuse_init: Chip rev:         v0.2
[00:19:30] I (718) heap_init: Initializing. RAM available for dynamic allocation:
[00:19:30] I (725) heap_init: At 3FC99090 len 00050680 (321 KiB): RAM
[00:19:30] I (730) heap_init: At 3FCE9710 len 00005724 (21 KiB): RAM
[00:19:30] I (735) heap_init: At 3FCF0000 len 00008000 (32 KiB): DRAM
[00:19:30] I (740) heap_init: At 600FE000 len 00001FE8 (7 KiB): RTCRAM
[00:19:30] I (746) esp_psram: Adding pool of 8192K of PSRAM memory to heap allocator
[00:19:30] I (752) spi_flash: detected chip: generic
[00:19:30] I (756) spi_flash: flash io: qio
[00:19:30] I (759) sleep_gpio: Configure to isolate all GPIO pins in sleep state
[00:19:30] I (765) sleep_gpio: Enable automatic switching of GPIO sleep configuration
[00:19:30] I (772) main_task: Started on CPU0
[00:19:30] I (775) main_task: Calling app_main()
[00:19:30] TINYDRAW_PANEL_HARD_RESET=1
[00:19:30] TINYDRAW_PANEL_TRANSPORT requested_clock_mhz=50 actual_clock=divider_limited_40mhz
[00:19:30] I (973) co5300: version: 2.1.0
[00:19:30] I (973) co5300_spi: LCD panel create success, version: 2.1.0
[00:19:30] W (1059) co5300_spi: The 3Ah command has been used and will be overwritten by external initialization sequence
[00:19:30] I (1160) CST816S: IC id: 183
[00:19:30] TINYDRAW_VECTOR_V2_PRESENTATION experiment=boundary-top-sweep te_edge=rising clock_mhz=50 optical_acceptance=external_manual
[00:19:30] TINYDRAW_LIVE_PRESENT kind=startup zoom=25 x=0 y=0 compose_us=26076 scroll_us=0 exposed_compose_us=0 chrome_us=15750 read_submit_us=0 read_complete_us=0 transfer_wait_us=33117 tile_pixels=0 uniform_pixels=0 overview_pixels=164864 fallback_pixels=0 resident_tiles=0 fallback_tiles=0 pushes=11 tear_wait_us=15012 tear_edge_isr_to_resume_us=10 tear_edge_observed=1 tear_edge_wait_resumed=1 tear_edge_timeout=0 tear_heal_attempted=0 tear_heal_command_sent=0 presentation_experiment=boundary-top-sweep te_edge=rising clock_mhz=50 frame_reused=0 pass=1
[00:19:31] TINYDRAW_LIVE_STRESS operations=1000 samples=20000 total_us=443865 average_us=443 maximum_us=794 free_psram=1879376 largest_psram=1867776
[00:19:31] TINYDRAW_LIVE_PRESENT kind=gate_fallback zoom=100 x=0 y=0 compose_us=16425 scroll_us=0 exposed_compose_us=0 chrome_us=15717 read_submit_us=22659 read_complete_us=39124 transfer_wait_us=32516 tile_pixels=0 uniform_pixels=0 overview_pixels=0 fallback_pixels=164864 resident_tiles=0 fallback_tiles=42 pushes=11 tear_wait_us=6100 tear_edge_isr_to_resume_us=10 tear_edge_observed=1 tear_edge_wait_resumed=1 tear_edge_timeout=0 tear_heal_attempted=0 tear_heal_command_sent=0 presentation_experiment=boundary-top-sweep te_edge=rising clock_mhz=50 frame_reused=0 pass=1
[00:19:31] TINYDRAW_GATE1_HARD zoom=100 cold=1 operations=1000 samples=20000 steps=192 tiles=42 scanned=12000 rendered=1659 max_supertask_us=9750 presentation_us=71246 total_us=280205 pass=1
[00:19:31] TINYDRAW_LIVE_PRESENT kind=gate_fallback zoom=400 x=0 y=0 compose_us=15735 scroll_us=0 exposed_compose_us=0 chrome_us=15533 read_submit_us=29274 read_complete_us=45649 transfer_wait_us=33068 tile_pixels=0 uniform_pixels=0 overview_pixels=0 fallback_pixels=164864 resident_tiles=0 fallback_tiles=42 pushes=11 tear_wait_us=13410 tear_edge_isr_to_resume_us=9 tear_edge_observed=1 tear_edge_wait_resumed=1 tear_edge_timeout=0 tear_heal_attempted=0 tear_heal_command_sent=0 presentation_experiment=boundary-top-sweep te_edge=rising clock_mhz=50 frame_reused=0 pass=1
[00:19:31] TINYDRAW_GATE1_HARD zoom=400 cold=1 operations=1000 samples=20000 steps=196 tiles=42 scanned=12000 rendered=120 max_supertask_us=9099 presentation_us=68462 total_us=213760 pass=1
[00:19:32] TINYDRAW_OVERLAP_WORKLOAD operations=8 samples=1200 radius_world=80
[00:19:33] TINYDRAW_GATE1_PACED_COLD corpus=overlap zoom=50 x=215 y=255 steps=334 tiles=56 compute_us=383152 present_us=89393 touch_us=833 pacing_us=10079 wall_us=483457 max_tick_us=10606 touch_samples=2288 touch_interval_max_us=1639 touch_read_max_us=589 touch_events=0 touch_down=0 touch_up=0 touch_events_ge_8ms=0 touch_event_age_max_us=0 touch_errors=0 touch_overflows=0 pass=1
[00:19:33] TINYDRAW_GATE1_PACED_COLD corpus=overlap zoom=100 x=583 y=703 steps=172 tiles=48 compute_us=240286 present_us=83219 touch_us=543 pacing_us=5925 wall_us=329973 max_tick_us=10067 touch_samples=416 touch_interval_max_us=1744 touch_read_max_us=532 touch_events=0 touch_down=0 touch_up=0 touch_events_ge_8ms=0 touch_event_age_max_us=0 touch_errors=0 touch_overflows=0 pass=1
[00:19:33] TINYDRAW_GATE1_PACED_COLD corpus=overlap zoom=200 x=1319 y=1599 steps=128 tiles=56 compute_us=243170 present_us=86586 touch_us=481 pacing_us=6736 wall_us=336973 max_tick_us=10114 touch_samples=427 touch_interval_max_us=1141 touch_read_max_us=451 touch_events=0 touch_down=0 touch_up=0 touch_events_ge_8ms=0 touch_event_age_max_us=0 touch_errors=0 touch_overflows=0 pass=1
[00:19:34] TINYDRAW_GATE1_PACED_COLD corpus=overlap zoom=400 x=2791 y=3391 steps=94 tiles=56 compute_us=228696 present_us=82691 touch_us=447 pacing_us=5139 wall_us=316973 max_tick_us=10377 touch_samples=400 touch_interval_max_us=1169 touch_read_max_us=433 touch_events=0 touch_down=0 touch_up=0 touch_events_ge_8ms=0 touch_event_age_max_us=0 touch_errors=0 touch_overflows=0 pass=1
[00:19:34] TINYDRAW_ADVERSARIAL_TAPERED_WORKLOAD operations=128 samples=4096 erasers=12 load_us=222933 appended=1
[00:19:34] TINYDRAW_GATE1_PACED_COLD corpus=adversarial_tapered_4x zoom=50 x=0 y=0 steps=104 tiles=42 compute_us=99964 present_us=64689 touch_us=368 pacing_us=3953 wall_us=168974 max_tick_us=7661 touch_samples=507 touch_interval_max_us=1138 touch_read_max_us=411 touch_events=0 touch_down=0 touch_up=0 touch_events_ge_8ms=0 touch_event_age_max_us=0 touch_errors=0 touch_overflows=0 pass=1
[00:19:35] TINYDRAW_GATE1_PACED_COLD corpus=adversarial_tapered_4x zoom=100 x=0 y=0 steps=348 tiles=42 compute_us=166077 present_us=62857 touch_us=498 pacing_us=6542 wall_us=235974 max_tick_us=9378 touch_samples=319 touch_interval_max_us=1120 touch_read_max_us=395 touch_events=0 touch_down=0 touch_up=0 touch_events_ge_8ms=0 touch_event_age_max_us=0 touch_errors=0 touch_overflows=0 pass=1
[00:19:35] TINYDRAW_GATE1_PACED_COLD corpus=adversarial_tapered_4x zoom=200 x=0 y=0 steps=1214 tiles=42 compute_us=460643 present_us=64739 touch_us=1164 pacing_us=18427 wall_us=544973 max_tick_us=10324 touch_samples=628 touch_interval_max_us=1149 touch_read_max_us=417 touch_events=0 touch_down=0 touch_up=0 touch_events_ge_8ms=0 touch_event_age_max_us=0 touch_errors=0 touch_overflows=0 pass=1
[00:19:36] TINYDRAW_GATE1_PACED_COLD corpus=adversarial_tapered_4x zoom=400 x=0 y=0 steps=904 tiles=42 compute_us=568266 present_us=69450 touch_us=1233 pacing_us=15194 wall_us=654143 max_tick_us=9860 touch_samples=730 touch_interval_max_us=1165 touch_read_max_us=427 touch_events=0 touch_down=0 touch_up=0 touch_events_ge_8ms=0 touch_event_age_max_us=0 touch_errors=0 touch_overflows=0 pass=1
[00:19:36] TINYDRAW_GATE1_WORKLOAD kind=realistic seed=7 operations=1000 samples=19844 maximum_stroke=198 load_us=364435 raw_source=1 lod_copies=0
[00:19:37] TINYDRAW_GATE1_PACED_COLD corpus=seed7 zoom=400 x=63 y=63 steps=281 tiles=56 compute_us=283664 present_us=85290 touch_us=560 pacing_us=8459 wall_us=377973 max_tick_us=13085 touch_samples=932 touch_interval_max_us=1483 touch_read_max_us=469 touch_events=0 touch_down=0 touch_up=0 touch_events_ge_8ms=0 touch_event_age_max_us=0 touch_errors=0 touch_overflows=0 pass=1
[00:19:37] TINYDRAW_LIVE_PRESENT kind=gate_fallback zoom=100 x=0 y=0 compose_us=16750 scroll_us=0 exposed_compose_us=0 chrome_us=15625 read_submit_us=21873 read_complete_us=38358 transfer_wait_us=32974 tile_pixels=0 uniform_pixels=0 overview_pixels=0 fallback_pixels=164864 resident_tiles=0 fallback_tiles=42 pushes=11 tear_wait_us=4994 tear_edge_isr_to_resume_us=9 tear_edge_observed=1 tear_edge_wait_resumed=1 tear_edge_timeout=0 tear_heal_attempted=0 tear_heal_command_sent=0 presentation_experiment=boundary-top-sweep te_edge=rising clock_mhz=50 frame_reused=0 pass=1
[00:19:37] TINYDRAW_GATE1_HARD zoom=100 cold=1 operations=1000 samples=19844 steps=275 tiles=42 scanned=12000 rendered=5232 max_supertask_us=9883 presentation_us=68452 total_us=383437 pass=1
[00:19:37] TINYDRAW_GATE1_OVERLAY_CANVAS regions=zoom,minimap,toolbar,battery operations=4 presentation_mutations=0 authority=1 pass=1
[00:19:38] TINYDRAW_GATE1_LIVE_OVERLAY clear_updates=47 clear_wall_max_us=2935 clear_submit_max_us=1833 clear_complete_max_us=2191 overlay_updates=47 overlay_wall_max_us=2920 overlay_submit_max_us=2069 overlay_complete_max_us=2398 overlay_chrome_max_us=109 clear_failures=0 overlay_failures=0 pass=1
[00:19:38] TINYDRAW_EDGE_INK corners=4 edge_failures=0 pass=1
[00:19:38] TINYDRAW_GATE1_PAN zoom=100 from_x=0 from_y=0 to_x=88 to_y=88 compose_us=15912 scroll_us=12 exposed_compose_us=15900 chrome_us=14611 event_submit_us=35061 event_complete_us=39004 transfer_us=16961 setup=1 present=1 moved=1 frame_reused=1 pass=1
[00:19:38] TINYDRAW_LIVE_PRESENT kind=gate_fallback zoom=400 x=0 y=0 compose_us=16062 scroll_us=0 exposed_compose_us=0 chrome_us=15602 read_submit_us=22799 read_complete_us=39211 transfer_wait_us=32501 tile_pixels=0 uniform_pixels=0 overview_pixels=0 fallback_pixels=164864 resident_tiles=0 fallback_tiles=42 pushes=11 tear_wait_us=6601 tear_edge_isr_to_resume_us=11 tear_edge_observed=1 tear_edge_wait_resumed=1 tear_edge_timeout=0 tear_heal_attempted=0 tear_heal_command_sent=0 presentation_experiment=boundary-top-sweep te_edge=rising clock_mhz=50 frame_reused=0 pass=1
[00:19:39] TINYDRAW_GATE1_HARD zoom=400 cold=1 operations=1008 samples=19852 steps=217 tiles=42 scanned=12096 rendered=592 max_supertask_us=11347 presentation_us=69614 total_us=275087 pass=1
[00:19:39] TINYDRAW_GATE1_PAN zoom=400 from_x=0 from_y=0 to_x=88 to_y=88 compose_us=15944 scroll_us=12 exposed_compose_us=15932 chrome_us=14557 event_submit_us=31059 event_complete_us=34995 transfer_us=16967 setup=1 present=1 moved=1 frame_reused=1 pass=1
[00:19:43] TINYDRAW_PANSEQ_FRAME zoom=100 step=0 dx=24 dy=18 scroll_us=12 exposed_compose_us=4806 tear_wait_us=15953 present_us=16846 prepare_us=13979 acquire_wait_us=35 ring_copy_us=6041 patch_us=1414 byte_swap_us=6524 staging_us=1671 event_submit_us=34147 event_complete_us=38102 frame_us=50973 tear_edge_observed=1 frame_reused=1 pass=1
[00:19:43] TINYDRAW_PANSEQ_FRAME zoom=100 step=1 dx=24 dy=18 scroll_us=11 exposed_compose_us=4862 tear_wait_us=15369 present_us=17401 prepare_us=13938 acquire_wait_us=32 ring_copy_us=6047 patch_us=1356 byte_swap_us=6535 staging_us=1693 event_submit_us=33553 event_complete_us=37485 frame_us=50935 tear_edge_observed=1 frame_reused=1 pass=1
[00:19:43] TINYDRAW_PANSEQ_FRAME zoom=100 step=2 dx=24 dy=18 scroll_us=12 exposed_compose_us=4433 tear_wait_us=15263 present_us=16961 prepare_us=13984 acquire_wait_us=28 ring_copy_us=6078 patch_us=1365 byte_swap_us=6541 staging_us=1655 event_submit_us=32988 event_complete_us=36911 frame_us=49931 tear_edge_observed=1 frame_reused=1 pass=1
[00:19:43] TINYDRAW_PANSEQ_FRAME zoom=100 step=3 dx=24 dy=18 scroll_us=11 exposed_compose_us=5089 tear_wait_us=15049 present_us=17512 prepare_us=13902 acquire_wait_us=35 ring_copy_us=5985 patch_us=1401 byte_swap_us=6516 staging_us=1709 event_submit_us=33470 event_complete_us=37409 frame_us=50931 tear_edge_observed=1 frame_reused=1 pass=1
[00:19:43] TINYDRAW_PANSEQ_FRAME zoom=100 step=4 dx=24 dy=18 scroll_us=12 exposed_compose_us=4575 tear_wait_us=14950 present_us=17098 prepare_us=13994 acquire_wait_us=31 ring_copy_us=6083 patch_us=1376 byte_swap_us=6535 staging_us=1660 event_submit_us=32854 event_complete_us=36777 frame_us=49933 tear_edge_observed=1 frame_reused=1 pass=1
[00:19:43] TINYDRAW_PANSEQ_FRAME zoom=100 step=5 dx=24 dy=18 scroll_us=12 exposed_compose_us=4880 tear_wait_us=15045 present_us=16678 prepare_us=13925 acquire_wait_us=42 ring_copy_us=6008 patch_us=1407 byte_swap_us=6510 staging_us=1666 event_submit_us=33272 event_complete_us=37204 frame_us=49931 tear_edge_observed=1 frame_reused=1 pass=1
[00:19:43] TINYDRAW_PANSEQ_FRAME zoom=100 step=6 dx=24 dy=18 scroll_us=12 exposed_compose_us=4492 tear_wait_us=15871 present_us=17270 prepare_us=13974 acquire_wait_us=37 ring_copy_us=6065 patch_us=1363 byte_swap_us=6546 staging_us=1675 event_submit_us=33703 event_complete_us=37628 frame_us=50934 tear_edge_observed=1 frame_reused=1 pass=1
[00:19:43] TINYDRAW_PANSEQ_FRAME zoom=100 step=7 dx=24 dy=18 scroll_us=11 exposed_compose_us=4973 tear_wait_us=14807 present_us=16867 prepare_us=13936 acquire_wait_us=23 ring_copy_us=6005 patch_us=1385 byte_swap_us=6546 staging_us=1691 event_submit_us=33080 event_complete_us=37043 frame_us=49924 tear_edge_observed=1 frame_reused=1 pass=1
[00:19:43] TINYDRAW_PANSEQ_FRAME zoom=100 step=8 dx=24 dy=18 scroll_us=12 exposed_compose_us=4935 tear_wait_us=15234 present_us=17447 prepare_us=13934 acquire_wait_us=27 ring_copy_us=6032 patch_us=1367 byte_swap_us=6535 staging_us=1707 event_submit_us=33507 event_complete_us=37455 frame_us=50931 tear_edge_observed=1 frame_reused=1 pass=1
[00:19:43] TINYDRAW_PANSEQ_FRAME zoom=100 step=9 dx=24 dy=18 scroll_us=12 exposed_compose_us=4919 tear_wait_us=14663 present_us=17044 prepare_us=13943 acquire_wait_us=35 ring_copy_us=6020 patch_us=1387 byte_swap_us=6536 staging_us=1675 event_submit_us=32916 event_complete_us=36827 frame_us=49936 tear_edge_observed=1 frame_reused=1 pass=1
[00:19:43] TINYDRAW_PANSEQ_FRAME zoom=100 step=10 dx=24 dy=18 scroll_us=12 exposed_compose_us=4564 tear_wait_us=15446 present_us=16642 prepare_us=13936 acquire_wait_us=39 ring_copy_us=6026 patch_us=1393 byte_swap_us=6517 staging_us=1676 event_submit_us=33317 event_complete_us=37215 frame_us=49939 tear_edge_observed=1 frame_reused=1 pass=1
[00:19:43] TINYDRAW_PANSEQ_FRAME zoom=100 step=11 dx=24 dy=18 scroll_us=22 exposed_compose_us=5346 tear_wait_us=15093 present_us=17204 prepare_us=13978 acquire_wait_us=30 ring_copy_us=6093 patch_us=1324 byte_swap_us=6561 staging_us=1671 event_submit_us=33738 event_complete_us=37671 frame_us=50925 tear_edge_observed=1 frame_reused=1 pass=1
[00:19:43] TINYDRAW_PANSEQ_FRAME zoom=100 step=12 dx=24 dy=18 scroll_us=12 exposed_compose_us=4667 tear_wait_us=15142 present_us=16777 prepare_us=13989 acquire_wait_us=29 ring_copy_us=6064 patch_us=1414 byte_swap_us=6511 staging_us=1637 event_submit_us=33173 event_complete_us=37123 frame_us=49943 tear_edge_observed=1 frame_reused=1 pass=1
[00:19:43] TINYDRAW_PANSEQ_FRAME zoom=100 step=13 dx=24 dy=18 scroll_us=11 exposed_compose_us=4950 tear_wait_us=15347 present_us=17342 prepare_us=13904 acquire_wait_us=23 ring_copy_us=6009 patch_us=1369 byte_swap_us=6526 staging_us=1721 event_submit_us=33601 event_complete_us=37577 frame_us=50919 tear_edge_observed=1 frame_reused=1 pass=1
[00:19:43] TINYDRAW_PANSEQ_FRAME zoom=100 step=14 dx=24 dy=18 scroll_us=11 exposed_compose_us=4757 tear_wait_us=14875 present_us=16918 prepare_us=14006 acquire_wait_us=41 ring_copy_us=6087 patch_us=1384 byte_swap_us=6535 staging_us=1643 event_submit_us=33031 event_complete_us=36957 frame_us=49928 tear_edge_observed=1 frame_reused=1 pass=1
[00:19:43] TINYDRAW_PANSEQ_FRAME zoom=100 step=15 dx=24 dy=18 scroll_us=11 exposed_compose_us=5094 tear_wait_us=15117 present_us=17485 prepare_us=13924 acquire_wait_us=22 ring_copy_us=6007 patch_us=1380 byte_swap_us=6537 staging_us=1696 event_submit_us=33483 event_complete_us=37416 frame_us=50932 tear_edge_observed=1 frame_reused=1 pass=1
[00:19:43] TINYDRAW_PANSEQ_FRAME zoom=100 step=16 dx=72 dy=54 scroll_us=12 exposed_compose_us=12993 tear_wait_us=6656 present_us=17057 prepare_us=13952 acquire_wait_us=29 ring_copy_us=6008 patch_us=1402 byte_swap_us=6542 staging_us=1686 event_submit_us=32903 event_complete_us=36822 frame_us=49931 tear_edge_observed=1 frame_reused=1 pass=1
[00:19:43] TINYDRAW_PANSEQ_FRAME zoom=100 step=17 dx=72 dy=54 scroll_us=12 exposed_compose_us=12849 tear_wait_us=7184 present_us=16639 prepare_us=13898 acquire_wait_us=27 ring_copy_us=5987 patch_us=1405 byte_swap_us=6506 staging_us=1665 event_submit_us=33313 event_complete_us=37211 frame_us=49932 tear_edge_observed=1 frame_reused=1 pass=1
[00:19:43] TINYDRAW_PANSEQ_FRAME zoom=100 step=18 dx=72 dy=54 scroll_us=12 exposed_compose_us=12186 tear_wait_us=8334 present_us=17211 prepare_us=13986 acquire_wait_us=37 ring_copy_us=6096 patch_us=1318 byte_swap_us=6572 staging_us=1687 event_submit_us=33743 event_complete_us=37688 frame_us=50933 tear_edge_observed=1 frame_reused=1 pass=1
[00:19:43] TINYDRAW_PANSEQ_FRAME zoom=100 step=19 dx=72 dy=54 scroll_us=21 exposed_compose_us=12407 tear_wait_us=7523 present_us=16783 prepare_us=13954 acquire_wait_us=31 ring_copy_us=6053 patch_us=1393 byte_swap_us=6508 staging_us=1679 event_submit_us=33169 event_complete_us=37141 frame_us=49938 tear_edge_observed=1 frame_reused=1 pass=1
[00:19:44] TINYDRAW_PANSEQ_FRAME zoom=100 step=20 dx=-72 dy=-54 scroll_us=12 exposed_compose_us=13114 tear_wait_us=7259 present_us=17356 prepare_us=13954 acquire_wait_us=23 ring_copy_us=6053 patch_us=1372 byte_swap_us=6529 staging_us=1693 event_submit_us=33589 event_complete_us=37548 frame_us=50930 tear_edge_observed=1 frame_reused=1 pass=1
[00:19:44] TINYDRAW_PANSEQ_FRAME zoom=100 step=21 dx=-72 dy=-54 scroll_us=11 exposed_compose_us=12911 tear_wait_us=6843 present_us=16929 prepare_us=14002 acquire_wait_us=30 ring_copy_us=6085 patch_us=1382 byte_swap_us=6535 staging_us=1645 event_submit_us=33019 event_complete_us=36946 frame_us=49931 tear_edge_observed=1 frame_reused=1 pass=1
[00:19:44] TINYDRAW_PANSEQ_FRAME zoom=100 step=22 dx=-72 dy=-54 scroll_us=12 exposed_compose_us=12904 tear_wait_us=7296 present_us=17503 prepare_us=13926 acquire_wait_us=33 ring_copy_us=6002 patch_us=1396 byte_swap_us=6528 staging_us=1690 event_submit_us=33473 event_complete_us=37397 frame_us=50929 tear_edge_observed=1 frame_reused=1 pass=1
[00:19:44] TINYDRAW_PANSEQ_FRAME zoom=100 step=23 dx=-72 dy=-54 scroll_us=11 exposed_compose_us=12399 tear_wait_us=7214 present_us=17102 prepare_us=13947 acquire_wait_us=31 ring_copy_us=6031 patch_us=1373 byte_swap_us=6543 staging_us=1686 event_submit_us=32851 event_complete_us=36767 frame_us=49932 tear_edge_observed=1 frame_reused=1 pass=1
[00:19:44] TINYDRAW_PANSEQ_STRIP zoom=100 strip=0 panel_y=0 rows=44 samples=24 staging_mean_us=2067 staging_max_us=2094 wire_budget_us=1619 over_budget_us=475 pass=0
[00:19:44] TINYDRAW_PANSEQ_STRIP zoom=100 strip=1 panel_y=44 rows=44 samples=24 staging_mean_us=1644 staging_max_us=1675 wire_budget_us=1619 over_budget_us=56 pass=0
[00:19:44] TINYDRAW_PANSEQ_STRIP zoom=100 strip=2 panel_y=88 rows=44 samples=24 staging_mean_us=1569 staging_max_us=1589 wire_budget_us=1619 over_budget_us=0 pass=1
[00:19:44] TINYDRAW_PANSEQ_STRIP zoom=100 strip=3 panel_y=132 rows=44 samples=24 staging_mean_us=1572 staging_max_us=1591 wire_budget_us=1619 over_budget_us=0 pass=1
[00:19:44] TINYDRAW_PANSEQ_STRIP zoom=100 strip=4 panel_y=176 rows=44 samples=24 staging_mean_us=1564 staging_max_us=1586 wire_budget_us=1619 over_budget_us=0 pass=1
[00:19:44] TINYDRAW_PANSEQ_STRIP zoom=100 strip=5 panel_y=220 rows=44 samples=24 staging_mean_us=1533 staging_max_us=1548 wire_budget_us=1619 over_budget_us=0 pass=1
[00:19:44] TINYDRAW_PANSEQ_STRIP zoom=100 strip=6 panel_y=264 rows=44 samples=24 staging_mean_us=1647 staging_max_us=1668 wire_budget_us=1619 over_budget_us=49 pass=0
[00:19:44] TINYDRAW_PANSEQ_STRIP zoom=100 strip=7 panel_y=308 rows=44 samples=24 staging_mean_us=1649 staging_max_us=1666 wire_budget_us=1619 over_budget_us=47 pass=0
[00:19:44] TINYDRAW_PANSEQ_STRIP zoom=100 strip=8 panel_y=352 rows=20 samples=24 staging_mean_us=735 staging_max_us=760 wire_budget_us=736 over_budget_us=24 pass=0
[00:19:44] TINYDRAW_GATE1_PANSEQ zoom=100 frames=24 scroll_avg_us=12 exposed_avg_us=7462 tear_wait_avg_us=12563 present_avg_us=17086 prepare_avg_us=13952 acquire_wait_avg_us=31 ring_copy_avg_us=6040 patch_avg_us=1380 byte_swap_avg_us=6532 staging_avg_us=1678 frame_avg_us=50391 frame_p50_us=49939 frame_p95_us=50935 frame_max_us=50973 complete_p50_us=37211 complete_p95_us=37688 complete_max_us=38102 tear_edge_failures=0 presentation_experiment=boundary-top-sweep te_edge=rising clock_mhz=50 strip_samples=216 staging_mean_us=1553 staging_max_us=2094 worst_strip=0 worst_strip_y=0 worst_wire_budget_us=1619 worst_headroom_us=-475 staging_invariant=0 all_reused=1 pass=0
[00:19:47] TINYDRAW_PANSEQ_FRAME zoom=400 step=0 dx=24 dy=18 scroll_us=12 exposed_compose_us=4830 tear_wait_us=16185 present_us=16634 prepare_us=13944 acquire_wait_us=32 ring_copy_us=6030 patch_us=1397 byte_swap_us=6517 staging_us=1668 event_submit_us=34368 event_complete_us=38277 frame_us=50983 tear_edge_observed=1 frame_reused=1 pass=1
[00:19:47] TINYDRAW_PANSEQ_FRAME zoom=400 step=1 dx=24 dy=18 scroll_us=12 exposed_compose_us=4737 tear_wait_us=15605 present_us=17265 prepare_us=13952 acquire_wait_us=34 ring_copy_us=6051 patch_us=1358 byte_swap_us=6543 staging_us=1691 event_submit_us=33691 event_complete_us=37627 frame_us=50923 tear_edge_observed=1 frame_reused=1 pass=1
[00:19:47] TINYDRAW_PANSEQ_FRAME zoom=400 step=2 dx=24 dy=18 scroll_us=11 exposed_compose_us=4384 tear_wait_us=15379 present_us=16900 prepare_us=14055 acquire_wait_us=35 ring_copy_us=6128 patch_us=1412 byte_swap_us=6515 staging_us=1627 event_submit_us=33045 event_complete_us=36979 frame_us=49924 tear_edge_observed=1 frame_reused=1 pass=1
[00:19:47] TINYDRAW_PANSEQ_FRAME zoom=400 step=3 dx=24 dy=18 scroll_us=11 exposed_compose_us=4879 tear_wait_us=15270 present_us=17522 prepare_us=13895 acquire_wait_us=27 ring_copy_us=5986 patch_us=1387 byte_swap_us=6522 staging_us=1707 event_submit_us=33451 event_complete_us=37394 frame_us=50934 tear_edge_observed=1 frame_reused=1 pass=1
[00:19:47] TINYDRAW_PANSEQ_FRAME zoom=400 step=4 dx=24 dy=18 scroll_us=12 exposed_compose_us=4325 tear_wait_us=15283 present_us=17130 prepare_us=13986 acquire_wait_us=32 ring_copy_us=6079 patch_us=1361 byte_swap_us=6546 staging_us=1676 event_submit_us=32820 event_complete_us=36765 frame_us=49932 tear_edge_observed=1 frame_reused=1 pass=1
[00:19:47] TINYDRAW_PANSEQ_FRAME zoom=400 step=5 dx=24 dy=18 scroll_us=12 exposed_compose_us=4682 tear_wait_us=15233 present_us=16735 prepare_us=13908 acquire_wait_us=34 ring_copy_us=6014 patch_us=1383 byte_swap_us=6511 staging_us=1678 event_submit_us=33216 event_complete_us=37148 frame_us=49931 tear_edge_observed=1 frame_reused=1 pass=1
[00:19:47] TINYDRAW_PANSEQ_FRAME zoom=400 step=6 dx=24 dy=18 scroll_us=12 exposed_compose_us=4517 tear_wait_us=15778 present_us=17358 prepare_us=13971 acquire_wait_us=36 ring_copy_us=6075 patch_us=1373 byte_swap_us=6523 staging_us=1690 event_submit_us=33583 event_complete_us=37529 frame_us=50929 tear_edge_observed=1 frame_reused=1 pass=1
[00:19:47] TINYDRAW_PANSEQ_FRAME zoom=400 step=7 dx=24 dy=18 scroll_us=12 exposed_compose_us=5139 tear_wait_us=14618 present_us=16965 prepare_us=13951 acquire_wait_us=22 ring_copy_us=6041 patch_us=1372 byte_swap_us=6538 staging_us=1668 event_submit_us=32981 event_complete_us=36915 frame_us=49927 tear_edge_observed=1 frame_reused=1 pass=1
[00:19:47] TINYDRAW_PANSEQ_FRAME zoom=400 step=8 dx=24 dy=18 scroll_us=12 exposed_compose_us=5183 tear_wait_us=14966 present_us=17585 prepare_us=13885 acquire_wait_us=34 ring_copy_us=5963 patch_us=1421 byte_swap_us=6501 staging_us=1684 event_submit_us=33366 event_complete_us=37269 frame_us=50931 tear_edge_observed=1 frame_reused=1 pass=1
[00:19:47] TINYDRAW_PANSEQ_FRAME zoom=400 step=9 dx=24 dy=18 scroll_us=12 exposed_compose_us=5167 tear_wait_us=14373 present_us=17209 prepare_us=13884 acquire_wait_us=29 ring_copy_us=5998 patch_us=1341 byte_swap_us=6545 staging_us=1710 event_submit_us=32744 event_complete_us=36652 frame_us=49935 tear_edge_observed=1 frame_reused=1 pass=1
[00:19:47] TINYDRAW_PANSEQ_FRAME zoom=400 step=10 dx=24 dy=18 scroll_us=11 exposed_compose_us=4772 tear_wait_us=15054 present_us=16851 prepare_us=14017 acquire_wait_us=29 ring_copy_us=6092 patch_us=1401 byte_swap_us=6524 staging_us=1634 event_submit_us=33099 event_complete_us=37053 frame_us=49931 tear_edge_observed=1 frame_reused=1 pass=1
[00:19:47] TINYDRAW_PANSEQ_FRAME zoom=400 step=11 dx=24 dy=18 scroll_us=11 exposed_compose_us=5652 tear_wait_us=14545 present_us=17476 prepare_us=13922 acquire_wait_us=31 ring_copy_us=6010 patch_us=1387 byte_swap_us=6525 staging_us=1701 event_submit_us=33480 event_complete_us=37402 frame_us=50931 tear_edge_observed=1 frame_reused=1 pass=1
[00:19:47] TINYDRAW_PANSEQ_FRAME zoom=400 step=12 dx=24 dy=18 scroll_us=12 exposed_compose_us=5023 tear_wait_us=14625 present_us=17070 prepare_us=13982 acquire_wait_us=25 ring_copy_us=6065 patch_us=1385 byte_swap_us=6532 staging_us=1660 event_submit_us=32890 event_complete_us=36825 frame_us=49935 tear_edge_observed=1 frame_reused=1 pass=1
[00:19:47] TINYDRAW_PANSEQ_FRAME zoom=400 step=13 dx=24 dy=18 scroll_us=11 exposed_compose_us=5237 tear_wait_us=14824 present_us=16699 prepare_us=13888 acquire_wait_us=38 ring_copy_us=5972 patch_us=1411 byte_swap_us=6505 staging_us=1724 event_submit_us=33252 event_complete_us=37195 frame_us=49928 tear_edge_observed=1 frame_reused=1 pass=1
[00:19:47] TINYDRAW_PANSEQ_FRAME zoom=400 step=14 dx=24 dy=18 scroll_us=11 exposed_compose_us=5037 tear_wait_us=15350 present_us=17305 prepare_us=13918 acquire_wait_us=23 ring_copy_us=6039 patch_us=1350 byte_swap_us=6529 staging_us=1718 event_submit_us=33667 event_complete_us=37594 frame_us=50925 tear_edge_observed=1 frame_reused=1 pass=1
[00:19:47] TINYDRAW_PANSEQ_FRAME zoom=400 step=15 dx=24 dy=18 scroll_us=12 exposed_compose_us=5331 tear_wait_us=14512 present_us=16920 prepare_us=13963 acquire_wait_us=32 ring_copy_us=6028 patch_us=1392 byte_swap_us=6543 staging_us=1662 event_submit_us=33026 event_complete_us=36952 frame_us=49929 tear_edge_observed=1 frame_reused=1 pass=1
[00:19:47] TINYDRAW_PANSEQ_FRAME zoom=400 step=16 dx=72 dy=54 scroll_us=11 exposed_compose_us=13795 tear_wait_us=6398 present_us=17528 prepare_us=13955 acquire_wait_us=30 ring_copy_us=6022 patch_us=1409 byte_swap_us=6524 staging_us=1688 event_submit_us=33448 event_complete_us=37393 frame_us=50930 tear_edge_observed=1 frame_reused=1 pass=1
[00:19:47] TINYDRAW_PANSEQ_FRAME zoom=400 step=17 dx=72 dy=54 scroll_us=12 exposed_compose_us=13399 tear_wait_us=6243 present_us=17164 prepare_us=13940 acquire_wait_us=43 ring_copy_us=6046 patch_us=1313 byte_swap_us=6581 staging_us=1701 event_submit_us=32788 event_complete_us=36717 frame_us=49931 tear_edge_observed=1 frame_reused=1 pass=1
[00:19:47] TINYDRAW_PANSEQ_FRAME zoom=400 step=18 dx=72 dy=54 scroll_us=11 exposed_compose_us=13451 tear_wait_us=6562 present_us=16785 prepare_us=13965 acquire_wait_us=31 ring_copy_us=6078 patch_us=1379 byte_swap_us=6508 staging_us=1662 event_submit_us=33170 event_complete_us=37121 frame_us=49945 tear_edge_observed=1 frame_reused=1 pass=1
[00:19:47] TINYDRAW_PANSEQ_FRAME zoom=400 step=19 dx=72 dy=54 scroll_us=11 exposed_compose_us=14369 tear_wait_us=6075 present_us=17409 prepare_us=13877 acquire_wait_us=35 ring_copy_us=5968 patch_us=1391 byte_swap_us=6518 staging_us=1729 event_submit_us=33531 event_complete_us=37444 frame_us=50918 tear_edge_observed=1 frame_reused=1 pass=1
[00:19:47] TINYDRAW_PANSEQ_FRAME zoom=400 step=20 dx=-72 dy=-54 scroll_us=12 exposed_compose_us=13909 tear_wait_us=5770 present_us=17051 prepare_us=13976 acquire_wait_us=36 ring_copy_us=6064 patch_us=1389 byte_swap_us=6523 staging_us=1658 event_submit_us=32906 event_complete_us=36823 frame_us=49934 tear_edge_observed=1 frame_reused=1 pass=1
[00:19:47] TINYDRAW_PANSEQ_FRAME zoom=400 step=21 dx=-72 dy=-54 scroll_us=12 exposed_compose_us=13537 tear_wait_us=6597 present_us=16675 prepare_us=13893 acquire_wait_us=37 ring_copy_us=6000 patch_us=1389 byte_swap_us=6504 staging_us=1678 event_submit_us=33277 event_complete_us=37182 frame_us=49933 tear_edge_observed=1 frame_reused=1 pass=1
[00:19:47] TINYDRAW_PANSEQ_FRAME zoom=400 step=22 dx=-72 dy=-54 scroll_us=12 exposed_compose_us=13433 tear_wait_us=7165 present_us=17269 prepare_us=13959 acquire_wait_us=36 ring_copy_us=6035 patch_us=1369 byte_swap_us=6555 staging_us=1679 event_submit_us=33699 event_complete_us=37636 frame_us=50930 tear_edge_observed=1 frame_reused=1 pass=1
[00:19:47] TINYDRAW_PANSEQ_FRAME zoom=400 step=23 dx=-72 dy=-54 scroll_us=11 exposed_compose_us=12583 tear_wait_us=7347 present_us=16877 prepare_us=13954 acquire_wait_us=33 ring_copy_us=6037 patch_us=1387 byte_swap_us=6530 staging_us=1685 event_submit_us=33069 event_complete_us=37004 frame_us=49927 tear_edge_observed=1 frame_reused=1 pass=1
[00:19:47] TINYDRAW_PANSEQ_STRIP zoom=400 strip=0 panel_y=0 rows=44 samples=24 staging_mean_us=2066 staging_max_us=2085 wire_budget_us=1619 over_budget_us=466 pass=0
[00:19:47] TINYDRAW_PANSEQ_STRIP zoom=400 strip=1 panel_y=44 rows=44 samples=24 staging_mean_us=1639 staging_max_us=1676 wire_budget_us=1619 over_budget_us=57 pass=0
[00:19:47] TINYDRAW_PANSEQ_STRIP zoom=400 strip=2 panel_y=88 rows=44 samples=24 staging_mean_us=1568 staging_max_us=1590 wire_budget_us=1619 over_budget_us=0 pass=1
[00:19:47] TINYDRAW_PANSEQ_STRIP zoom=400 strip=3 panel_y=132 rows=44 samples=24 staging_mean_us=1571 staging_max_us=1589 wire_budget_us=1619 over_budget_us=0 pass=1
[00:19:47] TINYDRAW_PANSEQ_STRIP zoom=400 strip=4 panel_y=176 rows=44 samples=24 staging_mean_us=1564 staging_max_us=1586 wire_budget_us=1619 over_budget_us=0 pass=1
[00:19:47] TINYDRAW_PANSEQ_STRIP zoom=400 strip=5 panel_y=220 rows=44 samples=24 staging_mean_us=1532 staging_max_us=1549 wire_budget_us=1619 over_budget_us=0 pass=1
[00:19:47] TINYDRAW_PANSEQ_STRIP zoom=400 strip=6 panel_y=264 rows=44 samples=24 staging_mean_us=1647 staging_max_us=1667 wire_budget_us=1619 over_budget_us=48 pass=0
[00:19:48] TINYDRAW_PANSEQ_STRIP zoom=400 strip=7 panel_y=308 rows=44 samples=24 staging_mean_us=1650 staging_max_us=1669 wire_budget_us=1619 over_budget_us=50 pass=0
[00:19:48] TINYDRAW_PANSEQ_STRIP zoom=400 strip=8 panel_y=352 rows=20 samples=24 staging_mean_us=735 staging_max_us=754 wire_budget_us=736 over_budget_us=18 pass=0
[00:19:48] TINYDRAW_GATE1_PANSEQ zoom=400 frames=24 scroll_avg_us=11 exposed_avg_us=7807 tear_wait_avg_us=12239 present_avg_us=17099 prepare_avg_us=13943 acquire_wait_avg_us=32 ring_copy_avg_us=6034 patch_avg_us=1381 byte_swap_avg_us=6527 staging_avg_us=1682 frame_avg_us=50349 frame_p50_us=49935 frame_p95_us=50934 frame_max_us=50983 complete_p50_us=37148 complete_p95_us=37636 complete_max_us=38277 tear_edge_failures=0 presentation_experiment=boundary-top-sweep te_edge=rising clock_mhz=50 strip_samples=216 staging_mean_us=1552 staging_max_us=2085 worst_strip=0 worst_strip_y=0 worst_wire_budget_us=1619 worst_headroom_us=-466 staging_invariant=0 all_reused=1 pass=0
[00:19:48] TINYDRAW_GATE1_DRAW_FILL zoom=400 revision=2148 append_us=1227 poll_gap_us=111 event_submit_us=2048 event_complete_us=2634 max_compute_slice_us=4844 max_display_slice_us=25830 fill_us=288831 revision_restarted=1 pass=1
[00:19:49] TINYDRAW_GATE1_CACHE_FILL zoom=50 x=63 y=63 published=56 total_us=554970 within_cold_gate=0 complete=1
[00:19:49] TINYDRAW_GATE1_CACHE_FILL zoom=100 x=63 y=63 published=56 total_us=523973 within_cold_gate=0 complete=1
[00:19:50] TINYDRAW_GATE1_CACHE_FILL zoom=200 x=63 y=63 published=56 total_us=428970 within_cold_gate=1 complete=1
[00:19:50] TINYDRAW_GATE1_CACHE_FILL zoom=400 x=63 y=63 published=56 total_us=391969 within_cold_gate=1 complete=1
[00:19:50] TINYDRAW_GATE1_CACHE_REVISIT zoom=50 remaining=0 tile_pixels=118128 fallback_pixels=0 compose_us=17702 complete_us=32899 hit=1
[00:19:50] TINYDRAW_GATE1_CACHE_REVISIT zoom=100 remaining=0 tile_pixels=164864 fallback_pixels=0 compose_us=19673 complete_us=32695 hit=1
[00:19:50] TINYDRAW_GATE1_CACHE_REVISIT zoom=200 remaining=0 tile_pixels=164864 fallback_pixels=0 compose_us=20625 complete_us=32519 hit=1
[00:19:50] TINYDRAW_GATE1_CACHE_REVISIT zoom=400 remaining=0 tile_pixels=164608 fallback_pixels=0 compose_us=21484 complete_us=32360 hit=1
[00:19:51] TINYDRAW_GATE1_CACHE_FILL zoom=400 x=575 y=575 published=56 total_us=421969 within_cold_gate=1 complete=1
[00:19:51] TINYDRAW_GATE1_CACHE_ROUND_TRIP zoom=50 from_x=63 from_y=63 via_x=575 via_y=575 remaining=0 tile_pixels=118128 fallback_pixels=0 compose_us=17820 complete_us=32439 hit=1
[00:19:51] TINYDRAW_GATE1_CACHE_ROUND_TRIP zoom=100 from_x=63 from_y=63 via_x=575 via_y=575 remaining=0 tile_pixels=164864 fallback_pixels=0 compose_us=19741 complete_us=32300 hit=1
[00:19:51] TINYDRAW_GATE1_CACHE_ROUND_TRIP zoom=200 from_x=63 from_y=63 via_x=575 via_y=575 remaining=0 tile_pixels=164864 fallback_pixels=0 compose_us=20494 complete_us=32176 hit=1
[00:19:51] TINYDRAW_GATE1_CACHE_ROUND_TRIP zoom=400 from_x=63 from_y=63 via_x=575 via_y=575 remaining=0 tile_pixels=164608 fallback_pixels=0 compose_us=21470 complete_us=32061 hit=1
[00:19:51] TINYDRAW_GATE1_CACHE_RETENTION pass=1 slots=448 revision=2148
[00:19:52] TINYDRAW_PAPER_SWEEP zoom=100 identities=644 raw=266 uniform=378 fallback=0 slots=448 total_us=1502718 pass=1
[00:19:58] TINYDRAW_GATE1_CACHE_TOUR slots=448 stops=16 forward_steps=2306 forward_tiles=832 forward_wall_us=2461381 return_missing_tiles=0 return_steps=16 return_tiles=0 return_wall_us=43532 home_missing=0 home_fallback_pixels=0 pass=1
[00:19:58] TINYDRAW_GATE1_MIXED_DRAW_WARM zoom=50 fill_tiles=56 fill_us=469845 raw=42 uniform=14
[00:19:59] TINYDRAW_GATE1_MIXED_DRAW_WARM zoom=100 fill_tiles=56 fill_us=435099 raw=56 uniform=0
[00:19:59] TINYDRAW_GATE1_MIXED_DRAW_WARM zoom=200 fill_tiles=56 fill_us=398400 raw=56 uniform=0
[00:20:00] TINYDRAW_GATE1_MIXED_DRAW_WARM zoom=400 fill_tiles=42 fill_us=272505 raw=42 uniform=0
[00:20:00] TINYDRAW_GATE1_MIXED_DRAW zoom=25 tool=pen chunks=50 append_max_us=9560 append_avg_us=8336 append_total_us=416847 affected_tiles=196 published=0 fallback=196 visible_fallback=0 committed=1 authority=1 refresh=1 run_ok=1 pass=1
[00:20:01] TINYDRAW_GATE1_MIXED_DRAW zoom=25 tool=eraser chunks=50 append_max_us=9610 append_avg_us=8273 append_total_us=413697 affected_tiles=0 published=0 fallback=0 visible_fallback=0 committed=1 authority=1 refresh=1 run_ok=1 pass=1
[00:20:03] TINYDRAW_GATE1_MIXED_DRAW zoom=50 tool=pen chunks=50 append_max_us=12454 append_avg_us=10247 append_total_us=512398 affected_tiles=422 published=400 fallback=22 visible_fallback=0 committed=1 authority=1 refresh=1 run_ok=1 pass=1
[00:20:04] TINYDRAW_GATE1_MIXED_DRAW zoom=50 tool=eraser chunks=50 append_max_us=11032 append_avg_us=9998 append_total_us=499908 affected_tiles=405 published=405 fallback=0 visible_fallback=0 committed=1 authority=1 refresh=1 run_ok=1 pass=1
[00:20:06] TINYDRAW_GATE1_MIXED_DRAW zoom=100 tool=pen chunks=50 append_max_us=10325 append_avg_us=8497 append_total_us=424866 affected_tiles=450 published=398 fallback=52 visible_fallback=0 committed=1 authority=1 refresh=1 run_ok=1 pass=1
[00:20:06] TINYDRAW_GATE1_MIXED_DRAW zoom=100 tool=eraser chunks=50 append_max_us=9181 append_avg_us=8278 append_total_us=413911 affected_tiles=399 published=399 fallback=0 visible_fallback=0 committed=1 authority=1 refresh=1 run_ok=1 pass=1
[00:20:08] TINYDRAW_GATE1_MIXED_DRAW zoom=200 tool=pen chunks=50 append_max_us=9765 append_avg_us=7911 append_total_us=395565 affected_tiles=425 published=389 fallback=36 visible_fallback=0 committed=1 authority=1 refresh=1 run_ok=1 pass=1
[00:20:08] TINYDRAW_GATE1_MIXED_DRAW zoom=200 tool=eraser chunks=50 append_max_us=8731 append_avg_us=7644 append_total_us=382223 affected_tiles=388 published=388 fallback=0 visible_fallback=0 committed=1 authority=1 refresh=1 run_ok=1 pass=1
[00:20:10] TINYDRAW_GATE1_MIXED_DRAW zoom=400 tool=pen chunks=50 append_max_us=9083 append_avg_us=7315 append_total_us=365767 affected_tiles=358 published=334 fallback=24 visible_fallback=0 committed=1 authority=1 refresh=1 run_ok=1 pass=1
[00:20:10] TINYDRAW_GATE1_MIXED_DRAW zoom=400 tool=eraser chunks=50 append_max_us=8066 append_avg_us=7163 append_total_us=358186 affected_tiles=350 published=350 fallback=0 visible_fallback=0 committed=1 authority=1 refresh=1 run_ok=1 pass=1
[00:20:11] TINYDRAW_GATE1_MIXED_DRAW_REVISIT zoom=50 missing=4 refill_tiles=4 refill_us=145142
[00:20:11] TINYDRAW_GATE1_MIXED_DRAW_REVISIT zoom=100 missing=9 refill_tiles=9 refill_us=249086
[00:20:11] TINYDRAW_GATE1_MIXED_DRAW_REVISIT zoom=200 missing=16 refill_tiles=16 refill_us=253924
[00:20:11] TINYDRAW_GATE1_MIXED_DRAW_REVISIT zoom=400 missing=0 refill_tiles=0 refill_us=944
[00:20:11] TINYDRAW_GATE1_MIXED_DRAW_SUMMARY slots=448 strokes=10 worst_append_us=12454 pass=1
[00:20:17] TINYDRAW_GATE1_IDLE_REPAIR damaged=588 remaining=0 plan_views=24 steps=4105 repair_us=3766440 worst_step_us=8132 warm_tiles=56 pass=1
[00:20:18] TINYDRAW_HAIRLINE_DOC ops=782 samples=8061 append_total_us=878615 append_max_us=5867
[00:20:18] TINYDRAW_HAIRLINE_COLD zoom=100 wall_us=261395 steps=221 tiles=56 worst_step_us=9048
[00:20:18] TINYDRAW_HAIRLINE_COLD zoom=400 wall_us=205338 steps=208 tiles=48 worst_step_us=8278
[00:20:21] TINYDRAW_HAIRLINE_REPAIR steps=2508 wall_us=2712884 worst_step_us=9541 resident=407/448 grid_stopped=1 pass2_steps=8 pass2_wall_us=11984 no_churn=1
[00:20:23] TINYDRAW_HAIRLINE_TOUR stops=8 total_us=1200357 worst_stop_us=235686 worst_step_us=11125
[00:20:23] TINYDRAW_GATE1_HAIRLINE raw=339 uniform=72 fallback=233 capacity=448 worst_step_us=11125 grid_stopped=1 pass=1
[00:20:25] TINYDRAW_GATE1_LONG_GESTURE path=reference samples=1600 chunks=26 append_total_us=717790 append_max_us=34143 append_avg_us=27607 refresh_fallback_pixels=0 settled_fallback_pixels=0 committed=1 authority=1 refresh=1 run_ok=1
[00:20:25] TINYDRAW_GATE1_LONG_GESTURE path=in_place samples=1600 chunks=52 append_total_us=362315 append_max_us=8488 append_avg_us=6967 refresh_fallback_pixels=0 settled_fallback_pixels=0 committed=1 authority=1 refresh=1 run_ok=1
[00:20:25] TINYDRAW_V2_EXPORT_PROGRESS row=0 of=1792
[00:20:26] TINYDRAW_V2_EXPORT_PROGRESS row=256 of=1792
[00:20:26] TINYDRAW_V2_EXPORT_PROGRESS row=512 of=1792
[00:20:27] TINYDRAW_V2_EXPORT_PROGRESS row=768 of=1792
[00:20:28] TINYDRAW_V2_EXPORT_PROGRESS row=1024 of=1792
[00:20:29] TINYDRAW_V2_EXPORT_PROGRESS row=1280 of=1792
[00:20:30] TINYDRAW_V2_EXPORT_PROGRESS row=1536 of=1792
[00:20:30] TINYDRAW_GATE1_EXPORT encoded=1 bytes=40045 elapsed_us=5779374 workspace_bytes=50652 band_bytes=376832 free_psram=1879376 free_internal=240092 signature=1 dimensions=1 chunks=3 chunks_ok=1 pass=1
[00:20:30] TINYDRAW_EXPORT_RESERVE requested=1572864 free_before=1879376 largest_before=1867776 free_held=306508 largest_held=303104 pass=1
[00:20:31] TINYDRAW_GATE1_AUTOMATED_DONE stress=1 stress_100=1 stress_400=1 overlap_ready=1 overlap_cold=1 adversarial_ready=1 adversarial_cold=1 workload=1 paced_cold=1 hard_100=1 hard_400=1 pan_100=1 pan_400=1 pan_seq=0 live_overlay=1 draw_fill=1 cache=1 full_world_cache=1 cache_tour=1 mixed_draw=1 idle_repair=1 hairline=1 long_gesture=1 export_encode=1 export_reserve=1 return=1 ssaa_receipt=yellow
[00:20:31] TINYDRAW_VECTOR_V2_GATE_HARNESS_DONE pass=0
[00:20:31] I (61668) main_task: Returned from app_main()
