[23:20:28] ESP-ROM:esp32s3-20210327
[23:20:28] Build:Mar 27 2021
[23:20:28] rst:0x15 (USB_UART_CHIP_RESET),boot:0x2b (SPI_FAST_FLASH_BOOT)
[23:20:28] Saved PC:0x4005706c
[23:20:28] SPIWP:0xee
[23:20:28] mode:DIO, clock div:1
[23:20:28] load:0x3fce2820,len:0x1664
[23:20:28] load:0x403c8700,len:0xf38
[23:20:28] load:0x403cb700,len:0x31e8
[23:20:28] entry 0x403c8930
[23:20:28] I (24) boot: ESP-IDF v6.0.2 2nd stage bootloader
[23:20:28] I (24) boot: compile time Aug 15 2026 23:20:07
[23:20:28] I (25) boot: Multicore bootloader
[23:20:28] I (25) boot: chip revision: v0.2
[23:20:28] I (28) boot: efuse block revision: v1.3
[23:20:28] I (31) qio_mode: Enabling default flash chip QIO
[23:20:28] I (36) boot.esp32s3: Boot SPI Speed : 80MHz
[23:20:28] I (39) boot.esp32s3: SPI Mode       : QIO
[23:20:28] I (43) boot.esp32s3: SPI Flash Size : 16MB
[23:20:28] I (47) boot: Enabling RNG early entropy source...
[23:20:28] I (51) boot: Partition Table:
[23:20:28] I (54) boot: ## Label            Usage          Type ST Offset   Length
[23:20:28] I (60) boot:  0 nvs              WiFi data        01 02 00009000 00006000
[23:20:28] I (67) boot:  1 phy_init         RF data          01 01 0000f000 00001000
[23:20:28] I (73) boot:  2 factory          factory app      00 00 00010000 00100000
[23:20:28] I (80) boot:  3 drawing          Unknown data     01 40 00110000 00300000
[23:20:28] I (86) boot:  4 export           Unknown data     01 41 00410000 00500000
[23:20:28] I (93) boot:  5 coredump         Unknown data     01 03 00910000 00010000
[23:20:28] I (100) boot: End of partition table
[23:20:28] I (103) esp_image: segment 0: paddr=00010020 vaddr=3c050020 size=1456ch ( 83308) map
[23:20:28] I (123) esp_image: segment 1: paddr=00024594 vaddr=3fc94500 size=03764h ( 14180) load
[23:20:28] I (126) esp_image: segment 2: paddr=00027d00 vaddr=40374000 size=08318h ( 33560) load
[23:20:28] I (134) esp_image: segment 3: paddr=00030020 vaddr=42000020 size=46d4ch (290124) map
[23:20:28] I (180) esp_image: segment 4: paddr=00076d74 vaddr=4037c318 size=081a8h ( 33192) load
[23:20:28] I (187) esp_image: segment 5: paddr=0007ef24 vaddr=50000000 size=00024h (    36) load
[23:20:28] I (194) boot: Loaded app from partition at offset 0x10000
[23:20:28] I (194) boot: Disabling RNG early entropy source...
[23:20:28] I (205) octal_psram: vendor id    : 0x0d (AP)
[23:20:28] I (205) octal_psram: dev id       : 0x02 (generation 3)
[23:20:28] I (205) octal_psram: density      : 0x03 (64 Mbit)
[23:20:28] I (207) octal_psram: good-die     : 0x01 (Pass)
[23:20:28] I (211) octal_psram: Latency      : 0x01 (Fixed)
[23:20:28] I (216) octal_psram: VCC          : 0x01 (3V)
[23:20:28] I (220) octal_psram: SRF          : 0x01 (Fast Refresh)
[23:20:28] I (225) octal_psram: BurstType    : 0x01 (Hybrid Wrap)
[23:20:28] I (230) octal_psram: BurstLen     : 0x01 (32 Byte)
[23:20:28] I (234) octal_psram: Readlatency  : 0x02 (10 cycles@Fixed)
[23:20:28] I (239) octal_psram: DriveStrength: 0x00 (1/1)
[23:20:28] I (243) MSPI Timing: Enter psram timing tuning
[23:20:28] I (248) esp_psram: Found 8MB PSRAM device
[23:20:28] I (251) esp_psram: Speed: 80MHz
[23:20:28] I (254) cpu_start: Multicore app
[23:20:28] I (670) esp_psram: SPI SRAM memory test OK
[23:20:28] I (679) cpu_start: GPIO 44 and 43 are used as console UART I/O pins
[23:20:28] I (679) cpu_start: Pro cpu start user code
[23:20:28] I (679) cpu_start: cpu freq: 240000000 Hz
[23:20:28] I (681) app_init: Application information:
[23:20:28] I (685) app_init: Project name:     tinydraw_esp32
[23:20:28] I (689) app_init: App version:      4048d3a-dirty
[23:20:28] I (694) app_init: Compile time:     Aug 15 2026 23:20:02
[23:20:28] I (699) app_init: ELF file SHA256:  3ee5ab760...
[23:20:28] I (703) app_init: ESP-IDF:          v6.0.2
[23:20:28] I (707) efuse_init: Min chip rev:     v0.0
[23:20:28] I (711) efuse_init: Max chip rev:     v0.99 
[23:20:28] I (715) efuse_init: Chip rev:         v0.2
[23:20:28] I (718) heap_init: Initializing. RAM available for dynamic allocation:
[23:20:28] I (725) heap_init: At 3FC99090 len 00050680 (321 KiB): RAM
[23:20:28] I (730) heap_init: At 3FCE9710 len 00005724 (21 KiB): RAM
[23:20:28] I (735) heap_init: At 3FCF0000 len 00008000 (32 KiB): DRAM
[23:20:28] I (740) heap_init: At 600FE000 len 00001FE8 (7 KiB): RTCRAM
[23:20:28] I (746) esp_psram: Adding pool of 8192K of PSRAM memory to heap allocator
[23:20:28] I (752) spi_flash: detected chip: generic
[23:20:28] I (756) spi_flash: flash io: qio
[23:20:28] I (759) sleep_gpio: Configure to isolate all GPIO pins in sleep state
[23:20:28] I (765) sleep_gpio: Enable automatic switching of GPIO sleep configuration
[23:20:28] I (772) main_task: Started on CPU0
[23:20:28] I (775) main_task: Calling app_main()
[23:20:28] TINYDRAW_PANEL_HARD_RESET=1
[23:20:28] TINYDRAW_PANEL_TRANSPORT requested_clock_mhz=50 actual_clock=divider_limited_40mhz
[23:20:28] I (973) co5300: version: 2.1.0
[23:20:28] I (973) co5300_spi: LCD panel create success, version: 2.1.0
[23:20:28] W (1059) co5300_spi: The 3Ah command has been used and will be overwritten by external initialization sequence
[23:20:28] I (1160) CST816S: IC id: 183
[23:20:28] TINYDRAW_VECTOR_V2_PRESENTATION experiment=boundary-top-sweep te_edge=rising clock_mhz=50 optical_acceptance=external_manual
[23:20:29] TINYDRAW_LIVE_PRESENT kind=startup zoom=25 x=0 y=0 compose_us=26070 scroll_us=0 exposed_compose_us=0 chrome_us=12588 read_submit_us=0 read_complete_us=0 transfer_wait_us=27169 tile_pixels=0 uniform_pixels=0 overview_pixels=164864 fallback_pixels=0 resident_tiles=0 fallback_tiles=0 pushes=11 tear_wait_us=14908 tear_edge_isr_to_resume_us=11 tear_edge_observed=1 tear_edge_wait_resumed=1 tear_edge_timeout=0 tear_heal_attempted=0 tear_heal_command_sent=0 presentation_experiment=boundary-top-sweep te_edge=rising clock_mhz=50 frame_reused=0 pass=1
[23:20:29] TINYDRAW_LIVE_STRESS operations=1000 samples=20000 total_us=472204 average_us=472 maximum_us=904 free_psram=1987924 largest_psram=1966080
[23:20:29] TINYDRAW_LIVE_PRESENT kind=gate_fallback zoom=100 x=0 y=0 compose_us=16037 scroll_us=0 exposed_compose_us=0 chrome_us=11917 read_submit_us=17078 read_complete_us=21194 transfer_wait_us=26817 tile_pixels=0 uniform_pixels=0 overview_pixels=0 fallback_pixels=164864 resident_tiles=0 fallback_tiles=42 pushes=11 tear_wait_us=915 tear_edge_isr_to_resume_us=15 tear_edge_observed=1 tear_edge_wait_resumed=1 tear_edge_timeout=0 tear_heal_attempted=0 tear_heal_command_sent=0 presentation_experiment=boundary-top-sweep te_edge=rising clock_mhz=50 frame_reused=0 pass=1
[23:20:29] TINYDRAW_GATE1_HARD zoom=100 cold=1 operations=1000 samples=20000 steps=192 tiles=42 scanned=12000 rendered=1659 max_supertask_us=9762 presentation_us=75995 total_us=284413 pass=1
[23:20:29] TINYDRAW_LIVE_PRESENT kind=gate_fallback zoom=400 x=0 y=0 compose_us=15421 scroll_us=0 exposed_compose_us=0 chrome_us=11926 read_submit_us=30808 read_complete_us=34909 transfer_wait_us=26382 tile_pixels=0 uniform_pixels=0 overview_pixels=0 fallback_pixels=164864 resident_tiles=0 fallback_tiles=42 pushes=11 tear_wait_us=15264 tear_edge_isr_to_resume_us=11 tear_edge_observed=1 tear_edge_wait_resumed=1 tear_edge_timeout=0 tear_heal_attempted=0 tear_heal_command_sent=0 presentation_experiment=boundary-top-sweep te_edge=rising clock_mhz=50 frame_reused=0 pass=1
[23:20:30] TINYDRAW_GATE1_HARD zoom=400 cold=1 operations=1000 samples=20000 steps=196 tiles=42 scanned=12000 rendered=120 max_supertask_us=9009 presentation_us=72684 total_us=216621 pass=1
[23:20:30] TINYDRAW_OVERLAP_WORKLOAD operations=8 samples=1200 radius_world=80
[23:20:31] TINYDRAW_GATE1_PACED_COLD corpus=overlap zoom=50 x=215 y=255 steps=334 tiles=56 compute_us=380953 present_us=87961 touch_us=532 pacing_us=9060 wall_us=478506 max_tick_us=10454 touch_samples=2290 touch_interval_max_us=1920 touch_read_max_us=602 touch_events=0 touch_down=0 touch_up=0 touch_events_ge_8ms=0 touch_event_age_max_us=0 touch_errors=0 touch_overflows=0 pass=1
[23:20:31] TINYDRAW_GATE1_PACED_COLD corpus=overlap zoom=100 x=583 y=703 steps=172 tiles=48 compute_us=237576 present_us=87676 touch_us=381 pacing_us=6340 wall_us=331973 max_tick_us=11019 touch_samples=408 touch_interval_max_us=1756 touch_read_max_us=540 touch_events=0 touch_down=0 touch_up=0 touch_events_ge_8ms=0 touch_event_age_max_us=0 touch_errors=0 touch_overflows=0 pass=1
[23:20:32] TINYDRAW_GATE1_PACED_COLD corpus=overlap zoom=200 x=1319 y=1599 steps=128 tiles=56 compute_us=240444 present_us=89206 touch_us=355 pacing_us=4965 wall_us=334970 max_tick_us=11017 touch_samples=406 touch_interval_max_us=1149 touch_read_max_us=441 touch_events=0 touch_down=0 touch_up=0 touch_events_ge_8ms=0 touch_event_age_max_us=0 touch_errors=0 touch_overflows=0 pass=1
[23:20:32] TINYDRAW_GATE1_PACED_COLD corpus=overlap zoom=400 x=2791 y=3391 steps=94 tiles=56 compute_us=225709 present_us=85480 touch_us=343 pacing_us=5439 wall_us=316971 max_tick_us=10209 touch_samples=386 touch_interval_max_us=1142 touch_read_max_us=415 touch_events=0 touch_down=0 touch_up=0 touch_events_ge_8ms=0 touch_event_age_max_us=0 touch_errors=0 touch_overflows=0 pass=1
[23:20:32] TINYDRAW_ADVERSARIAL_TAPERED_WORKLOAD operations=128 samples=4096 erasers=12 load_us=218040 appended=1
[23:20:32] TINYDRAW_GATE1_PACED_COLD corpus=adversarial_tapered_4x zoom=50 x=0 y=0 steps=104 tiles=42 compute_us=95288 present_us=71414 touch_us=258 pacing_us=4005 wall_us=170965 max_tick_us=9244 touch_samples=509 touch_interval_max_us=1120 touch_read_max_us=389 touch_events=0 touch_down=0 touch_up=0 touch_events_ge_8ms=0 touch_event_age_max_us=0 touch_errors=0 touch_overflows=0 pass=1
[23:20:33] TINYDRAW_GATE1_PACED_COLD corpus=adversarial_tapered_4x zoom=100 x=0 y=0 steps=348 tiles=42 compute_us=157110 present_us=68470 touch_us=323 pacing_us=5064 wall_us=230967 max_tick_us=9255 touch_samples=312 touch_interval_max_us=1130 touch_read_max_us=407 touch_events=0 touch_down=0 touch_up=0 touch_events_ge_8ms=0 touch_event_age_max_us=0 touch_errors=0 touch_overflows=0 pass=1
[23:20:33] TINYDRAW_GATE1_PACED_COLD corpus=adversarial_tapered_4x zoom=200 x=0 y=0 steps=1214 tiles=42 compute_us=437495 present_us=71099 touch_us=687 pacing_us=13687 wall_us=522968 max_tick_us=9261 touch_samples=595 touch_interval_max_us=1135 touch_read_max_us=406 touch_events=0 touch_down=0 touch_up=0 touch_events_ge_8ms=0 touch_event_age_max_us=0 touch_errors=0 touch_overflows=0 pass=1
[23:20:34] TINYDRAW_GATE1_PACED_COLD corpus=adversarial_tapered_4x zoom=400 x=0 y=0 steps=904 tiles=42 compute_us=543759 present_us=73484 touch_us=775 pacing_us=15861 wall_us=633879 max_tick_us=10401 touch_samples=717 touch_interval_max_us=1129 touch_read_max_us=400 touch_events=0 touch_down=0 touch_up=0 touch_events_ge_8ms=0 touch_event_age_max_us=0 touch_errors=0 touch_overflows=0 pass=1
[23:20:35] TINYDRAW_GATE1_WORKLOAD kind=realistic seed=7 operations=1000 samples=19844 maximum_stroke=198 load_us=384753 raw_source=1 lod_copies=0
[23:20:35] TINYDRAW_GATE1_PACED_COLD corpus=seed7 zoom=400 x=63 y=63 steps=281 tiles=56 compute_us=276291 present_us=90013 touch_us=378 pacing_us=8284 wall_us=374966 max_tick_us=12760 touch_samples=951 touch_interval_max_us=1548 touch_read_max_us=475 touch_events=0 touch_down=0 touch_up=0 touch_events_ge_8ms=0 touch_event_age_max_us=0 touch_errors=0 touch_overflows=0 pass=1
[23:20:35] TINYDRAW_LIVE_PRESENT kind=gate_fallback zoom=100 x=0 y=0 compose_us=16251 scroll_us=0 exposed_compose_us=0 chrome_us=12031 read_submit_us=31627 read_complete_us=35724 transfer_wait_us=26219 tile_pixels=0 uniform_pixels=0 overview_pixels=0 fallback_pixels=164864 resident_tiles=0 fallback_tiles=42 pushes=11 tear_wait_us=15239 tear_edge_isr_to_resume_us=11 tear_edge_observed=1 tear_edge_wait_resumed=1 tear_edge_timeout=0 tear_heal_attempted=0 tear_heal_command_sent=0 presentation_experiment=boundary-top-sweep te_edge=rising clock_mhz=50 frame_reused=0 pass=1
[23:20:35] TINYDRAW_GATE1_HARD zoom=100 cold=1 operations=1000 samples=19844 steps=275 tiles=42 scanned=12000 rendered=5232 max_supertask_us=9796 presentation_us=76780 total_us=386132 pass=1
[23:20:36] TINYDRAW_GATE1_OVERLAY_CANVAS regions=zoom,minimap,toolbar,battery operations=4 presentation_mutations=0 authority=1 pass=1
[23:20:36] TINYDRAW_GATE1_LIVE_OVERLAY clear_updates=47 clear_wall_max_us=2936 clear_submit_max_us=1832 clear_complete_max_us=2183 overlay_updates=47 overlay_wall_max_us=2933 overlay_submit_max_us=2071 overlay_complete_max_us=2483 overlay_chrome_max_us=542 clear_failures=0 overlay_failures=0 pass=1
[23:20:36] TINYDRAW_EDGE_INK corners=4 edge_failures=0 pass=1
[23:20:36] TINYDRAW_GATE1_PAN zoom=100 from_x=0 from_y=0 to_x=88 to_y=88 compose_us=20775 scroll_us=14 exposed_compose_us=20761 chrome_us=9852 event_submit_us=7132 event_complete_us=12834 transfer_us=46865 setup=1 present=1 moved=1 frame_reused=1 pass=1
[23:20:37] TINYDRAW_LIVE_PRESENT kind=gate_fallback zoom=400 x=0 y=0 compose_us=15533 scroll_us=0 exposed_compose_us=0 chrome_us=11738 read_submit_us=26640 read_complete_us=30733 transfer_wait_us=25792 tile_pixels=0 uniform_pixels=0 overview_pixels=0 fallback_pixels=164864 resident_tiles=0 fallback_tiles=42 pushes=11 tear_wait_us=10972 tear_edge_isr_to_resume_us=12 tear_edge_observed=1 tear_edge_wait_resumed=1 tear_edge_timeout=0 tear_heal_attempted=0 tear_heal_command_sent=0 presentation_experiment=boundary-top-sweep te_edge=rising clock_mhz=50 frame_reused=0 pass=1
[23:20:37] TINYDRAW_GATE1_HARD zoom=400 cold=1 operations=1008 samples=19852 steps=217 tiles=42 scanned=12096 rendered=592 max_supertask_us=11160 presentation_us=75084 total_us=276039 pass=1
[23:20:37] TINYDRAW_GATE1_PAN zoom=400 from_x=0 from_y=0 to_x=88 to_y=88 compose_us=20790 scroll_us=13 exposed_compose_us=20777 chrome_us=9662 event_submit_us=7233 event_complete_us=12944 transfer_us=46769 setup=1 present=1 moved=1 frame_reused=1 pass=1
[23:20:41] TINYDRAW_PANSEQ_FRAME zoom=100 step=0 dx=24 dy=18 scroll_us=14 exposed_compose_us=6848 tear_wait_us=7139 present_us=31735 prepare_us=29843 acquire_wait_us=54 ring_copy_us=6354 patch_us=16818 byte_swap_us=6671 staging_us=822 event_submit_us=7258 event_complete_us=12134 frame_us=38986 tear_edge_observed=1 frame_reused=1 pass=1
[23:20:41] TINYDRAW_PANSEQ_FRAME zoom=100 step=1 dx=24 dy=18 scroll_us=13 exposed_compose_us=6790 tear_wait_us=1674 present_us=32146 prepare_us=29654 acquire_wait_us=53 ring_copy_us=6347 patch_us=16650 byte_swap_us=6657 staging_us=831 event_submit_us=1791 event_complete_us=6781 frame_us=33932 tear_edge_observed=1 frame_reused=1 pass=1
[23:20:41] TINYDRAW_PANSEQ_FRAME zoom=100 step=2 dx=24 dy=18 scroll_us=14 exposed_compose_us=6486 tear_wait_us=1281 present_us=31541 prepare_us=29542 acquire_wait_us=55 ring_copy_us=6508 patch_us=16332 byte_swap_us=6702 staging_us=807 event_submit_us=1405 event_complete_us=6390 frame_us=32931 tear_edge_observed=1 frame_reused=1 pass=1
[23:20:41] TINYDRAW_PANSEQ_FRAME zoom=100 step=3 dx=24 dy=18 scroll_us=13 exposed_compose_us=7195 tear_wait_us=1872 present_us=32949 prepare_us=30238 acquire_wait_us=54 ring_copy_us=6472 patch_us=17133 byte_swap_us=6633 staging_us=836 event_submit_us=1988 event_complete_us=7069 frame_us=34933 tear_edge_observed=1 frame_reused=1 pass=1
[23:20:41] TINYDRAW_PANSEQ_FRAME zoom=100 step=4 dx=24 dy=18 scroll_us=14 exposed_compose_us=6627 tear_wait_us=496 present_us=32324 prepare_us=29621 acquire_wait_us=65 ring_copy_us=6532 patch_us=16463 byte_swap_us=6626 staging_us=834 event_submit_us=610 event_complete_us=5610 frame_us=32931 tear_edge_observed=1 frame_reused=1 pass=1
[23:20:41] TINYDRAW_PANSEQ_FRAME zoom=100 step=5 dx=24 dy=18 scroll_us=14 exposed_compose_us=6830 tear_wait_us=1076 present_us=31747 prepare_us=29891 acquire_wait_us=51 ring_copy_us=6418 patch_us=16771 byte_swap_us=6702 staging_us=798 event_submit_us=1189 event_complete_us=6217 frame_us=32932 tear_edge_observed=1 frame_reused=1 pass=1
[23:20:41] TINYDRAW_PANSEQ_FRAME zoom=100 step=6 dx=24 dy=18 scroll_us=13 exposed_compose_us=6712 tear_wait_us=1669 present_us=32152 prepare_us=29594 acquire_wait_us=62 ring_copy_us=6415 patch_us=16532 byte_swap_us=6647 staging_us=801 event_submit_us=1785 event_complete_us=6774 frame_us=33933 tear_edge_observed=1 frame_reused=1 pass=1
[23:20:41] TINYDRAW_PANSEQ_FRAME zoom=100 step=7 dx=24 dy=18 scroll_us=13 exposed_compose_us=6905 tear_wait_us=1272 present_us=32550 prepare_us=29871 acquire_wait_us=54 ring_copy_us=6487 patch_us=16750 byte_swap_us=6634 staging_us=794 event_submit_us=1385 event_complete_us=6411 frame_us=33931 tear_edge_observed=1 frame_reused=1 pass=1
[23:20:41] TINYDRAW_PANSEQ_FRAME zoom=100 step=8 dx=24 dy=18 scroll_us=14 exposed_compose_us=7253 tear_wait_us=880 present_us=32944 prepare_us=30285 acquire_wait_us=63 ring_copy_us=6483 patch_us=17175 byte_swap_us=6627 staging_us=828 event_submit_us=991 event_complete_us=6071 frame_us=33933 tear_edge_observed=1 frame_reused=1 pass=1
[23:20:41] TINYDRAW_PANSEQ_FRAME zoom=100 step=9 dx=24 dy=18 scroll_us=14 exposed_compose_us=6937 tear_wait_us=491 present_us=32331 prepare_us=29953 acquire_wait_us=67 ring_copy_us=6403 patch_us=16845 byte_swap_us=6705 staging_us=824 event_submit_us=607 event_complete_us=5641 frame_us=32933 tear_edge_observed=1 frame_reused=1 pass=1
[23:20:41] TINYDRAW_PANSEQ_FRAME zoom=100 step=10 dx=24 dy=18 scroll_us=14 exposed_compose_us=6824 tear_wait_us=1079 present_us=31744 prepare_us=29879 acquire_wait_us=51 ring_copy_us=6513 patch_us=16678 byte_swap_us=6688 staging_us=788 event_submit_us=1192 event_complete_us=6241 frame_us=32932 tear_edge_observed=1 frame_reused=1 pass=1
[23:20:41] TINYDRAW_PANSEQ_FRAME zoom=100 step=11 dx=24 dy=18 scroll_us=14 exposed_compose_us=7551 tear_wait_us=1669 present_us=33153 prepare_us=30512 acquire_wait_us=54 ring_copy_us=6433 patch_us=17449 byte_swap_us=6630 staging_us=862 event_submit_us=1783 event_complete_us=6843 frame_us=34932 tear_edge_observed=1 frame_reused=1 pass=1
[23:20:41] TINYDRAW_PANSEQ_FRAME zoom=100 step=12 dx=24 dy=18 scroll_us=13 exposed_compose_us=6905 tear_wait_us=282 present_us=32539 prepare_us=29873 acquire_wait_us=62 ring_copy_us=6498 patch_us=16746 byte_swap_us=6629 staging_us=837 event_submit_us=401 event_complete_us=5477 frame_us=32932 tear_edge_observed=1 frame_reused=1 pass=1
[23:20:41] TINYDRAW_PANSEQ_FRAME zoom=100 step=13 dx=24 dy=18 scroll_us=14 exposed_compose_us=7135 tear_wait_us=890 present_us=32934 prepare_us=30153 acquire_wait_us=54 ring_copy_us=6453 patch_us=17077 byte_swap_us=6623 staging_us=825 event_submit_us=1004 event_complete_us=6034 frame_us=33933 tear_edge_observed=1 frame_reused=1 pass=1
[23:20:41] TINYDRAW_PANSEQ_FRAME zoom=100 step=14 dx=24 dy=18 scroll_us=14 exposed_compose_us=6936 tear_wait_us=499 present_us=32323 prepare_us=30030 acquire_wait_us=63 ring_copy_us=6510 patch_us=16823 byte_swap_us=6697 staging_us=819 event_submit_us=613 event_complete_us=5656 frame_us=32931 tear_edge_observed=1 frame_reused=1 pass=1
[23:20:41] TINYDRAW_PANSEQ_FRAME zoom=100 step=15 dx=24 dy=18 scroll_us=13 exposed_compose_us=7270 tear_wait_us=1085 present_us=32740 prepare_us=30170 acquire_wait_us=63 ring_copy_us=6443 patch_us=17080 byte_swap_us=6647 staging_us=804 event_submit_us=1195 event_complete_us=6281 frame_us=33934 tear_edge_observed=1 frame_reused=1 pass=1
[23:20:41] TINYDRAW_PANSEQ_FRAME zoom=100 step=16 dx=72 dy=54 scroll_us=14 exposed_compose_us=16868 tear_wait_us=700 present_us=43123 prepare_us=40449 acquire_wait_us=50 ring_copy_us=6942 patch_us=26828 byte_swap_us=6679 staging_us=823 event_submit_us=818 event_complete_us=6570 frame_us=43933 tear_edge_observed=1 frame_reused=1 pass=1
[23:20:41] TINYDRAW_PANSEQ_FRAME zoom=100 step=17 dx=72 dy=54 scroll_us=14 exposed_compose_us=16995 tear_wait_us=7058 present_us=42763 prepare_us=40688 acquire_wait_us=53 ring_copy_us=7035 patch_us=26941 byte_swap_us=6712 staging_us=822 event_submit_us=7171 event_complete_us=12914 frame_us=49931 tear_edge_observed=1 frame_reused=1 pass=1
[23:20:41] TINYDRAW_PANSEQ_FRAME zoom=100 step=18 dx=72 dy=54 scroll_us=14 exposed_compose_us=15969 tear_wait_us=7435 present_us=42386 prepare_us=39615 acquire_wait_us=57 ring_copy_us=7122 patch_us=25948 byte_swap_us=6545 staging_us=860 event_submit_us=7551 event_complete_us=13232 frame_us=49933 tear_edge_observed=1 frame_reused=1 pass=1
[23:20:41] TINYDRAW_PANSEQ_FRAME zoom=100 step=19 dx=72 dy=54 scroll_us=14 exposed_compose_us=16431 tear_wait_us=7797 present_us=43025 prepare_us=40323 acquire_wait_us=51 ring_copy_us=7118 patch_us=26457 byte_swap_us=6748 staging_us=803 event_submit_us=7917 event_complete_us=13724 frame_us=50931 tear_edge_observed=1 frame_reused=1 pass=1
[23:20:41] TINYDRAW_PANSEQ_FRAME zoom=100 step=20 dx=-72 dy=-54 scroll_us=14 exposed_compose_us=17433 tear_wait_us=7165 present_us=43657 prepare_us=40934 acquire_wait_us=62 ring_copy_us=6940 patch_us=27410 byte_swap_us=6584 staging_us=859 event_submit_us=7278 event_complete_us=18059 frame_us=50933 tear_edge_observed=1 frame_reused=1 pass=1
[23:20:41] TINYDRAW_PANSEQ_FRAME zoom=100 step=21 dx=-72 dy=-54 scroll_us=14 exposed_compose_us=17082 tear_wait_us=6530 present_us=42289 prepare_us=40321 acquire_wait_us=55 ring_copy_us=6713 patch_us=26977 byte_swap_us=6631 staging_us=854 event_submit_us=6669 event_complete_us=17148 frame_us=48930 tear_edge_observed=1 frame_reused=1 pass=1
[23:20:41] TINYDRAW_PANSEQ_FRAME zoom=100 step=22 dx=-72 dy=-54 scroll_us=14 exposed_compose_us=16847 tear_wait_us=7911 present_us=42913 prepare_us=40286 acquire_wait_us=49 ring_copy_us=6852 patch_us=26750 byte_swap_us=6684 staging_us=807 event_submit_us=8026 event_complete_us=18668 frame_us=50935 tear_edge_observed=1 frame_reused=1 pass=1
[23:20:41] TINYDRAW_PANSEQ_FRAME zoom=100 step=23 dx=-72 dy=-54 scroll_us=13 exposed_compose_us=16518 tear_wait_us=7288 present_us=42534 prepare_us=39855 acquire_wait_us=51 ring_copy_us=6755 patch_us=26345 byte_swap_us=6755 staging_us=807 event_submit_us=7414 event_complete_us=17887 frame_us=49934 tear_edge_observed=1 frame_reused=1 pass=1
[23:20:42] TINYDRAW_GATE1_PANSEQ zoom=100 frames=24 scroll_avg_us=13 exposed_avg_us=10222 tear_wait_avg_us=3134 present_avg_us=35855 prepare_avg_us=33399 acquire_wait_avg_us=56 ring_copy_avg_us=6614 patch_avg_us=20124 byte_swap_avg_us=6660 staging_avg_us=822 frame_avg_us=39101 frame_p50_us=33933 frame_p95_us=50933 frame_max_us=50935 complete_p50_us=6570 complete_p95_us=18059 complete_max_us=18668 tear_edge_failures=0 presentation_experiment=boundary-top-sweep te_edge=rising clock_mhz=50 all_reused=1 pass=1
[23:20:44] TINYDRAW_PANSEQ_FRAME zoom=400 step=0 dx=24 dy=18 scroll_us=13 exposed_compose_us=7051 tear_wait_us=7557 present_us=32315 prepare_us=29713 acquire_wait_us=49 ring_copy_us=6236 patch_us=16847 byte_swap_us=6630 staging_us=826 event_submit_us=7674 event_complete_us=12677 frame_us=39989 tear_edge_observed=1 frame_reused=1 pass=1
[23:20:44] TINYDRAW_PANSEQ_FRAME zoom=400 step=1 dx=24 dy=18 scroll_us=13 exposed_compose_us=6373 tear_wait_us=1117 present_us=31702 prepare_us=29303 acquire_wait_us=51 ring_copy_us=6439 patch_us=16166 byte_swap_us=6698 staging_us=804 event_submit_us=1229 event_complete_us=6353 frame_us=32928 tear_edge_observed=1 frame_reused=1 pass=1
[23:20:44] TINYDRAW_PANSEQ_FRAME zoom=400 step=2 dx=24 dy=18 scroll_us=13 exposed_compose_us=6237 tear_wait_us=1733 present_us=31090 prepare_us=28808 acquire_wait_us=48 ring_copy_us=6383 patch_us=15763 byte_swap_us=6662 staging_us=893 event_submit_us=1846 event_complete_us=6868 frame_us=32933 tear_edge_observed=1 frame_reused=1 pass=1
[23:20:44] TINYDRAW_PANSEQ_FRAME zoom=400 step=3 dx=24 dy=18 scroll_us=14 exposed_compose_us=6582 tear_wait_us=2349 present_us=31474 prepare_us=29390 acquire_wait_us=48 ring_copy_us=6487 patch_us=16195 byte_swap_us=6708 staging_us=798 event_submit_us=2465 event_complete_us=7496 frame_us=33933 tear_edge_observed=1 frame_reused=1 pass=1
[23:20:44] TINYDRAW_PANSEQ_FRAME zoom=400 step=4 dx=24 dy=18 scroll_us=14 exposed_compose_us=6210 tear_wait_us=1954 present_us=31866 prepare_us=29018 acquire_wait_us=55 ring_copy_us=6426 patch_us=16000 byte_swap_us=6592 staging_us=853 event_submit_us=2065 event_complete_us=7055 frame_us=33929 tear_edge_observed=1 frame_reused=1 pass=1
[23:20:44] TINYDRAW_PANSEQ_FRAME zoom=400 step=5 dx=24 dy=18 scroll_us=14 exposed_compose_us=6318 tear_wait_us=1583 present_us=31242 prepare_us=29169 acquire_wait_us=57 ring_copy_us=6519 patch_us=15991 byte_swap_us=6659 staging_us=859 event_submit_us=1698 event_complete_us=6693 frame_us=32933 tear_edge_observed=1 frame_reused=1 pass=1
[23:20:44] TINYDRAW_PANSEQ_FRAME zoom=400 step=6 dx=24 dy=18 scroll_us=14 exposed_compose_us=7203 tear_wait_us=2192 present_us=32630 prepare_us=29888 acquire_wait_us=50 ring_copy_us=6380 patch_us=16860 byte_swap_us=6648 staging_us=849 event_submit_us=2306 event_complete_us=7375 frame_us=34931 tear_edge_observed=1 frame_reused=1 pass=1
[23:20:44] TINYDRAW_PANSEQ_FRAME zoom=400 step=7 dx=24 dy=18 scroll_us=14 exposed_compose_us=7362 tear_wait_us=826 present_us=32997 prepare_us=30355 acquire_wait_us=53 ring_copy_us=6653 patch_us=17089 byte_swap_us=6613 staging_us=801 event_submit_us=939 event_complete_us=5987 frame_us=33933 tear_edge_observed=1 frame_reused=1 pass=1
[23:20:44] TINYDRAW_PANSEQ_FRAME zoom=400 step=8 dx=24 dy=18 scroll_us=13 exposed_compose_us=7773 tear_wait_us=431 present_us=33391 prepare_us=30672 acquire_wait_us=51 ring_copy_us=6582 patch_us=17485 byte_swap_us=6605 staging_us=851 event_submit_us=568 event_complete_us=5731 frame_us=33931 tear_edge_observed=1 frame_reused=1 pass=1
[23:20:44] TINYDRAW_PANSEQ_FRAME zoom=400 step=9 dx=24 dy=18 scroll_us=13 exposed_compose_us=7456 tear_wait_us=38 present_us=32787 prepare_us=30409 acquire_wait_us=52 ring_copy_us=6588 patch_us=17170 byte_swap_us=6651 staging_us=808 event_submit_us=147 event_complete_us=5307 frame_us=32934 tear_edge_observed=1 frame_reused=1 pass=1
[23:20:44] TINYDRAW_PANSEQ_FRAME zoom=400 step=10 dx=24 dy=18 scroll_us=13 exposed_compose_us=7203 tear_wait_us=661 present_us=32165 prepare_us=30088 acquire_wait_us=52 ring_copy_us=6486 patch_us=16905 byte_swap_us=6697 staging_us=804 event_submit_us=816 event_complete_us=5825 frame_us=32935 tear_edge_observed=1 frame_reused=1 pass=1
[23:20:44] TINYDRAW_PANSEQ_FRAME zoom=400 step=11 dx=24 dy=18 scroll_us=14 exposed_compose_us=8197 tear_wait_us=1262 present_us=33560 prepare_us=30971 acquire_wait_us=47 ring_copy_us=6472 patch_us=17864 byte_swap_us=6635 staging_us=802 event_submit_us=1377 event_complete_us=6557 frame_us=34941 tear_edge_observed=1 frame_reused=1 pass=1
[23:20:45] TINYDRAW_PANSEQ_FRAME zoom=400 step=12 dx=24 dy=18 scroll_us=13 exposed_compose_us=7466 tear_wait_us=16654 present_us=33158 prepare_us=30349 acquire_wait_us=54 ring_copy_us=6505 patch_us=17191 byte_swap_us=6653 staging_us=821 event_submit_us=16767 event_complete_us=21802 frame_us=49922 tear_edge_observed=1 frame_reused=1 pass=1
[23:20:45] TINYDRAW_PANSEQ_FRAME zoom=400 step=13 dx=24 dy=18 scroll_us=14 exposed_compose_us=7547 tear_wait_us=280 present_us=32544 prepare_us=30473 acquire_wait_us=48 ring_copy_us=6473 patch_us=17266 byte_swap_us=6734 staging_us=786 event_submit_us=390 event_complete_us=5483 frame_us=32934 tear_edge_observed=1 frame_reused=1 pass=1
[23:20:45] TINYDRAW_PANSEQ_FRAME zoom=400 step=14 dx=24 dy=18 scroll_us=14 exposed_compose_us=7620 tear_wait_us=902 present_us=32919 prepare_us=30403 acquire_wait_us=65 ring_copy_us=6485 patch_us=17298 byte_swap_us=6620 staging_us=857 event_submit_us=1015 event_complete_us=6097 frame_us=33930 tear_edge_observed=1 frame_reused=1 pass=1
[23:20:45] TINYDRAW_PANSEQ_FRAME zoom=400 step=15 dx=24 dy=18 scroll_us=13 exposed_compose_us=7836 tear_wait_us=528 present_us=33297 prepare_us=30623 acquire_wait_us=52 ring_copy_us=6456 patch_us=17537 byte_swap_us=6630 staging_us=844 event_submit_us=636 event_complete_us=5759 frame_us=33933 tear_edge_observed=1 frame_reused=1 pass=1
[23:20:45] TINYDRAW_PANSEQ_FRAME zoom=400 step=16 dx=72 dy=54 scroll_us=13 exposed_compose_us=17903 tear_wait_us=148 present_us=43676 prepare_us=41383 acquire_wait_us=63 ring_copy_us=7095 patch_us=27668 byte_swap_us=6620 staging_us=844 event_submit_us=257 event_complete_us=6111 frame_us=43934 tear_edge_observed=1 frame_reused=1 pass=1
[23:20:45] TINYDRAW_PANSEQ_FRAME zoom=400 step=17 dx=72 dy=54 scroll_us=13 exposed_compose_us=17704 tear_wait_us=6534 present_us=43287 prepare_us=41206 acquire_wait_us=51 ring_copy_us=7012 patch_us=27483 byte_swap_us=6711 staging_us=837 event_submit_us=6673 event_complete_us=12422 frame_us=49932 tear_edge_observed=1 frame_reused=1 pass=1
[23:20:45] TINYDRAW_PANSEQ_FRAME zoom=400 step=18 dx=72 dy=54 scroll_us=13 exposed_compose_us=17631 tear_wait_us=6921 present_us=43901 prepare_us=41148 acquire_wait_us=53 ring_copy_us=7058 patch_us=27428 byte_swap_us=6662 staging_us=811 event_submit_us=7038 event_complete_us=12811 frame_us=50932 tear_edge_observed=1 frame_reused=1 pass=1
[23:20:45] TINYDRAW_PANSEQ_FRAME zoom=400 step=19 dx=72 dy=54 scroll_us=14 exposed_compose_us=18297 tear_wait_us=6337 present_us=44485 prepare_us=41904 acquire_wait_us=50 ring_copy_us=7099 patch_us=28139 byte_swap_us=6666 staging_us=819 event_submit_us=6457 event_complete_us=12276 frame_us=50932 tear_edge_observed=1 frame_reused=1 pass=1
[23:20:45] TINYDRAW_PANSEQ_FRAME zoom=400 step=20 dx=-72 dy=-54 scroll_us=14 exposed_compose_us=18370 tear_wait_us=5741 present_us=44081 prepare_us=41752 acquire_wait_us=49 ring_copy_us=6995 patch_us=28090 byte_swap_us=6667 staging_us=789 event_submit_us=5857 event_complete_us=16916 frame_us=49931 tear_edge_observed=1 frame_reused=1 pass=1
[23:20:45] TINYDRAW_PANSEQ_FRAME zoom=400 step=21 dx=-72 dy=-54 scroll_us=13 exposed_compose_us=17745 tear_wait_us=6140 present_us=43683 prepare_us=40888 acquire_wait_us=51 ring_copy_us=6762 patch_us=27497 byte_swap_us=6629 staging_us=830 event_submit_us=6258 event_complete_us=16935 frame_us=49933 tear_edge_observed=1 frame_reused=1 pass=1
[23:20:45] TINYDRAW_PANSEQ_FRAME zoom=400 step=22 dx=-72 dy=-54 scroll_us=13 exposed_compose_us=17493 tear_wait_us=6530 present_us=43294 prepare_us=40740 acquire_wait_us=49 ring_copy_us=6815 patch_us=27271 byte_swap_us=6654 staging_us=836 event_submit_us=6662 event_complete_us=17480 frame_us=49935 tear_edge_observed=1 frame_reused=1 pass=1
[23:20:45] TINYDRAW_PANSEQ_FRAME zoom=400 step=23 dx=-72 dy=-54 scroll_us=14 exposed_compose_us=16776 tear_wait_us=6929 present_us=41895 prepare_us=39948 acquire_wait_us=44 ring_copy_us=6750 patch_us=26470 byte_swap_us=6728 staging_us=808 event_submit_us=7042 event_complete_us=17722 frame_us=48932 tear_edge_observed=1 frame_reused=1 pass=1
[23:20:45] TINYDRAW_GATE1_PANSEQ zoom=400 frames=24 scroll_avg_us=13 exposed_avg_us=10681 tear_wait_avg_us=3556 present_avg_us=36143 prepare_avg_us=33691 acquire_wait_avg_us=51 ring_copy_avg_us=6631 patch_avg_us=20403 byte_swap_avg_us=6657 staging_avg_us=826 frame_avg_us=39809 frame_p50_us=33933 frame_p95_us=50932 frame_max_us=50932 complete_p50_us=6868 complete_p95_us=17722 complete_max_us=21802 tear_edge_failures=0 presentation_experiment=boundary-top-sweep te_edge=rising clock_mhz=50 all_reused=1 pass=1
[23:20:45] TINYDRAW_GATE1_DRAW_FILL zoom=400 revision=2148 append_us=1268 poll_gap_us=114 event_submit_us=2038 event_complete_us=2654 max_compute_slice_us=4637 max_display_slice_us=16236 fill_us=279703 revision_restarted=1 pass=1
[23:20:46] TINYDRAW_GATE1_CACHE_FILL zoom=50 x=63 y=63 published=56 total_us=556968 within_cold_gate=0 complete=1
[23:20:46] TINYDRAW_GATE1_CACHE_FILL zoom=100 x=63 y=63 published=56 total_us=518969 within_cold_gate=0 complete=1
[23:20:47] TINYDRAW_GATE1_CACHE_FILL zoom=200 x=63 y=63 published=56 total_us=423967 within_cold_gate=1 complete=1
[23:20:47] TINYDRAW_GATE1_CACHE_FILL zoom=400 x=63 y=63 published=56 total_us=385967 within_cold_gate=1 complete=1
[23:20:47] TINYDRAW_GATE1_CACHE_REVISIT zoom=50 remaining=0 tile_pixels=118128 fallback_pixels=0 compose_us=17380 complete_us=26774 hit=1
[23:20:47] TINYDRAW_GATE1_CACHE_REVISIT zoom=100 remaining=0 tile_pixels=164864 fallback_pixels=0 compose_us=19290 complete_us=26381 hit=1
[23:20:47] TINYDRAW_GATE1_CACHE_REVISIT zoom=200 remaining=0 tile_pixels=164864 fallback_pixels=0 compose_us=20121 complete_us=25969 hit=1
[23:20:47] TINYDRAW_GATE1_CACHE_REVISIT zoom=400 remaining=0 tile_pixels=164608 fallback_pixels=0 compose_us=20812 complete_us=25558 hit=1
[23:20:48] TINYDRAW_GATE1_CACHE_FILL zoom=400 x=575 y=575 published=56 total_us=413974 within_cold_gate=1 complete=1
[23:20:48] TINYDRAW_GATE1_CACHE_ROUND_TRIP zoom=50 from_x=63 from_y=63 via_x=575 via_y=575 remaining=0 tile_pixels=118128 fallback_pixels=0 compose_us=17501 complete_us=26760 hit=1
[23:20:48] TINYDRAW_GATE1_CACHE_ROUND_TRIP zoom=100 from_x=63 from_y=63 via_x=575 via_y=575 remaining=0 tile_pixels=164864 fallback_pixels=0 compose_us=19441 complete_us=26514 hit=1
[23:20:48] TINYDRAW_GATE1_CACHE_ROUND_TRIP zoom=200 from_x=63 from_y=63 via_x=575 via_y=575 remaining=0 tile_pixels=164864 fallback_pixels=0 compose_us=20092 complete_us=26246 hit=1
[23:20:48] TINYDRAW_GATE1_CACHE_ROUND_TRIP zoom=400 from_x=63 from_y=63 via_x=575 via_y=575 remaining=0 tile_pixels=164608 fallback_pixels=0 compose_us=20882 complete_us=26005 hit=1
[23:20:48] TINYDRAW_GATE1_CACHE_RETENTION pass=1 slots=448 revision=2148
[23:20:50] TINYDRAW_PAPER_SWEEP zoom=100 identities=644 raw=266 uniform=378 fallback=0 slots=448 total_us=1477810 pass=1
[23:20:54] TINYDRAW_GATE1_CACHE_TOUR slots=448 stops=16 forward_steps=2306 forward_tiles=832 forward_wall_us=2393809 return_missing_tiles=0 return_steps=16 return_tiles=0 return_wall_us=42374 home_missing=0 home_fallback_pixels=0 pass=1
[23:20:55] TINYDRAW_GATE1_MIXED_DRAW_WARM zoom=50 fill_tiles=56 fill_us=463319 raw=42 uniform=14
[23:20:55] TINYDRAW_GATE1_MIXED_DRAW_WARM zoom=100 fill_tiles=56 fill_us=424834 raw=56 uniform=0
[23:20:56] TINYDRAW_GATE1_MIXED_DRAW_WARM zoom=200 fill_tiles=56 fill_us=387465 raw=56 uniform=0
[23:20:56] TINYDRAW_GATE1_MIXED_DRAW_WARM zoom=400 fill_tiles=42 fill_us=263409 raw=42 uniform=0
[23:20:57] TINYDRAW_GATE1_MIXED_DRAW zoom=25 tool=pen chunks=50 append_max_us=9591 append_avg_us=8376 append_total_us=418839 affected_tiles=196 published=0 fallback=196 visible_fallback=0 committed=1 authority=1 refresh=1 run_ok=1 pass=1
[23:20:58] TINYDRAW_GATE1_MIXED_DRAW zoom=25 tool=eraser chunks=50 append_max_us=9724 append_avg_us=8324 append_total_us=416233 affected_tiles=0 published=0 fallback=0 visible_fallback=0 committed=1 authority=1 refresh=1 run_ok=1 pass=1
[23:21:00] TINYDRAW_GATE1_MIXED_DRAW zoom=50 tool=pen chunks=50 append_max_us=12542 append_avg_us=10263 append_total_us=513177 affected_tiles=422 published=400 fallback=22 visible_fallback=0 committed=1 authority=1 refresh=1 run_ok=1 pass=1
[23:21:00] TINYDRAW_GATE1_MIXED_DRAW zoom=50 tool=eraser chunks=50 append_max_us=10990 append_avg_us=9984 append_total_us=499201 affected_tiles=405 published=405 fallback=0 visible_fallback=0 committed=1 authority=1 refresh=1 run_ok=1 pass=1
[23:21:02] TINYDRAW_GATE1_MIXED_DRAW zoom=100 tool=pen chunks=50 append_max_us=10258 append_avg_us=8507 append_total_us=425379 affected_tiles=450 published=398 fallback=52 visible_fallback=0 committed=1 authority=1 refresh=1 run_ok=1 pass=1
[23:21:03] TINYDRAW_GATE1_MIXED_DRAW zoom=100 tool=eraser chunks=50 append_max_us=9263 append_avg_us=8282 append_total_us=414121 affected_tiles=399 published=399 fallback=0 visible_fallback=0 committed=1 authority=1 refresh=1 run_ok=1 pass=1
[23:21:04] TINYDRAW_GATE1_MIXED_DRAW zoom=200 tool=pen chunks=50 append_max_us=9778 append_avg_us=7928 append_total_us=396441 affected_tiles=425 published=389 fallback=36 visible_fallback=0 committed=1 authority=1 refresh=1 run_ok=1 pass=1
[23:21:05] TINYDRAW_GATE1_MIXED_DRAW zoom=200 tool=eraser chunks=50 append_max_us=8671 append_avg_us=7651 append_total_us=382591 affected_tiles=388 published=388 fallback=0 visible_fallback=0 committed=1 authority=1 refresh=1 run_ok=1 pass=1
[23:21:06] TINYDRAW_GATE1_MIXED_DRAW zoom=400 tool=pen chunks=50 append_max_us=9056 append_avg_us=7325 append_total_us=366282 affected_tiles=358 published=334 fallback=24 visible_fallback=0 committed=1 authority=1 refresh=1 run_ok=1 pass=1
[23:21:07] TINYDRAW_GATE1_MIXED_DRAW zoom=400 tool=eraser chunks=50 append_max_us=8273 append_avg_us=7176 append_total_us=358846 affected_tiles=350 published=350 fallback=0 visible_fallback=0 committed=1 authority=1 refresh=1 run_ok=1 pass=1
[23:21:07] TINYDRAW_GATE1_MIXED_DRAW_REVISIT zoom=50 missing=4 refill_tiles=4 refill_us=142576
[23:21:07] TINYDRAW_GATE1_MIXED_DRAW_REVISIT zoom=100 missing=9 refill_tiles=9 refill_us=245624
[23:21:07] TINYDRAW_GATE1_MIXED_DRAW_REVISIT zoom=200 missing=16 refill_tiles=16 refill_us=253524
[23:21:08] TINYDRAW_GATE1_MIXED_DRAW_REVISIT zoom=400 missing=0 refill_tiles=0 refill_us=914
[23:21:08] TINYDRAW_GATE1_MIXED_DRAW_SUMMARY slots=448 strokes=10 worst_append_us=12542 pass=1
[23:21:13] TINYDRAW_GATE1_IDLE_REPAIR damaged=588 remaining=0 plan_views=24 steps=4105 repair_us=3761999 worst_step_us=8047 warm_tiles=56 pass=1
[23:21:14] TINYDRAW_HAIRLINE_DOC ops=782 samples=8061 append_total_us=945316 append_max_us=5950
[23:21:15] TINYDRAW_HAIRLINE_COLD zoom=100 wall_us=263698 steps=221 tiles=56 worst_step_us=9014
[23:21:15] TINYDRAW_HAIRLINE_COLD zoom=400 wall_us=205341 steps=208 tiles=48 worst_step_us=8158
[23:21:18] TINYDRAW_HAIRLINE_REPAIR steps=2508 wall_us=2710225 worst_step_us=9301 resident=407/448 grid_stopped=1 pass2_steps=8 pass2_wall_us=11393 no_churn=1
[23:21:19] TINYDRAW_HAIRLINE_TOUR stops=8 total_us=1190670 worst_stop_us=234621 worst_step_us=10984
[23:21:19] TINYDRAW_GATE1_HAIRLINE raw=339 uniform=72 fallback=233 capacity=448 worst_step_us=10984 grid_stopped=1 pass=1
[23:21:21] TINYDRAW_GATE1_LONG_GESTURE path=reference samples=1600 chunks=26 append_total_us=699703 append_max_us=33308 append_avg_us=26911 refresh_fallback_pixels=0 settled_fallback_pixels=0 committed=1 authority=1 refresh=1 run_ok=1
[23:21:21] TINYDRAW_GATE1_LONG_GESTURE path=in_place samples=1600 chunks=52 append_total_us=363849 append_max_us=8533 append_avg_us=6997 refresh_fallback_pixels=0 settled_fallback_pixels=0 committed=1 authority=1 refresh=1 run_ok=1
[23:21:21] TINYDRAW_V2_EXPORT_PROGRESS row=0 of=1792
[23:21:22] TINYDRAW_V2_EXPORT_PROGRESS row=256 of=1792
[23:21:23] TINYDRAW_V2_EXPORT_PROGRESS row=512 of=1792
[23:21:23] TINYDRAW_V2_EXPORT_PROGRESS row=768 of=1792
[23:21:24] TINYDRAW_V2_EXPORT_PROGRESS row=1024 of=1792
[23:21:25] TINYDRAW_V2_EXPORT_PROGRESS row=1280 of=1792
[23:21:26] TINYDRAW_V2_EXPORT_PROGRESS row=1536 of=1792
[23:21:27] TINYDRAW_GATE1_EXPORT encoded=1 bytes=40045 elapsed_us=5792377 workspace_bytes=50652 band_bytes=376832 free_psram=1987924 free_internal=242492 signature=1 dimensions=1 chunks=3 chunks_ok=1 pass=1
[23:21:27] TINYDRAW_EXPORT_RESERVE requested=1572864 free_before=1987924 largest_before=1966080 free_held=415056 largest_held=409600 pass=1
[23:21:27] TINYDRAW_GATE1_AUTOMATED_DONE stress=1 stress_100=1 stress_400=1 overlap_ready=1 overlap_cold=1 adversarial_ready=1 adversarial_cold=1 workload=1 paced_cold=1 hard_100=1 hard_400=1 pan_100=1 pan_400=1 pan_seq=1 live_overlay=1 draw_fill=1 cache=1 full_world_cache=1 cache_tour=1 mixed_draw=1 idle_repair=1 hairline=1 long_gesture=1 export_encode=1 export_reserve=1 return=1 ssaa_receipt=yellow
[23:21:27] TINYDRAW_VECTOR_V2_GATE_HARNESS_DONE pass=1
[23:21:27] TINYDRAW_VECTOR_V2_READY zoom=25 controls=chrome button=cycle_all_zooms operations_capacity=4000 samples_capacity=80000 live_storage_bytes=6356256 overview_bytes=1318912 raw_tile_bytes=3670016 tile_metadata_bytes=73976 operation_bytes=720000 live_scratch_bytes=573352 free_psram=1987924 largest_psram=1966080 te_edges=3463 te_period_us=16807 te_high_us=579 te_level=0 main_stack_free=4856
