[19:41:45] I (103) esp_image: segment 0: paddr=00010020 vaddr=3c050020 sizeESP-ROM:esp32s3-20210327
[19:41:45] Build:Mar 27 2021
[19:41:45] rst:0x15 (USB_UART_CHIP_RESET),boot:0x2b (SPI_FAST_FLASH_BOOT)
[19:41:45] Saved PC:0x4202c078
[19:41:45] SPIWP:0xee
[19:41:45] mode:DIO, clock div:1
[19:41:45] load:0x3fce2820,len:0x1664
[19:41:45] load:0x403c8700,len:0xf38
[19:41:45] load:0x403cb700,len:0x31e8
[19:41:45] entry 0x403c8930
[19:41:45] I (24) boot: ESP-IDF v6.0.2 2nd stage bootloader
[19:41:45] I (24) boot: compile time Aug 16 2026 19:33:37
[19:41:45] I (25) boot: Multicore bootloader
[19:41:45] I (25) boot: chip revision: v0.2
[19:41:45] I (28) boot: efuse block revision: v1.3
[19:41:45] I (31) qio_mode: Enabling default flash chip QIO
[19:41:45] I (36) boot.esp32s3: Boot SPI Speed : 80MHz
[19:41:45] I (39) boot.esp32s3: SPI Mode       : QIO
[19:41:45] I (43) boot.esp32s3: SPI Flash Size : 16MB
[19:41:45] I (47) boot: Enabling RNG early entropy source...
[19:41:45] I (51) boot: Partition Table:
[19:41:45] I (54) boot: ## Label            Usage          Type ST Offset   Length
[19:41:45] I (60) boot:  0 nvs              WiFi data        01 02 00009000 00006000
[19:41:45] I (67) boot:  1 phy_init         RF data          01 01 0000f000 00001000
[19:41:45] I (73) boot:  2 factory          factory app      00 00 00010000 00100000
[19:41:45] I (80) boot:  3 drawing          Unknown data     01 40 00110000 00600000
[19:41:45] I (86) boot:  4 export           Unknown data     01 41 00710000 00500000
[19:41:45] I (93) boot:  5 coredump         Unknown data     01 03 00c10000 00010000
[19:41:45] I (100) boot: End of partition table
[19:41:45] I (103) esp_image: segment 0: paddr=00010020 vaddr=3c050020 size=5a3ach (369580) map
[19:41:45] I (167) esp_image: segment 1: paddr=0006a3d4 vaddr=3fc96000 size=03764h ( 14180) load
[19:41:45] I (171) esp_image: segment 2: paddr=0006db40 vaddr=40374000 size=024d8h (  9432) load
[19:41:45] I (173) esp_image: segment 3: paddr=00070020 vaddr=42000020 size=4d920h (317728) map
[19:41:45] I (228) esp_image: segment 4: paddr=000bd948 vaddr=403764d8 size=0fa48h ( 64072) load
[19:41:45] I (241) esp_image: segment 5: paddr=000cd398 vaddr=50000000 size=00024h (    36) load
[19:41:45] I (249) boot: Loaded app from partition at offset 0x10000
[19:41:45] I (249) boot: Disabling RNG early entropy source...
[19:41:45] I (259) octal_psram: vendor id    : 0x0d (AP)
[19:41:45] I (259) octal_psram: dev id       : 0x02 (generation 3)
[19:41:45] I (260) octal_psram: density      : 0x03 (64 Mbit)
[19:41:45] I (262) octal_psram: good-die     : 0x01 (Pass)
[19:41:45] I (266) octal_psram: Latency      : 0x01 (Fixed)
[19:41:45] I (270) octal_psram: VCC          : 0x01 (3V)
[19:41:45] I (274) octal_psram: SRF          : 0x01 (Fast Refresh)
[19:41:45] I (279) octal_psram: BurstType    : 0x01 (Hybrid Wrap)
[19:41:45] I (284) octal_psram: BurstLen     : 0x01 (32 Byte)
[19:41:45] I (289) octal_psram: Readlatency  : 0x02 (10 cycles@Fixed)
[19:41:45] I (294) octal_psram: DriveStrength: 0x00 (1/1)
[19:41:45] I (298) MSPI Timing: Enter psram timing tuning
[19:41:45] I (303) esp_psram: Found 8MB PSRAM device
[19:41:45] I (306) esp_psram: Speed: 80MHz
[19:41:45] I (309) cpu_start: Multicore app
[19:41:46] I (725) esp_psram: SPI SRAM memory test OK
[19:41:46] I (733) cpu_start: GPIO 44 and 43 are used as console UART I/O pins
[19:41:46] I (734) cpu_start: Pro cpu start user code
[19:41:46] I (734) cpu_start: cpu freq: 240000000 Hz
[19:41:46] I (735) app_init: Application information:
[19:41:46] I (739) app_init: Project name:     tinydraw_esp32
[19:41:46] I (744) app_init: App version:      e14e6e9
[19:41:46] I (748) app_init: Compile time:     Aug 16 2026 19:33:28
[19:41:46] I (753) app_init: ELF file SHA256:  c25f25571...
[19:41:46] I (757) app_init: ESP-IDF:          v6.0.2
[19:41:46] I (761) efuse_init: Min chip rev:     v0.0
[19:41:46] I (765) efuse_init: Max chip rev:     v0.99 
[19:41:46] I (769) efuse_init: Chip rev:         v0.2
[19:41:46] I (772) heap_init: Initializing. RAM available for dynamic allocation:
[19:41:46] I (779) heap_init: At 3FC9AB90 len 0004EB80 (314 KiB): RAM
[19:41:46] I (784) heap_init: At 3FCE9710 len 00005724 (21 KiB): RAM
[19:41:46] I (789) heap_init: At 3FCF0000 len 00008000 (32 KiB): DRAM
[19:41:46] I (794) heap_init: At 600FE000 len 00001FE8 (7 KiB): RTCRAM
[19:41:46] I (800) esp_psram: Adding pool of 8192K of PSRAM memory to heap allocator
[19:41:46] I (807) spi_flash: detected chip: generic
[19:41:46] I (810) spi_flash: flash io: qio
[19:41:46] I (813) sleep_gpio: Configure to isolate all GPIO pins in sleep state
[19:41:46] I (819) sleep_gpio: Enable automatic switching of GPIO sleep configuration
[19:41:46] I (826) main_task: Started on CPU0
[19:41:46] I (829) main_task: Calling app_main()
[19:41:46] TINYDRAW_PRODUCER_SCRATCH supertask_internal=1 slot_directory_internal=0 free_internal=298716 free_psram=1527684
[19:41:46] TINYDRAW_PANEL_HARD_RESET=1
[19:41:46] TINYDRAW_PANEL_TRANSPORT requested_clock_mhz=50 effective_clock_mhz=40
[19:41:46] I (1036) co5300: version: 2.1.0
[19:41:46] I (1036) co5300_spi: LCD panel create success, version: 2.1.0
[19:41:46] W (1121) co5300_spi: The 3Ah command has been used and will be overwritten by external initialization sequence
[19:41:46] I (1222) CST816S: IC id: 183
[19:41:46] TINYDRAW_VECTOR_V2_PRESENTATION experiment=boundary-top-sweep te_edge=rising requested_clock_mhz=50 effective_clock_mhz=40 optical_acceptance=external_manual
[19:41:46] TINYDRAW_LIVE_PRESENT kind=startup zoom=25 x=0 y=0 compose_us=26056 scroll_us=0 exposed_compose_us=0 chrome_us=16987 chrome_prepare_us=11953 chrome_stage_us=5034 read_submit_us=0 read_complete_us=0 transfer_wait_us=21247 tile_pixels=0 uniform_pixels=0 overview_pixels=164864 fallback_pixels=0 resident_tiles=0 fallback_tiles=0 pushes=11 tear_wait_us=16118 tear_edge_isr_to_resume_us=8 tear_edge_observed=1 tear_edge_wait_resumed=1 tear_edge_timeout=0 tear_heal_attempted=0 tear_heal_command_sent=0 presentation_experiment=boundary-top-sweep te_edge=rising requested_clock_mhz=50 effective_clock_mhz=40 frame_reused=0 pass=1
[19:41:47] TINYDRAW_LIVE_STRESS operations=1000 samples=20000 total_us=805528 average_us=805 maximum_us=1041 free_psram=1526096 largest_psram=1507328
[19:41:47] TINYDRAW_LIVE_PRESENT kind=gate_fallback zoom=100 x=0 y=0 compose_us=11436 scroll_us=0 exposed_compose_us=0 chrome_us=11144 chrome_prepare_us=6770 chrome_stage_us=4374 read_submit_us=19512 read_complete_us=22902 transfer_wait_us=20171 tile_pixels=0 uniform_pixels=0 overview_pixels=0 fallback_pixels=164864 resident_tiles=0 fallback_tiles=42 pushes=11 tear_wait_us=1177 tear_edge_isr_to_resume_us=8 tear_edge_observed=1 tear_edge_wait_resumed=1 tear_edge_timeout=0 tear_heal_attempted=0 tear_heal_command_sent=0 presentation_experiment=boundary-top-sweep te_edge=rising requested_clock_mhz=50 effective_clock_mhz=40 frame_reused=0 pass=1
[19:41:47] TINYDRAW_GATE1_HARD zoom=100 cold=1 operations=1000 samples=20000 steps=193 tiles=42 scanned=12000 rendered=122 max_supertask_us=7099 presentation_us=71018 total_us=294896 maximum_wall_us=500000 pass=1
[19:41:47] TINYDRAW_LIVE_PRESENT kind=gate_fallback zoom=400 x=0 y=0 compose_us=10869 scroll_us=0 exposed_compose_us=0 chrome_us=6556 chrome_prepare_us=2359 chrome_stage_us=4197 read_submit_us=17605 read_complete_us=21221 transfer_wait_us=20377 tile_pixels=0 uniform_pixels=0 overview_pixels=0 fallback_pixels=164864 resident_tiles=0 fallback_tiles=42 pushes=11 tear_wait_us=4253 tear_edge_isr_to_resume_us=8 tear_edge_observed=1 tear_edge_wait_resumed=1 tear_edge_timeout=0 tear_heal_attempted=0 tear_heal_command_sent=0 presentation_experiment=boundary-top-sweep te_edge=rising requested_clock_mhz=50 effective_clock_mhz=40 frame_reused=0 pass=1
[19:41:48] TINYDRAW_GATE1_HARD zoom=400 cold=1 operations=1000 samples=20000 steps=199 tiles=42 scanned=12000 rendered=17 max_supertask_us=5507 presentation_us=66875 total_us=164708 maximum_wall_us=500000 pass=1
[19:41:48] TINYDRAW_OVERLAP_WORKLOAD operations=8 samples=1200 radius_world=80
[19:41:49] TINYDRAW_GATE1_PACED_COLD corpus=overlap zoom=50 x=215 y=255 steps=235 tiles=56 compute_us=544842 present_us=82215 touch_us=660 pacing_us=14280 wall_us=641997 maximum_wall_us=500000 max_tick_us=9176 touch_samples=2924 touch_interval_max_us=1948 touch_read_max_us=576 touch_events=0 touch_down=0 touch_up=0 touch_events_ge_8ms=0 touch_event_age_max_us=0 touch_errors=0 touch_overflows=0 pass=0
[19:41:49] TINYDRAW_GATE1_PACED_COLD corpus=overlap zoom=100 x=583 y=703 steps=183 tiles=48 compute_us=297476 present_us=75925 touch_us=507 pacing_us=8070 wall_us=381978 maximum_wall_us=500000 max_tick_us=9615 touch_samples=442 touch_interval_max_us=1941 touch_read_max_us=498 touch_events=0 touch_down=0 touch_up=0 touch_events_ge_8ms=0 touch_event_age_max_us=0 touch_errors=0 touch_overflows=0 pass=1
[19:41:50] TINYDRAW_GATE1_PACED_COLD corpus=overlap zoom=200 x=1319 y=1599 steps=180 tiles=56 compute_us=271040 present_us=75028 touch_us=481 pacing_us=7425 wall_us=353974 maximum_wall_us=500000 max_tick_us=8949 touch_samples=424 touch_interval_max_us=1822 touch_read_max_us=480 touch_events=0 touch_down=0 touch_up=0 touch_events_ge_8ms=0 touch_event_age_max_us=0 touch_errors=0 touch_overflows=0 pass=1
[19:41:50] TINYDRAW_GATE1_PACED_COLD corpus=overlap zoom=400 x=2791 y=3391 steps=181 tiles=56 compute_us=231140 present_us=73727 touch_us=444 pacing_us=6668 wall_us=311979 maximum_wall_us=500000 max_tick_us=8394 touch_samples=377 touch_interval_max_us=1923 touch_read_max_us=478 touch_events=0 touch_down=0 touch_up=0 touch_events_ge_8ms=0 touch_event_age_max_us=0 touch_errors=0 touch_overflows=0 pass=1
[19:41:50] TINYDRAW_ADVERSARIAL_TAPERED_WORKLOAD operations=128 samples=4096 erasers=12 load_us=230281 appended=1
[19:41:52] TINYDRAW_GENERAL_COLD_WORKLOAD operations=910 samples=12157 hairline_operations=782 hairline_samples=8061 hairline_load_us=1154268 appended=1
[19:41:52] TINYDRAW_GATE1_PACED_COLD corpus=adversarial_tapered_4x+evil_hairlines zoom=50 x=0 y=0 steps=318 tiles=42 compute_us=369091 present_us=69332 touch_us=554 pacing_us=10031 wall_us=449008 maximum_wall_us=500000 max_tick_us=8323 touch_samples=1820 touch_interval_max_us=2031 touch_read_max_us=529 touch_events=0 touch_down=0 touch_up=0 touch_events_ge_8ms=0 touch_event_age_max_us=0 touch_errors=0 touch_overflows=0 pass=1
[19:41:53] TINYDRAW_GATE1_PACED_COLD corpus=adversarial_tapered_4x+evil_hairlines zoom=100 x=0 y=0 steps=346 tiles=42 compute_us=357524 present_us=67308 touch_us=499 pacing_us=8040 wall_us=433371 maximum_wall_us=500000 max_tick_us=8331 touch_samples=504 touch_interval_max_us=1842 touch_read_max_us=485 touch_events=0 touch_down=0 touch_up=0 touch_events_ge_8ms=0 touch_event_age_max_us=0 touch_errors=0 touch_overflows=0 pass=1
[19:41:53] TINYDRAW_GATE1_PACED_COLD corpus=adversarial_tapered_4x+evil_hairlines zoom=200 x=0 y=0 steps=407 tiles=42 compute_us=415509 present_us=62368 touch_us=551 pacing_us=9192 wall_us=487620 maximum_wall_us=500000 max_tick_us=7671 touch_samples=558 touch_interval_max_us=1135 touch_read_max_us=449 touch_events=0 touch_down=0 touch_up=0 touch_events_ge_8ms=0 touch_event_age_max_us=0 touch_errors=0 touch_overflows=0 pass=1
[19:41:54] TINYDRAW_GATE1_PACED_COLD corpus=adversarial_tapered_4x+evil_hairlines zoom=400 x=0 y=0 steps=490 tiles=42 compute_us=431034 present_us=63780 touch_us=540 pacing_us=10667 wall_us=506021 maximum_wall_us=500000 max_tick_us=10208 touch_samples=573 touch_interval_max_us=1142 touch_read_max_us=456 touch_events=0 touch_down=0 touch_up=0 touch_events_ge_8ms=0 touch_event_age_max_us=0 touch_errors=0 touch_overflows=0 pass=0
[19:41:55] TINYDRAW_GATE1_WORKLOAD kind=realistic seed=7 operations=1000 samples=19844 maximum_stroke=198 load_us=603126 raw_source=1 lod_copies=0
[19:41:55] TINYDRAW_GATE1_PACED_COLD corpus=seed7 zoom=400 x=63 y=63 steps=264 tiles=56 compute_us=212093 present_us=81246 touch_us=404 pacing_us=6211 wall_us=299954 maximum_wall_us=500000 max_tick_us=9584 touch_samples=1082 touch_interval_max_us=1965 touch_read_max_us=489 touch_events=0 touch_down=0 touch_up=0 touch_events_ge_8ms=0 touch_event_age_max_us=0 touch_errors=0 touch_overflows=0 pass=1
[19:41:55] TINYDRAW_LIVE_PRESENT kind=gate_fallback zoom=100 x=0 y=0 compose_us=11437 scroll_us=0 exposed_compose_us=0 chrome_us=6725 chrome_prepare_us=2372 chrome_stage_us=4353 read_submit_us=26815 read_complete_us=30402 transfer_wait_us=20240 tile_pixels=0 uniform_pixels=0 overview_pixels=0 fallback_pixels=164864 resident_tiles=0 fallback_tiles=42 pushes=11 tear_wait_us=12869 tear_edge_isr_to_resume_us=9 tear_edge_observed=1 tear_edge_wait_resumed=1 tear_edge_timeout=0 tear_heal_attempted=0 tear_heal_command_sent=0 presentation_experiment=boundary-top-sweep te_edge=rising requested_clock_mhz=50 effective_clock_mhz=40 frame_reused=0 pass=1
[19:41:55] TINYDRAW_GATE1_HARD zoom=100 cold=1 operations=1000 samples=19844 steps=246 tiles=42 scanned=12000 rendered=388 max_supertask_us=5527 presentation_us=69033 total_us=386384 maximum_wall_us=500000 pass=1
[19:41:56] TINYDRAW_GATE1_OVERLAY_CANVAS regions=zoom,minimap,toolbar,battery operations=4 presentation_mutations=0 authority=1 pass=1
[19:41:56] TINYDRAW_GATE1_LIVE_OVERLAY clear_updates=48 clear_wall_max_us=10953 clear_submit_max_us=9587 clear_complete_max_us=10185 overlay_updates=48 overlay_wall_max_us=10907 overlay_submit_max_us=9676 overlay_complete_max_us=10400 overlay_chrome_max_us=224 clear_failures=0 overlay_failures=0 pass=1
[19:41:56] TINYDRAW_EDGE_INK corners=4 edge_failures=0 pass=1
[19:41:57] TINYDRAW_GATE1_PAN zoom=100 from_x=0 from_y=0 to_x=88 to_y=88 compose_us=15520 scroll_us=14 exposed_compose_us=15506 chrome_us=2328 event_submit_us=29748 event_complete_us=32902 transfer_us=16250 setup=1 present=1 moved=1 frame_reused=1 pass=1
[19:41:57] TINYDRAW_LIVE_PRESENT kind=gate_fallback zoom=400 x=0 y=0 compose_us=10816 scroll_us=0 exposed_compose_us=0 chrome_us=6609 chrome_prepare_us=2414 chrome_stage_us=4195 read_submit_us=23665 read_complete_us=27296 transfer_wait_us=20796 tile_pixels=0 uniform_pixels=0 overview_pixels=0 fallback_pixels=164864 resident_tiles=0 fallback_tiles=42 pushes=11 tear_wait_us=10312 tear_edge_isr_to_resume_us=9 tear_edge_observed=1 tear_edge_wait_resumed=1 tear_edge_timeout=0 tear_heal_attempted=0 tear_heal_command_sent=0 presentation_experiment=boundary-top-sweep te_edge=rising requested_clock_mhz=50 effective_clock_mhz=40 frame_reused=0 pass=1
[19:41:57] TINYDRAW_GATE1_HARD zoom=400 cold=1 operations=1008 samples=19852 steps=200 tiles=42 scanned=12096 rendered=60 max_supertask_us=8848 presentation_us=69931 total_us=229096 maximum_wall_us=500000 pass=1
[19:41:57] TINYDRAW_GATE1_PAN zoom=400 from_x=0 from_y=0 to_x=88 to_y=88 compose_us=15495 scroll_us=13 exposed_compose_us=15482 chrome_us=2127 event_submit_us=29840 event_complete_us=33000 transfer_us=16167 setup=1 present=1 moved=1 frame_reused=1 pass=1
[19:42:00] TINYDRAW_PANSEQ_FRAME zoom=100 step=0 dx=24 dy=18 scroll_us=13 exposed_compose_us=4424 chrome_us=2315 tear_wait_us=8366 present_us=16042 prepare_us=10643 acquire_wait_us=19 ring_copy_us=8326 patch_us=2303 byte_swap_us=14 staging_us=4195 event_submit_us=12940 event_complete_us=16091 frame_us=28974 tear_edge_observed=1 frame_reused=1 pass=1
[19:42:00] TINYDRAW_PANSEQ_FRAME zoom=100 step=1 dx=24 dy=18 scroll_us=13 exposed_compose_us=4444 chrome_us=2348 tear_wait_us=12951 present_us=16400 prepare_us=10615 acquire_wait_us=19 ring_copy_us=8264 patch_us=2344 byte_swap_us=7 staging_us=4228 event_submit_us=17530 event_complete_us=20706 frame_us=33921 tear_edge_observed=1 frame_reused=1 pass=1
[19:42:00] TINYDRAW_PANSEQ_FRAME zoom=100 step=2 dx=24 dy=18 scroll_us=13 exposed_compose_us=4142 chrome_us=2312 tear_wait_us=12937 present_us=16735 prepare_us=10678 acquire_wait_us=18 ring_copy_us=8362 patch_us=2307 byte_swap_us=9 staging_us=4184 event_submit_us=17222 event_complete_us=20405 frame_us=33947 tear_edge_observed=1 frame_reused=1 pass=1
[19:42:00] TINYDRAW_PANSEQ_FRAME zoom=100 step=3 dx=24 dy=18 scroll_us=13 exposed_compose_us=4651 chrome_us=2320 tear_wait_us=12031 present_us=16118 prepare_us=10633 acquire_wait_us=18 ring_copy_us=8309 patch_us=2315 byte_swap_us=9 staging_us=4221 event_submit_us=16818 event_complete_us=19990 frame_us=32927 tear_edge_observed=1 frame_reused=1 pass=1
[19:42:00] TINYDRAW_PANSEQ_FRAME zoom=100 step=4 dx=24 dy=18 scroll_us=13 exposed_compose_us=4191 chrome_us=2310 tear_wait_us=13140 present_us=16481 prepare_us=10637 acquire_wait_us=19 ring_copy_us=8326 patch_us=2302 byte_swap_us=9 staging_us=4223 event_submit_us=17480 event_complete_us=20651 frame_us=33946 tear_edge_observed=1 frame_reused=1 pass=1
[19:42:00] TINYDRAW_PANSEQ_FRAME zoom=100 step=5 dx=24 dy=18 scroll_us=13 exposed_compose_us=4477 chrome_us=2338 tear_wait_us=12472 present_us=15854 prepare_us=10639 acquire_wait_us=19 ring_copy_us=8299 patch_us=2332 byte_swap_us=8 staging_us=4222 event_submit_us=17089 event_complete_us=20256 frame_us=32933 tear_edge_observed=1 frame_reused=1 pass=1
[19:42:00] TINYDRAW_PANSEQ_FRAME zoom=100 step=6 dx=24 dy=18 scroll_us=13 exposed_compose_us=4118 chrome_us=2309 tear_wait_us=13467 present_us=16227 prepare_us=10653 acquire_wait_us=18 ring_copy_us=8332 patch_us=2312 byte_swap_us=9 staging_us=4201 event_submit_us=17730 event_complete_us=20896 frame_us=33946 tear_edge_observed=1 frame_reused=1 pass=1
[19:42:00] TINYDRAW_PANSEQ_FRAME zoom=100 step=7 dx=24 dy=18 scroll_us=13 exposed_compose_us=4461 chrome_us=2318 tear_wait_us=12738 present_us=16606 prepare_us=10604 acquire_wait_us=19 ring_copy_us=8280 patch_us=2315 byte_swap_us=9 staging_us=4213 event_submit_us=17336 event_complete_us=20472 frame_us=33933 tear_edge_observed=1 frame_reused=1 pass=1
[19:42:00] TINYDRAW_PANSEQ_FRAME zoom=100 step=8 dx=24 dy=18 scroll_us=13 exposed_compose_us=4429 chrome_us=2332 tear_wait_us=12394 present_us=15989 prepare_us=10666 acquire_wait_us=18 ring_copy_us=8332 patch_us=2326 byte_swap_us=8 staging_us=4188 event_submit_us=16967 event_complete_us=20135 frame_us=32946 tear_edge_observed=1 frame_reused=1 pass=1
[19:42:00] TINYDRAW_PANSEQ_FRAME zoom=100 step=9 dx=24 dy=18 scroll_us=13 exposed_compose_us=4443 chrome_us=2333 tear_wait_us=13004 present_us=16358 prepare_us=10610 acquire_wait_us=19 ring_copy_us=8278 patch_us=2325 byte_swap_us=7 staging_us=4224 event_submit_us=17585 event_complete_us=20754 frame_us=33933 tear_edge_observed=1 frame_reused=1 pass=1
[19:42:00] TINYDRAW_PANSEQ_FRAME zoom=100 step=10 dx=24 dy=18 scroll_us=13 exposed_compose_us=4150 chrome_us=2307 tear_wait_us=12925 present_us=16738 prepare_us=10664 acquire_wait_us=18 ring_copy_us=8355 patch_us=2301 byte_swap_us=8 staging_us=4198 event_submit_us=17219 event_complete_us=20394 frame_us=33946 tear_edge_observed=1 frame_reused=1 pass=1
[19:42:00] TINYDRAW_PANSEQ_FRAME zoom=100 step=11 dx=24 dy=18 scroll_us=13 exposed_compose_us=4671 chrome_us=2322 tear_wait_us=12021 present_us=16107 prepare_us=10611 acquire_wait_us=22 ring_copy_us=8290 patch_us=2313 byte_swap_us=8 staging_us=4238 event_submit_us=16832 event_complete_us=20002 frame_us=32929 tear_edge_observed=1 frame_reused=1 pass=1
[19:42:00] TINYDRAW_PANSEQ_FRAME zoom=100 step=12 dx=24 dy=18 scroll_us=13 exposed_compose_us=4173 chrome_us=2312 tear_wait_us=13155 present_us=16482 prepare_us=10630 acquire_wait_us=19 ring_copy_us=8319 patch_us=2304 byte_swap_us=7 staging_us=4222 event_submit_us=17477 event_complete_us=20640 frame_us=33946 tear_edge_observed=1 frame_reused=1 pass=1
[19:42:00] TINYDRAW_PANSEQ_FRAME zoom=100 step=13 dx=24 dy=18 scroll_us=13 exposed_compose_us=4459 chrome_us=2341 tear_wait_us=12484 present_us=15860 prepare_us=10641 acquire_wait_us=18 ring_copy_us=8299 patch_us=2333 byte_swap_us=9 staging_us=4213 event_submit_us=17083 event_complete_us=20246 frame_us=32933 tear_edge_observed=1 frame_reused=1 pass=1
[19:42:00] TINYDRAW_PANSEQ_FRAME zoom=100 step=14 dx=24 dy=18 scroll_us=13 exposed_compose_us=4131 chrome_us=2320 tear_wait_us=13458 present_us=16224 prepare_us=10653 acquire_wait_us=19 ring_copy_us=8330 patch_us=2314 byte_swap_us=9 staging_us=4198 event_submit_us=17733 event_complete_us=20898 frame_us=33946 tear_edge_observed=1 frame_reused=1 pass=1
[19:42:00] TINYDRAW_PANSEQ_FRAME zoom=100 step=15 dx=24 dy=18 scroll_us=13 exposed_compose_us=4510 chrome_us=2315 tear_wait_us=12693 present_us=16602 prepare_us=10600 acquire_wait_us=20 ring_copy_us=8284 patch_us=2308 byte_swap_us=8 staging_us=4216 event_submit_us=17341 event_complete_us=20479 frame_us=33933 tear_edge_observed=1 frame_reused=1 pass=1
[19:42:00] TINYDRAW_PANSEQ_FRAME zoom=100 step=16 dx=72 dy=54 scroll_us=13 exposed_compose_us=11754 chrome_us=2329 tear_wait_us=5078 present_us=15978 prepare_us=10660 acquire_wait_us=19 ring_copy_us=8334 patch_us=2317 byte_swap_us=9 staging_us=4186 event_submit_us=16979 event_complete_us=20137 frame_us=32946 tear_edge_observed=1 frame_reused=1 pass=1
[19:42:00] TINYDRAW_PANSEQ_FRAME zoom=100 step=17 dx=72 dy=54 scroll_us=13 exposed_compose_us=11745 chrome_us=2320 tear_wait_us=5703 present_us=16358 prepare_us=10588 acquire_wait_us=18 ring_copy_us=8263 patch_us=2317 byte_swap_us=8 staging_us=4232 event_submit_us=17585 event_complete_us=20740 frame_us=33933 tear_edge_observed=1 frame_reused=1 pass=1
[19:42:00] TINYDRAW_PANSEQ_FRAME zoom=100 step=18 dx=72 dy=54 scroll_us=13 exposed_compose_us=10116 chrome_us=2308 tear_wait_us=6966 present_us=16730 prepare_us=10662 acquire_wait_us=18 ring_copy_us=8352 patch_us=2301 byte_swap_us=9 staging_us=4186 event_submit_us=17227 event_complete_us=20395 frame_us=33946 tear_edge_observed=1 frame_reused=1 pass=1
[19:42:01] TINYDRAW_PANSEQ_FRAME zoom=100 step=19 dx=72 dy=54 scroll_us=14 exposed_compose_us=10140 chrome_us=2311 tear_wait_us=6555 present_us=16105 prepare_us=10598 acquire_wait_us=18 ring_copy_us=8284 patch_us=2306 byte_swap_us=8 staging_us=4235 event_submit_us=16836 event_complete_us=19996 frame_us=32929 tear_edge_observed=1 frame_reused=1 pass=1
[19:42:01] TINYDRAW_PANSEQ_FRAME zoom=100 step=20 dx=-72 dy=-54 scroll_us=14 exposed_compose_us=11627 chrome_us=2308 tear_wait_us=5690 present_us=16490 prepare_us=10631 acquire_wait_us=19 ring_copy_us=8315 patch_us=2310 byte_swap_us=6 staging_us=4219 event_submit_us=17469 event_complete_us=20623 frame_us=33945 tear_edge_observed=1 frame_reused=1 pass=1
[19:42:01] TINYDRAW_PANSEQ_FRAME zoom=100 step=21 dx=-72 dy=-54 scroll_us=13 exposed_compose_us=11723 chrome_us=2335 tear_wait_us=5209 present_us=15872 prepare_us=10637 acquire_wait_us=18 ring_copy_us=8302 patch_us=2327 byte_swap_us=8 staging_us=4197 event_submit_us=17071 event_complete_us=20223 frame_us=32933 tear_edge_observed=1 frame_reused=1 pass=1
[19:42:01] TINYDRAW_PANSEQ_FRAME zoom=100 step=22 dx=-72 dy=-54 scroll_us=13 exposed_compose_us=11766 chrome_us=2329 tear_wait_us=5776 present_us=16268 prepare_us=10636 acquire_wait_us=18 ring_copy_us=8308 patch_us=2321 byte_swap_us=7 staging_us=4203 event_submit_us=17700 event_complete_us=20851 frame_us=33946 tear_edge_observed=1 frame_reused=1 pass=1
[19:42:01] TINYDRAW_PANSEQ_FRAME zoom=100 step=23 dx=-72 dy=-54 scroll_us=13 exposed_compose_us=11417 chrome_us=2324 tear_wait_us=5740 present_us=16647 prepare_us=10622 acquire_wait_us=18 ring_copy_us=8293 patch_us=2321 byte_swap_us=8 staging_us=4205 event_submit_us=17295 event_complete_us=20450 frame_us=33933 tear_edge_observed=1 frame_reused=1 pass=1
[19:42:01] TINYDRAW_PANSEQ_STRIP zoom=100 strip=0 panel_y=0 rows=44 samples=24 staging_mean_us=1344 staging_max_us=1370 wire_budget_us=1619 over_budget_us=0 pass=1
[19:42:01] TINYDRAW_PANSEQ_STRIP zoom=100 strip=1 panel_y=44 rows=44 samples=24 staging_mean_us=1223 staging_max_us=1230 wire_budget_us=1619 over_budget_us=0 pass=1
[19:42:01] TINYDRAW_PANSEQ_STRIP zoom=100 strip=2 panel_y=88 rows=44 samples=24 staging_mean_us=1171 staging_max_us=1179 wire_budget_us=1619 over_budget_us=0 pass=1
[19:42:01] TINYDRAW_PANSEQ_STRIP zoom=100 strip=3 panel_y=132 rows=44 samples=24 staging_mean_us=1168 staging_max_us=1179 wire_budget_us=1619 over_budget_us=0 pass=1
[19:42:01] TINYDRAW_PANSEQ_STRIP zoom=100 strip=4 panel_y=176 rows=44 samples=24 staging_mean_us=1167 staging_max_us=1179 wire_budget_us=1619 over_budget_us=0 pass=1
[19:42:01] TINYDRAW_PANSEQ_STRIP zoom=100 strip=5 panel_y=220 rows=44 samples=24 staging_mean_us=1196 staging_max_us=1204 wire_budget_us=1619 over_budget_us=0 pass=1
[19:42:01] TINYDRAW_PANSEQ_STRIP zoom=100 strip=6 panel_y=264 rows=44 samples=24 staging_mean_us=1371 staging_max_us=1393 wire_budget_us=1619 over_budget_us=0 pass=1
[19:42:01] TINYDRAW_PANSEQ_STRIP zoom=100 strip=7 panel_y=308 rows=44 samples=24 staging_mean_us=1364 staging_max_us=1376 wire_budget_us=1619 over_budget_us=0 pass=1
[19:42:01] TINYDRAW_PANSEQ_STRIP zoom=100 strip=8 panel_y=352 rows=20 samples=24 staging_mean_us=643 staging_max_us=669 wire_budget_us=736 over_budget_us=0 pass=1
[19:42:01] TINYDRAW_GATE1_PANSEQ zoom=100 frames=24 scroll_avg_us=13 exposed_avg_us=6673 chrome_avg_us=2321 tear_wait_avg_us=10289 present_avg_us=16302 prepare_avg_us=10633 acquire_wait_avg_us=18 ring_copy_avg_us=8309 patch_avg_us=2315 byte_swap_avg_us=8 staging_avg_us=4210 frame_avg_us=33397 frame_p50_us=33933 frame_p95_us=33946 frame_max_us=33947 complete_p50_us=20405 complete_p95_us=20896 complete_max_us=20898 tear_edge_failures=0 presentation_experiment=boundary-top-sweep te_edge=rising requested_clock_mhz=50 effective_clock_mhz=40 chrome_bottom_redraws=0 chrome_battery_redraws=0 chrome_zoom_redraws=0 chrome_minimap_base_redraws=0 strip_samples=216 staging_mean_us=1183 staging_max_us=1393 worst_strip=8 worst_strip_y=352 worst_wire_budget_us=736 worst_headroom_us=67 staging_invariant=1 pacing_pass=1 all_reused=1 pass=1
[19:42:03] TINYDRAW_PANSEQ_FRAME zoom=400 step=0 dx=24 dy=18 scroll_us=13 exposed_compose_us=4369 chrome_us=2172 tear_wait_us=8104 present_us=16334 prepare_us=10450 acquire_wait_us=19 ring_copy_us=8305 patch_us=2138 byte_swap_us=7 staging_us=4367 event_submit_us=12642 event_complete_us=15788 frame_us=28975 tear_edge_observed=1 frame_reused=1 pass=1
[19:42:03] TINYDRAW_PANSEQ_FRAME zoom=400 step=1 dx=24 dy=18 scroll_us=13 exposed_compose_us=4467 chrome_us=2162 tear_wait_us=12629 present_us=16697 prepare_us=10491 acquire_wait_us=18 ring_copy_us=8326 patch_us=2157 byte_swap_us=8 staging_us=4364 event_submit_us=17235 event_complete_us=20411 frame_us=33920 tear_edge_observed=1 frame_reused=1 pass=1
[19:42:03] TINYDRAW_PANSEQ_FRAME zoom=400 step=2 dx=24 dy=18 scroll_us=13 exposed_compose_us=4147 chrome_us=2135 tear_wait_us=12597 present_us=16062 prepare_us=10443 acquire_wait_us=18 ring_copy_us=8309 patch_us=2125 byte_swap_us=9 staging_us=4400 event_submit_us=16894 event_complete_us=20057 frame_us=32945 tear_edge_observed=1 frame_reused=1 pass=1
[19:42:03] TINYDRAW_PANSEQ_FRAME zoom=400 step=3 dx=24 dy=18 scroll_us=14 exposed_compose_us=4662 chrome_us=2176 tear_wait_us=12725 present_us=16417 prepare_us=10439 acquire_wait_us=20 ring_copy_us=8263 patch_us=2169 byte_swap_us=7 staging_us=4407 event_submit_us=17527 event_complete_us=20705 frame_us=33933 tear_edge_observed=1 frame_reused=1 pass=1
[19:42:03] TINYDRAW_PANSEQ_FRAME zoom=400 step=4 dx=24 dy=18 scroll_us=13 exposed_compose_us=4208 chrome_us=2127 tear_wait_us=12826 present_us=16773 prepare_us=10466 acquire_wait_us=18 ring_copy_us=8338 patch_us=2119 byte_swap_us=9 staging_us=4397 event_submit_us=17183 event_complete_us=20366 frame_us=33945 tear_edge_observed=1 frame_reused=1 pass=1
[19:42:03] TINYDRAW_PANSEQ_FRAME zoom=400 step=5 dx=24 dy=18 scroll_us=13 exposed_compose_us=4456 chrome_us=2143 tear_wait_us=12210 present_us=16132 prepare_us=10425 acquire_wait_us=19 ring_copy_us=8282 patch_us=2135 byte_swap_us=8 staging_us=4419 event_submit_us=16808 event_complete_us=19964 frame_us=32929 tear_edge_observed=1 frame_reused=1 pass=1
[19:42:03] TINYDRAW_PANSEQ_FRAME zoom=400 step=6 dx=24 dy=18 scroll_us=13 exposed_compose_us=4115 chrome_us=2150 tear_wait_us=13214 present_us=16481 prepare_us=10468 acquire_wait_us=19 ring_copy_us=8316 patch_us=2143 byte_swap_us=9 staging_us=4401 event_submit_us=17476 event_complete_us=20655 frame_us=33945 tear_edge_observed=1 frame_reused=1 pass=1
[19:42:03] TINYDRAW_PANSEQ_FRAME zoom=400 step=7 dx=24 dy=18 scroll_us=13 exposed_compose_us=4472 chrome_us=2153 tear_wait_us=12489 present_us=15841 prepare_us=10458 acquire_wait_us=19 ring_copy_us=8303 patch_us=2146 byte_swap_us=9 staging_us=4394 event_submit_us=17103 event_complete_us=20262 frame_us=32933 tear_edge_observed=1 frame_reused=1 pass=1
[19:42:03] TINYDRAW_PANSEQ_FRAME zoom=400 step=8 dx=24 dy=18 scroll_us=13 exposed_compose_us=4445 chrome_us=2141 tear_wait_us=13158 present_us=16206 prepare_us=10472 acquire_wait_us=18 ring_copy_us=8331 patch_us=2132 byte_swap_us=9 staging_us=4367 event_submit_us=17750 event_complete_us=20911 frame_us=33945 tear_edge_observed=1 frame_reused=1 pass=1
[19:42:03] TINYDRAW_PANSEQ_FRAME zoom=400 step=9 dx=24 dy=18 scroll_us=13 exposed_compose_us=4452 chrome_us=2136 tear_wait_us=12782 present_us=16570 prepare_us=10408 acquire_wait_us=20 ring_copy_us=8270 patch_us=2129 byte_swap_us=9 staging_us=4413 event_submit_us=17374 event_complete_us=20526 frame_us=33933 tear_edge_observed=1 frame_reused=1 pass=1
[19:42:03] TINYDRAW_PANSEQ_FRAME zoom=400 step=10 dx=24 dy=18 scroll_us=13 exposed_compose_us=4149 chrome_us=2170 tear_wait_us=12725 present_us=15935 prepare_us=10488 acquire_wait_us=19 ring_copy_us=8321 patch_us=2160 byte_swap_us=7 staging_us=4364 event_submit_us=17022 event_complete_us=20186 frame_us=32945 tear_edge_observed=1 frame_reused=1 pass=1
[19:42:03] TINYDRAW_PANSEQ_FRAME zoom=400 step=11 dx=24 dy=18 scroll_us=13 exposed_compose_us=4710 chrome_us=2173 tear_wait_us=12794 present_us=16298 prepare_us=10449 acquire_wait_us=18 ring_copy_us=8275 patch_us=2165 byte_swap_us=9 staging_us=4382 event_submit_us=17656 event_complete_us=20810 frame_us=33933 tear_edge_observed=1 frame_reused=1 pass=1
[19:42:03] TINYDRAW_PANSEQ_FRAME zoom=400 step=12 dx=24 dy=18 scroll_us=13 exposed_compose_us=4174 chrome_us=2148 tear_wait_us=12973 present_us=16663 prepare_us=10487 acquire_wait_us=20 ring_copy_us=8337 patch_us=2141 byte_swap_us=9 staging_us=4374 event_submit_us=17295 event_complete_us=20466 frame_us=33945 tear_edge_observed=1 frame_reused=1 pass=1
[19:42:03] TINYDRAW_PANSEQ_FRAME zoom=400 step=13 dx=24 dy=18 scroll_us=17 exposed_compose_us=4463 chrome_us=2152 tear_wait_us=12311 present_us=16025 prepare_us=10437 acquire_wait_us=20 ring_copy_us=8288 patch_us=2140 byte_swap_us=9 staging_us=4410 event_submit_us=16924 event_complete_us=20083 frame_us=32933 tear_edge_observed=1 frame_reused=1 pass=1
[19:42:03] TINYDRAW_PANSEQ_FRAME zoom=400 step=14 dx=24 dy=18 scroll_us=13 exposed_compose_us=4150 chrome_us=2137 tear_wait_us=13271 present_us=16388 prepare_us=10443 acquire_wait_us=19 ring_copy_us=8306 patch_us=2128 byte_swap_us=9 staging_us=4383 event_submit_us=17570 event_complete_us=20729 frame_us=33945 tear_edge_observed=1 frame_reused=1 pass=1
[19:42:03] TINYDRAW_PANSEQ_FRAME zoom=400 step=15 dx=24 dy=18 scroll_us=13 exposed_compose_us=4514 chrome_us=2146 tear_wait_us=12543 present_us=16747 prepare_us=10430 acquire_wait_us=18 ring_copy_us=8280 patch_us=2141 byte_swap_us=9 staging_us=4418 event_submit_us=17197 event_complete_us=20365 frame_us=33933 tear_edge_observed=1 frame_reused=1 pass=1
[19:42:03] TINYDRAW_PANSEQ_FRAME zoom=400 step=16 dx=72 dy=54 scroll_us=13 exposed_compose_us=11774 chrome_us=2144 tear_wait_us=4931 present_us=16100 prepare_us=10462 acquire_wait_us=18 ring_copy_us=8319 patch_us=2135 byte_swap_us=8 staging_us=4370 event_submit_us=16852 event_complete_us=20003 frame_us=32941 tear_edge_observed=1 frame_reused=1 pass=1
[19:42:03] TINYDRAW_PANSEQ_FRAME zoom=400 step=17 dx=72 dy=54 scroll_us=14 exposed_compose_us=11562 chrome_us=2147 tear_wait_us=5773 present_us=16457 prepare_us=10397 acquire_wait_us=20 ring_copy_us=8258 patch_us=2132 byte_swap_us=7 staging_us=4427 event_submit_us=17489 event_complete_us=20631 frame_us=33933 tear_edge_observed=1 frame_reused=1 pass=1
[19:42:03] TINYDRAW_PANSEQ_FRAME zoom=400 step=18 dx=72 dy=54 scroll_us=13 exposed_compose_us=11488 chrome_us=2130 tear_wait_us=5512 present_us=15807 prepare_us=10472 acquire_wait_us=20 ring_copy_us=8343 patch_us=2122 byte_swap_us=7 staging_us=4369 event_submit_us=17148 event_complete_us=20303 frame_us=32944 tear_edge_observed=1 frame_reused=1 pass=1
[19:42:03] TINYDRAW_PANSEQ_FRAME zoom=400 step=19 dx=72 dy=54 scroll_us=13 exposed_compose_us=11676 chrome_us=2150 tear_wait_us=5964 present_us=16162 prepare_us=10424 acquire_wait_us=21 ring_copy_us=8271 patch_us=2144 byte_swap_us=9 staging_us=4429 event_submit_us=17782 event_complete_us=20938 frame_us=33933 tear_edge_observed=1 frame_reused=1 pass=1
[19:42:03] TINYDRAW_PANSEQ_FRAME zoom=400 step=20 dx=-72 dy=-54 scroll_us=13 exposed_compose_us=11828 chrome_us=2159 tear_wait_us=5444 present_us=16530 prepare_us=10426 acquire_wait_us=20 ring_copy_us=8276 patch_us=2141 byte_swap_us=9 staging_us=4397 event_submit_us=17432 event_complete_us=20580 frame_us=33945 tear_edge_observed=1 frame_reused=1 pass=1
[19:42:03] TINYDRAW_PANSEQ_FRAME zoom=400 step=21 dx=-72 dy=-54 scroll_us=13 exposed_compose_us=11734 chrome_us=2175 tear_wait_us=5172 present_us=15895 prepare_us=10429 acquire_wait_us=18 ring_copy_us=8252 patch_us=2168 byte_swap_us=9 staging_us=4391 event_submit_us=17048 event_complete_us=20185 frame_us=32932 tear_edge_observed=1 frame_reused=1 pass=1
[19:42:03] TINYDRAW_PANSEQ_FRAME zoom=400 step=22 dx=-72 dy=-54 scroll_us=13 exposed_compose_us=11755 chrome_us=2157 tear_wait_us=5785 present_us=16268 prepare_us=10438 acquire_wait_us=19 ring_copy_us=8287 patch_us=2144 byte_swap_us=7 staging_us=4400 event_submit_us=17698 event_complete_us=20844 frame_us=33945 tear_edge_observed=1 frame_reused=1 pass=1
[19:42:03] TINYDRAW_PANSEQ_FRAME zoom=400 step=23 dx=-72 dy=-54 scroll_us=13 exposed_compose_us=11415 chrome_us=2167 tear_wait_us=5758 present_us=16628 prepare_us=10436 acquire_wait_us=19 ring_copy_us=8268 patch_us=2160 byte_swap_us=8 staging_us=4374 event_submit_us=17316 event_complete_us=20452 frame_us=33933 tear_edge_observed=1 frame_reused=1 pass=1
[19:42:03] TINYDRAW_PANSEQ_STRIP zoom=400 strip=0 panel_y=0 rows=44 samples=24 staging_mean_us=1338 staging_max_us=1365 wire_budget_us=1619 over_budget_us=0 pass=1
[19:42:03] TINYDRAW_PANSEQ_STRIP zoom=400 strip=1 panel_y=44 rows=44 samples=24 staging_mean_us=1220 staging_max_us=1233 wire_budget_us=1619 over_budget_us=0 pass=1
[19:42:03] TINYDRAW_PANSEQ_STRIP zoom=400 strip=2 panel_y=88 rows=44 samples=24 staging_mean_us=1172 staging_max_us=1183 wire_budget_us=1619 over_budget_us=0 pass=1
[19:42:03] TINYDRAW_PANSEQ_STRIP zoom=400 strip=3 panel_y=132 rows=44 samples=24 staging_mean_us=1167 staging_max_us=1180 wire_budget_us=1619 over_budget_us=0 pass=1
[19:42:03] TINYDRAW_PANSEQ_STRIP zoom=400 strip=4 panel_y=176 rows=44 samples=24 staging_mean_us=1169 staging_max_us=1179 wire_budget_us=1619 over_budget_us=0 pass=1
[19:42:03] TINYDRAW_PANSEQ_STRIP zoom=400 strip=5 panel_y=220 rows=44 samples=24 staging_mean_us=1153 staging_max_us=1166 wire_budget_us=1619 over_budget_us=0 pass=1
[19:42:03] TINYDRAW_PANSEQ_STRIP zoom=400 strip=6 panel_y=264 rows=44 samples=24 staging_mean_us=1328 staging_max_us=1346 wire_budget_us=1619 over_budget_us=0 pass=1
[19:42:03] TINYDRAW_PANSEQ_STRIP zoom=400 strip=7 panel_y=308 rows=44 samples=24 staging_mean_us=1318 staging_max_us=1331 wire_budget_us=1619 over_budget_us=0 pass=1
[19:42:03] TINYDRAW_PANSEQ_STRIP zoom=400 strip=8 panel_y=352 rows=20 samples=24 staging_mean_us=596 staging_max_us=619 wire_budget_us=736 over_budget_us=0 pass=1
[19:42:03] TINYDRAW_GATE1_PANSEQ zoom=400 frames=24 scroll_avg_us=13 exposed_avg_us=6799 chrome_avg_us=2152 tear_wait_avg_us=10153 present_avg_us=16309 prepare_avg_us=10447 acquire_wait_avg_us=19 ring_copy_avg_us=8296 patch_avg_us=2142 byte_swap_avg_us=8 staging_avg_us=4392 frame_avg_us=33397 frame_p50_us=33933 frame_p95_us=33945 frame_max_us=33945 complete_p50_us=20411 complete_p95_us=20911 complete_max_us=20938 tear_edge_failures=0 presentation_experiment=boundary-top-sweep te_edge=rising requested_clock_mhz=50 effective_clock_mhz=40 chrome_bottom_redraws=0 chrome_battery_redraws=0 chrome_zoom_redraws=0 chrome_minimap_base_redraws=0 strip_samples=216 staging_mean_us=1162 staging_max_us=1365 worst_strip=8 worst_strip_y=352 worst_wire_budget_us=736 worst_headroom_us=117 staging_invariant=1 pacing_pass=1 all_reused=1 pass=1
[19:42:04] TINYDRAW_GATE1_PAN_BOUNDARY zoom=100 slow_1px_trace=1 below_delta=94 below_reused=1 at_delta=96 at_reused=1 above_delta=98 above_fallback=1 pass=1
[19:42:04] TINYDRAW_GATE1_PAN_BOUNDARY zoom=400 slow_1px_trace=1 below_delta=94 below_reused=1 at_delta=96 at_reused=1 above_delta=98 above_fallback=1 pass=1
[19:42:04] TINYDRAW_GATE1_DRAW_FILL zoom=400 revision=2930 append_us=1411 poll_gap_us=95 event_submit_us=235 event_complete_us=1435 max_compute_slice_us=6396 max_display_slice_us=17195 fill_us=239638 revision_restarted=1 pass=1
[19:42:05] TINYDRAW_GATE1_CACHE_FILL zoom=50 x=63 y=63 published=56 total_us=621972 within_cold_gate=0 complete=1
[19:42:06] TINYDRAW_GATE1_CACHE_FILL zoom=100 x=63 y=63 published=56 total_us=507967 within_cold_gate=0 complete=1
[19:42:06] TINYDRAW_GATE1_CACHE_FILL zoom=200 x=63 y=63 published=56 total_us=356962 within_cold_gate=1 complete=1
[19:42:06] TINYDRAW_GATE1_CACHE_FILL zoom=400 x=63 y=63 published=56 total_us=297967 within_cold_gate=1 complete=1
[19:42:06] TINYDRAW_GATE1_CACHE_REVISIT zoom=50 remaining=0 tile_pixels=118128 fallback_pixels=0 compose_us=15924 complete_us=21125 hit=1
[19:42:06] TINYDRAW_GATE1_CACHE_REVISIT zoom=100 remaining=0 tile_pixels=164864 fallback_pixels=0 compose_us=18344 complete_us=20649 hit=1
[19:42:06] TINYDRAW_GATE1_CACHE_REVISIT zoom=200 remaining=0 tile_pixels=164864 fallback_pixels=0 compose_us=18303 complete_us=20202 hit=1
[19:42:07] TINYDRAW_GATE1_CACHE_REVISIT zoom=400 remaining=0 tile_pixels=164608 fallback_pixels=0 compose_us=18320 complete_us=20738 hit=1
[19:42:07] TINYDRAW_GATE1_CACHE_FILL zoom=400 x=575 y=575 published=56 total_us=315976 within_cold_gate=1 complete=1
[19:42:07] TINYDRAW_GATE1_CACHE_ROUND_TRIP zoom=50 from_x=63 from_y=63 via_x=575 via_y=575 remaining=0 tile_pixels=118128 fallback_pixels=0 compose_us=15930 complete_us=20229 hit=1
[19:42:07] TINYDRAW_GATE1_CACHE_ROUND_TRIP zoom=100 from_x=63 from_y=63 via_x=575 via_y=575 remaining=0 tile_pixels=164864 fallback_pixels=0 compose_us=18340 complete_us=20837 hit=1
[19:42:07] TINYDRAW_GATE1_CACHE_ROUND_TRIP zoom=200 from_x=63 from_y=63 via_x=575 via_y=575 remaining=0 tile_pixels=164864 fallback_pixels=0 compose_us=18336 complete_us=20419 hit=1
[19:42:07] TINYDRAW_GATE1_CACHE_ROUND_TRIP zoom=400 from_x=63 from_y=63 via_x=575 via_y=575 remaining=0 tile_pixels=164608 fallback_pixels=0 compose_us=18362 complete_us=19987 hit=1
[19:42:07] TINYDRAW_GATE1_CACHE_RETENTION pass=1 slots=448 revision=2930
[19:42:08] TINYDRAW_PAPER_SWEEP zoom=100 identities=644 raw=266 uniform=378 fallback=0 slots=448 total_us=1409963 pass=1
[19:42:08] TINYDRAW_RERENDER_LEDGER_RESET site=cache_tour_start
[19:42:12] TINYDRAW_GATE1_CACHE_TOUR slots=448 stops=16 forward_steps=2162 forward_tiles=832 forward_wall_us=1462017 return_missing_tiles=0 return_steps=16 return_tiles=0 return_wall_us=6109 home_missing=0 home_fallback_pixels=0 pass=1
[19:42:12] TINYDRAW_RERENDER_LEDGER site=cache_tour renders=80 unique=80 amplification=1.000 cold=80 damage=0 evict=0 stale=0 unexplained=0
[19:42:12] TINYDRAW_RERENDER_LEDGER_VERDICT pass=1
[19:42:13] TINYDRAW_GATE1_MIXED_DRAW_WARM zoom=50 fill_tiles=56 fill_us=538962 raw=42 uniform=14
[19:42:13] TINYDRAW_GATE1_MIXED_DRAW_WARM zoom=100 fill_tiles=56 fill_us=427980 raw=56 uniform=0
[19:42:13] TINYDRAW_GATE1_MIXED_DRAW_WARM zoom=200 fill_tiles=56 fill_us=339007 raw=56 uniform=0
[19:42:14] TINYDRAW_GATE1_MIXED_DRAW_WARM zoom=400 fill_tiles=42 fill_us=220284 raw=42 uniform=0
[19:42:15] TINYDRAW_GATE1_MIXED_DRAW zoom=25 tool=pen chunks=50 append_max_us=14230 append_avg_us=12811 append_total_us=640593 affected_tiles=196 published=0 fallback=196 visible_fallback=0 ph_prepare_max_us=142 ph_overview_max_us=10004 ph_enumerate_max_us=552 ph_uniform_max_us=92 ph_raw_max_us=14 ph_commit_max_us=3612 committed=1 authority=1 refresh=1 run_ok=1 pass=1
[19:42:16] TINYDRAW_GATE1_MIXED_DRAW zoom=25 tool=eraser chunks=50 append_max_us=14321 append_avg_us=12754 append_total_us=637730 affected_tiles=0 published=0 fallback=0 visible_fallback=0 ph_prepare_max_us=152 ph_overview_max_us=10180 ph_enumerate_max_us=460 ph_uniform_max_us=9 ph_raw_max_us=7 ph_commit_max_us=3561 committed=1 authority=1 refresh=1 run_ok=1 pass=1
[19:42:18] TINYDRAW_GATE1_MIXED_DRAW zoom=50 tool=pen chunks=50 append_max_us=20857 append_avg_us=17667 append_total_us=883376 affected_tiles=422 published=400 fallback=22 visible_fallback=0 ph_prepare_max_us=186 ph_overview_max_us=4273 ph_enumerate_max_us=490 ph_uniform_max_us=5765 ph_raw_max_us=13210 ph_commit_max_us=1716 committed=1 authority=1 refresh=1 run_ok=1 pass=0
[19:42:19] TINYDRAW_GATE1_MIXED_DRAW zoom=50 tool=eraser chunks=50 append_max_us=19153 append_avg_us=17379 append_total_us=868955 affected_tiles=405 published=405 fallback=0 visible_fallback=0 ph_prepare_max_us=161 ph_overview_max_us=4245 ph_enumerate_max_us=515 ph_uniform_max_us=28 ph_raw_max_us=13103 ph_commit_max_us=1497 committed=1 authority=1 refresh=1 run_ok=1 pass=0
[19:42:21] TINYDRAW_GATE1_MIXED_DRAW zoom=100 tool=pen chunks=50 append_max_us=16938 append_avg_us=14819 append_total_us=740984 affected_tiles=450 published=398 fallback=52 visible_fallback=0 ph_prepare_max_us=180 ph_overview_max_us=2141 ph_enumerate_max_us=530 ph_uniform_max_us=4755 ph_raw_max_us=13068 ph_commit_max_us=1027 committed=1 authority=1 refresh=1 run_ok=1 pass=0
[19:42:22] TINYDRAW_GATE1_MIXED_DRAW zoom=100 tool=eraser chunks=50 append_max_us=16493 append_avg_us=14571 append_total_us=728596 affected_tiles=399 published=399 fallback=0 visible_fallback=0 ph_prepare_max_us=182 ph_overview_max_us=2099 ph_enumerate_max_us=513 ph_uniform_max_us=34 ph_raw_max_us=13210 ph_commit_max_us=805 committed=1 authority=1 refresh=1 run_ok=1 pass=0
[19:42:24] TINYDRAW_GATE1_MIXED_DRAW zoom=200 tool=pen chunks=50 append_max_us=16269 append_avg_us=13590 append_total_us=679542 affected_tiles=425 published=389 fallback=36 visible_fallback=0 ph_prepare_max_us=185 ph_overview_max_us=1153 ph_enumerate_max_us=552 ph_uniform_max_us=4919 ph_raw_max_us=13008 ph_commit_max_us=892 committed=1 authority=1 refresh=1 run_ok=1 pass=0
[19:42:24] TINYDRAW_GATE1_MIXED_DRAW zoom=200 tool=eraser chunks=50 append_max_us=15408 append_avg_us=13276 append_total_us=663811 affected_tiles=388 published=388 fallback=0 visible_fallback=0 ph_prepare_max_us=186 ph_overview_max_us=1174 ph_enumerate_max_us=536 ph_uniform_max_us=29 ph_raw_max_us=13172 ph_commit_max_us=714 committed=1 authority=1 refresh=1 run_ok=1 pass=0
[19:42:27] TINYDRAW_GATE1_MIXED_DRAW zoom=400 tool=pen chunks=50 append_max_us=15175 append_avg_us=12457 append_total_us=622899 affected_tiles=359 published=334 fallback=25 visible_fallback=0 ph_prepare_max_us=176 ph_overview_max_us=769 ph_enumerate_max_us=593 ph_uniform_max_us=3681 ph_raw_max_us=12266 ph_commit_max_us=809 committed=1 authority=1 refresh=1 run_ok=1 pass=0
[19:42:27] TINYDRAW_GATE1_MIXED_DRAW zoom=400 tool=eraser chunks=50 append_max_us=14145 append_avg_us=12315 append_total_us=615780 affected_tiles=350 published=350 fallback=0 visible_fallback=0 ph_prepare_max_us=183 ph_overview_max_us=762 ph_enumerate_max_us=594 ph_uniform_max_us=26 ph_raw_max_us=12324 ph_commit_max_us=667 committed=1 authority=1 refresh=1 run_ok=1 pass=1
[19:42:28] TINYDRAW_GATE1_MIXED_DRAW_REVISIT zoom=50 missing=4 refill_tiles=4 refill_us=193182
[19:42:28] TINYDRAW_GATE1_MIXED_DRAW_REVISIT zoom=100 missing=9 refill_tiles=9 refill_us=334048
[19:42:28] TINYDRAW_GATE1_MIXED_DRAW_REVISIT zoom=200 missing=16 refill_tiles=16 refill_us=340609
[19:42:28] TINYDRAW_GATE1_MIXED_DRAW_REVISIT zoom=400 missing=0 refill_tiles=0 refill_us=318
[19:42:28] TINYDRAW_GATE1_MIXED_DRAW_SUMMARY slots=448 strokes=10 worst_append_us=20857 pass=0
[19:42:34] TINYDRAW_GATE1_IDLE_REPAIR damaged=588 remaining=0 plan_views=24 steps=4378 repair_us=4093634 worst_step_us=5645 warm_tiles=56 pass=1
[19:42:35] TINYDRAW_INKTRACE trace=fast-curve-dense-25 zoom=25 events=411 consumed=279 coalesced=132 down=1/1 up=1/1 max_time_gap_us=31252 max_space_gap_px=55.33 e2c_p50=770 e2c_p95=838 e2c_max=11798 e2g_p95=962 e2s_p95=10591 e2d_p50=6156 e2d_p95=11726 e2d_max=13042 latency_samples=34 presentation_failures=0 commit_failures=0 overflows=0 chrome_mismatches=0 unclosed_stroke=0 revision=3482 latency_pass=1 pass=1
[19:42:36] TINYDRAW_INKTRACE trace=fast-curve-400 zoom=400 events=414 consumed=267 coalesced=147 down=1/1 up=1/1 max_time_gap_us=13561 max_space_gap_px=65.51 e2c_p50=737 e2c_p95=808 e2c_max=1739 e2g_p95=927 e2s_p95=10542 e2d_p50=6374 e2d_p95=11834 e2d_max=12198 latency_samples=34 presentation_failures=0 commit_failures=0 overflows=0 chrome_mismatches=0 unclosed_stroke=0 revision=3484 latency_pass=1 pass=1
[19:42:38] TINYDRAW_INKTRACE trace=fast-curve-400-xl zoom=400 events=2296 consumed=1258 coalesced=1038 down=1/1 up=1/1 max_time_gap_us=15663 max_space_gap_px=47.85 e2c_p50=1153 e2c_p95=1226 e2c_max=3209 e2g_p95=1347 e2s_p95=10962 e2d_p50=7139 e2d_p95=12079 e2d_max=12363 latency_samples=173 presentation_failures=0 commit_failures=0 overflows=0 chrome_mismatches=0 unclosed_stroke=0 revision=3490 latency_pass=1 pass=1
[19:42:39] TINYDRAW_INKTRACE trace=slow-precise-100 zoom=100 events=741 consumed=602 coalesced=139 down=1/1 up=1/1 max_time_gap_us=10844 max_space_gap_px=13.45 e2c_p50=651 e2c_p95=723 e2c_max=2524 e2g_p95=840 e2s_p95=5753 e2d_p50=3811 e2d_p95=6187 e2d_max=6207 latency_samples=54 presentation_failures=0 commit_failures=0 overflows=0 chrome_mismatches=0 unclosed_stroke=0 revision=3492 latency_pass=1 pass=1
[19:42:42] TINYDRAW_INKTRACE trace=scribble-multistroke zoom=100 events=848 consumed=643 coalesced=205 down=7/7 up=7/7 max_time_gap_us=16074 max_space_gap_px=109.46 e2c_p50=622 e2c_p95=693 e2c_max=5695 e2g_p95=1895 e2s_p95=11649 e2d_p50=6157 e2d_p95=14182 e2d_max=15959 latency_samples=41 presentation_failures=0 commit_failures=0 overflows=0 chrome_mismatches=2 unclosed_stroke=0 revision=3497 latency_pass=1 pass=0
[19:42:52] TINYDRAW_INKTRACE trace=under-overlay zoom=100 events=9284 consumed=7741 coalesced=1543 down=1/1 up=1/1 max_time_gap_us=15435 max_space_gap_px=31.06 e2c_p50=1146 e2c_p95=1201 e2c_max=2320 e2g_p95=1340 e2s_p95=6285 e2d_p50=4280 e2d_p95=6700 e2d_max=12951 latency_samples=577 presentation_failures=0 commit_failures=0 overflows=0 chrome_mismatches=0 unclosed_stroke=0 revision=3521 latency_pass=1 pass=1
[19:42:53] TINYDRAW_HAIRLINE_DOC ops=782 samples=8061 append_total_us=1101169 append_max_us=7498
[19:42:54] TINYDRAW_GATE1_PACED_COLD corpus=evil_hairlines_capacity zoom=100 x=552 y=672 steps=239 tiles=56 compute_us=240103 present_us=76692 touch_us=467 pacing_us=8711 wall_us=325973 maximum_wall_us=500000 max_tick_us=9033 touch_samples=58377 touch_interval_max_us=2057 touch_read_max_us=624 touch_events=0 touch_down=0 touch_up=0 touch_events_ge_8ms=0 touch_event_age_max_us=0 touch_errors=0 touch_overflows=0 pass=1
[19:42:54] TINYDRAW_GATE1_PACED_COLD corpus=evil_hairlines_capacity zoom=400 x=2760 y=3360 steps=212 tiles=48 compute_us=138680 present_us=72690 touch_us=402 pacing_us=5212 wall_us=216984 maximum_wall_us=500000 max_tick_us=8863 touch_samples=294 touch_interval_max_us=1792 touch_read_max_us=496 touch_events=0 touch_down=0 touch_up=0 touch_events_ge_8ms=0 touch_event_age_max_us=0 touch_errors=0 touch_overflows=0 pass=1
[19:42:56] TINYDRAW_HAIRLINE_REPAIR steps=2372 wall_us=2237579 worst_step_us=4789 resident=407/448 grid_stopped=1 pass2_steps=8 pass2_wall_us=2203 no_churn=1
[19:42:58] TINYDRAW_HAIRLINE_TOUR stops=8 total_us=942983 worst_stop_us=204510 worst_step_us=6424
[19:42:58] TINYDRAW_GATE1_HAIRLINE raw=339 uniform=72 fallback=233 capacity=448 worst_step_us=6424 grid_stopped=1 pass=1
[19:43:00] TINYDRAW_GATE1_LONG_GESTURE path=reference samples=1600 chunks=26 append_total_us=973721 append_max_us=45720 append_avg_us=37450 refresh_fallback_pixels=0 settled_fallback_pixels=0 committed=1 authority=1 refresh=1 run_ok=1
[19:43:00] TINYDRAW_GATE1_LONG_GESTURE path=in_place samples=1600 chunks=52 append_total_us=630750 append_max_us=14732 append_avg_us=12129 refresh_fallback_pixels=0 settled_fallback_pixels=0 committed=1 authority=1 refresh=1 run_ok=1
[19:43:00] TINYDRAW_V2_EXPORT_PROGRESS row=0 of=1792
[19:43:01] TINYDRAW_V2_EXPORT_PROGRESS row=256 of=1792
[19:43:02] TINYDRAW_V2_EXPORT_PROGRESS row=512 of=1792
[19:43:02] TINYDRAW_V2_EXPORT_PROGRESS row=768 of=1792
[19:43:03] TINYDRAW_V2_EXPORT_PROGRESS row=1024 of=1792
[19:43:04] TINYDRAW_V2_EXPORT_PROGRESS row=1280 of=1792
[19:43:05] TINYDRAW_V2_EXPORT_PROGRESS row=1536 of=1792
[19:43:06] TINYDRAW_GATE1_EXPORT encoded=1 bytes=40166 elapsed_us=5696727 workspace_bytes=50652 band_bytes=376832 free_psram=1526096 free_internal=178692 signature=1 dimensions=1 chunks=3 chunks_ok=1 pass=1
[19:43:06] TINYDRAW_EXPORT_RESERVE requested=1572864 free_before=1526096 largest_before=1507328 free_held=1526096 largest_held=1507328 pass=0
[19:43:06] TINYDRAW_RERENDER_LEDGER site=final renders=0 unique=0 amplification=0.000 cold=0 damage=0 evict=0 stale=0 unexplained=0
[19:43:06] TINYDRAW_GATE1_AUTOMATED_DONE stress=1 stress_100=1 stress_400=1 overlap_ready=1 overlap_cold=0 general_cold_ready=1 general_cold=0 workload=1 paced_cold=1 hard_100=1 hard_400=1 pan_100=1 pan_400=1 pan_seq=1 pan_boundary=1 live_overlay=1 draw_fill=1 cache=1 full_world_cache=1 cache_tour=1 mixed_draw=0 idle_repair=1 ink_trace=0 hairline_capacity=1 long_gesture=1 export_encode=1 export_reserve=0 return=1 ssaa_receipt=yellow
[19:43:06] TINYDRAW_VECTOR_V2_GATE_HARNESS_DONE pass=0
[19:43:06] TINYDRAW_VECTOR_V2_READY zoom=25 controls=chrome button=cycle_all_zooms operations_capacity=4000 samples_capacity=80000 live_storage_bytes=6384600 overview_bytes=1318912 raw_tile_bytes=3670016 tile_metadata_bytes=101360 operation_bytes=720000 live_scratch_bytes=574312 free_psram=1526096 largest_psram=1507328 te_edges=4744 te_period_us=16807 te_high_us=-1 te_level=0 main_stack_free=232
