[10:51:44] I (103) esp_image: segment 0: paddr=00010020 vaddr=3c040020 sizeESP-ROM:esp32s3-20210327
[10:51:44] Build:Mar 27 2021
[10:51:44] rst:0x15 (USB_UART_CHIP_RESET),boot:0x2b (SPI_FAST_FLASH_BOOT)
[10:51:44] Saved PC:0x4037f018
[10:51:44] SPIWP:0xee
[10:51:44] mode:DIO, clock div:1
[10:51:44] load:0x3fce2820,len:0x1664
[10:51:44] load:0x403c8700,len:0xf38
[10:51:44] load:0x403cb700,len:0x31e8
[10:51:44] entry 0x403c8930
[10:51:44] I (24) boot: ESP-IDF v6.0.2 2nd stage bootloader
[10:51:44] I (24) boot: compile time Aug 17 2026 10:51:20
[10:51:44] I (25) boot: Multicore bootloader
[10:51:44] I (25) boot: chip revision: v0.2
[10:51:44] I (28) boot: efuse block revision: v1.3
[10:51:44] I (31) qio_mode: Enabling default flash chip QIO
[10:51:44] I (36) boot.esp32s3: Boot SPI Speed : 80MHz
[10:51:44] I (39) boot.esp32s3: SPI Mode       : QIO
[10:51:44] I (43) boot.esp32s3: SPI Flash Size : 16MB
[10:51:44] I (47) boot: Enabling RNG early entropy source...
[10:51:44] I (51) boot: Partition Table:
[10:51:44] I (54) boot: ## Label            Usage          Type ST Offset   Length
[10:51:44] I (60) boot:  0 nvs              WiFi data        01 02 00009000 00006000
[10:51:44] I (67) boot:  1 phy_init         RF data          01 01 0000f000 00001000
[10:51:44] I (73) boot:  2 factory          factory app      00 00 00010000 00100000
[10:51:44] I (80) boot:  3 drawing          Unknown data     01 40 00110000 00300000
[10:51:44] I (86) boot:  4 export           Unknown data     01 41 00410000 00500000
[10:51:44] I (93) boot:  5 coredump         Unknown data     01 03 00910000 00010000
[10:51:44] I (100) boot: End of partition table
[10:51:44] I (103) esp_image: segment 0: paddr=00010020 vaddr=3c040020 size=10454h ( 66644) map
[10:51:44] I (121) esp_image: segment 1: paddr=0002047c vaddr=3fc97500 size=03774h ( 14196) load
[10:51:44] I (124) esp_image: segment 2: paddr=00023bf8 vaddr=40374000 size=0c420h ( 50208) load
[10:51:44] I (135) esp_image: segment 3: paddr=00030020 vaddr=42000020 size=3cc64h (248932) map
[10:51:44] I (174) esp_image: segment 4: paddr=0006cc8c vaddr=40380420 size=07050h ( 28752) load
[10:51:44] I (181) esp_image: segment 5: paddr=00073ce4 vaddr=50000000 size=00024h (    36) load
[10:51:44] I (189) boot: Loaded app from partition at offset 0x10000
[10:51:44] I (189) boot: Disabling RNG early entropy source...
[10:51:44] I (200) octal_psram: vendor id    : 0x0d (AP)
[10:51:44] I (200) octal_psram: dev id       : 0x02 (generation 3)
[10:51:44] I (200) octal_psram: density      : 0x03 (64 Mbit)
[10:51:44] I (202) octal_psram: good-die     : 0x01 (Pass)
[10:51:44] I (206) octal_psram: Latency      : 0x01 (Fixed)
[10:51:44] I (211) octal_psram: VCC          : 0x01 (3V)
[10:51:44] I (215) octal_psram: SRF          : 0x01 (Fast Refresh)
[10:51:44] I (220) octal_psram: BurstType    : 0x01 (Hybrid Wrap)
[10:51:44] I (224) octal_psram: BurstLen     : 0x01 (32 Byte)
[10:51:44] I (229) octal_psram: Readlatency  : 0x02 (10 cycles@Fixed)
[10:51:44] I (234) octal_psram: DriveStrength: 0x00 (1/1)
[10:51:44] I (238) MSPI Timing: Enter psram timing tuning
[10:51:44] I (243) esp_psram: Found 8MB PSRAM device
[10:51:44] I (246) esp_psram: Speed: 80MHz
[10:51:44] I (249) cpu_start: Multicore app
[10:51:44] I (665) esp_psram: SPI SRAM memory test OK
[10:51:44] I (673) cpu_start: GPIO 44 and 43 are used as console UART I/O pins
[10:51:44] I (674) cpu_start: Pro cpu start user code
[10:51:44] I (674) cpu_start: cpu freq: 240000000 Hz
[10:51:44] I (676) app_init: Application information:
[10:51:44] I (679) app_init: Project name:     tinydraw_esp32
[10:51:44] I (684) app_init: App version:      9954707
[10:51:44] I (688) app_init: Compile time:     Aug 17 2026 10:51:12
[10:51:44] I (693) app_init: ELF file SHA256:  e67a6aba3...
[10:51:44] I (697) app_init: ESP-IDF:          v6.0.2
[10:51:44] I (701) efuse_init: Min chip rev:     v0.0
[10:51:44] I (705) efuse_init: Max chip rev:     v0.99 
[10:51:45] I (709) efuse_init: Chip rev:         v0.2
[10:51:45] I (713) heap_init: Initializing. RAM available for dynamic allocation:
[10:51:45] I (719) heap_init: At 3FC9BD00 len 0004DA10 (310 KiB): RAM
[10:51:45] I (724) heap_init: At 3FCE9710 len 00005724 (21 KiB): RAM
[10:51:45] I (729) heap_init: At 3FCF0000 len 00008000 (32 KiB): DRAM
[10:51:45] I (735) heap_init: At 600FE000 len 00001FE8 (7 KiB): RTCRAM
[10:51:45] I (740) esp_psram: Adding pool of 8192K of PSRAM memory to heap allocator
[10:51:45] I (747) spi_flash: detected chip: generic
[10:51:45] I (750) spi_flash: flash io: qio
[10:51:45] I (753) sleep_gpio: Configure to isolate all GPIO pins in sleep state
[10:51:45] I (759) sleep_gpio: Enable automatic switching of GPIO sleep configuration
[10:51:45] I (766) main_task: Started on CPU0
[10:51:45] I (769) main_task: Calling app_main()
[10:51:45] TINYDRAW_PRODUCER_SCRATCH supertask_internal=1 slot_directory_internal=0 free_internal=303152 free_psram=2280180
[10:51:45] TINYDRAW_PANEL_HARD_RESET=1
[10:51:45] TINYDRAW_PANEL_TRANSPORT requested_clock_mhz=50 effective_clock_mhz=40
[10:51:45] I (976) co5300: version: 2.1.0
[10:51:45] I (976) co5300_spi: LCD panel create success, version: 2.1.0
[10:51:45] W (1061) co5300_spi: The 3Ah command has been used and will be overwritten by external initialization sequence
[10:51:45] I (1162) CST816S: IC id: 183
[10:51:45] TINYDRAW_VECTOR_V2_PRESENTATION experiment=boundary-top-sweep te_edge=rising requested_clock_mhz=50 effective_clock_mhz=40 optical_acceptance=external_manual
[10:51:45] TINYDRAW_LIVE_PRESENT kind=startup zoom=25 x=0 y=0 compose_us=26079 scroll_us=0 exposed_compose_us=0 chrome_us=13097 chrome_prepare_us=8211 chrome_stage_us=4886 read_submit_us=0 read_complete_us=0 transfer_wait_us=20935 tile_pixels=0 uniform_pixels=0 overview_pixels=164864 fallback_pixels=0 resident_tiles=0 fallback_tiles=0 pushes=11 tear_wait_us=4007 tear_edge_isr_to_resume_us=13 tear_edge_observed=1 tear_edge_wait_resumed=1 tear_edge_timeout=0 tear_heal_attempted=0 tear_heal_command_sent=0 presentation_experiment=boundary-top-sweep te_edge=rising requested_clock_mhz=50 effective_clock_mhz=40 frame_reused=0 pass=1
[10:51:45] TINYDRAW_VECTOR_V2_READY zoom=25 controls=chrome button=cycle_all_zooms operations_capacity=4000 samples_capacity=80000 live_storage_bytes=5915800 overview_bytes=1318912 raw_tile_bytes=3670016 tile_metadata_bytes=101360 operation_bytes=720000 live_scratch_bytes=105512 free_psram=2278592 largest_psram=2228224 te_edges=8 te_period_us=16832 te_high_us=580 te_level=0 main_stack_free=6472
[10:51:47] TINYDRAW_LIVE_SETTLE zoom=25 tiles=42 total_us=73821 max_tile_us=1928 failures=0
