[12:46:53] I (103) esp_image: segment 0: paddr=00010020 vaddr=3c0c0020 sizeI (763) esp_psram: SPI SRAM memory test OK
[12:46:53] I (771) cpu_start: GPIO 44 and 43 are used as console UART I/O pins
[12:46:53] I (771) cpu_start: Pro cpu start user code
[12:46:53] I (771) cpu_start: cpu freq: 240000000 Hz
[12:46:53] I (773) app_init: Application information:
[12:46:53] I (777) app_init: Project name:     tinydraw_esp32
[12:46:53] I (781) app_init: App version:      eed37e7-dirty
[12:46:53] I (786) app_init: Compile time:     Aug 17 2026 12:46:17
[12:46:53] I (791) app_init: ELF file SHA256:  84ff212c8...
[12:46:53] I (795) app_init: ESP-IDF:          v6.0.2
[12:46:53] I (799) efuse_init: Min chip rev:     v0.0
[12:46:53] I (803) efuse_init: Max chip rev:     v0.99 
[12:46:53] I (807) efuse_init: Chip rev:         v0.2
[12:46:53] I (811) heap_init: Initializing. RAM available for dynamic allocation:
[12:46:53] I (817) heap_init: At 3FCA81B0 len 00041560 (261 KiB): RAM
[12:46:53] I (822) heap_init: At 3FCE9710 len 00005724 (21 KiB): RAM
[12:46:53] I (827) heap_init: At 3FCF0000 len 00008000 (32 KiB): DRAM
[12:46:53] I (832) heap_init: At 600FE000 len 00001FE8 (7 KiB): RTCRAM
[12:46:53] I (838) esp_psram: Adding pool of 8192K of PSRAM memory to heap allocator
[12:46:53] I (845) spi_flash: detected chip: generic
[12:46:53] I (848) spi_flash: flash io: qio
[12:46:53] I (851) sleep_gpio: Configure to isolate all GPIO pins in sleep state
[12:46:53] I (857) sleep_gpio: Enable automatic switching of GPIO sleep configuration
[12:46:53] I (864) main_task: Started on CPU0
[12:46:53] I (867) main_task: Calling app_main()
[12:46:53] TINYDRAW_PRODUCER_SCRATCH supertask_internal=1 slot_directory_internal=0 free_internal=248488 free_psram=2132720
[12:46:54] TINYDRAW_PANEL_HARD_RESET=1
[12:46:54] TINYDRAW_PANEL_TRANSPORT requested_clock_mhz=50 effective_clock_mhz=40
[12:46:54] I (1074) co5300: version: 2.1.0
[12:46:54] I (1074) co5300_spi: LCD panel create success, version: 2.1.0
[12:46:54] W (1159) co5300_spi: The 3Ah command has been used and will be overwritten by external initialization sequence
[12:46:54] I (1260) CST816S: IC id: 183
[12:46:54] I (1261) PCF85063A: PCF85063A initialized successfully
[12:46:54] TINYDRAW_RTC ready=1 retained=1 local=2026-08-17T11:46:54
[12:46:54] TINYDRAW_INKTRACE_CAPTURE_READY capacity=12288
[12:46:54] TINYDRAW_VECTOR_V2_PRESENTATION experiment=boundary-top-sweep te_edge=rising requested_clock_mhz=50 effective_clock_mhz=40 optical_acceptance=external_manual
[12:46:54] TINYDRAW_LIVE_PRESENT kind=startup zoom=25 x=0 y=0 compose_us=26176 scroll_us=0 exposed_compose_us=0 chrome_us=13408 chrome_prepare_us=8500 chrome_stage_us=4908 read_submit_us=0 read_complete_us=0 transfer_wait_us=21083 tile_pixels=0 uniform_pixels=0 overview_pixels=164864 fallback_pixels=0 resident_tiles=0 fallback_tiles=0 pushes=11 tear_wait_us=6178 tear_edge_isr_to_resume_us=10 tear_edge_observed=1 tear_edge_wait_resumed=1 tear_edge_timeout=0 tear_heal_attempted=0 tear_heal_command_sent=0 presentation_experiment=boundary-top-sweep te_edge=rising requested_clock_mhz=50 effective_clock_mhz=40 frame_reused=0 pass=1
[12:46:54] TINYDRAW_VECTOR_V2_READY zoom=25 controls=chrome button=cycle_all_zooms operations_capacity=4000 samples_capacity=80000 live_storage_bytes=5915800 overview_bytes=1318912 raw_tile_bytes=3670016 tile_metadata_bytes=101360 operation_bytes=720000 live_scratch_bytes=105512 free_psram=2131080 largest_psram=2097152 te_edges=9 te_period_us=16813 te_high_us=579 te_level=0 main_stack_free=5896
[12:46:54] TINYDRAW_LIVE_SETTLE zoom=25 tiles=42 total_us=74096 max_tile_us=1928 failures=0
