[12:40:49] I (759) esp_psram: SPI SRAM memory test OK
[12:40:49] I (768) cpu_start: GPIO 44 and 43 are used as console UART I/O pins
[12:40:49] I (768) cpu_start: Pro cpu start user code
[12:40:49] I (768) cpu_start: cpu freq: 240000000 Hz
[12:40:49] I (770) app_init: Application information:
[12:40:49] I (774) app_init: Project name:     tinydraw_esp32
[12:40:49] I (778) app_init: App version:      eed37e7
[12:40:49] I (782) app_init: Compile time:     Aug 17 2026 12:40:16
[12:40:49] I (787) app_init: ELF file SHA256:  a67340c92...
[12:40:49] I (792) app_init: ESP-IDF:          v6.0.2
[12:40:49] I (795) efuse_init: Min chip rev:     v0.0
[12:40:49] I (799) efuse_init: Max chip rev:     v0.99 
[12:40:49] I (803) efuse_init: Chip rev:         v0.2
[12:40:49] I (807) heap_init: Initializing. RAM available for dynamic allocation:
[12:40:49] I (813) heap_init: At 3FCA81B0 len 00041560 (261 KiB): RAM
[12:40:49] I (819) heap_init: At 3FCE9710 len 00005724 (21 KiB): RAM
[12:40:49] I (824) heap_init: At 3FCF0000 len 00008000 (32 KiB): DRAM
[12:40:49] I (829) heap_init: At 600FE000 len 00001FE8 (7 KiB): RTCRAM
[12:40:49] I (834) esp_psram: Adding pool of 8192K of PSRAM memory to heap allocator
[12:40:49] I (841) spi_flash: detected chip: generic
[12:40:49] I (844) spi_flash: flash io: qio
[12:40:49] I (848) sleep_gpio: Configure to isolate all GPIO pins in sleep state
[12:40:49] I (854) sleep_gpio: Enable automatic switching of GPIO sleep configuration
[12:40:49] I (861) main_task: Started on CPU0
[12:40:49] I (864) main_task: Calling app_main()
[12:40:49] TINYDRAW_PRODUCER_SCRATCH supertask_internal=1 slot_directory_internal=0 free_internal=248488 free_psram=2280180
[12:40:49] TINYDRAW_PANEL_HARD_RESET=0
[12:40:49] TINYDRAW_PANEL_TRANSPORT requested_clock_mhz=50 effective_clock_mhz=40
[12:40:49] I (1071) co5300: version: 2.1.0
[12:40:49] I (1071) co5300_spi: LCD panel create success, version: 2.1.0
[12:40:49] W (1156) co5300_spi: The 3Ah command has been used and will be overwritten by external initialization sequence
[12:40:49] I (1257) CST816S: IC id: 183
[12:40:49] I (1258) PCF85063A: PCF85063A initialized successfully
[12:40:49] TINYDRAW_RTC ready=1 retained=1 local=2026-08-17T11:40:49
[12:40:49] TINYDRAW_VECTOR_V2_PRESENTATION experiment=boundary-top-sweep te_edge=rising requested_clock_mhz=50 effective_clock_mhz=40 optical_acceptance=external_manual
[12:40:49] TINYDRAW_PANEL_TE_HEAL drained=1 paged=1 sent=1 high=0/34 edges_delta=0 isr_reinstall=0 falling_edges=0
[12:40:49] TINYDRAW_LIVE_PRESENT kind=startup zoom=25 x=0 y=0 compose_us=26075 scroll_us=0 exposed_compose_us=0 chrome_us=0 chrome_prepare_us=8290 chrome_stage_us=0 read_submit_us=0 read_complete_us=0 transfer_wait_us=0 tile_pixels=0 uniform_pixels=0 overview_pixels=164864 fallback_pixels=0 resident_tiles=0 fallback_tiles=0 pushes=0 tear_wait_us=109833 tear_edge_isr_to_resume_us=0 tear_edge_observed=0 tear_edge_wait_resumed=0 tear_edge_timeout=1 tear_heal_attempted=1 tear_heal_command_sent=1 presentation_experiment=boundary-top-sweep te_edge=rising requested_clock_mhz=50 effective_clock_mhz=40 frame_reused=0 pass=0
[12:40:50] TINYDRAW_LIVE_PRESENT kind=startup-retry zoom=25 x=0 y=0 compose_us=26071 scroll_us=0 exposed_compose_us=0 chrome_us=0 chrome_prepare_us=23 chrome_stage_us=0 read_submit_us=0 read_complete_us=0 transfer_wait_us=0 tile_pixels=0 uniform_pixels=0 overview_pixels=164864 fallback_pixels=0 resident_tiles=0 fallback_tiles=0 pushes=0 tear_wait_us=40859 tear_edge_isr_to_resume_us=0 tear_edge_observed=0 tear_edge_wait_resumed=0 tear_edge_timeout=1 tear_heal_attempted=1 tear_heal_command_sent=0 presentation_experiment=boundary-top-sweep te_edge=rising requested_clock_mhz=50 effective_clock_mhz=40 frame_reused=0 pass=0
[12:40:50] TINYDRAW_LIVE_PRESENT kind=startup-retry zoom=25 x=0 y=0 compose_us=26003 scroll_us=0 exposed_compose_us=0 chrome_us=0 chrome_prepare_us=17 chrome_stage_us=0 read_submit_us=0 read_complete_us=0 transfer_wait_us=0 tile_pixels=0 uniform_pixels=0 overview_pixels=164864 fallback_pixels=0 resident_tiles=0 fallback_tiles=0 pushes=0 tear_wait_us=40948 tear_edge_isr_to_resume_us=0 tear_edge_observed=0 tear_edge_wait_resumed=0 tear_edge_timeout=1 tear_heal_attempted=1 tear_heal_command_sent=0 presentation_experiment=boundary-top-sweep te_edge=rising requested_clock_mhz=50 effective_clock_mhz=40 frame_reused=0 pass=0
[12:40:50] TINYDRAW_LIVE_FAIL reason=startup_presentation attempts=3
[12:40:50] I (1749) main_task: Returned from app_main()
