[18:08:05] I (103) esp_image: segment 0: paddr=00010020 vaddr=3c040020 sizeESP-ROM:esp32s3-20210327
[18:08:05] Build:Mar 27 2021
[18:08:05] rst:0x15 (USB_UART_CHIP_RESET),boot:0x2b (SPI_FAST_FLASH_BOOT)
[18:08:05] Saved PC:0x4037b802
[18:08:05] SPIWP:0xee
[18:08:05] mode:DIO, clock div:1
[18:08:05] load:0x3fce2820,len:0x1664
[18:08:05] load:0x403c8700,len:0xf38
[18:08:05] load:0x403cb700,len:0x31e8
[18:08:05] entry 0x403c8930
[18:08:05] I (24) boot: ESP-IDF v6.0.2 2nd stage bootloader
[18:08:05] I (24) boot: compile time Aug 11 2026 22:53:49
[18:08:05] I (25) boot: Multicore bootloader
[18:08:05] I (25) boot: chip revision: v0.2
[18:08:05] I (28) boot: efuse block revision: v1.3
[18:08:05] I (31) qio_mode: Enabling default flash chip QIO
[18:08:05] I (36) boot.esp32s3: Boot SPI Speed : 80MHz
[18:08:05] I (39) boot.esp32s3: SPI Mode       : QIO
[18:08:05] I (43) boot.esp32s3: SPI Flash Size : 16MB
[18:08:05] I (47) boot: Enabling RNG early entropy source...
[18:08:05] I (51) boot: Partition Table:
[18:08:05] I (54) boot: ## Label            Usage          Type ST Offset   Length
[18:08:05] I (60) boot:  0 nvs              WiFi data        01 02 00009000 00006000
[18:08:05] I (67) boot:  1 phy_init         RF data          01 01 0000f000 00001000
[18:08:05] I (73) boot:  2 factory          factory app      00 00 00010000 00100000
[18:08:05] I (80) boot:  3 drawing          Unknown data     01 40 00110000 00300000
[18:08:05] I (86) boot:  4 export           Unknown data     01 41 00410000 00500000
[18:08:05] I (93) boot:  5 coredump         Unknown data     01 03 00910000 00010000
[18:08:05] I (100) boot: End of partition table
[18:08:05] I (103) esp_image: segment 0: paddr=00010020 vaddr=3c040020 size=0f5d0h ( 62928) map
[18:08:05] I (120) esp_image: segment 1: paddr=0001f5f8 vaddr=3fc94500 size=00a20h (  2592) load
[18:08:05] I (121) esp_image: segment 2: paddr=00020020 vaddr=42000020 size=311f4h (201204) map
[18:08:05] I (156) esp_image: segment 3: paddr=0005121c vaddr=3fc94f20 size=0ece4h ( 60644) load
[18:08:05] I (168) esp_image: segment 4: paddr=0005ff08 vaddr=40374000 size=104b4h ( 66740) load
[18:08:05] I (182) esp_image: segment 5: paddr=000703c4 vaddr=50000000 size=00024h (    36) load
[18:08:05] I (192) boot: Loaded app from partition at offset 0x10000
[18:08:05] I (192) boot: Disabling RNG early entropy source...
[18:08:05] I (202) octal_psram: vendor id    : 0x0d (AP)
[18:08:05] I (202) octal_psram: dev id       : 0x02 (generation 3)
[18:08:05] I (202) octal_psram: density      : 0x03 (64 Mbit)
[18:08:05] I (204) octal_psram: good-die     : 0x01 (Pass)
[18:08:05] I (208) octal_psram: Latency      : 0x01 (Fixed)
[18:08:05] I (213) octal_psram: VCC          : 0x01 (3V)
[18:08:05] I (217) octal_psram: SRF          : 0x01 (Fast Refresh)
[18:08:05] I (222) octal_psram: BurstType    : 0x01 (Hybrid Wrap)
[18:08:05] I (227) octal_psram: BurstLen     : 0x01 (32 Byte)
[18:08:05] I (231) octal_psram: Readlatency  : 0x02 (10 cycles@Fixed)
[18:08:05] I (236) octal_psram: DriveStrength: 0x00 (1/1)
[18:08:05] I (240) MSPI Timing: Enter psram timing tuning
[18:08:05] I (245) esp_psram: Found 8MB PSRAM device
[18:08:05] I (248) esp_psram: Speed: 80MHz
[18:08:05] I (251) cpu_start: Multicore app
[18:08:05] I (667) esp_psram: SPI SRAM memory test OK
[18:08:05] I (676) cpu_start: GPIO 44 and 43 are used as console UART I/O pins
[18:08:05] I (676) cpu_start: Pro cpu start user code
[18:08:05] I (676) cpu_start: cpu freq: 240000000 Hz
[18:08:05] I (678) app_init: Application information:
[18:08:05] I (682) app_init: Project name:     tinydraw_esp32
[18:08:05] I (686) app_init: App version:      ffdbd9b-dirty
[18:08:05] I (691) app_init: Compile time:     Aug 12 2026 18:07:44
[18:08:05] I (696) app_init: ELF file SHA256:  2926008a4...
[18:08:05] I (700) app_init: ESP-IDF:          v6.0.2
[18:08:05] I (704) efuse_init: Min chip rev:     v0.0
[18:08:05] I (708) efuse_init: Max chip rev:     v0.99
[18:08:05] I (712) efuse_init: Chip rev:         v0.2
[18:08:05] I (715) heap_init: Initializing. RAM available for dynamic allocation:
[18:08:05] I (722) heap_init: At 3FCA4830 len 00044EE0 (275 KiB): RAM
[18:08:05] I (727) heap_init: At 3FCE9710 len 00005724 (21 KiB): RAM
[18:08:05] I (732) heap_init: At 3FCF0000 len 00008000 (32 KiB): DRAM
[18:08:05] I (737) heap_init: At 600FE000 len 00001FE8 (7 KiB): RTCRAM
[18:08:05] I (743) esp_psram: Adding pool of 8192K of PSRAM memory to heap allocator
[18:08:05] I (749) spi_flash: detected chip: generic
[18:08:05] I (753) spi_flash: flash io: qio
[18:08:05] I (756) sleep_gpio: Configure to isolate all GPIO pins in sleep state
[18:08:05] I (762) sleep_gpio: Enable automatic switching of GPIO sleep configuration
[18:08:05] I (769) main_task: Started on CPU0
[18:08:06] I (772) main_task: Calling app_main()
[18:08:06] TINYDRAW_PANEL_HARD_RESET=0
[18:08:06] I (956) co5300: version: 2.1.0
[18:08:06] I (956) co5300_spi: LCD panel create success, version: 2.1.0
[18:08:06] W (1036) co5300_spi: The 3Ah command has been used and will be overwritten by external initialization sequence
[18:08:06] I (1136) CST816S: IC id: 183
[18:08:06] [DEBUG-touch-rate] registers=1 id=0xb7 firmware=0x02 scan_period=0x00 irq=0x70
[18:08:06] I (1139) PCF85063A: PCF85063A initialized successfully
[18:08:06] TINYDRAW_RTC ready=1 retained=1 local=2026-08-12T18:07:58
[18:08:06] TINYDRAW_VECTOR_READY strokes=1100 samples=24576 bytes=325712 free_psram=563060
[18:08:06] TINYDRAW_AUTOSAVE_READY
[18:08:06] TINYDRAW_PSRAM world_bytes=2967552 free=563060 largest=557056 minimum=563060
[18:08:06] TINYDRAW_POWER_READY ready=1 button=1 valid=1 battery=100 voltage_mv=4092 charging=0 vbus=1
[18:08:07] TINYDRAW_SETTLED_LOD quality=normal center_error_milli=2000 radius_error_milli=750 input=19844 output=7537 bytes=90444
[18:08:08] TINYDRAW_SETTLED_PROFILE zoom=100 generation=2 bands=12 segments=6192 clear_us=13396 raster_us=469489 composite_us=107427 publish_us=50626 complete=1
[18:08:12] TINYDRAW_BENCH_MEMORY free=76056 largest=75776 minimum=76056 lod_capacity_bytes=147456 lod_used_bytes=90444
[18:08:12] TINYDRAW_INTERACTIVE_PAN_READY zoom=100 controls=S:50 M:100 L:200 XL:finish
[18:08:12] TINYDRAW_AUTO_INIT initial_atlas_us=5595319
[18:08:14] TINYDRAW_AUTO_ZOOM cycle=0 zoom=50 changed=1 total_us=48960 cancel_us=17 first_ready_us=5604 first_submit_us=6216 first_complete_us=7018 last_submit_us=46903 last_complete_us=47708 fallback_us=48911 settled_us=0
[18:08:14] TINYDRAW_AUTO_RUNWAY cycle=0 zoom=50 down12_ready=1 right1_ready=1 right1_ready_us=55168
[18:08:15] TINYDRAW_SETTLED_PROFILE zoom=50 generation=4 bands=12 segments=6537 clear_us=13236 raster_us=243342 composite_us=40433 publish_us=52109 complete=1
[18:08:15] TINYDRAW_AUTO_SETTLED cycle=0 zoom=50 settled_us=469256
[18:08:15] TINYDRAW_AUTO_ZOOM cycle=1 zoom=100 changed=1 total_us=48613 cancel_us=5990 first_ready_us=11336 first_submit_us=11900 first_complete_us=12703 last_submit_us=47001 last_complete_us=47801 fallback_us=48560 settled_us=0
[18:08:15] TINYDRAW_AUTO_RUNWAY cycle=1 zoom=100 down12_ready=1 right1_ready=1 right1_ready_us=61988
[18:08:16] TINYDRAW_SETTLED_PROFILE zoom=100 generation=6 bands=12 segments=6192 clear_us=13222 raster_us=471189 composite_us=107797 publish_us=52586 complete=1
[18:08:16] TINYDRAW_AUTO_SETTLED cycle=1 zoom=100 settled_us=772279
[18:08:16] TINYDRAW_AUTO_ZOOM cycle=2 zoom=200 changed=1 total_us=40233 cancel_us=983 first_ready_us=5955 first_submit_us=6504 first_complete_us=7303 last_submit_us=38866 last_complete_us=39670 fallback_us=40177 settled_us=0
[18:08:17] TINYDRAW_AUTO_RUNWAY cycle=2 zoom=200 down12_ready=1 right1_ready=1 right1_ready_us=56735
[18:08:17] TINYDRAW_SETTLED_LOD quality=high center_error_milli=1000 radius_error_milli=375 input=19844 output=10087 bytes=121044
[18:08:17] TINYDRAW_SETTLED_PROFILE zoom=200 generation=8 bands=12 segments=3252 clear_us=13162 raster_us=408421 composite_us=102710 publish_us=52430 complete=1
[18:08:17] TINYDRAW_AUTO_SETTLED cycle=2 zoom=200 settled_us=721244
[18:08:18] TINYDRAW_AUTO_ZOOM cycle=3 zoom=100 changed=1 total_us=52627 cancel_us=9988 first_ready_us=15427 first_submit_us=16003 first_complete_us=16810 last_submit_us=50999 last_complete_us=51802 fallback_us=52574 settled_us=0
[18:08:18] TINYDRAW_AUTO_RUNWAY cycle=3 zoom=100 down12_ready=1 right1_ready=1 right1_ready_us=61967
[18:08:18] TINYDRAW_SETTLED_LOD quality=normal center_error_milli=2000 radius_error_milli=750 input=19844 output=7537 bytes=90444
[18:08:18] TINYDRAW_SETTLED_PROFILE zoom=100 generation=10 bands=12 segments=6192 clear_us=13142 raster_us=470792 composite_us=107870 publish_us=52667 complete=1
[18:08:18] TINYDRAW_AUTO_SETTLED cycle=3 zoom=100 settled_us=813264
[18:08:19] TINYDRAW_AUTO_ZOOM cycle=4 zoom=50 changed=1 total_us=50137 cancel_us=988 first_ready_us=6783 first_submit_us=7399 first_complete_us=8202 last_submit_us=48089 last_complete_us=48894 fallback_us=50089 settled_us=0
[18:08:19] TINYDRAW_AUTO_RUNWAY cycle=4 zoom=50 down12_ready=1 right1_ready=1 right1_ready_us=54923
[18:08:19] TINYDRAW_SETTLED_PROFILE zoom=50 generation=12 bands=12 segments=6537 clear_us=13245 raster_us=243063 composite_us=40649 publish_us=52032 complete=1
[18:08:19] TINYDRAW_AUTO_SETTLED cycle=4 zoom=50 settled_us=470208
[18:08:20] TINYDRAW_AUTO_ZOOM cycle=5 zoom=100 changed=1 total_us=48577 cancel_us=5988 first_ready_us=11343 first_submit_us=11911 first_complete_us=12715 last_submit_us=46957 last_complete_us=47762 fallback_us=48525 settled_us=0
[18:08:20] TINYDRAW_AUTO_RUNWAY cycle=5 zoom=100 down12_ready=1 right1_ready=1 right1_ready_us=62012
[18:08:21] TINYDRAW_SETTLED_PROFILE zoom=100 generation=14 bands=12 segments=6192 clear_us=13242 raster_us=470777 composite_us=108259 publish_us=52426 complete=1
[18:08:21] TINYDRAW_AUTO_SETTLED cycle=5 zoom=100 settled_us=772222
[18:08:21] TINYDRAW_AUTO_ZOOM cycle=6 zoom=200 changed=1 total_us=40271 cancel_us=989 first_ready_us=5971 first_submit_us=6519 first_complete_us=7317 last_submit_us=38903 last_complete_us=39709 fallback_us=40219 settled_us=0
[18:08:21] TINYDRAW_AUTO_RUNWAY cycle=6 zoom=200 down12_ready=1 right1_ready=1 right1_ready_us=57692
[18:08:21] TINYDRAW_SETTLED_LOD quality=high center_error_milli=1000 radius_error_milli=375 input=19844 output=10087 bytes=121044
[18:08:22] TINYDRAW_SETTLED_PROFILE zoom=200 generation=16 bands=12 segments=3252 clear_us=13128 raster_us=408027 composite_us=102583 publish_us=52040 complete=1
[18:08:22] TINYDRAW_AUTO_SETTLED cycle=6 zoom=200 settled_us=720252
[18:08:23] TINYDRAW_AUTO_ZOOM cycle=7 zoom=100 changed=1 total_us=51652 cancel_us=8989 first_ready_us=14406 first_submit_us=14984 first_complete_us=15781 last_submit_us=50028 last_complete_us=50833 fallback_us=51600 settled_us=0
[18:08:23] TINYDRAW_AUTO_RUNWAY cycle=7 zoom=100 down12_ready=1 right1_ready=1 right1_ready_us=62946
[18:08:23] TINYDRAW_SETTLED_LOD quality=normal center_error_milli=2000 radius_error_milli=750 input=19844 output=7537 bytes=90444
[18:08:23] TINYDRAW_SETTLED_PROFILE zoom=100 generation=18 bands=12 segments=6192 clear_us=13098 raster_us=472242 composite_us=106515 publish_us=52441 complete=1
[18:08:23] TINYDRAW_AUTO_SETTLED cycle=7 zoom=100 settled_us=812221
[18:08:24] TINYDRAW_AUTO_ZOOM cycle=8 zoom=50 changed=1 total_us=50127 cancel_us=986 first_ready_us=6781 first_submit_us=7397 first_complete_us=8201 last_submit_us=48054 last_complete_us=48860 fallback_us=50074 settled_us=0
[18:08:24] TINYDRAW_AUTO_RUNWAY cycle=8 zoom=50 down12_ready=1 right1_ready=1 right1_ready_us=54934
[18:08:24] TINYDRAW_SETTLED_PROFILE zoom=50 generation=20 bands=12 segments=6537 clear_us=13271 raster_us=242549 composite_us=41240 publish_us=52273 complete=1
[18:08:24] TINYDRAW_AUTO_SETTLED cycle=8 zoom=50 settled_us=470255
[18:08:25] TINYDRAW_AUTO_ZOOM cycle=9 zoom=100 changed=1 total_us=48471 cancel_us=5989 first_ready_us=11333 first_submit_us=11897 first_complete_us=12700 last_submit_us=46853 last_complete_us=47658 fallback_us=48420 settled_us=0
[18:08:25] TINYDRAW_AUTO_RUNWAY cycle=9 zoom=100 down12_ready=1 right1_ready=1 right1_ready_us=62153
[18:08:26] TINYDRAW_SETTLED_PROFILE zoom=100 generation=22 bands=12 segments=6192 clear_us=13220 raster_us=472769 composite_us=106100 publish_us=52028 complete=1
[18:08:26] TINYDRAW_AUTO_SETTLED cycle=9 zoom=100 settled_us=771258
[18:08:26] TINYDRAW_AUTO_ZOOM cycle=10 zoom=200 changed=1 total_us=40251 cancel_us=988 first_ready_us=5956 first_submit_us=6499 first_complete_us=7299 last_submit_us=38887 last_complete_us=39694 fallback_us=40199 settled_us=0
[18:08:26] TINYDRAW_AUTO_RUNWAY cycle=10 zoom=200 down12_ready=1 right1_ready=1 right1_ready_us=56633
[18:08:26] TINYDRAW_SETTLED_LOD quality=high center_error_milli=1000 radius_error_milli=375 input=19844 output=10087 bytes=121044
[18:08:27] TINYDRAW_SETTLED_PROFILE zoom=200 generation=24 bands=12 segments=3252 clear_us=13133 raster_us=408360 composite_us=102769 publish_us=52384 complete=1
[18:08:27] TINYDRAW_AUTO_SETTLED cycle=10 zoom=200 settled_us=721216
[18:08:27] TINYDRAW_AUTO_ZOOM cycle=11 zoom=100 changed=1 total_us=51744 cancel_us=8989 first_ready_us=14415 first_submit_us=14991 first_complete_us=15788 last_submit_us=50110 last_complete_us=50916 fallback_us=51692 settled_us=0
[18:08:27] TINYDRAW_AUTO_RUNWAY cycle=11 zoom=100 down12_ready=1 right1_ready=1 right1_ready_us=61765
[18:08:27] TINYDRAW_SETTLED_LOD quality=normal center_error_milli=2000 radius_error_milli=750 input=19844 output=7537 bytes=90444
[18:08:28] TINYDRAW_SETTLED_PROFILE zoom=100 generation=26 bands=12 segments=6192 clear_us=13163 raster_us=471348 composite_us=107287 publish_us=52575 complete=1
[18:08:28] TINYDRAW_AUTO_SETTLED cycle=11 zoom=100 settled_us=812272
[18:08:29] TINYDRAW_FALLBACK_REPAIRED revision=2
[18:08:30] TINYDRAW_SETTLED_PROFILE zoom=100 generation=31 bands=11 segments=6193 clear_us=13271 raster_us=471563 composite_us=107431 publish_us=49828 complete=1
[18:08:32] TINYDRAW_AUTO_MUTATION started=1 committed=1 stale_zoom_accepted=0 repaired_zoom_accepted=1
[18:08:32] TINYDRAW_AUTO_FINAL_PIXELS origin=368,448 atlas_ink=45071 visible_ink=32554 visible_hash=6c663cc6
[18:08:32] TINYDRAW_AUTO_ZOOM_DONE
