[19:28:05] ESP-ROM:esp32s3-20210327
[19:28:05] Build:Mar 27 2021
[19:28:05] rst:0x15 (USB_UART_CHIP_RESET),boot:0x2b (SPI_FAST_FLASH_BOOT)
[19:28:05] Saved PC:0x4037b802
[19:28:05] SPIWP:0xee
[19:28:05] mode:DIO, clock div:1
[19:28:05] load:0x3fce2820,len:0x1664
[19:28:05] load:0x403c8700,len:0xf38
[19:28:05] load:0x403cb700,len:0x31e8
[19:28:05] entry 0x403c8930
[19:28:05] I (24) boot: ESP-IDF v6.0.2 2nd stage bootloader
[19:28:05] I (24) boot: compile time Aug 15 2026 19:24:23
[19:28:05] I (25) boot: Multicore bootloader
[19:28:05] I (25) boot: chip revision: v0.2
[19:28:05] I (28) boot: efuse block revision: v1.3
[19:28:05] I (31) qio_mode: Enabling default flash chip QIO
[19:28:05] I (36) boot.esp32s3: Boot SPI Speed : 80MHz
[19:28:05] I (39) boot.esp32s3: SPI Mode       : QIO
[19:28:05] I (43) boot.esp32s3: SPI Flash Size : 16MB
[19:28:05] I (47) boot: Enabling RNG early entropy source...
[19:28:05] I (51) boot: Partition Table:
[19:28:05] I (54) boot: ## Label            Usage          Type ST Offset   Length
[19:28:05] I (60) boot:  0 nvs              WiFi data        01 02 00009000 00006000
[19:28:05] I (67) boot:  1 phy_init         RF data          01 01 0000f000 00001000
[19:28:05] I (73) boot:  2 factory          factory app      00 00 00010000 00100000
[19:28:05] I (80) boot:  3 drawing          Unknown data     01 40 00110000 00300000
[19:28:05] I (86) boot:  4 export           Unknown data     01 41 00410000 00500000
[19:28:05] I (93) boot:  5 coredump         Unknown data     01 03 00910000 00010000
[19:28:05] I (100) boot: End of partition table
[19:28:05] I (103) esp_image: segment 0: paddr=00010020 vaddr=3c050020 size=1342ch ( 78892) map
[19:28:05] I (123) esp_image: segment 1: paddr=00023454 vaddr=3fc94500 size=03764h ( 14180) load
[19:28:05] I (126) esp_image: segment 2: paddr=00026bc0 vaddr=40374000 size=09458h ( 37976) load
[19:28:05] I (134) esp_image: segment 3: paddr=00030020 vaddr=42000020 size=41960h (268640) map
[19:28:05] I (176) esp_image: segment 4: paddr=00071988 vaddr=4037d458 size=07004h ( 28676) load
[19:28:05] I (182) esp_image: segment 5: paddr=00078994 vaddr=50000000 size=00024h (    36) load
[19:28:05] I (190) boot: Loaded app from partition at offset 0x10000
[19:28:05] I (190) boot: Disabling RNG early entropy source...
[19:28:05] I (201) octal_psram: vendor id    : 0x0d (AP)
[19:28:05] I (201) octal_psram: dev id       : 0x02 (generation 3)
[19:28:05] I (202) octal_psram: density      : 0x03 (64 Mbit)
[19:28:05] I (204) octal_psram: good-die     : 0x01 (Pass)
[19:28:05] I (208) octal_psram: Latency      : 0x01 (Fixed)
[19:28:05] I (212) octal_psram: VCC          : 0x01 (3V)
[19:28:05] I (216) octal_psram: SRF          : 0x01 (Fast Refresh)
[19:28:05] I (221) octal_psram: BurstType    : 0x01 (Hybrid Wrap)
[19:28:05] I (226) octal_psram: BurstLen     : 0x01 (32 Byte)
[19:28:05] I (231) octal_psram: Readlatency  : 0x02 (10 cycles@Fixed)
[19:28:05] I (236) octal_psram: DriveStrength: 0x00 (1/1)
[19:28:05] I (240) MSPI Timing: Enter psram timing tuning
[19:28:05] I (245) esp_psram: Found 8MB PSRAM device
[19:28:05] I (248) esp_psram: Speed: 80MHz
[19:28:05] I (251) cpu_start: Multicore app
[19:28:05] I (667) esp_psram: SPI SRAM memory test OK
[19:28:05] I (675) cpu_start: GPIO 44 and 43 are used as console UART I/O pins
[19:28:05] I (676) cpu_start: Pro cpu start user code
[19:28:05] I (676) cpu_start: cpu freq: 240000000 Hz
[19:28:05] I (677) app_init: Application information:
[19:28:05] I (681) app_init: Project name:     tinydraw_esp32
[19:28:05] I (686) app_init: App version:      6057f9c
[19:28:05] I (690) app_init: Compile time:     Aug 15 2026 19:24:17
[19:28:05] I (695) app_init: ELF file SHA256:  d381188d2...
[19:28:05] I (699) app_init: ESP-IDF:          v6.0.2
[19:28:05] I (703) efuse_init: Min chip rev:     v0.0
[19:28:05] I (707) efuse_init: Max chip rev:     v0.99 
[19:28:05] I (711) efuse_init: Chip rev:         v0.2
[19:28:05] I (714) heap_init: Initializing. RAM available for dynamic allocation:
[19:28:05] I (721) heap_init: At 3FC99090 len 00050680 (321 KiB): RAM
[19:28:05] I (726) heap_init: At 3FCE9710 len 00005724 (21 KiB): RAM
[19:28:05] I (731) heap_init: At 3FCF0000 len 00008000 (32 KiB): DRAM
[19:28:05] I (736) heap_init: At 600FE000 len 00001FE8 (7 KiB): RTCRAM
[19:28:05] I (742) esp_psram: Adding pool of 8192K of PSRAM memory to heap allocator
[19:28:05] I (748) spi_flash: detected chip: generic
[19:28:05] I (752) spi_flash: flash io: qio
[19:28:05] I (755) sleep_gpio: Configure to isolate all GPIO pins in sleep state
[19:28:05] I (761) sleep_gpio: Enable automatic switching of GPIO sleep configuration
[19:28:05] I (768) main_task: Started on CPU0
[19:28:05] I (771) main_task: Calling app_main()
[19:28:06] TINYDRAW_PANEL_HARD_RESET=1
[19:28:06] TINYDRAW_PANEL_TRANSPORT clock_mhz=50 clock_policy=normal_published_max
[19:28:06] I (969) co5300: version: 2.1.0
[19:28:06] I (969) co5300_spi: LCD panel create success, version: 2.1.0
[19:28:06] W (1054) co5300_spi: The 3Ah command has been used and will be overwritten by external initialization sequence
[19:28:06] I (1155) CST816S: IC id: 183
[19:28:06] TINYDRAW_VECTOR_V2_PRESENTATION experiment=boundary-top-sweep te_edge=rising clock_mhz=50 optical_acceptance=external_manual
[19:28:06] TINYDRAW_LIVE_PRESENT kind=startup zoom=25 x=0 y=0 compose_us=36601 scroll_us=0 exposed_compose_us=0 chrome_us=7991 read_submit_us=0 read_complete_us=0 transfer_wait_us=18101 tile_pixels=0 uniform_pixels=0 overview_pixels=164864 fallback_pixels=0 resident_tiles=0 fallback_tiles=0 pushes=11 tear_wait_us=4401 tear_edge_isr_to_resume_us=23 tear_edge_observed=1 tear_edge_wait_resumed=1 tear_edge_timeout=0 tear_heal_attempted=0 tear_heal_command_sent=0 presentation_experiment=boundary-top-sweep te_edge=rising clock_mhz=50 frame_reused=0 pass=1
[19:28:06] TINYDRAW_LIVE_STRESS operations=1000 samples=20000 total_us=469480 average_us=469 maximum_us=1070 free_psram=1987924 largest_psram=1966080
[19:28:06] TINYDRAW_LIVE_PRESENT kind=gate_fallback zoom=100 x=0 y=0 compose_us=26018 scroll_us=0 exposed_compose_us=0 chrome_us=7717 read_submit_us=37135 read_complete_us=38748 transfer_wait_us=18544 tile_pixels=0 uniform_pixels=0 overview_pixels=0 fallback_pixels=164864 resident_tiles=0 fallback_tiles=42 pushes=11 tear_wait_us=9905 tear_edge_isr_to_resume_us=14 tear_edge_observed=1 tear_edge_wait_resumed=1 tear_edge_timeout=0 tear_heal_attempted=0 tear_heal_command_sent=0 presentation_experiment=boundary-top-sweep te_edge=rising clock_mhz=50 frame_reused=0 pass=1
[19:28:07] TINYDRAW_GATE1_HARD zoom=100 cold=1 operations=1000 samples=20000 steps=192 tiles=42 scanned=12000 rendered=1659 max_supertask_us=9727 presentation_us=69813 total_us=276274 pass=1
[19:28:07] TINYDRAW_LIVE_PRESENT kind=gate_fallback zoom=400 x=0 y=0 compose_us=25344 scroll_us=0 exposed_compose_us=0 chrome_us=7698 read_submit_us=39506 read_complete_us=41113 transfer_wait_us=18421 tile_pixels=0 uniform_pixels=0 overview_pixels=0 fallback_pixels=164864 resident_tiles=0 fallback_tiles=42 pushes=11 tear_wait_us=12923 tear_edge_isr_to_resume_us=14 tear_edge_observed=1 tear_edge_wait_resumed=1 tear_edge_timeout=0 tear_heal_attempted=0 tear_heal_command_sent=0 presentation_experiment=boundary-top-sweep te_edge=rising clock_mhz=50 frame_reused=0 pass=1
[19:28:07] TINYDRAW_GATE1_HARD zoom=400 cold=1 operations=1000 samples=20000 steps=196 tiles=42 scanned=12000 rendered=120 max_supertask_us=9031 presentation_us=68791 total_us=213429 pass=1
[19:28:07] TINYDRAW_OVERLAP_WORKLOAD operations=8 samples=1200 radius_world=80
[19:28:08] TINYDRAW_GATE1_PACED_COLD corpus=overlap zoom=50 x=215 y=255 steps=334 tiles=56 compute_us=379043 present_us=87357 touch_us=911 pacing_us=11132 wall_us=478443 max_tick_us=10417 touch_samples=2307 touch_interval_max_us=1922 touch_read_max_us=557 touch_events=0 touch_down=0 touch_up=0 touch_events_ge_8ms=0 touch_event_age_max_us=0 touch_errors=0 touch_overflows=0 pass=1
[19:28:08] TINYDRAW_GATE1_PACED_COLD corpus=overlap zoom=100 x=583 y=703 steps=172 tiles=48 compute_us=237886 present_us=81431 touch_us=601 pacing_us=5866 wall_us=325784 max_tick_us=10075 touch_samples=417 touch_interval_max_us=1762 touch_read_max_us=524 touch_events=0 touch_down=0 touch_up=0 touch_events_ge_8ms=0 touch_event_age_max_us=0 touch_errors=0 touch_overflows=0 pass=1
[19:28:09] TINYDRAW_GATE1_PACED_COLD corpus=overlap zoom=200 x=1319 y=1599 steps=128 tiles=56 compute_us=241633 present_us=80192 touch_us=540 pacing_us=4087 wall_us=326452 max_tick_us=10027 touch_samples=420 touch_interval_max_us=1891 touch_read_max_us=500 touch_events=0 touch_down=0 touch_up=0 touch_events_ge_8ms=0 touch_event_age_max_us=0 touch_errors=0 touch_overflows=0 pass=1
[19:28:09] TINYDRAW_GATE1_PACED_COLD corpus=overlap zoom=400 x=2791 y=3391 steps=94 tiles=56 compute_us=228052 present_us=83789 touch_us=514 pacing_us=5145 wall_us=317500 max_tick_us=10278 touch_samples=411 touch_interval_max_us=1174 touch_read_max_us=451 touch_events=0 touch_down=0 touch_up=0 touch_events_ge_8ms=0 touch_event_age_max_us=0 touch_errors=0 touch_overflows=0 pass=1
[19:28:10] TINYDRAW_ADVERSARIAL_TAPERED_WORKLOAD operations=128 samples=4096 erasers=12 load_us=222097 appended=1
[19:28:10] TINYDRAW_GATE1_PACED_COLD corpus=adversarial_tapered_4x zoom=50 x=0 y=0 steps=104 tiles=42 compute_us=97079 present_us=63062 touch_us=378 pacing_us=4497 wall_us=165016 max_tick_us=8616 touch_samples=502 touch_interval_max_us=1143 touch_read_max_us=431 touch_events=0 touch_down=0 touch_up=0 touch_events_ge_8ms=0 touch_event_age_max_us=0 touch_errors=0 touch_overflows=0 pass=1
[19:28:10] TINYDRAW_GATE1_PACED_COLD corpus=adversarial_tapered_4x zoom=100 x=0 y=0 steps=348 tiles=42 compute_us=159889 present_us=61306 touch_us=515 pacing_us=7029 wall_us=228739 max_tick_us=10320 touch_samples=315 touch_interval_max_us=1122 touch_read_max_us=393 touch_events=0 touch_down=0 touch_up=0 touch_events_ge_8ms=0 touch_event_age_max_us=0 touch_errors=0 touch_overflows=0 pass=1
[19:28:11] TINYDRAW_GATE1_PACED_COLD corpus=adversarial_tapered_4x zoom=200 x=0 y=0 steps=1214 tiles=42 compute_us=442989 present_us=64855 touch_us=1184 pacing_us=15885 wall_us=524913 max_tick_us=9947 touch_samples=615 touch_interval_max_us=1136 touch_read_max_us=413 touch_events=0 touch_down=0 touch_up=0 touch_events_ge_8ms=0 touch_event_age_max_us=0 touch_errors=0 touch_overflows=0 pass=1
[19:28:11] TINYDRAW_GATE1_PACED_COLD corpus=adversarial_tapered_4x zoom=400 x=0 y=0 steps=904 tiles=42 compute_us=549722 present_us=66798 touch_us=1276 pacing_us=14012 wall_us=631808 max_tick_us=9860 touch_samples=711 touch_interval_max_us=1155 touch_read_max_us=422 touch_events=0 touch_down=0 touch_up=0 touch_events_ge_8ms=0 touch_event_age_max_us=0 touch_errors=0 touch_overflows=0 pass=1
[19:28:12] TINYDRAW_GATE1_WORKLOAD kind=realistic seed=7 operations=1000 samples=19844 maximum_stroke=198 load_us=375488 raw_source=1 lod_copies=0
[19:28:14] TINYDRAW_TEARING_AB policy=boundary-top-sweep edge=rising clock_mhz=50 frames=40 initial_edge_observed=1 edge_failures=0 edge_wait_resume_samples=40 edge_wait_isr_to_resume_p50_us=12 edge_wait_isr_to_resume_p95_us=13 edge_wait_isr_to_resume_max_us=14 frame_interval_p50_us=51005 frame_interval_p95_us=51841 frame_interval_max_us=51907 deadline_41_7_misses=40 deadline_33_3_misses=40 optical_pattern=alternating_frame_id_row_barcode_v1 optical_acceptance=external_manual software_pass=1
[19:28:14] TINYDRAW_TEARING_PROBE_DONE frames=40 software_pass=1 optical_acceptance=external_manual
[19:28:14] TINYDRAW_VECTOR_V2_GATE_HARNESS_DONE pass=1
[19:28:14] TINYDRAW_VECTOR_V2_READY zoom=25 controls=chrome button=cycle_all_zooms operations_capacity=4000 samples_capacity=80000 live_storage_bytes=6356256 overview_bytes=1318912 raw_tile_bytes=3670016 tile_metadata_bytes=73976 operation_bytes=720000 live_scratch_bytes=573352 free_psram=1987924 largest_psram=1966080 te_edges=499 te_period_us=16780 te_high_us=578 te_level=1 main_stack_free=6488
[19:28:16] TINYDRAW_FILL_BASELINE result=complete zoom=100 x=200 y=300 revision=2139 steps=341 wall_us=556218 compute_total_us=405616 compute_max_us=8198 present_total_us=130956 present_max_us=62010 tick_max_us=10296 producer_failures=0 presentation_failures=0
[19:28:16] TINYDRAW_LIVE_FILL_DONE zoom=100 x=200 y=300 revision=2139
