[20:28:36] ESP-ROM:esp32s3-20210327
[20:28:36] Build:Mar 27 2021
[20:28:36] rst:0x15 (USB_UART_CHIP_RESET),boot:0x2b (SPI_FAST_FLASH_BOOT)
[20:28:36] Saved PC:0x4200877f
[20:28:36] SPIWP:0xee
[20:28:36] mode:DIO, clock div:1
[20:28:36] load:0x3fce2820,len:0x1664
[20:28:36] load:0x403c8700,len:0xf38
[20:28:36] load:0x403cb700,len:0x31e8
[20:28:36] entry 0x403c8930
[20:28:36] I (24) boot: ESP-IDF v6.0.2 2nd stage bootloader
[20:28:36] I (24) boot: compile time Aug 16 2026 20:28:17
[20:28:36] I (25) boot: Multicore bootloader
[20:28:36] I (25) boot: chip revision: v0.2
[20:28:36] I (28) boot: efuse block revision: v1.3
[20:28:36] I (31) qio_mode: Enabling default flash chip QIO
[20:28:36] I (36) boot.esp32s3: Boot SPI Speed : 80MHz
[20:28:36] I (39) boot.esp32s3: SPI Mode       : QIO
[20:28:36] I (43) boot.esp32s3: SPI Flash Size : 16MB
[20:28:36] I (47) boot: Enabling RNG early entropy source...
[20:28:36] I (51) boot: Partition Table:
[20:28:36] I (54) boot: ## Label            Usage          Type ST Offset   Length
[20:28:36] I (60) boot:  0 nvs              WiFi data        01 02 00009000 00006000
[20:28:36] I (67) boot:  1 phy_init         RF data          01 01 0000f000 00001000
[20:28:36] I (73) boot:  2 factory          factory app      00 00 00010000 00100000
[20:28:36] I (80) boot:  3 drawing          Unknown data     01 40 00110000 00300000
[20:28:36] I (86) boot:  4 export           Unknown data     01 41 00410000 00500000
[20:28:36] I (93) boot:  5 coredump         Unknown data     01 03 00910000 00010000
[20:28:36] I (100) boot: End of partition table
[20:28:36] I (103) esp_image: segment 0: paddr=00010020 vaddr=3c050020 size=2bf2ch (180012) map
[20:28:36] I (138) esp_image: segment 1: paddr=0003bf54 vaddr=3fc96000 size=03764h ( 14180) load
[20:28:36] I (141) esp_image: segment 2: paddr=0003f6c0 vaddr=40374000 size=00958h (  2392) load
[20:28:36] I (143) esp_image: segment 3: paddr=00040020 vaddr=42000020 size=4dda0h (318880) map
[20:28:36] I (199) esp_image: segment 4: paddr=0008ddc8 vaddr=40374958 size=115bch ( 71100) load
[20:28:36] I (214) esp_image: segment 5: paddr=0009f38c vaddr=50000000 size=00024h (    36) load
[20:28:36] I (222) boot: Loaded app from partition at offset 0x10000
[20:28:36] I (222) boot: Disabling RNG early entropy source...
[20:28:36] I (232) octal_psram: vendor id    : 0x0d (AP)
[20:28:36] I (232) octal_psram: dev id       : 0x02 (generation 3)
[20:28:36] I (232) octal_psram: density      : 0x03 (64 Mbit)
[20:28:36] I (234) octal_psram: good-die     : 0x01 (Pass)
[20:28:36] I (238) octal_psram: Latency      : 0x01 (Fixed)
[20:28:36] I (243) octal_psram: VCC          : 0x01 (3V)
[20:28:36] I (247) octal_psram: SRF          : 0x01 (Fast Refresh)
[20:28:36] I (252) octal_psram: BurstType    : 0x01 (Hybrid Wrap)
[20:28:36] I (256) octal_psram: BurstLen     : 0x01 (32 Byte)
[20:28:36] I (261) octal_psram: Readlatency  : 0x02 (10 cycles@Fixed)
[20:28:36] I (266) octal_psram: DriveStrength: 0x00 (1/1)
[20:28:36] I (270) MSPI Timing: Enter psram timing tuning
[20:28:36] I (275) esp_psram: Found 8MB PSRAM device
[20:28:36] I (278) esp_psram: Speed: 80MHz
[20:28:36] I (281) cpu_start: Multicore app
[20:28:37] I (697) esp_psram: SPI SRAM memory test OK
[20:28:37] I (705) cpu_start: GPIO 44 and 43 are used as console UART I/O pins
[20:28:37] I (706) cpu_start: Pro cpu start user code
[20:28:37] I (706) cpu_start: cpu freq: 240000000 Hz
[20:28:37] I (708) app_init: Application information:
[20:28:37] I (712) app_init: Project name:     tinydraw_esp32
[20:28:37] I (716) app_init: App version:      1c6a366-dirty
[20:28:37] I (720) app_init: Compile time:     Aug 16 2026 20:28:08
[20:28:37] I (725) app_init: ELF file SHA256:  0346d03fe...
[20:28:37] I (730) app_init: ESP-IDF:          v6.0.2
[20:28:37] I (734) efuse_init: Min chip rev:     v0.0
[20:28:37] I (737) efuse_init: Max chip rev:     v0.99 
[20:28:37] I (741) efuse_init: Chip rev:         v0.2
[20:28:37] I (745) heap_init: Initializing. RAM available for dynamic allocation:
[20:28:37] I (752) heap_init: At 3FC9AB90 len 0004EB80 (314 KiB): RAM
[20:28:37] I (757) heap_init: At 3FCE9710 len 00005724 (21 KiB): RAM
[20:28:37] I (762) heap_init: At 3FCF0000 len 00008000 (32 KiB): DRAM
[20:28:37] I (767) heap_init: At 600FE000 len 00001FE8 (7 KiB): RTCRAM
[20:28:37] I (773) esp_psram: Adding pool of 8192K of PSRAM memory to heap allocator
[20:28:37] I (779) spi_flash: detected chip: generic
[20:28:37] I (783) spi_flash: flash io: qio
[20:28:37] I (786) sleep_gpio: Configure to isolate all GPIO pins in sleep state
[20:28:37] I (792) sleep_gpio: Enable automatic switching of GPIO sleep configuration
[20:28:37] I (799) main_task: Started on CPU0
[20:28:37] I (802) main_task: Calling app_main()
[20:28:37] TINYDRAW_PRODUCER_SCRATCH supertask_internal=1 slot_directory_internal=0 free_internal=299676 free_psram=1861508
[20:28:37] TINYDRAW_PANEL_HARD_RESET=1
[20:28:37] TINYDRAW_PANEL_TRANSPORT requested_clock_mhz=50 effective_clock_mhz=40
[20:28:37] I (1009) co5300: version: 2.1.0
[20:28:37] I (1009) co5300_spi: LCD panel create success, version: 2.1.0
[20:28:37] W (1094) co5300_spi: The 3Ah command has been used and will be overwritten by external initialization sequence
[20:28:37] I (1195) CST816S: IC id: 183
[20:28:37] TINYDRAW_VECTOR_V2_PRESENTATION experiment=boundary-top-sweep te_edge=rising requested_clock_mhz=50 effective_clock_mhz=40 optical_acceptance=external_manual
[20:28:37] TINYDRAW_LIVE_PRESENT kind=startup zoom=25 x=0 y=0 compose_us=26279 scroll_us=0 exposed_compose_us=0 chrome_us=17322 chrome_prepare_us=12069 chrome_stage_us=5253 read_submit_us=0 read_complete_us=0 transfer_wait_us=21113 tile_pixels=0 uniform_pixels=0 overview_pixels=164864 fallback_pixels=0 resident_tiles=0 fallback_tiles=0 pushes=11 tear_wait_us=16721 tear_edge_isr_to_resume_us=10 tear_edge_observed=1 tear_edge_wait_resumed=1 tear_edge_timeout=0 tear_heal_attempted=0 tear_heal_command_sent=0 presentation_experiment=boundary-top-sweep te_edge=rising requested_clock_mhz=50 effective_clock_mhz=40 frame_reused=0 pass=1
[20:28:38] TINYDRAW_LIVE_STRESS operations=1000 samples=20000 total_us=740825 average_us=740 maximum_us=1060 free_psram=1859920 largest_psram=1835008
[20:28:38] TINYDRAW_LIVE_PRESENT kind=gate_fallback zoom=100 x=0 y=0 compose_us=11408 scroll_us=0 exposed_compose_us=0 chrome_us=11446 chrome_prepare_us=6866 chrome_stage_us=4580 read_submit_us=33715 read_complete_us=37093 transfer_wait_us=20466 tile_pixels=0 uniform_pixels=0 overview_pixels=0 fallback_pixels=164864 resident_tiles=0 fallback_tiles=42 pushes=11 tear_wait_us=15288 tear_edge_isr_to_resume_us=11 tear_edge_observed=1 tear_edge_wait_resumed=1 tear_edge_timeout=0 tear_heal_attempted=0 tear_heal_command_sent=0 presentation_experiment=boundary-top-sweep te_edge=rising requested_clock_mhz=50 effective_clock_mhz=40 frame_reused=0 pass=1
[20:28:38] TINYDRAW_GATE1_HARD zoom=100 cold=1 operations=1000 samples=20000 steps=193 tiles=42 scanned=12000 rendered=122 max_supertask_us=6717 presentation_us=68493 total_us=279228 maximum_wall_us=500000 pass=1
[20:28:39] TINYDRAW_LIVE_PRESENT kind=gate_fallback zoom=400 x=0 y=0 compose_us=10796 scroll_us=0 exposed_compose_us=0 chrome_us=6699 chrome_prepare_us=2367 chrome_stage_us=4332 read_submit_us=16821 read_complete_us=20446 transfer_wait_us=20546 tile_pixels=0 uniform_pixels=0 overview_pixels=0 fallback_pixels=164864 resident_tiles=0 fallback_tiles=42 pushes=11 tear_wait_us=3516 tear_edge_isr_to_resume_us=14 tear_edge_observed=1 tear_edge_wait_resumed=1 tear_edge_timeout=0 tear_heal_attempted=0 tear_heal_command_sent=0 presentation_experiment=boundary-top-sweep te_edge=rising requested_clock_mhz=50 effective_clock_mhz=40 frame_reused=0 pass=1
[20:28:39] TINYDRAW_GATE1_HARD zoom=400 cold=1 operations=1000 samples=20000 steps=199 tiles=42 scanned=12000 rendered=17 max_supertask_us=5271 presentation_us=66335 total_us=161183 maximum_wall_us=500000 pass=1
[20:28:39] TINYDRAW_OVERLAP_WORKLOAD operations=8 samples=1200 radius_world=80
[20:28:40] TINYDRAW_GATE1_PACED_COLD corpus=overlap zoom=50 x=215 y=255 steps=235 tiles=56 compute_us=523749 present_us=82885 touch_us=663 pacing_us=15652 wall_us=622949 maximum_wall_us=500000 max_tick_us=9493 touch_samples=2793 touch_interval_max_us=1927 touch_read_max_us=594 touch_events=0 touch_down=0 touch_up=0 touch_events_ge_8ms=0 touch_event_age_max_us=0 touch_errors=0 touch_overflows=0 pass=0
[20:28:40] TINYDRAW_GATE1_PACED_COLD corpus=overlap zoom=100 x=583 y=703 steps=183 tiles=48 compute_us=286295 present_us=77022 touch_us=434 pacing_us=9217 wall_us=372968 maximum_wall_us=500000 max_tick_us=9275 touch_samples=439 touch_interval_max_us=1147 touch_read_max_us=432 touch_events=0 touch_down=0 touch_up=0 touch_events_ge_8ms=0 touch_event_age_max_us=0 touch_errors=0 touch_overflows=0 pass=1
[20:28:41] TINYDRAW_GATE1_PACED_COLD corpus=overlap zoom=200 x=1319 y=1599 steps=180 tiles=56 compute_us=259714 present_us=75737 touch_us=419 pacing_us=9095 wall_us=344965 maximum_wall_us=500000 max_tick_us=9705 touch_samples=409 touch_interval_max_us=1184 touch_read_max_us=461 touch_events=0 touch_down=0 touch_up=0 touch_events_ge_8ms=0 touch_event_age_max_us=0 touch_errors=0 touch_overflows=0 pass=1
[20:28:41] TINYDRAW_GATE1_PACED_COLD corpus=overlap zoom=400 x=2791 y=3391 steps=181 tiles=56 compute_us=223410 present_us=72589 touch_us=430 pacing_us=8542 wall_us=304971 maximum_wall_us=500000 max_tick_us=8077 touch_samples=380 touch_interval_max_us=1168 touch_read_max_us=459 touch_events=0 touch_down=0 touch_up=0 touch_events_ge_8ms=0 touch_event_age_max_us=0 touch_errors=0 touch_overflows=0 pass=1
[20:28:41] TINYDRAW_ADVERSARIAL_TAPERED_WORKLOAD operations=128 samples=4096 erasers=12 load_us=218048 appended=1
[20:28:43] TINYDRAW_GENERAL_COLD_WORKLOAD operations=910 samples=12157 hairline_operations=782 hairline_samples=8061 hairline_load_us=1110718 appended=1
[20:28:43] TINYDRAW_GATE1_PACED_COLD corpus=adversarial_tapered_4x+evil_hairlines zoom=50 x=0 y=0 steps=318 tiles=42 compute_us=357869 present_us=71146 touch_us=522 pacing_us=9438 wall_us=438975 maximum_wall_us=500000 max_tick_us=8642 touch_samples=1764 touch_interval_max_us=2037 touch_read_max_us=518 touch_events=0 touch_down=0 touch_up=0 touch_events_ge_8ms=0 touch_event_age_max_us=0 touch_errors=0 touch_overflows=0 pass=1
[20:28:44] TINYDRAW_GATE1_PACED_COLD corpus=adversarial_tapered_4x+evil_hairlines zoom=100 x=0 y=0 steps=346 tiles=42 compute_us=349355 present_us=67143 touch_us=511 pacing_us=10738 wall_us=427747 maximum_wall_us=500000 max_tick_us=8342 touch_samples=492 touch_interval_max_us=1147 touch_read_max_us=428 touch_events=0 touch_down=0 touch_up=0 touch_events_ge_8ms=0 touch_event_age_max_us=0 touch_errors=0 touch_overflows=0 pass=1
[20:28:44] TINYDRAW_GATE1_PACED_COLD corpus=adversarial_tapered_4x+evil_hairlines zoom=200 x=0 y=0 steps=407 tiles=42 compute_us=411438 present_us=65519 touch_us=585 pacing_us=12438 wall_us=489980 maximum_wall_us=500000 max_tick_us=7813 touch_samples=567 touch_interval_max_us=1158 touch_read_max_us=443 touch_events=0 touch_down=0 touch_up=0 touch_events_ge_8ms=0 touch_event_age_max_us=0 touch_errors=0 touch_overflows=0 pass=1
[20:28:45] TINYDRAW_GATE1_PACED_COLD corpus=adversarial_tapered_4x+evil_hairlines zoom=400 x=0 y=0 steps=490 tiles=42 compute_us=435384 present_us=62687 touch_us=555 pacing_us=10355 wall_us=508981 maximum_wall_us=510000 max_tick_us=10306 touch_samples=574 touch_interval_max_us=1175 touch_read_max_us=459 touch_events=0 touch_down=0 touch_up=0 touch_events_ge_8ms=0 touch_event_age_max_us=0 touch_errors=0 touch_overflows=0 pass=1
[20:28:46] TINYDRAW_GATE1_WORKLOAD kind=realistic seed=7 operations=1000 samples=19844 maximum_stroke=198 load_us=551762 raw_source=1 lod_copies=0
[20:28:46] TINYDRAW_GATE1_PACED_COLD corpus=seed7 zoom=400 x=63 y=63 steps=264 tiles=56 compute_us=192277 present_us=80654 touch_us=301 pacing_us=6719 wall_us=279951 maximum_wall_us=500000 max_tick_us=9679 touch_samples=935 touch_interval_max_us=2020 touch_read_max_us=518 touch_events=0 touch_down=0 touch_up=0 touch_events_ge_8ms=0 touch_event_age_max_us=0 touch_errors=0 touch_overflows=0 pass=1
[20:28:46] TINYDRAW_LIVE_PRESENT kind=gate_fallback zoom=100 x=0 y=0 compose_us=11456 scroll_us=0 exposed_compose_us=0 chrome_us=6912 chrome_prepare_us=2392 chrome_stage_us=4520 read_submit_us=29937 read_complete_us=33555 transfer_wait_us=21205 tile_pixels=0 uniform_pixels=0 overview_pixels=0 fallback_pixels=164864 resident_tiles=0 fallback_tiles=42 pushes=11 tear_wait_us=15955 tear_edge_isr_to_resume_us=19 tear_edge_observed=1 tear_edge_wait_resumed=1 tear_edge_timeout=0 tear_heal_attempted=0 tear_heal_command_sent=0 presentation_experiment=boundary-top-sweep te_edge=rising requested_clock_mhz=50 effective_clock_mhz=40 frame_reused=0 pass=1
[20:28:46] TINYDRAW_GATE1_HARD zoom=100 cold=1 operations=1000 samples=19844 steps=246 tiles=42 scanned=12000 rendered=388 max_supertask_us=5279 presentation_us=68085 total_us=361745 maximum_wall_us=500000 pass=1
[20:28:47] TINYDRAW_GATE1_OVERLAY_CANVAS regions=zoom,minimap,toolbar,battery operations=4 presentation_mutations=0 authority=1 pass=1
[20:28:47] TINYDRAW_GATE1_LIVE_OVERLAY clear_updates=48 clear_wall_max_us=3949 clear_submit_max_us=2134 clear_complete_max_us=2968 overlay_updates=48 overlay_wall_max_us=3918 overlay_submit_max_us=2097 overlay_complete_max_us=3161 overlay_chrome_max_us=220 clear_failures=0 overlay_failures=0 pass=1
[20:28:47] TINYDRAW_EDGE_INK corners=4 edge_failures=0 pass=1
[20:28:47] TINYDRAW_GATE1_PAN zoom=100 from_x=0 from_y=0 to_x=88 to_y=88 compose_us=15588 scroll_us=10 exposed_compose_us=15578 chrome_us=2431 event_submit_us=29438 event_complete_us=32619 transfer_us=16562 setup=1 present=1 moved=1 frame_reused=1 pass=1
[20:28:48] TINYDRAW_LIVE_PRESENT kind=gate_fallback zoom=400 x=0 y=0 compose_us=10801 scroll_us=0 exposed_compose_us=0 chrome_us=6761 chrome_prepare_us=2411 chrome_stage_us=4350 read_submit_us=23363 read_complete_us=26983 transfer_wait_us=21081 tile_pixels=0 uniform_pixels=0 overview_pixels=0 fallback_pixels=164864 resident_tiles=0 fallback_tiles=42 pushes=11 tear_wait_us=10020 tear_edge_isr_to_resume_us=11 tear_edge_observed=1 tear_edge_wait_resumed=1 tear_edge_timeout=0 tear_heal_attempted=0 tear_heal_command_sent=0 presentation_experiment=boundary-top-sweep te_edge=rising requested_clock_mhz=50 effective_clock_mhz=40 frame_reused=0 pass=1
[20:28:48] TINYDRAW_GATE1_HARD zoom=400 cold=1 operations=1008 samples=19852 steps=200 tiles=42 scanned=12096 rendered=60 max_supertask_us=7980 presentation_us=70114 total_us=214159 maximum_wall_us=500000 pass=1
[20:28:48] TINYDRAW_GATE1_PAN zoom=400 from_x=0 from_y=0 to_x=88 to_y=88 compose_us=15586 scroll_us=10 exposed_compose_us=15576 chrome_us=2234 event_submit_us=29768 event_complete_us=32953 transfer_us=16234 setup=1 present=1 moved=1 frame_reused=1 pass=1
[20:28:50] TINYDRAW_PANSEQ_FRAME zoom=100 step=0 dx=24 dy=18 scroll_us=10 exposed_compose_us=4401 chrome_us=2440 tear_wait_us=7856 present_us=16566 prepare_us=10864 acquire_wait_us=22 ring_copy_us=8427 patch_us=2428 byte_swap_us=9 staging_us=4011 event_submit_us=12406 event_complete_us=15576 frame_us=28976 tear_edge_observed=1 frame_reused=1 pass=1
[20:28:50] TINYDRAW_PANSEQ_FRAME zoom=100 step=1 dx=24 dy=18 scroll_us=10 exposed_compose_us=4452 chrome_us=2462 tear_wait_us=12378 present_us=15953 prepare_us=10885 acquire_wait_us=28 ring_copy_us=8421 patch_us=2456 byte_swap_us=8 staging_us=4009 event_submit_us=16971 event_complete_us=20155 frame_us=32916 tear_edge_observed=1 frame_reused=1 pass=1
[20:28:50] TINYDRAW_PANSEQ_FRAME zoom=100 step=2 dx=24 dy=18 scroll_us=11 exposed_compose_us=4132 chrome_us=2464 tear_wait_us=13337 present_us=16325 prepare_us=10914 acquire_wait_us=18 ring_copy_us=8448 patch_us=2457 byte_swap_us=9 staging_us=3946 event_submit_us=17617 event_complete_us=20788 frame_us=33938 tear_edge_observed=1 frame_reused=1 pass=1
[20:28:51] TINYDRAW_PANSEQ_FRAME zoom=100 step=3 dx=24 dy=18 scroll_us=10 exposed_compose_us=4670 chrome_us=2413 tear_wait_us=12424 present_us=16700 prepare_us=10836 acquire_wait_us=19 ring_copy_us=8405 patch_us=2422 byte_swap_us=9 staging_us=4033 event_submit_us=17238 event_complete_us=20405 frame_us=33931 tear_edge_observed=1 frame_reused=1 pass=1
[20:28:51] TINYDRAW_PANSEQ_FRAME zoom=100 step=4 dx=24 dy=18 scroll_us=10 exposed_compose_us=4159 chrome_us=2433 tear_wait_us=12564 present_us=16069 prepare_us=10885 acquire_wait_us=19 ring_copy_us=8450 patch_us=2427 byte_swap_us=8 staging_us=3994 event_submit_us=16873 event_complete_us=20037 frame_us=32936 tear_edge_observed=1 frame_reused=1 pass=1
[20:28:51] TINYDRAW_PANSEQ_FRAME zoom=100 step=5 dx=24 dy=18 scroll_us=10 exposed_compose_us=4456 chrome_us=2434 tear_wait_us=12899 present_us=16441 prepare_us=10813 acquire_wait_us=18 ring_copy_us=8374 patch_us=2431 byte_swap_us=8 staging_us=4055 event_submit_us=17501 event_complete_us=20673 frame_us=33935 tear_edge_observed=1 frame_reused=1 pass=1
[20:28:51] TINYDRAW_PANSEQ_FRAME zoom=100 step=6 dx=24 dy=18 scroll_us=11 exposed_compose_us=4123 chrome_us=2427 tear_wait_us=12840 present_us=15834 prepare_us=10902 acquire_wait_us=19 ring_copy_us=8465 patch_us=2429 byte_swap_us=8 staging_us=4000 event_submit_us=17112 event_complete_us=20290 frame_us=32939 tear_edge_observed=1 frame_reused=1 pass=1
[20:28:51] TINYDRAW_PANSEQ_FRAME zoom=100 step=7 dx=24 dy=18 scroll_us=11 exposed_compose_us=4430 chrome_us=2439 tear_wait_us=13141 present_us=16220 prepare_us=10895 acquire_wait_us=22 ring_copy_us=8453 patch_us=2433 byte_swap_us=9 staging_us=3983 event_submit_us=17716 event_complete_us=20875 frame_us=33931 tear_edge_observed=1 frame_reused=1 pass=1
[20:28:51] TINYDRAW_PANSEQ_FRAME zoom=100 step=8 dx=24 dy=18 scroll_us=11 exposed_compose_us=4422 chrome_us=2428 tear_wait_us=12767 present_us=16607 prepare_us=10898 acquire_wait_us=18 ring_copy_us=8465 patch_us=2425 byte_swap_us=8 staging_us=3959 event_submit_us=17333 event_complete_us=20478 frame_us=33936 tear_edge_observed=1 frame_reused=1 pass=1
[20:28:51] TINYDRAW_PANSEQ_FRAME zoom=100 step=9 dx=24 dy=18 scroll_us=10 exposed_compose_us=4430 chrome_us=2435 tear_wait_us=12387 present_us=15979 prepare_us=10854 acquire_wait_us=18 ring_copy_us=8414 patch_us=2432 byte_swap_us=8 staging_us=4017 event_submit_us=16960 event_complete_us=20121 frame_us=32933 tear_edge_observed=1 frame_reused=1 pass=1
[20:28:51] TINYDRAW_PANSEQ_FRAME zoom=100 step=10 dx=24 dy=18 scroll_us=11 exposed_compose_us=4120 chrome_us=2441 tear_wait_us=13313 present_us=16361 prepare_us=10866 acquire_wait_us=18 ring_copy_us=8427 patch_us=2432 byte_swap_us=7 staging_us=3998 event_submit_us=17580 event_complete_us=20746 frame_us=33937 tear_edge_observed=1 frame_reused=1 pass=1
[20:28:51] TINYDRAW_PANSEQ_FRAME zoom=100 step=11 dx=24 dy=18 scroll_us=10 exposed_compose_us=4664 chrome_us=2425 tear_wait_us=12396 present_us=16734 prepare_us=10815 acquire_wait_us=18 ring_copy_us=8386 patch_us=2420 byte_swap_us=9 staging_us=4075 event_submit_us=17205 event_complete_us=20383 frame_us=33932 tear_edge_observed=1 frame_reused=1 pass=1
[20:28:51] TINYDRAW_PANSEQ_FRAME zoom=100 step=12 dx=24 dy=18 scroll_us=11 exposed_compose_us=4145 chrome_us=2426 tear_wait_us=12533 present_us=16109 prepare_us=10891 acquire_wait_us=18 ring_copy_us=8468 patch_us=2416 byte_swap_us=7 staging_us=3975 event_submit_us=16827 event_complete_us=19984 frame_us=32931 tear_edge_observed=1 frame_reused=1 pass=1
[20:28:51] TINYDRAW_PANSEQ_FRAME zoom=100 step=13 dx=24 dy=18 scroll_us=10 exposed_compose_us=4439 chrome_us=2438 tear_wait_us=12871 present_us=16484 prepare_us=10827 acquire_wait_us=18 ring_copy_us=8385 patch_us=2433 byte_swap_us=9 staging_us=4052 event_submit_us=17462 event_complete_us=20630 frame_us=33935 tear_edge_observed=1 frame_reused=1 pass=1
[20:28:51] TINYDRAW_PANSEQ_FRAME zoom=100 step=14 dx=24 dy=18 scroll_us=11 exposed_compose_us=4155 chrome_us=2425 tear_wait_us=12777 present_us=15862 prepare_us=10899 acquire_wait_us=20 ring_copy_us=8475 patch_us=2415 byte_swap_us=9 staging_us=3997 event_submit_us=17079 event_complete_us=20254 frame_us=32935 tear_edge_observed=1 frame_reused=1 pass=1
[20:28:51] TINYDRAW_PANSEQ_FRAME zoom=100 step=15 dx=24 dy=18 scroll_us=10 exposed_compose_us=4492 chrome_us=2454 tear_wait_us=13070 present_us=16234 prepare_us=10872 acquire_wait_us=22 ring_copy_us=8414 patch_us=2449 byte_swap_us=9 staging_us=3998 event_submit_us=17706 event_complete_us=20856 frame_us=33935 tear_edge_observed=1 frame_reused=1 pass=1
[20:28:51] TINYDRAW_PANSEQ_FRAME zoom=100 step=16 dx=72 dy=54 scroll_us=11 exposed_compose_us=11847 chrome_us=2430 tear_wait_us=5338 present_us=16608 prepare_us=10892 acquire_wait_us=18 ring_copy_us=8464 patch_us=2420 byte_swap_us=8 staging_us=3955 event_submit_us=17331 event_complete_us=20466 frame_us=33936 tear_edge_observed=1 frame_reused=1 pass=1
[20:28:51] TINYDRAW_PANSEQ_FRAME zoom=100 step=17 dx=72 dy=54 scroll_us=10 exposed_compose_us=11856 chrome_us=2421 tear_wait_us=4949 present_us=15990 prepare_us=10842 acquire_wait_us=19 ring_copy_us=8416 patch_us=2417 byte_swap_us=9 staging_us=4020 event_submit_us=16947 event_complete_us=20101 frame_us=32933 tear_edge_observed=1 frame_reused=1 pass=1
[20:28:51] TINYDRAW_PANSEQ_FRAME zoom=100 step=18 dx=72 dy=54 scroll_us=11 exposed_compose_us=10194 chrome_us=2429 tear_wait_us=7218 present_us=16380 prepare_us=10835 acquire_wait_us=19 ring_copy_us=8408 patch_us=2420 byte_swap_us=7 staging_us=4020 event_submit_us=17563 event_complete_us=20724 frame_us=33937 tear_edge_observed=1 frame_reused=1 pass=1
[20:28:51] TINYDRAW_PANSEQ_FRAME zoom=100 step=19 dx=72 dy=54 scroll_us=10 exposed_compose_us=10176 chrome_us=2429 tear_wait_us=6859 present_us=16756 prepare_us=10824 acquire_wait_us=21 ring_copy_us=8396 patch_us=2421 byte_swap_us=7 staging_us=4079 event_submit_us=17180 event_complete_us=20369 frame_us=33931 tear_edge_observed=1 frame_reused=1 pass=1
[20:28:51] TINYDRAW_PANSEQ_FRAME zoom=100 step=20 dx=-72 dy=-54 scroll_us=11 exposed_compose_us=11687 chrome_us=2419 tear_wait_us=4966 present_us=16133 prepare_us=10856 acquire_wait_us=19 ring_copy_us=8440 patch_us=2407 byte_swap_us=9 staging_us=4006 event_submit_us=16805 event_complete_us=19931 frame_us=32931 tear_edge_observed=1 frame_reused=1 pass=1
[20:28:51] TINYDRAW_PANSEQ_FRAME zoom=100 step=21 dx=-72 dy=-54 scroll_us=10 exposed_compose_us=11835 chrome_us=2432 tear_wait_us=5450 present_us=16509 prepare_us=10788 acquire_wait_us=20 ring_copy_us=8355 patch_us=2424 byte_swap_us=9 staging_us=4075 event_submit_us=17442 event_complete_us=20592 frame_us=33934 tear_edge_observed=1 frame_reused=1 pass=1
[20:28:51] TINYDRAW_PANSEQ_FRAME zoom=100 step=22 dx=-72 dy=-54 scroll_us=11 exposed_compose_us=11836 chrome_us=2453 tear_wait_us=5075 present_us=15884 prepare_us=10923 acquire_wait_us=20 ring_copy_us=8470 patch_us=2445 byte_swap_us=8 staging_us=3957 event_submit_us=17056 event_complete_us=20219 frame_us=32936 tear_edge_observed=1 frame_reused=1 pass=1
[20:28:51] TINYDRAW_PANSEQ_FRAME zoom=100 step=23 dx=-72 dy=-54 scroll_us=10 exposed_compose_us=11487 chrome_us=2448 tear_wait_us=6040 present_us=16266 prepare_us=10867 acquire_wait_us=19 ring_copy_us=8419 patch_us=2440 byte_swap_us=8 staging_us=3997 event_submit_us=17692 event_complete_us=20840 frame_us=33934 tear_edge_observed=1 frame_reused=1 pass=1
[20:28:51] TINYDRAW_PANSEQ_STRIP zoom=100 strip=0 panel_y=0 rows=44 samples=24 staging_mean_us=1345 staging_max_us=1369 wire_budget_us=1619 over_budget_us=0 pass=1
[20:28:51] TINYDRAW_PANSEQ_STRIP zoom=100 strip=1 panel_y=44 rows=44 samples=24 staging_mean_us=1241 staging_max_us=1259 wire_budget_us=1619 over_budget_us=0 pass=1
[20:28:51] TINYDRAW_PANSEQ_STRIP zoom=100 strip=2 panel_y=88 rows=44 samples=24 staging_mean_us=1206 staging_max_us=1218 wire_budget_us=1619 over_budget_us=0 pass=1
[20:28:51] TINYDRAW_PANSEQ_STRIP zoom=100 strip=3 panel_y=132 rows=44 samples=24 staging_mean_us=1197 staging_max_us=1211 wire_budget_us=1619 over_budget_us=0 pass=1
[20:28:51] TINYDRAW_PANSEQ_STRIP zoom=100 strip=4 panel_y=176 rows=44 samples=24 staging_mean_us=1199 staging_max_us=1210 wire_budget_us=1619 over_budget_us=0 pass=1
[20:28:51] TINYDRAW_PANSEQ_STRIP zoom=100 strip=5 panel_y=220 rows=44 samples=24 staging_mean_us=1235 staging_max_us=1245 wire_budget_us=1619 over_budget_us=0 pass=1
[20:28:51] TINYDRAW_PANSEQ_STRIP zoom=100 strip=6 panel_y=264 rows=44 samples=24 staging_mean_us=1404 staging_max_us=1431 wire_budget_us=1619 over_budget_us=0 pass=1
[20:28:51] TINYDRAW_PANSEQ_STRIP zoom=100 strip=7 panel_y=308 rows=44 samples=24 staging_mean_us=1397 staging_max_us=1418 wire_budget_us=1619 over_budget_us=0 pass=1
[20:28:51] TINYDRAW_PANSEQ_STRIP zoom=100 strip=8 panel_y=352 rows=20 samples=24 staging_mean_us=656 staging_max_us=689 wire_budget_us=736 over_budget_us=0 pass=1
[20:28:51] TINYDRAW_GATE1_PANSEQ zoom=100 frames=24 scroll_avg_us=10 exposed_avg_us=6692 chrome_avg_us=2435 tear_wait_avg_us=10227 present_avg_us=16291 prepare_avg_us=10864 acquire_wait_avg_us=19 ring_copy_avg_us=8426 patch_avg_us=2429 byte_swap_avg_us=8 staging_avg_us=4008 frame_avg_us=33352 frame_p50_us=33931 frame_p95_us=33937 frame_max_us=33938 complete_p50_us=20383 complete_p95_us=20856 complete_max_us=20875 tear_edge_failures=0 presentation_experiment=boundary-top-sweep te_edge=rising requested_clock_mhz=50 effective_clock_mhz=40 chrome_bottom_redraws=0 chrome_battery_redraws=0 chrome_zoom_redraws=0 chrome_minimap_base_redraws=0 strip_samples=216 staging_mean_us=1209 staging_max_us=1431 worst_strip=8 worst_strip_y=352 worst_wire_budget_us=736 worst_headroom_us=47 staging_invariant=1 pacing_pass=1 all_reused=1 pass=1
[20:28:53] TINYDRAW_PANSEQ_FRAME zoom=400 step=0 dx=24 dy=18 scroll_us=10 exposed_compose_us=4404 chrome_us=2259 tear_wait_us=8434 present_us=15984 prepare_us=10712 acquire_wait_us=20 ring_copy_us=8455 patch_us=2251 byte_swap_us=6 staging_us=4172 event_submit_us=12989 event_complete_us=16159 frame_us=28978 tear_edge_observed=1 frame_reused=1 pass=1
[20:28:53] TINYDRAW_PANSEQ_FRAME zoom=400 step=1 dx=24 dy=18 scroll_us=9 exposed_compose_us=4437 chrome_us=2235 tear_wait_us=12966 present_us=16375 prepare_us=10610 acquire_wait_us=22 ring_copy_us=8370 patch_us=2231 byte_swap_us=9 staging_us=4241 event_submit_us=17550 event_complete_us=20703 frame_us=33915 tear_edge_observed=1 frame_reused=1 pass=1
[20:28:53] TINYDRAW_PANSEQ_FRAME zoom=400 step=2 dx=24 dy=18 scroll_us=10 exposed_compose_us=4127 chrome_us=2266 tear_wait_us=12917 present_us=16750 prepare_us=10725 acquire_wait_us=19 ring_copy_us=8459 patch_us=2258 byte_swap_us=8 staging_us=4188 event_submit_us=17193 event_complete_us=20391 frame_us=33937 tear_edge_observed=1 frame_reused=1 pass=1
[20:28:53] TINYDRAW_PANSEQ_FRAME zoom=400 step=3 dx=24 dy=18 scroll_us=11 exposed_compose_us=4632 chrome_us=2256 tear_wait_us=12029 present_us=16129 prepare_us=10682 acquire_wait_us=19 ring_copy_us=8423 patch_us=2251 byte_swap_us=8 staging_us=4185 event_submit_us=16805 event_complete_us=19965 frame_us=32927 tear_edge_observed=1 frame_reused=1 pass=1
[20:28:53] TINYDRAW_PANSEQ_FRAME zoom=400 step=4 dx=24 dy=18 scroll_us=11 exposed_compose_us=4172 chrome_us=2243 tear_wait_us=13099 present_us=16523 prepare_us=10663 acquire_wait_us=20 ring_copy_us=8422 patch_us=2233 byte_swap_us=8 staging_us=4226 event_submit_us=17430 event_complete_us=20598 frame_us=33937 tear_edge_observed=1 frame_reused=1 pass=1
[20:28:53] TINYDRAW_PANSEQ_FRAME zoom=400 step=5 dx=24 dy=18 scroll_us=10 exposed_compose_us=4485 chrome_us=2268 tear_wait_us=12400 present_us=15908 prepare_us=10703 acquire_wait_us=19 ring_copy_us=8431 patch_us=2263 byte_swap_us=9 staging_us=4186 event_submit_us=17031 event_complete_us=20199 frame_us=32933 tear_edge_observed=1 frame_reused=1 pass=1
[20:28:53] TINYDRAW_PANSEQ_FRAME zoom=400 step=6 dx=24 dy=18 scroll_us=11 exposed_compose_us=4114 chrome_us=2260 tear_wait_us=13380 present_us=16301 prepare_us=10750 acquire_wait_us=18 ring_copy_us=8489 patch_us=2252 byte_swap_us=9 staging_us=4142 event_submit_us=17653 event_complete_us=20828 frame_us=33936 tear_edge_observed=1 frame_reused=1 pass=1
[20:28:53] TINYDRAW_PANSEQ_FRAME zoom=400 step=7 dx=24 dy=18 scroll_us=10 exposed_compose_us=4438 chrome_us=2266 tear_wait_us=12664 present_us=16694 prepare_us=10692 acquire_wait_us=19 ring_copy_us=8418 patch_us=2265 byte_swap_us=9 staging_us=4184 event_submit_us=17247 event_complete_us=20415 frame_us=33934 tear_edge_observed=1 frame_reused=1 pass=1
[20:28:53] TINYDRAW_PANSEQ_FRAME zoom=400 step=8 dx=24 dy=18 scroll_us=11 exposed_compose_us=4392 chrome_us=2229 tear_wait_us=12323 present_us=16073 prepare_us=10674 acquire_wait_us=19 ring_copy_us=8435 patch_us=2230 byte_swap_us=9 staging_us=4201 event_submit_us=16865 event_complete_us=20022 frame_us=32932 tear_edge_observed=1 frame_reused=1 pass=1
[20:28:53] TINYDRAW_PANSEQ_FRAME zoom=400 step=9 dx=24 dy=18 scroll_us=10 exposed_compose_us=4431 chrome_us=2244 tear_wait_us=12899 present_us=16465 prepare_us=10621 acquire_wait_us=19 ring_copy_us=8375 patch_us=2237 byte_swap_us=9 staging_us=4250 event_submit_us=17479 event_complete_us=20636 frame_us=33933 tear_edge_observed=1 frame_reused=1 pass=1
[20:28:53] TINYDRAW_PANSEQ_FRAME zoom=400 step=10 dx=24 dy=18 scroll_us=11 exposed_compose_us=4135 chrome_us=2255 tear_wait_us=12829 present_us=15847 prepare_us=10746 acquire_wait_us=22 ring_copy_us=8476 patch_us=2261 byte_swap_us=9 staging_us=4153 event_submit_us=17095 event_complete_us=20274 frame_us=32936 tear_edge_observed=1 frame_reused=1 pass=1
[20:28:53] TINYDRAW_PANSEQ_FRAME zoom=400 step=11 dx=24 dy=18 scroll_us=10 exposed_compose_us=4683 chrome_us=2264 tear_wait_us=12879 present_us=16233 prepare_us=10699 acquire_wait_us=21 ring_copy_us=8432 patch_us=2259 byte_swap_us=8 staging_us=4172 event_submit_us=17707 event_complete_us=20867 frame_us=33935 tear_edge_observed=1 frame_reused=1 pass=1
[20:28:53] TINYDRAW_PANSEQ_FRAME zoom=400 step=12 dx=24 dy=18 scroll_us=11 exposed_compose_us=4155 chrome_us=2246 tear_wait_us=12997 present_us=16639 prepare_us=10733 acquire_wait_us=20 ring_copy_us=8487 patch_us=2237 byte_swap_us=9 staging_us=4143 event_submit_us=17302 event_complete_us=20465 frame_us=33935 tear_edge_observed=1 frame_reused=1 pass=1
[20:28:53] TINYDRAW_PANSEQ_FRAME zoom=400 step=13 dx=24 dy=18 scroll_us=10 exposed_compose_us=4448 chrome_us=2214 tear_wait_us=12307 present_us=16045 prepare_us=10595 acquire_wait_us=18 ring_copy_us=8366 patch_us=2221 byte_swap_us=8 staging_us=4254 event_submit_us=16901 event_complete_us=20051 frame_us=32935 tear_edge_observed=1 frame_reused=1 pass=1
[20:28:53] TINYDRAW_PANSEQ_FRAME zoom=400 step=14 dx=24 dy=18 scroll_us=11 exposed_compose_us=4122 chrome_us=2252 tear_wait_us=13242 present_us=16429 prepare_us=10683 acquire_wait_us=27 ring_copy_us=8431 patch_us=2245 byte_swap_us=7 staging_us=4204 event_submit_us=17513 event_complete_us=20697 frame_us=33935 tear_edge_observed=1 frame_reused=1 pass=1
[20:28:53] TINYDRAW_PANSEQ_FRAME zoom=400 step=15 dx=24 dy=18 scroll_us=10 exposed_compose_us=4491 chrome_us=2264 tear_wait_us=12476 present_us=15828 prepare_us=10696 acquire_wait_us=19 ring_copy_us=8429 patch_us=2259 byte_swap_us=8 staging_us=4188 event_submit_us=17113 event_complete_us=20280 frame_us=32932 tear_edge_observed=1 frame_reused=1 pass=1
[20:28:53] TINYDRAW_PANSEQ_FRAME zoom=400 step=16 dx=72 dy=54 scroll_us=10 exposed_compose_us=11846 chrome_us=2270 tear_wait_us=5727 present_us=16224 prepare_us=10722 acquire_wait_us=19 ring_copy_us=8452 patch_us=2261 byte_swap_us=9 staging_us=4137 event_submit_us=17717 event_complete_us=20854 frame_us=33938 tear_edge_observed=1 frame_reused=1 pass=1
[20:28:53] TINYDRAW_PANSEQ_FRAME zoom=400 step=17 dx=72 dy=54 scroll_us=11 exposed_compose_us=11637 chrome_us=2253 tear_wait_us=5534 present_us=16619 prepare_us=10658 acquire_wait_us=20 ring_copy_us=8405 patch_us=2244 byte_swap_us=9 staging_us=4190 event_submit_us=17319 event_complete_us=20459 frame_us=33929 tear_edge_observed=1 frame_reused=1 pass=1
[20:28:53] TINYDRAW_PANSEQ_FRAME zoom=400 step=18 dx=72 dy=54 scroll_us=11 exposed_compose_us=11524 chrome_us=2232 tear_wait_us=5251 present_us=16021 prepare_us=10656 acquire_wait_us=20 ring_copy_us=8421 patch_us=2226 byte_swap_us=9 staging_us=4209 event_submit_us=16925 event_complete_us=20088 frame_us=32937 tear_edge_observed=1 frame_reused=1 pass=1
[20:28:53] TINYDRAW_PANSEQ_FRAME zoom=400 step=19 dx=72 dy=54 scroll_us=10 exposed_compose_us=11781 chrome_us=2267 tear_wait_us=5578 present_us=16423 prepare_us=10594 acquire_wait_us=19 ring_copy_us=8337 patch_us=2250 byte_swap_us=7 staging_us=4267 event_submit_us=17514 event_complete_us=20676 frame_us=33931 tear_edge_observed=1 frame_reused=1 pass=1
[20:28:53] TINYDRAW_PANSEQ_FRAME zoom=400 step=20 dx=-72 dy=-54 scroll_us=11 exposed_compose_us=11915 chrome_us=2258 tear_wait_us=5060 present_us=15815 prepare_us=10701 acquire_wait_us=19 ring_copy_us=8446 patch_us=2247 byte_swap_us=8 staging_us=4161 event_submit_us=17126 event_complete_us=20270 frame_us=32936 tear_edge_observed=1 frame_reused=1 pass=1
[20:28:54] TINYDRAW_PANSEQ_FRAME zoom=400 step=21 dx=-72 dy=-54 scroll_us=10 exposed_compose_us=11803 chrome_us=2280 tear_wait_us=5773 present_us=16213 prepare_us=10669 acquire_wait_us=19 ring_copy_us=8393 patch_us=2267 byte_swap_us=9 staging_us=4178 event_submit_us=17724 event_complete_us=20856 frame_us=33934 tear_edge_observed=1 frame_reused=1 pass=1
[20:28:54] TINYDRAW_PANSEQ_FRAME zoom=400 step=22 dx=-72 dy=-54 scroll_us=11 exposed_compose_us=11813 chrome_us=2248 tear_wait_us=5373 present_us=16608 prepare_us=10683 acquire_wait_us=19 ring_copy_us=8434 patch_us=2240 byte_swap_us=9 staging_us=4153 event_submit_us=17331 event_complete_us=20455 frame_us=33935 tear_edge_observed=1 frame_reused=1 pass=1
[20:28:54] TINYDRAW_PANSEQ_FRAME zoom=400 step=23 dx=-72 dy=-54 scroll_us=11 exposed_compose_us=11490 chrome_us=2240 tear_wait_us=5306 present_us=15998 prepare_us=10623 acquire_wait_us=25 ring_copy_us=8381 patch_us=2234 byte_swap_us=8 staging_us=4232 event_submit_us=16940 event_complete_us=20090 frame_us=32934 tear_edge_observed=1 frame_reused=1 pass=1
[20:28:54] TINYDRAW_PANSEQ_STRIP zoom=400 strip=0 panel_y=0 rows=44 samples=24 staging_mean_us=1342 staging_max_us=1386 wire_budget_us=1619 over_budget_us=0 pass=1
[20:28:54] TINYDRAW_PANSEQ_STRIP zoom=400 strip=1 panel_y=44 rows=44 samples=24 staging_mean_us=1242 staging_max_us=1256 wire_budget_us=1619 over_budget_us=0 pass=1
[20:28:54] TINYDRAW_PANSEQ_STRIP zoom=400 strip=2 panel_y=88 rows=44 samples=24 staging_mean_us=1206 staging_max_us=1219 wire_budget_us=1619 over_budget_us=0 pass=1
[20:28:54] TINYDRAW_PANSEQ_STRIP zoom=400 strip=3 panel_y=132 rows=44 samples=24 staging_mean_us=1197 staging_max_us=1211 wire_budget_us=1619 over_budget_us=0 pass=1
[20:28:54] TINYDRAW_PANSEQ_STRIP zoom=400 strip=4 panel_y=176 rows=44 samples=24 staging_mean_us=1198 staging_max_us=1213 wire_budget_us=1619 over_budget_us=0 pass=1
[20:28:54] TINYDRAW_PANSEQ_STRIP zoom=400 strip=5 panel_y=220 rows=44 samples=24 staging_mean_us=1191 staging_max_us=1205 wire_budget_us=1619 over_budget_us=0 pass=1
[20:28:54] TINYDRAW_PANSEQ_STRIP zoom=400 strip=6 panel_y=264 rows=44 samples=24 staging_mean_us=1355 staging_max_us=1378 wire_budget_us=1619 over_budget_us=0 pass=1
[20:28:54] TINYDRAW_PANSEQ_STRIP zoom=400 strip=7 panel_y=308 rows=44 samples=24 staging_mean_us=1354 staging_max_us=1374 wire_budget_us=1619 over_budget_us=0 pass=1
[20:28:54] TINYDRAW_PANSEQ_STRIP zoom=400 strip=8 panel_y=352 rows=20 samples=24 staging_mean_us=610 staging_max_us=639 wire_budget_us=736 over_budget_us=0 pass=1
[20:28:54] TINYDRAW_GATE1_PANSEQ zoom=400 frames=24 scroll_avg_us=10 exposed_avg_us=6811 chrome_avg_us=2252 tear_wait_avg_us=10143 present_avg_us=16256 prepare_avg_us=10678 acquire_wait_avg_us=20 ring_copy_avg_us=8423 patch_avg_us=2246 byte_swap_avg_us=8 staging_avg_us=4192 frame_avg_us=33351 frame_p50_us=33929 frame_p95_us=33937 frame_max_us=33938 complete_p50_us=20415 complete_p95_us=20856 complete_max_us=20867 tear_edge_failures=0 presentation_experiment=boundary-top-sweep te_edge=rising requested_clock_mhz=50 effective_clock_mhz=40 chrome_bottom_redraws=0 chrome_battery_redraws=0 chrome_zoom_redraws=0 chrome_minimap_base_redraws=0 strip_samples=216 staging_mean_us=1188 staging_max_us=1386 worst_strip=8 worst_strip_y=352 worst_wire_budget_us=736 worst_headroom_us=97 staging_invariant=1 pacing_pass=1 all_reused=1 pass=1
[20:28:54] TINYDRAW_GATE1_PAN_BOUNDARY zoom=100 slow_1px_trace=1 below_delta=94 below_reused=1 at_delta=96 at_reused=1 above_delta=98 above_fallback=1 pass=1
[20:28:54] TINYDRAW_GATE1_PAN_BOUNDARY zoom=400 slow_1px_trace=1 below_delta=94 below_reused=1 at_delta=96 at_reused=1 above_delta=98 above_fallback=1 pass=1
[20:28:55] TINYDRAW_GATE1_DRAW_FILL zoom=400 revision=2930 append_us=1428 poll_gap_us=94 event_submit_us=210 event_complete_us=2135 max_compute_slice_us=5449 max_display_slice_us=17238 fill_us=225058 revision_restarted=1 pass=1
[20:28:55] TINYDRAW_GATE1_CACHE_FILL zoom=50 x=63 y=63 published=56 total_us=590963 within_cold_gate=0 complete=1
[20:28:56] TINYDRAW_GATE1_CACHE_FILL zoom=100 x=63 y=63 published=56 total_us=475966 within_cold_gate=1 complete=1
[20:28:56] TINYDRAW_GATE1_CACHE_FILL zoom=200 x=63 y=63 published=56 total_us=332966 within_cold_gate=1 complete=1
[20:28:57] TINYDRAW_GATE1_CACHE_FILL zoom=400 x=63 y=63 published=56 total_us=277964 within_cold_gate=1 complete=1
[20:28:57] TINYDRAW_GATE1_CACHE_REVISIT zoom=50 remaining=0 tile_pixels=118128 fallback_pixels=0 compose_us=16094 complete_us=21146 hit=1
[20:28:57] TINYDRAW_GATE1_CACHE_REVISIT zoom=100 remaining=0 tile_pixels=164864 fallback_pixels=0 compose_us=18504 complete_us=20768 hit=1
[20:28:57] TINYDRAW_GATE1_CACHE_REVISIT zoom=200 remaining=0 tile_pixels=164864 fallback_pixels=0 compose_us=18584 complete_us=20375 hit=1
[20:28:57] TINYDRAW_GATE1_CACHE_REVISIT zoom=400 remaining=0 tile_pixels=164608 fallback_pixels=0 compose_us=18537 complete_us=20964 hit=1
[20:28:57] TINYDRAW_GATE1_CACHE_FILL zoom=400 x=575 y=575 published=56 total_us=293964 within_cold_gate=1 complete=1
[20:28:57] TINYDRAW_GATE1_CACHE_ROUND_TRIP zoom=50 from_x=63 from_y=63 via_x=575 via_y=575 remaining=0 tile_pixels=118128 fallback_pixels=0 compose_us=16135 complete_us=20546 hit=1
[20:28:57] TINYDRAW_GATE1_CACHE_ROUND_TRIP zoom=100 from_x=63 from_y=63 via_x=575 via_y=575 remaining=0 tile_pixels=164864 fallback_pixels=0 compose_us=18567 complete_us=21165 hit=1
[20:28:57] TINYDRAW_GATE1_CACHE_ROUND_TRIP zoom=200 from_x=63 from_y=63 via_x=575 via_y=575 remaining=0 tile_pixels=164864 fallback_pixels=0 compose_us=18596 complete_us=20779 hit=1
[20:28:57] TINYDRAW_GATE1_CACHE_ROUND_TRIP zoom=400 from_x=63 from_y=63 via_x=575 via_y=575 remaining=0 tile_pixels=164608 fallback_pixels=0 compose_us=18587 complete_us=20405 hit=1
[20:28:57] TINYDRAW_GATE1_CACHE_RETENTION pass=1 slots=448 revision=2930
[20:28:59] TINYDRAW_PAPER_SWEEP zoom=100 identities=644 raw=266 uniform=378 fallback=0 slots=448 total_us=1314942 pass=1
[20:28:59] TINYDRAW_RERENDER_LEDGER_RESET site=cache_tour_start
[20:29:02] TINYDRAW_GATE1_CACHE_TOUR slots=448 stops=16 forward_steps=2162 forward_tiles=832 forward_wall_us=1325834 return_missing_tiles=0 return_steps=16 return_tiles=0 return_wall_us=6050 home_missing=0 home_fallback_pixels=0 pass=1
[20:29:02] TINYDRAW_RERENDER_LEDGER site=cache_tour renders=137 unique=137 amplification=1.000 cold=137 damage=0 evict=0 stale=0 unexplained=0
[20:29:03] TINYDRAW_GATE1_MIXED_DRAW_WARM zoom=50 fill_tiles=56 fill_us=512808 raw=42 uniform=14
[20:29:03] TINYDRAW_GATE1_MIXED_DRAW_WARM zoom=100 fill_tiles=56 fill_us=397387 raw=56 uniform=0
[20:29:03] TINYDRAW_GATE1_MIXED_DRAW_WARM zoom=200 fill_tiles=56 fill_us=307352 raw=56 uniform=0
[20:29:04] TINYDRAW_GATE1_MIXED_DRAW_WARM zoom=400 fill_tiles=42 fill_us=197452 raw=42 uniform=0
[20:29:04] TINYDRAW_GATE1_MIXED_DRAW zoom=25 tool=pen chunks=50 append_max_us=13187 append_avg_us=11817 append_total_us=590885 affected_tiles=196 published=0 fallback=196 visible_fallback=0 drop_uni_slot=0 drop_uni_paint=0 drop_raw_edit=0 drop_raw_paint=0 off_skip=0 ph_prepare_max_us=141 ph_overview_max_us=8940 ph_enumerate_max_us=574 ph_uniform_max_us=97 ph_raw_max_us=16 ph_commit_max_us=3610 committed=1 authority=1 refresh=1 run_ok=1 pass=1
[20:29:05] TINYDRAW_GATE1_MIXED_DRAW zoom=25 tool=eraser chunks=50 append_max_us=13261 append_avg_us=11763 append_total_us=588164 affected_tiles=0 published=0 fallback=0 visible_fallback=0 drop_uni_slot=0 drop_uni_paint=0 drop_raw_edit=0 drop_raw_paint=0 off_skip=0 ph_prepare_max_us=142 ph_overview_max_us=9069 ph_enumerate_max_us=468 ph_uniform_max_us=13 ph_raw_max_us=10 ph_commit_max_us=3599 committed=1 authority=1 refresh=1 run_ok=1 pass=1
[20:29:07] TINYDRAW_GATE1_MIXED_DRAW zoom=50 tool=pen chunks=50 append_max_us=19324 append_avg_us=16369 append_total_us=818476 affected_tiles=422 published=400 fallback=22 visible_fallback=0 drop_uni_slot=0 drop_uni_paint=0 drop_raw_edit=0 drop_raw_paint=0 off_skip=0 ph_prepare_max_us=195 ph_overview_max_us=3806 ph_enumerate_max_us=525 ph_uniform_max_us=5357 ph_raw_max_us=12169 ph_commit_max_us=1767 committed=1 authority=1 refresh=1 run_ok=1 pass=0
[20:29:08] TINYDRAW_GATE1_MIXED_DRAW zoom=50 tool=eraser chunks=50 append_max_us=17891 append_avg_us=16084 append_total_us=804238 affected_tiles=405 published=405 fallback=0 visible_fallback=0 drop_uni_slot=0 drop_uni_paint=0 drop_raw_edit=0 drop_raw_paint=0 off_skip=0 ph_prepare_max_us=183 ph_overview_max_us=3813 ph_enumerate_max_us=548 ph_uniform_max_us=33 ph_raw_max_us=12103 ph_commit_max_us=1562 committed=1 authority=1 refresh=1 run_ok=1 pass=0
[20:29:10] TINYDRAW_GATE1_MIXED_DRAW zoom=100 tool=pen chunks=50 append_max_us=15966 append_avg_us=13807 append_total_us=690382 affected_tiles=450 published=398 fallback=52 visible_fallback=0 drop_uni_slot=0 drop_uni_paint=0 drop_raw_edit=0 drop_raw_paint=0 off_skip=0 ph_prepare_max_us=173 ph_overview_max_us=1912 ph_enumerate_max_us=531 ph_uniform_max_us=4414 ph_raw_max_us=12073 ph_commit_max_us=1050 committed=1 authority=1 refresh=1 run_ok=1 pass=0
[20:29:11] TINYDRAW_GATE1_MIXED_DRAW zoom=100 tool=eraser chunks=50 append_max_us=15322 append_avg_us=13584 append_total_us=679220 affected_tiles=399 published=399 fallback=0 visible_fallback=0 drop_uni_slot=0 drop_uni_paint=0 drop_raw_edit=0 drop_raw_paint=0 off_skip=0 ph_prepare_max_us=181 ph_overview_max_us=1902 ph_enumerate_max_us=498 ph_uniform_max_us=32 ph_raw_max_us=12212 ph_commit_max_us=850 committed=1 authority=1 refresh=1 run_ok=1 pass=0
[20:29:13] TINYDRAW_GATE1_MIXED_DRAW zoom=200 tool=pen chunks=50 append_max_us=15401 append_avg_us=12808 append_total_us=640420 affected_tiles=425 published=389 fallback=36 visible_fallback=0 drop_uni_slot=0 drop_uni_paint=0 drop_raw_edit=0 drop_raw_paint=0 off_skip=0 ph_prepare_max_us=181 ph_overview_max_us=1099 ph_enumerate_max_us=560 ph_uniform_max_us=4537 ph_raw_max_us=12158 ph_commit_max_us=904 committed=1 authority=1 refresh=1 run_ok=1 pass=0
[20:29:14] TINYDRAW_GATE1_MIXED_DRAW zoom=200 tool=eraser chunks=50 append_max_us=14297 append_avg_us=12534 append_total_us=626727 affected_tiles=388 published=388 fallback=0 visible_fallback=0 drop_uni_slot=0 drop_uni_paint=0 drop_raw_edit=0 drop_raw_paint=0 off_skip=0 ph_prepare_max_us=173 ph_overview_max_us=1059 ph_enumerate_max_us=574 ph_uniform_max_us=29 ph_raw_max_us=12147 ph_commit_max_us=770 committed=1 authority=1 refresh=1 run_ok=1 pass=1
[20:29:15] TINYDRAW_GATE1_MIXED_DRAW zoom=400 tool=pen chunks=50 append_max_us=14140 append_avg_us=11817 append_total_us=590889 affected_tiles=359 published=334 fallback=25 visible_fallback=0 drop_uni_slot=0 drop_uni_paint=0 drop_raw_edit=0 drop_raw_paint=0 off_skip=0 ph_prepare_max_us=179 ph_overview_max_us=716 ph_enumerate_max_us=607 ph_uniform_max_us=3376 ph_raw_max_us=11538 ph_commit_max_us=823 committed=1 authority=1 refresh=1 run_ok=1 pass=1
[20:29:16] TINYDRAW_GATE1_MIXED_DRAW zoom=400 tool=eraser chunks=50 append_max_us=13347 append_avg_us=11681 append_total_us=584076 affected_tiles=350 published=350 fallback=0 visible_fallback=0 drop_uni_slot=0 drop_uni_paint=0 drop_raw_edit=0 drop_raw_paint=0 off_skip=0 ph_prepare_max_us=169 ph_overview_max_us=721 ph_enumerate_max_us=585 ph_uniform_max_us=40 ph_raw_max_us=11597 ph_commit_max_us=715 committed=1 authority=1 refresh=1 run_ok=1 pass=1
[20:29:17] TINYDRAW_GATE1_MIXED_DRAW_REVISIT zoom=50 missing=4 refill_tiles=4 refill_us=184905
[20:29:17] TINYDRAW_GATE1_MIXED_DRAW_REVISIT zoom=100 missing=9 refill_tiles=9 refill_us=320802
[20:29:17] TINYDRAW_GATE1_MIXED_DRAW_REVISIT zoom=200 missing=16 refill_tiles=16 refill_us=320334
[20:29:17] TINYDRAW_GATE1_MIXED_DRAW_REVISIT zoom=400 missing=0 refill_tiles=0 refill_us=317
[20:29:18] TINYDRAW_GATE1_MIXED_DRAW_SUMMARY slots=448 strokes=10 worst_append_us=19324 pass=0
[20:29:23] TINYDRAW_GATE1_IDLE_REPAIR damaged=588 remaining=0 plan_views=24 steps=4378 repair_us=3852391 worst_step_us=5468 warm_tiles=56 pass=1
[20:29:24] TINYDRAW_INKTRACE trace=fast-curve-dense-25 zoom=25 events=411 consumed=370 coalesced=41 down=1/1 up=1/1 max_time_gap_us=24277 max_space_gap_px=55.33 e2c_p50=503 e2c_p95=739 e2c_max=2780 e2g_p95=774 e2s_p95=2671 e2d_p50=2305 e2d_p95=3684 e2d_max=4403 latency_samples=33 presentation_failures=0 commit_failures=0 overflows=0 revision=3482 fb_tiles=0 fb_start=0 fb_mid_max=0 fb_up_max=0 fb_end=0 drop_uni_slot=0 drop_uni_paint=0 drop_raw_edit=0 drop_raw_paint=0 off_skip=0 latency_pass=1 pass=1
[20:29:24] TINYDRAW_INKTRACE trace=fast-curve-400 zoom=400 events=414 consumed=367 coalesced=47 down=1/1 up=1/1 max_time_gap_us=9512 max_space_gap_px=65.51 e2c_p50=503 e2c_p95=1058 e2c_max=2041 e2g_p95=776 e2s_p95=2670 e2d_p50=2464 e2d_p95=3948 e2d_max=4004 latency_samples=33 presentation_failures=0 commit_failures=0 overflows=0 revision=3484 fb_tiles=42 fb_start=30 fb_mid_max=30 fb_up_max=30 fb_end=30 drop_uni_slot=0 drop_uni_paint=0 drop_raw_edit=0 drop_raw_paint=0 off_skip=0 latency_pass=1 pass=1
[20:29:27] TINYDRAW_INKTRACE trace=fast-curve-400-xl zoom=400 events=2296 consumed=1936 coalesced=360 down=1/1 up=1/1 max_time_gap_us=12895 max_space_gap_px=47.85 e2c_p50=503 e2c_p95=576 e2c_max=1583 e2g_p95=779 e2s_p95=3031 e2d_p50=3288 e2d_p95=4602 e2d_max=8204 latency_samples=172 presentation_failures=0 commit_failures=0 overflows=0 revision=3490 fb_tiles=42 fb_start=30 fb_mid_max=30 fb_up_max=30 fb_end=30 drop_uni_slot=0 drop_uni_paint=0 drop_raw_edit=0 drop_raw_paint=0 off_skip=0 latency_pass=1 pass=1
[20:29:28] TINYDRAW_INKTRACE trace=slow-precise-100 zoom=100 events=741 consumed=701 coalesced=40 down=1/1 up=1/1 max_time_gap_us=8801 max_space_gap_px=13.45 e2c_p50=503 e2c_p95=1058 e2c_max=1583 e2g_p95=773 e2s_p95=1781 e2d_p50=1968 e2d_p95=2283 e2d_max=2309 latency_samples=53 presentation_failures=0 commit_failures=0 overflows=0 revision=3492 fb_tiles=42 fb_start=24 fb_mid_max=24 fb_up_max=24 fb_end=24 drop_uni_slot=0 drop_uni_paint=0 drop_raw_edit=0 drop_raw_paint=0 off_skip=0 latency_pass=1 pass=1
[20:29:31] TINYDRAW_INKTRACE trace=scribble-multistroke zoom=100 events=848 consumed=739 coalesced=109 down=7/7 up=7/7 max_time_gap_us=6079 max_space_gap_px=109.46 e2c_p50=503 e2c_p95=578 e2c_max=2062 e2g_p95=772 e2s_p95=3483 e2d_p50=3174 e2d_p95=5263 e2d_max=6301 latency_samples=55 presentation_failures=0 commit_failures=0 overflows=0 revision=3499 fb_tiles=42 fb_start=24 fb_mid_max=24 fb_up_max=24 fb_end=24 drop_uni_slot=0 drop_uni_paint=0 drop_raw_edit=0 drop_raw_paint=0 off_skip=0 latency_pass=1 pass=1
[20:29:32] TINYDRAW_HAIRLINE_DOC ops=782 samples=8061 append_total_us=1057468 append_max_us=7227
[20:29:32] TINYDRAW_GATE1_PACED_COLD corpus=evil_hairlines_capacity zoom=100 x=552 y=672 steps=239 tiles=56 compute_us=229346 present_us=77553 touch_us=401 pacing_us=8669 wall_us=315969 maximum_wall_us=500000 max_tick_us=8853 touch_samples=45978 touch_interval_max_us=2100 touch_read_max_us=603 touch_events=0 touch_down=0 touch_up=0 touch_events_ge_8ms=0 touch_event_age_max_us=0 touch_errors=0 touch_overflows=0 pass=1
[20:29:33] TINYDRAW_GATE1_PACED_COLD corpus=evil_hairlines_capacity zoom=400 x=2760 y=3360 steps=212 tiles=48 compute_us=133068 present_us=73071 touch_us=271 pacing_us=6540 wall_us=212950 maximum_wall_us=500000 max_tick_us=9046 touch_samples=284 touch_interval_max_us=1162 touch_read_max_us=452 touch_events=0 touch_down=0 touch_up=0 touch_events_ge_8ms=0 touch_event_age_max_us=0 touch_errors=0 touch_overflows=0 pass=1
[20:29:35] TINYDRAW_HAIRLINE_REPAIR steps=2372 wall_us=2173760 worst_step_us=4690 resident=407/448 grid_stopped=1 pass2_steps=8 pass2_wall_us=2204 no_churn=1
[20:29:36] TINYDRAW_HAIRLINE_TOUR stops=8 total_us=912290 worst_stop_us=198907 worst_step_us=6418
[20:29:36] TINYDRAW_GATE1_HAIRLINE raw=339 uniform=72 fallback=233 capacity=448 worst_step_us=6418 grid_stopped=1 pass=1
[20:29:38] TINYDRAW_GATE1_LONG_GESTURE path=reference samples=1600 chunks=26 append_total_us=921912 append_max_us=43574 append_avg_us=35458 refresh_fallback_pixels=0 settled_fallback_pixels=0 committed=1 authority=1 refresh=1 run_ok=1
[20:29:38] TINYDRAW_GATE1_LONG_GESTURE path=in_place samples=1600 chunks=52 append_total_us=596745 append_max_us=14088 append_avg_us=11475 refresh_fallback_pixels=0 settled_fallback_pixels=0 committed=1 authority=1 refresh=1 run_ok=1
[20:29:38] TINYDRAW_V2_EXPORT_PROGRESS row=0 of=1792
[20:29:39] TINYDRAW_V2_EXPORT_PROGRESS row=256 of=1792
[20:29:40] TINYDRAW_V2_EXPORT_PROGRESS row=512 of=1792
[20:29:41] TINYDRAW_V2_EXPORT_PROGRESS row=768 of=1792
[20:29:42] TINYDRAW_V2_EXPORT_PROGRESS row=1024 of=1792
[20:29:42] TINYDRAW_V2_EXPORT_PROGRESS row=1280 of=1792
[20:29:43] TINYDRAW_V2_EXPORT_PROGRESS row=1536 of=1792
[20:29:44] TINYDRAW_GATE1_EXPORT encoded=1 bytes=40166 elapsed_us=5820259 workspace_bytes=50652 band_bytes=376832 free_psram=1859920 free_internal=179664 signature=1 dimensions=1 chunks=3 chunks_ok=1 pass=1
[20:29:44] TINYDRAW_EXPORT_RESERVE requested=1572864 free_before=1859920 largest_before=1835008 free_held=287052 largest_held=286720 pass=1
[20:29:44] TINYDRAW_RERENDER_LEDGER site=final renders=0 unique=0 amplification=0.000 cold=0 damage=0 evict=0 stale=0 unexplained=0
[20:29:44] TINYDRAW_GATE1_AUTOMATED_DONE stress=1 stress_100=1 stress_400=1 overlap_ready=1 overlap_cold=0 general_cold_ready=1 general_cold=1 workload=1 paced_cold=1 hard_100=1 hard_400=1 pan_100=1 pan_400=1 pan_seq=1 pan_boundary=1 live_overlay=1 draw_fill=1 cache=1 full_world_cache=1 cache_tour=1 mixed_draw=0 idle_repair=1 ink_trace=1 hairline_capacity=1 long_gesture=1 export_encode=1 export_reserve=1 return=1 ssaa_receipt=yellow
[20:29:44] TINYDRAW_VECTOR_V2_GATE_HARNESS_DONE pass=0
[20:29:44] TINYDRAW_VECTOR_V2_READY zoom=25 controls=chrome button=cycle_all_zooms operations_capacity=4000 samples_capacity=80000 live_storage_bytes=6383640 overview_bytes=1318912 raw_tile_bytes=3670016 tile_metadata_bytes=101360 operation_bytes=720000 live_scratch_bytes=573352 free_psram=1859920 largest_psram=1835008 te_edges=3979 te_period_us=16792 te_high_us=578 te_level=0 main_stack_free=1176
