[20:15:19] I (103) esp_image: segment 0: paddr=00010020 vaddr=3c050020 sizeESP-ROM:esp32s3-20210327
[20:15:19] Build:Mar 27 2021
[20:15:19] rst:0x15 (USB_UART_CHIP_RESET),boot:0x2b (SPI_FAST_FLASH_BOOT)
[20:15:19] Saved PC:0x4202cfa6
[20:15:19] SPIWP:0xee
[20:15:19] mode:DIO, clock div:1
[20:15:19] load:0x3fce2820,len:0x1664
[20:15:19] load:0x403c8700,len:0xf38
[20:15:19] load:0x403cb700,len:0x31e8
[20:15:19] entry 0x403c8930
[20:15:19] I (24) boot: ESP-IDF v6.0.2 2nd stage bootloader
[20:15:19] I (24) boot: compile time Aug 16 2026 20:14:56
[20:15:19] I (25) boot: Multicore bootloader
[20:15:19] I (25) boot: chip revision: v0.2
[20:15:19] I (28) boot: efuse block revision: v1.3
[20:15:19] I (31) qio_mode: Enabling default flash chip QIO
[20:15:19] I (36) boot.esp32s3: Boot SPI Speed : 80MHz
[20:15:19] I (39) boot.esp32s3: SPI Mode       : QIO
[20:15:19] I (43) boot.esp32s3: SPI Flash Size : 16MB
[20:15:19] I (47) boot: Enabling RNG early entropy source...
[20:15:19] I (51) boot: Partition Table:
[20:15:19] I (54) boot: ## Label            Usage          Type ST Offset   Length
[20:15:19] I (60) boot:  0 nvs              WiFi data        01 02 00009000 00006000
[20:15:19] I (67) boot:  1 phy_init         RF data          01 01 0000f000 00001000
[20:15:19] I (73) boot:  2 factory          factory app      00 00 00010000 00100000
[20:15:19] I (80) boot:  3 drawing          Unknown data     01 40 00110000 00300000
[20:15:19] I (86) boot:  4 export           Unknown data     01 41 00410000 00500000
[20:15:19] I (93) boot:  5 coredump         Unknown data     01 03 00910000 00010000
[20:15:19] I (100) boot: End of partition table
[20:15:19] I (103) esp_image: segment 0: paddr=00010020 vaddr=3c050020 size=2be2ch (179756) map
[20:15:19] I (138) esp_image: segment 1: paddr=0003be54 vaddr=3fc96000 size=03764h ( 14180) load
[20:15:19] I (141) esp_image: segment 2: paddr=0003f5c0 vaddr=40374000 size=00a58h (  2648) load
[20:15:19] I (143) esp_image: segment 3: paddr=00040020 vaddr=42000020 size=4db3ch (318268) map
[20:15:19] I (199) esp_image: segment 4: paddr=0008db64 vaddr=40374a58 size=114bch ( 70844) load
[20:15:19] I (213) esp_image: segment 5: paddr=0009f028 vaddr=50000000 size=00024h (    36) load
[20:15:19] I (221) boot: Loaded app from partition at offset 0x10000
[20:15:19] I (221) boot: Disabling RNG early entropy source...
[20:15:19] I (231) octal_psram: vendor id    : 0x0d (AP)
[20:15:19] I (232) octal_psram: dev id       : 0x02 (generation 3)
[20:15:19] I (232) octal_psram: density      : 0x03 (64 Mbit)
[20:15:19] I (234) octal_psram: good-die     : 0x01 (Pass)
[20:15:19] I (238) octal_psram: Latency      : 0x01 (Fixed)
[20:15:19] I (242) octal_psram: VCC          : 0x01 (3V)
[20:15:19] I (246) octal_psram: SRF          : 0x01 (Fast Refresh)
[20:15:19] I (251) octal_psram: BurstType    : 0x01 (Hybrid Wrap)
[20:15:19] I (256) octal_psram: BurstLen     : 0x01 (32 Byte)
[20:15:19] I (261) octal_psram: Readlatency  : 0x02 (10 cycles@Fixed)
[20:15:19] I (266) octal_psram: DriveStrength: 0x00 (1/1)
[20:15:19] I (270) MSPI Timing: Enter psram timing tuning
[20:15:19] I (275) esp_psram: Found 8MB PSRAM device
[20:15:19] I (278) esp_psram: Speed: 80MHz
[20:15:19] I (281) cpu_start: Multicore app
[20:15:19] I (697) esp_psram: SPI SRAM memory test OK
[20:15:19] I (705) cpu_start: GPIO 44 and 43 are used as console UART I/O pins
[20:15:19] I (706) cpu_start: Pro cpu start user code
[20:15:19] I (706) cpu_start: cpu freq: 240000000 Hz
[20:15:20] I (707) app_init: Application information:
[20:15:20] I (711) app_init: Project name:     tinydraw_esp32
[20:15:20] I (716) app_init: App version:      913a3b3-dirty
[20:15:20] I (720) app_init: Compile time:     Aug 16 2026 20:14:47
[20:15:20] I (725) app_init: ELF file SHA256:  d065c96ab...
[20:15:20] I (730) app_init: ESP-IDF:          v6.0.2
[20:15:20] I (733) efuse_init: Min chip rev:     v0.0
[20:15:20] I (737) efuse_init: Max chip rev:     v0.99 
[20:15:20] I (741) efuse_init: Chip rev:         v0.2
[20:15:20] I (745) heap_init: Initializing. RAM available for dynamic allocation:
[20:15:20] I (751) heap_init: At 3FC9AB90 len 0004EB80 (314 KiB): RAM
[20:15:20] I (756) heap_init: At 3FCE9710 len 00005724 (21 KiB): RAM
[20:15:20] I (762) heap_init: At 3FCF0000 len 00008000 (32 KiB): DRAM
[20:15:20] I (767) heap_init: At 600FE000 len 00001FE8 (7 KiB): RTCRAM
[20:15:20] I (772) esp_psram: Adding pool of 8192K of PSRAM memory to heap allocator
[20:15:20] I (779) spi_flash: detected chip: generic
[20:15:20] I (782) spi_flash: flash io: qio
[20:15:20] I (786) sleep_gpio: Configure to isolate all GPIO pins in sleep state
[20:15:20] I (792) sleep_gpio: Enable automatic switching of GPIO sleep configuration
[20:15:20] I (799) main_task: Started on CPU0
[20:15:20] I (802) main_task: Calling app_main()
[20:15:20] TINYDRAW_PRODUCER_SCRATCH supertask_internal=1 slot_directory_internal=0 free_internal=299676 free_psram=1861508
[20:15:20] TINYDRAW_PANEL_HARD_RESET=1
[20:15:20] TINYDRAW_PANEL_TRANSPORT requested_clock_mhz=50 effective_clock_mhz=40
[20:15:20] I (1009) co5300: version: 2.1.0
[20:15:20] I (1009) co5300_spi: LCD panel create success, version: 2.1.0
[20:15:20] W (1094) co5300_spi: The 3Ah command has been used and will be overwritten by external initialization sequence
[20:15:20] I (1195) CST816S: IC id: 183
[20:15:20] TINYDRAW_VECTOR_V2_PRESENTATION experiment=boundary-top-sweep te_edge=rising requested_clock_mhz=50 effective_clock_mhz=40 optical_acceptance=external_manual
[20:15:20] TINYDRAW_LIVE_PRESENT kind=startup zoom=25 x=0 y=0 compose_us=26068 scroll_us=0 exposed_compose_us=0 chrome_us=17129 chrome_prepare_us=11951 chrome_stage_us=5178 read_submit_us=0 read_complete_us=0 transfer_wait_us=21048 tile_pixels=0 uniform_pixels=0 overview_pixels=164864 fallback_pixels=0 resident_tiles=0 fallback_tiles=0 pushes=11 tear_wait_us=128 tear_edge_isr_to_resume_us=13 tear_edge_observed=1 tear_edge_wait_resumed=1 tear_edge_timeout=0 tear_heal_attempted=0 tear_heal_command_sent=0 presentation_experiment=boundary-top-sweep te_edge=rising requested_clock_mhz=50 effective_clock_mhz=40 frame_reused=0 pass=1
[20:15:21] TINYDRAW_LIVE_STRESS operations=1000 samples=20000 total_us=738897 average_us=738 maximum_us=1022 free_psram=1859920 largest_psram=1835008
[20:15:21] TINYDRAW_LIVE_PRESENT kind=gate_fallback zoom=100 x=0 y=0 compose_us=11241 scroll_us=0 exposed_compose_us=0 chrome_us=11303 chrome_prepare_us=6846 chrome_stage_us=4457 read_submit_us=34977 read_complete_us=38347 transfer_wait_us=20230 tile_pixels=0 uniform_pixels=0 overview_pixels=0 fallback_pixels=164864 resident_tiles=0 fallback_tiles=42 pushes=11 tear_wait_us=16747 tear_edge_isr_to_resume_us=9 tear_edge_observed=1 tear_edge_wait_resumed=1 tear_edge_timeout=0 tear_heal_attempted=0 tear_heal_command_sent=0 presentation_experiment=boundary-top-sweep te_edge=rising requested_clock_mhz=50 effective_clock_mhz=40 frame_reused=0 pass=1
[20:15:21] TINYDRAW_GATE1_HARD zoom=100 cold=1 operations=1000 samples=20000 steps=193 tiles=42 scanned=12000 rendered=122 max_supertask_us=6679 presentation_us=69679 total_us=280484 maximum_wall_us=500000 pass=1
[20:15:21] TINYDRAW_LIVE_PRESENT kind=gate_fallback zoom=400 x=0 y=0 compose_us=10653 scroll_us=0 exposed_compose_us=0 chrome_us=6703 chrome_prepare_us=2388 chrome_stage_us=4315 read_submit_us=15756 read_complete_us=19379 transfer_wait_us=20589 tile_pixels=0 uniform_pixels=0 overview_pixels=0 fallback_pixels=164864 resident_tiles=0 fallback_tiles=42 pushes=11 tear_wait_us=2590 tear_edge_isr_to_resume_us=13 tear_edge_observed=1 tear_edge_wait_resumed=1 tear_edge_timeout=0 tear_heal_attempted=0 tear_heal_command_sent=0 presentation_experiment=boundary-top-sweep te_edge=rising requested_clock_mhz=50 effective_clock_mhz=40 frame_reused=0 pass=1
[20:15:21] TINYDRAW_GATE1_HARD zoom=400 cold=1 operations=1000 samples=20000 steps=199 tiles=42 scanned=12000 rendered=17 max_supertask_us=5259 presentation_us=66634 total_us=161028 maximum_wall_us=500000 pass=1
[20:15:22] TINYDRAW_OVERLAP_WORKLOAD operations=8 samples=1200 radius_world=80
[20:15:23] TINYDRAW_GATE1_PACED_COLD corpus=overlap zoom=50 x=215 y=255 steps=235 tiles=56 compute_us=525411 present_us=81596 touch_us=618 pacing_us=16322 wall_us=623947 maximum_wall_us=500000 max_tick_us=9449 touch_samples=2777 touch_interval_max_us=2022 touch_read_max_us=590 touch_events=0 touch_down=0 touch_up=0 touch_events_ge_8ms=0 touch_event_age_max_us=0 touch_errors=0 touch_overflows=0 pass=0
[20:15:23] TINYDRAW_GATE1_PACED_COLD corpus=overlap zoom=100 x=583 y=703 steps=183 tiles=48 compute_us=286755 present_us=76639 touch_us=420 pacing_us=9156 wall_us=372970 maximum_wall_us=500000 max_tick_us=9242 touch_samples=437 touch_interval_max_us=1828 touch_read_max_us=447 touch_events=0 touch_down=0 touch_up=0 touch_events_ge_8ms=0 touch_event_age_max_us=0 touch_errors=0 touch_overflows=0 pass=1
[20:15:24] TINYDRAW_GATE1_PACED_COLD corpus=overlap zoom=200 x=1319 y=1599 steps=180 tiles=56 compute_us=259686 present_us=75580 touch_us=404 pacing_us=9298 wall_us=344968 maximum_wall_us=500000 max_tick_us=9653 touch_samples=409 touch_interval_max_us=1551 touch_read_max_us=476 touch_events=0 touch_down=0 touch_up=0 touch_events_ge_8ms=0 touch_event_age_max_us=0 touch_errors=0 touch_overflows=0 pass=1
[20:15:24] TINYDRAW_GATE1_PACED_COLD corpus=overlap zoom=400 x=2791 y=3391 steps=181 tiles=56 compute_us=223061 present_us=72746 touch_us=407 pacing_us=8753 wall_us=304967 maximum_wall_us=500000 max_tick_us=8083 touch_samples=380 touch_interval_max_us=1185 touch_read_max_us=450 touch_events=0 touch_down=0 touch_up=0 touch_events_ge_8ms=0 touch_event_age_max_us=0 touch_errors=0 touch_overflows=0 pass=1
[20:15:24] TINYDRAW_ADVERSARIAL_TAPERED_WORKLOAD operations=128 samples=4096 erasers=12 load_us=217474 appended=1
[20:15:25] TINYDRAW_GENERAL_COLD_WORKLOAD operations=910 samples=12157 hairline_operations=782 hairline_samples=8061 hairline_load_us=1106924 appended=1
[20:15:26] TINYDRAW_GATE1_PACED_COLD corpus=adversarial_tapered_4x+evil_hairlines zoom=50 x=0 y=0 steps=318 tiles=42 compute_us=358980 present_us=69284 touch_us=512 pacing_us=10420 wall_us=439196 maximum_wall_us=500000 max_tick_us=8213 touch_samples=1684 touch_interval_max_us=2074 touch_read_max_us=548 touch_events=0 touch_down=0 touch_up=0 touch_events_ge_8ms=0 touch_event_age_max_us=0 touch_errors=0 touch_overflows=0 pass=1
[20:15:26] TINYDRAW_GATE1_PACED_COLD corpus=adversarial_tapered_4x+evil_hairlines zoom=100 x=0 y=0 steps=346 tiles=42 compute_us=350758 present_us=65834 touch_us=503 pacing_us=9878 wall_us=426973 maximum_wall_us=500000 max_tick_us=8296 touch_samples=492 touch_interval_max_us=1171 touch_read_max_us=459 touch_events=0 touch_down=0 touch_up=0 touch_events_ge_8ms=0 touch_event_age_max_us=0 touch_errors=0 touch_overflows=0 pass=1
[20:15:27] TINYDRAW_GATE1_PACED_COLD corpus=adversarial_tapered_4x+evil_hairlines zoom=200 x=0 y=0 steps=407 tiles=42 compute_us=412767 present_us=61546 touch_us=567 pacing_us=12387 wall_us=487267 maximum_wall_us=500000 max_tick_us=7385 touch_samples=564 touch_interval_max_us=1194 touch_read_max_us=463 touch_events=0 touch_down=0 touch_up=0 touch_events_ge_8ms=0 touch_event_age_max_us=0 touch_errors=0 touch_overflows=0 pass=1
[20:15:27] TINYDRAW_GATE1_PACED_COLD corpus=adversarial_tapered_4x+evil_hairlines zoom=400 x=0 y=0 steps=490 tiles=42 compute_us=435348 present_us=61763 touch_us=522 pacing_us=10350 wall_us=507983 maximum_wall_us=510000 max_tick_us=10110 touch_samples=576 touch_interval_max_us=1167 touch_read_max_us=455 touch_events=0 touch_down=0 touch_up=0 touch_events_ge_8ms=0 touch_event_age_max_us=0 touch_errors=0 touch_overflows=0 pass=1
[20:15:28] TINYDRAW_GATE1_WORKLOAD kind=realistic seed=7 operations=1000 samples=19844 maximum_stroke=198 load_us=556207 raw_source=1 lod_copies=0
[20:15:29] TINYDRAW_GATE1_PACED_COLD corpus=seed7 zoom=400 x=63 y=63 steps=264 tiles=56 compute_us=192391 present_us=80778 touch_us=338 pacing_us=5461 wall_us=278968 maximum_wall_us=500000 max_tick_us=9696 touch_samples=943 touch_interval_max_us=2019 touch_read_max_us=512 touch_events=0 touch_down=0 touch_up=0 touch_events_ge_8ms=0 touch_event_age_max_us=0 touch_errors=0 touch_overflows=0 pass=1
[20:15:29] TINYDRAW_LIVE_PRESENT kind=gate_fallback zoom=100 x=0 y=0 compose_us=11281 scroll_us=0 exposed_compose_us=0 chrome_us=6879 chrome_prepare_us=2392 chrome_stage_us=4487 read_submit_us=30525 read_complete_us=34168 transfer_wait_us=20602 tile_pixels=0 uniform_pixels=0 overview_pixels=0 fallback_pixels=164864 resident_tiles=0 fallback_tiles=42 pushes=11 tear_wait_us=16734 tear_edge_isr_to_resume_us=12 tear_edge_observed=1 tear_edge_wait_resumed=1 tear_edge_timeout=0 tear_heal_attempted=0 tear_heal_command_sent=0 presentation_experiment=boundary-top-sweep te_edge=rising requested_clock_mhz=50 effective_clock_mhz=40 frame_reused=0 pass=1
[20:15:29] TINYDRAW_GATE1_HARD zoom=100 cold=1 operations=1000 samples=19844 steps=246 tiles=42 scanned=12000 rendered=388 max_supertask_us=5338 presentation_us=70493 total_us=367710 maximum_wall_us=500000 pass=1
[20:15:29] TINYDRAW_GATE1_OVERLAY_CANVAS regions=zoom,minimap,toolbar,battery operations=4 presentation_mutations=0 authority=1 pass=1
[20:15:30] TINYDRAW_GATE1_LIVE_OVERLAY clear_updates=48 clear_wall_max_us=3943 clear_submit_max_us=2155 clear_complete_max_us=3026 overlay_updates=48 overlay_wall_max_us=3918 overlay_submit_max_us=2116 overlay_complete_max_us=3191 overlay_chrome_max_us=222 clear_failures=0 overlay_failures=0 pass=1
[20:15:30] TINYDRAW_EDGE_INK corners=4 edge_failures=0 pass=1
[20:15:30] TINYDRAW_GATE1_PAN zoom=100 from_x=0 from_y=0 to_x=88 to_y=88 compose_us=15392 scroll_us=11 exposed_compose_us=15381 chrome_us=2406 event_submit_us=30249 event_complete_us=33426 transfer_us=16750 setup=1 present=1 moved=1 frame_reused=1 pass=1
[20:15:30] TINYDRAW_LIVE_PRESENT kind=gate_fallback zoom=400 x=0 y=0 compose_us=10610 scroll_us=0 exposed_compose_us=0 chrome_us=6719 chrome_prepare_us=2397 chrome_stage_us=4322 read_submit_us=23195 read_complete_us=26818 transfer_wait_us=20240 tile_pixels=0 uniform_pixels=0 overview_pixels=0 fallback_pixels=164864 resident_tiles=0 fallback_tiles=42 pushes=11 tear_wait_us=10056 tear_edge_isr_to_resume_us=10 tear_edge_observed=1 tear_edge_wait_resumed=1 tear_edge_timeout=0 tear_heal_attempted=0 tear_heal_command_sent=0 presentation_experiment=boundary-top-sweep te_edge=rising requested_clock_mhz=50 effective_clock_mhz=40 frame_reused=0 pass=1
[20:15:30] TINYDRAW_GATE1_HARD zoom=400 cold=1 operations=1008 samples=19852 steps=200 tiles=42 scanned=12096 rendered=60 max_supertask_us=7993 presentation_us=70260 total_us=214186 maximum_wall_us=500000 pass=1
[20:15:31] TINYDRAW_GATE1_PAN zoom=400 from_x=0 from_y=0 to_x=88 to_y=88 compose_us=15376 scroll_us=11 exposed_compose_us=15365 chrome_us=2231 event_submit_us=30200 event_complete_us=33387 transfer_us=16799 setup=1 present=1 moved=1 frame_reused=1 pass=1
[20:15:33] TINYDRAW_PANSEQ_FRAME zoom=100 step=0 dx=24 dy=18 scroll_us=12 exposed_compose_us=4381 chrome_us=2392 tear_wait_us=7897 present_us=16550 prepare_us=10772 acquire_wait_us=19 ring_copy_us=8374 patch_us=2390 byte_swap_us=8 staging_us=4075 event_submit_us=12421 event_complete_us=15581 frame_us=28980 tear_edge_observed=1 frame_reused=1 pass=1
[20:15:33] TINYDRAW_PANSEQ_FRAME zoom=100 step=1 dx=24 dy=18 scroll_us=5 exposed_compose_us=4417 chrome_us=2414 tear_wait_us=12465 present_us=15899 prepare_us=10755 acquire_wait_us=24 ring_copy_us=8335 patch_us=2411 byte_swap_us=9 staging_us=4132 event_submit_us=17017 event_complete_us=20187 frame_us=32914 tear_edge_observed=1 frame_reused=1 pass=1
[20:15:33] TINYDRAW_PANSEQ_FRAME zoom=100 step=2 dx=24 dy=18 scroll_us=7 exposed_compose_us=4127 chrome_us=2414 tear_wait_us=13411 present_us=16266 prepare_us=10829 acquire_wait_us=22 ring_copy_us=8411 patch_us=2410 byte_swap_us=8 staging_us=4067 event_submit_us=17680 event_complete_us=20856 frame_us=33942 tear_edge_observed=1 frame_reused=1 pass=1
[20:15:33] TINYDRAW_PANSEQ_FRAME zoom=100 step=3 dx=24 dy=18 scroll_us=6 exposed_compose_us=4600 chrome_us=2397 tear_wait_us=12566 present_us=16630 prepare_us=10743 acquire_wait_us=19 ring_copy_us=8345 patch_us=2390 byte_swap_us=8 staging_us=4113 event_submit_us=17302 event_complete_us=20449 frame_us=33928 tear_edge_observed=1 frame_reused=1 pass=1
[20:15:33] TINYDRAW_PANSEQ_FRAME zoom=100 step=4 dx=24 dy=18 scroll_us=7 exposed_compose_us=4160 chrome_us=2412 tear_wait_us=12657 present_us=15991 prepare_us=10804 acquire_wait_us=21 ring_copy_us=8385 patch_us=2411 byte_swap_us=8 staging_us=4088 event_submit_us=16946 event_complete_us=20129 frame_us=32943 tear_edge_observed=1 frame_reused=1 pass=1
[20:15:33] TINYDRAW_PANSEQ_FRAME zoom=100 step=5 dx=24 dy=18 scroll_us=7 exposed_compose_us=4439 chrome_us=2389 tear_wait_us=12984 present_us=16375 prepare_us=10720 acquire_wait_us=24 ring_copy_us=8325 patch_us=2389 byte_swap_us=6 staging_us=4144 event_submit_us=17557 event_complete_us=20715 frame_us=33928 tear_edge_observed=1 frame_reused=1 pass=1
[20:15:33] TINYDRAW_PANSEQ_FRAME zoom=100 step=6 dx=24 dy=18 scroll_us=7 exposed_compose_us=4097 chrome_us=2404 tear_wait_us=12975 present_us=16735 prepare_us=10781 acquire_wait_us=22 ring_copy_us=8369 patch_us=2405 byte_swap_us=7 staging_us=4106 event_submit_us=17202 event_complete_us=20383 frame_us=33943 tear_edge_observed=1 frame_reused=1 pass=1
[20:15:33] TINYDRAW_PANSEQ_FRAME zoom=100 step=7 dx=24 dy=18 scroll_us=7 exposed_compose_us=4400 chrome_us=2379 tear_wait_us=12292 present_us=16103 prepare_us=10706 acquire_wait_us=20 ring_copy_us=8322 patch_us=2375 byte_swap_us=9 staging_us=4156 event_submit_us=16825 event_complete_us=19980 frame_us=32924 tear_edge_observed=1 frame_reused=1 pass=1
[20:15:33] TINYDRAW_PANSEQ_FRAME zoom=100 step=8 dx=24 dy=18 scroll_us=7 exposed_compose_us=4399 chrome_us=2388 tear_wait_us=12933 present_us=16476 prepare_us=10771 acquire_wait_us=21 ring_copy_us=8375 patch_us=2387 byte_swap_us=9 staging_us=4107 event_submit_us=17463 event_complete_us=20638 frame_us=33943 tear_edge_observed=1 frame_reused=1 pass=1
[20:15:33] TINYDRAW_PANSEQ_FRAME zoom=100 step=9 dx=24 dy=18 scroll_us=7 exposed_compose_us=4401 chrome_us=2395 tear_wait_us=12548 present_us=15848 prepare_us=10731 acquire_wait_us=24 ring_copy_us=8331 patch_us=2392 byte_swap_us=8 staging_us=4155 event_submit_us=17084 event_complete_us=20264 frame_us=32928 tear_edge_observed=1 frame_reused=1 pass=1
[20:15:33] TINYDRAW_PANSEQ_FRAME zoom=100 step=10 dx=24 dy=18 scroll_us=7 exposed_compose_us=4129 chrome_us=2403 tear_wait_us=13446 present_us=16233 prepare_us=10807 acquire_wait_us=20 ring_copy_us=8397 patch_us=2402 byte_swap_us=8 staging_us=4072 event_submit_us=17705 event_complete_us=20874 frame_us=33943 tear_edge_observed=1 frame_reused=1 pass=1
[20:15:34] TINYDRAW_PANSEQ_FRAME zoom=100 step=11 dx=24 dy=18 scroll_us=6 exposed_compose_us=4631 chrome_us=2404 tear_wait_us=12551 present_us=16617 prepare_us=10755 acquire_wait_us=20 ring_copy_us=8343 patch_us=2404 byte_swap_us=8 staging_us=4099 event_submit_us=17315 event_complete_us=20462 frame_us=33928 tear_edge_observed=1 frame_reused=1 pass=1
[20:15:34] TINYDRAW_PANSEQ_FRAME zoom=100 step=12 dx=24 dy=18 scroll_us=7 exposed_compose_us=4141 chrome_us=2413 tear_wait_us=12682 present_us=15983 prepare_us=10783 acquire_wait_us=21 ring_copy_us=8365 patch_us=2410 byte_swap_us=8 staging_us=4105 event_submit_us=16955 event_complete_us=20139 frame_us=32943 tear_edge_observed=1 frame_reused=1 pass=1
[20:15:34] TINYDRAW_PANSEQ_FRAME zoom=100 step=13 dx=24 dy=18 scroll_us=7 exposed_compose_us=4429 chrome_us=2411 tear_wait_us=13022 present_us=16347 prepare_us=10745 acquire_wait_us=19 ring_copy_us=8332 patch_us=2406 byte_swap_us=7 staging_us=4119 event_submit_us=17585 event_complete_us=20742 frame_us=33928 tear_edge_observed=1 frame_reused=1 pass=1
[20:15:34] TINYDRAW_PANSEQ_FRAME zoom=100 step=14 dx=24 dy=18 scroll_us=7 exposed_compose_us=4120 chrome_us=2389 tear_wait_us=12978 present_us=16708 prepare_us=10811 acquire_wait_us=23 ring_copy_us=8419 patch_us=2385 byte_swap_us=7 staging_us=4078 event_submit_us=17229 event_complete_us=20415 frame_us=33943 tear_edge_observed=1 frame_reused=1 pass=1
[20:15:34] TINYDRAW_PANSEQ_FRAME zoom=100 step=15 dx=24 dy=18 scroll_us=6 exposed_compose_us=4451 chrome_us=2389 tear_wait_us=12276 present_us=16068 prepare_us=10739 acquire_wait_us=21 ring_copy_us=8342 patch_us=2388 byte_swap_us=9 staging_us=4123 event_submit_us=16859 event_complete_us=20014 frame_us=32922 tear_edge_observed=1 frame_reused=1 pass=1
[20:15:34] TINYDRAW_PANSEQ_FRAME zoom=100 step=16 dx=72 dy=54 scroll_us=7 exposed_compose_us=11721 chrome_us=2394 tear_wait_us=5654 present_us=16433 prepare_us=10747 acquire_wait_us=20 ring_copy_us=8346 patch_us=2393 byte_swap_us=8 staging_us=4113 event_submit_us=17504 event_complete_us=20661 frame_us=33943 tear_edge_observed=1 frame_reused=1 pass=1
[20:15:34] TINYDRAW_PANSEQ_FRAME zoom=100 step=17 dx=72 dy=54 scroll_us=7 exposed_compose_us=11675 chrome_us=2400 tear_wait_us=5333 present_us=16790 prepare_us=10721 acquire_wait_us=22 ring_copy_us=8314 patch_us=2398 byte_swap_us=9 staging_us=4163 event_submit_us=17142 event_complete_us=20319 frame_us=33933 tear_edge_observed=1 frame_reused=1 pass=1
[20:15:34] TINYDRAW_PANSEQ_FRAME zoom=100 step=18 dx=72 dy=54 scroll_us=7 exposed_compose_us=10041 chrome_us=2367 tear_wait_us=6608 present_us=16154 prepare_us=10761 acquire_wait_us=20 ring_copy_us=8386 patch_us=2366 byte_swap_us=9 staging_us=4110 event_submit_us=16778 event_complete_us=19946 frame_us=32938 tear_edge_observed=1 frame_reused=1 pass=1
[20:15:34] TINYDRAW_PANSEQ_FRAME zoom=100 step=19 dx=72 dy=54 scroll_us=6 exposed_compose_us=10070 chrome_us=2380 tear_wait_us=7207 present_us=16520 prepare_us=10710 acquire_wait_us=20 ring_copy_us=8323 patch_us=2378 byte_swap_us=9 staging_us=4173 event_submit_us=17413 event_complete_us=20585 frame_us=33928 tear_edge_observed=1 frame_reused=1 pass=1
[20:15:34] TINYDRAW_PANSEQ_FRAME zoom=100 step=20 dx=-72 dy=-54 scroll_us=7 exposed_compose_us=11519 chrome_us=2419 tear_wait_us=5406 present_us=15882 prepare_us=10786 acquire_wait_us=22 ring_copy_us=8362 patch_us=2415 byte_swap_us=9 staging_us=4086 event_submit_us=17056 event_complete_us=20213 frame_us=32943 tear_edge_observed=1 frame_reused=1 pass=1
[20:15:34] TINYDRAW_PANSEQ_FRAME zoom=100 step=21 dx=-72 dy=-54 scroll_us=7 exposed_compose_us=11648 chrome_us=2400 tear_wait_us=5908 present_us=16242 prepare_us=10741 acquire_wait_us=23 ring_copy_us=8326 patch_us=2408 byte_swap_us=7 staging_us=4116 event_submit_us=17690 event_complete_us=20829 frame_us=33928 tear_edge_observed=1 frame_reused=1 pass=1
[20:15:34] TINYDRAW_PANSEQ_FRAME zoom=100 step=22 dx=-72 dy=-54 scroll_us=7 exposed_compose_us=11676 chrome_us=2395 tear_wait_us=5518 present_us=16609 prepare_us=10767 acquire_wait_us=20 ring_copy_us=8367 patch_us=2392 byte_swap_us=8 staging_us=4064 event_submit_us=17328 event_complete_us=20452 frame_us=33943 tear_edge_observed=1 frame_reused=1 pass=1
[20:15:34] TINYDRAW_PANSEQ_FRAME zoom=100 step=23 dx=-72 dy=-54 scroll_us=6 exposed_compose_us=11339 chrome_us=2424 tear_wait_us=5539 present_us=15911 prepare_us=10759 acquire_wait_us=22 ring_copy_us=8337 patch_us=2414 byte_swap_us=8 staging_us=4132 event_submit_us=17022 event_complete_us=20193 frame_us=32928 tear_edge_observed=1 frame_reused=1 pass=1
[20:15:34] TINYDRAW_PANSEQ_STRIP zoom=100 strip=0 panel_y=0 rows=44 samples=24 staging_mean_us=1353 staging_max_us=1380 wire_budget_us=1619 over_budget_us=0 pass=1
[20:15:34] TINYDRAW_PANSEQ_STRIP zoom=100 strip=1 panel_y=44 rows=44 samples=24 staging_mean_us=1231 staging_max_us=1246 wire_budget_us=1619 over_budget_us=0 pass=1
[20:15:34] TINYDRAW_PANSEQ_STRIP zoom=100 strip=2 panel_y=88 rows=44 samples=24 staging_mean_us=1186 staging_max_us=1196 wire_budget_us=1619 over_budget_us=0 pass=1
[20:15:34] TINYDRAW_PANSEQ_STRIP zoom=100 strip=3 panel_y=132 rows=44 samples=24 staging_mean_us=1178 staging_max_us=1191 wire_budget_us=1619 over_budget_us=0 pass=1
[20:15:34] TINYDRAW_PANSEQ_STRIP zoom=100 strip=4 panel_y=176 rows=44 samples=24 staging_mean_us=1183 staging_max_us=1198 wire_budget_us=1619 over_budget_us=0 pass=1
[20:15:34] TINYDRAW_PANSEQ_STRIP zoom=100 strip=5 panel_y=220 rows=44 samples=24 staging_mean_us=1214 staging_max_us=1230 wire_budget_us=1619 over_budget_us=0 pass=1
[20:15:34] TINYDRAW_PANSEQ_STRIP zoom=100 strip=6 panel_y=264 rows=44 samples=24 staging_mean_us=1394 staging_max_us=1420 wire_budget_us=1619 over_budget_us=0 pass=1
[20:15:34] TINYDRAW_PANSEQ_STRIP zoom=100 strip=7 panel_y=308 rows=44 samples=24 staging_mean_us=1384 staging_max_us=1405 wire_budget_us=1619 over_budget_us=0 pass=1
[20:15:34] TINYDRAW_PANSEQ_STRIP zoom=100 strip=8 panel_y=352 rows=20 samples=24 staging_mean_us=655 staging_max_us=685 wire_budget_us=736 over_budget_us=0 pass=1
[20:15:34] TINYDRAW_GATE1_PANSEQ zoom=100 frames=24 scroll_avg_us=6 exposed_avg_us=6625 chrome_avg_us=2398 tear_wait_avg_us=10285 present_avg_us=16307 prepare_avg_us=10760 acquire_wait_avg_us=21 ring_copy_avg_us=8355 patch_avg_us=2396 byte_swap_avg_us=8 staging_avg_us=4112 frame_avg_us=33352 frame_p50_us=33928 frame_p95_us=33943 frame_max_us=33943 complete_p50_us=20383 complete_p95_us=20856 complete_max_us=20874 tear_edge_failures=0 presentation_experiment=boundary-top-sweep te_edge=rising requested_clock_mhz=50 effective_clock_mhz=40 chrome_bottom_redraws=0 chrome_battery_redraws=0 chrome_zoom_redraws=0 chrome_minimap_base_redraws=0 strip_samples=216 staging_mean_us=1197 staging_max_us=1420 worst_strip=8 worst_strip_y=352 worst_wire_budget_us=736 worst_headroom_us=51 staging_invariant=1 pacing_pass=1 all_reused=1 pass=1
[20:15:36] TINYDRAW_PANSEQ_FRAME zoom=400 step=0 dx=24 dy=18 scroll_us=12 exposed_compose_us=4334 chrome_us=2217 tear_wait_us=8792 present_us=16697 prepare_us=10651 acquire_wait_us=20 ring_copy_us=8433 patch_us=2210 byte_swap_us=8 staging_us=4221 event_submit_us=13272 event_complete_us=16444 frame_us=29981 tear_edge_observed=1 frame_reused=1 pass=1
[20:15:36] TINYDRAW_PANSEQ_FRAME zoom=400 step=1 dx=24 dy=18 scroll_us=5 exposed_compose_us=4411 chrome_us=2202 tear_wait_us=12274 present_us=16089 prepare_us=10564 acquire_wait_us=24 ring_copy_us=8359 patch_us=2198 byte_swap_us=7 staging_us=4318 event_submit_us=16821 event_complete_us=19996 frame_us=32906 tear_edge_observed=1 frame_reused=1 pass=1
[20:15:36] TINYDRAW_PANSEQ_FRAME zoom=400 step=2 dx=24 dy=18 scroll_us=8 exposed_compose_us=4112 chrome_us=2206 tear_wait_us=13215 present_us=16476 prepare_us=10572 acquire_wait_us=19 ring_copy_us=8360 patch_us=2204 byte_swap_us=8 staging_us=4312 event_submit_us=17461 event_complete_us=20636 frame_us=33943 tear_edge_observed=1 frame_reused=1 pass=1
[20:15:36] TINYDRAW_PANSEQ_FRAME zoom=400 step=3 dx=24 dy=18 scroll_us=6 exposed_compose_us=4603 chrome_us=2219 tear_wait_us=12330 present_us=15863 prepare_us=10579 acquire_wait_us=20 ring_copy_us=8354 patch_us=2216 byte_swap_us=9 staging_us=4319 event_submit_us=17069 event_complete_us=20261 frame_us=32930 tear_edge_observed=1 frame_reused=1 pass=1
[20:15:36] TINYDRAW_PANSEQ_FRAME zoom=400 step=4 dx=24 dy=18 scroll_us=7 exposed_compose_us=4152 chrome_us=2206 tear_wait_us=13418 present_us=16233 prepare_us=10624 acquire_wait_us=21 ring_copy_us=8414 patch_us=2202 byte_swap_us=8 staging_us=4262 event_submit_us=17702 event_complete_us=20880 frame_us=33942 tear_edge_observed=1 frame_reused=1 pass=1
[20:15:36] TINYDRAW_PANSEQ_FRAME zoom=400 step=5 dx=24 dy=18 scroll_us=7 exposed_compose_us=4437 chrome_us=2215 tear_wait_us=12745 present_us=16615 prepare_us=10568 acquire_wait_us=19 ring_copy_us=8348 patch_us=2211 byte_swap_us=9 staging_us=4281 event_submit_us=17316 event_complete_us=20460 frame_us=33928 tear_edge_observed=1 frame_reused=1 pass=1
[20:15:36] TINYDRAW_PANSEQ_FRAME zoom=400 step=6 dx=24 dy=18 scroll_us=8 exposed_compose_us=4086 chrome_us=2229 tear_wait_us=12728 present_us=15992 prepare_us=10624 acquire_wait_us=22 ring_copy_us=8390 patch_us=2226 byte_swap_us=8 staging_us=4273 event_submit_us=16944 event_complete_us=20132 frame_us=32943 tear_edge_observed=1 frame_reused=1 pass=1
[20:15:36] TINYDRAW_PANSEQ_FRAME zoom=400 step=7 dx=24 dy=18 scroll_us=7 exposed_compose_us=4417 chrome_us=2224 tear_wait_us=13005 present_us=16375 prepare_us=10567 acquire_wait_us=22 ring_copy_us=8336 patch_us=2222 byte_swap_us=9 staging_us=4305 event_submit_us=17556 event_complete_us=20728 frame_us=33928 tear_edge_observed=1 frame_reused=1 pass=1
[20:15:36] TINYDRAW_PANSEQ_FRAME zoom=400 step=8 dx=24 dy=18 scroll_us=7 exposed_compose_us=4379 chrome_us=2218 tear_wait_us=12670 present_us=16754 prepare_us=10584 acquire_wait_us=20 ring_copy_us=8363 patch_us=2213 byte_swap_us=8 staging_us=4311 event_submit_us=17182 event_complete_us=20386 frame_us=33946 tear_edge_observed=1 frame_reused=1 pass=1
[20:15:36] TINYDRAW_PANSEQ_FRAME zoom=400 step=9 dx=24 dy=18 scroll_us=6 exposed_compose_us=4395 chrome_us=2206 tear_wait_us=12258 present_us=16140 prepare_us=10583 acquire_wait_us=20 ring_copy_us=8369 patch_us=2206 byte_swap_us=8 staging_us=4292 event_submit_us=16787 event_complete_us=19958 frame_us=32924 tear_edge_observed=1 frame_reused=1 pass=1
[20:15:36] TINYDRAW_PANSEQ_FRAME zoom=400 step=10 dx=24 dy=18 scroll_us=8 exposed_compose_us=4120 chrome_us=2203 tear_wait_us=13172 present_us=16515 prepare_us=10569 acquire_wait_us=20 ring_copy_us=8359 patch_us=2203 byte_swap_us=7 staging_us=4307 event_submit_us=17424 event_complete_us=20598 frame_us=33943 tear_edge_observed=1 frame_reused=1 pass=1
[20:15:36] TINYDRAW_PANSEQ_FRAME zoom=400 step=11 dx=24 dy=18 scroll_us=7 exposed_compose_us=4630 chrome_us=2227 tear_wait_us=12291 present_us=15875 prepare_us=10578 acquire_wait_us=21 ring_copy_us=8348 patch_us=2222 byte_swap_us=8 staging_us=4328 event_submit_us=17056 event_complete_us=20247 frame_us=32928 tear_edge_observed=1 frame_reused=1 pass=1
[20:15:36] TINYDRAW_PANSEQ_FRAME zoom=400 step=12 dx=24 dy=18 scroll_us=7 exposed_compose_us=4141 chrome_us=2216 tear_wait_us=13417 present_us=16244 prepare_us=10624 acquire_wait_us=22 ring_copy_us=8396 patch_us=2219 byte_swap_us=9 staging_us=4264 event_submit_us=17692 event_complete_us=20864 frame_us=33942 tear_edge_observed=1 frame_reused=1 pass=1
[20:15:36] TINYDRAW_PANSEQ_FRAME zoom=400 step=13 dx=24 dy=18 scroll_us=7 exposed_compose_us=4417 chrome_us=2214 tear_wait_us=12762 present_us=16617 prepare_us=10558 acquire_wait_us=19 ring_copy_us=8342 patch_us=2208 byte_swap_us=8 staging_us=4292 event_submit_us=17314 event_complete_us=20458 frame_us=33928 tear_edge_observed=1 frame_reused=1 pass=1
[20:15:36] TINYDRAW_PANSEQ_FRAME zoom=400 step=14 dx=24 dy=18 scroll_us=8 exposed_compose_us=4099 chrome_us=2227 tear_wait_us=12724 present_us=15982 prepare_us=10597 acquire_wait_us=20 ring_copy_us=8364 patch_us=2225 byte_swap_us=8 staging_us=4290 event_submit_us=16954 event_complete_us=20138 frame_us=32943 tear_edge_observed=1 frame_reused=1 pass=1
[20:15:36] TINYDRAW_PANSEQ_FRAME zoom=400 step=15 dx=24 dy=18 scroll_us=7 exposed_compose_us=4467 chrome_us=2232 tear_wait_us=12990 present_us=16338 prepare_us=10576 acquire_wait_us=20 ring_copy_us=8340 patch_us=2228 byte_swap_us=8 staging_us=4288 event_submit_us=17593 event_complete_us=20763 frame_us=33928 tear_edge_observed=1 frame_reused=1 pass=1
[20:15:36] TINYDRAW_PANSEQ_FRAME zoom=400 step=16 dx=72 dy=54 scroll_us=7 exposed_compose_us=11685 chrome_us=2208 tear_wait_us=5427 present_us=16692 prepare_us=10607 acquire_wait_us=22 ring_copy_us=8382 patch_us=2217 byte_swap_us=8 staging_us=4268 event_submit_us=17244 event_complete_us=20414 frame_us=33942 tear_edge_observed=1 frame_reused=1 pass=1
[20:15:36] TINYDRAW_PANSEQ_FRAME zoom=400 step=17 dx=72 dy=54 scroll_us=6 exposed_compose_us=11478 chrome_us=2211 tear_wait_us=5260 present_us=16055 prepare_us=10556 acquire_wait_us=20 ring_copy_us=8338 patch_us=2209 byte_swap_us=9 staging_us=4326 event_submit_us=16882 event_complete_us=20049 frame_us=32928 tear_edge_observed=1 frame_reused=1 pass=1
[20:15:36] TINYDRAW_PANSEQ_FRAME zoom=400 step=18 dx=72 dy=54 scroll_us=8 exposed_compose_us=11379 chrome_us=2227 tear_wait_us=6012 present_us=16410 prepare_us=10566 acquire_wait_us=21 ring_copy_us=8339 patch_us=2219 byte_swap_us=8 staging_us=4297 event_submit_us=17527 event_complete_us=20699 frame_us=33943 tear_edge_observed=1 frame_reused=1 pass=1
[20:15:36] TINYDRAW_PANSEQ_FRAME zoom=400 step=19 dx=72 dy=54 scroll_us=7 exposed_compose_us=11606 chrome_us=2206 tear_wait_us=5418 present_us=16772 prepare_us=10546 acquire_wait_us=20 ring_copy_us=8335 patch_us=2203 byte_swap_us=8 staging_us=4350 event_submit_us=17160 event_complete_us=20350 frame_us=33928 tear_edge_observed=1 frame_reused=1 pass=1
[20:15:36] TINYDRAW_PANSEQ_FRAME zoom=400 step=20 dx=-72 dy=-54 scroll_us=8 exposed_compose_us=11721 chrome_us=2196 tear_wait_us=4954 present_us=16128 prepare_us=10565 acquire_wait_us=20 ring_copy_us=8354 patch_us=2196 byte_swap_us=15 staging_us=4289 event_submit_us=16804 event_complete_us=19947 frame_us=32938 tear_edge_observed=1 frame_reused=1 pass=1
[20:15:36] TINYDRAW_PANSEQ_FRAME zoom=400 step=21 dx=-72 dy=-54 scroll_us=7 exposed_compose_us=11654 chrome_us=2209 tear_wait_us=5654 present_us=16490 prepare_us=10519 acquire_wait_us=21 ring_copy_us=8302 patch_us=2208 byte_swap_us=9 staging_us=4339 event_submit_us=17443 event_complete_us=20592 frame_us=33928 tear_edge_observed=1 frame_reused=1 pass=1
[20:15:36] TINYDRAW_PANSEQ_FRAME zoom=400 step=22 dx=-72 dy=-54 scroll_us=8 exposed_compose_us=11668 chrome_us=2218 tear_wait_us=5290 present_us=15847 prepare_us=10578 acquire_wait_us=21 ring_copy_us=8348 patch_us=2221 byte_swap_us=9 staging_us=4294 event_submit_us=17089 event_complete_us=20250 frame_us=32943 tear_edge_observed=1 frame_reused=1 pass=1
[20:15:36] TINYDRAW_PANSEQ_FRAME zoom=400 step=23 dx=-72 dy=-54 scroll_us=7 exposed_compose_us=11355 chrome_us=2210 tear_wait_us=6231 present_us=16206 prepare_us=10569 acquire_wait_us=30 ring_copy_us=8354 patch_us=2207 byte_swap_us=8 staging_us=4290 event_submit_us=17725 event_complete_us=20871 frame_us=33928 tear_edge_observed=1 frame_reused=1 pass=1
[20:15:36] TINYDRAW_PANSEQ_STRIP zoom=400 strip=0 panel_y=0 rows=44 samples=24 staging_mean_us=1359 staging_max_us=1384 wire_budget_us=1619 over_budget_us=0 pass=1
[20:15:36] TINYDRAW_PANSEQ_STRIP zoom=400 strip=1 panel_y=44 rows=44 samples=24 staging_mean_us=1229 staging_max_us=1251 wire_budget_us=1619 over_budget_us=0 pass=1
[20:15:36] TINYDRAW_PANSEQ_STRIP zoom=400 strip=2 panel_y=88 rows=44 samples=24 staging_mean_us=1184 staging_max_us=1196 wire_budget_us=1619 over_budget_us=0 pass=1
[20:15:36] TINYDRAW_PANSEQ_STRIP zoom=400 strip=3 panel_y=132 rows=44 samples=24 staging_mean_us=1179 staging_max_us=1191 wire_budget_us=1619 over_budget_us=0 pass=1
[20:15:36] TINYDRAW_PANSEQ_STRIP zoom=400 strip=4 panel_y=176 rows=44 samples=24 staging_mean_us=1181 staging_max_us=1196 wire_budget_us=1619 over_budget_us=0 pass=1
[20:15:36] TINYDRAW_PANSEQ_STRIP zoom=400 strip=5 panel_y=220 rows=44 samples=24 staging_mean_us=1170 staging_max_us=1187 wire_budget_us=1619 over_budget_us=0 pass=1
[20:15:36] TINYDRAW_PANSEQ_STRIP zoom=400 strip=6 panel_y=264 rows=44 samples=24 staging_mean_us=1343 staging_max_us=1364 wire_budget_us=1619 over_budget_us=0 pass=1
[20:15:36] TINYDRAW_PANSEQ_STRIP zoom=400 strip=7 panel_y=308 rows=44 samples=24 staging_mean_us=1341 staging_max_us=1362 wire_budget_us=1619 over_budget_us=0 pass=1
[20:15:36] TINYDRAW_PANSEQ_STRIP zoom=400 strip=8 panel_y=352 rows=20 samples=24 staging_mean_us=610 staging_max_us=644 wire_budget_us=736 over_budget_us=0 pass=1
[20:15:37] TINYDRAW_GATE1_PANSEQ zoom=400 frames=24 scroll_avg_us=7 exposed_avg_us=6739 chrome_avg_us=2214 tear_wait_avg_us=10209 present_avg_us=16308 prepare_avg_us=10580 acquire_wait_avg_us=21 ring_copy_avg_us=8359 patch_avg_us=2212 byte_swap_avg_us=8 staging_avg_us=4296 frame_avg_us=33394 frame_p50_us=33928 frame_p95_us=33943 frame_max_us=33946 complete_p50_us=20386 complete_p95_us=20871 complete_max_us=20880 tear_edge_failures=0 presentation_experiment=boundary-top-sweep te_edge=rising requested_clock_mhz=50 effective_clock_mhz=40 chrome_bottom_redraws=0 chrome_battery_redraws=0 chrome_zoom_redraws=0 chrome_minimap_base_redraws=0 strip_samples=216 staging_mean_us=1177 staging_max_us=1384 worst_strip=8 worst_strip_y=352 worst_wire_budget_us=736 worst_headroom_us=92 staging_invariant=1 pacing_pass=1 all_reused=1 pass=1
[20:15:37] TINYDRAW_GATE1_PAN_BOUNDARY zoom=100 slow_1px_trace=1 below_delta=94 below_reused=1 at_delta=96 at_reused=1 above_delta=98 above_fallback=1 pass=1
[20:15:37] TINYDRAW_GATE1_PAN_BOUNDARY zoom=400 slow_1px_trace=1 below_delta=94 below_reused=1 at_delta=96 at_reused=1 above_delta=98 above_fallback=1 pass=1
[20:15:38] TINYDRAW_GATE1_DRAW_FILL zoom=400 revision=2930 append_us=1393 poll_gap_us=94 event_submit_us=207 event_complete_us=2155 max_compute_slice_us=5507 max_display_slice_us=17298 fill_us=224222 revision_restarted=1 pass=1
[20:15:38] TINYDRAW_GATE1_CACHE_FILL zoom=50 x=63 y=63 published=56 total_us=596965 within_cold_gate=0 complete=1
[20:15:39] TINYDRAW_GATE1_CACHE_FILL zoom=100 x=63 y=63 published=56 total_us=480965 within_cold_gate=1 complete=1
[20:15:39] TINYDRAW_GATE1_CACHE_FILL zoom=200 x=63 y=63 published=56 total_us=333964 within_cold_gate=1 complete=1
[20:15:39] TINYDRAW_GATE1_CACHE_FILL zoom=400 x=63 y=63 published=56 total_us=276965 within_cold_gate=1 complete=1
[20:15:39] TINYDRAW_GATE1_CACHE_REVISIT zoom=50 remaining=0 tile_pixels=118128 fallback_pixels=0 compose_us=15960 complete_us=21150 hit=1
[20:15:39] TINYDRAW_GATE1_CACHE_REVISIT zoom=100 remaining=0 tile_pixels=164864 fallback_pixels=0 compose_us=18378 complete_us=20706 hit=1
[20:15:40] TINYDRAW_GATE1_CACHE_REVISIT zoom=200 remaining=0 tile_pixels=164864 fallback_pixels=0 compose_us=18388 complete_us=20273 hit=1
[20:15:40] TINYDRAW_GATE1_CACHE_REVISIT zoom=400 remaining=0 tile_pixels=164608 fallback_pixels=0 compose_us=18392 complete_us=20821 hit=1
[20:15:40] TINYDRAW_GATE1_CACHE_FILL zoom=400 x=575 y=575 published=56 total_us=292969 within_cold_gate=1 complete=1
[20:15:40] TINYDRAW_GATE1_CACHE_ROUND_TRIP zoom=50 from_x=63 from_y=63 via_x=575 via_y=575 remaining=0 tile_pixels=118128 fallback_pixels=0 compose_us=15983 complete_us=20979 hit=1
[20:15:40] TINYDRAW_GATE1_CACHE_ROUND_TRIP zoom=100 from_x=63 from_y=63 via_x=575 via_y=575 remaining=0 tile_pixels=164864 fallback_pixels=0 compose_us=18385 complete_us=20546 hit=1
[20:15:40] TINYDRAW_GATE1_CACHE_ROUND_TRIP zoom=200 from_x=63 from_y=63 via_x=575 via_y=575 remaining=0 tile_pixels=164864 fallback_pixels=0 compose_us=18394 complete_us=21098 hit=1
[20:15:40] TINYDRAW_GATE1_CACHE_ROUND_TRIP zoom=400 from_x=63 from_y=63 via_x=575 via_y=575 remaining=0 tile_pixels=164608 fallback_pixels=0 compose_us=18393 complete_us=20656 hit=1
[20:15:40] TINYDRAW_GATE1_CACHE_RETENTION pass=1 slots=448 revision=2930
[20:15:41] TINYDRAW_PAPER_SWEEP zoom=100 identities=644 raw=266 uniform=378 fallback=0 slots=448 total_us=1325921 pass=1
[20:15:41] TINYDRAW_RERENDER_LEDGER_RESET site=cache_tour_start
[20:15:45] TINYDRAW_GATE1_CACHE_TOUR slots=448 stops=16 forward_steps=2162 forward_tiles=832 forward_wall_us=1322227 return_missing_tiles=0 return_steps=16 return_tiles=0 return_wall_us=5966 home_missing=0 home_fallback_pixels=0 pass=1
[20:15:45] TINYDRAW_RERENDER_LEDGER site=cache_tour renders=137 unique=137 amplification=1.000 cold=137 damage=0 evict=0 stale=0 unexplained=0
[20:15:45] TINYDRAW_GATE1_MIXED_DRAW_WARM zoom=50 fill_tiles=56 fill_us=519804 raw=42 uniform=14
[20:15:46] TINYDRAW_GATE1_MIXED_DRAW_WARM zoom=100 fill_tiles=56 fill_us=400069 raw=56 uniform=0
[20:15:46] TINYDRAW_GATE1_MIXED_DRAW_WARM zoom=200 fill_tiles=56 fill_us=308543 raw=56 uniform=0
[20:15:46] TINYDRAW_GATE1_MIXED_DRAW_WARM zoom=400 fill_tiles=42 fill_us=196618 raw=42 uniform=0
[20:15:47] TINYDRAW_GATE1_MIXED_DRAW zoom=25 tool=pen chunks=50 append_max_us=13052 append_avg_us=11743 append_total_us=587158 affected_tiles=196 published=0 fallback=196 visible_fallback=0 ph_prepare_max_us=151 ph_overview_max_us=8930 ph_enumerate_max_us=562 ph_uniform_max_us=91 ph_raw_max_us=15 ph_commit_max_us=3560 committed=1 authority=1 refresh=1 run_ok=1 pass=1
[20:15:48] TINYDRAW_GATE1_MIXED_DRAW zoom=25 tool=eraser chunks=50 append_max_us=13152 append_avg_us=11670 append_total_us=583521 affected_tiles=0 published=0 fallback=0 visible_fallback=0 ph_prepare_max_us=148 ph_overview_max_us=9040 ph_enumerate_max_us=459 ph_uniform_max_us=6 ph_raw_max_us=7 ph_commit_max_us=3551 committed=1 authority=1 refresh=1 run_ok=1 pass=1
[20:15:50] TINYDRAW_GATE1_MIXED_DRAW zoom=50 tool=pen chunks=50 append_max_us=19077 append_avg_us=16112 append_total_us=805644 affected_tiles=422 published=400 fallback=22 visible_fallback=0 ph_prepare_max_us=177 ph_overview_max_us=3775 ph_enumerate_max_us=510 ph_uniform_max_us=5362 ph_raw_max_us=11922 ph_commit_max_us=1687 committed=1 authority=1 refresh=1 run_ok=1 pass=0
[20:15:51] TINYDRAW_GATE1_MIXED_DRAW zoom=50 tool=eraser chunks=50 append_max_us=17567 append_avg_us=15864 append_total_us=793222 affected_tiles=405 published=405 fallback=0 visible_fallback=0 ph_prepare_max_us=167 ph_overview_max_us=3783 ph_enumerate_max_us=526 ph_uniform_max_us=26 ph_raw_max_us=11943 ph_commit_max_us=1490 committed=1 authority=1 refresh=1 run_ok=1 pass=0
[20:15:53] TINYDRAW_GATE1_MIXED_DRAW zoom=100 tool=pen chunks=50 append_max_us=15642 append_avg_us=13587 append_total_us=679354 affected_tiles=450 published=398 fallback=52 visible_fallback=0 ph_prepare_max_us=175 ph_overview_max_us=1949 ph_enumerate_max_us=524 ph_uniform_max_us=4340 ph_raw_max_us=11873 ph_commit_max_us=1022 committed=1 authority=1 refresh=1 run_ok=1 pass=0
[20:15:54] TINYDRAW_GATE1_MIXED_DRAW zoom=100 tool=eraser chunks=50 append_max_us=14880 append_avg_us=13352 append_total_us=667622 affected_tiles=399 published=399 fallback=0 visible_fallback=0 ph_prepare_max_us=170 ph_overview_max_us=1866 ph_enumerate_max_us=497 ph_uniform_max_us=29 ph_raw_max_us=11889 ph_commit_max_us=860 committed=1 authority=1 refresh=1 run_ok=1 pass=1
[20:15:56] TINYDRAW_GATE1_MIXED_DRAW zoom=200 tool=pen chunks=50 append_max_us=15057 append_avg_us=12568 append_total_us=628416 affected_tiles=425 published=389 fallback=36 visible_fallback=0 ph_prepare_max_us=175 ph_overview_max_us=1042 ph_enumerate_max_us=537 ph_uniform_max_us=4444 ph_raw_max_us=11962 ph_commit_max_us=856 committed=1 authority=1 refresh=1 run_ok=1 pass=0
[20:15:56] TINYDRAW_GATE1_MIXED_DRAW zoom=200 tool=eraser chunks=50 append_max_us=14161 append_avg_us=12275 append_total_us=613760 affected_tiles=388 published=388 fallback=0 visible_fallback=0 ph_prepare_max_us=181 ph_overview_max_us=1091 ph_enumerate_max_us=544 ph_uniform_max_us=25 ph_raw_max_us=11984 ph_commit_max_us=755 committed=1 authority=1 refresh=1 run_ok=1 pass=1
[20:15:58] TINYDRAW_GATE1_MIXED_DRAW zoom=400 tool=pen chunks=50 append_max_us=14061 append_avg_us=11632 append_total_us=581642 affected_tiles=359 published=334 fallback=25 visible_fallback=0 ph_prepare_max_us=188 ph_overview_max_us=721 ph_enumerate_max_us=601 ph_uniform_max_us=3350 ph_raw_max_us=11347 ph_commit_max_us=799 committed=1 authority=1 refresh=1 run_ok=1 pass=1
[20:15:59] TINYDRAW_GATE1_MIXED_DRAW zoom=400 tool=eraser chunks=50 append_max_us=13099 append_avg_us=11483 append_total_us=574174 affected_tiles=350 published=350 fallback=0 visible_fallback=0 ph_prepare_max_us=177 ph_overview_max_us=713 ph_enumerate_max_us=629 ph_uniform_max_us=24 ph_raw_max_us=11328 ph_commit_max_us=684 committed=1 authority=1 refresh=1 run_ok=1 pass=1
[20:15:59] TINYDRAW_GATE1_MIXED_DRAW_REVISIT zoom=50 missing=4 refill_tiles=4 refill_us=187989
[20:16:00] TINYDRAW_GATE1_MIXED_DRAW_REVISIT zoom=100 missing=9 refill_tiles=9 refill_us=323838
[20:16:00] TINYDRAW_GATE1_MIXED_DRAW_REVISIT zoom=200 missing=16 refill_tiles=16 refill_us=324316
[20:16:00] TINYDRAW_GATE1_MIXED_DRAW_REVISIT zoom=400 missing=0 refill_tiles=0 refill_us=313
[20:16:00] TINYDRAW_GATE1_MIXED_DRAW_SUMMARY slots=448 strokes=10 worst_append_us=19077 pass=0
[20:16:06] TINYDRAW_GATE1_IDLE_REPAIR damaged=588 remaining=0 plan_views=24 steps=4378 repair_us=3857418 worst_step_us=5535 warm_tiles=56 pass=1
[20:16:06] TINYDRAW_INKTRACE trace=fast-curve-dense-25 zoom=25 events=411 consumed=373 coalesced=38 down=1/1 up=1/1 max_time_gap_us=24065 max_space_gap_px=55.33 e2c_p50=503 e2c_p95=1564 e2c_max=2570 e2g_p95=770 e2s_p95=2635 e2d_p50=2335 e2d_p95=3666 e2d_max=4153 latency_samples=33 presentation_failures=0 commit_failures=0 overflows=0 revision=3482 fb_tiles=0 fb_start=0 fb_mid_max=0 fb_up_max=0 fb_end=0 latency_pass=1 pass=1
[20:16:07] TINYDRAW_INKTRACE trace=fast-curve-400 zoom=400 events=414 consumed=367 coalesced=47 down=1/1 up=1/1 max_time_gap_us=9431 max_space_gap_px=65.51 e2c_p50=503 e2c_p95=1041 e2c_max=1573 e2g_p95=774 e2s_p95=2657 e2d_p50=2436 e2d_p95=3943 e2d_max=3951 latency_samples=33 presentation_failures=0 commit_failures=0 overflows=0 revision=3484 fb_tiles=42 fb_start=30 fb_mid_max=30 fb_up_max=30 fb_end=30 latency_pass=1 pass=1
[20:16:10] TINYDRAW_INKTRACE trace=fast-curve-400-xl zoom=400 events=2296 consumed=1937 coalesced=359 down=1/1 up=1/1 max_time_gap_us=12901 max_space_gap_px=47.85 e2c_p50=503 e2c_p95=569 e2c_max=1574 e2g_p95=779 e2s_p95=2974 e2d_p50=3282 e2d_p95=4529 e2d_max=8109 latency_samples=172 presentation_failures=0 commit_failures=0 overflows=0 revision=3490 fb_tiles=42 fb_start=30 fb_mid_max=30 fb_up_max=30 fb_end=30 latency_pass=1 pass=1
[20:16:10] TINYDRAW_INKTRACE trace=slow-precise-100 zoom=100 events=741 consumed=709 coalesced=32 down=1/1 up=1/1 max_time_gap_us=8460 max_space_gap_px=13.45 e2c_p50=503 e2c_p95=1027 e2c_max=1574 e2g_p95=772 e2s_p95=1761 e2d_p50=1931 e2d_p95=2266 e2d_max=2325 latency_samples=53 presentation_failures=0 commit_failures=0 overflows=0 revision=3492 fb_tiles=42 fb_start=24 fb_mid_max=24 fb_up_max=24 fb_end=24 latency_pass=1 pass=1
[20:16:13] TINYDRAW_INKTRACE trace=scribble-multistroke zoom=100 events=848 consumed=740 coalesced=108 down=7/7 up=7/7 max_time_gap_us=6070 max_space_gap_px=109.46 e2c_p50=503 e2c_p95=571 e2c_max=2054 e2g_p95=772 e2s_p95=3436 e2d_p50=3186 e2d_p95=5246 e2d_max=6325 latency_samples=55 presentation_failures=0 commit_failures=0 overflows=0 revision=3499 fb_tiles=42 fb_start=24 fb_mid_max=24 fb_up_max=24 fb_end=24 latency_pass=1 pass=1
[20:16:15] TINYDRAW_HAIRLINE_DOC ops=782 samples=8061 append_total_us=1052591 append_max_us=7127
[20:16:15] TINYDRAW_GATE1_PACED_COLD corpus=evil_hairlines_capacity zoom=100 x=552 y=672 steps=239 tiles=56 compute_us=228526 present_us=78416 touch_us=397 pacing_us=8632 wall_us=315971 maximum_wall_us=500000 max_tick_us=8955 touch_samples=45747 touch_interval_max_us=2079 touch_read_max_us=610 touch_events=0 touch_down=0 touch_up=0 touch_events_ge_8ms=0 touch_event_age_max_us=0 touch_errors=0 touch_overflows=0 pass=1
[20:16:15] TINYDRAW_GATE1_PACED_COLD corpus=evil_hairlines_capacity zoom=400 x=2760 y=3360 steps=212 tiles=48 compute_us=132085 present_us=72895 touch_us=282 pacing_us=6688 wall_us=211950 maximum_wall_us=500000 max_tick_us=8718 touch_samples=281 touch_interval_max_us=1901 touch_read_max_us=479 touch_events=0 touch_down=0 touch_up=0 touch_events_ge_8ms=0 touch_event_age_max_us=0 touch_errors=0 touch_overflows=0 pass=1
[20:16:18] TINYDRAW_HAIRLINE_REPAIR steps=2372 wall_us=2170767 worst_step_us=4639 resident=407/448 grid_stopped=1 pass2_steps=8 pass2_wall_us=2220 no_churn=1
[20:16:19] TINYDRAW_HAIRLINE_TOUR stops=8 total_us=908185 worst_stop_us=196873 worst_step_us=6386
[20:16:19] TINYDRAW_GATE1_HAIRLINE raw=339 uniform=72 fallback=233 capacity=448 worst_step_us=6386 grid_stopped=1 pass=1
[20:16:21] TINYDRAW_GATE1_LONG_GESTURE path=reference samples=1600 chunks=26 append_total_us=914184 append_max_us=43093 append_avg_us=35160 refresh_fallback_pixels=0 settled_fallback_pixels=0 committed=1 authority=1 refresh=1 run_ok=1
[20:16:21] TINYDRAW_GATE1_LONG_GESTURE path=in_place samples=1600 chunks=52 append_total_us=586859 append_max_us=13777 append_avg_us=11285 refresh_fallback_pixels=0 settled_fallback_pixels=0 committed=1 authority=1 refresh=1 run_ok=1
[20:16:21] TINYDRAW_V2_EXPORT_PROGRESS row=0 of=1792
[20:16:22] TINYDRAW_V2_EXPORT_PROGRESS row=256 of=1792
[20:16:23] TINYDRAW_V2_EXPORT_PROGRESS row=512 of=1792
[20:16:23] TINYDRAW_V2_EXPORT_PROGRESS row=768 of=1792
[20:16:24] TINYDRAW_V2_EXPORT_PROGRESS row=1024 of=1792
[20:16:25] TINYDRAW_V2_EXPORT_PROGRESS row=1280 of=1792
[20:16:26] TINYDRAW_V2_EXPORT_PROGRESS row=1536 of=1792
[20:16:27] TINYDRAW_GATE1_EXPORT encoded=1 bytes=40166 elapsed_us=5843185 workspace_bytes=50652 band_bytes=376832 free_psram=1859920 free_internal=179664 signature=1 dimensions=1 chunks=3 chunks_ok=1 pass=1
[20:16:27] TINYDRAW_EXPORT_RESERVE requested=1572864 free_before=1859920 largest_before=1835008 free_held=287052 largest_held=286720 pass=1
[20:16:27] TINYDRAW_RERENDER_LEDGER site=final renders=0 unique=0 amplification=0.000 cold=0 damage=0 evict=0 stale=0 unexplained=0
[20:16:27] TINYDRAW_GATE1_AUTOMATED_DONE stress=1 stress_100=1 stress_400=1 overlap_ready=1 overlap_cold=0 general_cold_ready=1 general_cold=1 workload=1 paced_cold=1 hard_100=1 hard_400=1 pan_100=1 pan_400=1 pan_seq=1 pan_boundary=1 live_overlay=1 draw_fill=1 cache=1 full_world_cache=1 cache_tour=1 mixed_draw=0 idle_repair=1 ink_trace=1 hairline_capacity=1 long_gesture=1 export_encode=1 export_reserve=1 return=1 ssaa_receipt=yellow
[20:16:27] TINYDRAW_VECTOR_V2_GATE_HARNESS_DONE pass=0
[20:16:27] TINYDRAW_VECTOR_V2_READY zoom=25 controls=chrome button=cycle_all_zooms operations_capacity=4000 samples_capacity=80000 live_storage_bytes=6383640 overview_bytes=1318912 raw_tile_bytes=3670016 tile_metadata_bytes=101360 operation_bytes=720000 live_scratch_bytes=573352 free_psram=1859920 largest_psram=1835008 te_edges=3973 te_period_us=16848 te_high_us=580 te_level=0 main_stack_free=984
