[17:48:37] I (231) octal_psram: Readlatency  : 0x02 (10 cycles@Fixed)
[17:48:37] I (236) ESP-ROM:esp32s3-20210327
[17:48:37] Build:Mar 27 2021
[17:48:37] rst:0x15 (USB_UART_CHIP_RESET),boot:0x2b (SPI_FAST_FLASH_BOOT)
[17:48:37] Saved PC:0x40048836
[17:48:37] SPIWP:0xee
[17:48:37] mode:DIO, clock div:1
[17:48:37] load:0x3fce2820,len:0x1664
[17:48:37] load:0x403c8700,len:0xf38
[17:48:37] load:0x403cb700,len:0x31e8
[17:48:37] entry 0x403c8930
[17:48:37] I (24) boot: ESP-IDF v6.0.2 2nd stage bootloader
[17:48:37] I (24) boot: compile time Aug 11 2026 22:53:49
[17:48:37] I (25) boot: Multicore bootloader
[17:48:37] I (25) boot: chip revision: v0.2
[17:48:37] I (28) boot: efuse block revision: v1.3
[17:48:37] I (31) qio_mode: Enabling default flash chip QIO
[17:48:37] I (36) boot.esp32s3: Boot SPI Speed : 80MHz
[17:48:37] I (39) boot.esp32s3: SPI Mode       : QIO
[17:48:37] I (43) boot.esp32s3: SPI Flash Size : 16MB
[17:48:37] I (47) boot: Enabling RNG early entropy source...
[17:48:37] I (51) boot: Partition Table:
[17:48:37] I (54) boot: ## Label            Usage          Type ST Offset   Length
[17:48:37] I (60) boot:  0 nvs              WiFi data        01 02 00009000 00006000
[17:48:37] I (67) boot:  1 phy_init         RF data          01 01 0000f000 00001000
[17:48:37] I (73) boot:  2 factory          factory app      00 00 00010000 00100000
[17:48:37] I (80) boot:  3 drawing          Unknown data     01 40 00110000 00300000
[17:48:37] I (86) boot:  4 export           Unknown data     01 41 00410000 00500000
[17:48:37] I (93) boot:  5 coredump         Unknown data     01 03 00910000 00010000
[17:48:37] I (100) boot: End of partition table
[17:48:37] I (103) esp_image: segment 0: paddr=00010020 vaddr=3c040020 size=0f570h ( 62832) map
[17:48:37] I (120) esp_image: segment 1: paddr=0001f598 vaddr=3fc94500 size=00a80h (  2688) load
[17:48:37] I (121) esp_image: segment 2: paddr=00020020 vaddr=42000020 size=30f98h (200600) map
[17:48:37] I (156) esp_image: segment 3: paddr=00050fc0 vaddr=3fc94f80 size=0ec84h ( 60548) load
[17:48:37] I (168) esp_image: segment 4: paddr=0005fc4c vaddr=40374000 size=104b4h ( 66740) load
[17:48:37] I (182) esp_image: segment 5: paddr=00070108 vaddr=50000000 size=00024h (    36) load
[17:48:37] I (191) boot: Loaded app from partition at offset 0x10000
[17:48:37] I (192) boot: Disabling RNG early entropy source...
[17:48:37] I (202) octal_psram: vendor id    : 0x0d (AP)
[17:48:37] I (202) octal_psram: dev id       : 0x02 (generation 3)
[17:48:37] I (202) octal_psram: density      : 0x03 (64 Mbit)
[17:48:37] I (204) octal_psram: good-die     : 0x01 (Pass)
[17:48:37] I (208) octal_psram: Latency      : 0x01 (Fixed)
[17:48:37] I (212) octal_psram: VCC          : 0x01 (3V)
[17:48:37] I (217) octal_psram: SRF          : 0x01 (Fast Refresh)
[17:48:37] I (222) octal_psram: BurstType    : 0x01 (Hybrid Wrap)
[17:48:37] I (226) octal_psram: BurstLen     : 0x01 (32 Byte)
[17:48:37] I (231) octal_psram: Readlatency  : 0x02 (10 cycles@Fixed)
[17:48:37] I (236) octal_psram: DriveStrength: 0x00 (1/1)
[17:48:37] I (240) MSPI Timing: Enter psram timing tuning
[17:48:37] I (245) esp_psram: Found 8MB PSRAM device
[17:48:37] I (248) esp_psram: Speed: 80MHz
[17:48:37] I (251) cpu_start: Multicore app
[17:48:38] I (667) esp_psram: SPI SRAM memory test OK
[17:48:38] I (675) cpu_start: GPIO 44 and 43 are used as console UART I/O pins
[17:48:38] I (676) cpu_start: Pro cpu start user code
[17:48:38] I (676) cpu_start: cpu freq: 240000000 Hz
[17:48:38] I (678) app_init: Application information:
[17:48:38] I (681) app_init: Project name:     tinydraw_esp32
[17:48:38] I (686) app_init: App version:      ba6c392-dirty
[17:48:38] I (690) app_init: Compile time:     Aug 12 2026 17:37:58
[17:48:38] I (695) app_init: ELF file SHA256:  c09bdef9b...
[17:48:38] I (700) app_init: ESP-IDF:          v6.0.2
[17:48:38] I (704) efuse_init: Min chip rev:     v0.0
[17:48:38] I (707) efuse_init: Max chip rev:     v0.99
[17:48:38] I (711) efuse_init: Chip rev:         v0.2
[17:48:38] I (715) heap_init: Initializing. RAM available for dynamic allocation:
[17:48:38] I (721) heap_init: At 3FCA4830 len 00044EE0 (275 KiB): RAM
[17:48:38] I (727) heap_init: At 3FCE9710 len 00005724 (21 KiB): RAM
[17:48:38] I (732) heap_init: At 3FCF0000 len 00008000 (32 KiB): DRAM
[17:48:38] I (737) heap_init: At 600FE000 len 00001FE8 (7 KiB): RTCRAM
[17:48:38] I (742) esp_psram: Adding pool of 8192K of PSRAM memory to heap allocator
[17:48:38] I (749) spi_flash: detected chip: generic
[17:48:38] I (753) spi_flash: flash io: qio
[17:48:38] I (756) sleep_gpio: Configure to isolate all GPIO pins in sleep state
[17:48:38] I (762) sleep_gpio: Enable automatic switching of GPIO sleep configuration
[17:48:38] I (769) main_task: Started on CPU0
[17:48:38] I (772) main_task: Calling app_main()
[17:48:38] TINYDRAW_PANEL_HARD_RESET=1
[17:48:38] I (956) co5300: version: 2.1.0
[17:48:38] I (956) co5300_spi: LCD panel create success, version: 2.1.0
[17:48:38] W (1036) co5300_spi: The 3Ah command has been used and will be overwritten by external initialization sequence
[17:48:38] I (1136) CST816S: IC id: 183
[17:48:38] [DEBUG-touch-rate] registers=1 id=0xb7 firmware=0x02 scan_period=0x00 irq=0x70
[17:48:38] I (1139) PCF85063A: PCF85063A initialized successfully
[17:48:38] TINYDRAW_RTC ready=1 retained=1 local=2026-08-12T17:48:31
[17:48:38] TINYDRAW_VECTOR_READY strokes=1100 samples=24576 bytes=325712 free_psram=563060
[17:48:39] TINYDRAW_AUTOSAVE_READY
[17:48:39] TINYDRAW_PSRAM world_bytes=2967552 free=563060 largest=557056 minimum=563060
[17:48:39] TINYDRAW_POWER_READY ready=1 button=1 valid=1 battery=100 voltage_mv=4090 charging=0 vbus=1
[17:48:39] TINYDRAW_SETTLED_LOD quality=normal center_error_milli=2000 radius_error_milli=750 input=19844 output=7537 bytes=90444
[17:48:40] TINYDRAW_SETTLED_PROFILE zoom=100 generation=2 bands=12 segments=6192 clear_us=13583 raster_us=493088 composite_us=111130 publish_us=51444 complete=1
[17:48:45] TINYDRAW_BENCH_MEMORY free=76056 largest=75776 minimum=76056 lod_capacity_bytes=147456 lod_used_bytes=90444
[17:48:45] TINYDRAW_INTERACTIVE_PAN_READY zoom=100 controls=S:50 M:100 L:200 XL:finish
[17:48:45] TINYDRAW_AUTO_INIT initial_atlas_us=5769193
[17:48:47] TINYDRAW_AUTO_ZOOM cycle=0 zoom=50 changed=1 total_us=49328 cancel_us=12 first_ready_us=5663 first_submit_us=6278 first_complete_us=7078 last_submit_us=47217 last_complete_us=48024 fallback_us=49278 settled_us=0
[17:48:47] TINYDRAW_AUTO_RUNWAY cycle=0 zoom=50 down12_ready=1 right1_ready=1 right1_ready_us=57842
[17:48:47] TINYDRAW_SETTLED_PROFILE zoom=50 generation=4 bands=12 segments=6537 clear_us=13504 raster_us=257088 composite_us=42359 publish_us=52546 complete=1
[17:48:47] TINYDRAW_AUTO_SETTLED cycle=0 zoom=50 settled_us=489260
[17:48:48] TINYDRAW_AUTO_ZOOM cycle=1 zoom=100 changed=1 total_us=43694 cancel_us=989 first_ready_us=6419 first_submit_us=6993 first_complete_us=7788 last_submit_us=42047 last_complete_us=42854 fallback_us=43642 settled_us=0
[17:48:48] TINYDRAW_AUTO_RUNWAY cycle=1 zoom=100 down12_ready=1 right1_ready=1 right1_ready_us=65263
[17:48:48] TINYDRAW_SETTLED_PROFILE zoom=100 generation=6 bands=12 segments=6192 clear_us=13537 raster_us=495138 composite_us=111690 publish_us=52518 complete=1
[17:48:48] TINYDRAW_AUTO_SETTLED cycle=1 zoom=100 settled_us=799301
[17:48:49] TINYDRAW_AUTO_ZOOM cycle=2 zoom=200 changed=1 total_us=41369 cancel_us=1990 first_ready_us=6943 first_submit_us=7472 first_complete_us=8273 last_submit_us=39993 last_complete_us=40802 fallback_us=41318 settled_us=0
[17:48:49] TINYDRAW_AUTO_RUNWAY cycle=2 zoom=200 down12_ready=1 right1_ready=1 right1_ready_us=59512
[17:48:49] TINYDRAW_SETTLED_LOD quality=high center_error_milli=1000 radius_error_milli=375 input=19844 output=10087 bytes=121044
[17:48:50] TINYDRAW_SETTLED_PROFILE zoom=200 generation=8 bands=12 segments=3252 clear_us=13425 raster_us=426246 composite_us=106527 publish_us=53019 complete=1
[17:48:50] TINYDRAW_AUTO_SETTLED cycle=2 zoom=200 settled_us=748221
[17:48:50] TINYDRAW_AUTO_ZOOM cycle=3 zoom=100 changed=1 total_us=44936 cancel_us=1989 first_ready_us=7494 first_submit_us=8062 first_complete_us=8867 last_submit_us=43264 last_complete_us=44070 fallback_us=44887 settled_us=0
[17:48:50] TINYDRAW_AUTO_RUNWAY cycle=3 zoom=100 down12_ready=1 right1_ready=1 right1_ready_us=65943
[17:48:50] TINYDRAW_SETTLED_LOD quality=normal center_error_milli=2000 radius_error_milli=750 input=19844 output=7537 bytes=90444
[17:48:51] TINYDRAW_SETTLED_PROFILE zoom=100 generation=10 bands=12 segments=6192 clear_us=13263 raster_us=497757 composite_us=110657 publish_us=53086 complete=1
[17:48:51] TINYDRAW_AUTO_SETTLED cycle=3 zoom=100 settled_us=840223
[17:48:52] TINYDRAW_AUTO_ZOOM cycle=4 zoom=50 changed=1 total_us=50337 cancel_us=988 first_ready_us=6746 first_submit_us=7366 first_complete_us=8167 last_submit_us=48259 last_complete_us=49066 fallback_us=50285 settled_us=0
[17:48:52] TINYDRAW_AUTO_RUNWAY cycle=4 zoom=50 down12_ready=1 right1_ready=1 right1_ready_us=57746
[17:48:52] TINYDRAW_SETTLED_PROFILE zoom=50 generation=12 bands=12 segments=6537 clear_us=13495 raster_us=257317 composite_us=43291 publish_us=52447 complete=1
[17:48:52] TINYDRAW_AUTO_SETTLED cycle=4 zoom=50 settled_us=491259
[17:48:53] TINYDRAW_AUTO_ZOOM cycle=5 zoom=100 changed=1 total_us=49762 cancel_us=6989 first_ready_us=12391 first_submit_us=12962 first_complete_us=13763 last_submit_us=48095 last_complete_us=48902 fallback_us=49702 settled_us=0
[17:48:53] TINYDRAW_AUTO_RUNWAY cycle=5 zoom=100 down12_ready=1 right1_ready=1 right1_ready_us=65834
[17:48:53] TINYDRAW_SETTLED_PROFILE zoom=100 generation=14 bands=12 segments=6192 clear_us=13395 raster_us=499589 composite_us=109044 publish_us=52547 complete=1
[17:48:53] TINYDRAW_AUTO_SETTLED cycle=5 zoom=100 settled_us=807245
[17:48:54] TINYDRAW_AUTO_ZOOM cycle=6 zoom=200 changed=1 total_us=40314 cancel_us=984 first_ready_us=5892 first_submit_us=6426 first_complete_us=7227 last_submit_us=38914 last_complete_us=39720 fallback_us=40256 settled_us=0
[17:48:54] TINYDRAW_AUTO_RUNWAY cycle=6 zoom=200 down12_ready=1 right1_ready=1 right1_ready_us=59649
[17:48:54] TINYDRAW_SETTLED_LOD quality=high center_error_milli=1000 radius_error_milli=375 input=19844 output=10087 bytes=121044
[17:48:55] TINYDRAW_SETTLED_PROFILE zoom=200 generation=16 bands=12 segments=3252 clear_us=13427 raster_us=426329 composite_us=106383 publish_us=52832 complete=1
[17:48:55] TINYDRAW_AUTO_SETTLED cycle=6 zoom=200 settled_us=747207
[17:48:55] TINYDRAW_AUTO_ZOOM cycle=7 zoom=100 changed=1 total_us=55953 cancel_us=12989 first_ready_us=18491 first_submit_us=19061 first_complete_us=19870 last_submit_us=54289 last_complete_us=55095 fallback_us=55904 settled_us=0
[17:48:55] TINYDRAW_AUTO_RUNWAY cycle=7 zoom=100 down12_ready=1 right1_ready=1 right1_ready_us=65581
[17:48:55] TINYDRAW_SETTLED_LOD quality=normal center_error_milli=2000 radius_error_milli=750 input=19844 output=7537 bytes=90444
[17:48:56] TINYDRAW_SETTLED_PROFILE zoom=100 generation=18 bands=12 segments=6192 clear_us=13326 raster_us=497285 composite_us=111076 publish_us=53305 complete=1
[17:48:56] TINYDRAW_AUTO_SETTLED cycle=7 zoom=100 settled_us=851255
[17:48:57] TINYDRAW_AUTO_ZOOM cycle=8 zoom=50 changed=1 total_us=50341 cancel_us=989 first_ready_us=6742 first_submit_us=7361 first_complete_us=8162 last_submit_us=48266 last_complete_us=49072 fallback_us=50290 settled_us=0
[17:48:57] TINYDRAW_AUTO_RUNWAY cycle=8 zoom=50 down12_ready=1 right1_ready=1 right1_ready_us=57724
[17:48:57] TINYDRAW_SETTLED_PROFILE zoom=50 generation=20 bands=12 segments=6537 clear_us=13481 raster_us=255843 composite_us=42651 publish_us=52731 complete=1
[17:48:57] TINYDRAW_AUTO_SETTLED cycle=8 zoom=50 settled_us=489239
[17:48:58] TINYDRAW_AUTO_ZOOM cycle=9 zoom=100 changed=1 total_us=43764 cancel_us=989 first_ready_us=6401 first_submit_us=6985 first_complete_us=7780 last_submit_us=42093 last_complete_us=42900 fallback_us=43705 settled_us=0
[17:48:58] TINYDRAW_AUTO_RUNWAY cycle=9 zoom=100 down12_ready=1 right1_ready=1 right1_ready_us=65199
[17:48:58] TINYDRAW_SETTLED_PROFILE zoom=100 generation=22 bands=12 segments=6192 clear_us=13549 raster_us=496819 composite_us=112002 publish_us=52812 complete=1
[17:48:58] TINYDRAW_AUTO_SETTLED cycle=9 zoom=100 settled_us=801222
[17:48:59] TINYDRAW_AUTO_ZOOM cycle=10 zoom=200 changed=1 total_us=40313 cancel_us=988 first_ready_us=5896 first_submit_us=6429 first_complete_us=7230 last_submit_us=38915 last_complete_us=39720 fallback_us=40259 settled_us=0
[17:48:59] TINYDRAW_AUTO_RUNWAY cycle=10 zoom=200 down12_ready=1 right1_ready=1 right1_ready_us=59556
[17:48:59] TINYDRAW_SETTLED_LOD quality=high center_error_milli=1000 radius_error_milli=375 input=19844 output=10087 bytes=121044
[17:49:00] TINYDRAW_SETTLED_PROFILE zoom=200 generation=24 bands=12 segments=3252 clear_us=13283 raster_us=426872 composite_us=106315 publish_us=53068 complete=1
[17:49:00] TINYDRAW_AUTO_SETTLED cycle=10 zoom=200 settled_us=748230
[17:49:00] TINYDRAW_AUTO_ZOOM cycle=11 zoom=100 changed=1 total_us=43937 cancel_us=988 first_ready_us=6497 first_submit_us=7069 first_complete_us=7870 last_submit_us=42257 last_complete_us=43064 fallback_us=43887 settled_us=0
[17:49:00] TINYDRAW_AUTO_RUNWAY cycle=11 zoom=100 down12_ready=1 right1_ready=1 right1_ready_us=64943
[17:49:00] TINYDRAW_SETTLED_LOD quality=normal center_error_milli=2000 radius_error_milli=750 input=19844 output=7537 bytes=90444
[17:49:01] TINYDRAW_SETTLED_PROFILE zoom=100 generation=26 bands=12 segments=6192 clear_us=13269 raster_us=497418 composite_us=110959 publish_us=53327 complete=1
[17:49:01] TINYDRAW_AUTO_SETTLED cycle=11 zoom=100 settled_us=839273
[17:49:02] TINYDRAW_FALLBACK_REPAIRED revision=2
[17:49:03] TINYDRAW_SETTLED_PROFILE zoom=100 generation=31 bands=11 segments=6193 clear_us=13482 raster_us=496341 composite_us=112651 publish_us=50459 complete=1
[17:49:04] TINYDRAW_AUTO_MUTATION started=1 committed=1 stale_zoom_accepted=0 repaired_zoom_accepted=1
[17:49:04] TINYDRAW_AUTO_ZOOM_DONE
