[17:41:55] I (103) esp_image: segment 0: paddr=00010020 vaddr=3c040020 sizeESP-ROM:esp32s3-20210327
[17:41:55] Build:Mar 27 2021
[17:41:55] rst:0x15 (USB_UART_CHIP_RESET),boot:0x2b (SPI_FAST_FLASH_BOOT)
[17:41:55] Saved PC:0x4200830f
[17:41:55] SPIWP:0xee
[17:41:55] mode:DIO, clock div:1
[17:41:55] load:0x3fce2820,len:0x1664
[17:41:55] load:0x403c8700,len:0xf38
[17:41:55] load:0x403cb700,len:0x31e8
[17:41:55] entry 0x403c8930
[17:41:55] I (24) boot: ESP-IDF v6.0.2 2nd stage bootloader
[17:41:55] I (24) boot: compile time Aug 11 2026 22:53:49
[17:41:55] I (25) boot: Multicore bootloader
[17:41:55] I (25) boot: chip revision: v0.2
[17:41:55] I (28) boot: efuse block revision: v1.3
[17:41:55] I (31) qio_mode: Enabling default flash chip QIO
[17:41:55] I (36) boot.esp32s3: Boot SPI Speed : 80MHz
[17:41:55] I (39) boot.esp32s3: SPI Mode       : QIO
[17:41:55] I (43) boot.esp32s3: SPI Flash Size : 16MB
[17:41:55] I (47) boot: Enabling RNG early entropy source...
[17:41:55] I (51) boot: Partition Table:
[17:41:55] I (54) boot: ## Label            Usage          Type ST Offset   Length
[17:41:55] I (60) boot:  0 nvs              WiFi data        01 02 00009000 00006000
[17:41:55] I (67) boot:  1 phy_init         RF data          01 01 0000f000 00001000
[17:41:55] I (73) boot:  2 factory          factory app      00 00 00010000 00100000
[17:41:55] I (80) boot:  3 drawing          Unknown data     01 40 00110000 00300000
[17:41:55] I (86) boot:  4 export           Unknown data     01 41 00410000 00500000
[17:41:55] I (93) boot:  5 coredump         Unknown data     01 03 00910000 00010000
[17:41:55] I (100) boot: End of partition table
[17:41:55] I (103) esp_image: segment 0: paddr=00010020 vaddr=3c040020 size=0f4f0h ( 62704) map
[17:41:55] I (120) esp_image: segment 1: paddr=0001f518 vaddr=3fc94500 size=00b00h (  2816) load
[17:41:55] I (121) esp_image: segment 2: paddr=00020020 vaddr=42000020 size=30eech (200428) map
[17:41:55] I (156) esp_image: segment 3: paddr=00050f14 vaddr=3fc95000 size=0ec04h ( 60420) load
[17:41:55] I (168) esp_image: segment 4: paddr=0005fb20 vaddr=40374000 size=104b4h ( 66740) load
[17:41:55] I (182) esp_image: segment 5: paddr=0006ffdc vaddr=50000000 size=00024h (    36) load
[17:41:55] I (192) boot: Loaded app from partition at offset 0x10000
[17:41:55] I (192) boot: Disabling RNG early entropy source...
[17:41:55] I (202) octal_psram: vendor id    : 0x0d (AP)
[17:41:55] I (202) octal_psram: dev id       : 0x02 (generation 3)
[17:41:55] I (202) octal_psram: density      : 0x03 (64 Mbit)
[17:41:55] I (204) octal_psram: good-die     : 0x01 (Pass)
[17:41:55] I (208) octal_psram: Latency      : 0x01 (Fixed)
[17:41:55] I (213) octal_psram: VCC          : 0x01 (3V)
[17:41:55] I (217) octal_psram: SRF          : 0x01 (Fast Refresh)
[17:41:55] I (222) octal_psram: BurstType    : 0x01 (Hybrid Wrap)
[17:41:55] I (226) octal_psram: BurstLen     : 0x01 (32 Byte)
[17:41:55] I (231) octal_psram: Readlatency  : 0x02 (10 cycles@Fixed)
[17:41:55] I (236) octal_psram: DriveStrength: 0x00 (1/1)
[17:41:55] I (240) MSPI Timing: Enter psram timing tuning
[17:41:55] I (245) esp_psram: Found 8MB PSRAM device
[17:41:55] I (248) esp_psram: Speed: 80MHz
[17:41:55] I (251) cpu_start: Multicore app
[17:41:56] I (667) esp_psram: SPI SRAM memory test OK
[17:41:56] I (675) cpu_start: GPIO 44 and 43 are used as console UART I/O pins
[17:41:56] I (676) cpu_start: Pro cpu start user code
[17:41:56] I (676) cpu_start: cpu freq: 240000000 Hz
[17:41:56] I (678) app_init: Application information:
[17:41:56] I (682) app_init: Project name:     tinydraw_esp32
[17:41:56] I (686) app_init: App version:      ba6c392-dirty
[17:41:56] I (690) app_init: Compile time:     Aug 12 2026 17:37:58
[17:41:56] I (695) app_init: ELF file SHA256:  9f013a275...
[17:41:56] I (700) app_init: ESP-IDF:          v6.0.2
[17:41:56] I (704) efuse_init: Min chip rev:     v0.0
[17:41:56] I (707) efuse_init: Max chip rev:     v0.99
[17:41:56] I (711) efuse_init: Chip rev:         v0.2
[17:41:56] I (715) heap_init: Initializing. RAM available for dynamic allocation:
[17:41:56] I (722) heap_init: At 3FCA4830 len 00044EE0 (275 KiB): RAM
[17:41:56] I (727) heap_init: At 3FCE9710 len 00005724 (21 KiB): RAM
[17:41:56] I (732) heap_init: At 3FCF0000 len 00008000 (32 KiB): DRAM
[17:41:56] I (737) heap_init: At 600FE000 len 00001FE8 (7 KiB): RTCRAM
[17:41:56] I (743) esp_psram: Adding pool of 8192K of PSRAM memory to heap allocator
[17:41:56] I (749) spi_flash: detected chip: generic
[17:41:56] I (753) spi_flash: flash io: qio
[17:41:56] I (756) sleep_gpio: Configure to isolate all GPIO pins in sleep state
[17:41:56] I (762) sleep_gpio: Enable automatic switching of GPIO sleep configuration
[17:41:56] I (769) main_task: Started on CPU0
[17:41:56] I (772) main_task: Calling app_main()
[17:41:56] TINYDRAW_PANEL_HARD_RESET=1
[17:41:56] I (956) co5300: version: 2.1.0
[17:41:56] I (956) co5300_spi: LCD panel create success, version: 2.1.0
[17:41:56] W (1036) co5300_spi: The 3Ah command has been used and will be overwritten by external initialization sequence
[17:41:56] I (1136) CST816S: IC id: 183
[17:41:56] [DEBUG-touch-rate] registers=1 id=0xb7 firmware=0x02 scan_period=0x00 irq=0x70
[17:41:56] I (1139) PCF85063A: PCF85063A initialized successfully
[17:41:56] TINYDRAW_RTC ready=1 retained=1 local=2026-08-12T17:41:49
[17:41:56] TINYDRAW_VECTOR_READY strokes=1100 samples=24576 bytes=325712 free_psram=563060
[17:41:57] TINYDRAW_AUTOSAVE_READY
[17:41:57] TINYDRAW_PSRAM world_bytes=2967552 free=563060 largest=557056 minimum=563060
[17:41:57] TINYDRAW_POWER_READY ready=1 button=1 valid=1 battery=100 voltage_mv=4091 charging=0 vbus=1
[17:41:57] TINYDRAW_SETTLED_LOD input=19844 output=7537 bytes=90444
[17:41:58] TINYDRAW_SETTLED_PROFILE zoom=100 generation=2 bands=12 segments=6192 clear_us=13415 raster_us=496136 composite_us=110098 publish_us=50724 complete=1
[17:42:03] TINYDRAW_BENCH_MEMORY free=125208 largest=124928 minimum=125208 lod_capacity_bytes=98304 lod_used_bytes=90444
[17:42:03] TINYDRAW_INTERACTIVE_PAN_READY zoom=100 controls=S:50 M:100 L:200 XL:finish
[17:42:03] TINYDRAW_AUTO_INIT initial_atlas_us=5785261
[17:42:05] TINYDRAW_AUTO_ZOOM cycle=0 zoom=50 changed=1 total_us=49197 cancel_us=17 first_ready_us=5599 first_submit_us=6207 first_complete_us=7011 last_submit_us=47122 last_complete_us=47929 fallback_us=49145 settled_us=0
[17:42:05] TINYDRAW_AUTO_RUNWAY cycle=0 zoom=50 down12_ready=1 right1_ready=1 right1_ready_us=56961
[17:42:05] TINYDRAW_SETTLED_PROFILE zoom=50 generation=4 bands=12 segments=6537 clear_us=13270 raster_us=254833 composite_us=43646 publish_us=52679 complete=1
[17:42:05] TINYDRAW_AUTO_SETTLED cycle=0 zoom=50 settled_us=486267
[17:42:06] TINYDRAW_AUTO_ZOOM cycle=1 zoom=100 changed=1 total_us=43695 cancel_us=988 first_ready_us=6367 first_submit_us=6938 first_complete_us=7740 last_submit_us=42063 last_complete_us=42869 fallback_us=43643 settled_us=0
[17:42:06] TINYDRAW_AUTO_RUNWAY cycle=1 zoom=100 down12_ready=1 right1_ready=1 right1_ready_us=64205
[17:42:06] TINYDRAW_SETTLED_PROFILE zoom=100 generation=6 bands=12 segments=6192 clear_us=13238 raster_us=498548 composite_us=108790 publish_us=52525 complete=1
[17:42:06] TINYDRAW_AUTO_SETTLED cycle=1 zoom=100 settled_us=797247
[17:42:07] TINYDRAW_AUTO_ZOOM cycle=2 zoom=200 changed=1 total_us=41246 cancel_us=1988 first_ready_us=6848 first_submit_us=7383 first_complete_us=8185 last_submit_us=39873 last_complete_us=40680 fallback_us=41194 settled_us=0
[17:42:07] TINYDRAW_AUTO_RUNWAY cycle=2 zoom=200 down12_ready=1 right1_ready=1 right1_ready_us=58640
[17:42:08] TINYDRAW_SETTLED_PROFILE zoom=200 generation=8 bands=12 segments=6767 clear_us=13292 raster_us=555880 composite_us=102655 publish_us=52583 complete=1
[17:42:08] TINYDRAW_AUTO_SETTLED cycle=2 zoom=200 settled_us=836204
[17:42:08] TINYDRAW_AUTO_ZOOM cycle=3 zoom=100 changed=1 total_us=56572 cancel_us=13988 first_ready_us=19412 first_submit_us=19991 first_complete_us=20786 last_submit_us=54946 last_complete_us=55752 fallback_us=56521 settled_us=0
[17:42:08] TINYDRAW_AUTO_RUNWAY cycle=3 zoom=100 down12_ready=1 right1_ready=1 right1_ready_us=63936
[17:42:09] TINYDRAW_SETTLED_PROFILE zoom=100 generation=10 bands=12 segments=6192 clear_us=13231 raster_us=496270 composite_us=110249 publish_us=52355 complete=1
[17:42:09] TINYDRAW_AUTO_SETTLED cycle=3 zoom=100 settled_us=809231
[17:42:10] TINYDRAW_AUTO_ZOOM cycle=4 zoom=50 changed=1 total_us=50243 cancel_us=986 first_ready_us=6660 first_submit_us=7290 first_complete_us=8091 last_submit_us=48165 last_complete_us=48970 fallback_us=50190 settled_us=0
[17:42:10] TINYDRAW_AUTO_RUNWAY cycle=4 zoom=50 down12_ready=1 right1_ready=1 right1_ready_us=56818
[17:42:10] TINYDRAW_SETTLED_PROFILE zoom=50 generation=12 bands=12 segments=6537 clear_us=13250 raster_us=255387 composite_us=42829 publish_us=52441 complete=1
[17:42:10] TINYDRAW_AUTO_SETTLED cycle=4 zoom=50 settled_us=487201
[17:42:11] TINYDRAW_AUTO_ZOOM cycle=5 zoom=100 changed=1 total_us=44779 cancel_us=1989 first_ready_us=7343 first_submit_us=7908 first_complete_us=8710 last_submit_us=43141 last_complete_us=43947 fallback_us=44718 settled_us=0
[17:42:11] TINYDRAW_AUTO_RUNWAY cycle=5 zoom=100 down12_ready=1 right1_ready=1 right1_ready_us=64087
[17:42:11] TINYDRAW_SETTLED_PROFILE zoom=100 generation=14 bands=12 segments=6192 clear_us=13239 raster_us=496264 composite_us=110235 publish_us=52470 complete=1
[17:42:11] TINYDRAW_AUTO_SETTLED cycle=5 zoom=100 settled_us=797230
[17:42:12] TINYDRAW_AUTO_ZOOM cycle=6 zoom=200 changed=1 total_us=40312 cancel_us=986 first_ready_us=5841 first_submit_us=6386 first_complete_us=7186 last_submit_us=38930 last_complete_us=39733 fallback_us=40259 settled_us=0
[17:42:12] TINYDRAW_AUTO_RUNWAY cycle=6 zoom=200 down12_ready=1 right1_ready=1 right1_ready_us=58652
[17:42:13] TINYDRAW_SETTLED_PROFILE zoom=200 generation=16 bands=12 segments=6767 clear_us=13300 raster_us=556332 composite_us=102251 publish_us=52274 complete=1
[17:42:13] TINYDRAW_AUTO_SETTLED cycle=6 zoom=200 settled_us=835247
[17:42:13] TINYDRAW_AUTO_ZOOM cycle=7 zoom=100 changed=1 total_us=55589 cancel_us=12989 first_ready_us=18400 first_submit_us=18986 first_complete_us=19781 last_submit_us=53959 last_complete_us=54764 fallback_us=55541 settled_us=0
[17:42:13] TINYDRAW_AUTO_RUNWAY cycle=7 zoom=100 down12_ready=1 right1_ready=1 right1_ready_us=63921
[17:42:14] TINYDRAW_SETTLED_PROFILE zoom=100 generation=18 bands=12 segments=6192 clear_us=13245 raster_us=496826 composite_us=111486 publish_us=52597 complete=1
[17:42:14] TINYDRAW_AUTO_SETTLED cycle=7 zoom=100 settled_us=810222
[17:42:15] TINYDRAW_AUTO_ZOOM cycle=8 zoom=50 changed=1 total_us=50214 cancel_us=989 first_ready_us=6669 first_submit_us=7304 first_complete_us=8104 last_submit_us=48132 last_complete_us=48939 fallback_us=50163 settled_us=0
[17:42:15] TINYDRAW_AUTO_RUNWAY cycle=8 zoom=50 down12_ready=1 right1_ready=1 right1_ready_us=56783
[17:42:15] TINYDRAW_SETTLED_PROFILE zoom=50 generation=20 bands=12 segments=6537 clear_us=13249 raster_us=255733 composite_us=42200 publish_us=52416 complete=1
[17:42:15] TINYDRAW_AUTO_SETTLED cycle=8 zoom=50 settled_us=487266
[17:42:16] TINYDRAW_AUTO_ZOOM cycle=9 zoom=100 changed=1 total_us=43663 cancel_us=988 first_ready_us=6360 first_submit_us=6929 first_complete_us=7731 last_submit_us=42035 last_complete_us=42841 fallback_us=43610 settled_us=0
[17:42:16] TINYDRAW_AUTO_RUNWAY cycle=9 zoom=100 down12_ready=1 right1_ready=1 right1_ready_us=64297
[17:42:16] TINYDRAW_SETTLED_PROFILE zoom=100 generation=22 bands=12 segments=6192 clear_us=13229 raster_us=497373 composite_us=110680 publish_us=52765 complete=1
[17:42:16] TINYDRAW_AUTO_SETTLED cycle=9 zoom=100 settled_us=798177
[17:42:17] TINYDRAW_AUTO_ZOOM cycle=10 zoom=200 changed=1 total_us=40180 cancel_us=983 first_ready_us=5814 first_submit_us=6354 first_complete_us=7155 last_submit_us=38814 last_complete_us=39620 fallback_us=40129 settled_us=0
[17:42:17] TINYDRAW_AUTO_RUNWAY cycle=10 zoom=200 down12_ready=1 right1_ready=1 right1_ready_us=58662
[17:42:18] TINYDRAW_SETTLED_PROFILE zoom=200 generation=24 bands=12 segments=6767 clear_us=13308 raster_us=555697 composite_us=102815 publish_us=52395 complete=1
[17:42:18] TINYDRAW_AUTO_SETTLED cycle=10 zoom=200 settled_us=835225
[17:42:18] TINYDRAW_AUTO_ZOOM cycle=11 zoom=100 changed=1 total_us=43764 cancel_us=989 first_ready_us=6432 first_submit_us=7004 first_complete_us=7799 last_submit_us=42124 last_complete_us=42929 fallback_us=43703 settled_us=0
[17:42:18] TINYDRAW_AUTO_RUNWAY cycle=11 zoom=100 down12_ready=1 right1_ready=1 right1_ready_us=64112
[17:42:19] TINYDRAW_SETTLED_PROFILE zoom=100 generation=26 bands=12 segments=6192 clear_us=13231 raster_us=496081 composite_us=110987 publish_us=52128 complete=1
[17:42:19] TINYDRAW_AUTO_SETTLED cycle=11 zoom=100 settled_us=796217
[17:42:20] TINYDRAW_FALLBACK_REPAIRED revision=2
[17:42:21] TINYDRAW_SETTLED_PROFILE zoom=100 generation=31 bands=11 segments=6193 clear_us=13217 raster_us=497209 composite_us=110012 publish_us=50450 complete=1
[17:42:23] TINYDRAW_AUTO_MUTATION started=1 committed=1 stale_zoom_accepted=0 repaired_zoom_accepted=1
[17:42:23] TINYDRAW_AUTO_ZOOM_DONE
