[17:43:23] dlatency  : 0x02 (10 cycles@Fixed)
[17:43:23] I (238) octal_psram: DriveStrength: 0x00 (1/1)
[17:43:23] I (242) MSPI Timing: Enter psram timing tuning
[17:43:23] ESP-ROM:esp32s3-20210327
[17:43:23] Build:Mar 27 2021
[17:43:23] rst:0x15 (USB_UART_CHIP_RESET),boot:0x2b (SPI_FAST_FLASH_BOOT)
[17:43:23] Saved PC:0x4004e13b
[17:43:23] SPIWP:0xee
[17:43:23] mode:DIO, clock div:1
[17:43:23] load:0x3fce2820,len:0x1664
[17:43:23] load:0x403c8700,len:0xf38
[17:43:23] load:0x403cb700,len:0x31e8
[17:43:23] entry 0x403c8930
[17:43:23] I (24) boot: ESP-IDF v6.0.2 2nd stage bootloader
[17:43:23] I (24) boot: compile time Aug 11 2026 22:53:49
[17:43:23] I (25) boot: Multicore bootloader
[17:43:23] I (25) boot: chip revision: v0.2
[17:43:23] I (28) boot: efuse block revision: v1.3
[17:43:23] I (31) qio_mode: Enabling default flash chip QIO
[17:43:23] I (36) boot.esp32s3: Boot SPI Speed : 80MHz
[17:43:23] I (39) boot.esp32s3: SPI Mode       : QIO
[17:43:23] I (43) boot.esp32s3: SPI Flash Size : 16MB
[17:43:23] I (47) boot: Enabling RNG early entropy source...
[17:43:23] I (51) boot: Partition Table:
[17:43:23] I (54) boot: ## Label            Usage          Type ST Offset   Length
[17:43:23] I (60) boot:  0 nvs              WiFi data        01 02 00009000 00006000
[17:43:23] I (67) boot:  1 phy_init         RF data          01 01 0000f000 00001000
[17:43:23] I (73) boot:  2 factory          factory app      00 00 00010000 00100000
[17:43:23] I (80) boot:  3 drawing          Unknown data     01 40 00110000 00300000
[17:43:23] I (86) boot:  4 export           Unknown data     01 41 00410000 00500000
[17:43:23] I (93) boot:  5 coredump         Unknown data     01 03 00910000 00010000
[17:43:23] I (100) boot: End of partition table
[17:43:23] I (103) esp_image: segment 0: paddr=00010020 vaddr=3c040020 size=0f4f0h ( 62704) map
[17:43:23] I (120) esp_image: segment 1: paddr=0001f518 vaddr=3fc94500 size=00b00h (  2816) load
[17:43:23] I (121) esp_image: segment 2: paddr=00020020 vaddr=42000020 size=30ef4h (200436) map
[17:43:23] I (156) esp_image: segment 3: paddr=00050f1c vaddr=3fc95000 size=0ec04h ( 60420) load
[17:43:23] I (168) esp_image: segment 4: paddr=0005fb28 vaddr=40374000 size=104b4h ( 66740) load
[17:43:23] I (182) esp_image: segment 5: paddr=0006ffe4 vaddr=50000000 size=00024h (    36) load
[17:43:23] I (191) boot: Loaded app from partition at offset 0x10000
[17:43:23] I (192) boot: Disabling RNG early entropy source...
[17:43:23] I (202) octal_psram: vendor id    : 0x0d (AP)
[17:43:23] I (202) octal_psram: dev id       : 0x02 (generation 3)
[17:43:23] I (202) octal_psram: density      : 0x03 (64 Mbit)
[17:43:23] I (204) octal_psram: good-die     : 0x01 (Pass)
[17:43:23] I (208) octal_psram: Latency      : 0x01 (Fixed)
[17:43:23] I (213) octal_psram: VCC          : 0x01 (3V)
[17:43:23] I (217) octal_psram: SRF          : 0x01 (Fast Refresh)
[17:43:23] I (222) octal_psram: BurstType    : 0x01 (Hybrid Wrap)
[17:43:23] I (226) octal_psram: BurstLen     : 0x01 (32 Byte)
[17:43:23] I (231) octal_psram: Readlatency  : 0x02 (10 cycles@Fixed)
[17:43:23] I (236) octal_psram: DriveStrength: 0x00 (1/1)
[17:43:23] I (240) MSPI Timing: Enter psram timing tuning
[17:43:23] I (245) esp_psram: Found 8MB PSRAM device
[17:43:23] I (248) esp_psram: Speed: 80MHz
[17:43:23] I (251) cpu_start: Multicore app
[17:43:23] I (667) esp_psram: SPI SRAM memory test OK
[17:43:23] I (675) cpu_start: GPIO 44 and 43 are used as console UART I/O pins
[17:43:23] I (676) cpu_start: Pro cpu start user code
[17:43:23] I (676) cpu_start: cpu freq: 240000000 Hz
[17:43:23] I (678) app_init: Application information:
[17:43:23] I (681) app_init: Project name:     tinydraw_esp32
[17:43:23] I (686) app_init: App version:      ba6c392-dirty
[17:43:23] I (690) app_init: Compile time:     Aug 12 2026 17:37:58
[17:43:23] I (695) app_init: ELF file SHA256:  c059cabe4...
[17:43:23] I (700) app_init: ESP-IDF:          v6.0.2
[17:43:23] I (704) efuse_init: Min chip rev:     v0.0
[17:43:23] I (707) efuse_init: Max chip rev:     v0.99
[17:43:23] I (711) efuse_init: Chip rev:         v0.2
[17:43:23] I (715) heap_init: Initializing. RAM available for dynamic allocation:
[17:43:24] I (722) heap_init: At 3FCA4830 len 00044EE0 (275 KiB): RAM
[17:43:24] I (727) heap_init: At 3FCE9710 len 00005724 (21 KiB): RAM
[17:43:24] I (732) heap_init: At 3FCF0000 len 00008000 (32 KiB): DRAM
[17:43:24] I (737) heap_init: At 600FE000 len 00001FE8 (7 KiB): RTCRAM
[17:43:24] I (742) esp_psram: Adding pool of 8192K of PSRAM memory to heap allocator
[17:43:24] I (749) spi_flash: detected chip: generic
[17:43:24] I (753) spi_flash: flash io: qio
[17:43:24] I (756) sleep_gpio: Configure to isolate all GPIO pins in sleep state
[17:43:24] I (762) sleep_gpio: Enable automatic switching of GPIO sleep configuration
[17:43:24] I (769) main_task: Started on CPU0
[17:43:24] I (772) main_task: Calling app_main()
[17:43:24] TINYDRAW_PANEL_HARD_RESET=1
[17:43:24] I (956) co5300: version: 2.1.0
[17:43:24] I (956) co5300_spi: LCD panel create success, version: 2.1.0
[17:43:24] W (1036) co5300_spi: The 3Ah command has been used and will be overwritten by external initialization sequence
[17:43:24] I (1136) CST816S: IC id: 183
[17:43:24] [DEBUG-touch-rate] registers=1 id=0xb7 firmware=0x02 scan_period=0x00 irq=0x70
[17:43:24] I (1139) PCF85063A: PCF85063A initialized successfully
[17:43:24] TINYDRAW_RTC ready=1 retained=1 local=2026-08-12T17:43:16
[17:43:24] TINYDRAW_VECTOR_READY strokes=1100 samples=24576 bytes=325712 free_psram=563060
[17:43:25] TINYDRAW_AUTOSAVE_READY
[17:43:25] TINYDRAW_PSRAM world_bytes=2967552 free=563060 largest=557056 minimum=563060
[17:43:25] TINYDRAW_POWER_READY ready=1 button=1 valid=1 battery=100 voltage_mv=4092 charging=0 vbus=1
[17:43:25] TINYDRAW_SETTLED_LOD input=19844 output=10087 bytes=121044
[17:43:26] TINYDRAW_SETTLED_PROFILE zoom=100 generation=2 bands=12 segments=8578 clear_us=13454 raster_us=575239 composite_us=114489 publish_us=51238 complete=1
[17:43:30] TINYDRAW_BENCH_MEMORY free=100632 largest=100352 minimum=100632 lod_capacity_bytes=122880 lod_used_bytes=121044
[17:43:30] TINYDRAW_INTERACTIVE_PAN_READY zoom=100 controls=S:50 M:100 L:200 XL:finish
[17:43:30] TINYDRAW_AUTO_INIT initial_atlas_us=5881337
[17:43:33] TINYDRAW_AUTO_ZOOM cycle=0 zoom=50 changed=1 total_us=49039 cancel_us=17 first_ready_us=5683 first_submit_us=6289 first_complete_us=7094 last_submit_us=46942 last_complete_us=47747 fallback_us=48988 settled_us=0
[17:43:33] TINYDRAW_AUTO_RUNWAY cycle=0 zoom=50 down12_ready=1 right1_ready=1 right1_ready_us=58153
[17:43:33] TINYDRAW_SETTLED_PROFILE zoom=50 generation=4 bands=12 segments=9087 clear_us=13273 raster_us=313549 composite_us=43759 publish_us=52177 complete=1
[17:43:33] TINYDRAW_AUTO_SETTLED cycle=0 zoom=50 settled_us=546265
[17:43:34] TINYDRAW_AUTO_ZOOM cycle=1 zoom=100 changed=1 total_us=49761 cancel_us=6992 first_ready_us=12419 first_submit_us=12994 first_complete_us=13793 last_submit_us=48111 last_complete_us=48917 fallback_us=49703 settled_us=0
[17:43:34] TINYDRAW_AUTO_RUNWAY cycle=1 zoom=100 down12_ready=1 right1_ready=1 right1_ready_us=64849
[17:43:34] TINYDRAW_SETTLED_PROFILE zoom=100 generation=6 bands=12 segments=8578 clear_us=13350 raster_us=576609 composite_us=113658 publish_us=52454 complete=1
[17:43:34] TINYDRAW_AUTO_SETTLED cycle=1 zoom=100 settled_us=888222
[17:43:35] TINYDRAW_AUTO_ZOOM cycle=2 zoom=200 changed=1 total_us=44353 cancel_us=4988 first_ready_us=9924 first_submit_us=10463 first_complete_us=11266 last_submit_us=42968 last_complete_us=43773 fallback_us=44301 settled_us=0
[17:43:35] TINYDRAW_AUTO_RUNWAY cycle=2 zoom=200 down12_ready=1 right1_ready=1 right1_ready_us=59359
[17:43:36] TINYDRAW_SETTLED_PROFILE zoom=200 generation=8 bands=12 segments=3252 clear_us=13356 raster_us=439497 composite_us=106402 publish_us=52404 complete=1
[17:43:36] TINYDRAW_AUTO_SETTLED cycle=2 zoom=200 settled_us=731258
[17:43:36] TINYDRAW_AUTO_ZOOM cycle=3 zoom=100 changed=1 total_us=46790 cancel_us=3992 first_ready_us=9526 first_submit_us=10101 first_complete_us=10905 last_submit_us=45144 last_complete_us=45949 fallback_us=46732 settled_us=0
[17:43:36] TINYDRAW_AUTO_RUNWAY cycle=3 zoom=100 down12_ready=1 right1_ready=1 right1_ready_us=64912
[17:43:37] TINYDRAW_SETTLED_PROFILE zoom=100 generation=10 bands=12 segments=8578 clear_us=13274 raster_us=576920 composite_us=113247 publish_us=52464 complete=1
[17:43:37] TINYDRAW_AUTO_SETTLED cycle=3 zoom=100 settled_us=885240
[17:43:38] TINYDRAW_AUTO_ZOOM cycle=4 zoom=50 changed=1 total_us=53297 cancel_us=3991 first_ready_us=9760 first_submit_us=10391 first_complete_us=11193 last_submit_us=51203 last_complete_us=52009 fallback_us=53247 settled_us=0
[17:43:38] TINYDRAW_AUTO_RUNWAY cycle=4 zoom=50 down12_ready=1 right1_ready=1 right1_ready_us=57516
[17:43:38] TINYDRAW_SETTLED_PROFILE zoom=50 generation=12 bands=12 segments=9087 clear_us=13320 raster_us=313306 composite_us=43789 publish_us=52262 complete=1
[17:43:38] TINYDRAW_AUTO_SETTLED cycle=4 zoom=50 settled_us=550241
[17:43:39] TINYDRAW_AUTO_ZOOM cycle=5 zoom=100 changed=1 total_us=49692 cancel_us=6992 first_ready_us=12425 first_submit_us=13017 first_complete_us=13822 last_submit_us=48053 last_complete_us=48860 fallback_us=49642 settled_us=0
[17:43:39] TINYDRAW_AUTO_RUNWAY cycle=5 zoom=100 down12_ready=1 right1_ready=1 right1_ready_us=64918
[17:43:40] TINYDRAW_SETTLED_PROFILE zoom=100 generation=14 bands=12 segments=8578 clear_us=13288 raster_us=576652 composite_us=112997 publish_us=52419 complete=1
[17:43:40] TINYDRAW_AUTO_SETTLED cycle=5 zoom=100 settled_us=887230
[17:43:40] TINYDRAW_AUTO_ZOOM cycle=6 zoom=200 changed=1 total_us=43217 cancel_us=3991 first_ready_us=8925 first_submit_us=9467 first_complete_us=10270 last_submit_us=41838 last_complete_us=42643 fallback_us=43167 settled_us=0
[17:43:40] TINYDRAW_AUTO_RUNWAY cycle=6 zoom=200 down12_ready=1 right1_ready=1 right1_ready_us=59589
[17:43:41] TINYDRAW_SETTLED_PROFILE zoom=200 generation=16 bands=12 segments=3252 clear_us=13362 raster_us=438762 composite_us=107460 publish_us=52370 complete=1
[17:43:41] TINYDRAW_AUTO_SETTLED cycle=6 zoom=200 settled_us=730265
[17:43:41] TINYDRAW_AUTO_ZOOM cycle=7 zoom=100 changed=1 total_us=44790 cancel_us=1990 first_ready_us=7506 first_submit_us=8078 first_complete_us=8886 last_submit_us=43139 last_complete_us=43944 fallback_us=44728 settled_us=0
[17:43:41] TINYDRAW_AUTO_RUNWAY cycle=7 zoom=100 down12_ready=1 right1_ready=1 right1_ready_us=65091
[17:43:42] TINYDRAW_SETTLED_PROFILE zoom=100 generation=18 bands=12 segments=8578 clear_us=13283 raster_us=575400 composite_us=114611 publish_us=53057 complete=1
[17:43:42] TINYDRAW_AUTO_SETTLED cycle=7 zoom=100 settled_us=883258
[17:43:43] TINYDRAW_AUTO_ZOOM cycle=8 zoom=50 changed=1 total_us=52206 cancel_us=2992 first_ready_us=8749 first_submit_us=9384 first_complete_us=10186 last_submit_us=50107 last_complete_us=50913 fallback_us=52155 settled_us=0
[17:43:43] TINYDRAW_AUTO_RUNWAY cycle=8 zoom=50 down12_ready=1 right1_ready=1 right1_ready_us=57693
[17:43:43] TINYDRAW_SETTLED_PROFILE zoom=50 generation=20 bands=12 segments=9087 clear_us=13306 raster_us=312419 composite_us=43729 publish_us=52182 complete=1
[17:43:43] TINYDRAW_AUTO_SETTLED cycle=8 zoom=50 settled_us=548232
[17:43:44] TINYDRAW_AUTO_ZOOM cycle=9 zoom=100 changed=1 total_us=48663 cancel_us=5992 first_ready_us=11414 first_submit_us=11999 first_complete_us=12798 last_submit_us=47016 last_complete_us=47822 fallback_us=48613 settled_us=0
[17:43:44] TINYDRAW_AUTO_RUNWAY cycle=9 zoom=100 down12_ready=1 right1_ready=1 right1_ready_us=64940
[17:43:45] TINYDRAW_SETTLED_PROFILE zoom=100 generation=22 bands=12 segments=8578 clear_us=13287 raster_us=576795 composite_us=112874 publish_us=52411 complete=1
[17:43:45] TINYDRAW_AUTO_SETTLED cycle=9 zoom=100 settled_us=886181
[17:43:45] TINYDRAW_AUTO_ZOOM cycle=10 zoom=200 changed=1 total_us=43274 cancel_us=3991 first_ready_us=8923 first_submit_us=9466 first_complete_us=10268 last_submit_us=41900 last_complete_us=42703 fallback_us=43224 settled_us=0
[17:43:45] TINYDRAW_AUTO_RUNWAY cycle=10 zoom=200 down12_ready=1 right1_ready=1 right1_ready_us=59436
[17:43:46] TINYDRAW_SETTLED_PROFILE zoom=200 generation=24 bands=12 segments=3252 clear_us=13350 raster_us=437139 composite_us=108818 publish_us=52631 complete=1
[17:43:46] TINYDRAW_AUTO_SETTLED cycle=10 zoom=200 settled_us=730248
[17:43:46] TINYDRAW_AUTO_ZOOM cycle=11 zoom=100 changed=1 total_us=45811 cancel_us=2994 first_ready_us=8526 first_submit_us=9097 first_complete_us=9901 last_submit_us=44159 last_complete_us=44964 fallback_us=45757 settled_us=0
[17:43:46] TINYDRAW_AUTO_RUNWAY cycle=11 zoom=100 down12_ready=1 right1_ready=1 right1_ready_us=64978
[17:43:47] TINYDRAW_SETTLED_PROFILE zoom=100 generation=26 bands=12 segments=8578 clear_us=13273 raster_us=578189 composite_us=113599 publish_us=53044 complete=1
[17:43:47] TINYDRAW_AUTO_SETTLED cycle=11 zoom=100 settled_us=886286
[17:43:48] TINYDRAW_FALLBACK_REPAIRED revision=2
[17:43:49] TINYDRAW_SETTLED_PROFILE zoom=100 generation=31 bands=11 segments=8579 clear_us=13279 raster_us=578093 composite_us=112722 publish_us=50731 complete=1
[17:43:51] TINYDRAW_AUTO_MUTATION started=1 committed=1 stale_zoom_accepted=0 repaired_zoom_accepted=1
[17:43:51] TINYDRAW_AUTO_ZOOM_DONE
