[17:38:15]  (242) MSPI Timing: Enter psram timing tuning
[17:38:15] I (247) esp_psram: Found 8MB PSRAM device
[17:38:15] I (250) esp_psram: Speed: 80MHz
[17:38:15] I (253) cpuESP-ROM:esp32s3-20210327
[17:38:15] Build:Mar 27 2021
[17:38:15] rst:0x15 (USB_UART_CHIP_RESET),boot:0x2b (SPI_FAST_FLASH_BOOT)
[17:38:15] Saved PC:0x4004883b
[17:38:15] SPIWP:0xee
[17:38:15] mode:DIO, clock div:1
[17:38:15] load:0x3fce2820,len:0x1664
[17:38:15] load:0x403c8700,len:0xf38
[17:38:15] load:0x403cb700,len:0x31e8
[17:38:15] entry 0x403c8930
[17:38:15] I (24) boot: ESP-IDF v6.0.2 2nd stage bootloader
[17:38:15] I (24) boot: compile time Aug 11 2026 22:53:49
[17:38:15] I (25) boot: Multicore bootloader
[17:38:15] I (25) boot: chip revision: v0.2
[17:38:15] I (28) boot: efuse block revision: v1.3
[17:38:15] I (31) qio_mode: Enabling default flash chip QIO
[17:38:15] I (36) boot.esp32s3: Boot SPI Speed : 80MHz
[17:38:15] I (39) boot.esp32s3: SPI Mode       : QIO
[17:38:15] I (43) boot.esp32s3: SPI Flash Size : 16MB
[17:38:15] I (47) boot: Enabling RNG early entropy source...
[17:38:15] I (51) boot: Partition Table:
[17:38:15] I (54) boot: ## Label            Usage          Type ST Offset   Length
[17:38:15] I (60) boot:  0 nvs              WiFi data        01 02 00009000 00006000
[17:38:15] I (67) boot:  1 phy_init         RF data          01 01 0000f000 00001000
[17:38:15] I (73) boot:  2 factory          factory app      00 00 00010000 00100000
[17:38:15] I (80) boot:  3 drawing          Unknown data     01 40 00110000 00300000
[17:38:15] I (86) boot:  4 export           Unknown data     01 41 00410000 00500000
[17:38:15] I (93) boot:  5 coredump         Unknown data     01 03 00910000 00010000
[17:38:15] I (100) boot: End of partition table
[17:38:15] I (103) esp_image: segment 0: paddr=00010020 vaddr=3c040020 size=0f4f0h ( 62704) map
[17:38:15] I (120) esp_image: segment 1: paddr=0001f518 vaddr=3fc94500 size=00b00h (  2816) load
[17:38:15] I (121) esp_image: segment 2: paddr=00020020 vaddr=42000020 size=30e4ch (200268) map
[17:38:15] I (156) esp_image: segment 3: paddr=00050e74 vaddr=3fc95000 size=0ec04h ( 60420) load
[17:38:15] I (168) esp_image: segment 4: paddr=0005fa80 vaddr=40374000 size=104b4h ( 66740) load
[17:38:15] I (181) esp_image: segment 5: paddr=0006ff3c vaddr=50000000 size=00024h (    36) load
[17:38:15] I (191) boot: Loaded app from partition at offset 0x10000
[17:38:15] I (192) boot: Disabling RNG early entropy source...
[17:38:15] I (202) octal_psram: vendor id    : 0x0d (AP)
[17:38:15] I (202) octal_psram: dev id       : 0x02 (generation 3)
[17:38:15] I (202) octal_psram: density      : 0x03 (64 Mbit)
[17:38:15] I (204) octal_psram: good-die     : 0x01 (Pass)
[17:38:15] I (208) octal_psram: Latency      : 0x01 (Fixed)
[17:38:15] I (212) octal_psram: VCC          : 0x01 (3V)
[17:38:15] I (217) octal_psram: SRF          : 0x01 (Fast Refresh)
[17:38:15] I (221) octal_psram: BurstType    : 0x01 (Hybrid Wrap)
[17:38:15] I (226) octal_psram: BurstLen     : 0x01 (32 Byte)
[17:38:15] I (231) octal_psram: Readlatency  : 0x02 (10 cycles@Fixed)
[17:38:15] I (236) octal_psram: DriveStrength: 0x00 (1/1)
[17:38:15] I (240) MSPI Timing: Enter psram timing tuning
[17:38:15] I (245) esp_psram: Found 8MB PSRAM device
[17:38:15] I (248) esp_psram: Speed: 80MHz
[17:38:15] I (251) cpu_start: Multicore app
[17:38:16] I (667) esp_psram: SPI SRAM memory test OK
[17:38:16] I (675) cpu_start: GPIO 44 and 43 are used as console UART I/O pins
[17:38:16] I (676) cpu_start: Pro cpu start user code
[17:38:16] I (676) cpu_start: cpu freq: 240000000 Hz
[17:38:16] I (678) app_init: Application information:
[17:38:16] I (681) app_init: Project name:     tinydraw_esp32
[17:38:16] I (686) app_init: App version:      ba6c392-dirty
[17:38:16] I (690) app_init: Compile time:     Aug 12 2026 17:37:58
[17:38:16] I (695) app_init: ELF file SHA256:  e08c9b1c5...
[17:38:16] I (700) app_init: ESP-IDF:          v6.0.2
[17:38:16] I (704) efuse_init: Min chip rev:     v0.0
[17:38:16] I (707) efuse_init: Max chip rev:     v0.99
[17:38:16] I (711) efuse_init: Chip rev:         v0.2
[17:38:16] I (715) heap_init: Initializing. RAM available for dynamic allocation:
[17:38:16] I (721) heap_init: At 3FCA4830 len 00044EE0 (275 KiB): RAM
[17:38:16] I (727) heap_init: At 3FCE9710 len 00005724 (21 KiB): RAM
[17:38:16] I (732) heap_init: At 3FCF0000 len 00008000 (32 KiB): DRAM
[17:38:16] I (737) heap_init: At 600FE000 len 00001FE8 (7 KiB): RTCRAM
[17:38:16] I (742) esp_psram: Adding pool of 8192K of PSRAM memory to heap allocator
[17:38:16] I (749) spi_flash: detected chip: generic
[17:38:16] I (752) spi_flash: flash io: qio
[17:38:16] I (756) sleep_gpio: Configure to isolate all GPIO pins in sleep state
[17:38:16] I (762) sleep_gpio: Enable automatic switching of GPIO sleep configuration
[17:38:16] I (769) main_task: Started on CPU0
[17:38:16] I (772) main_task: Calling app_main()
[17:38:16] TINYDRAW_PANEL_HARD_RESET=1
[17:38:16] I (956) co5300: version: 2.1.0
[17:38:16] I (956) co5300_spi: LCD panel create success, version: 2.1.0
[17:38:16] W (1036) co5300_spi: The 3Ah command has been used and will be overwritten by external initialization sequence
[17:38:16] I (1136) CST816S: IC id: 183
[17:38:16] [DEBUG-touch-rate] registers=1 id=0xb7 firmware=0x02 scan_period=0x00 irq=0x70
[17:38:16] I (1139) PCF85063A: PCF85063A initialized successfully
[17:38:16] TINYDRAW_RTC ready=1 retained=1 local=2026-08-12T17:38:09
[17:38:16] TINYDRAW_VECTOR_READY strokes=1100 samples=24576 bytes=325712 free_psram=563060
[17:38:17] TINYDRAW_AUTOSAVE_READY
[17:38:17] TINYDRAW_PSRAM world_bytes=2967552 free=563060 largest=557056 minimum=563060
[17:38:17] TINYDRAW_POWER_READY ready=1 button=1 valid=1 battery=100 voltage_mv=4093 charging=0 vbus=1
[17:38:17] TINYDRAW_SETTLED_LOD input=19844 output=7537 bytes=90444
[17:38:18] TINYDRAW_SETTLED_PROFILE zoom=100 generation=2 bands=12 segments=6192 clear_us=13442 raster_us=499781 composite_us=109938 publish_us=51012 complete=1
[17:38:23] TINYDRAW_BENCH_MEMORY free=125208 largest=124928 minimum=125208 lod_capacity_bytes=98304 lod_used_bytes=90444
[17:38:23] TINYDRAW_INTERACTIVE_PAN_READY zoom=100 controls=S:50 M:100 L:200 XL:finish
[17:38:23] TINYDRAW_AUTO_INIT initial_atlas_us=5766254
[17:38:25] TINYDRAW_AUTO_ZOOM cycle=0 zoom=50 changed=1 total_us=50174 cancel_us=17 first_ready_us=5663 first_submit_us=6276 first_complete_us=7078 last_submit_us=48030 last_complete_us=48835 fallback_us=50121 settled_us=0
[17:38:25] TINYDRAW_AUTO_RUNWAY cycle=0 zoom=50 down12_ready=1 right1_ready=1 right1_ready_us=56981
[17:38:25] TINYDRAW_SETTLED_PROFILE zoom=50 generation=4 bands=12 segments=6537 clear_us=13229 raster_us=260113 composite_us=42715 publish_us=52694 complete=1
[17:38:25] TINYDRAW_AUTO_SETTLED cycle=0 zoom=50 settled_us=492290
[17:38:26] TINYDRAW_AUTO_ZOOM cycle=1 zoom=100 changed=1 total_us=81371 cancel_us=37985 first_ready_us=43369 first_submit_us=43942 first_complete_us=44742 last_submit_us=79702 last_complete_us=80512 fallback_us=81315 settled_us=0
[17:38:26] TINYDRAW_AUTO_RUNWAY cycle=1 zoom=100 down12_ready=1 right1_ready=1 right1_ready_us=64167
[17:38:27] TINYDRAW_SETTLED_PROFILE zoom=100 generation=6 bands=12 segments=6192 clear_us=13275 raster_us=499813 composite_us=111692 publish_us=52718 complete=1
[17:38:27] TINYDRAW_AUTO_SETTLED cycle=1 zoom=100 settled_us=841208
[17:38:27] TINYDRAW_AUTO_ZOOM cycle=2 zoom=200 changed=1 total_us=44974 cancel_us=4989 first_ready_us=9913 first_submit_us=10448 first_complete_us=11248 last_submit_us=43548 last_complete_us=44352 fallback_us=44918 settled_us=0
[17:38:27] TINYDRAW_AUTO_RUNWAY cycle=2 zoom=200 down12_ready=1 right1_ready=1 right1_ready_us=58695
[17:38:28] TINYDRAW_SETTLED_PROFILE zoom=200 generation=8 bands=12 segments=6767 clear_us=13285 raster_us=555308 composite_us=102591 publish_us=52032 complete=1
[17:38:28] TINYDRAW_AUTO_SETTLED cycle=2 zoom=200 settled_us=840253
[17:38:29] TINYDRAW_AUTO_ZOOM cycle=3 zoom=100 changed=1 total_us=138227 cancel_us=94989 first_ready_us=100412 first_submit_us=101002 first_complete_us=101797 last_submit_us=136554 last_complete_us=137358 fallback_us=138173 settled_us=0
[17:38:29] TINYDRAW_AUTO_RUNWAY cycle=3 zoom=100 down12_ready=1 right1_ready=1 right1_ready_us=63719
[17:38:29] TINYDRAW_SETTLED_PROFILE zoom=100 generation=10 bands=12 segments=6192 clear_us=13234 raster_us=503579 composite_us=110461 publish_us=52255 complete=1
[17:38:29] TINYDRAW_AUTO_SETTLED cycle=3 zoom=100 settled_us=899280
[17:38:30] TINYDRAW_AUTO_ZOOM cycle=4 zoom=50 changed=1 total_us=55086 cancel_us=4988 first_ready_us=10736 first_submit_us=11358 first_complete_us=12158 last_submit_us=52939 last_complete_us=53745 fallback_us=55032 settled_us=0
[17:38:30] TINYDRAW_AUTO_RUNWAY cycle=4 zoom=50 down12_ready=1 right1_ready=1 right1_ready_us=56621
[17:38:30] TINYDRAW_SETTLED_PROFILE zoom=50 generation=12 bands=12 segments=6537 clear_us=13315 raster_us=258321 composite_us=43782 publish_us=52790 complete=1
[17:38:30] TINYDRAW_AUTO_SETTLED cycle=4 zoom=50 settled_us=497177
[17:38:31] TINYDRAW_AUTO_ZOOM cycle=5 zoom=100 changed=1 total_us=80228 cancel_us=36989 first_ready_us=42399 first_submit_us=42972 first_complete_us=43773 last_submit_us=78540 last_complete_us=79344 fallback_us=80170 settled_us=0
[17:38:31] TINYDRAW_AUTO_RUNWAY cycle=5 zoom=100 down12_ready=1 right1_ready=1 right1_ready_us=64325
[17:38:32] TINYDRAW_SETTLED_PROFILE zoom=100 generation=14 bands=12 segments=6192 clear_us=13219 raster_us=499907 composite_us=111750 publish_us=52152 complete=1
[17:38:32] TINYDRAW_AUTO_SETTLED cycle=5 zoom=100 settled_us=839268
[17:38:32] TINYDRAW_AUTO_ZOOM cycle=6 zoom=200 changed=1 total_us=41936 cancel_us=1988 first_ready_us=6904 first_submit_us=7441 first_complete_us=8242 last_submit_us=40516 last_complete_us=41321 fallback_us=41878 settled_us=0
[17:38:32] TINYDRAW_AUTO_RUNWAY cycle=6 zoom=200 down12_ready=1 right1_ready=1 right1_ready_us=58909
[17:38:33] TINYDRAW_SETTLED_PROFILE zoom=200 generation=16 bands=12 segments=6767 clear_us=13288 raster_us=557778 composite_us=102458 publish_us=52060 complete=1
[17:38:33] TINYDRAW_AUTO_SETTLED cycle=6 zoom=200 settled_us=839259
[17:38:34] TINYDRAW_AUTO_ZOOM cycle=7 zoom=100 changed=1 total_us=138267 cancel_us=94989 first_ready_us=100408 first_submit_us=101005 first_complete_us=101800 last_submit_us=136602 last_complete_us=137406 fallback_us=138212 settled_us=0
[17:38:34] TINYDRAW_AUTO_RUNWAY cycle=7 zoom=100 down12_ready=1 right1_ready=1 right1_ready_us=63684
[17:38:35] TINYDRAW_SETTLED_PROFILE zoom=100 generation=18 bands=12 segments=6192 clear_us=13222 raster_us=502344 composite_us=111532 publish_us=52061 complete=1
[17:38:35] TINYDRAW_AUTO_SETTLED cycle=7 zoom=100 settled_us=899213
[17:38:35] TINYDRAW_AUTO_ZOOM cycle=8 zoom=50 changed=1 total_us=54328 cancel_us=3988 first_ready_us=9758 first_submit_us=10369 first_complete_us=11169 last_submit_us=52185 last_complete_us=52994 fallback_us=54273 settled_us=0
[17:38:35] TINYDRAW_AUTO_RUNWAY cycle=8 zoom=50 down12_ready=1 right1_ready=1 right1_ready_us=56470
[17:38:36] TINYDRAW_SETTLED_PROFILE zoom=50 generation=20 bands=12 segments=6537 clear_us=13334 raster_us=257153 composite_us=43331 publish_us=52795 complete=1
[17:38:36] TINYDRAW_AUTO_SETTLED cycle=8 zoom=50 settled_us=494229
[17:38:36] TINYDRAW_AUTO_ZOOM cycle=9 zoom=100 changed=1 total_us=79303 cancel_us=35987 first_ready_us=41394 first_submit_us=41985 first_complete_us=42780 last_submit_us=77623 last_complete_us=78429 fallback_us=79245 settled_us=0
[17:38:36] TINYDRAW_AUTO_RUNWAY cycle=9 zoom=100 down12_ready=1 right1_ready=1 right1_ready_us=64249
[17:38:37] TINYDRAW_SETTLED_PROFILE zoom=100 generation=22 bands=12 segments=6192 clear_us=13224 raster_us=501222 composite_us=110897 publish_us=52801 complete=1
[17:38:37] TINYDRAW_AUTO_SETTLED cycle=9 zoom=100 settled_us=839274
[17:38:37] TINYDRAW_AUTO_ZOOM cycle=10 zoom=200 changed=1 total_us=44000 cancel_us=3988 first_ready_us=8899 first_submit_us=9436 first_complete_us=10237 last_submit_us=42579 last_complete_us=43383 fallback_us=43936 settled_us=0
[17:38:37] TINYDRAW_AUTO_RUNWAY cycle=10 zoom=200 down12_ready=1 right1_ready=1 right1_ready_us=58689
[17:38:38] TINYDRAW_SETTLED_PROFILE zoom=200 generation=24 bands=12 segments=6767 clear_us=13273 raster_us=556184 composite_us=103143 publish_us=52773 complete=1
[17:38:38] TINYDRAW_AUTO_SETTLED cycle=10 zoom=200 settled_us=841200
[17:38:39] TINYDRAW_AUTO_ZOOM cycle=11 zoom=100 changed=1 total_us=137203 cancel_us=93989 first_ready_us=99401 first_submit_us=99992 first_complete_us=100786 last_submit_us=135522 last_complete_us=136326 fallback_us=137149 settled_us=0
[17:38:39] TINYDRAW_AUTO_RUNWAY cycle=11 zoom=100 down12_ready=1 right1_ready=1 right1_ready_us=63815
[17:38:40] TINYDRAW_SETTLED_PROFILE zoom=100 generation=26 bands=12 segments=6192 clear_us=13216 raster_us=501222 composite_us=111594 publish_us=52660 complete=1
[17:38:40] TINYDRAW_AUTO_SETTLED cycle=11 zoom=100 settled_us=898240
[17:38:41] TINYDRAW_FALLBACK_REPAIRED revision=2
[17:38:42] TINYDRAW_SETTLED_PROFILE zoom=100 generation=31 bands=11 segments=6193 clear_us=13262 raster_us=502275 composite_us=111987 publish_us=50534 complete=1
[17:38:43] TINYDRAW_AUTO_MUTATION started=1 committed=1 stale_zoom_accepted=0 repaired_zoom_accepted=1
[17:38:43] TINYDRAW_AUTO_ZOOM_DONE
