[14:48:06] I (246) esp_psram: Found 8MB PSESP-ROM:esp32s3-20210327
[14:48:06] Build:Mar 27 2021
[14:48:06] rst:0x15 (USB_UART_CHIP_RESET),boot:0x2b (SPI_FAST_FLASH_BOOT)
[14:48:06] Saved PC:0x40048839
[14:48:06] SPIWP:0xee
[14:48:06] mode:DIO, clock div:1
[14:48:06] load:0x3fce2820,len:0x1664
[14:48:06] load:0x403c8700,len:0xf38
[14:48:06] load:0x403cb700,len:0x31e8
[14:48:06] entry 0x403c8930
[14:48:06] I (24) boot: ESP-IDF v6.0.2 2nd stage bootloader
[14:48:06] I (24) boot: compile time Aug 11 2026 22:53:49
[14:48:06] I (25) boot: Multicore bootloader
[14:48:06] I (25) boot: chip revision: v0.2
[14:48:06] I (28) boot: efuse block revision: v1.3
[14:48:06] I (31) qio_mode: Enabling default flash chip QIO
[14:48:06] I (36) boot.esp32s3: Boot SPI Speed : 80MHz
[14:48:06] I (39) boot.esp32s3: SPI Mode       : QIO
[14:48:06] I (43) boot.esp32s3: SPI Flash Size : 16MB
[14:48:06] I (47) boot: Enabling RNG early entropy source...
[14:48:06] I (51) boot: Partition Table:
[14:48:06] I (54) boot: ## Label            Usage          Type ST Offset   Length
[14:48:06] I (60) boot:  0 nvs              WiFi data        01 02 00009000 00006000
[14:48:06] I (67) boot:  1 phy_init         RF data          01 01 0000f000 00001000
[14:48:07] I (73) boot:  2 factory          factory app      00 00 00010000 00100000
[14:48:07] I (80) boot:  3 drawing          Unknown data     01 40 00110000 00300000
[14:48:07] I (86) boot:  4 export           Unknown data     01 41 00410000 00500000
[14:48:07] I (93) boot:  5 coredump         Unknown data     01 03 00910000 00010000
[14:48:07] I (100) boot: End of partition table
[14:48:07] I (103) esp_image: segment 0: paddr=00010020 vaddr=3c030020 size=0f1c0h ( 61888) map
[14:48:07] I (120) esp_image: segment 1: paddr=0001f1e8 vaddr=3fc94600 size=00e30h (  3632) load
[14:48:07] I (121) esp_image: segment 2: paddr=00020020 vaddr=42000020 size=2e144h (188740) map
[14:48:07] I (155) esp_image: segment 3: paddr=0004e16c vaddr=3fc95430 size=0e8d4h ( 59604) load
[14:48:07] I (166) esp_image: segment 4: paddr=0005ca48 vaddr=40374000 size=104fch ( 66812) load
[14:48:07] I (180) esp_image: segment 5: paddr=0006cf4c vaddr=50000000 size=00024h (    36) load
[14:48:07] I (190) boot: Loaded app from partition at offset 0x10000
[14:48:07] I (190) boot: Disabling RNG early entropy source...
[14:48:07] I (200) octal_psram: vendor id    : 0x0d (AP)
[14:48:07] I (200) octal_psram: dev id       : 0x02 (generation 3)
[14:48:07] I (200) octal_psram: density      : 0x03 (64 Mbit)
[14:48:07] I (202) octal_psram: good-die     : 0x01 (Pass)
[14:48:07] I (206) octal_psram: Latency      : 0x01 (Fixed)
[14:48:07] I (211) octal_psram: VCC          : 0x01 (3V)
[14:48:07] I (215) octal_psram: SRF          : 0x01 (Fast Refresh)
[14:48:07] I (220) octal_psram: BurstType    : 0x01 (Hybrid Wrap)
[14:48:07] I (225) octal_psram: BurstLen     : 0x01 (32 Byte)
[14:48:07] I (229) octal_psram: Readlatency  : 0x02 (10 cycles@Fixed)
[14:48:07] I (234) octal_psram: DriveStrength: 0x00 (1/1)
[14:48:07] I (238) MSPI Timing: Enter psram timing tuning
[14:48:07] I (243) esp_psram: Found 8MB PSRAM device
[14:48:07] I (246) esp_psram: Speed: 80MHz
[14:48:07] I (249) cpu_start: Multicore app
[14:48:07] I (665) esp_psram: SPI SRAM memory test OK
[14:48:07] I (673) cpu_start: GPIO 44 and 43 are used as console UART I/O pins
[14:48:07] I (674) cpu_start: Pro cpu start user code
[14:48:07] I (674) cpu_start: cpu freq: 240000000 Hz
[14:48:07] I (676) app_init: Application information:
[14:48:07] I (680) app_init: Project name:     tinydraw_esp32
[14:48:07] I (684) app_init: App version:      79ded72
[14:48:07] I (688) app_init: Compile time:     Aug 12 2026 14:47:55
[14:48:07] I (693) app_init: ELF file SHA256:  ff8633c83...
[14:48:07] I (697) app_init: ESP-IDF:          v6.0.2
[14:48:07] I (701) efuse_init: Min chip rev:     v0.0
[14:48:07] I (705) efuse_init: Max chip rev:     v0.99
[14:48:07] I (709) efuse_init: Chip rev:         v0.2
[14:48:07] I (713) heap_init: Initializing. RAM available for dynamic allocation:
[14:48:07] I (719) heap_init: At 3FCA4A30 len 00044CE0 (275 KiB): RAM
[14:48:07] I (724) heap_init: At 3FCE9710 len 00005724 (21 KiB): RAM
[14:48:07] I (729) heap_init: At 3FCF0000 len 00008000 (32 KiB): DRAM
[14:48:07] I (735) heap_init: At 600FE000 len 00001FE8 (7 KiB): RTCRAM
[14:48:07] I (740) esp_psram: Adding pool of 8192K of PSRAM memory to heap allocator
[14:48:07] I (747) spi_flash: detected chip: generic
[14:48:07] I (750) spi_flash: flash io: qio
[14:48:07] I (753) sleep_gpio: Configure to isolate all GPIO pins in sleep state
[14:48:07] I (759) sleep_gpio: Enable automatic switching of GPIO sleep configuration
[14:48:07] I (766) main_task: Started on CPU0
[14:48:07] I (769) main_task: Calling app_main()
[14:48:07] TINYDRAW_PANEL_HARD_RESET=0
[14:48:07] I (953) co5300: version: 2.1.0
[14:48:07] I (953) co5300_spi: LCD panel create success, version: 2.1.0
[14:48:07] W (1033) co5300_spi: The 3Ah command has been used and will be overwritten by external initialization sequence
[14:48:08] I (1133) CST816S: IC id: 183
[14:48:08] [DEBUG-touch-rate] registers=1 id=0xb7 firmware=0x02 scan_period=0x00 irq=0x70
[14:48:08] I (1136) PCF85063A: PCF85063A initialized successfully
[14:48:08] TINYDRAW_RTC ready=1 retained=1 local=2026-08-12T14:48:01
[14:48:08] TINYDRAW_VECTOR_READY strokes=1100 samples=24576 bytes=325712 free_psram=563060
[14:48:08] TINYDRAW_AUTOSAVE_READY
[14:48:08] TINYDRAW_PSRAM world_bytes=2967552 free=563060 largest=557056 minimum=563060
[14:48:08] TINYDRAW_POWER_READY ready=1 button=1 valid=1 battery=100 voltage_mv=4088 charging=0 vbus=1
[14:48:14] TINYDRAW_INTERACTIVE_PAN_READY zoom=100 controls=S:50 M:100 L:200 XL:finish
[14:48:14] TINYDRAW_AUTO_INIT initial_atlas_us=5362754
[14:48:16] TINYDRAW_AUTO_ZOOM cycle=0 zoom=50 changed=1 total_us=48012 cancel_us=15 first_ready_us=5523 first_submit_us=6144 first_complete_us=6944 last_submit_us=46997 last_complete_us=47795 fallback_us=47001 settled_us=47795
[14:48:21] TINYDRAW_AUTO_ZOOM cycle=1 zoom=100 changed=1 total_us=40008 cancel_us=24 first_ready_us=5323 first_submit_us=5858 first_complete_us=6661 last_submit_us=38673 last_complete_us=39477 fallback_us=38676 settled_us=39477
[14:48:26] TINYDRAW_AUTO_ZOOM cycle=2 zoom=200 changed=1 total_us=40010 cancel_us=986 first_ready_us=5871 first_submit_us=6396 first_complete_us=7196 last_submit_us=39111 last_complete_us=39914 fallback_us=39115 settled_us=0
[14:48:31] TINYDRAW_AUTO_ZOOM cycle=3 zoom=100 changed=1 total_us=55010 cancel_us=5990 first_ready_us=11733 first_submit_us=12358 first_complete_us=13158 last_submit_us=53697 last_complete_us=54500 fallback_us=53701 settled_us=54500
[14:48:36] TINYDRAW_AUTO_ZOOM cycle=4 zoom=50 changed=1 total_us=49010 cancel_us=27 first_ready_us=5741 first_submit_us=6378 first_complete_us=7180 last_submit_us=47246 last_complete_us=48049 fallback_us=47250 settled_us=48049
[14:48:41] TINYDRAW_AUTO_ZOOM cycle=5 zoom=100 changed=1 total_us=40008 cancel_us=24 first_ready_us=5320 first_submit_us=5861 first_complete_us=6664 last_submit_us=38769 last_complete_us=39572 fallback_us=38773 settled_us=39572
[14:48:46] TINYDRAW_AUTO_ZOOM cycle=6 zoom=200 changed=1 total_us=40005 cancel_us=982 first_ready_us=5353 first_submit_us=5886 first_complete_us=6686 last_submit_us=38401 last_complete_us=39204 fallback_us=38405 settled_us=0
[14:48:51] TINYDRAW_AUTO_ZOOM cycle=7 zoom=100 changed=1 total_us=58011 cancel_us=8989 first_ready_us=14728 first_submit_us=15355 first_complete_us=16157 last_submit_us=56628 last_complete_us=57431 fallback_us=56632 settled_us=57431
[14:48:56] TINYDRAW_AUTO_ZOOM cycle=8 zoom=50 changed=1 total_us=49010 cancel_us=27 first_ready_us=5752 first_submit_us=6390 first_complete_us=7192 last_submit_us=47338 last_complete_us=48141 fallback_us=47342 settled_us=48141
[14:49:01] TINYDRAW_AUTO_ZOOM cycle=9 zoom=100 changed=1 total_us=40008 cancel_us=24 first_ready_us=5312 first_submit_us=5841 first_complete_us=6642 last_submit_us=38671 last_complete_us=39475 fallback_us=38674 settled_us=39475
[14:49:06] TINYDRAW_AUTO_ZOOM cycle=10 zoom=200 changed=1 total_us=41005 cancel_us=1982 first_ready_us=6351 first_submit_us=6881 first_complete_us=7682 last_submit_us=39620 last_complete_us=40422 fallback_us=39623 settled_us=0
[14:49:11] TINYDRAW_AUTO_ZOOM cycle=11 zoom=100 changed=1 total_us=53010 cancel_us=3990 first_ready_us=9759 first_submit_us=10383 first_complete_us=11184 last_submit_us=51533 last_complete_us=52337 fallback_us=51537 settled_us=52337
[14:49:16] TINYDRAW_AUTO_ZOOM_DONE
