[16:30:43] I (237) octal_psram: DriveStrenESP-ROM:esp32s3-20210327
[16:30:43] Build:Mar 27 2021
[16:30:43] rst:0x15 (USB_UART_CHIP_RESET),boot:0x2b (SPI_FAST_FLASH_BOOT)
[16:30:43] Saved PC:0x40048839
[16:30:43] SPIWP:0xee
[16:30:43] mode:DIO, clock div:1
[16:30:43] load:0x3fce2820,len:0x1664
[16:30:43] load:0x403c8700,len:0xf38
[16:30:43] load:0x403cb700,len:0x31e8
[16:30:43] entry 0x403c8930
[16:30:43] I (24) boot: ESP-IDF v6.0.2 2nd stage bootloader
[16:30:43] I (24) boot: compile time Aug 11 2026 22:53:49
[16:30:43] I (25) boot: Multicore bootloader
[16:30:43] I (25) boot: chip revision: v0.2
[16:30:43] I (28) boot: efuse block revision: v1.3
[16:30:43] I (31) qio_mode: Enabling default flash chip QIO
[16:30:43] I (36) boot.esp32s3: Boot SPI Speed : 80MHz
[16:30:43] I (39) boot.esp32s3: SPI Mode       : QIO
[16:30:43] I (43) boot.esp32s3: SPI Flash Size : 16MB
[16:30:43] I (47) boot: Enabling RNG early entropy source...
[16:30:43] I (51) boot: Partition Table:
[16:30:43] I (54) boot: ## Label            Usage          Type ST Offset   Length
[16:30:43] I (60) boot:  0 nvs              WiFi data        01 02 00009000 00006000
[16:30:43] I (67) boot:  1 phy_init         RF data          01 01 0000f000 00001000
[16:30:43] I (73) boot:  2 factory          factory app      00 00 00010000 00100000
[16:30:43] I (80) boot:  3 drawing          Unknown data     01 40 00110000 00300000
[16:30:43] I (86) boot:  4 export           Unknown data     01 41 00410000 00500000
[16:30:43] I (93) boot:  5 coredump         Unknown data     01 03 00910000 00010000
[16:30:43] I (100) boot: End of partition table
[16:30:43] I (103) esp_image: segment 0: paddr=00010020 vaddr=3c030020 size=0f3a0h ( 62368) map
[16:30:43] I (120) esp_image: segment 1: paddr=0001f3c8 vaddr=3fc94500 size=00c50h (  3152) load
[16:30:43] I (121) esp_image: segment 2: paddr=00020020 vaddr=42000020 size=2fa7ch (195196) map
[16:30:43] I (156) esp_image: segment 3: paddr=0004faa4 vaddr=3fc95150 size=0eab4h ( 60084) load
[16:30:43] I (167) esp_image: segment 4: paddr=0005e560 vaddr=40374000 size=104b4h ( 66740) load
[16:30:43] I (181) esp_image: segment 5: paddr=0006ea1c vaddr=50000000 size=00024h (    36) load
[16:30:44] I (191) boot: Loaded app from partition at offset 0x10000
[16:30:44] I (191) boot: Disabling RNG early entropy source...
[16:30:44] I (201) octal_psram: vendor id    : 0x0d (AP)
[16:30:44] I (201) octal_psram: dev id       : 0x02 (generation 3)
[16:30:44] I (201) octal_psram: density      : 0x03 (64 Mbit)
[16:30:44] I (203) octal_psram: good-die     : 0x01 (Pass)
[16:30:44] I (207) octal_psram: Latency      : 0x01 (Fixed)
[16:30:44] I (212) octal_psram: VCC          : 0x01 (3V)
[16:30:44] I (216) octal_psram: SRF          : 0x01 (Fast Refresh)
[16:30:44] I (221) octal_psram: BurstType    : 0x01 (Hybrid Wrap)
[16:30:44] I (226) octal_psram: BurstLen     : 0x01 (32 Byte)
[16:30:44] I (230) octal_psram: Readlatency  : 0x02 (10 cycles@Fixed)
[16:30:44] I (235) octal_psram: DriveStrength: 0x00 (1/1)
[16:30:44] I (239) MSPI Timing: Enter psram timing tuning
[16:30:44] I (244) esp_psram: Found 8MB PSRAM device
[16:30:44] I (247) esp_psram: Speed: 80MHz
[16:30:44] I (250) cpu_start: Multicore app
[16:30:44] I (666) esp_psram: SPI SRAM memory test OK
[16:30:44] I (675) cpu_start: GPIO 44 and 43 are used as console UART I/O pins
[16:30:44] I (675) cpu_start: Pro cpu start user code
[16:30:44] I (675) cpu_start: cpu freq: 240000000 Hz
[16:30:44] I (677) app_init: Application information:
[16:30:44] I (681) app_init: Project name:     tinydraw_esp32
[16:30:44] I (685) app_init: App version:      caed9b5-dirty
[16:30:44] I (690) app_init: Compile time:     Aug 12 2026 16:26:46
[16:30:44] I (695) app_init: ELF file SHA256:  38f503aa9...
[16:30:44] I (699) app_init: ESP-IDF:          v6.0.2
[16:30:44] I (703) efuse_init: Min chip rev:     v0.0
[16:30:44] I (707) efuse_init: Max chip rev:     v0.99
[16:30:44] I (711) efuse_init: Chip rev:         v0.2
[16:30:44] I (714) heap_init: Initializing. RAM available for dynamic allocation:
[16:30:44] I (721) heap_init: At 3FCA4830 len 00044EE0 (275 KiB): RAM
[16:30:44] I (726) heap_init: At 3FCE9710 len 00005724 (21 KiB): RAM
[16:30:44] I (731) heap_init: At 3FCF0000 len 00008000 (32 KiB): DRAM
[16:30:44] I (736) heap_init: At 600FE000 len 00001FE8 (7 KiB): RTCRAM
[16:30:44] I (742) esp_psram: Adding pool of 8192K of PSRAM memory to heap allocator
[16:30:44] I (748) spi_flash: detected chip: generic
[16:30:44] I (752) spi_flash: flash io: qio
[16:30:44] I (755) sleep_gpio: Configure to isolate all GPIO pins in sleep state
[16:30:44] I (761) sleep_gpio: Enable automatic switching of GPIO sleep configuration
[16:30:44] I (768) main_task: Started on CPU0
[16:30:44] I (771) main_task: Calling app_main()
[16:30:44] TINYDRAW_PANEL_HARD_RESET=1
[16:30:44] I (955) co5300: version: 2.1.0
[16:30:44] I (955) co5300_spi: LCD panel create success, version: 2.1.0
[16:30:44] W (1035) co5300_spi: The 3Ah command has been used and will be overwritten by external initialization sequence
[16:30:44] I (1135) CST816S: IC id: 183
[16:30:44] [DEBUG-touch-rate] registers=1 id=0xb7 firmware=0x02 scan_period=0x00 irq=0x70
[16:30:44] I (1138) PCF85063A: PCF85063A initialized successfully
[16:30:44] TINYDRAW_RTC ready=1 retained=1 local=2026-08-12T16:30:37
[16:30:45] TINYDRAW_VECTOR_READY strokes=1100 samples=24576 bytes=325712 free_psram=563060
[16:30:45] TINYDRAW_AUTOSAVE_READY
[16:30:45] TINYDRAW_PSRAM world_bytes=2967552 free=563060 largest=557056 minimum=563060
[16:30:45] TINYDRAW_POWER_READY ready=1 button=1 valid=1 battery=100 voltage_mv=4094 charging=0 vbus=1
[16:30:45] TINYDRAW_SETTLED_LOD input=19844 output=6602 bytes=79224
[16:30:46] TINYDRAW_SETTLED_PROFILE zoom=100 generation=2 bands=12 segments=9361 clear_us=11611 raster_us=474460 composite_us=106652 publish_us=50391 complete=1
[16:30:51] TINYDRAW_INTERACTIVE_PAN_READY zoom=100 controls=S:50 M:100 L:200 XL:finish
[16:30:51] TINYDRAW_AUTO_INIT initial_atlas_us=5600682
[16:30:53] TINYDRAW_AUTO_ZOOM cycle=0 zoom=50 changed=1 total_us=48018 cancel_us=16 first_ready_us=5642 first_submit_us=6247 first_complete_us=7048 last_submit_us=46928 last_complete_us=47736 fallback_us=46929 settled_us=0
[16:30:53] TINYDRAW_SETTLED_PROFILE zoom=50 generation=4 bands=12 segments=7855 clear_us=11791 raster_us=243587 composite_us=40473 publish_us=51734 complete=1
[16:30:53] TINYDRAW_AUTO_SETTLED cycle=0 zoom=50 settled_us=409229
[16:30:54] TINYDRAW_AUTO_ZOOM cycle=1 zoom=100 changed=1 total_us=44008 cancel_us=993 first_ready_us=6475 first_submit_us=7044 first_complete_us=7846 last_submit_us=42253 last_complete_us=43061 fallback_us=42255 settled_us=0
[16:30:54] TINYDRAW_SETTLED_PROFILE zoom=100 generation=6 bands=12 segments=9361 clear_us=11774 raster_us=478010 composite_us=107804 publish_us=51569 complete=1
[16:30:54] TINYDRAW_AUTO_SETTLED cycle=1 zoom=100 settled_us=708297
[16:30:55] TINYDRAW_AUTO_ZOOM cycle=2 zoom=200 changed=1 total_us=100011 cancel_us=60991 first_ready_us=65926 first_submit_us=66457 first_complete_us=67258 last_submit_us=98880 last_complete_us=99689 fallback_us=98881 settled_us=0
[16:30:56] TINYDRAW_SETTLED_PROFILE zoom=200 generation=8 bands=12 segments=4284 clear_us=12295 raster_us=374367 composite_us=101542 publish_us=51115 complete=1
[16:30:56] TINYDRAW_AUTO_SETTLED cycle=2 zoom=200 settled_us=654229
[16:30:56] TINYDRAW_AUTO_ZOOM cycle=3 zoom=100 changed=1 total_us=44008 cancel_us=991 first_ready_us=6486 first_submit_us=7055 first_complete_us=7857 last_submit_us=42322 last_complete_us=43131 fallback_us=42323 settled_us=0
[16:30:57] TINYDRAW_SETTLED_PROFILE zoom=100 generation=10 bands=12 segments=9361 clear_us=11718 raster_us=478048 composite_us=107633 publish_us=51562 complete=1
[16:30:57] TINYDRAW_AUTO_SETTLED cycle=3 zoom=100 settled_us=708250
[16:30:57] TINYDRAW_AUTO_ZOOM cycle=4 zoom=50 changed=1 total_us=111009 cancel_us=62991 first_ready_us=68717 first_submit_us=69337 first_complete_us=70139 last_submit_us=110079 last_complete_us=110887 fallback_us=110080 settled_us=0
[16:30:58] TINYDRAW_SETTLED_PROFILE zoom=50 generation=12 bands=12 segments=7855 clear_us=11382 raster_us=243246 composite_us=40893 publish_us=51757 complete=1
[16:30:58] TINYDRAW_AUTO_SETTLED cycle=4 zoom=50 settled_us=472230
[16:30:58] TINYDRAW_AUTO_ZOOM cycle=5 zoom=100 changed=1 total_us=43005 cancel_us=987 first_ready_us=6438 first_submit_us=7018 first_complete_us=7819 last_submit_us=42029 last_complete_us=42837 fallback_us=42031 settled_us=0
[16:30:59] TINYDRAW_SETTLED_PROFILE zoom=100 generation=14 bands=12 segments=9361 clear_us=11486 raster_us=476569 composite_us=108249 publish_us=51153 complete=1
[16:30:59] TINYDRAW_AUTO_SETTLED cycle=5 zoom=100 settled_us=707239
[16:31:00] TINYDRAW_AUTO_ZOOM cycle=6 zoom=200 changed=1 total_us=102012 cancel_us=62991 first_ready_us=67919 first_submit_us=68452 first_complete_us=69253 last_submit_us=100877 last_complete_us=101685 fallback_us=100878 settled_us=0
[16:31:00] TINYDRAW_SETTLED_PROFILE zoom=200 generation=16 bands=12 segments=4284 clear_us=12377 raster_us=374660 composite_us=101103 publish_us=51014 complete=1
[16:31:00] TINYDRAW_AUTO_SETTLED cycle=6 zoom=200 settled_us=656234
[16:31:01] TINYDRAW_AUTO_ZOOM cycle=7 zoom=100 changed=1 total_us=44008 cancel_us=989 first_ready_us=6483 first_submit_us=7056 first_complete_us=7858 last_submit_us=42313 last_complete_us=43122 fallback_us=42314 settled_us=0
[16:31:01] TINYDRAW_SETTLED_PROFILE zoom=100 generation=18 bands=12 segments=9361 clear_us=11554 raster_us=478485 composite_us=107347 publish_us=51322 complete=1
[16:31:01] TINYDRAW_AUTO_SETTLED cycle=7 zoom=100 settled_us=708278
[16:31:02] TINYDRAW_AUTO_ZOOM cycle=8 zoom=50 changed=1 total_us=111009 cancel_us=62991 first_ready_us=68712 first_submit_us=69332 first_complete_us=70133 last_submit_us=110067 last_complete_us=110875 fallback_us=110068 settled_us=0
[16:31:02] TINYDRAW_SETTLED_PROFILE zoom=50 generation=20 bands=12 segments=7855 clear_us=11206 raster_us=243598 composite_us=41065 publish_us=51506 complete=1
[16:31:02] TINYDRAW_AUTO_SETTLED cycle=8 zoom=50 settled_us=472223
[16:31:03] TINYDRAW_AUTO_ZOOM cycle=9 zoom=100 changed=1 total_us=44007 cancel_us=991 first_ready_us=6477 first_submit_us=7046 first_complete_us=7851 last_submit_us=42298 last_complete_us=43107 fallback_us=42299 settled_us=0
[16:31:04] TINYDRAW_SETTLED_PROFILE zoom=100 generation=22 bands=12 segments=9361 clear_us=11769 raster_us=478694 composite_us=107357 publish_us=51489 complete=1
[16:31:04] TINYDRAW_AUTO_SETTLED cycle=9 zoom=100 settled_us=708223
[16:31:04] TINYDRAW_AUTO_ZOOM cycle=10 zoom=200 changed=1 total_us=102012 cancel_us=62991 first_ready_us=67929 first_submit_us=68461 first_complete_us=69262 last_submit_us=100887 last_complete_us=101696 fallback_us=100889 settled_us=0
[16:31:05] TINYDRAW_SETTLED_PROFILE zoom=200 generation=24 bands=12 segments=4284 clear_us=12301 raster_us=373898 composite_us=101781 publish_us=50898 complete=1
[16:31:05] TINYDRAW_AUTO_SETTLED cycle=10 zoom=200 settled_us=656234
[16:31:05] TINYDRAW_AUTO_ZOOM cycle=11 zoom=100 changed=1 total_us=44007 cancel_us=993 first_ready_us=6482 first_submit_us=7050 first_complete_us=7861 last_submit_us=42266 last_complete_us=43074 fallback_us=42267 settled_us=0
[16:31:06] TINYDRAW_SETTLED_PROFILE zoom=100 generation=26 bands=12 segments=9361 clear_us=11777 raster_us=478803 composite_us=107603 publish_us=51647 complete=1
[16:31:06] TINYDRAW_AUTO_SETTLED cycle=11 zoom=100 settled_us=708290
[16:31:06] TINYDRAW_AUTO_ZOOM_DONE
