[16:41:33] I (241) MSPI Timing: Enter psram timiESP-ROM:esp32s3-20210327
[16:41:33] Build:Mar 27 2021
[16:41:33] rst:0x15 (USB_UART_CHIP_RESET),boot:0x2b (SPI_FAST_FLASH_BOOT)
[16:41:33] Saved PC:0x40048839
[16:41:33] SPIWP:0xee
[16:41:33] mode:DIO, clock div:1
[16:41:33] load:0x3fce2820,len:0x1664
[16:41:33] load:0x403c8700,len:0xf38
[16:41:33] load:0x403cb700,len:0x31e8
[16:41:34] entry 0x403c8930
[16:41:34] I (24) boot: ESP-IDF v6.0.2 2nd stage bootloader
[16:41:34] I (24) boot: compile time Aug 11 2026 22:53:49
[16:41:34] I (25) boot: Multicore bootloader
[16:41:34] I (25) boot: chip revision: v0.2
[16:41:34] I (28) boot: efuse block revision: v1.3
[16:41:34] I (31) qio_mode: Enabling default flash chip QIO
[16:41:34] I (36) boot.esp32s3: Boot SPI Speed : 80MHz
[16:41:34] I (39) boot.esp32s3: SPI Mode       : QIO
[16:41:34] I (43) boot.esp32s3: SPI Flash Size : 16MB
[16:41:34] I (47) boot: Enabling RNG early entropy source...
[16:41:34] I (51) boot: Partition Table:
[16:41:34] I (54) boot: ## Label            Usage          Type ST Offset   Length
[16:41:34] I (60) boot:  0 nvs              WiFi data        01 02 00009000 00006000
[16:41:34] I (67) boot:  1 phy_init         RF data          01 01 0000f000 00001000
[16:41:34] I (73) boot:  2 factory          factory app      00 00 00010000 00100000
[16:41:34] I (80) boot:  3 drawing          Unknown data     01 40 00110000 00300000
[16:41:34] I (86) boot:  4 export           Unknown data     01 41 00410000 00500000
[16:41:34] I (93) boot:  5 coredump         Unknown data     01 03 00910000 00010000
[16:41:34] I (100) boot: End of partition table
[16:41:34] I (103) esp_image: segment 0: paddr=00010020 vaddr=3c040020 size=0f3d0h ( 62416) map
[16:41:34] I (120) esp_image: segment 1: paddr=0001f3f8 vaddr=3fc94500 size=00c20h (  3104) load
[16:41:34] I (121) esp_image: segment 2: paddr=00020020 vaddr=42000020 size=30380h (197504) map
[16:41:34] I (156) esp_image: segment 3: paddr=000503a8 vaddr=3fc95120 size=0eae4h ( 60132) load
[16:41:34] I (167) esp_image: segment 4: paddr=0005ee94 vaddr=40374000 size=104b4h ( 66740) load
[16:41:34] I (181) esp_image: segment 5: paddr=0006f350 vaddr=50000000 size=00024h (    36) load
[16:41:34] I (191) boot: Loaded app from partition at offset 0x10000
[16:41:34] I (191) boot: Disabling RNG early entropy source...
[16:41:34] I (201) octal_psram: vendor id    : 0x0d (AP)
[16:41:34] I (201) octal_psram: dev id       : 0x02 (generation 3)
[16:41:34] I (202) octal_psram: density      : 0x03 (64 Mbit)
[16:41:34] I (203) octal_psram: good-die     : 0x01 (Pass)
[16:41:34] I (208) octal_psram: Latency      : 0x01 (Fixed)
[16:41:34] I (212) octal_psram: VCC          : 0x01 (3V)
[16:41:34] I (216) octal_psram: SRF          : 0x01 (Fast Refresh)
[16:41:34] I (221) octal_psram: BurstType    : 0x01 (Hybrid Wrap)
[16:41:34] I (226) octal_psram: BurstLen     : 0x01 (32 Byte)
[16:41:34] I (230) octal_psram: Readlatency  : 0x02 (10 cycles@Fixed)
[16:41:34] I (236) octal_psram: DriveStrength: 0x00 (1/1)
[16:41:34] I (240) MSPI Timing: Enter psram timing tuning
[16:41:34] I (245) esp_psram: Found 8MB PSRAM device
[16:41:34] I (248) esp_psram: Speed: 80MHz
[16:41:34] I (251) cpu_start: Multicore app
[16:41:34] I (667) esp_psram: SPI SRAM memory test OK
[16:41:34] I (675) cpu_start: GPIO 44 and 43 are used as console UART I/O pins
[16:41:34] I (675) cpu_start: Pro cpu start user code
[16:41:34] I (675) cpu_start: cpu freq: 240000000 Hz
[16:41:34] I (677) app_init: Application information:
[16:41:34] I (681) app_init: Project name:     tinydraw_esp32
[16:41:34] I (685) app_init: App version:      caed9b5-dirty
[16:41:34] I (690) app_init: Compile time:     Aug 12 2026 16:26:46
[16:41:34] I (695) app_init: ELF file SHA256:  b756b0a2b...
[16:41:34] I (699) app_init: ESP-IDF:          v6.0.2
[16:41:34] I (703) efuse_init: Min chip rev:     v0.0
[16:41:34] I (707) efuse_init: Max chip rev:     v0.99
[16:41:34] I (711) efuse_init: Chip rev:         v0.2
[16:41:34] I (715) heap_init: Initializing. RAM available for dynamic allocation:
[16:41:34] I (721) heap_init: At 3FCA4830 len 00044EE0 (275 KiB): RAM
[16:41:34] I (726) heap_init: At 3FCE9710 len 00005724 (21 KiB): RAM
[16:41:34] I (731) heap_init: At 3FCF0000 len 00008000 (32 KiB): DRAM
[16:41:34] I (737) heap_init: At 600FE000 len 00001FE8 (7 KiB): RTCRAM
[16:41:34] I (742) esp_psram: Adding pool of 8192K of PSRAM memory to heap allocator
[16:41:34] I (749) spi_flash: detected chip: generic
[16:41:34] I (752) spi_flash: flash io: qio
[16:41:34] I (755) sleep_gpio: Configure to isolate all GPIO pins in sleep state
[16:41:34] I (761) sleep_gpio: Enable automatic switching of GPIO sleep configuration
[16:41:34] I (768) main_task: Started on CPU0
[16:41:34] I (771) main_task: Calling app_main()
[16:41:34] TINYDRAW_PANEL_HARD_RESET=1
[16:41:34] I (955) co5300: version: 2.1.0
[16:41:34] I (955) co5300_spi: LCD panel create success, version: 2.1.0
[16:41:35] W (1035) co5300_spi: The 3Ah command has been used and will be overwritten by external initialization sequence
[16:41:35] I (1135) CST816S: IC id: 183
[16:41:35] [DEBUG-touch-rate] registers=1 id=0xb7 firmware=0x02 scan_period=0x00 irq=0x70
[16:41:35] I (1138) PCF85063A: PCF85063A initialized successfully
[16:41:35] TINYDRAW_RTC ready=1 retained=1 local=2026-08-12T16:41:27
[16:41:35] TINYDRAW_VECTOR_READY strokes=1100 samples=24576 bytes=325712 free_psram=563060
[16:41:35] TINYDRAW_AUTOSAVE_READY
[16:41:35] TINYDRAW_PSRAM world_bytes=2967552 free=563060 largest=557056 minimum=563060
[16:41:35] TINYDRAW_POWER_READY ready=1 button=1 valid=1 battery=100 voltage_mv=4091 charging=0 vbus=1
[16:41:35] TINYDRAW_SETTLED_LOD input=19844 output=6602 bytes=79224
[16:41:36] TINYDRAW_SETTLED_PROFILE zoom=100 generation=2 bands=12 segments=5297 clear_us=13408 raster_us=442371 composite_us=113827 publish_us=51364 complete=1
[16:41:41] TINYDRAW_INTERACTIVE_PAN_READY zoom=100 controls=S:50 M:100 L:200 XL:finish
[16:41:41] TINYDRAW_AUTO_INIT initial_atlas_us=5588621
[16:41:43] TINYDRAW_AUTO_ZOOM cycle=0 zoom=50 changed=1 total_us=49012 cancel_us=14 first_ready_us=5652 first_submit_us=6277 first_complete_us=7078 last_submit_us=48020 last_complete_us=48825 fallback_us=48025 settled_us=0
[16:41:43] TINYDRAW_SETTLED_PROFILE zoom=50 generation=4 bands=12 segments=5602 clear_us=13479 raster_us=225131 composite_us=43882 publish_us=52624 complete=1
[16:41:43] TINYDRAW_AUTO_SETTLED cycle=0 zoom=50 settled_us=387205
[16:41:44] TINYDRAW_AUTO_ZOOM cycle=1 zoom=100 changed=1 total_us=44010 cancel_us=991 first_ready_us=6478 first_submit_us=7066 first_complete_us=7868 last_submit_us=43150 last_complete_us=43954 fallback_us=43155 settled_us=0
[16:41:44] TINYDRAW_SETTLED_PROFILE zoom=100 generation=6 bands=12 segments=5297 clear_us=13648 raster_us=446148 composite_us=113421 publish_us=52782 complete=1
[16:41:44] TINYDRAW_AUTO_SETTLED cycle=1 zoom=100 settled_us=673242
[16:41:45] TINYDRAW_AUTO_ZOOM cycle=2 zoom=200 changed=1 total_us=102011 cancel_us=61991 first_ready_us=66923 first_submit_us=67462 first_complete_us=68263 last_submit_us=100717 last_complete_us=101520 fallback_us=100722 settled_us=0
[16:41:46] TINYDRAW_SETTLED_PROFILE zoom=200 generation=8 bands=12 segments=1981 clear_us=13831 raster_us=357816 composite_us=108472 publish_us=52749 complete=1
[16:41:46] TINYDRAW_AUTO_SETTLED cycle=2 zoom=200 settled_us=636235
[16:41:46] TINYDRAW_AUTO_ZOOM cycle=3 zoom=100 changed=1 total_us=44009 cancel_us=989 first_ready_us=6505 first_submit_us=7075 first_complete_us=7877 last_submit_us=43106 last_complete_us=43911 fallback_us=43111 settled_us=0
[16:41:47] TINYDRAW_SETTLED_PROFILE zoom=100 generation=10 bands=12 segments=5297 clear_us=13644 raster_us=446592 composite_us=113745 publish_us=52287 complete=1
[16:41:47] TINYDRAW_AUTO_SETTLED cycle=3 zoom=100 settled_us=673256
[16:41:47] TINYDRAW_AUTO_ZOOM cycle=4 zoom=50 changed=1 total_us=110008 cancel_us=60991 first_ready_us=66738 first_submit_us=67363 first_complete_us=68163 last_submit_us=109115 last_complete_us=109922 fallback_us=109120 settled_us=0
[16:41:48] TINYDRAW_SETTLED_PROFILE zoom=50 generation=12 bands=12 segments=5602 clear_us=13479 raster_us=224633 composite_us=43487 publish_us=52676 complete=1
[16:41:48] TINYDRAW_AUTO_SETTLED cycle=4 zoom=50 settled_us=447195
[16:41:48] TINYDRAW_AUTO_ZOOM cycle=5 zoom=100 changed=1 total_us=44011 cancel_us=991 first_ready_us=6472 first_submit_us=7046 first_complete_us=7847 last_submit_us=43135 last_complete_us=43940 fallback_us=43140 settled_us=0
[16:41:49] TINYDRAW_SETTLED_PROFILE zoom=100 generation=14 bands=12 segments=5297 clear_us=13625 raster_us=447273 composite_us=113019 publish_us=52428 complete=1
[16:41:49] TINYDRAW_AUTO_SETTLED cycle=5 zoom=100 settled_us=673233
[16:41:50] TINYDRAW_AUTO_ZOOM cycle=6 zoom=200 changed=1 total_us=100011 cancel_us=59991 first_ready_us=64916 first_submit_us=65456 first_complete_us=66256 last_submit_us=98752 last_complete_us=99545 fallback_us=98760 settled_us=0
[16:41:50] TINYDRAW_SETTLED_PROFILE zoom=200 generation=16 bands=12 segments=1981 clear_us=13783 raster_us=358883 composite_us=107970 publish_us=52187 complete=1
[16:41:50] TINYDRAW_AUTO_SETTLED cycle=6 zoom=200 settled_us=634223
[16:41:51] TINYDRAW_AUTO_ZOOM cycle=7 zoom=100 changed=1 total_us=44009 cancel_us=987 first_ready_us=6522 first_submit_us=7088 first_complete_us=7891 last_submit_us=43113 last_complete_us=43917 fallback_us=43118 settled_us=0
[16:41:51] TINYDRAW_SETTLED_PROFILE zoom=100 generation=18 bands=12 segments=5297 clear_us=13650 raster_us=446759 composite_us=113402 publish_us=52421 complete=1
[16:41:51] TINYDRAW_AUTO_SETTLED cycle=7 zoom=100 settled_us=673241
[16:41:52] TINYDRAW_AUTO_ZOOM cycle=8 zoom=50 changed=1 total_us=110008 cancel_us=60991 first_ready_us=66735 first_submit_us=67358 first_complete_us=68157 last_submit_us=109143 last_complete_us=109950 fallback_us=109148 settled_us=0
[16:41:52] TINYDRAW_SETTLED_PROFILE zoom=50 generation=20 bands=12 segments=5602 clear_us=13476 raster_us=224534 composite_us=43430 publish_us=52660 complete=1
[16:41:52] TINYDRAW_AUTO_SETTLED cycle=8 zoom=50 settled_us=447231
[16:41:53] TINYDRAW_AUTO_ZOOM cycle=9 zoom=100 changed=1 total_us=44012 cancel_us=991 first_ready_us=6491 first_submit_us=7076 first_complete_us=7880 last_submit_us=43155 last_complete_us=43960 fallback_us=43160 settled_us=0
[16:41:53] TINYDRAW_SETTLED_PROFILE zoom=100 generation=22 bands=12 segments=5297 clear_us=13638 raster_us=447546 composite_us=112723 publish_us=52345 complete=1
[16:41:53] TINYDRAW_AUTO_SETTLED cycle=9 zoom=100 settled_us=673209
[16:41:54] TINYDRAW_AUTO_ZOOM cycle=10 zoom=200 changed=1 total_us=102012 cancel_us=61991 first_ready_us=66915 first_submit_us=67453 first_complete_us=68253 last_submit_us=100727 last_complete_us=101530 fallback_us=100732 settled_us=0
[16:41:55] TINYDRAW_SETTLED_PROFILE zoom=200 generation=24 bands=12 segments=1981 clear_us=13822 raster_us=358647 composite_us=108239 publish_us=52904 complete=1
[16:41:55] TINYDRAW_AUTO_SETTLED cycle=10 zoom=200 settled_us=637124
[16:41:55] TINYDRAW_AUTO_ZOOM cycle=11 zoom=100 changed=1 total_us=45010 cancel_us=987 first_ready_us=6537 first_submit_us=7107 first_complete_us=7908 last_submit_us=43262 last_complete_us=44067 fallback_us=43267 settled_us=0
[16:41:56] TINYDRAW_SETTLED_PROFILE zoom=100 generation=26 bands=12 segments=5297 clear_us=13653 raster_us=447044 composite_us=113351 publish_us=52051 complete=1
[16:41:56] TINYDRAW_AUTO_SETTLED cycle=11 zoom=100 settled_us=673205
[16:41:56] TINYDRAW_AUTO_ZOOM_DONE
