[15:12:52] ESP-ROM:esp32s3-20210327
[15:12:52] Build:Mar 27 2021
[15:12:52] rst:0x15 (USB_UART_CHIP_RESET),boot:0x2b (SPI_FAST_FLASH_BOOT)
[15:12:52] Saved PC:0x420082cb
[15:12:52] SPIWP:0xee
[15:12:52] mode:DIO, clock div:1
[15:12:52] load:0x3fce2820,len:0x1664
[15:12:52] load:0x403c8700,len:0xf38
[15:12:52] load:0x403cb700,len:0x31e8
[15:12:52] entry 0x403c8930
[15:12:52] I (24) boot: ESP-IDF v6.0.2 2nd stage bootloader
[15:12:52] I (24) boot: compile time Aug 11 2026 22:53:49
[15:12:52] I (25) boot: Multicore bootloader
[15:12:52] I (25) boot: chip revision: v0.2
[15:12:52] I (28) boot: efuse block revision: v1.3
[15:12:52] I (31) qio_mode: Enabling default flash chip QIO
[15:12:52] I (36) boot.esp32s3: Boot SPI Speed : 80MHz
[15:12:52] I (39) boot.esp32s3: SPI Mode       : QIO
[15:12:52] I (43) boot.esp32s3: SPI Flash Size : 16MB
[15:12:52] I (47) boot: Enabling RNG early entropy source...
[15:12:52] I (51) boot: Partition Table:
[15:12:52] I (54) boot: ## Label            Usage          Type ST Offset   Length
[15:12:52] I (60) boot:  0 nvs              WiFi data        01 02 00009000 00006000
[15:12:52] I (67) boot:  1 phy_init         RF data          01 01 0000f000 00001000
[15:12:52] I (73) boot:  2 factory          factory app      00 00 00010000 00100000
[15:12:52] I (80) boot:  3 drawing          Unknown data     01 40 00110000 00300000
[15:12:52] I (86) boot:  4 export           Unknown data     01 41 00410000 00500000
[15:12:52] I (93) boot:  5 coredump         Unknown data     01 03 00910000 00010000
[15:12:52] I (100) boot: End of partition table
[15:12:52] I (103) esp_image: segment 0: paddr=00010020 vaddr=3c030020 size=0f260h ( 62048) map
[15:12:52] I (120) esp_image: segment 1: paddr=0001f288 vaddr=3fc94600 size=00d90h (  3472) load
[15:12:52] I (121) esp_image: segment 2: paddr=00020020 vaddr=42000020 size=2f220h (193056) map
[15:12:52] I (155) esp_image: segment 3: paddr=0004f248 vaddr=3fc95390 size=0e974h ( 59764) load
[15:12:52] I (167) esp_image: segment 4: paddr=0005dbc4 vaddr=40374000 size=104fch ( 66812) load
[15:12:52] I (180) esp_image: segment 5: paddr=0006e0c8 vaddr=50000000 size=00024h (    36) load
[15:12:52] I (190) boot: Loaded app from partition at offset 0x10000
[15:12:52] I (190) boot: Disabling RNG early entropy source...
[15:12:52] I (200) octal_psram: vendor id    : 0x0d (AP)
[15:12:52] I (201) octal_psram: dev id       : 0x02 (generation 3)
[15:12:52] I (201) octal_psram: density      : 0x03 (64 Mbit)
[15:12:52] I (203) octal_psram: good-die     : 0x01 (Pass)
[15:12:52] I (207) octal_psram: Latency      : 0x01 (Fixed)
[15:12:52] I (211) octal_psram: VCC          : 0x01 (3V)
[15:12:52] I (215) octal_psram: SRF          : 0x01 (Fast Refresh)
[15:12:52] I (220) octal_psram: BurstType    : 0x01 (Hybrid Wrap)
[15:12:53] I (225) octal_psram: BurstLen     : 0x01 (32 Byte)
[15:12:53] I (230) octal_psram: Readlatency  : 0x02 (10 cycles@Fixed)
[15:12:53] I (235) octal_psram: DriveStrength: 0x00 (1/1)
[15:12:53] I (239) MSPI Timing: Enter psram timing tuning
[15:12:53] I (244) esp_psram: Found 8MB PSRAM device
[15:12:53] I (247) esp_psram: Speed: 80MHz
[15:12:53] I (250) cpu_start: Multicore app
[15:12:53] I (666) esp_psram: SPI SRAM memory test OK
[15:12:53] I (674) cpu_start: GPIO 44 and 43 are used as console UART I/O pins
[15:12:53] I (675) cpu_start: Pro cpu start user code
[15:12:53] I (675) cpu_start: cpu freq: 240000000 Hz
[15:12:53] I (676) app_init: Application information:
[15:12:53] I (680) app_init: Project name:     tinydraw_esp32
[15:12:53] I (685) app_init: App version:      18ee81a
[15:12:53] I (689) app_init: Compile time:     Aug 12 2026 14:55:17
[15:12:53] I (694) app_init: ELF file SHA256:  97befa8d7...
[15:12:53] I (698) app_init: ESP-IDF:          v6.0.2
[15:12:53] I (702) efuse_init: Min chip rev:     v0.0
[15:12:53] I (706) efuse_init: Max chip rev:     v0.99
[15:12:53] I (710) efuse_init: Chip rev:         v0.2
[15:12:53] I (714) heap_init: Initializing. RAM available for dynamic allocation:
[15:12:53] I (720) heap_init: At 3FCA4A30 len 00044CE0 (275 KiB): RAM
[15:12:53] I (725) heap_init: At 3FCE9710 len 00005724 (21 KiB): RAM
[15:12:53] I (730) heap_init: At 3FCF0000 len 00008000 (32 KiB): DRAM
[15:12:53] I (735) heap_init: At 600FE000 len 00001FE8 (7 KiB): RTCRAM
[15:12:53] I (741) esp_psram: Adding pool of 8192K of PSRAM memory to heap allocator
[15:12:53] I (748) spi_flash: detected chip: generic
[15:12:53] I (751) spi_flash: flash io: qio
[15:12:53] I (754) sleep_gpio: Configure to isolate all GPIO pins in sleep state
[15:12:53] I (760) sleep_gpio: Enable automatic switching of GPIO sleep configuration
[15:12:53] I (767) main_task: Started on CPU0
[15:12:53] I (770) main_task: Calling app_main()
[15:12:53] E (780) i2c.master: I2C transaction timeout detected
[15:12:53] TINYDRAW_PANEL_HARD_RESET=0
[15:12:53] I (961) co5300: version: 2.1.0
[15:12:53] I (961) co5300_spi: LCD panel create success, version: 2.1.0
[15:12:53] W (1041) co5300_spi: The 3Ah command has been used and will be overwritten by external initialization sequence
[15:12:53] I (1141) CST816S: IC id: 183
[15:12:53] [DEBUG-touch-rate] registers=1 id=0xb7 firmware=0x02 scan_period=0x00 irq=0x70
[15:12:53] I (1144) PCF85063A: PCF85063A initialized successfully
[15:12:53] TINYDRAW_RTC ready=1 retained=1 local=2026-08-12T15:12:47
[15:12:54] TINYDRAW_VECTOR_READY strokes=1100 samples=24576 bytes=325712 free_psram=563060
[15:12:54] TINYDRAW_AUTOSAVE_READY
[15:12:54] TINYDRAW_PSRAM world_bytes=2967552 free=563060 largest=557056 minimum=563060
[15:12:54] TINYDRAW_POWER_READY ready=1 button=1 valid=1 battery=100 voltage_mv=4086 charging=0 vbus=1
[15:12:56] TINYDRAW_RUNWAY generation=2 invalid=36 cancelled=0
[15:13:01] TINYDRAW_INTERACTIVE_PAN_READY zoom=100 controls=S:50 M:100 L:200 XL:finish
[15:13:01] TINYDRAW_AUTO_INIT initial_atlas_us=6443700
[15:13:03] TINYDRAW_AUTO_ZOOM cycle=0 zoom=50 changed=1 total_us=49019 cancel_us=15 first_ready_us=5552 first_submit_us=6165 first_complete_us=6969 last_submit_us=47237 last_complete_us=48042 fallback_us=47242 settled_us=0
[15:13:03] TINYDRAW_AUTO_SETTLED cycle=0 zoom=50 settled_us=712860
[15:13:04] TINYDRAW_RUNWAY generation=4 invalid=0 cancelled=0
[15:13:04] TINYDRAW_AUTO_ZOOM cycle=1 zoom=100 changed=1 total_us=52010 cancel_us=11985 first_ready_us=17195 first_submit_us=17741 first_complete_us=18544 last_submit_us=50677 last_complete_us=51478 fallback_us=50681 settled_us=0
[15:13:05] TINYDRAW_AUTO_SETTLED cycle=1 zoom=100 settled_us=1174356
[15:13:06] TINYDRAW_RUNWAY generation=6 invalid=53 cancelled=1
[15:13:06] TINYDRAW_AUTO_ZOOM cycle=2 zoom=200 changed=1 total_us=138015 cancel_us=98994 first_ready_us=104008 first_submit_us=104553 first_complete_us=105353 last_submit_us=137154 last_complete_us=137959 fallback_us=137159 settled_us=0
[15:13:06] TINYDRAW_AUTO_SETTLED cycle=2 zoom=200 settled_us=959210
[15:13:07] TINYDRAW_RUNWAY generation=8 invalid=53 cancelled=1
[15:13:07] TINYDRAW_ZOOM_REFUSED zoom=100 job=60 proven=1
[15:13:07] TINYDRAW_AUTO_ZOOM cycle=3 zoom=100 changed=0 total_us=101730
[15:13:08] TINYDRAW_ZOOM_REFUSED zoom=50 job=61 proven=1
[15:13:08] TINYDRAW_AUTO_ZOOM cycle=4 zoom=50 changed=0 total_us=84916
[15:13:08] TINYDRAW_ZOOM_REFUSED zoom=100 job=60 proven=1
[15:13:08] TINYDRAW_AUTO_ZOOM cycle=5 zoom=100 changed=0 total_us=64588
[15:13:09] TINYDRAW_ZOOM_REFUSED zoom=200 job=58 proven=1
[15:13:09] TINYDRAW_AUTO_ZOOM cycle=6 zoom=200 changed=0 total_us=78971
[15:13:09] TINYDRAW_ZOOM_REFUSED zoom=100 job=60 proven=1
[15:13:09] TINYDRAW_AUTO_ZOOM cycle=7 zoom=100 changed=0 total_us=28698
[15:13:10] TINYDRAW_ZOOM_REFUSED zoom=50 job=61 proven=1
[15:13:10] TINYDRAW_AUTO_ZOOM cycle=8 zoom=50 changed=0 total_us=4008
[15:13:10] TINYDRAW_ZOOM_REFUSED zoom=100 job=60 proven=1
[15:13:10] TINYDRAW_AUTO_ZOOM cycle=9 zoom=100 changed=0 total_us=3768
[15:13:11] TINYDRAW_ZOOM_REFUSED zoom=200 job=58 proven=1
[15:13:11] TINYDRAW_AUTO_ZOOM cycle=10 zoom=200 changed=0 total_us=8036
[15:13:11] TINYDRAW_ZOOM_REFUSED zoom=100 job=60 proven=1
[15:13:11] TINYDRAW_AUTO_ZOOM cycle=11 zoom=100 changed=0 total_us=25713
[15:13:12] TINYDRAW_AUTO_ZOOM_DONE
