[14:55:32] I (103) esp_image: segment 0: paddr=00010020 vaddr=3c030020 sizeESP-ROM:esp32s3-20210327
[14:55:32] Build:Mar 27 2021
[14:55:32] rst:0x15 (USB_UART_CHIP_RESET),boot:0x2b (SPI_FAST_FLASH_BOOT)
[14:55:32] Saved PC:0x4037b802
[14:55:32] SPIWP:0xee
[14:55:32] mode:DIO, clock div:1
[14:55:32] load:0x3fce2820,len:0x1664
[14:55:32] load:0x403c8700,len:0xf38
[14:55:32] load:0x403cb700,len:0x31e8
[14:55:32] entry 0x403c8930
[14:55:32] I (24) boot: ESP-IDF v6.0.2 2nd stage bootloader
[14:55:32] I (24) boot: compile time Aug 11 2026 22:53:49
[14:55:32] I (25) boot: Multicore bootloader
[14:55:32] I (25) boot: chip revision: v0.2
[14:55:32] I (28) boot: efuse block revision: v1.3
[14:55:32] I (31) qio_mode: Enabling default flash chip QIO
[14:55:32] I (36) boot.esp32s3: Boot SPI Speed : 80MHz
[14:55:32] I (39) boot.esp32s3: SPI Mode       : QIO
[14:55:32] I (43) boot.esp32s3: SPI Flash Size : 16MB
[14:55:32] I (47) boot: Enabling RNG early entropy source...
[14:55:32] I (51) boot: Partition Table:
[14:55:32] I (54) boot: ## Label            Usage          Type ST Offset   Length
[14:55:32] I (60) boot:  0 nvs              WiFi data        01 02 00009000 00006000
[14:55:32] I (67) boot:  1 phy_init         RF data          01 01 0000f000 00001000
[14:55:32] I (73) boot:  2 factory          factory app      00 00 00010000 00100000
[14:55:32] I (80) boot:  3 drawing          Unknown data     01 40 00110000 00300000
[14:55:33] I (86) boot:  4 export           Unknown data     01 41 00410000 00500000
[14:55:33] I (93) boot:  5 coredump         Unknown data     01 03 00910000 00010000
[14:55:33] I (100) boot: End of partition table
[14:55:33] I (103) esp_image: segment 0: paddr=00010020 vaddr=3c030020 size=0f200h ( 61952) map
[14:55:33] I (120) esp_image: segment 1: paddr=0001f228 vaddr=3fc94600 size=00df0h (  3568) load
[14:55:33] I (121) esp_image: segment 2: paddr=00020020 vaddr=42000020 size=2f030h (192560) map
[14:55:33] I (155) esp_image: segment 3: paddr=0004f058 vaddr=3fc953f0 size=0e914h ( 59668) load
[14:55:33] I (167) esp_image: segment 4: paddr=0005d974 vaddr=40374000 size=104fch ( 66812) load
[14:55:33] I (180) esp_image: segment 5: paddr=0006de78 vaddr=50000000 size=00024h (    36) load
[14:55:33] I (190) boot: Loaded app from partition at offset 0x10000
[14:55:33] I (190) boot: Disabling RNG early entropy source...
[14:55:33] I (200) octal_psram: vendor id    : 0x0d (AP)
[14:55:33] I (200) octal_psram: dev id       : 0x02 (generation 3)
[14:55:33] I (201) octal_psram: density      : 0x03 (64 Mbit)
[14:55:33] I (203) octal_psram: good-die     : 0x01 (Pass)
[14:55:33] I (207) octal_psram: Latency      : 0x01 (Fixed)
[14:55:33] I (211) octal_psram: VCC          : 0x01 (3V)
[14:55:33] I (215) octal_psram: SRF          : 0x01 (Fast Refresh)
[14:55:33] I (220) octal_psram: BurstType    : 0x01 (Hybrid Wrap)
[14:55:33] I (225) octal_psram: BurstLen     : 0x01 (32 Byte)
[14:55:33] I (230) octal_psram: Readlatency  : 0x02 (10 cycles@Fixed)
[14:55:33] I (235) octal_psram: DriveStrength: 0x00 (1/1)
[14:55:33] I (239) MSPI Timing: Enter psram timing tuning
[14:55:33] I (244) esp_psram: Found 8MB PSRAM device
[14:55:33] I (247) esp_psram: Speed: 80MHz
[14:55:33] I (250) cpu_start: Multicore app
[14:55:33] I (666) esp_psram: SPI SRAM memory test OK
[14:55:33] I (674) cpu_start: GPIO 44 and 43 are used as console UART I/O pins
[14:55:33] I (675) cpu_start: Pro cpu start user code
[14:55:33] I (675) cpu_start: cpu freq: 240000000 Hz
[14:55:33] I (676) app_init: Application information:
[14:55:33] I (680) app_init: Project name:     tinydraw_esp32
[14:55:33] I (685) app_init: App version:      18ee81a
[14:55:33] I (689) app_init: Compile time:     Aug 12 2026 14:55:17
[14:55:33] I (694) app_init: ELF file SHA256:  698e5c3c0...
[14:55:33] I (698) app_init: ESP-IDF:          v6.0.2
[14:55:33] I (702) efuse_init: Min chip rev:     v0.0
[14:55:33] I (706) efuse_init: Max chip rev:     v0.99
[14:55:33] I (710) efuse_init: Chip rev:         v0.2
[14:55:33] I (713) heap_init: Initializing. RAM available for dynamic allocation:
[14:55:33] I (720) heap_init: At 3FCA4A30 len 00044CE0 (275 KiB): RAM
[14:55:33] I (725) heap_init: At 3FCE9710 len 00005724 (21 KiB): RAM
[14:55:33] I (730) heap_init: At 3FCF0000 len 00008000 (32 KiB): DRAM
[14:55:33] I (735) heap_init: At 600FE000 len 00001FE8 (7 KiB): RTCRAM
[14:55:33] I (741) esp_psram: Adding pool of 8192K of PSRAM memory to heap allocator
[14:55:33] I (747) spi_flash: detected chip: generic
[14:55:33] I (751) spi_flash: flash io: qio
[14:55:33] I (754) sleep_gpio: Configure to isolate all GPIO pins in sleep state
[14:55:33] I (760) sleep_gpio: Enable automatic switching of GPIO sleep configuration
[14:55:33] I (767) main_task: Started on CPU0
[14:55:33] I (770) main_task: Calling app_main()
[14:55:33] TINYDRAW_PANEL_HARD_RESET=1
[14:55:33] I (954) co5300: version: 2.1.0
[14:55:33] I (954) co5300_spi: LCD panel create success, version: 2.1.0
[14:55:33] W (1034) co5300_spi: The 3Ah command has been used and will be overwritten by external initialization sequence
[14:55:34] I (1134) CST816S: IC id: 183
[14:55:34] [DEBUG-touch-rate] registers=1 id=0xb7 firmware=0x02 scan_period=0x00 irq=0x70
[14:55:34] I (1137) PCF85063A: PCF85063A initialized successfully
[14:55:34] TINYDRAW_RTC ready=1 retained=1 local=2026-08-12T14:55:27
[14:55:34] TINYDRAW_VECTOR_READY strokes=1100 samples=24576 bytes=325712 free_psram=563060
[14:55:34] TINYDRAW_AUTOSAVE_READY
[14:55:34] TINYDRAW_PSRAM world_bytes=2967552 free=563060 largest=557056 minimum=563060
[14:55:34] TINYDRAW_POWER_READY ready=1 button=1 valid=1 battery=100 voltage_mv=4087 charging=0 vbus=1
[14:55:41] TINYDRAW_INTERACTIVE_PAN_READY zoom=100 controls=S:50 M:100 L:200 XL:finish
[14:55:41] TINYDRAW_AUTO_INIT initial_atlas_us=6441794
[14:55:43] TINYDRAW_AUTO_ZOOM cycle=0 zoom=50 changed=1 total_us=48017 cancel_us=14 first_ready_us=5491 first_submit_us=6137 first_complete_us=6940 last_submit_us=46783 last_complete_us=47592 fallback_us=46788 settled_us=0
[14:55:43] TINYDRAW_AUTO_SETTLED cycle=0 zoom=50 settled_us=727172
[14:55:44] TINYDRAW_AUTO_ZOOM cycle=1 zoom=100 changed=1 total_us=50009 cancel_us=9990 first_ready_us=15152 first_submit_us=15708 first_complete_us=16510 last_submit_us=48518 last_complete_us=49325 fallback_us=48523 settled_us=0
[14:55:45] TINYDRAW_AUTO_SETTLED cycle=1 zoom=100 settled_us=1199071
[14:55:46] TINYDRAW_AUTO_ZOOM cycle=2 zoom=200 changed=1 total_us=134014 cancel_us=94989 first_ready_us=99948 first_submit_us=100483 first_complete_us=101286 last_submit_us=132831 last_complete_us=133639 fallback_us=132836 settled_us=0
[14:55:47] TINYDRAW_AUTO_SETTLED cycle=2 zoom=200 settled_us=972843
[14:55:47] TINYDRAW_AUTO_ZOOM cycle=3 zoom=100 changed=0 total_us=102204
[14:55:48] TINYDRAW_AUTO_ZOOM cycle=4 zoom=50 changed=0 total_us=83346
[14:55:48] TINYDRAW_AUTO_ZOOM cycle=5 zoom=100 changed=0 total_us=62075
[14:55:49] TINYDRAW_AUTO_ZOOM cycle=6 zoom=200 changed=0 total_us=74419
[14:55:49] TINYDRAW_AUTO_ZOOM cycle=7 zoom=100 changed=0 total_us=24108
[14:55:50] TINYDRAW_AUTO_ZOOM cycle=8 zoom=50 changed=0 total_us=3452
[14:55:50] TINYDRAW_AUTO_ZOOM cycle=9 zoom=100 changed=0 total_us=3188
[14:55:51] TINYDRAW_AUTO_ZOOM cycle=10 zoom=200 changed=0 total_us=5478
[14:55:51] TINYDRAW_AUTO_ZOOM cycle=11 zoom=100 changed=0 total_us=23150
[14:55:52] TINYDRAW_AUTO_ZOOM_DONE
