[16:04:20] I (231) octal_psram: Readlatency  : 0x02 (10 cycles@Fixed)ESP-ROM:esp32s3-20210327
[16:04:20] Build:Mar 27 2021
[16:04:20] rst:0x15 (USB_UART_CHIP_RESET),boot:0x2b (SPI_FAST_FLASH_BOOT)
[16:04:20] Saved PC:0x4004883b
[16:04:20] SPIWP:0xee
[16:04:20] mode:DIO, clock div:1
[16:04:20] load:0x3fce2820,len:0x1664
[16:04:20] load:0x403c8700,len:0xf38
[16:04:20] load:0x403cb700,len:0x31e8
[16:04:20] entry 0x403c8930
[16:04:20] I (24) boot: ESP-IDF v6.0.2 2nd stage bootloader
[16:04:20] I (24) boot: compile time Aug 11 2026 22:53:49
[16:04:20] I (25) boot: Multicore bootloader
[16:04:20] I (25) boot: chip revision: v0.2
[16:04:20] I (28) boot: efuse block revision: v1.3
[16:04:20] I (31) qio_mode: Enabling default flash chip QIO
[16:04:20] I (36) boot.esp32s3: Boot SPI Speed : 80MHz
[16:04:20] I (39) boot.esp32s3: SPI Mode       : QIO
[16:04:20] I (43) boot.esp32s3: SPI Flash Size : 16MB
[16:04:20] I (47) boot: Enabling RNG early entropy source...
[16:04:20] I (51) boot: Partition Table:
[16:04:20] I (54) boot: ## Label            Usage          Type ST Offset   Length
[16:04:20] I (60) boot:  0 nvs              WiFi data        01 02 00009000 00006000
[16:04:20] I (67) boot:  1 phy_init         RF data          01 01 0000f000 00001000
[16:04:20] I (73) boot:  2 factory          factory app      00 00 00010000 00100000
[16:04:20] I (80) boot:  3 drawing          Unknown data     01 40 00110000 00300000
[16:04:20] I (86) boot:  4 export           Unknown data     01 41 00410000 00500000
[16:04:20] I (93) boot:  5 coredump         Unknown data     01 03 00910000 00010000
[16:04:20] I (100) boot: End of partition table
[16:04:20] I (103) esp_image: segment 0: paddr=00010020 vaddr=3c030020 size=0f3a0h ( 62368) map
[16:04:20] I (120) esp_image: segment 1: paddr=0001f3c8 vaddr=3fc94600 size=00c50h (  3152) load
[16:04:20] I (121) esp_image: segment 2: paddr=00020020 vaddr=42000020 size=2f654h (194132) map
[16:04:20] I (155) esp_image: segment 3: paddr=0004f67c vaddr=3fc95250 size=0eab4h ( 60084) load
[16:04:20] I (167) esp_image: segment 4: paddr=0005e138 vaddr=40374000 size=104fch ( 66812) load
[16:04:20] I (181) esp_image: segment 5: paddr=0006e63c vaddr=50000000 size=00024h (    36) load
[16:04:20] I (191) boot: Loaded app from partition at offset 0x10000
[16:04:20] I (191) boot: Disabling RNG early entropy source...
[16:04:20] I (201) octal_psram: vendor id    : 0x0d (AP)
[16:04:20] I (201) octal_psram: dev id       : 0x02 (generation 3)
[16:04:20] I (201) octal_psram: density      : 0x03 (64 Mbit)
[16:04:20] I (203) octal_psram: good-die     : 0x01 (Pass)
[16:04:20] I (207) octal_psram: Latency      : 0x01 (Fixed)
[16:04:20] I (212) octal_psram: VCC          : 0x01 (3V)
[16:04:20] I (216) octal_psram: SRF          : 0x01 (Fast Refresh)
[16:04:20] I (221) octal_psram: BurstType    : 0x01 (Hybrid Wrap)
[16:04:20] I (225) octal_psram: BurstLen     : 0x01 (32 Byte)
[16:04:20] I (230) octal_psram: Readlatency  : 0x02 (10 cycles@Fixed)
[16:04:20] I (235) octal_psram: DriveStrength: 0x00 (1/1)
[16:04:20] I (239) MSPI Timing: Enter psram timing tuning
[16:04:20] I (244) esp_psram: Found 8MB PSRAM device
[16:04:20] I (247) esp_psram: Speed: 80MHz
[16:04:20] I (250) cpu_start: Multicore app
[16:04:21] I (666) esp_psram: SPI SRAM memory test OK
[16:04:21] I (674) cpu_start: GPIO 44 and 43 are used as console UART I/O pins
[16:04:21] I (675) cpu_start: Pro cpu start user code
[16:04:21] I (675) cpu_start: cpu freq: 240000000 Hz
[16:04:21] I (677) app_init: Application information:
[16:04:21] I (681) app_init: Project name:     tinydraw_esp32
[16:04:21] I (685) app_init: App version:      7a96158-dirty
[16:04:21] I (689) app_init: Compile time:     Aug 12 2026 15:42:02
[16:04:21] I (694) app_init: ELF file SHA256:  884320b38...
[16:04:21] I (699) app_init: ESP-IDF:          v6.0.2
[16:04:21] I (703) efuse_init: Min chip rev:     v0.0
[16:04:21] I (706) efuse_init: Max chip rev:     v0.99
[16:04:21] I (710) efuse_init: Chip rev:         v0.2
[16:04:21] I (714) heap_init: Initializing. RAM available for dynamic allocation:
[16:04:21] I (721) heap_init: At 3FCA4A30 len 00044CE0 (275 KiB): RAM
[16:04:21] I (726) heap_init: At 3FCE9710 len 00005724 (21 KiB): RAM
[16:04:21] I (731) heap_init: At 3FCF0000 len 00008000 (32 KiB): DRAM
[16:04:21] I (736) heap_init: At 600FE000 len 00001FE8 (7 KiB): RTCRAM
[16:04:21] I (742) esp_psram: Adding pool of 8192K of PSRAM memory to heap allocator
[16:04:21] I (748) spi_flash: detected chip: generic
[16:04:21] I (752) spi_flash: flash io: qio
[16:04:21] I (755) sleep_gpio: Configure to isolate all GPIO pins in sleep state
[16:04:21] I (761) sleep_gpio: Enable automatic switching of GPIO sleep configuration
[16:04:21] I (768) main_task: Started on CPU0
[16:04:21] I (771) main_task: Calling app_main()
[16:04:21] TINYDRAW_PANEL_HARD_RESET=1
[16:04:21] I (955) co5300: version: 2.1.0
[16:04:21] I (955) co5300_spi: LCD panel create success, version: 2.1.0
[16:04:21] W (1035) co5300_spi: The 3Ah command has been used and will be overwritten by external initialization sequence
[16:04:21] I (1135) CST816S: IC id: 183
[16:04:21] [DEBUG-touch-rate] registers=1 id=0xb7 firmware=0x02 scan_period=0x00 irq=0x70
[16:04:21] I (1138) PCF85063A: PCF85063A initialized successfully
[16:04:21] TINYDRAW_RTC ready=1 retained=1 local=2026-08-12T16:04:14
[16:04:21] TINYDRAW_VECTOR_READY strokes=1100 samples=24576 bytes=325712 free_psram=563060
[16:04:22] TINYDRAW_AUTOSAVE_READY
[16:04:22] TINYDRAW_PSRAM world_bytes=2967552 free=563060 largest=557056 minimum=563060
[16:04:22] TINYDRAW_POWER_READY ready=1 button=1 valid=1 battery=100 voltage_mv=4092 charging=0 vbus=1
[16:04:22] TINYDRAW_SETTLED_LOD input=19844 output=6453 bytes=77436
[16:04:23] TINYDRAW_SETTLED_PROFILE zoom=100 generation=2 bands=12 segments=9274 clear_us=11879 raster_us=395523 composite_us=84819 publish_us=51075 complete=1
[16:04:28] TINYDRAW_INTERACTIVE_PAN_READY zoom=100 controls=S:50 M:100 L:200 XL:finish
[16:04:28] TINYDRAW_AUTO_INIT initial_atlas_us=5535829
[16:04:30] TINYDRAW_AUTO_ZOOM cycle=0 zoom=50 changed=1 total_us=49021 cancel_us=21 first_ready_us=5663 first_submit_us=6269 first_complete_us=7074 last_submit_us=47717 last_complete_us=48527 fallback_us=47720 settled_us=0
[16:04:30] TINYDRAW_AUTO_SETTLED cycle=0 zoom=50 settled_us=336870
[16:04:30] TINYDRAW_SETTLED_PROFILE zoom=50 generation=4 bands=12 segments=7566 clear_us=11527 raster_us=209704 composite_us=33039 publish_us=52568 complete=1
[16:04:31] TINYDRAW_AUTO_ZOOM cycle=1 zoom=100 changed=1 total_us=73008 cancel_us=29988 first_ready_us=35381 first_submit_us=35946 first_complete_us=36750 last_submit_us=71319 last_complete_us=72130 fallback_us=71321 settled_us=0
[16:04:31] TINYDRAW_AUTO_SETTLED cycle=1 zoom=100 settled_us=604787
[16:04:31] TINYDRAW_SETTLED_PROFILE zoom=100 generation=6 bands=12 segments=9274 clear_us=11578 raster_us=398986 composite_us=85675 publish_us=51496 complete=1
[16:04:32] TINYDRAW_AUTO_ZOOM cycle=2 zoom=200 changed=1 total_us=41012 cancel_us=990 first_ready_us=5994 first_submit_us=6536 first_complete_us=7338 last_submit_us=39303 last_complete_us=40115 fallback_us=39305 settled_us=0
[16:04:32] TINYDRAW_AUTO_SETTLED cycle=2 zoom=200 settled_us=463618
[16:04:32] TINYDRAW_SETTLED_PROFILE zoom=200 generation=8 bands=12 segments=4254 clear_us=11973 raster_us=298540 composite_us=78891 publish_us=51893 complete=1
[16:04:33] TINYDRAW_AUTO_ZOOM cycle=3 zoom=100 changed=1 total_us=55022 cancel_us=11991 first_ready_us=17574 first_submit_us=18146 first_complete_us=18950 last_submit_us=53705 last_complete_us=54512 fallback_us=53708 settled_us=0
[16:04:33] TINYDRAW_AUTO_SETTLED cycle=3 zoom=100 settled_us=586901
[16:04:33] TINYDRAW_SETTLED_PROFILE zoom=100 generation=10 bands=12 segments=9274 clear_us=11765 raster_us=400236 composite_us=84554 publish_us=51566 complete=1
[16:04:34] TINYDRAW_AUTO_ZOOM cycle=4 zoom=50 changed=1 total_us=50008 cancel_us=991 first_ready_us=6844 first_submit_us=7450 first_complete_us=8254 last_submit_us=48787 last_complete_us=49597 fallback_us=48789 settled_us=0
[16:04:34] TINYDRAW_AUTO_SETTLED cycle=4 zoom=50 settled_us=337923
[16:04:34] TINYDRAW_SETTLED_PROFILE zoom=50 generation=12 bands=12 segments=7566 clear_us=11656 raster_us=210082 composite_us=32527 publish_us=52420 complete=1
[16:04:35] TINYDRAW_AUTO_ZOOM cycle=5 zoom=100 changed=1 total_us=73011 cancel_us=29991 first_ready_us=35409 first_submit_us=35990 first_complete_us=36787 last_submit_us=71345 last_complete_us=72155 fallback_us=71347 settled_us=0
[16:04:35] TINYDRAW_AUTO_SETTLED cycle=5 zoom=100 settled_us=604686
[16:04:35] TINYDRAW_SETTLED_PROFILE zoom=100 generation=14 bands=12 segments=9274 clear_us=11749 raster_us=400387 composite_us=84518 publish_us=51545 complete=1
[16:04:36] TINYDRAW_AUTO_ZOOM cycle=6 zoom=200 changed=1 total_us=41007 cancel_us=985 first_ready_us=5992 first_submit_us=6538 first_complete_us=7340 last_submit_us=39340 last_complete_us=40151 fallback_us=39342 settled_us=0
[16:04:36] TINYDRAW_AUTO_SETTLED cycle=6 zoom=200 settled_us=463995
[16:04:36] TINYDRAW_SETTLED_PROFILE zoom=200 generation=16 bands=12 segments=4254 clear_us=11900 raster_us=298988 composite_us=78091 publish_us=52432 complete=1
[16:04:37] TINYDRAW_AUTO_ZOOM cycle=7 zoom=100 changed=1 total_us=56022 cancel_us=12991 first_ready_us=18594 first_submit_us=19154 first_complete_us=19958 last_submit_us=54730 last_complete_us=55538 fallback_us=54732 settled_us=0
[16:04:37] TINYDRAW_AUTO_SETTLED cycle=7 zoom=100 settled_us=588053
[16:04:37] TINYDRAW_SETTLED_PROFILE zoom=100 generation=18 bands=12 segments=9274 clear_us=11736 raster_us=399366 composite_us=85282 publish_us=52322 complete=1
[16:04:38] TINYDRAW_AUTO_ZOOM cycle=8 zoom=50 changed=1 total_us=50007 cancel_us=982 first_ready_us=6834 first_submit_us=7441 first_complete_us=8245 last_submit_us=48934 last_complete_us=49745 fallback_us=48936 settled_us=0
[16:04:38] TINYDRAW_AUTO_SETTLED cycle=8 zoom=50 settled_us=337888
[16:04:38] TINYDRAW_SETTLED_PROFILE zoom=50 generation=20 bands=12 segments=7566 clear_us=11667 raster_us=209591 composite_us=32419 publish_us=52235 complete=1
[16:04:39] TINYDRAW_AUTO_ZOOM cycle=9 zoom=100 changed=1 total_us=73011 cancel_us=29991 first_ready_us=35401 first_submit_us=35974 first_complete_us=36778 last_submit_us=71379 last_complete_us=72189 fallback_us=71381 settled_us=0
[16:04:39] TINYDRAW_AUTO_SETTLED cycle=9 zoom=100 settled_us=604696
[16:04:39] TINYDRAW_SETTLED_PROFILE zoom=100 generation=22 bands=12 segments=9274 clear_us=11711 raster_us=399196 composite_us=85532 publish_us=51554 complete=1
[16:04:40] TINYDRAW_AUTO_ZOOM cycle=10 zoom=200 changed=1 total_us=41008 cancel_us=985 first_ready_us=5997 first_submit_us=6542 first_complete_us=7343 last_submit_us=39352 last_complete_us=40164 fallback_us=39354 settled_us=0
[16:04:40] TINYDRAW_AUTO_SETTLED cycle=10 zoom=200 settled_us=464047
[16:04:40] TINYDRAW_SETTLED_PROFILE zoom=200 generation=24 bands=12 segments=4254 clear_us=11953 raster_us=298884 composite_us=78549 publish_us=52339 complete=1
[16:04:41] TINYDRAW_AUTO_ZOOM cycle=11 zoom=100 changed=1 total_us=57021 cancel_us=13991 first_ready_us=19560 first_submit_us=20133 first_complete_us=20937 last_submit_us=55678 last_complete_us=56486 fallback_us=55680 settled_us=0
[16:04:41] TINYDRAW_AUTO_SETTLED cycle=11 zoom=100 settled_us=588825
[16:04:41] TINYDRAW_SETTLED_PROFILE zoom=100 generation=26 bands=12 segments=9274 clear_us=11785 raster_us=398939 composite_us=85737 publish_us=51500 complete=1
[16:04:42] TINYDRAW_AUTO_ZOOM_DONE
