[18:27:21] ESP-ROM:esp32s3-20210327
[18:27:21] Build:Mar 27 2021
[18:27:21] rst:0x15 (USB_UART_CHIP_RESET),boot:0x2b (SPI_FAST_FLASH_BOOT)
[18:27:21] Saved PC:0x4037b8fa
[18:27:21] SPIWP:0xee
[18:27:21] mode:DIO, clock div:1
[18:27:21] load:0x3fce2820,len:0x1664
[18:27:21] load:0x403c8700,len:0xf38
[18:27:21] load:0x403cb700,len:0x31e8
[18:27:21] entry 0x403c8930
[18:27:21] I (24) boot: ESP-IDF v6.0.2 2nd stage bootloader
[18:27:21] I (24) boot: compile time Aug 16 2026 18:26:51
[18:27:21] I (25) boot: Multicore bootloader
[18:27:21] I (25) boot: chip revision: v0.2
[18:27:21] I (28) boot: efuse block revision: v1.3
[18:27:21] I (31) qio_mode: Enabling default flash chip QIO
[18:27:21] I (36) boot.esp32s3: Boot SPI Speed : 80MHz
[18:27:21] I (39) boot.esp32s3: SPI Mode       : QIO
[18:27:21] I (43) boot.esp32s3: SPI Flash Size : 16MB
[18:27:21] I (47) boot: Enabling RNG early entropy source...
[18:27:21] I (51) boot: Partition Table:
[18:27:21] I (54) boot: ## Label            Usage          Type ST Offset   Length
[18:27:21] I (60) boot:  0 nvs              WiFi data        01 02 00009000 00006000
[18:27:21] I (67) boot:  1 phy_init         RF data          01 01 0000f000 00001000
[18:27:21] I (73) boot:  2 factory          factory app      00 00 00010000 00100000
[18:27:21] I (80) boot:  3 drawing          Unknown data     01 40 00110000 00300000
[18:27:21] I (86) boot:  4 export           Unknown data     01 41 00410000 00500000
[18:27:21] I (93) boot:  5 coredump         Unknown data     01 03 00910000 00010000
[18:27:21] I (100) boot: End of partition table
[18:27:21] I (103) esp_image: segment 0: paddr=00010020 vaddr=3c050020 size=2be0ch (179724) map
[18:27:21] I (138) esp_image: segment 1: paddr=0003be34 vaddr=3fc96000 size=03764h ( 14180) load
[18:27:21] I (141) esp_image: segment 2: paddr=0003f5a0 vaddr=40374000 size=00a78h (  2680) load
[18:27:21] I (143) esp_image: segment 3: paddr=00040020 vaddr=42000020 size=4dab4h (318132) map
[18:27:21] I (199) esp_image: segment 4: paddr=0008dadc vaddr=40374a78 size=1149ch ( 70812) load
[18:27:21] I (213) esp_image: segment 5: paddr=0009ef80 vaddr=50000000 size=00024h (    36) load
[18:27:21] I (221) boot: Loaded app from partition at offset 0x10000
[18:27:21] I (221) boot: Disabling RNG early entropy source...
[18:27:21] I (231) octal_psram: vendor id    : 0x0d (AP)
[18:27:21] I (232) octal_psram: dev id       : 0x02 (generation 3)
[18:27:21] I (232) octal_psram: density      : 0x03 (64 Mbit)
[18:27:21] I (234) octal_psram: good-die     : 0x01 (Pass)
[18:27:21] I (238) octal_psram: Latency      : 0x01 (Fixed)
[18:27:21] I (242) octal_psram: VCC          : 0x01 (3V)
[18:27:21] I (246) octal_psram: SRF          : 0x01 (Fast Refresh)
[18:27:21] I (251) octal_psram: BurstType    : 0x01 (Hybrid Wrap)
[18:27:21] I (256) octal_psram: BurstLen     : 0x01 (32 Byte)
[18:27:21] I (261) octal_psram: Readlatency  : 0x02 (10 cycles@Fixed)
[18:27:21] I (266) octal_psram: DriveStrength: 0x00 (1/1)
[18:27:21] I (270) MSPI Timing: Enter psram timing tuning
[18:27:21] I (275) esp_psram: Found 8MB PSRAM device
[18:27:21] I (278) esp_psram: Speed: 80MHz
[18:27:21] I (281) cpu_start: Multicore app
[18:27:22] I (697) esp_psram: SPI SRAM memory test OK
[18:27:22] I (705) cpu_start: GPIO 44 and 43 are used as console UART I/O pins
[18:27:22] I (706) cpu_start: Pro cpu start user code
[18:27:22] I (706) cpu_start: cpu freq: 240000000 Hz
[18:27:22] I (707) app_init: Application information:
[18:27:22] I (711) app_init: Project name:     tinydraw_esp32
[18:27:22] I (716) app_init: App version:      75c9145-dirty
[18:27:22] I (720) app_init: Compile time:     Aug 16 2026 18:26:44
[18:27:22] I (725) app_init: ELF file SHA256:  5b8e5b292...
[18:27:22] I (730) app_init: ESP-IDF:          v6.0.2
[18:27:22] I (733) efuse_init: Min chip rev:     v0.0
[18:27:22] I (737) efuse_init: Max chip rev:     v0.99 
[18:27:22] I (741) efuse_init: Chip rev:         v0.2
[18:27:22] I (745) heap_init: Initializing. RAM available for dynamic allocation:
[18:27:22] I (751) heap_init: At 3FC9AB90 len 0004EB80 (314 KiB): RAM
[18:27:22] I (756) heap_init: At 3FCE9710 len 00005724 (21 KiB): RAM
[18:27:22] I (762) heap_init: At 3FCF0000 len 00008000 (32 KiB): DRAM
[18:27:22] I (767) heap_init: At 600FE000 len 00001FE8 (7 KiB): RTCRAM
[18:27:22] I (772) esp_psram: Adding pool of 8192K of PSRAM memory to heap allocator
[18:27:22] I (779) spi_flash: detected chip: generic
[18:27:22] I (782) spi_flash: flash io: qio
[18:27:22] I (786) sleep_gpio: Configure to isolate all GPIO pins in sleep state
[18:27:22] I (792) sleep_gpio: Enable automatic switching of GPIO sleep configuration
[18:27:22] I (799) main_task: Started on CPU0
[18:27:22] I (802) main_task: Calling app_main()
[18:27:22] TINYDRAW_PRODUCER_SCRATCH supertask_internal=1 slot_directory_internal=0 free_internal=299676 free_psram=1861508
[18:27:22] TINYDRAW_PANEL_HARD_RESET=1
[18:27:22] TINYDRAW_PANEL_TRANSPORT requested_clock_mhz=50 effective_clock_mhz=40
[18:27:22] I (1009) co5300: version: 2.1.0
[18:27:22] I (1009) co5300_spi: LCD panel create success, version: 2.1.0
[18:27:22] W (1094) co5300_spi: The 3Ah command has been used and will be overwritten by external initialization sequence
[18:27:22] I (1195) CST816S: IC id: 183
[18:27:22] TINYDRAW_VECTOR_V2_PRESENTATION experiment=boundary-top-sweep te_edge=rising requested_clock_mhz=50 effective_clock_mhz=40 optical_acceptance=external_manual
[18:27:23] TINYDRAW_LIVE_PRESENT kind=startup zoom=25 x=0 y=0 compose_us=26066 scroll_us=0 exposed_compose_us=0 chrome_us=17221 chrome_prepare_us=11942 chrome_stage_us=5279 read_submit_us=0 read_complete_us=0 transfer_wait_us=20887 tile_pixels=0 uniform_pixels=0 overview_pixels=164864 fallback_pixels=0 resident_tiles=0 fallback_tiles=0 pushes=11 tear_wait_us=268 tear_edge_isr_to_resume_us=12 tear_edge_observed=1 tear_edge_wait_resumed=1 tear_edge_timeout=0 tear_heal_attempted=0 tear_heal_command_sent=0 presentation_experiment=boundary-top-sweep te_edge=rising requested_clock_mhz=50 effective_clock_mhz=40 frame_reused=0 pass=1
[18:27:23] TINYDRAW_LIVE_STRESS operations=1000 samples=20000 total_us=698137 average_us=698 maximum_us=1043 free_psram=1859920 largest_psram=1835008
[18:27:24] TINYDRAW_LIVE_PRESENT kind=gate_fallback zoom=100 x=0 y=0 compose_us=11268 scroll_us=0 exposed_compose_us=0 chrome_us=11356 chrome_prepare_us=6788 chrome_stage_us=4568 read_submit_us=27005 read_complete_us=30380 transfer_wait_us=20987 tile_pixels=0 uniform_pixels=0 overview_pixels=0 fallback_pixels=164864 resident_tiles=0 fallback_tiles=42 pushes=11 tear_wait_us=8814 tear_edge_isr_to_resume_us=10 tear_edge_observed=1 tear_edge_wait_resumed=1 tear_edge_timeout=0 tear_heal_attempted=0 tear_heal_command_sent=0 presentation_experiment=boundary-top-sweep te_edge=rising requested_clock_mhz=50 effective_clock_mhz=40 frame_reused=0 pass=1
[18:27:24] TINYDRAW_GATE1_HARD zoom=100 cold=1 operations=1000 samples=20000 steps=193 tiles=42 scanned=12000 rendered=122 max_supertask_us=6779 presentation_us=69496 total_us=281610 maximum_wall_us=500000 pass=1
[18:27:24] TINYDRAW_LIVE_PRESENT kind=gate_fallback zoom=400 x=0 y=0 compose_us=10634 scroll_us=0 exposed_compose_us=0 chrome_us=6744 chrome_prepare_us=2359 chrome_stage_us=4385 read_submit_us=14533 read_complete_us=18184 transfer_wait_us=20685 tile_pixels=0 uniform_pixels=0 overview_pixels=0 fallback_pixels=164864 resident_tiles=0 fallback_tiles=42 pushes=11 tear_wait_us=1417 tear_edge_isr_to_resume_us=12 tear_edge_observed=1 tear_edge_wait_resumed=1 tear_edge_timeout=0 tear_heal_attempted=0 tear_heal_command_sent=0 presentation_experiment=boundary-top-sweep te_edge=rising requested_clock_mhz=50 effective_clock_mhz=40 frame_reused=0 pass=1
[18:27:24] TINYDRAW_GATE1_HARD zoom=400 cold=1 operations=1000 samples=20000 steps=199 tiles=42 scanned=12000 rendered=17 max_supertask_us=5366 presentation_us=66261 total_us=161039 maximum_wall_us=500000 pass=1
[18:27:25] TINYDRAW_OVERLAP_WORKLOAD operations=8 samples=1200 radius_world=80
[18:27:25] TINYDRAW_GATE1_PACED_COLD corpus=overlap zoom=50 x=215 y=255 steps=235 tiles=56 compute_us=523570 present_us=82936 touch_us=532 pacing_us=15914 wall_us=622952 maximum_wall_us=500000 max_tick_us=9359 touch_samples=2578 touch_interval_max_us=2026 touch_read_max_us=604 touch_events=0 touch_down=0 touch_up=0 touch_events_ge_8ms=0 touch_event_age_max_us=0 touch_errors=0 touch_overflows=0 pass=0
[18:27:26] TINYDRAW_GATE1_PACED_COLD corpus=overlap zoom=100 x=583 y=703 steps=183 tiles=48 compute_us=285720 present_us=77350 touch_us=381 pacing_us=8519 wall_us=371970 maximum_wall_us=500000 max_tick_us=9274 touch_samples=436 touch_interval_max_us=1899 touch_read_max_us=487 touch_events=0 touch_down=0 touch_up=0 touch_events_ge_8ms=0 touch_event_age_max_us=0 touch_errors=0 touch_overflows=0 pass=1
[18:27:26] TINYDRAW_GATE1_PACED_COLD corpus=overlap zoom=200 x=1319 y=1599 steps=180 tiles=56 compute_us=259766 present_us=75538 touch_us=349 pacing_us=9316 wall_us=344969 maximum_wall_us=500000 max_tick_us=9669 touch_samples=410 touch_interval_max_us=1831 touch_read_max_us=487 touch_events=0 touch_down=0 touch_up=0 touch_events_ge_8ms=0 touch_event_age_max_us=0 touch_errors=0 touch_overflows=0 pass=1
[18:27:26] TINYDRAW_GATE1_PACED_COLD corpus=overlap zoom=400 x=2791 y=3391 steps=181 tiles=56 compute_us=222859 present_us=72870 touch_us=355 pacing_us=8884 wall_us=304968 maximum_wall_us=500000 max_tick_us=8090 touch_samples=380 touch_interval_max_us=1579 touch_read_max_us=470 touch_events=0 touch_down=0 touch_up=0 touch_events_ge_8ms=0 touch_event_age_max_us=0 touch_errors=0 touch_overflows=0 pass=1
[18:27:27] TINYDRAW_ADVERSARIAL_TAPERED_WORKLOAD operations=128 samples=4096 erasers=12 load_us=224010 appended=1
[18:27:28] TINYDRAW_GENERAL_COLD_WORKLOAD operations=910 samples=12157 hairline_operations=782 hairline_samples=8061 hairline_load_us=1108641 appended=1
[18:27:28] TINYDRAW_GATE1_PACED_COLD corpus=adversarial_tapered_4x+evil_hairlines zoom=50 x=0 y=0 steps=318 tiles=42 compute_us=360544 present_us=69515 touch_us=417 pacing_us=10741 wall_us=441217 maximum_wall_us=500000 max_tick_us=8105 touch_samples=1572 touch_interval_max_us=2076 touch_read_max_us=573 touch_events=0 touch_down=0 touch_up=0 touch_events_ge_8ms=0 touch_event_age_max_us=0 touch_errors=0 touch_overflows=0 pass=1
[18:27:29] TINYDRAW_GATE1_PACED_COLD corpus=adversarial_tapered_4x+evil_hairlines zoom=100 x=0 y=0 steps=346 tiles=42 compute_us=347619 present_us=67533 touch_us=413 pacing_us=11160 wall_us=426725 maximum_wall_us=500000 max_tick_us=8305 touch_samples=489 touch_interval_max_us=1890 touch_read_max_us=495 touch_events=0 touch_down=0 touch_up=0 touch_events_ge_8ms=0 touch_event_age_max_us=0 touch_errors=0 touch_overflows=0 pass=1
[18:27:29] TINYDRAW_GATE1_PACED_COLD corpus=adversarial_tapered_4x+evil_hairlines zoom=200 x=0 y=0 steps=407 tiles=42 compute_us=408903 present_us=65060 touch_us=442 pacing_us=12886 wall_us=487291 maximum_wall_us=500000 max_tick_us=7787 touch_samples=565 touch_interval_max_us=1173 touch_read_max_us=449 touch_events=0 touch_down=0 touch_up=0 touch_events_ge_8ms=0 touch_event_age_max_us=0 touch_errors=0 touch_overflows=0 pass=1
[18:27:30] TINYDRAW_GATE1_PACED_COLD corpus=adversarial_tapered_4x+evil_hairlines zoom=400 x=0 y=0 steps=490 tiles=42 compute_us=437010 present_us=62609 touch_us=429 pacing_us=9902 wall_us=509950 maximum_wall_us=500000 max_tick_us=10138 touch_samples=577 touch_interval_max_us=1869 touch_read_max_us=500 touch_events=0 touch_down=0 touch_up=0 touch_events_ge_8ms=0 touch_event_age_max_us=0 touch_errors=0 touch_overflows=0 pass=0
[18:27:31] TINYDRAW_GATE1_WORKLOAD kind=realistic seed=7 operations=1000 samples=19844 maximum_stroke=198 load_us=523430 raw_source=1 lod_copies=0
[18:27:31] TINYDRAW_GATE1_PACED_COLD corpus=seed7 zoom=400 x=63 y=63 steps=264 tiles=56 compute_us=192394 present_us=80758 touch_us=326 pacing_us=5489 wall_us=278967 maximum_wall_us=500000 max_tick_us=9666 touch_samples=803 touch_interval_max_us=2048 touch_read_max_us=549 touch_events=0 touch_down=0 touch_up=0 touch_events_ge_8ms=0 touch_event_age_max_us=0 touch_errors=0 touch_overflows=0 pass=1
[18:27:31] TINYDRAW_LIVE_PRESENT kind=gate_fallback zoom=100 x=0 y=0 compose_us=11283 scroll_us=0 exposed_compose_us=0 chrome_us=6907 chrome_prepare_us=2366 chrome_stage_us=4541 read_submit_us=13856 read_complete_us=17527 transfer_wait_us=21265 tile_pixels=0 uniform_pixels=0 overview_pixels=0 fallback_pixels=164864 resident_tiles=0 fallback_tiles=42 pushes=11 tear_wait_us=90 tear_edge_isr_to_resume_us=10 tear_edge_observed=1 tear_edge_wait_resumed=1 tear_edge_timeout=0 tear_heal_attempted=0 tear_heal_command_sent=0 presentation_experiment=boundary-top-sweep te_edge=rising requested_clock_mhz=50 effective_clock_mhz=40 frame_reused=0 pass=1
[18:27:31] TINYDRAW_GATE1_HARD zoom=100 cold=1 operations=1000 samples=19844 steps=246 tiles=42 scanned=12000 rendered=388 max_supertask_us=5454 presentation_us=71706 total_us=367427 maximum_wall_us=500000 pass=1
[18:27:31] TINYDRAW_GATE1_OVERLAY_CANVAS regions=zoom,minimap,toolbar,battery operations=4 presentation_mutations=0 authority=1 pass=1
[18:27:32] TINYDRAW_GATE1_LIVE_OVERLAY clear_updates=48 clear_wall_max_us=3943 clear_submit_max_us=2157 clear_complete_max_us=3041 overlay_updates=48 overlay_wall_max_us=3914 overlay_submit_max_us=2113 overlay_complete_max_us=3162 overlay_chrome_max_us=243 clear_failures=0 overlay_failures=0 pass=1
[18:27:32] TINYDRAW_EDGE_INK corners=4 edge_failures=0 pass=1
[18:27:32] TINYDRAW_GATE1_PAN zoom=100 from_x=0 from_y=0 to_x=88 to_y=88 compose_us=15431 scroll_us=12 exposed_compose_us=15419 chrome_us=2446 event_submit_us=29883 event_complete_us=33056 transfer_us=16119 setup=1 present=1 moved=1 frame_reused=1 pass=1
[18:27:33] TINYDRAW_LIVE_PRESENT kind=gate_fallback zoom=400 x=0 y=0 compose_us=10597 scroll_us=0 exposed_compose_us=0 chrome_us=6767 chrome_prepare_us=2389 chrome_stage_us=4378 read_submit_us=23832 read_complete_us=27481 transfer_wait_us=20610 tile_pixels=0 uniform_pixels=0 overview_pixels=0 fallback_pixels=164864 resident_tiles=0 fallback_tiles=42 pushes=11 tear_wait_us=10725 tear_edge_isr_to_resume_us=11 tear_edge_observed=1 tear_edge_wait_resumed=1 tear_edge_timeout=0 tear_heal_attempted=0 tear_heal_command_sent=0 presentation_experiment=boundary-top-sweep te_edge=rising requested_clock_mhz=50 effective_clock_mhz=40 frame_reused=0 pass=1
[18:27:33] TINYDRAW_GATE1_HARD zoom=400 cold=1 operations=1008 samples=19852 steps=200 tiles=42 scanned=12096 rendered=60 max_supertask_us=8065 presentation_us=69170 total_us=213063 maximum_wall_us=500000 pass=1
[18:27:33] TINYDRAW_GATE1_PAN zoom=400 from_x=0 from_y=0 to_x=88 to_y=88 compose_us=15436 scroll_us=12 exposed_compose_us=15424 chrome_us=2279 event_submit_us=29616 event_complete_us=32785 transfer_us=16389 setup=1 present=1 moved=1 frame_reused=1 pass=1
[18:27:35] TINYDRAW_PANSEQ_FRAME zoom=100 step=0 dx=24 dy=18 scroll_us=11 exposed_compose_us=4382 chrome_us=2434 tear_wait_us=8348 present_us=16105 prepare_us=10907 acquire_wait_us=27 ring_copy_us=8461 patch_us=2437 byte_swap_us=9 staging_us=3988 event_submit_us=12870 event_complete_us=16047 frame_us=28980 tear_edge_observed=1 frame_reused=1 pass=1
[18:27:35] TINYDRAW_PANSEQ_FRAME zoom=100 step=1 dx=24 dy=18 scroll_us=8 exposed_compose_us=4410 chrome_us=2459 tear_wait_us=12946 present_us=16433 prepare_us=10807 acquire_wait_us=32 ring_copy_us=8338 patch_us=2461 byte_swap_us=8 staging_us=4074 event_submit_us=17485 event_complete_us=20668 frame_us=33921 tear_edge_observed=1 frame_reused=1 pass=1
[18:27:35] TINYDRAW_PANSEQ_FRAME zoom=100 step=2 dx=24 dy=18 scroll_us=9 exposed_compose_us=4113 chrome_us=2421 tear_wait_us=12910 present_us=16784 prepare_us=10885 acquire_wait_us=25 ring_copy_us=8446 patch_us=2430 byte_swap_us=9 staging_us=4033 event_submit_us=17147 event_complete_us=20345 frame_us=33942 tear_edge_observed=1 frame_reused=1 pass=1
[18:27:35] TINYDRAW_PANSEQ_FRAME zoom=100 step=3 dx=24 dy=18 scroll_us=8 exposed_compose_us=4626 chrome_us=2423 tear_wait_us=12069 present_us=16106 prepare_us=10853 acquire_wait_us=34 ring_copy_us=8415 patch_us=2430 byte_swap_us=8 staging_us=4028 event_submit_us=16815 event_complete_us=19982 frame_us=32929 tear_edge_observed=1 frame_reused=1 pass=1
[18:27:35] TINYDRAW_PANSEQ_FRAME zoom=100 step=4 dx=24 dy=18 scroll_us=9 exposed_compose_us=4151 chrome_us=2441 tear_wait_us=13199 present_us=16454 prepare_us=10849 acquire_wait_us=21 ring_copy_us=8393 patch_us=2447 byte_swap_us=9 staging_us=4043 event_submit_us=17476 event_complete_us=20656 frame_us=33938 tear_edge_observed=1 frame_reused=1 pass=1
[18:27:36] TINYDRAW_PANSEQ_FRAME zoom=100 step=5 dx=24 dy=18 scroll_us=7 exposed_compose_us=4442 chrome_us=2442 tear_wait_us=12562 present_us=16803 prepare_us=10871 acquire_wait_us=28 ring_copy_us=8413 patch_us=2449 byte_swap_us=9 staging_us=4012 event_submit_us=17125 event_complete_us=20291 frame_us=33939 tear_edge_observed=1 frame_reused=1 pass=1
[18:27:36] TINYDRAW_PANSEQ_FRAME zoom=100 step=6 dx=24 dy=18 scroll_us=9 exposed_compose_us=4093 chrome_us=2443 tear_wait_us=12554 present_us=16151 prepare_us=10928 acquire_wait_us=27 ring_copy_us=8474 patch_us=2445 byte_swap_us=9 staging_us=3974 event_submit_us=16773 event_complete_us=19952 frame_us=32933 tear_edge_observed=1 frame_reused=1 pass=1
[18:27:36] TINYDRAW_PANSEQ_FRAME zoom=100 step=7 dx=24 dy=18 scroll_us=7 exposed_compose_us=4403 chrome_us=2446 tear_wait_us=12905 present_us=16495 prepare_us=10798 acquire_wait_us=23 ring_copy_us=8339 patch_us=2451 byte_swap_us=8 staging_us=4093 event_submit_us=17437 event_complete_us=20606 frame_us=33934 tear_edge_observed=1 frame_reused=1 pass=1
[18:27:36] TINYDRAW_PANSEQ_FRAME zoom=100 step=8 dx=24 dy=18 scroll_us=9 exposed_compose_us=4397 chrome_us=2452 tear_wait_us=12570 present_us=15841 prepare_us=10928 acquire_wait_us=29 ring_copy_us=8458 patch_us=2461 byte_swap_us=9 staging_us=3978 event_submit_us=17090 event_complete_us=20259 frame_us=32938 tear_edge_observed=1 frame_reused=1 pass=1
[18:27:36] TINYDRAW_PANSEQ_FRAME zoom=100 step=9 dx=24 dy=18 scroll_us=8 exposed_compose_us=4419 chrome_us=2441 tear_wait_us=13191 present_us=16193 prepare_us=10881 acquire_wait_us=47 ring_copy_us=8424 patch_us=2448 byte_swap_us=9 staging_us=3999 event_submit_us=17732 event_complete_us=20887 frame_us=33933 tear_edge_observed=1 frame_reused=1 pass=1
[18:27:36] TINYDRAW_PANSEQ_FRAME zoom=100 step=10 dx=24 dy=18 scroll_us=9 exposed_compose_us=4119 chrome_us=2444 tear_wait_us=13154 present_us=16533 prepare_us=10865 acquire_wait_us=24 ring_copy_us=8407 patch_us=2450 byte_swap_us=8 staging_us=4018 event_submit_us=17407 event_complete_us=20577 frame_us=33938 tear_edge_observed=1 frame_reused=1 pass=1
[18:27:36] TINYDRAW_PANSEQ_FRAME zoom=100 step=11 dx=24 dy=18 scroll_us=7 exposed_compose_us=4646 chrome_us=2452 tear_wait_us=12280 present_us=15879 prepare_us=10888 acquire_wait_us=36 ring_copy_us=8420 patch_us=2460 byte_swap_us=8 staging_us=4003 event_submit_us=17047 event_complete_us=20215 frame_us=32934 tear_edge_observed=1 frame_reused=1 pass=1
[18:27:36] TINYDRAW_PANSEQ_FRAME zoom=100 step=12 dx=24 dy=18 scroll_us=9 exposed_compose_us=4151 chrome_us=2450 tear_wait_us=13431 present_us=16222 prepare_us=10938 acquire_wait_us=27 ring_copy_us=8476 patch_us=2454 byte_swap_us=8 staging_us=3961 event_submit_us=17707 event_complete_us=20878 frame_us=33938 tear_edge_observed=1 frame_reused=1 pass=1
[18:27:36] TINYDRAW_PANSEQ_FRAME zoom=100 step=13 dx=24 dy=18 scroll_us=7 exposed_compose_us=4418 chrome_us=2432 tear_wait_us=12813 present_us=16572 prepare_us=10834 acquire_wait_us=25 ring_copy_us=8386 patch_us=2440 byte_swap_us=8 staging_us=4008 event_submit_us=17354 event_complete_us=20499 frame_us=33934 tear_edge_observed=1 frame_reused=1 pass=1
[18:27:36] TINYDRAW_PANSEQ_FRAME zoom=100 step=14 dx=24 dy=18 scroll_us=9 exposed_compose_us=4118 chrome_us=2456 tear_wait_us=12761 present_us=15926 prepare_us=10972 acquire_wait_us=28 ring_copy_us=8505 patch_us=2458 byte_swap_us=9 staging_us=3943 event_submit_us=17004 event_complete_us=20188 frame_us=32938 tear_edge_observed=1 frame_reused=1 pass=1
[18:27:36] TINYDRAW_PANSEQ_FRAME zoom=100 step=15 dx=24 dy=18 scroll_us=7 exposed_compose_us=4475 chrome_us=2485 tear_wait_us=13065 present_us=16264 prepare_us=10932 acquire_wait_us=38 ring_copy_us=8430 patch_us=2494 byte_swap_us=8 staging_us=3956 event_submit_us=17671 event_complete_us=20834 frame_us=33934 tear_edge_observed=1 frame_reused=1 pass=1
[18:27:36] TINYDRAW_PANSEQ_FRAME zoom=100 step=16 dx=72 dy=54 scroll_us=9 exposed_compose_us=11746 chrome_us=2459 tear_wait_us=5450 present_us=16610 prepare_us=10940 acquire_wait_us=29 ring_copy_us=8464 patch_us=2468 byte_swap_us=8 staging_us=3922 event_submit_us=17319 event_complete_us=20465 frame_us=33938 tear_edge_observed=1 frame_reused=1 pass=1
[18:27:36] TINYDRAW_PANSEQ_FRAME zoom=100 step=17 dx=72 dy=54 scroll_us=7 exposed_compose_us=11698 chrome_us=2466 tear_wait_us=5145 present_us=15958 prepare_us=10925 acquire_wait_us=28 ring_copy_us=8438 patch_us=2479 byte_swap_us=8 staging_us=3953 event_submit_us=16968 event_complete_us=20129 frame_us=32934 tear_edge_observed=1 frame_reused=1 pass=1
[18:27:36] TINYDRAW_PANSEQ_FRAME zoom=100 step=18 dx=72 dy=54 scroll_us=9 exposed_compose_us=10079 chrome_us=2466 tear_wait_us=7425 present_us=16301 prepare_us=10905 acquire_wait_us=50 ring_copy_us=8424 patch_us=2473 byte_swap_us=8 staging_us=3983 event_submit_us=17639 event_complete_us=20801 frame_us=33939 tear_edge_observed=1 frame_reused=1 pass=1
[18:27:36] TINYDRAW_PANSEQ_FRAME zoom=100 step=19 dx=72 dy=54 scroll_us=8 exposed_compose_us=10090 chrome_us=2458 tear_wait_us=7071 present_us=16647 prepare_us=10906 acquire_wait_us=50 ring_copy_us=8425 patch_us=2473 byte_swap_us=8 staging_us=3973 event_submit_us=17276 event_complete_us=20430 frame_us=33931 tear_edge_observed=1 frame_reused=1 pass=1
[18:27:36] TINYDRAW_PANSEQ_FRAME zoom=100 step=20 dx=-72 dy=-54 scroll_us=15 exposed_compose_us=11557 chrome_us=2463 tear_wait_us=5225 present_us=16002 prepare_us=10911 acquire_wait_us=33 ring_copy_us=8447 patch_us=2457 byte_swap_us=7 staging_us=3954 event_submit_us=16927 event_complete_us=20069 frame_us=32939 tear_edge_observed=1 frame_reused=1 pass=1
[18:27:36] TINYDRAW_PANSEQ_FRAME zoom=100 step=21 dx=-72 dy=-54 scroll_us=8 exposed_compose_us=11679 chrome_us=2445 tear_wait_us=5758 present_us=16368 prepare_us=10772 acquire_wait_us=25 ring_copy_us=8308 patch_us=2456 byte_swap_us=8 staging_us=4057 event_submit_us=17555 event_complete_us=20697 frame_us=33931 tear_edge_observed=1 frame_reused=1 pass=1
[18:27:36] TINYDRAW_PANSEQ_FRAME zoom=100 step=22 dx=-72 dy=-54 scroll_us=9 exposed_compose_us=11716 chrome_us=2452 tear_wait_us=5373 present_us=16717 prepare_us=10884 acquire_wait_us=26 ring_copy_us=8411 patch_us=2465 byte_swap_us=8 staging_us=4004 event_submit_us=17212 event_complete_us=20380 frame_us=33938 tear_edge_observed=1 frame_reused=1 pass=1
[18:27:36] TINYDRAW_PANSEQ_FRAME zoom=100 step=23 dx=-72 dy=-54 scroll_us=8 exposed_compose_us=11371 chrome_us=2426 tear_wait_us=5355 present_us=16070 prepare_us=10828 acquire_wait_us=35 ring_copy_us=8391 patch_us=2429 byte_swap_us=8 staging_us=4018 event_submit_us=16850 event_complete_us=19996 frame_us=32928 tear_edge_observed=1 frame_reused=1 pass=1
[18:27:36] TINYDRAW_PANSEQ_STRIP zoom=100 strip=0 panel_y=0 rows=44 samples=24 staging_mean_us=1344 staging_max_us=1373 wire_budget_us=1619 over_budget_us=0 pass=1
[18:27:36] TINYDRAW_PANSEQ_STRIP zoom=100 strip=1 panel_y=44 rows=44 samples=24 staging_mean_us=1245 staging_max_us=1268 wire_budget_us=1619 over_budget_us=0 pass=1
[18:27:36] TINYDRAW_PANSEQ_STRIP zoom=100 strip=2 panel_y=88 rows=44 samples=24 staging_mean_us=1206 staging_max_us=1222 wire_budget_us=1619 over_budget_us=0 pass=1
[18:27:36] TINYDRAW_PANSEQ_STRIP zoom=100 strip=3 panel_y=132 rows=44 samples=24 staging_mean_us=1198 staging_max_us=1213 wire_budget_us=1619 over_budget_us=0 pass=1
[18:27:36] TINYDRAW_PANSEQ_STRIP zoom=100 strip=4 panel_y=176 rows=44 samples=24 staging_mean_us=1198 staging_max_us=1216 wire_budget_us=1619 over_budget_us=0 pass=1
[18:27:36] TINYDRAW_PANSEQ_STRIP zoom=100 strip=5 panel_y=220 rows=44 samples=24 staging_mean_us=1230 staging_max_us=1252 wire_budget_us=1619 over_budget_us=0 pass=1
[18:27:36] TINYDRAW_PANSEQ_STRIP zoom=100 strip=6 panel_y=264 rows=44 samples=24 staging_mean_us=1414 staging_max_us=1452 wire_budget_us=1619 over_budget_us=0 pass=1
[18:27:36] TINYDRAW_PANSEQ_STRIP zoom=100 strip=7 panel_y=308 rows=44 samples=24 staging_mean_us=1406 staging_max_us=1431 wire_budget_us=1619 over_budget_us=0 pass=1
[18:27:36] TINYDRAW_PANSEQ_STRIP zoom=100 strip=8 panel_y=352 rows=20 samples=24 staging_mean_us=669 staging_max_us=703 wire_budget_us=736 over_budget_us=0 pass=1
[18:27:36] TINYDRAW_GATE1_PANSEQ zoom=100 frames=24 scroll_avg_us=8 exposed_avg_us=6637 chrome_avg_us=2448 tear_wait_avg_us=10315 present_avg_us=16309 prepare_avg_us=10883 acquire_wait_avg_us=31 ring_copy_avg_us=8420 patch_avg_us=2454 byte_swap_avg_us=8 staging_avg_us=3998 frame_avg_us=33395 frame_p50_us=33931 frame_p95_us=33939 frame_max_us=33942 complete_p50_us=20380 complete_p95_us=20878 complete_max_us=20887 tear_edge_failures=0 presentation_experiment=boundary-top-sweep te_edge=rising requested_clock_mhz=50 effective_clock_mhz=40 chrome_bottom_redraws=0 chrome_battery_redraws=0 chrome_zoom_redraws=0 chrome_minimap_base_redraws=0 strip_samples=216 staging_mean_us=1212 staging_max_us=1452 worst_strip=8 worst_strip_y=352 worst_wire_budget_us=736 worst_headroom_us=33 staging_invariant=1 pacing_pass=1 all_reused=1 pass=1
[18:27:38] TINYDRAW_PANSEQ_FRAME zoom=400 step=0 dx=24 dy=18 scroll_us=10 exposed_compose_us=4350 chrome_us=2273 tear_wait_us=8870 present_us=16607 prepare_us=10755 acquire_wait_us=38 ring_copy_us=8480 patch_us=2268 byte_swap_us=7 staging_us=4126 event_submit_us=13362 event_complete_us=16524 frame_us=29978 tear_edge_observed=1 frame_reused=1 pass=1
[18:27:38] TINYDRAW_PANSEQ_FRAME zoom=400 step=1 dx=24 dy=18 scroll_us=8 exposed_compose_us=4425 chrome_us=2280 tear_wait_us=12399 present_us=15966 prepare_us=10788 acquire_wait_us=28 ring_copy_us=8493 patch_us=2287 byte_swap_us=8 staging_us=4134 event_submit_us=16952 event_complete_us=20148 frame_us=32921 tear_edge_observed=1 frame_reused=1 pass=1
[18:27:38] TINYDRAW_PANSEQ_FRAME zoom=400 step=2 dx=24 dy=18 scroll_us=9 exposed_compose_us=4129 chrome_us=2301 tear_wait_us=13352 present_us=16325 prepare_us=10780 acquire_wait_us=36 ring_copy_us=8464 patch_us=2307 byte_swap_us=9 staging_us=4125 event_submit_us=17605 event_complete_us=20803 frame_us=33938 tear_edge_observed=1 frame_reused=1 pass=1
[18:27:38] TINYDRAW_PANSEQ_FRAME zoom=400 step=3 dx=24 dy=18 scroll_us=7 exposed_compose_us=4608 chrome_us=2264 tear_wait_us=12531 present_us=16669 prepare_us=10756 acquire_wait_us=32 ring_copy_us=8471 patch_us=2276 byte_swap_us=9 staging_us=4146 event_submit_us=17255 event_complete_us=20438 frame_us=33933 tear_edge_observed=1 frame_reused=1 pass=1
[18:27:38] TINYDRAW_PANSEQ_FRAME zoom=400 step=4 dx=24 dy=18 scroll_us=9 exposed_compose_us=4150 chrome_us=2272 tear_wait_us=12615 present_us=16032 prepare_us=10790 acquire_wait_us=28 ring_copy_us=8504 patch_us=2278 byte_swap_us=8 staging_us=4120 event_submit_us=16903 event_complete_us=20090 frame_us=32938 tear_edge_observed=1 frame_reused=1 pass=1
[18:27:38] TINYDRAW_PANSEQ_FRAME zoom=400 step=5 dx=24 dy=18 scroll_us=7 exposed_compose_us=4429 chrome_us=2286 tear_wait_us=12986 present_us=16388 prepare_us=10672 acquire_wait_us=27 ring_copy_us=8359 patch_us=2305 byte_swap_us=8 staging_us=4216 event_submit_us=17536 event_complete_us=20716 frame_us=33933 tear_edge_observed=1 frame_reused=1 pass=1
[18:27:38] TINYDRAW_PANSEQ_FRAME zoom=400 step=6 dx=24 dy=18 scroll_us=9 exposed_compose_us=4089 chrome_us=2260 tear_wait_us=12982 present_us=16736 prepare_us=10702 acquire_wait_us=27 ring_copy_us=8425 patch_us=2269 byte_swap_us=8 staging_us=4205 event_submit_us=17193 event_complete_us=20380 frame_us=33938 tear_edge_observed=1 frame_reused=1 pass=1
[18:27:38] TINYDRAW_PANSEQ_FRAME zoom=400 step=7 dx=24 dy=18 scroll_us=7 exposed_compose_us=4400 chrome_us=2242 tear_wait_us=12308 present_us=16090 prepare_us=10646 acquire_wait_us=32 ring_copy_us=8388 patch_us=2250 byte_swap_us=8 staging_us=4238 event_submit_us=16829 event_complete_us=20001 frame_us=32928 tear_edge_observed=1 frame_reused=1 pass=1
[18:27:38] TINYDRAW_PANSEQ_FRAME zoom=400 step=8 dx=24 dy=18 scroll_us=9 exposed_compose_us=4390 chrome_us=2255 tear_wait_us=12963 present_us=16450 prepare_us=10674 acquire_wait_us=23 ring_copy_us=8404 patch_us=2261 byte_swap_us=9 staging_us=4230 event_submit_us=17478 event_complete_us=20669 frame_us=33938 tear_edge_observed=1 frame_reused=1 pass=1
[18:27:38] TINYDRAW_PANSEQ_FRAME zoom=400 step=9 dx=24 dy=18 scroll_us=7 exposed_compose_us=4425 chrome_us=2250 tear_wait_us=12562 present_us=16822 prepare_us=10681 acquire_wait_us=27 ring_copy_us=8415 patch_us=2257 byte_swap_us=9 staging_us=4219 event_submit_us=17109 event_complete_us=20283 frame_us=33938 tear_edge_observed=1 frame_reused=1 pass=1
[18:27:38] TINYDRAW_PANSEQ_FRAME zoom=400 step=10 dx=24 dy=18 scroll_us=9 exposed_compose_us=4111 chrome_us=2252 tear_wait_us=12522 present_us=16165 prepare_us=10731 acquire_wait_us=26 ring_copy_us=8463 patch_us=2259 byte_swap_us=9 staging_us=4172 event_submit_us=16758 event_complete_us=19937 frame_us=32932 tear_edge_observed=1 frame_reused=1 pass=1
[18:27:38] TINYDRAW_PANSEQ_FRAME zoom=400 step=11 dx=24 dy=18 scroll_us=7 exposed_compose_us=4650 chrome_us=2255 tear_wait_us=12649 present_us=16503 prepare_us=10629 acquire_wait_us=23 ring_copy_us=8360 patch_us=2261 byte_swap_us=8 staging_us=4273 event_submit_us=17431 event_complete_us=20610 frame_us=33933 tear_edge_observed=1 frame_reused=1 pass=1
[18:27:38] TINYDRAW_PANSEQ_FRAME zoom=400 step=12 dx=24 dy=18 scroll_us=9 exposed_compose_us=4144 chrome_us=2246 tear_wait_us=12827 present_us=15840 prepare_us=10716 acquire_wait_us=26 ring_copy_us=8456 patch_us=2252 byte_swap_us=8 staging_us=4188 event_submit_us=17097 event_complete_us=20276 frame_us=32945 tear_edge_observed=1 frame_reused=1 pass=1
[18:27:38] TINYDRAW_PANSEQ_FRAME zoom=400 step=13 dx=24 dy=18 scroll_us=7 exposed_compose_us=4419 chrome_us=2264 tear_wait_us=13204 present_us=16173 prepare_us=10710 acquire_wait_us=39 ring_copy_us=8430 patch_us=2272 byte_swap_us=8 staging_us=4198 event_submit_us=17744 event_complete_us=20912 frame_us=33927 tear_edge_observed=1 frame_reused=1 pass=1
[18:27:38] TINYDRAW_PANSEQ_FRAME zoom=400 step=14 dx=24 dy=18 scroll_us=9 exposed_compose_us=4105 chrome_us=2247 tear_wait_us=13196 present_us=16505 prepare_us=10664 acquire_wait_us=24 ring_copy_us=8406 patch_us=2251 byte_swap_us=7 staging_us=4237 event_submit_us=17430 event_complete_us=20611 frame_us=33938 tear_edge_observed=1 frame_reused=1 pass=1
[18:27:38] TINYDRAW_PANSEQ_FRAME zoom=400 step=15 dx=24 dy=18 scroll_us=7 exposed_compose_us=4478 chrome_us=2273 tear_wait_us=12479 present_us=15848 prepare_us=10713 acquire_wait_us=26 ring_copy_us=8425 patch_us=2279 byte_swap_us=9 staging_us=4189 event_submit_us=17078 event_complete_us=20255 frame_us=32933 tear_edge_observed=1 frame_reused=1 pass=1
[18:27:38] TINYDRAW_PANSEQ_FRAME zoom=400 step=16 dx=72 dy=54 scroll_us=9 exposed_compose_us=11750 chrome_us=2274 tear_wait_us=5855 present_us=16197 prepare_us=10736 acquire_wait_us=53 ring_copy_us=8450 patch_us=2278 byte_swap_us=8 staging_us=4144 event_submit_us=17732 event_complete_us=20887 frame_us=33939 tear_edge_observed=1 frame_reused=1 pass=1
[18:27:38] TINYDRAW_PANSEQ_FRAME zoom=400 step=17 dx=72 dy=54 scroll_us=8 exposed_compose_us=11525 chrome_us=2253 tear_wait_us=5738 present_us=16538 prepare_us=10628 acquire_wait_us=27 ring_copy_us=8360 patch_us=2263 byte_swap_us=5 staging_us=4253 event_submit_us=17391 event_complete_us=20550 frame_us=33931 tear_edge_observed=1 frame_reused=1 pass=1
[18:27:38] TINYDRAW_PANSEQ_FRAME zoom=400 step=18 dx=72 dy=54 scroll_us=9 exposed_compose_us=11422 chrome_us=2256 tear_wait_us=5507 present_us=15875 prepare_us=10759 acquire_wait_us=38 ring_copy_us=8490 patch_us=2260 byte_swap_us=9 staging_us=4143 event_submit_us=17053 event_complete_us=20224 frame_us=32938 tear_edge_observed=1 frame_reused=1 pass=1
[18:27:38] TINYDRAW_PANSEQ_FRAME zoom=400 step=19 dx=72 dy=54 scroll_us=7 exposed_compose_us=11653 chrome_us=2281 tear_wait_us=5947 present_us=16201 prepare_us=10733 acquire_wait_us=28 ring_copy_us=8439 patch_us=2287 byte_swap_us=7 staging_us=4147 event_submit_us=17723 event_complete_us=20873 frame_us=33934 tear_edge_observed=1 frame_reused=1 pass=1
[18:27:38] TINYDRAW_PANSEQ_FRAME zoom=400 step=20 dx=-72 dy=-54 scroll_us=9 exposed_compose_us=11785 chrome_us=2266 tear_wait_us=5489 present_us=16527 prepare_us=10644 acquire_wait_us=25 ring_copy_us=8366 patch_us=2272 byte_swap_us=6 staging_us=4230 event_submit_us=17416 event_complete_us=20576 frame_us=33935 tear_edge_observed=1 frame_reused=1 pass=1
[18:27:38] TINYDRAW_PANSEQ_FRAME zoom=400 step=21 dx=-72 dy=-54 scroll_us=7 exposed_compose_us=11691 chrome_us=2258 tear_wait_us=5267 present_us=15851 prepare_us=10639 acquire_wait_us=25 ring_copy_us=8359 patch_us=2271 byte_swap_us=9 staging_us=4233 event_submit_us=17073 event_complete_us=20218 frame_us=32933 tear_edge_observed=1 frame_reused=1 pass=1
[18:27:38] TINYDRAW_PANSEQ_FRAME zoom=400 step=22 dx=-72 dy=-54 scroll_us=9 exposed_compose_us=11707 chrome_us=2274 tear_wait_us=5910 present_us=16187 prepare_us=10753 acquire_wait_us=29 ring_copy_us=8463 patch_us=2281 byte_swap_us=9 staging_us=4128 event_submit_us=17741 event_complete_us=20895 frame_us=33938 tear_edge_observed=1 frame_reused=1 pass=1
[18:27:39] TINYDRAW_PANSEQ_FRAME zoom=400 step=23 dx=-72 dy=-54 scroll_us=7 exposed_compose_us=11382 chrome_us=2252 tear_wait_us=5877 present_us=16541 prepare_us=10623 acquire_wait_us=23 ring_copy_us=8351 patch_us=2263 byte_swap_us=9 staging_us=4249 event_submit_us=17387 event_complete_us=20548 frame_us=33933 tear_edge_observed=1 frame_reused=1 pass=1
[18:27:39] TINYDRAW_PANSEQ_STRIP zoom=400 strip=0 panel_y=0 rows=44 samples=24 staging_mean_us=1351 staging_max_us=1375 wire_budget_us=1619 over_budget_us=0 pass=1
[18:27:39] TINYDRAW_PANSEQ_STRIP zoom=400 strip=1 panel_y=44 rows=44 samples=24 staging_mean_us=1242 staging_max_us=1258 wire_budget_us=1619 over_budget_us=0 pass=1
[18:27:39] TINYDRAW_PANSEQ_STRIP zoom=400 strip=2 panel_y=88 rows=44 samples=24 staging_mean_us=1206 staging_max_us=1218 wire_budget_us=1619 over_budget_us=0 pass=1
[18:27:39] TINYDRAW_PANSEQ_STRIP zoom=400 strip=3 panel_y=132 rows=44 samples=24 staging_mean_us=1196 staging_max_us=1211 wire_budget_us=1619 over_budget_us=0 pass=1
[18:27:39] TINYDRAW_PANSEQ_STRIP zoom=400 strip=4 panel_y=176 rows=44 samples=24 staging_mean_us=1199 staging_max_us=1218 wire_budget_us=1619 over_budget_us=0 pass=1
[18:27:39] TINYDRAW_PANSEQ_STRIP zoom=400 strip=5 panel_y=220 rows=44 samples=24 staging_mean_us=1187 staging_max_us=1209 wire_budget_us=1619 over_budget_us=0 pass=1
[18:27:39] TINYDRAW_PANSEQ_STRIP zoom=400 strip=6 panel_y=264 rows=44 samples=24 staging_mean_us=1368 staging_max_us=1396 wire_budget_us=1619 over_budget_us=0 pass=1
[18:27:39] TINYDRAW_PANSEQ_STRIP zoom=400 strip=7 panel_y=308 rows=44 samples=24 staging_mean_us=1361 staging_max_us=1389 wire_budget_us=1619 over_budget_us=0 pass=1
[18:27:39] TINYDRAW_PANSEQ_STRIP zoom=400 strip=8 panel_y=352 rows=20 samples=24 staging_mean_us=620 staging_max_us=663 wire_budget_us=736 over_budget_us=0 pass=1
[18:27:39] TINYDRAW_GATE1_PANSEQ zoom=400 frames=24 scroll_avg_us=8 exposed_avg_us=6759 chrome_avg_us=2263 tear_wait_avg_us=10251 present_avg_us=16293 prepare_avg_us=10705 acquire_wait_avg_us=29 ring_copy_avg_us=8425 patch_avg_us=2271 byte_swap_avg_us=8 staging_avg_us=4189 frame_avg_us=33436 frame_p50_us=33933 frame_p95_us=33938 frame_max_us=33939 complete_p50_us=20438 complete_p95_us=20895 complete_max_us=20912 tear_edge_failures=0 presentation_experiment=boundary-top-sweep te_edge=rising requested_clock_mhz=50 effective_clock_mhz=40 chrome_bottom_redraws=0 chrome_battery_redraws=0 chrome_zoom_redraws=0 chrome_minimap_base_redraws=0 strip_samples=216 staging_mean_us=1192 staging_max_us=1396 worst_strip=8 worst_strip_y=352 worst_wire_budget_us=736 worst_headroom_us=73 staging_invariant=1 pacing_pass=1 all_reused=1 pass=1
[18:27:39] TINYDRAW_GATE1_PAN_BOUNDARY zoom=100 slow_1px_trace=1 below_delta=94 below_reused=1 at_delta=96 at_reused=1 above_delta=98 above_fallback=1 pass=1
[18:27:40] TINYDRAW_GATE1_PAN_BOUNDARY zoom=400 slow_1px_trace=1 below_delta=94 below_reused=1 at_delta=96 at_reused=1 above_delta=98 above_fallback=1 pass=1
[18:27:40] TINYDRAW_GATE1_DRAW_FILL zoom=400 revision=2930 append_us=1416 poll_gap_us=97 event_submit_us=206 event_complete_us=2155 max_compute_slice_us=5468 max_display_slice_us=17177 fill_us=224977 revision_restarted=1 pass=1
[18:27:41] TINYDRAW_GATE1_CACHE_FILL zoom=50 x=63 y=63 published=56 total_us=596964 within_cold_gate=0 complete=1
[18:27:41] TINYDRAW_GATE1_CACHE_FILL zoom=100 x=63 y=63 published=56 total_us=478962 within_cold_gate=1 complete=1
[18:27:41] TINYDRAW_GATE1_CACHE_FILL zoom=200 x=63 y=63 published=56 total_us=334961 within_cold_gate=1 complete=1
[18:27:42] TINYDRAW_GATE1_CACHE_FILL zoom=400 x=63 y=63 published=56 total_us=276961 within_cold_gate=1 complete=1
[18:27:42] TINYDRAW_GATE1_CACHE_REVISIT zoom=50 remaining=0 tile_pixels=118128 fallback_pixels=0 compose_us=15963 complete_us=20768 hit=1
[18:27:42] TINYDRAW_GATE1_CACHE_REVISIT zoom=100 remaining=0 tile_pixels=164864 fallback_pixels=0 compose_us=18322 complete_us=20285 hit=1
[18:27:42] TINYDRAW_GATE1_CACHE_REVISIT zoom=200 remaining=0 tile_pixels=164864 fallback_pixels=0 compose_us=18346 complete_us=20798 hit=1
[18:27:42] TINYDRAW_GATE1_CACHE_REVISIT zoom=400 remaining=0 tile_pixels=164608 fallback_pixels=0 compose_us=18363 complete_us=20318 hit=1
[18:27:42] TINYDRAW_GATE1_CACHE_FILL zoom=400 x=575 y=575 published=56 total_us=293964 within_cold_gate=1 complete=1
[18:27:42] TINYDRAW_GATE1_CACHE_ROUND_TRIP zoom=50 from_x=63 from_y=63 via_x=575 via_y=575 remaining=0 tile_pixels=118128 fallback_pixels=0 compose_us=15991 complete_us=21299 hit=1
[18:27:42] TINYDRAW_GATE1_CACHE_ROUND_TRIP zoom=100 from_x=63 from_y=63 via_x=575 via_y=575 remaining=0 tile_pixels=164864 fallback_pixels=0 compose_us=18373 complete_us=20829 hit=1
[18:27:42] TINYDRAW_GATE1_CACHE_ROUND_TRIP zoom=200 from_x=63 from_y=63 via_x=575 via_y=575 remaining=0 tile_pixels=164864 fallback_pixels=0 compose_us=18376 complete_us=20354 hit=1
[18:27:42] TINYDRAW_GATE1_CACHE_ROUND_TRIP zoom=400 from_x=63 from_y=63 via_x=575 via_y=575 remaining=0 tile_pixels=164608 fallback_pixels=0 compose_us=18359 complete_us=20869 hit=1
[18:27:43] TINYDRAW_GATE1_CACHE_RETENTION pass=1 slots=448 revision=2930
[18:27:44] TINYDRAW_PAPER_SWEEP zoom=100 identities=644 raw=266 uniform=378 fallback=0 slots=448 total_us=1322155 pass=1
[18:27:44] TINYDRAW_RERENDER_LEDGER_RESET site=cache_tour_start
[18:27:47] TINYDRAW_GATE1_CACHE_TOUR slots=448 stops=16 forward_steps=2162 forward_tiles=832 forward_wall_us=1323825 return_missing_tiles=0 return_steps=16 return_tiles=0 return_wall_us=5833 home_missing=0 home_fallback_pixels=0 pass=1
[18:27:47] TINYDRAW_RERENDER_LEDGER site=cache_tour renders=137 unique=137 amplification=1.000 cold=137 damage=0 evict=0 stale=0 unexplained=0
[18:27:48] TINYDRAW_GATE1_MIXED_DRAW_WARM zoom=50 fill_tiles=56 fill_us=521856 raw=42 uniform=14
[18:27:48] TINYDRAW_GATE1_MIXED_DRAW_WARM zoom=100 fill_tiles=56 fill_us=401050 raw=56 uniform=0
[18:27:48] TINYDRAW_GATE1_MIXED_DRAW_WARM zoom=200 fill_tiles=56 fill_us=307462 raw=56 uniform=0
[18:27:49] TINYDRAW_GATE1_MIXED_DRAW_WARM zoom=400 fill_tiles=42 fill_us=196630 raw=42 uniform=0
[18:27:50] TINYDRAW_GATE1_MIXED_DRAW zoom=25 tool=pen chunks=50 append_max_us=13217 append_avg_us=11850 append_total_us=592539 affected_tiles=196 published=0 fallback=196 visible_fallback=0 ph_prepare_max_us=146 ph_overview_max_us=8988 ph_enumerate_max_us=575 ph_uniform_max_us=88 ph_raw_max_us=13 ph_commit_max_us=3572 committed=1 authority=1 refresh=1 run_ok=1 pass=1
[18:27:50] TINYDRAW_GATE1_MIXED_DRAW zoom=25 tool=eraser chunks=50 append_max_us=13300 append_avg_us=11800 append_total_us=590023 affected_tiles=0 published=0 fallback=0 visible_fallback=0 ph_prepare_max_us=151 ph_overview_max_us=9160 ph_enumerate_max_us=482 ph_uniform_max_us=7 ph_raw_max_us=8 ph_commit_max_us=3547 committed=1 authority=1 refresh=1 run_ok=1 pass=1
[18:27:52] TINYDRAW_GATE1_MIXED_DRAW zoom=50 tool=pen chunks=50 append_max_us=19367 append_avg_us=16478 append_total_us=823915 affected_tiles=422 published=400 fallback=22 visible_fallback=0 ph_prepare_max_us=179 ph_overview_max_us=3828 ph_enumerate_max_us=532 ph_uniform_max_us=5308 ph_raw_max_us=12275 ph_commit_max_us=1755 committed=1 authority=1 refresh=1 run_ok=1 pass=0
[18:27:53] TINYDRAW_GATE1_MIXED_DRAW zoom=50 tool=eraser chunks=50 append_max_us=17950 append_avg_us=16235 append_total_us=811783 affected_tiles=405 published=405 fallback=0 visible_fallback=0 ph_prepare_max_us=180 ph_overview_max_us=3825 ph_enumerate_max_us=542 ph_uniform_max_us=29 ph_raw_max_us=12228 ph_commit_max_us=1499 committed=1 authority=1 refresh=1 run_ok=1 pass=0
[18:27:55] TINYDRAW_GATE1_MIXED_DRAW zoom=100 tool=pen chunks=50 append_max_us=15963 append_avg_us=13914 append_total_us=695716 affected_tiles=450 published=398 fallback=52 visible_fallback=0 ph_prepare_max_us=185 ph_overview_max_us=1922 ph_enumerate_max_us=542 ph_uniform_max_us=4424 ph_raw_max_us=12206 ph_commit_max_us=1061 committed=1 authority=1 refresh=1 run_ok=1 pass=0
[18:27:56] TINYDRAW_GATE1_MIXED_DRAW zoom=100 tool=eraser chunks=50 append_max_us=15384 append_avg_us=13668 append_total_us=683447 affected_tiles=399 published=399 fallback=0 visible_fallback=0 ph_prepare_max_us=175 ph_overview_max_us=1947 ph_enumerate_max_us=501 ph_uniform_max_us=33 ph_raw_max_us=12198 ph_commit_max_us=889 committed=1 authority=1 refresh=1 run_ok=1 pass=0
[18:27:58] TINYDRAW_GATE1_MIXED_DRAW zoom=200 tool=pen chunks=50 append_max_us=15343 append_avg_us=12831 append_total_us=641565 affected_tiles=425 published=389 fallback=36 visible_fallback=0 ph_prepare_max_us=185 ph_overview_max_us=1056 ph_enumerate_max_us=579 ph_uniform_max_us=4528 ph_raw_max_us=12209 ph_commit_max_us=894 committed=1 authority=1 refresh=1 run_ok=1 pass=0
[18:27:59] TINYDRAW_GATE1_MIXED_DRAW zoom=200 tool=eraser chunks=50 append_max_us=14414 append_avg_us=12569 append_total_us=628459 affected_tiles=388 published=388 fallback=0 visible_fallback=0 ph_prepare_max_us=175 ph_overview_max_us=1073 ph_enumerate_max_us=579 ph_uniform_max_us=27 ph_raw_max_us=12183 ph_commit_max_us=766 committed=1 authority=1 refresh=1 run_ok=1 pass=1
[18:28:01] TINYDRAW_GATE1_MIXED_DRAW zoom=400 tool=pen chunks=50 append_max_us=14255 append_avg_us=11890 append_total_us=594518 affected_tiles=359 published=334 fallback=25 visible_fallback=0 ph_prepare_max_us=175 ph_overview_max_us=725 ph_enumerate_max_us=662 ph_uniform_max_us=3359 ph_raw_max_us=11686 ph_commit_max_us=810 committed=1 authority=1 refresh=1 run_ok=1 pass=1
[18:28:02] TINYDRAW_GATE1_MIXED_DRAW zoom=400 tool=eraser chunks=50 append_max_us=13444 append_avg_us=11782 append_total_us=589127 affected_tiles=350 published=350 fallback=0 visible_fallback=0 ph_prepare_max_us=183 ph_overview_max_us=720 ph_enumerate_max_us=612 ph_uniform_max_us=30 ph_raw_max_us=11629 ph_commit_max_us=718 committed=1 authority=1 refresh=1 run_ok=1 pass=1
[18:28:02] TINYDRAW_GATE1_MIXED_DRAW_REVISIT zoom=50 missing=4 refill_tiles=4 refill_us=188023
[18:28:02] TINYDRAW_GATE1_MIXED_DRAW_REVISIT zoom=100 missing=9 refill_tiles=9 refill_us=322869
[18:28:03] TINYDRAW_GATE1_MIXED_DRAW_REVISIT zoom=200 missing=16 refill_tiles=16 refill_us=324341
[18:28:03] TINYDRAW_GATE1_MIXED_DRAW_REVISIT zoom=400 missing=0 refill_tiles=0 refill_us=305
[18:28:03] TINYDRAW_GATE1_MIXED_DRAW_SUMMARY slots=448 strokes=10 worst_append_us=19367 pass=0
[18:28:08] TINYDRAW_GATE1_IDLE_REPAIR damaged=588 remaining=0 plan_views=24 steps=4378 repair_us=3837707 worst_step_us=5467 warm_tiles=56 pass=1
[18:28:09] TINYDRAW_INKTRACE trace=fast-curve-dense-25 zoom=25 events=411 consumed=373 coalesced=38 down=1/1 up=1/1 max_time_gap_us=24187 max_space_gap_px=55.33 e2c_p50=504 e2c_p95=1562 e2c_max=2691 e2g_p95=778 e2s_p95=2645 e2d_p50=2331 e2d_p95=3647 e2d_max=4299 latency_samples=33 presentation_failures=0 commit_failures=0 overflows=0 revision=3482 latency_pass=1 pass=1
[18:28:09] TINYDRAW_INKTRACE trace=fast-curve-400 zoom=400 events=414 consumed=382 coalesced=32 down=1/1 up=1/1 max_time_gap_us=9194 max_space_gap_px=65.51 e2c_p50=504 e2c_p95=695 e2c_max=1573 e2g_p95=776 e2s_p95=2664 e2d_p50=2439 e2d_p95=3910 e2d_max=3938 latency_samples=33 presentation_failures=0 commit_failures=0 overflows=0 revision=3484 latency_pass=1 pass=1
[18:28:12] TINYDRAW_INKTRACE trace=fast-curve-400-xl zoom=400 events=2296 consumed=1928 coalesced=368 down=1/1 up=1/1 max_time_gap_us=12775 max_space_gap_px=47.85 e2c_p50=504 e2c_p95=566 e2c_max=1748 e2g_p95=783 e2s_p95=2985 e2d_p50=3272 e2d_p95=4614 e2d_max=8129 latency_samples=172 presentation_failures=0 commit_failures=0 overflows=0 revision=3490 latency_pass=1 pass=1
[18:28:13] TINYDRAW_INKTRACE trace=slow-precise-100 zoom=100 events=741 consumed=709 coalesced=32 down=1/1 up=1/1 max_time_gap_us=8367 max_space_gap_px=13.45 e2c_p50=504 e2c_p95=1048 e2c_max=1575 e2g_p95=780 e2s_p95=1790 e2d_p50=1937 e2d_p95=2268 e2d_max=2313 latency_samples=53 presentation_failures=0 commit_failures=0 overflows=0 revision=3492 latency_pass=1 pass=1
[18:28:16] TINYDRAW_INKTRACE trace=scribble-multistroke zoom=100 events=848 consumed=734 coalesced=114 down=7/7 up=7/7 max_time_gap_us=6069 max_space_gap_px=109.46 e2c_p50=504 e2c_p95=570 e2c_max=1574 e2g_p95=777 e2s_p95=3480 e2d_p50=3126 e2d_p95=5281 e2d_max=6384 latency_samples=55 presentation_failures=0 commit_failures=0 overflows=0 revision=3499 latency_pass=1 pass=1
[18:28:17] TINYDRAW_HAIRLINE_DOC ops=782 samples=8061 append_total_us=1053210 append_max_us=7194
[18:28:17] TINYDRAW_GATE1_PACED_COLD corpus=evil_hairlines_capacity zoom=100 x=552 y=672 steps=239 tiles=56 compute_us=231000 present_us=76618 touch_us=366 pacing_us=8967 wall_us=316951 maximum_wall_us=500000 max_tick_us=8810 touch_samples=45627 touch_interval_max_us=2082 touch_read_max_us=611 touch_events=0 touch_down=0 touch_up=0 touch_events_ge_8ms=0 touch_event_age_max_us=0 touch_errors=0 touch_overflows=0 pass=1
[18:28:18] TINYDRAW_GATE1_PACED_COLD corpus=evil_hairlines_capacity zoom=400 x=2760 y=3360 steps=212 tiles=48 compute_us=133639 present_us=74502 touch_us=269 pacing_us=6541 wall_us=214951 maximum_wall_us=500000 max_tick_us=8981 touch_samples=285 touch_interval_max_us=1574 touch_read_max_us=469 touch_events=0 touch_down=0 touch_up=0 touch_events_ge_8ms=0 touch_event_age_max_us=0 touch_errors=0 touch_overflows=0 pass=1
[18:28:20] TINYDRAW_HAIRLINE_REPAIR steps=2372 wall_us=2162961 worst_step_us=4618 resident=407/448 grid_stopped=1 pass2_steps=8 pass2_wall_us=2158 no_churn=1
[18:28:21] TINYDRAW_HAIRLINE_TOUR stops=8 total_us=909218 worst_stop_us=196910 worst_step_us=6425
[18:28:21] TINYDRAW_GATE1_HAIRLINE raw=339 uniform=72 fallback=233 capacity=448 worst_step_us=6425 grid_stopped=1 pass=1
[18:28:23] TINYDRAW_GATE1_LONG_GESTURE path=reference samples=1600 chunks=26 append_total_us=925950 append_max_us=43758 append_avg_us=35613 refresh_fallback_pixels=0 settled_fallback_pixels=0 committed=1 authority=1 refresh=1 run_ok=1
[18:28:23] TINYDRAW_GATE1_LONG_GESTURE path=in_place samples=1600 chunks=52 append_total_us=599893 append_max_us=14176 append_avg_us=11536 refresh_fallback_pixels=0 settled_fallback_pixels=0 committed=1 authority=1 refresh=1 run_ok=1
[18:28:23] TINYDRAW_V2_EXPORT_PROGRESS row=0 of=1792
[18:28:24] TINYDRAW_V2_EXPORT_PROGRESS row=256 of=1792
[18:28:25] TINYDRAW_V2_EXPORT_PROGRESS row=512 of=1792
[18:28:26] TINYDRAW_V2_EXPORT_PROGRESS row=768 of=1792
[18:28:27] TINYDRAW_V2_EXPORT_PROGRESS row=1024 of=1792
[18:28:27] TINYDRAW_V2_EXPORT_PROGRESS row=1280 of=1792
[18:28:29] TINYDRAW_V2_EXPORT_PROGRESS row=1536 of=1792
[18:28:29] TINYDRAW_GATE1_EXPORT encoded=1 bytes=40166 elapsed_us=5822080 workspace_bytes=50652 band_bytes=376832 free_psram=1859920 free_internal=179664 signature=1 dimensions=1 chunks=3 chunks_ok=1 pass=1
[18:28:29] TINYDRAW_EXPORT_RESERVE requested=1572864 free_before=1859920 largest_before=1835008 free_held=287052 largest_held=286720 pass=1
[18:28:29] TINYDRAW_RERENDER_LEDGER site=final renders=0 unique=0 amplification=0.000 cold=0 damage=0 evict=0 stale=0 unexplained=0
[18:28:30] TINYDRAW_GATE1_AUTOMATED_DONE stress=1 stress_100=1 stress_400=1 overlap_ready=1 overlap_cold=0 general_cold_ready=1 general_cold=0 workload=1 paced_cold=1 hard_100=1 hard_400=1 pan_100=1 pan_400=1 pan_seq=1 pan_boundary=1 live_overlay=1 draw_fill=1 cache=1 full_world_cache=1 cache_tour=1 mixed_draw=0 idle_repair=1 ink_trace=1 hairline_capacity=1 long_gesture=1 export_encode=1 export_reserve=1 return=1 ssaa_receipt=yellow
[18:28:30] TINYDRAW_VECTOR_V2_GATE_HARNESS_DONE pass=0
[18:28:30] I (68252) main_task: Returned from app_main()
