[18:31:45] I (103) esp_image: segment 0: paddr=00010020 vaddr=3c050020 sizeESP-ROM:esp32s3-20210327
[18:31:45] Build:Mar 27 2021
[18:31:45] rst:0x15 (USB_UART_CHIP_RESET),boot:0x2b (SPI_FAST_FLASH_BOOT)
[18:31:45] Saved PC:0x4200876b
[18:31:45] SPIWP:0xee
[18:31:45] mode:DIO, clock div:1
[18:31:45] load:0x3fce2820,len:0x1664
[18:31:45] load:0x403c8700,len:0xf38
[18:31:45] load:0x403cb700,len:0x31e8
[18:31:45] entry 0x403c8930
[18:31:45] I (24) boot: ESP-IDF v6.0.2 2nd stage bootloader
[18:31:45] I (24) boot: compile time Aug 16 2026 18:31:26
[18:31:45] I (25) boot: Multicore bootloader
[18:31:45] I (25) boot: chip revision: v0.2
[18:31:45] I (28) boot: efuse block revision: v1.3
[18:31:45] I (31) qio_mode: Enabling default flash chip QIO
[18:31:45] I (36) boot.esp32s3: Boot SPI Speed : 80MHz
[18:31:45] I (39) boot.esp32s3: SPI Mode       : QIO
[18:31:45] I (43) boot.esp32s3: SPI Flash Size : 16MB
[18:31:45] I (47) boot: Enabling RNG early entropy source...
[18:31:45] I (51) boot: Partition Table:
[18:31:45] I (54) boot: ## Label            Usage          Type ST Offset   Length
[18:31:45] I (60) boot:  0 nvs              WiFi data        01 02 00009000 00006000
[18:31:45] I (67) boot:  1 phy_init         RF data          01 01 0000f000 00001000
[18:31:45] I (73) boot:  2 factory          factory app      00 00 00010000 00100000
[18:31:45] I (80) boot:  3 drawing          Unknown data     01 40 00110000 00300000
[18:31:45] I (86) boot:  4 export           Unknown data     01 41 00410000 00500000
[18:31:45] I (93) boot:  5 coredump         Unknown data     01 03 00910000 00010000
[18:31:45] I (100) boot: End of partition table
[18:31:45] I (103) esp_image: segment 0: paddr=00010020 vaddr=3c050020 size=2be0ch (179724) map
[18:31:45] I (138) esp_image: segment 1: paddr=0003be34 vaddr=3fc96000 size=03764h ( 14180) load
[18:31:45] I (141) esp_image: segment 2: paddr=0003f5a0 vaddr=40374000 size=00a78h (  2680) load
[18:31:45] I (143) esp_image: segment 3: paddr=00040020 vaddr=42000020 size=4da9ch (318108) map
[18:31:45] I (199) esp_image: segment 4: paddr=0008dac4 vaddr=40374a78 size=1149ch ( 70812) load
[18:31:45] I (213) esp_image: segment 5: paddr=0009ef68 vaddr=50000000 size=00024h (    36) load
[18:31:45] I (221) boot: Loaded app from partition at offset 0x10000
[18:31:45] I (221) boot: Disabling RNG early entropy source...
[18:31:45] I (231) octal_psram: vendor id    : 0x0d (AP)
[18:31:45] I (232) octal_psram: dev id       : 0x02 (generation 3)
[18:31:45] I (232) octal_psram: density      : 0x03 (64 Mbit)
[18:31:45] I (234) octal_psram: good-die     : 0x01 (Pass)
[18:31:45] I (238) octal_psram: Latency      : 0x01 (Fixed)
[18:31:45] I (242) octal_psram: VCC          : 0x01 (3V)
[18:31:45] I (246) octal_psram: SRF          : 0x01 (Fast Refresh)
[18:31:45] I (251) octal_psram: BurstType    : 0x01 (Hybrid Wrap)
[18:31:45] I (256) octal_psram: BurstLen     : 0x01 (32 Byte)
[18:31:45] I (261) octal_psram: Readlatency  : 0x02 (10 cycles@Fixed)
[18:31:45] I (266) octal_psram: DriveStrength: 0x00 (1/1)
[18:31:45] I (270) MSPI Timing: Enter psram timing tuning
[18:31:45] I (275) esp_psram: Found 8MB PSRAM device
[18:31:45] I (278) esp_psram: Speed: 80MHz
[18:31:45] I (281) cpu_start: Multicore app
[18:31:45] I (697) esp_psram: SPI SRAM memory test OK
[18:31:45] I (705) cpu_start: GPIO 44 and 43 are used as console UART I/O pins
[18:31:45] I (706) cpu_start: Pro cpu start user code
[18:31:45] I (706) cpu_start: cpu freq: 240000000 Hz
[18:31:45] I (707) app_init: Application information:
[18:31:45] I (711) app_init: Project name:     tinydraw_esp32
[18:31:45] I (716) app_init: App version:      75c9145
[18:31:45] I (720) app_init: Compile time:     Aug 16 2026 18:31:17
[18:31:45] I (725) app_init: ELF file SHA256:  53e82d088...
[18:31:45] I (729) app_init: ESP-IDF:          v6.0.2
[18:31:45] I (733) efuse_init: Min chip rev:     v0.0
[18:31:45] I (737) efuse_init: Max chip rev:     v0.99 
[18:31:45] I (741) efuse_init: Chip rev:         v0.2
[18:31:45] I (745) heap_init: Initializing. RAM available for dynamic allocation:
[18:31:45] I (751) heap_init: At 3FC9AB90 len 0004EB80 (314 KiB): RAM
[18:31:45] I (756) heap_init: At 3FCE9710 len 00005724 (21 KiB): RAM
[18:31:45] I (761) heap_init: At 3FCF0000 len 00008000 (32 KiB): DRAM
[18:31:45] I (766) heap_init: At 600FE000 len 00001FE8 (7 KiB): RTCRAM
[18:31:45] I (772) esp_psram: Adding pool of 8192K of PSRAM memory to heap allocator
[18:31:45] I (779) spi_flash: detected chip: generic
[18:31:45] I (782) spi_flash: flash io: qio
[18:31:45] I (785) sleep_gpio: Configure to isolate all GPIO pins in sleep state
[18:31:45] I (791) sleep_gpio: Enable automatic switching of GPIO sleep configuration
[18:31:45] I (798) main_task: Started on CPU0
[18:31:45] I (801) main_task: Calling app_main()
[18:31:45] TINYDRAW_PRODUCER_SCRATCH supertask_internal=1 slot_directory_internal=0 free_internal=299676 free_psram=1861508
[18:31:45] TINYDRAW_PANEL_HARD_RESET=1
[18:31:45] TINYDRAW_PANEL_TRANSPORT requested_clock_mhz=50 effective_clock_mhz=40
[18:31:45] I (1008) co5300: version: 2.1.0
[18:31:45] I (1008) co5300_spi: LCD panel create success, version: 2.1.0
[18:31:45] W (1093) co5300_spi: The 3Ah command has been used and will be overwritten by external initialization sequence
[18:31:45] I (1194) CST816S: IC id: 183
[18:31:45] TINYDRAW_VECTOR_V2_PRESENTATION experiment=boundary-top-sweep te_edge=rising requested_clock_mhz=50 effective_clock_mhz=40 optical_acceptance=external_manual
[18:31:46] TINYDRAW_LIVE_PRESENT kind=startup zoom=25 x=0 y=0 compose_us=26057 scroll_us=0 exposed_compose_us=0 chrome_us=17203 chrome_prepare_us=11951 chrome_stage_us=5252 read_submit_us=0 read_complete_us=0 transfer_wait_us=21123 tile_pixels=0 uniform_pixels=0 overview_pixels=164864 fallback_pixels=0 resident_tiles=0 fallback_tiles=0 pushes=11 tear_wait_us=74 tear_edge_isr_to_resume_us=16 tear_edge_observed=1 tear_edge_wait_resumed=1 tear_edge_timeout=0 tear_heal_attempted=0 tear_heal_command_sent=0 presentation_experiment=boundary-top-sweep te_edge=rising requested_clock_mhz=50 effective_clock_mhz=40 frame_reused=0 pass=1
[18:31:46] TINYDRAW_LIVE_STRESS operations=1000 samples=20000 total_us=750881 average_us=750 maximum_us=1069 free_psram=1859920 largest_psram=1835008
[18:31:47] TINYDRAW_LIVE_PRESENT kind=gate_fallback zoom=100 x=0 y=0 compose_us=11339 scroll_us=0 exposed_compose_us=0 chrome_us=11345 chrome_prepare_us=6800 chrome_stage_us=4545 read_submit_us=22902 read_complete_us=26300 transfer_wait_us=20594 tile_pixels=0 uniform_pixels=0 overview_pixels=0 fallback_pixels=164864 resident_tiles=0 fallback_tiles=42 pushes=11 tear_wait_us=4625 tear_edge_isr_to_resume_us=11 tear_edge_observed=1 tear_edge_wait_resumed=1 tear_edge_timeout=0 tear_heal_attempted=0 tear_heal_command_sent=0 presentation_experiment=boundary-top-sweep te_edge=rising requested_clock_mhz=50 effective_clock_mhz=40 frame_reused=0 pass=1
[18:31:47] TINYDRAW_GATE1_HARD zoom=100 cold=1 operations=1000 samples=20000 steps=193 tiles=42 scanned=12000 rendered=122 max_supertask_us=6709 presentation_us=70083 total_us=278733 maximum_wall_us=500000 pass=1
[18:31:47] TINYDRAW_LIVE_PRESENT kind=gate_fallback zoom=400 x=0 y=0 compose_us=10763 scroll_us=0 exposed_compose_us=0 chrome_us=6665 chrome_prepare_us=2337 chrome_stage_us=4328 read_submit_us=16916 read_complete_us=20539 transfer_wait_us=21160 tile_pixels=0 uniform_pixels=0 overview_pixels=0 fallback_pixels=164864 resident_tiles=0 fallback_tiles=42 pushes=11 tear_wait_us=3685 tear_edge_isr_to_resume_us=11 tear_edge_observed=1 tear_edge_wait_resumed=1 tear_edge_timeout=0 tear_heal_attempted=0 tear_heal_command_sent=0 presentation_experiment=boundary-top-sweep te_edge=rising requested_clock_mhz=50 effective_clock_mhz=40 frame_reused=0 pass=1
[18:31:47] TINYDRAW_GATE1_HARD zoom=400 cold=1 operations=1000 samples=20000 steps=199 tiles=42 scanned=12000 rendered=17 max_supertask_us=5283 presentation_us=66473 total_us=160957 maximum_wall_us=500000 pass=1
[18:31:48] TINYDRAW_OVERLAP_WORKLOAD operations=8 samples=1200 radius_world=80
[18:31:49] TINYDRAW_GATE1_PACED_COLD corpus=overlap zoom=50 x=215 y=255 steps=235 tiles=56 compute_us=521622 present_us=83999 touch_us=568 pacing_us=15760 wall_us=621949 maximum_wall_us=500000 max_tick_us=9463 touch_samples=2776 touch_interval_max_us=1937 touch_read_max_us=597 touch_events=0 touch_down=0 touch_up=0 touch_events_ge_8ms=0 touch_event_age_max_us=0 touch_errors=0 touch_overflows=0 pass=0
[18:31:49] TINYDRAW_GATE1_PACED_COLD corpus=overlap zoom=100 x=583 y=703 steps=183 tiles=48 compute_us=284502 present_us=78155 touch_us=427 pacing_us=7887 wall_us=370971 maximum_wall_us=500000 max_tick_us=9341 touch_samples=438 touch_interval_max_us=1175 touch_read_max_us=463 touch_events=0 touch_down=0 touch_up=0 touch_events_ge_8ms=0 touch_event_age_max_us=0 touch_errors=0 touch_overflows=0 pass=1
[18:31:49] TINYDRAW_GATE1_PACED_COLD corpus=overlap zoom=200 x=1319 y=1599 steps=180 tiles=56 compute_us=258204 present_us=77156 touch_us=408 pacing_us=9201 wall_us=344969 maximum_wall_us=500000 max_tick_us=9749 touch_samples=409 touch_interval_max_us=1874 touch_read_max_us=474 touch_events=0 touch_down=0 touch_up=0 touch_events_ge_8ms=0 touch_event_age_max_us=0 touch_errors=0 touch_overflows=0 pass=1
[18:31:50] TINYDRAW_GATE1_PACED_COLD corpus=overlap zoom=400 x=2791 y=3391 steps=181 tiles=56 compute_us=221701 present_us=72757 touch_us=386 pacing_us=9122 wall_us=303966 maximum_wall_us=500000 max_tick_us=8134 touch_samples=378 touch_interval_max_us=1179 touch_read_max_us=472 touch_events=0 touch_down=0 touch_up=0 touch_events_ge_8ms=0 touch_event_age_max_us=0 touch_errors=0 touch_overflows=0 pass=1
[18:31:50] TINYDRAW_ADVERSARIAL_TAPERED_WORKLOAD operations=128 samples=4096 erasers=12 load_us=218891 appended=1
[18:31:51] TINYDRAW_GENERAL_COLD_WORKLOAD operations=910 samples=12157 hairline_operations=782 hairline_samples=8061 hairline_load_us=1104254 appended=1
[18:31:52] TINYDRAW_GATE1_PACED_COLD corpus=adversarial_tapered_4x+evil_hairlines zoom=50 x=0 y=0 steps=318 tiles=42 compute_us=355933 present_us=69515 touch_us=479 pacing_us=10021 wall_us=435948 maximum_wall_us=500000 max_tick_us=8623 touch_samples=1672 touch_interval_max_us=2056 touch_read_max_us=535 touch_events=0 touch_down=0 touch_up=0 touch_events_ge_8ms=0 touch_event_age_max_us=0 touch_errors=0 touch_overflows=0 pass=1
[18:31:52] TINYDRAW_GATE1_PACED_COLD corpus=adversarial_tapered_4x+evil_hairlines zoom=100 x=0 y=0 steps=346 tiles=42 compute_us=348308 present_us=67020 touch_us=478 pacing_us=11953 wall_us=427759 maximum_wall_us=500000 max_tick_us=8453 touch_samples=495 touch_interval_max_us=1158 touch_read_max_us=449 touch_events=0 touch_down=0 touch_up=0 touch_events_ge_8ms=0 touch_event_age_max_us=0 touch_errors=0 touch_overflows=0 pass=1
[18:31:53] TINYDRAW_GATE1_PACED_COLD corpus=adversarial_tapered_4x+evil_hairlines zoom=200 x=0 y=0 steps=407 tiles=42 compute_us=409719 present_us=64795 touch_us=530 pacing_us=12936 wall_us=487980 maximum_wall_us=500000 max_tick_us=7918 touch_samples=565 touch_interval_max_us=1155 touch_read_max_us=439 touch_events=0 touch_down=0 touch_up=0 touch_events_ge_8ms=0 touch_event_age_max_us=0 touch_errors=0 touch_overflows=0 pass=1
[18:31:53] TINYDRAW_GATE1_PACED_COLD corpus=adversarial_tapered_4x+evil_hairlines zoom=400 x=0 y=0 steps=490 tiles=42 compute_us=431754 present_us=62423 touch_us=506 pacing_us=11267 wall_us=505950 maximum_wall_us=500000 max_tick_us=10081 touch_samples=572 touch_interval_max_us=1180 touch_read_max_us=456 touch_events=0 touch_down=0 touch_up=0 touch_events_ge_8ms=0 touch_event_age_max_us=0 touch_errors=0 touch_overflows=0 pass=0
[18:31:54] TINYDRAW_GATE1_WORKLOAD kind=realistic seed=7 operations=1000 samples=19844 maximum_stroke=198 load_us=557968 raw_source=1 lod_copies=0
[18:31:54] TINYDRAW_GATE1_PACED_COLD corpus=seed7 zoom=400 x=63 y=63 steps=264 tiles=56 compute_us=192585 present_us=80121 touch_us=379 pacing_us=6864 wall_us=279949 maximum_wall_us=500000 max_tick_us=9634 touch_samples=961 touch_interval_max_us=2012 touch_read_max_us=539 touch_events=0 touch_down=0 touch_up=0 touch_events_ge_8ms=0 touch_event_age_max_us=0 touch_errors=0 touch_overflows=0 pass=1
[18:31:55] TINYDRAW_LIVE_PRESENT kind=gate_fallback zoom=100 x=0 y=0 compose_us=11390 scroll_us=0 exposed_compose_us=0 chrome_us=6895 chrome_prepare_us=2382 chrome_stage_us=4513 read_submit_us=29627 read_complete_us=33238 transfer_wait_us=20514 tile_pixels=0 uniform_pixels=0 overview_pixels=0 fallback_pixels=164864 resident_tiles=0 fallback_tiles=42 pushes=11 tear_wait_us=15737 tear_edge_isr_to_resume_us=10 tear_edge_observed=1 tear_edge_wait_resumed=1 tear_edge_timeout=0 tear_heal_attempted=0 tear_heal_command_sent=0 presentation_experiment=boundary-top-sweep te_edge=rising requested_clock_mhz=50 effective_clock_mhz=40 frame_reused=0 pass=1
[18:31:55] TINYDRAW_GATE1_HARD zoom=100 cold=1 operations=1000 samples=19844 steps=246 tiles=42 scanned=12000 rendered=388 max_supertask_us=5384 presentation_us=69110 total_us=361167 maximum_wall_us=500000 pass=1
[18:31:55] TINYDRAW_GATE1_OVERLAY_CANVAS regions=zoom,minimap,toolbar,battery operations=4 presentation_mutations=0 authority=1 pass=1
[18:31:55] TINYDRAW_GATE1_LIVE_OVERLAY clear_updates=48 clear_wall_max_us=3944 clear_submit_max_us=2154 clear_complete_max_us=3039 overlay_updates=48 overlay_wall_max_us=3927 overlay_submit_max_us=2114 overlay_complete_max_us=3182 overlay_chrome_max_us=235 clear_failures=0 overlay_failures=0 pass=1
[18:31:55] TINYDRAW_EDGE_INK corners=4 edge_failures=0 pass=1
[18:31:56] TINYDRAW_GATE1_PAN zoom=100 from_x=0 from_y=0 to_x=88 to_y=88 compose_us=15407 scroll_us=12 exposed_compose_us=15395 chrome_us=2414 event_submit_us=29922 event_complete_us=33081 transfer_us=16078 setup=1 present=1 moved=1 frame_reused=1 pass=1
[18:31:56] TINYDRAW_LIVE_PRESENT kind=gate_fallback zoom=400 x=0 y=0 compose_us=10664 scroll_us=0 exposed_compose_us=0 chrome_us=6753 chrome_prepare_us=2376 chrome_stage_us=4377 read_submit_us=23781 read_complete_us=27422 transfer_wait_us=20644 tile_pixels=0 uniform_pixels=0 overview_pixels=0 fallback_pixels=164864 resident_tiles=0 fallback_tiles=42 pushes=11 tear_wait_us=10621 tear_edge_isr_to_resume_us=12 tear_edge_observed=1 tear_edge_wait_resumed=1 tear_edge_timeout=0 tear_heal_attempted=0 tear_heal_command_sent=0 presentation_experiment=boundary-top-sweep te_edge=rising requested_clock_mhz=50 effective_clock_mhz=40 frame_reused=0 pass=1
[18:31:56] TINYDRAW_GATE1_HARD zoom=400 cold=1 operations=1008 samples=19852 steps=200 tiles=42 scanned=12096 rendered=60 max_supertask_us=8030 presentation_us=69972 total_us=213994 maximum_wall_us=500000 pass=1
[18:31:56] TINYDRAW_GATE1_PAN zoom=400 from_x=0 from_y=0 to_x=88 to_y=88 compose_us=15390 scroll_us=12 exposed_compose_us=15378 chrome_us=2219 event_submit_us=29932 event_complete_us=33106 transfer_us=16071 setup=1 present=1 moved=1 frame_reused=1 pass=1
[18:31:59] TINYDRAW_PANSEQ_FRAME zoom=100 step=0 dx=24 dy=18 scroll_us=11 exposed_compose_us=4364 chrome_us=2445 tear_wait_us=8141 present_us=16318 prepare_us=10884 acquire_wait_us=20 ring_copy_us=8430 patch_us=2445 byte_swap_us=9 staging_us=3998 event_submit_us=12652 event_complete_us=15836 frame_us=28977 tear_edge_observed=1 frame_reused=1 pass=1
[18:31:59] TINYDRAW_PANSEQ_FRAME zoom=100 step=1 dx=24 dy=18 scroll_us=6 exposed_compose_us=4422 chrome_us=2410 tear_wait_us=12668 present_us=16696 prepare_us=10816 acquire_wait_us=19 ring_copy_us=8391 patch_us=2416 byte_swap_us=9 staging_us=4063 event_submit_us=17221 event_complete_us=20397 frame_us=33921 tear_edge_observed=1 frame_reused=1 pass=1
[18:31:59] TINYDRAW_PANSEQ_FRAME zoom=100 step=2 dx=24 dy=18 scroll_us=7 exposed_compose_us=4122 chrome_us=2395 tear_wait_us=12620 present_us=16069 prepare_us=10821 acquire_wait_us=18 ring_copy_us=8384 patch_us=2418 byte_swap_us=19 staging_us=4063 event_submit_us=16864 event_complete_us=20036 frame_us=32941 tear_edge_observed=1 frame_reused=1 pass=1
[18:31:59] TINYDRAW_PANSEQ_FRAME zoom=100 step=3 dx=24 dy=18 scroll_us=7 exposed_compose_us=4604 chrome_us=2407 tear_wait_us=12734 present_us=16460 prepare_us=10787 acquire_wait_us=18 ring_copy_us=8365 patch_us=2415 byte_swap_us=7 staging_us=4097 event_submit_us=17465 event_complete_us=20647 frame_us=33931 tear_edge_observed=1 frame_reused=1 pass=1
[18:31:59] TINYDRAW_PANSEQ_FRAME zoom=100 step=4 dx=24 dy=18 scroll_us=8 exposed_compose_us=4138 chrome_us=2400 tear_wait_us=12817 present_us=15850 prepare_us=10810 acquire_wait_us=20 ring_copy_us=8395 patch_us=2406 byte_swap_us=9 staging_us=4075 event_submit_us=17083 event_complete_us=20239 frame_us=32941 tear_edge_observed=1 frame_reused=1 pass=1
[18:31:59] TINYDRAW_PANSEQ_FRAME zoom=100 step=5 dx=24 dy=18 scroll_us=7 exposed_compose_us=4418 chrome_us=2454 tear_wait_us=13142 present_us=16239 prepare_us=10857 acquire_wait_us=19 ring_copy_us=8385 patch_us=2465 byte_swap_us=7 staging_us=4029 event_submit_us=17685 event_complete_us=20852 frame_us=33931 tear_edge_observed=1 frame_reused=1 pass=1
[18:31:59] TINYDRAW_PANSEQ_FRAME zoom=100 step=6 dx=24 dy=18 scroll_us=8 exposed_compose_us=4086 chrome_us=2410 tear_wait_us=13082 present_us=16636 prepare_us=10837 acquire_wait_us=23 ring_copy_us=8411 patch_us=2419 byte_swap_us=7 staging_us=4028 event_submit_us=17297 event_complete_us=20453 frame_us=33941 tear_edge_observed=1 frame_reused=1 pass=1
[18:31:59] TINYDRAW_PANSEQ_FRAME zoom=100 step=7 dx=24 dy=18 scroll_us=12 exposed_compose_us=4411 chrome_us=2429 tear_wait_us=12354 present_us=16029 prepare_us=10811 acquire_wait_us=18 ring_copy_us=8365 patch_us=2437 byte_swap_us=9 staging_us=4068 event_submit_us=16900 event_complete_us=20064 frame_us=32931 tear_edge_observed=1 frame_reused=1 pass=1
[18:31:59] TINYDRAW_PANSEQ_FRAME zoom=100 step=8 dx=24 dy=18 scroll_us=8 exposed_compose_us=4383 chrome_us=2432 tear_wait_us=13005 present_us=16415 prepare_us=10799 acquire_wait_us=20 ring_copy_us=8353 patch_us=2437 byte_swap_us=9 staging_us=4082 event_submit_us=17518 event_complete_us=20699 frame_us=33941 tear_edge_observed=1 frame_reused=1 pass=1
[18:31:59] TINYDRAW_PANSEQ_FRAME zoom=100 step=9 dx=24 dy=18 scroll_us=7 exposed_compose_us=4419 chrome_us=2395 tear_wait_us=12587 present_us=16790 prepare_us=10777 acquire_wait_us=19 ring_copy_us=8351 patch_us=2419 byte_swap_us=7 staging_us=4104 event_submit_us=17134 event_complete_us=20309 frame_us=33936 tear_edge_observed=1 frame_reused=1 pass=1
[18:31:59] TINYDRAW_PANSEQ_FRAME zoom=100 step=10 dx=24 dy=18 scroll_us=7 exposed_compose_us=4114 chrome_us=2392 tear_wait_us=12529 present_us=16160 prepare_us=10836 acquire_wait_us=18 ring_copy_us=8426 patch_us=2401 byte_swap_us=9 staging_us=4041 event_submit_us=16768 event_complete_us=19932 frame_us=32936 tear_edge_observed=1 frame_reused=1 pass=1
[18:31:59] TINYDRAW_PANSEQ_FRAME zoom=100 step=11 dx=24 dy=18 scroll_us=7 exposed_compose_us=4612 chrome_us=2395 tear_wait_us=12650 present_us=16535 prepare_us=10711 acquire_wait_us=18 ring_copy_us=8306 patch_us=2397 byte_swap_us=8 staging_us=4144 event_submit_us=17397 event_complete_us=20567 frame_us=33931 tear_edge_observed=1 frame_reused=1 pass=1
[18:31:59] TINYDRAW_PANSEQ_FRAME zoom=100 step=12 dx=24 dy=18 scroll_us=8 exposed_compose_us=4147 chrome_us=2412 tear_wait_us=12805 present_us=15853 prepare_us=10828 acquire_wait_us=19 ring_copy_us=8402 patch_us=2417 byte_swap_us=9 staging_us=4053 event_submit_us=17080 event_complete_us=20246 frame_us=32941 tear_edge_observed=1 frame_reused=1 pass=1
[18:31:59] TINYDRAW_PANSEQ_FRAME zoom=100 step=13 dx=24 dy=18 scroll_us=7 exposed_compose_us=4432 chrome_us=2444 tear_wait_us=13134 present_us=16233 prepare_us=10845 acquire_wait_us=19 ring_copy_us=8385 patch_us=2451 byte_swap_us=9 staging_us=4038 event_submit_us=17691 event_complete_us=20851 frame_us=33931 tear_edge_observed=1 frame_reused=1 pass=1
[18:31:59] TINYDRAW_PANSEQ_FRAME zoom=100 step=14 dx=24 dy=18 scroll_us=8 exposed_compose_us=4099 chrome_us=2410 tear_wait_us=13081 present_us=16627 prepare_us=10825 acquire_wait_us=18 ring_copy_us=8395 patch_us=2424 byte_swap_us=6 staging_us=4024 event_submit_us=17306 event_complete_us=20453 frame_us=33941 tear_edge_observed=1 frame_reused=1 pass=1
[18:31:59] TINYDRAW_PANSEQ_FRAME zoom=100 step=15 dx=24 dy=18 scroll_us=7 exposed_compose_us=4454 chrome_us=2422 tear_wait_us=12330 present_us=16017 prepare_us=10780 acquire_wait_us=18 ring_copy_us=8341 patch_us=2432 byte_swap_us=7 staging_us=4086 event_submit_us=16913 event_complete_us=20065 frame_us=32931 tear_edge_observed=1 frame_reused=1 pass=1
[18:31:59] TINYDRAW_PANSEQ_FRAME zoom=100 step=16 dx=72 dy=54 scroll_us=8 exposed_compose_us=11708 chrome_us=2427 tear_wait_us=5696 present_us=16404 prepare_us=10770 acquire_wait_us=19 ring_copy_us=8322 patch_us=2439 byte_swap_us=9 staging_us=4082 event_submit_us=17529 event_complete_us=20687 frame_us=33941 tear_edge_observed=1 frame_reused=1 pass=1
[18:31:59] TINYDRAW_PANSEQ_FRAME zoom=100 step=17 dx=72 dy=54 scroll_us=7 exposed_compose_us=11703 chrome_us=2399 tear_wait_us=5330 present_us=16767 prepare_us=10754 acquire_wait_us=20 ring_copy_us=8338 patch_us=2408 byte_swap_us=8 staging_us=4117 event_submit_us=17156 event_complete_us=20313 frame_us=33936 tear_edge_observed=1 frame_reused=1 pass=1
[18:31:59] TINYDRAW_PANSEQ_FRAME zoom=100 step=18 dx=72 dy=54 scroll_us=7 exposed_compose_us=10023 chrome_us=2397 tear_wait_us=6634 present_us=16145 prepare_us=10824 acquire_wait_us=18 ring_copy_us=8406 patch_us=2410 byte_swap_us=8 staging_us=4043 event_submit_us=16783 event_complete_us=19931 frame_us=32936 tear_edge_observed=1 frame_reused=1 pass=1
[18:31:59] TINYDRAW_PANSEQ_FRAME zoom=100 step=19 dx=72 dy=54 scroll_us=7 exposed_compose_us=10046 chrome_us=2397 tear_wait_us=7231 present_us=16522 prepare_us=10729 acquire_wait_us=18 ring_copy_us=8319 patch_us=2403 byte_swap_us=7 staging_us=4143 event_submit_us=17411 event_complete_us=20578 frame_us=33931 tear_edge_observed=1 frame_reused=1 pass=1
[18:31:59] TINYDRAW_PANSEQ_FRAME zoom=100 step=20 dx=-72 dy=-54 scroll_us=8 exposed_compose_us=11545 chrome_us=2423 tear_wait_us=5361 present_us=15900 prepare_us=10805 acquire_wait_us=18 ring_copy_us=8366 patch_us=2430 byte_swap_us=9 staging_us=4048 event_submit_us=17033 event_complete_us=20177 frame_us=32941 tear_edge_observed=1 frame_reused=1 pass=1
[18:31:59] TINYDRAW_PANSEQ_FRAME zoom=100 step=21 dx=-72 dy=-54 scroll_us=7 exposed_compose_us=11658 chrome_us=2423 tear_wait_us=5893 present_us=16249 prepare_us=10789 acquire_wait_us=22 ring_copy_us=8340 patch_us=2441 byte_swap_us=8 staging_us=4062 event_submit_us=17676 event_complete_us=20811 frame_us=33931 tear_edge_observed=1 frame_reused=1 pass=1
[18:31:59] TINYDRAW_PANSEQ_FRAME zoom=100 step=22 dx=-72 dy=-54 scroll_us=8 exposed_compose_us=11669 chrome_us=2411 tear_wait_us=5530 present_us=16608 prepare_us=10818 acquire_wait_us=18 ring_copy_us=8388 patch_us=2424 byte_swap_us=6 staging_us=4007 event_submit_us=17325 event_complete_us=20443 frame_us=33941 tear_edge_observed=1 frame_reused=1 pass=1
[18:31:59] TINYDRAW_PANSEQ_FRAME zoom=100 step=23 dx=-72 dy=-54 scroll_us=7 exposed_compose_us=11358 chrome_us=2426 tear_wait_us=5474 present_us=15968 prepare_us=10813 acquire_wait_us=22 ring_copy_us=8371 patch_us=2435 byte_swap_us=7 staging_us=4049 event_submit_us=16956 event_complete_us=20109 frame_us=32931 tear_edge_observed=1 frame_reused=1 pass=1
[18:31:59] TINYDRAW_PANSEQ_STRIP zoom=100 strip=0 panel_y=0 rows=44 samples=24 staging_mean_us=1345 staging_max_us=1368 wire_budget_us=1619 over_budget_us=0 pass=1
[18:31:59] TINYDRAW_PANSEQ_STRIP zoom=100 strip=1 panel_y=44 rows=44 samples=24 staging_mean_us=1231 staging_max_us=1250 wire_budget_us=1619 over_budget_us=0 pass=1
[18:31:59] TINYDRAW_PANSEQ_STRIP zoom=100 strip=2 panel_y=88 rows=44 samples=24 staging_mean_us=1193 staging_max_us=1205 wire_budget_us=1619 over_budget_us=0 pass=1
[18:31:59] TINYDRAW_PANSEQ_STRIP zoom=100 strip=3 panel_y=132 rows=44 samples=24 staging_mean_us=1184 staging_max_us=1200 wire_budget_us=1619 over_budget_us=0 pass=1
[18:31:59] TINYDRAW_PANSEQ_STRIP zoom=100 strip=4 panel_y=176 rows=44 samples=24 staging_mean_us=1188 staging_max_us=1198 wire_budget_us=1619 over_budget_us=0 pass=1
[18:31:59] TINYDRAW_PANSEQ_STRIP zoom=100 strip=5 panel_y=220 rows=44 samples=24 staging_mean_us=1218 staging_max_us=1235 wire_budget_us=1619 over_budget_us=0 pass=1
[18:31:59] TINYDRAW_PANSEQ_STRIP zoom=100 strip=6 panel_y=264 rows=44 samples=24 staging_mean_us=1408 staging_max_us=1435 wire_budget_us=1619 over_budget_us=0 pass=1
[18:31:59] TINYDRAW_PANSEQ_STRIP zoom=100 strip=7 panel_y=308 rows=44 samples=24 staging_mean_us=1391 staging_max_us=1409 wire_budget_us=1619 over_budget_us=0 pass=1
[18:31:59] TINYDRAW_PANSEQ_STRIP zoom=100 strip=8 panel_y=352 rows=20 samples=24 staging_mean_us=662 staging_max_us=691 wire_budget_us=736 over_budget_us=0 pass=1
[18:32:00] TINYDRAW_GATE1_PANSEQ zoom=100 frames=24 scroll_avg_us=7 exposed_avg_us=6622 chrome_avg_us=2414 tear_wait_avg_us=10284 present_avg_us=16312 prepare_avg_us=10805 acquire_wait_avg_us=19 ring_copy_avg_us=8372 patch_avg_us=2424 byte_swap_avg_us=8 staging_avg_us=4064 frame_avg_us=33353 frame_p50_us=33931 frame_p95_us=33941 frame_max_us=33941 complete_p50_us=20313 complete_p95_us=20851 complete_max_us=20852 tear_edge_failures=0 presentation_experiment=boundary-top-sweep te_edge=rising requested_clock_mhz=50 effective_clock_mhz=40 chrome_bottom_redraws=0 chrome_battery_redraws=0 chrome_zoom_redraws=0 chrome_minimap_base_redraws=0 strip_samples=216 staging_mean_us=1202 staging_max_us=1435 worst_strip=8 worst_strip_y=352 worst_wire_budget_us=736 worst_headroom_us=45 staging_invariant=1 pacing_pass=1 all_reused=1 pass=1
[18:32:01] TINYDRAW_PANSEQ_FRAME zoom=400 step=0 dx=24 dy=18 scroll_us=11 exposed_compose_us=4339 chrome_us=2234 tear_wait_us=8326 present_us=16161 prepare_us=10686 acquire_wait_us=18 ring_copy_us=8443 patch_us=2234 byte_swap_us=9 staging_us=4195 event_submit_us=12807 event_complete_us=15976 frame_us=28975 tear_edge_observed=1 frame_reused=1 pass=1
[18:32:01] TINYDRAW_PANSEQ_FRAME zoom=400 step=1 dx=24 dy=18 scroll_us=7 exposed_compose_us=4402 chrome_us=2238 tear_wait_us=12821 present_us=16564 prepare_us=10592 acquire_wait_us=20 ring_copy_us=8339 patch_us=2244 byte_swap_us=9 staging_us=4254 event_submit_us=17353 event_complete_us=20513 frame_us=33922 tear_edge_observed=1 frame_reused=1 pass=1
[18:32:01] TINYDRAW_PANSEQ_FRAME zoom=400 step=2 dx=24 dy=18 scroll_us=8 exposed_compose_us=4106 chrome_us=2264 tear_wait_us=12740 present_us=15959 prepare_us=10691 acquire_wait_us=19 ring_copy_us=8409 patch_us=2273 byte_swap_us=9 staging_us=4202 event_submit_us=16973 event_complete_us=20155 frame_us=32942 tear_edge_observed=1 frame_reused=1 pass=1
[18:32:01] TINYDRAW_PANSEQ_FRAME zoom=400 step=3 dx=24 dy=18 scroll_us=7 exposed_compose_us=4614 chrome_us=2254 tear_wait_us=12828 present_us=16356 prepare_us=10630 acquire_wait_us=18 ring_copy_us=8357 patch_us=2265 byte_swap_us=8 staging_us=4239 event_submit_us=17566 event_complete_us=20735 frame_us=33931 tear_edge_observed=1 frame_reused=1 pass=1
[18:32:01] TINYDRAW_PANSEQ_FRAME zoom=400 step=4 dx=24 dy=18 scroll_us=8 exposed_compose_us=4167 chrome_us=2216 tear_wait_us=12886 present_us=16754 prepare_us=10631 acquire_wait_us=18 ring_copy_us=8397 patch_us=2225 byte_swap_us=9 staging_us=4245 event_submit_us=17179 event_complete_us=20359 frame_us=33946 tear_edge_observed=1 frame_reused=1 pass=1
[18:32:01] TINYDRAW_PANSEQ_FRAME zoom=400 step=5 dx=24 dy=18 scroll_us=6 exposed_compose_us=4428 chrome_us=2221 tear_wait_us=12218 present_us=16150 prepare_us=10628 acquire_wait_us=18 ring_copy_us=8388 patch_us=2231 byte_swap_us=9 staging_us=4245 event_submit_us=16768 event_complete_us=19922 frame_us=32926 tear_edge_observed=1 frame_reused=1 pass=1
[18:32:01] TINYDRAW_PANSEQ_FRAME zoom=400 step=6 dx=24 dy=18 scroll_us=8 exposed_compose_us=4070 chrome_us=2227 tear_wait_us=13176 present_us=16561 prepare_us=10615 acquire_wait_us=19 ring_copy_us=8369 patch_us=2237 byte_swap_us=9 staging_us=4232 event_submit_us=17371 event_complete_us=20532 frame_us=33942 tear_edge_observed=1 frame_reused=1 pass=1
[18:32:01] TINYDRAW_PANSEQ_FRAME zoom=400 step=7 dx=24 dy=18 scroll_us=7 exposed_compose_us=4409 chrome_us=2270 tear_wait_us=12439 present_us=15951 prepare_us=10642 acquire_wait_us=20 ring_copy_us=8354 patch_us=2280 byte_swap_us=8 staging_us=4225 event_submit_us=16971 event_complete_us=20130 frame_us=32931 tear_edge_observed=1 frame_reused=1 pass=1
[18:32:01] TINYDRAW_PANSEQ_FRAME zoom=400 step=8 dx=24 dy=18 scroll_us=8 exposed_compose_us=4378 chrome_us=2253 tear_wait_us=13094 present_us=16333 prepare_us=10663 acquire_wait_us=26 ring_copy_us=8393 patch_us=2262 byte_swap_us=8 staging_us=4201 event_submit_us=17599 event_complete_us=20768 frame_us=33942 tear_edge_observed=1 frame_reused=1 pass=1
[18:32:01] TINYDRAW_PANSEQ_FRAME zoom=400 step=9 dx=24 dy=18 scroll_us=7 exposed_compose_us=4407 chrome_us=2235 tear_wait_us=12670 present_us=16723 prepare_us=10610 acquire_wait_us=22 ring_copy_us=8349 patch_us=2243 byte_swap_us=18 staging_us=4264 event_submit_us=17200 event_complete_us=20362 frame_us=33931 tear_edge_observed=1 frame_reused=1 pass=1
[18:32:01] TINYDRAW_PANSEQ_FRAME zoom=400 step=10 dx=24 dy=18 scroll_us=8 exposed_compose_us=4093 chrome_us=2231 tear_wait_us=12585 present_us=16122 prepare_us=10660 acquire_wait_us=19 ring_copy_us=8412 patch_us=2239 byte_swap_us=9 staging_us=4211 event_submit_us=16804 event_complete_us=19968 frame_us=32936 tear_edge_observed=1 frame_reused=1 pass=1
[18:32:01] TINYDRAW_PANSEQ_FRAME zoom=400 step=11 dx=24 dy=18 scroll_us=7 exposed_compose_us=4633 chrome_us=2229 tear_wait_us=12651 present_us=16515 prepare_us=10599 acquire_wait_us=18 ring_copy_us=8355 patch_us=2235 byte_swap_us=9 staging_us=4271 event_submit_us=17415 event_complete_us=20576 frame_us=33931 tear_edge_observed=1 frame_reused=1 pass=1
[18:32:02] TINYDRAW_PANSEQ_FRAME zoom=400 step=12 dx=24 dy=18 scroll_us=8 exposed_compose_us=4163 chrome_us=2252 tear_wait_us=12747 present_us=15895 prepare_us=10674 acquire_wait_us=19 ring_copy_us=8404 patch_us=2262 byte_swap_us=8 staging_us=4191 event_submit_us=17037 event_complete_us=20194 frame_us=32942 tear_edge_observed=1 frame_reused=1 pass=1
[18:32:02] TINYDRAW_PANSEQ_FRAME zoom=400 step=13 dx=24 dy=18 scroll_us=7 exposed_compose_us=4425 chrome_us=2245 tear_wait_us=13088 present_us=16284 prepare_us=10642 acquire_wait_us=20 ring_copy_us=8370 patch_us=2263 byte_swap_us=9 staging_us=4232 event_submit_us=17648 event_complete_us=20804 frame_us=33931 tear_edge_observed=1 frame_reused=1 pass=1
[18:32:02] TINYDRAW_PANSEQ_FRAME zoom=400 step=14 dx=24 dy=18 scroll_us=8 exposed_compose_us=4099 chrome_us=2227 tear_wait_us=13036 present_us=16670 prepare_us=10697 acquire_wait_us=19 ring_copy_us=8449 patch_us=2240 byte_swap_us=8 staging_us=4186 event_submit_us=17262 event_complete_us=20440 frame_us=33942 tear_edge_observed=1 frame_reused=1 pass=1
[18:32:02] TINYDRAW_PANSEQ_FRAME zoom=400 step=15 dx=24 dy=18 scroll_us=6 exposed_compose_us=4456 chrome_us=2225 tear_wait_us=12275 present_us=16062 prepare_us=10578 acquire_wait_us=19 ring_copy_us=8333 patch_us=2236 byte_swap_us=9 staging_us=4281 event_submit_us=16860 event_complete_us=20010 frame_us=32931 tear_edge_observed=1 frame_reused=1 pass=1
[18:32:02] TINYDRAW_PANSEQ_FRAME zoom=400 step=16 dx=72 dy=54 scroll_us=8 exposed_compose_us=11703 chrome_us=2216 tear_wait_us=5648 present_us=16456 prepare_us=10608 acquire_wait_us=19 ring_copy_us=8376 patch_us=2226 byte_swap_us=6 staging_us=4266 event_submit_us=17476 event_complete_us=20636 frame_us=33942 tear_edge_observed=1 frame_reused=1 pass=1
[18:32:02] TINYDRAW_PANSEQ_FRAME zoom=400 step=17 dx=72 dy=54 scroll_us=7 exposed_compose_us=11496 chrome_us=2249 tear_wait_us=5460 present_us=15851 prepare_us=10640 acquire_wait_us=18 ring_copy_us=8366 patch_us=2268 byte_swap_us=6 staging_us=4224 event_submit_us=17071 event_complete_us=20219 frame_us=32931 tear_edge_observed=1 frame_reused=1 pass=1
[18:32:02] TINYDRAW_PANSEQ_FRAME zoom=400 step=18 dx=72 dy=54 scroll_us=8 exposed_compose_us=11395 chrome_us=2252 tear_wait_us=6177 present_us=16235 prepare_us=10701 acquire_wait_us=18 ring_copy_us=8431 patch_us=2261 byte_swap_us=9 staging_us=4171 event_submit_us=17697 event_complete_us=20848 frame_us=33942 tear_edge_observed=1 frame_reused=1 pass=1
[18:32:02] TINYDRAW_PANSEQ_FRAME zoom=400 step=19 dx=72 dy=54 scroll_us=7 exposed_compose_us=11605 chrome_us=2226 tear_wait_us=5569 present_us=16626 prepare_us=10642 acquire_wait_us=20 ring_copy_us=8395 patch_us=2238 byte_swap_us=9 staging_us=4204 event_submit_us=17296 event_complete_us=20430 frame_us=33931 tear_edge_observed=1 frame_reused=1 pass=1
[18:32:02] TINYDRAW_PANSEQ_FRAME zoom=400 step=20 dx=-72 dy=-54 scroll_us=8 exposed_compose_us=11762 chrome_us=2244 tear_wait_us=5030 present_us=16015 prepare_us=10650 acquire_wait_us=18 ring_copy_us=8383 patch_us=2258 byte_swap_us=9 staging_us=4203 event_submit_us=16923 event_complete_us=20066 frame_us=32942 tear_edge_observed=1 frame_reused=1 pass=1
[18:32:02] TINYDRAW_PANSEQ_FRAME zoom=400 step=21 dx=-72 dy=-54 scroll_us=7 exposed_compose_us=11659 chrome_us=2227 tear_wait_us=5733 present_us=16409 prepare_us=10567 acquire_wait_us=19 ring_copy_us=8320 patch_us=2238 byte_swap_us=9 staging_us=4272 event_submit_us=17513 event_complete_us=20656 frame_us=33931 tear_edge_observed=1 frame_reused=1 pass=1
[18:32:02] TINYDRAW_PANSEQ_FRAME zoom=400 step=22 dx=-72 dy=-54 scroll_us=8 exposed_compose_us=11692 chrome_us=2231 tear_wait_us=5314 present_us=15801 prepare_us=10647 acquire_wait_us=18 ring_copy_us=8399 patch_us=2240 byte_swap_us=8 staging_us=4211 event_submit_us=17132 event_complete_us=20272 frame_us=32942 tear_edge_observed=1 frame_reused=1 pass=1
[18:32:02] TINYDRAW_PANSEQ_FRAME zoom=400 step=23 dx=-72 dy=-54 scroll_us=7 exposed_compose_us=11373 chrome_us=2234 tear_wait_us=6234 present_us=16193 prepare_us=10644 acquire_wait_us=21 ring_copy_us=8393 patch_us=2242 byte_swap_us=9 staging_us=4207 event_submit_us=17730 event_complete_us=20869 frame_us=33931 tear_edge_observed=1 frame_reused=1 pass=1
[18:32:02] TINYDRAW_PANSEQ_STRIP zoom=400 strip=0 panel_y=0 rows=44 samples=24 staging_mean_us=1343 staging_max_us=1371 wire_budget_us=1619 over_budget_us=0 pass=1
[18:32:02] TINYDRAW_PANSEQ_STRIP zoom=400 strip=1 panel_y=44 rows=44 samples=24 staging_mean_us=1231 staging_max_us=1257 wire_budget_us=1619 over_budget_us=0 pass=1
[18:32:02] TINYDRAW_PANSEQ_STRIP zoom=400 strip=2 panel_y=88 rows=44 samples=24 staging_mean_us=1196 staging_max_us=1207 wire_budget_us=1619 over_budget_us=0 pass=1
[18:32:02] TINYDRAW_PANSEQ_STRIP zoom=400 strip=3 panel_y=132 rows=44 samples=24 staging_mean_us=1188 staging_max_us=1205 wire_budget_us=1619 over_budget_us=0 pass=1
[18:32:02] TINYDRAW_PANSEQ_STRIP zoom=400 strip=4 panel_y=176 rows=44 samples=24 staging_mean_us=1190 staging_max_us=1200 wire_budget_us=1619 over_budget_us=0 pass=1
[18:32:02] TINYDRAW_PANSEQ_STRIP zoom=400 strip=5 panel_y=220 rows=44 samples=24 staging_mean_us=1177 staging_max_us=1196 wire_budget_us=1619 over_budget_us=0 pass=1
[18:32:02] TINYDRAW_PANSEQ_STRIP zoom=400 strip=6 panel_y=264 rows=44 samples=24 staging_mean_us=1362 staging_max_us=1388 wire_budget_us=1619 over_budget_us=0 pass=1
[18:32:02] TINYDRAW_PANSEQ_STRIP zoom=400 strip=7 panel_y=308 rows=44 samples=24 staging_mean_us=1349 staging_max_us=1374 wire_budget_us=1619 over_budget_us=0 pass=1
[18:32:02] TINYDRAW_PANSEQ_STRIP zoom=400 strip=8 panel_y=352 rows=20 samples=24 staging_mean_us=618 staging_max_us=648 wire_budget_us=736 over_budget_us=0 pass=1
[18:32:02] TINYDRAW_GATE1_PANSEQ zoom=400 frames=24 scroll_avg_us=7 exposed_avg_us=6744 chrome_avg_us=2237 tear_wait_avg_us=10197 present_avg_us=16276 prepare_avg_us=10639 acquire_wait_avg_us=19 ring_copy_avg_us=8382 patch_avg_us=2247 byte_swap_avg_us=8 staging_avg_us=4226 frame_avg_us=33353 frame_p50_us=33931 frame_p95_us=33942 frame_max_us=33946 complete_p50_us=20362 complete_p95_us=20848 complete_max_us=20869 tear_edge_failures=0 presentation_experiment=boundary-top-sweep te_edge=rising requested_clock_mhz=50 effective_clock_mhz=40 chrome_bottom_redraws=0 chrome_battery_redraws=0 chrome_zoom_redraws=0 chrome_minimap_base_redraws=0 strip_samples=216 staging_mean_us=1184 staging_max_us=1388 worst_strip=8 worst_strip_y=352 worst_wire_budget_us=736 worst_headroom_us=88 staging_invariant=1 pacing_pass=1 all_reused=1 pass=1
[18:32:02] TINYDRAW_GATE1_PAN_BOUNDARY zoom=100 slow_1px_trace=1 below_delta=94 below_reused=1 at_delta=96 at_reused=1 above_delta=98 above_fallback=1 pass=1
[18:32:03] TINYDRAW_GATE1_PAN_BOUNDARY zoom=400 slow_1px_trace=1 below_delta=94 below_reused=1 at_delta=96 at_reused=1 above_delta=98 above_fallback=1 pass=1
[18:32:03] TINYDRAW_GATE1_DRAW_FILL zoom=400 revision=2930 append_us=1398 poll_gap_us=95 event_submit_us=208 event_complete_us=2140 max_compute_slice_us=5441 max_display_slice_us=17279 fill_us=225029 revision_restarted=1 pass=1
[18:32:04] TINYDRAW_GATE1_CACHE_FILL zoom=50 x=63 y=63 published=56 total_us=585964 within_cold_gate=0 complete=1
[18:32:04] TINYDRAW_GATE1_CACHE_FILL zoom=100 x=63 y=63 published=56 total_us=473962 within_cold_gate=1 complete=1
[18:32:05] TINYDRAW_GATE1_CACHE_FILL zoom=200 x=63 y=63 published=56 total_us=333961 within_cold_gate=1 complete=1
[18:32:05] TINYDRAW_GATE1_CACHE_FILL zoom=400 x=63 y=63 published=56 total_us=276960 within_cold_gate=1 complete=1
[18:32:05] TINYDRAW_GATE1_CACHE_REVISIT zoom=50 remaining=0 tile_pixels=118128 fallback_pixels=0 compose_us=15972 complete_us=20408 hit=1
[18:32:05] TINYDRAW_GATE1_CACHE_REVISIT zoom=100 remaining=0 tile_pixels=164864 fallback_pixels=0 compose_us=18347 complete_us=20989 hit=1
[18:32:05] TINYDRAW_GATE1_CACHE_REVISIT zoom=200 remaining=0 tile_pixels=164864 fallback_pixels=0 compose_us=18371 complete_us=20567 hit=1
[18:32:05] TINYDRAW_GATE1_CACHE_REVISIT zoom=400 remaining=0 tile_pixels=164608 fallback_pixels=0 compose_us=18380 complete_us=20148 hit=1
[18:32:06] TINYDRAW_GATE1_CACHE_FILL zoom=400 x=575 y=575 published=56 total_us=294961 within_cold_gate=1 complete=1
[18:32:06] TINYDRAW_GATE1_CACHE_ROUND_TRIP zoom=50 from_x=63 from_y=63 via_x=575 via_y=575 remaining=0 tile_pixels=118128 fallback_pixels=0 compose_us=15975 complete_us=20638 hit=1
[18:32:06] TINYDRAW_GATE1_CACHE_ROUND_TRIP zoom=100 from_x=63 from_y=63 via_x=575 via_y=575 remaining=0 tile_pixels=164864 fallback_pixels=0 compose_us=18372 complete_us=20236 hit=1
[18:32:06] TINYDRAW_GATE1_CACHE_ROUND_TRIP zoom=200 from_x=63 from_y=63 via_x=575 via_y=575 remaining=0 tile_pixels=164864 fallback_pixels=0 compose_us=18379 complete_us=20847 hit=1
[18:32:06] TINYDRAW_GATE1_CACHE_ROUND_TRIP zoom=400 from_x=63 from_y=63 via_x=575 via_y=575 remaining=0 tile_pixels=164608 fallback_pixels=0 compose_us=18375 complete_us=20462 hit=1
[18:32:06] TINYDRAW_GATE1_CACHE_RETENTION pass=1 slots=448 revision=2930
[18:32:07] TINYDRAW_PAPER_SWEEP zoom=100 identities=644 raw=266 uniform=378 fallback=0 slots=448 total_us=1310376 pass=1
[18:32:07] TINYDRAW_RERENDER_LEDGER_RESET site=cache_tour_start
[18:32:10] TINYDRAW_GATE1_CACHE_TOUR slots=448 stops=16 forward_steps=2162 forward_tiles=832 forward_wall_us=1329032 return_missing_tiles=0 return_steps=16 return_tiles=0 return_wall_us=5807 home_missing=0 home_fallback_pixels=0 pass=1
[18:32:10] TINYDRAW_RERENDER_LEDGER site=cache_tour renders=137 unique=137 amplification=1.000 cold=137 damage=0 evict=0 stale=0 unexplained=0
[18:32:11] TINYDRAW_GATE1_MIXED_DRAW_WARM zoom=50 fill_tiles=56 fill_us=511808 raw=42 uniform=14
[18:32:11] TINYDRAW_GATE1_MIXED_DRAW_WARM zoom=100 fill_tiles=56 fill_us=398232 raw=56 uniform=0
[18:32:12] TINYDRAW_GATE1_MIXED_DRAW_WARM zoom=200 fill_tiles=56 fill_us=308339 raw=56 uniform=0
[18:32:12] TINYDRAW_GATE1_MIXED_DRAW_WARM zoom=400 fill_tiles=42 fill_us=196515 raw=42 uniform=0
[18:32:13] TINYDRAW_GATE1_MIXED_DRAW zoom=25 tool=pen chunks=50 append_max_us=13118 append_avg_us=11778 append_total_us=588934 affected_tiles=196 published=0 fallback=196 visible_fallback=0 ph_prepare_max_us=145 ph_overview_max_us=8905 ph_enumerate_max_us=567 ph_uniform_max_us=87 ph_raw_max_us=14 ph_commit_max_us=3572 committed=1 authority=1 refresh=1 run_ok=1 pass=1
[18:32:14] TINYDRAW_GATE1_MIXED_DRAW zoom=25 tool=eraser chunks=50 append_max_us=13191 append_avg_us=11720 append_total_us=586023 affected_tiles=0 published=0 fallback=0 visible_fallback=0 ph_prepare_max_us=144 ph_overview_max_us=9055 ph_enumerate_max_us=461 ph_uniform_max_us=10 ph_raw_max_us=6 ph_commit_max_us=3554 committed=1 authority=1 refresh=1 run_ok=1 pass=1
[18:32:16] TINYDRAW_GATE1_MIXED_DRAW zoom=50 tool=pen chunks=50 append_max_us=19148 append_avg_us=16216 append_total_us=810839 affected_tiles=422 published=400 fallback=22 visible_fallback=0 ph_prepare_max_us=175 ph_overview_max_us=3796 ph_enumerate_max_us=509 ph_uniform_max_us=5359 ph_raw_max_us=12011 ph_commit_max_us=1728 committed=1 authority=1 refresh=1 run_ok=1 pass=0
[18:32:17] TINYDRAW_GATE1_MIXED_DRAW zoom=50 tool=eraser chunks=50 append_max_us=17798 append_avg_us=15956 append_total_us=797834 affected_tiles=405 published=405 fallback=0 visible_fallback=0 ph_prepare_max_us=174 ph_overview_max_us=3787 ph_enumerate_max_us=530 ph_uniform_max_us=22 ph_raw_max_us=11992 ph_commit_max_us=1542 committed=1 authority=1 refresh=1 run_ok=1 pass=0
[18:32:18] TINYDRAW_GATE1_MIXED_DRAW zoom=100 tool=pen chunks=50 append_max_us=15724 append_avg_us=13667 append_total_us=683354 affected_tiles=450 published=398 fallback=52 visible_fallback=0 ph_prepare_max_us=176 ph_overview_max_us=1934 ph_enumerate_max_us=525 ph_uniform_max_us=4334 ph_raw_max_us=11950 ph_commit_max_us=1036 committed=1 authority=1 refresh=1 run_ok=1 pass=0
[18:32:19] TINYDRAW_GATE1_MIXED_DRAW zoom=100 tool=eraser chunks=50 append_max_us=15055 append_avg_us=13434 append_total_us=671741 affected_tiles=399 published=399 fallback=0 visible_fallback=0 ph_prepare_max_us=168 ph_overview_max_us=1909 ph_enumerate_max_us=498 ph_uniform_max_us=31 ph_raw_max_us=11998 ph_commit_max_us=837 committed=1 authority=1 refresh=1 run_ok=1 pass=0
[18:32:21] TINYDRAW_GATE1_MIXED_DRAW zoom=200 tool=pen chunks=50 append_max_us=15097 append_avg_us=12629 append_total_us=631474 affected_tiles=425 published=389 fallback=36 visible_fallback=0 ph_prepare_max_us=178 ph_overview_max_us=1045 ph_enumerate_max_us=550 ph_uniform_max_us=4474 ph_raw_max_us=12019 ph_commit_max_us=884 committed=1 authority=1 refresh=1 run_ok=1 pass=0
[18:32:22] TINYDRAW_GATE1_MIXED_DRAW zoom=200 tool=eraser chunks=50 append_max_us=14165 append_avg_us=12356 append_total_us=617840 affected_tiles=388 published=388 fallback=0 visible_fallback=0 ph_prepare_max_us=166 ph_overview_max_us=1084 ph_enumerate_max_us=565 ph_uniform_max_us=27 ph_raw_max_us=11998 ph_commit_max_us=741 committed=1 authority=1 refresh=1 run_ok=1 pass=1
[18:32:24] TINYDRAW_GATE1_MIXED_DRAW zoom=400 tool=pen chunks=50 append_max_us=14168 append_avg_us=11722 append_total_us=586131 affected_tiles=359 published=334 fallback=25 visible_fallback=0 ph_prepare_max_us=168 ph_overview_max_us=709 ph_enumerate_max_us=620 ph_uniform_max_us=3303 ph_raw_max_us=11466 ph_commit_max_us=808 committed=1 authority=1 refresh=1 run_ok=1 pass=1
[18:32:25] TINYDRAW_GATE1_MIXED_DRAW zoom=400 tool=eraser chunks=50 append_max_us=13254 append_avg_us=11581 append_total_us=579051 affected_tiles=350 published=350 fallback=0 visible_fallback=0 ph_prepare_max_us=171 ph_overview_max_us=702 ph_enumerate_max_us=603 ph_uniform_max_us=33 ph_raw_max_us=11500 ph_commit_max_us=730 committed=1 authority=1 refresh=1 run_ok=1 pass=1
[18:32:25] TINYDRAW_GATE1_MIXED_DRAW_REVISIT zoom=50 missing=4 refill_tiles=4 refill_us=186039
[18:32:25] TINYDRAW_GATE1_MIXED_DRAW_REVISIT zoom=100 missing=9 refill_tiles=9 refill_us=319844
[18:32:26] TINYDRAW_GATE1_MIXED_DRAW_REVISIT zoom=200 missing=16 refill_tiles=16 refill_us=320345
[18:32:26] TINYDRAW_GATE1_MIXED_DRAW_REVISIT zoom=400 missing=0 refill_tiles=0 refill_us=313
[18:32:26] TINYDRAW_GATE1_MIXED_DRAW_SUMMARY slots=448 strokes=10 worst_append_us=19148 pass=0
[18:32:31] TINYDRAW_GATE1_IDLE_REPAIR damaged=588 remaining=0 plan_views=24 steps=4378 repair_us=3822365 worst_step_us=5387 warm_tiles=56 pass=1
[18:32:32] TINYDRAW_INKTRACE trace=fast-curve-dense-25 zoom=25 events=411 consumed=373 coalesced=38 down=1/1 up=1/1 max_time_gap_us=24260 max_space_gap_px=55.33 e2c_p50=501 e2c_p95=1565 e2c_max=2763 e2g_p95=779 e2s_p95=2638 e2d_p50=2327 e2d_p95=3638 e2d_max=4378 latency_samples=33 presentation_failures=0 commit_failures=0 overflows=0 revision=3482 latency_pass=1 pass=1
[18:32:32] TINYDRAW_INKTRACE trace=fast-curve-400 zoom=400 events=414 consumed=381 coalesced=33 down=1/1 up=1/1 max_time_gap_us=9230 max_space_gap_px=65.51 e2c_p50=501 e2c_p95=571 e2c_max=1571 e2g_p95=775 e2s_p95=2645 e2d_p50=2431 e2d_p95=3953 e2d_max=3966 latency_samples=33 presentation_failures=0 commit_failures=0 overflows=0 revision=3484 latency_pass=1 pass=1
[18:32:35] TINYDRAW_INKTRACE trace=fast-curve-400-xl zoom=400 events=2296 consumed=1933 coalesced=363 down=1/1 up=1/1 max_time_gap_us=12690 max_space_gap_px=47.85 e2c_p50=501 e2c_p95=567 e2c_max=1573 e2g_p95=781 e2s_p95=3003 e2d_p50=3262 e2d_p95=4564 e2d_max=8119 latency_samples=172 presentation_failures=0 commit_failures=0 overflows=0 revision=3490 latency_pass=1 pass=1
[18:32:36] TINYDRAW_INKTRACE trace=slow-precise-100 zoom=100 events=741 consumed=696 coalesced=45 down=1/1 up=1/1 max_time_gap_us=8482 max_space_gap_px=13.45 e2c_p50=501 e2c_p95=1048 e2c_max=1573 e2g_p95=778 e2s_p95=1785 e2d_p50=1962 e2d_p95=2255 e2d_max=2286 latency_samples=53 presentation_failures=0 commit_failures=0 overflows=0 revision=3492 latency_pass=1 pass=1
[18:32:39] TINYDRAW_INKTRACE trace=scribble-multistroke zoom=100 events=848 consumed=731 coalesced=117 down=7/7 up=7/7 max_time_gap_us=6070 max_space_gap_px=109.46 e2c_p50=502 e2c_p95=570 e2c_max=1574 e2g_p95=775 e2s_p95=3460 e2d_p50=3113 e2d_p95=5272 e2d_max=6311 latency_samples=55 presentation_failures=0 commit_failures=0 overflows=0 revision=3499 latency_pass=1 pass=1
[18:32:40] TINYDRAW_HAIRLINE_DOC ops=782 samples=8061 append_total_us=1050075 append_max_us=7207
[18:32:40] TINYDRAW_GATE1_PACED_COLD corpus=evil_hairlines_capacity zoom=100 x=552 y=672 steps=239 tiles=56 compute_us=228437 present_us=77808 touch_us=448 pacing_us=8275 wall_us=314968 maximum_wall_us=500000 max_tick_us=9003 touch_samples=45630 touch_interval_max_us=2067 touch_read_max_us=599 touch_events=0 touch_down=0 touch_up=0 touch_events_ge_8ms=0 touch_event_age_max_us=0 touch_errors=0 touch_overflows=0 pass=1
[18:32:41] TINYDRAW_GATE1_PACED_COLD corpus=evil_hairlines_capacity zoom=400 x=2760 y=3360 steps=212 tiles=48 compute_us=133101 present_us=72976 touch_us=330 pacing_us=6543 wall_us=212950 maximum_wall_us=500000 max_tick_us=8677 touch_samples=285 touch_interval_max_us=1659 touch_read_max_us=475 touch_events=0 touch_down=0 touch_up=0 touch_events_ge_8ms=0 touch_event_age_max_us=0 touch_errors=0 touch_overflows=0 pass=1
[18:32:43] TINYDRAW_HAIRLINE_REPAIR steps=2372 wall_us=2146105 worst_step_us=4643 resident=407/448 grid_stopped=1 pass2_steps=8 pass2_wall_us=2188 no_churn=1
[18:32:44] TINYDRAW_HAIRLINE_TOUR stops=8 total_us=902700 worst_stop_us=195822 worst_step_us=6477
[18:32:44] TINYDRAW_GATE1_HAIRLINE raw=339 uniform=72 fallback=233 capacity=448 worst_step_us=6477 grid_stopped=1 pass=1
[18:32:46] TINYDRAW_GATE1_LONG_GESTURE path=reference samples=1600 chunks=26 append_total_us=917791 append_max_us=43314 append_avg_us=35299 refresh_fallback_pixels=0 settled_fallback_pixels=0 committed=1 authority=1 refresh=1 run_ok=1
[18:32:46] TINYDRAW_GATE1_LONG_GESTURE path=in_place samples=1600 chunks=52 append_total_us=590555 append_max_us=13829 append_avg_us=11356 refresh_fallback_pixels=0 settled_fallback_pixels=0 committed=1 authority=1 refresh=1 run_ok=1
[18:32:46] TINYDRAW_V2_EXPORT_PROGRESS row=0 of=1792
[18:32:47] TINYDRAW_V2_EXPORT_PROGRESS row=256 of=1792
[18:32:48] TINYDRAW_V2_EXPORT_PROGRESS row=512 of=1792
[18:32:49] TINYDRAW_V2_EXPORT_PROGRESS row=768 of=1792
[18:32:50] TINYDRAW_V2_EXPORT_PROGRESS row=1024 of=1792
[18:32:50] TINYDRAW_V2_EXPORT_PROGRESS row=1280 of=1792
[18:32:51] TINYDRAW_V2_EXPORT_PROGRESS row=1536 of=1792
[18:32:52] TINYDRAW_GATE1_EXPORT encoded=1 bytes=40166 elapsed_us=5851060 workspace_bytes=50652 band_bytes=376832 free_psram=1859920 free_internal=179664 signature=1 dimensions=1 chunks=3 chunks_ok=1 pass=1
[18:32:52] TINYDRAW_EXPORT_RESERVE requested=1572864 free_before=1859920 largest_before=1835008 free_held=287052 largest_held=286720 pass=1
[18:32:52] TINYDRAW_RERENDER_LEDGER site=final renders=0 unique=0 amplification=0.000 cold=0 damage=0 evict=0 stale=0 unexplained=0
[18:32:52] TINYDRAW_GATE1_AUTOMATED_DONE stress=1 stress_100=1 stress_400=1 overlap_ready=1 overlap_cold=0 general_cold_ready=1 general_cold=0 workload=1 paced_cold=1 hard_100=1 hard_400=1 pan_100=1 pan_400=1 pan_seq=1 pan_boundary=1 live_overlay=1 draw_fill=1 cache=1 full_world_cache=1 cache_tour=1 mixed_draw=0 idle_repair=1 ink_trace=1 hairline_capacity=1 long_gesture=1 export_encode=1 export_reserve=1 return=1 ssaa_receipt=yellow
[18:32:52] TINYDRAW_VECTOR_V2_GATE_HARNESS_DONE pass=0
[18:32:52] I (68036) main_task: Returned from app_main()
