[18:19:20] ESP-ROM:esp32s3-20210327
[18:19:20] Build:Mar 27 2021
[18:19:20] rst:0x15 (USB_UART_CHIP_RESET),boot:0x2b (SPI_FAST_FLASH_BOOT)
[18:19:20] Saved PC:0x4037b8fa
[18:19:20] SPIWP:0xee
[18:19:20] mode:DIO, clock div:1
[18:19:20] load:0x3fce2820,len:0x1664
[18:19:20] load:0x403c8700,len:0xf38
[18:19:20] load:0x403cb700,len:0x31e8
[18:19:20] entry 0x403c8930
[18:19:20] I (24) boot: ESP-IDF v6.0.2 2nd stage bootloader
[18:19:20] I (24) boot: compile time Aug 16 2026 18:17:51
[18:19:20] I (25) boot: Multicore bootloader
[18:19:20] I (25) boot: chip revision: v0.2
[18:19:20] I (28) boot: efuse block revision: v1.3
[18:19:20] I (31) qio_mode: Enabling default flash chip QIO
[18:19:20] I (36) boot.esp32s3: Boot SPI Speed : 80MHz
[18:19:20] I (39) boot.esp32s3: SPI Mode       : QIO
[18:19:20] I (43) boot.esp32s3: SPI Flash Size : 16MB
[18:19:20] I (47) boot: Enabling RNG early entropy source...
[18:19:20] I (51) boot: Partition Table:
[18:19:20] I (54) boot: ## Label            Usage          Type ST Offset   Length
[18:19:20] I (60) boot:  0 nvs              WiFi data        01 02 00009000 00006000
[18:19:20] I (67) boot:  1 phy_init         RF data          01 01 0000f000 00001000
[18:19:20] I (73) boot:  2 factory          factory app      00 00 00010000 00100000
[18:19:20] I (80) boot:  3 drawing          Unknown data     01 40 00110000 00300000
[18:19:20] I (86) boot:  4 export           Unknown data     01 41 00410000 00500000
[18:19:20] I (93) boot:  5 coredump         Unknown data     01 03 00910000 00010000
[18:19:20] I (100) boot: End of partition table
[18:19:20] I (103) esp_image: segment 0: paddr=00010020 vaddr=3c050020 size=2be0ch (179724) map
[18:19:20] I (138) esp_image: segment 1: paddr=0003be34 vaddr=3fc96000 size=03764h ( 14180) load
[18:19:20] I (141) esp_image: segment 2: paddr=0003f5a0 vaddr=40374000 size=00a78h (  2680) load
[18:19:20] I (143) esp_image: segment 3: paddr=00040020 vaddr=42000020 size=4da9ch (318108) map
[18:19:20] I (199) esp_image: segment 4: paddr=0008dac4 vaddr=40374a78 size=1149ch ( 70812) load
[18:19:20] I (213) esp_image: segment 5: paddr=0009ef68 vaddr=50000000 size=00024h (    36) load
[18:19:20] I (221) boot: Loaded app from partition at offset 0x10000
[18:19:20] I (221) boot: Disabling RNG early entropy source...
[18:19:20] I (231) octal_psram: vendor id    : 0x0d (AP)
[18:19:20] I (232) octal_psram: dev id       : 0x02 (generation 3)
[18:19:20] I (232) octal_psram: density      : 0x03 (64 Mbit)
[18:19:20] I (234) octal_psram: good-die     : 0x01 (Pass)
[18:19:20] I (238) octal_psram: Latency      : 0x01 (Fixed)
[18:19:20] I (242) octal_psram: VCC          : 0x01 (3V)
[18:19:20] I (246) octal_psram: SRF          : 0x01 (Fast Refresh)
[18:19:20] I (251) octal_psram: BurstType    : 0x01 (Hybrid Wrap)
[18:19:20] I (256) octal_psram: BurstLen     : 0x01 (32 Byte)
[18:19:20] I (261) octal_psram: Readlatency  : 0x02 (10 cycles@Fixed)
[18:19:20] I (266) octal_psram: DriveStrength: 0x00 (1/1)
[18:19:20] I (270) MSPI Timing: Enter psram timing tuning
[18:19:20] I (275) esp_psram: Found 8MB PSRAM device
[18:19:20] I (278) esp_psram: Speed: 80MHz
[18:19:20] I (281) cpu_start: Multicore app
[18:19:20] I (697) esp_psram: SPI SRAM memory test OK
[18:19:20] I (705) cpu_start: GPIO 44 and 43 are used as console UART I/O pins
[18:19:20] I (706) cpu_start: Pro cpu start user code
[18:19:20] I (706) cpu_start: cpu freq: 240000000 Hz
[18:19:20] I (707) app_init: Application information:
[18:19:20] I (711) app_init: Project name:     tinydraw_esp32
[18:19:20] I (716) app_init: App version:      bdd95e7-dirty
[18:19:20] I (720) app_init: Compile time:     Aug 16 2026 18:17:43
[18:19:20] I (725) app_init: ELF file SHA256:  5edb6a453...
[18:19:20] I (730) app_init: ESP-IDF:          v6.0.2
[18:19:20] I (733) efuse_init: Min chip rev:     v0.0
[18:19:20] I (737) efuse_init: Max chip rev:     v0.99 
[18:19:20] I (741) efuse_init: Chip rev:         v0.2
[18:19:20] I (745) heap_init: Initializing. RAM available for dynamic allocation:
[18:19:20] I (751) heap_init: At 3FC9AB90 len 0004EB80 (314 KiB): RAM
[18:19:20] I (756) heap_init: At 3FCE9710 len 00005724 (21 KiB): RAM
[18:19:20] I (762) heap_init: At 3FCF0000 len 00008000 (32 KiB): DRAM
[18:19:20] I (767) heap_init: At 600FE000 len 00001FE8 (7 KiB): RTCRAM
[18:19:20] I (772) esp_psram: Adding pool of 8192K of PSRAM memory to heap allocator
[18:19:20] I (779) spi_flash: detected chip: generic
[18:19:20] I (782) spi_flash: flash io: qio
[18:19:20] I (786) sleep_gpio: Configure to isolate all GPIO pins in sleep state
[18:19:20] I (792) sleep_gpio: Enable automatic switching of GPIO sleep configuration
[18:19:20] I (799) main_task: Started on CPU0
[18:19:20] I (802) main_task: Calling app_main()
[18:19:20] TINYDRAW_PRODUCER_SCRATCH supertask_internal=1 slot_directory_internal=0 free_internal=299676 free_psram=1861508
[18:19:21] TINYDRAW_PANEL_HARD_RESET=1
[18:19:21] TINYDRAW_PANEL_TRANSPORT requested_clock_mhz=50 effective_clock_mhz=40
[18:19:21] I (1009) co5300: version: 2.1.0
[18:19:21] I (1009) co5300_spi: LCD panel create success, version: 2.1.0
[18:19:21] W (1094) co5300_spi: The 3Ah command has been used and will be overwritten by external initialization sequence
[18:19:21] I (1195) CST816S: IC id: 183
[18:19:21] TINYDRAW_VECTOR_V2_PRESENTATION experiment=boundary-top-sweep te_edge=rising requested_clock_mhz=50 effective_clock_mhz=40 optical_acceptance=external_manual
[18:19:21] TINYDRAW_LIVE_PRESENT kind=startup zoom=25 x=0 y=0 compose_us=26062 scroll_us=0 exposed_compose_us=0 chrome_us=17185 chrome_prepare_us=11955 chrome_stage_us=5230 read_submit_us=0 read_complete_us=0 transfer_wait_us=20952 tile_pixels=0 uniform_pixels=0 overview_pixels=164864 fallback_pixels=0 resident_tiles=0 fallback_tiles=0 pushes=11 tear_wait_us=239 tear_edge_isr_to_resume_us=13 tear_edge_observed=1 tear_edge_wait_resumed=1 tear_edge_timeout=0 tear_heal_attempted=0 tear_heal_command_sent=0 presentation_experiment=boundary-top-sweep te_edge=rising requested_clock_mhz=50 effective_clock_mhz=40 frame_reused=0 pass=1
[18:19:22] TINYDRAW_LIVE_STRESS operations=1000 samples=20000 total_us=751027 average_us=751 maximum_us=1021 free_psram=1859920 largest_psram=1835008
[18:19:22] TINYDRAW_LIVE_PRESENT kind=gate_fallback zoom=100 x=0 y=0 compose_us=11358 scroll_us=0 exposed_compose_us=0 chrome_us=11369 chrome_prepare_us=6821 chrome_stage_us=4548 read_submit_us=22605 read_complete_us=25966 transfer_wait_us=20562 tile_pixels=0 uniform_pixels=0 overview_pixels=0 fallback_pixels=164864 resident_tiles=0 fallback_tiles=42 pushes=11 tear_wait_us=4299 tear_edge_isr_to_resume_us=11 tear_edge_observed=1 tear_edge_wait_resumed=1 tear_edge_timeout=0 tear_heal_attempted=0 tear_heal_command_sent=0 presentation_experiment=boundary-top-sweep te_edge=rising requested_clock_mhz=50 effective_clock_mhz=40 frame_reused=0 pass=1
[18:19:22] TINYDRAW_GATE1_HARD zoom=100 cold=1 operations=1000 samples=20000 steps=193 tiles=42 scanned=12000 rendered=122 max_supertask_us=6741 presentation_us=70165 total_us=278631 maximum_wall_us=500000 pass=1
[18:19:22] TINYDRAW_LIVE_PRESENT kind=gate_fallback zoom=400 x=0 y=0 compose_us=10775 scroll_us=0 exposed_compose_us=0 chrome_us=6719 chrome_prepare_us=2351 chrome_stage_us=4368 read_submit_us=16932 read_complete_us=20544 transfer_wait_us=20252 tile_pixels=0 uniform_pixels=0 overview_pixels=0 fallback_pixels=164864 resident_tiles=0 fallback_tiles=42 pushes=11 tear_wait_us=3675 tear_edge_isr_to_resume_us=12 tear_edge_observed=1 tear_edge_wait_resumed=1 tear_edge_timeout=0 tear_heal_attempted=0 tear_heal_command_sent=0 presentation_experiment=boundary-top-sweep te_edge=rising requested_clock_mhz=50 effective_clock_mhz=40 frame_reused=0 pass=1
[18:19:22] TINYDRAW_GATE1_HARD zoom=400 cold=1 operations=1000 samples=20000 steps=199 tiles=42 scanned=12000 rendered=17 max_supertask_us=5289 presentation_us=66555 total_us=160997 maximum_wall_us=500000 pass=1
[18:19:23] TINYDRAW_OVERLAP_WORKLOAD operations=8 samples=1200 radius_world=80
[18:19:24] TINYDRAW_GATE1_PACED_COLD corpus=overlap zoom=50 x=215 y=255 steps=235 tiles=56 compute_us=521505 present_us=83048 touch_us=574 pacing_us=15822 wall_us=620949 maximum_wall_us=500000 max_tick_us=9554 touch_samples=2775 touch_interval_max_us=1932 touch_read_max_us=597 touch_events=0 touch_down=0 touch_up=0 touch_events_ge_8ms=0 touch_event_age_max_us=0 touch_errors=0 touch_overflows=0 pass=0
[18:19:24] TINYDRAW_GATE1_PACED_COLD corpus=overlap zoom=100 x=583 y=703 steps=183 tiles=48 compute_us=284623 present_us=78044 touch_us=422 pacing_us=7882 wall_us=370971 maximum_wall_us=500000 max_tick_us=9334 touch_samples=437 touch_interval_max_us=1887 touch_read_max_us=483 touch_events=0 touch_down=0 touch_up=0 touch_events_ge_8ms=0 touch_event_age_max_us=0 touch_errors=0 touch_overflows=0 pass=1
[18:19:25] TINYDRAW_GATE1_PACED_COLD corpus=overlap zoom=200 x=1319 y=1599 steps=180 tiles=56 compute_us=258240 present_us=77082 touch_us=403 pacing_us=9244 wall_us=344969 maximum_wall_us=500000 max_tick_us=9750 touch_samples=411 touch_interval_max_us=1567 touch_read_max_us=470 touch_events=0 touch_down=0 touch_up=0 touch_events_ge_8ms=0 touch_event_age_max_us=0 touch_errors=0 touch_overflows=0 pass=1
[18:19:25] TINYDRAW_GATE1_PACED_COLD corpus=overlap zoom=400 x=2791 y=3391 steps=181 tiles=56 compute_us=221640 present_us=72788 touch_us=384 pacing_us=9156 wall_us=303968 maximum_wall_us=500000 max_tick_us=8146 touch_samples=378 touch_interval_max_us=1597 touch_read_max_us=477 touch_events=0 touch_down=0 touch_up=0 touch_events_ge_8ms=0 touch_event_age_max_us=0 touch_errors=0 touch_overflows=0 pass=1
[18:19:25] TINYDRAW_ADVERSARIAL_TAPERED_WORKLOAD operations=128 samples=4096 erasers=12 load_us=218938 appended=1
[18:19:26] TINYDRAW_GENERAL_COLD_WORKLOAD operations=910 samples=12157 hairline_operations=782 hairline_samples=8061 hairline_load_us=1111141 appended=1
[18:19:27] TINYDRAW_GATE1_PACED_COLD corpus=adversarial_tapered_4x+evil_hairlines zoom=50 x=0 y=0 steps=318 tiles=42 compute_us=355906 present_us=71414 touch_us=483 pacing_us=10145 wall_us=437948 maximum_wall_us=500000 max_tick_us=8660 touch_samples=1704 touch_interval_max_us=2039 touch_read_max_us=523 touch_events=0 touch_down=0 touch_up=0 touch_events_ge_8ms=0 touch_event_age_max_us=0 touch_errors=0 touch_overflows=0 pass=1
[18:19:27] TINYDRAW_GATE1_PACED_COLD corpus=adversarial_tapered_4x+evil_hairlines zoom=100 x=0 y=0 steps=346 tiles=42 compute_us=348243 present_us=66993 touch_us=480 pacing_us=11042 wall_us=426758 maximum_wall_us=500000 max_tick_us=8471 touch_samples=492 touch_interval_max_us=1164 touch_read_max_us=453 touch_events=0 touch_down=0 touch_up=0 touch_events_ge_8ms=0 touch_event_age_max_us=0 touch_errors=0 touch_overflows=0 pass=1
[18:19:28] TINYDRAW_GATE1_PACED_COLD corpus=adversarial_tapered_4x+evil_hairlines zoom=200 x=0 y=0 steps=407 tiles=42 compute_us=410133 present_us=60194 touch_us=534 pacing_us=11348 wall_us=482209 maximum_wall_us=500000 max_tick_us=7465 touch_samples=560 touch_interval_max_us=1167 touch_read_max_us=448 touch_events=0 touch_down=0 touch_up=0 touch_events_ge_8ms=0 touch_event_age_max_us=0 touch_errors=0 touch_overflows=0 pass=1
[18:19:28] TINYDRAW_GATE1_PACED_COLD corpus=adversarial_tapered_4x+evil_hairlines zoom=400 x=0 y=0 steps=490 tiles=42 compute_us=431780 present_us=63363 touch_us=540 pacing_us=11267 wall_us=506950 maximum_wall_us=500000 max_tick_us=10111 touch_samples=579 touch_interval_max_us=1172 touch_read_max_us=447 touch_events=0 touch_down=0 touch_up=0 touch_events_ge_8ms=0 touch_event_age_max_us=0 touch_errors=0 touch_overflows=0 pass=0
[18:19:29] TINYDRAW_GATE1_WORKLOAD kind=realistic seed=7 operations=1000 samples=19844 maximum_stroke=198 load_us=553389 raw_source=1 lod_copies=0
[18:19:29] TINYDRAW_GATE1_PACED_COLD corpus=seed7 zoom=400 x=63 y=63 steps=264 tiles=56 compute_us=192406 present_us=80754 touch_us=358 pacing_us=5450 wall_us=278968 maximum_wall_us=500000 max_tick_us=9652 touch_samples=934 touch_interval_max_us=2032 touch_read_max_us=524 touch_events=0 touch_down=0 touch_up=0 touch_events_ge_8ms=0 touch_event_age_max_us=0 touch_errors=0 touch_overflows=0 pass=1
[18:19:30] TINYDRAW_LIVE_PRESENT kind=gate_fallback zoom=100 x=0 y=0 compose_us=11389 scroll_us=0 exposed_compose_us=0 chrome_us=6940 chrome_prepare_us=2373 chrome_stage_us=4567 read_submit_us=30352 read_complete_us=33987 transfer_wait_us=20772 tile_pixels=0 uniform_pixels=0 overview_pixels=0 fallback_pixels=164864 resident_tiles=0 fallback_tiles=42 pushes=11 tear_wait_us=16473 tear_edge_isr_to_resume_us=11 tear_edge_observed=1 tear_edge_wait_resumed=1 tear_edge_timeout=0 tear_heal_attempted=0 tear_heal_command_sent=0 presentation_experiment=boundary-top-sweep te_edge=rising requested_clock_mhz=50 effective_clock_mhz=40 frame_reused=0 pass=1
[18:19:30] TINYDRAW_GATE1_HARD zoom=100 cold=1 operations=1000 samples=19844 steps=246 tiles=42 scanned=12000 rendered=388 max_supertask_us=5365 presentation_us=69200 total_us=361166 maximum_wall_us=500000 pass=1
[18:19:30] TINYDRAW_GATE1_OVERLAY_CANVAS regions=zoom,minimap,toolbar,battery operations=4 presentation_mutations=0 authority=1 pass=1
[18:19:30] TINYDRAW_GATE1_LIVE_OVERLAY clear_updates=48 clear_wall_max_us=3943 clear_submit_max_us=2138 clear_complete_max_us=3007 overlay_updates=48 overlay_wall_max_us=3926 overlay_submit_max_us=2082 overlay_complete_max_us=3137 overlay_chrome_max_us=261 clear_failures=0 overlay_failures=0 pass=1
[18:19:30] TINYDRAW_EDGE_INK corners=4 edge_failures=0 pass=1
[18:19:31] TINYDRAW_GATE1_PAN zoom=100 from_x=0 from_y=0 to_x=88 to_y=88 compose_us=15408 scroll_us=12 exposed_compose_us=15396 chrome_us=2417 event_submit_us=29455 event_complete_us=32636 transfer_us=16546 setup=1 present=1 moved=1 frame_reused=1 pass=1
[18:19:31] TINYDRAW_LIVE_PRESENT kind=gate_fallback zoom=400 x=0 y=0 compose_us=10655 scroll_us=0 exposed_compose_us=0 chrome_us=6694 chrome_prepare_us=2387 chrome_stage_us=4307 read_submit_us=23295 read_complete_us=26917 transfer_wait_us=21148 tile_pixels=0 uniform_pixels=0 overview_pixels=0 fallback_pixels=164864 resident_tiles=0 fallback_tiles=42 pushes=11 tear_wait_us=10131 tear_edge_isr_to_resume_us=12 tear_edge_observed=1 tear_edge_wait_resumed=1 tear_edge_timeout=0 tear_heal_attempted=0 tear_heal_command_sent=0 presentation_experiment=boundary-top-sweep te_edge=rising requested_clock_mhz=50 effective_clock_mhz=40 frame_reused=0 pass=1
[18:19:31] TINYDRAW_GATE1_HARD zoom=400 cold=1 operations=1008 samples=19852 steps=200 tiles=42 scanned=12096 rendered=60 max_supertask_us=8066 presentation_us=69916 total_us=213972 maximum_wall_us=500000 pass=1
[18:19:31] TINYDRAW_GATE1_PAN zoom=400 from_x=0 from_y=0 to_x=88 to_y=88 compose_us=15418 scroll_us=12 exposed_compose_us=15406 chrome_us=2226 event_submit_us=30254 event_complete_us=33430 transfer_us=16748 setup=1 present=1 moved=1 frame_reused=1 pass=1
[18:19:34] TINYDRAW_PANSEQ_FRAME zoom=100 step=0 dx=24 dy=18 scroll_us=11 exposed_compose_us=4370 chrome_us=2425 tear_wait_us=8220 present_us=16237 prepare_us=10901 acquire_wait_us=20 ring_copy_us=8470 patch_us=2423 byte_swap_us=8 staging_us=3981 event_submit_us=12734 event_complete_us=15908 frame_us=28978 tear_edge_observed=1 frame_reused=1 pass=1
[18:19:34] TINYDRAW_PANSEQ_FRAME zoom=100 step=1 dx=24 dy=18 scroll_us=6 exposed_compose_us=4390 chrome_us=2430 tear_wait_us=12798 present_us=16596 prepare_us=10791 acquire_wait_us=19 ring_copy_us=8349 patch_us=2433 byte_swap_us=9 staging_us=4039 event_submit_us=17321 event_complete_us=20454 frame_us=33921 tear_edge_observed=1 frame_reused=1 pass=1
[18:19:34] TINYDRAW_PANSEQ_FRAME zoom=100 step=2 dx=24 dy=18 scroll_us=8 exposed_compose_us=4101 chrome_us=2434 tear_wait_us=12718 present_us=15986 prepare_us=10859 acquire_wait_us=19 ring_copy_us=8411 patch_us=2440 byte_swap_us=8 staging_us=4023 event_submit_us=16947 event_complete_us=20127 frame_us=32942 tear_edge_observed=1 frame_reused=1 pass=1
[18:19:34] TINYDRAW_PANSEQ_FRAME zoom=100 step=3 dx=24 dy=18 scroll_us=7 exposed_compose_us=4615 chrome_us=2419 tear_wait_us=12812 present_us=16373 prepare_us=10756 acquire_wait_us=18 ring_copy_us=8316 patch_us=2431 byte_swap_us=9 staging_us=4097 event_submit_us=17551 event_complete_us=20719 frame_us=33931 tear_edge_observed=1 frame_reused=1 pass=1
[18:19:34] TINYDRAW_PANSEQ_FRAME zoom=100 step=4 dx=24 dy=18 scroll_us=8 exposed_compose_us=4140 chrome_us=2411 tear_wait_us=12896 present_us=16768 prepare_us=10826 acquire_wait_us=19 ring_copy_us=8401 patch_us=2417 byte_swap_us=8 staging_us=4073 event_submit_us=17166 event_complete_us=20352 frame_us=33947 tear_edge_observed=1 frame_reused=1 pass=1
[18:19:34] TINYDRAW_PANSEQ_FRAME zoom=100 step=5 dx=24 dy=18 scroll_us=7 exposed_compose_us=4420 chrome_us=2418 tear_wait_us=12201 present_us=16173 prepare_us=10798 acquire_wait_us=20 ring_copy_us=8367 patch_us=2422 byte_swap_us=9 staging_us=4084 event_submit_us=16746 event_complete_us=19900 frame_us=32926 tear_edge_observed=1 frame_reused=1 pass=1
[18:19:34] TINYDRAW_PANSEQ_FRAME zoom=100 step=6 dx=24 dy=18 scroll_us=8 exposed_compose_us=4075 chrome_us=2412 tear_wait_us=13142 present_us=16587 prepare_us=10829 acquire_wait_us=25 ring_copy_us=8404 patch_us=2418 byte_swap_us=7 staging_us=4018 event_submit_us=17346 event_complete_us=20488 frame_us=33942 tear_edge_observed=1 frame_reused=1 pass=1
[18:19:34] TINYDRAW_PANSEQ_FRAME zoom=100 step=7 dx=24 dy=18 scroll_us=7 exposed_compose_us=4406 chrome_us=2423 tear_wait_us=12405 present_us=15988 prepare_us=10799 acquire_wait_us=18 ring_copy_us=8361 patch_us=2430 byte_swap_us=8 staging_us=4058 event_submit_us=16936 event_complete_us=20091 frame_us=32931 tear_edge_observed=1 frame_reused=1 pass=1
[18:19:34] TINYDRAW_PANSEQ_FRAME zoom=100 step=8 dx=24 dy=18 scroll_us=8 exposed_compose_us=4372 chrome_us=2442 tear_wait_us=13031 present_us=16403 prepare_us=10807 acquire_wait_us=20 ring_copy_us=8349 patch_us=2451 byte_swap_us=7 staging_us=4060 event_submit_us=17530 event_complete_us=20706 frame_us=33942 tear_edge_observed=1 frame_reused=1 pass=1
[18:19:34] TINYDRAW_PANSEQ_FRAME zoom=100 step=9 dx=24 dy=18 scroll_us=7 exposed_compose_us=4390 chrome_us=2426 tear_wait_us=12590 present_us=15812 prepare_us=10809 acquire_wait_us=19 ring_copy_us=8373 patch_us=2430 byte_swap_us=6 staging_us=4068 event_submit_us=17112 event_complete_us=20271 frame_us=32931 tear_edge_observed=1 frame_reused=1 pass=1
[18:19:34] TINYDRAW_PANSEQ_FRAME zoom=100 step=10 dx=24 dy=18 scroll_us=8 exposed_compose_us=4107 chrome_us=2417 tear_wait_us=13463 present_us=16236 prepare_us=10879 acquire_wait_us=19 ring_copy_us=8441 patch_us=2430 byte_swap_us=8 staging_us=4006 event_submit_us=17697 event_complete_us=20866 frame_us=33942 tear_edge_observed=1 frame_reused=1 pass=1
[18:19:34] TINYDRAW_PANSEQ_FRAME zoom=100 step=11 dx=24 dy=18 scroll_us=7 exposed_compose_us=4627 chrome_us=2412 tear_wait_us=12514 present_us=16656 prepare_us=10809 acquire_wait_us=19 ring_copy_us=8380 patch_us=2420 byte_swap_us=9 staging_us=4057 event_submit_us=17268 event_complete_us=20430 frame_us=33931 tear_edge_observed=1 frame_reused=1 pass=1
[18:19:34] TINYDRAW_PANSEQ_FRAME zoom=100 step=12 dx=24 dy=18 scroll_us=8 exposed_compose_us=4134 chrome_us=2397 tear_wait_us=12591 present_us=16075 prepare_us=10789 acquire_wait_us=20 ring_copy_us=8376 patch_us=2405 byte_swap_us=8 staging_us=4083 event_submit_us=16858 event_complete_us=20024 frame_us=32942 tear_edge_observed=1 frame_reused=1 pass=1
[18:19:34] TINYDRAW_PANSEQ_FRAME zoom=100 step=13 dx=24 dy=18 scroll_us=7 exposed_compose_us=4416 chrome_us=2404 tear_wait_us=12893 present_us=16489 prepare_us=10776 acquire_wait_us=21 ring_copy_us=8348 patch_us=2420 byte_swap_us=8 staging_us=4093 event_submit_us=17439 event_complete_us=20595 frame_us=33931 tear_edge_observed=1 frame_reused=1 pass=1
[18:19:34] TINYDRAW_PANSEQ_FRAME zoom=100 step=14 dx=24 dy=18 scroll_us=8 exposed_compose_us=4105 chrome_us=2414 tear_wait_us=12782 present_us=15917 prepare_us=10854 acquire_wait_us=18 ring_copy_us=8421 patch_us=2425 byte_swap_us=8 staging_us=4020 event_submit_us=17016 event_complete_us=20182 frame_us=32942 tear_edge_observed=1 frame_reused=1 pass=1
[18:19:34] TINYDRAW_PANSEQ_FRAME zoom=100 step=15 dx=24 dy=18 scroll_us=7 exposed_compose_us=4466 chrome_us=2422 tear_wait_us=13004 present_us=16331 prepare_us=10808 acquire_wait_us=19 ring_copy_us=8369 patch_us=2430 byte_swap_us=9 staging_us=4055 event_submit_us=17593 event_complete_us=20762 frame_us=33931 tear_edge_observed=1 frame_reused=1 pass=1
[18:19:34] TINYDRAW_PANSEQ_FRAME zoom=100 step=16 dx=72 dy=54 scroll_us=8 exposed_compose_us=11713 chrome_us=2402 tear_wait_us=5358 present_us=16735 prepare_us=10804 acquire_wait_us=19 ring_copy_us=8376 patch_us=2419 byte_swap_us=9 staging_us=4061 event_submit_us=17198 event_complete_us=20361 frame_us=33942 tear_edge_observed=1 frame_reused=1 pass=1
[18:19:34] TINYDRAW_PANSEQ_FRAME zoom=100 step=17 dx=72 dy=54 scroll_us=7 exposed_compose_us=11673 chrome_us=2409 tear_wait_us=4976 present_us=16147 prepare_us=10812 acquire_wait_us=20 ring_copy_us=8386 patch_us=2417 byte_swap_us=9 staging_us=4059 event_submit_us=16772 event_complete_us=19926 frame_us=32926 tear_edge_observed=1 frame_reused=1 pass=1
[18:19:34] TINYDRAW_PANSEQ_FRAME zoom=100 step=18 dx=72 dy=54 scroll_us=8 exposed_compose_us=10052 chrome_us=2402 tear_wait_us=7198 present_us=16555 prepare_us=10779 acquire_wait_us=21 ring_copy_us=8361 patch_us=2410 byte_swap_us=8 staging_us=4073 event_submit_us=17378 event_complete_us=20541 frame_us=33942 tear_edge_observed=1 frame_reused=1 pass=1
[18:19:34] TINYDRAW_PANSEQ_FRAME zoom=100 step=19 dx=72 dy=54 scroll_us=7 exposed_compose_us=10057 chrome_us=2426 tear_wait_us=6781 present_us=15961 prepare_us=10803 acquire_wait_us=19 ring_copy_us=8360 patch_us=2435 byte_swap_us=8 staging_us=4071 event_submit_us=16963 event_complete_us=20124 frame_us=32931 tear_edge_observed=1 frame_reused=1 pass=1
[18:19:34] TINYDRAW_PANSEQ_FRAME zoom=100 step=20 dx=-72 dy=-54 scroll_us=8 exposed_compose_us=11523 chrome_us=2413 tear_wait_us=5904 present_us=16379 prepare_us=10781 acquire_wait_us=21 ring_copy_us=8337 patch_us=2436 byte_swap_us=8 staging_us=4069 event_submit_us=17554 event_complete_us=20704 frame_us=33942 tear_edge_observed=1 frame_reused=1 pass=1
[18:19:34] TINYDRAW_PANSEQ_FRAME zoom=100 step=21 dx=-72 dy=-54 scroll_us=7 exposed_compose_us=11678 chrome_us=2412 tear_wait_us=5331 present_us=15788 prepare_us=10796 acquire_wait_us=18 ring_copy_us=8369 patch_us=2418 byte_swap_us=9 staging_us=4062 event_submit_us=17135 event_complete_us=20266 frame_us=32931 tear_edge_observed=1 frame_reused=1 pass=1
[18:19:35] TINYDRAW_PANSEQ_FRAME zoom=100 step=22 dx=-72 dy=-54 scroll_us=8 exposed_compose_us=11682 chrome_us=2410 tear_wait_us=5924 present_us=16203 prepare_us=10854 acquire_wait_us=21 ring_copy_us=8426 patch_us=2422 byte_swap_us=6 staging_us=3996 event_submit_us=17730 event_complete_us=20872 frame_us=33942 tear_edge_observed=1 frame_reused=1 pass=1
[18:19:35] TINYDRAW_PANSEQ_FRAME zoom=100 step=23 dx=-72 dy=-54 scroll_us=7 exposed_compose_us=11354 chrome_us=2400 tear_wait_us=5821 present_us=16623 prepare_us=10798 acquire_wait_us=18 ring_copy_us=8373 patch_us=2416 byte_swap_us=9 staging_us=4041 event_submit_us=17301 event_complete_us=20429 frame_us=33931 tear_edge_observed=1 frame_reused=1 pass=1
[18:19:35] TINYDRAW_PANSEQ_STRIP zoom=100 strip=0 panel_y=0 rows=44 samples=24 staging_mean_us=1344 staging_max_us=1368 wire_budget_us=1619 over_budget_us=0 pass=1
[18:19:35] TINYDRAW_PANSEQ_STRIP zoom=100 strip=1 panel_y=44 rows=44 samples=24 staging_mean_us=1231 staging_max_us=1255 wire_budget_us=1619 over_budget_us=0 pass=1
[18:19:35] TINYDRAW_PANSEQ_STRIP zoom=100 strip=2 panel_y=88 rows=44 samples=24 staging_mean_us=1196 staging_max_us=1209 wire_budget_us=1619 over_budget_us=0 pass=1
[18:19:35] TINYDRAW_PANSEQ_STRIP zoom=100 strip=3 panel_y=132 rows=44 samples=24 staging_mean_us=1186 staging_max_us=1202 wire_budget_us=1619 over_budget_us=0 pass=1
[18:19:35] TINYDRAW_PANSEQ_STRIP zoom=100 strip=4 panel_y=176 rows=44 samples=24 staging_mean_us=1190 staging_max_us=1200 wire_budget_us=1619 over_budget_us=0 pass=1
[18:19:35] TINYDRAW_PANSEQ_STRIP zoom=100 strip=5 panel_y=220 rows=44 samples=24 staging_mean_us=1222 staging_max_us=1234 wire_budget_us=1619 over_budget_us=0 pass=1
[18:19:35] TINYDRAW_PANSEQ_STRIP zoom=100 strip=6 panel_y=264 rows=44 samples=24 staging_mean_us=1405 staging_max_us=1433 wire_budget_us=1619 over_budget_us=0 pass=1
[18:19:35] TINYDRAW_PANSEQ_STRIP zoom=100 strip=7 panel_y=308 rows=44 samples=24 staging_mean_us=1391 staging_max_us=1411 wire_budget_us=1619 over_budget_us=0 pass=1
[18:19:35] TINYDRAW_PANSEQ_STRIP zoom=100 strip=8 panel_y=352 rows=20 samples=24 staging_mean_us=663 staging_max_us=689 wire_budget_us=736 over_budget_us=0 pass=1
[18:19:35] TINYDRAW_GATE1_PANSEQ zoom=100 frames=24 scroll_avg_us=7 exposed_avg_us=6619 chrome_avg_us=2415 tear_wait_avg_us=10306 present_avg_us=16292 prepare_avg_us=10813 acquire_wait_avg_us=19 ring_copy_avg_us=8380 patch_avg_us=2424 byte_swap_avg_us=8 staging_avg_us=4051 frame_avg_us=33354 frame_p50_us=33931 frame_p95_us=33942 frame_max_us=33947 complete_p50_us=20361 complete_p95_us=20866 complete_max_us=20872 tear_edge_failures=0 presentation_experiment=boundary-top-sweep te_edge=rising requested_clock_mhz=50 effective_clock_mhz=40 chrome_bottom_redraws=0 chrome_battery_redraws=0 chrome_zoom_redraws=0 chrome_minimap_base_redraws=0 strip_samples=216 staging_mean_us=1203 staging_max_us=1433 worst_strip=8 worst_strip_y=352 worst_wire_budget_us=736 worst_headroom_us=47 staging_invariant=1 pacing_pass=1 all_reused=1 pass=1
[18:19:36] TINYDRAW_PANSEQ_FRAME zoom=400 step=0 dx=24 dy=18 scroll_us=11 exposed_compose_us=4341 chrome_us=2232 tear_wait_us=8395 present_us=16092 prepare_us=10656 acquire_wait_us=18 ring_copy_us=8410 patch_us=2237 byte_swap_us=9 staging_us=4227 event_submit_us=12879 event_complete_us=16055 frame_us=28977 tear_edge_observed=1 frame_reused=1 pass=1
[18:19:36] TINYDRAW_PANSEQ_FRAME zoom=400 step=1 dx=24 dy=18 scroll_us=6 exposed_compose_us=4407 chrome_us=2227 tear_wait_us=12886 present_us=16495 prepare_us=10623 acquire_wait_us=19 ring_copy_us=8384 patch_us=2231 byte_swap_us=8 staging_us=4263 event_submit_us=17424 event_complete_us=20602 frame_us=33922 tear_edge_observed=1 frame_reused=1 pass=1
[18:19:36] TINYDRAW_PANSEQ_FRAME zoom=400 step=2 dx=24 dy=18 scroll_us=8 exposed_compose_us=4111 chrome_us=2243 tear_wait_us=12800 present_us=15894 prepare_us=10709 acquire_wait_us=19 ring_copy_us=8446 patch_us=2255 byte_swap_us=8 staging_us=4178 event_submit_us=17037 event_complete_us=20213 frame_us=32941 tear_edge_observed=1 frame_reused=1 pass=1
[18:19:36] TINYDRAW_PANSEQ_FRAME zoom=400 step=3 dx=24 dy=18 scroll_us=6 exposed_compose_us=4605 chrome_us=2250 tear_wait_us=12894 present_us=16300 prepare_us=10689 acquire_wait_us=20 ring_copy_us=8411 patch_us=2261 byte_swap_us=17 staging_us=4190 event_submit_us=17629 event_complete_us=20794 frame_us=33931 tear_edge_observed=1 frame_reused=1 pass=1
[18:19:36] TINYDRAW_PANSEQ_FRAME zoom=400 step=4 dx=24 dy=18 scroll_us=8 exposed_compose_us=4160 chrome_us=2236 tear_wait_us=12944 present_us=16701 prepare_us=10704 acquire_wait_us=19 ring_copy_us=8449 patch_us=2247 byte_swap_us=8 staging_us=4185 event_submit_us=17230 event_complete_us=20413 frame_us=33941 tear_edge_observed=1 frame_reused=1 pass=1
[18:19:37] TINYDRAW_PANSEQ_FRAME zoom=400 step=5 dx=24 dy=18 scroll_us=7 exposed_compose_us=4422 chrome_us=2226 tear_wait_us=12292 present_us=16079 prepare_us=10606 acquire_wait_us=18 ring_copy_us=8359 patch_us=2238 byte_swap_us=9 staging_us=4251 event_submit_us=16836 event_complete_us=19982 frame_us=32924 tear_edge_observed=1 frame_reused=1 pass=1
[18:19:37] TINYDRAW_PANSEQ_FRAME zoom=400 step=6 dx=24 dy=18 scroll_us=8 exposed_compose_us=4066 chrome_us=2220 tear_wait_us=13260 present_us=16477 prepare_us=10633 acquire_wait_us=20 ring_copy_us=8395 patch_us=2230 byte_swap_us=8 staging_us=4263 event_submit_us=17455 event_complete_us=20634 frame_us=33941 tear_edge_observed=1 frame_reused=1 pass=1
[18:19:37] TINYDRAW_PANSEQ_FRAME zoom=400 step=7 dx=24 dy=18 scroll_us=6 exposed_compose_us=4405 chrome_us=2267 tear_wait_us=12523 present_us=15872 prepare_us=10661 acquire_wait_us=19 ring_copy_us=8378 patch_us=2274 byte_swap_us=9 staging_us=4197 event_submit_us=17050 event_complete_us=20193 frame_us=32931 tear_edge_observed=1 frame_reused=1 pass=1
[18:19:37] TINYDRAW_PANSEQ_FRAME zoom=400 step=8 dx=24 dy=18 scroll_us=8 exposed_compose_us=4368 chrome_us=2254 tear_wait_us=13171 present_us=16266 prepare_us=10716 acquire_wait_us=19 ring_copy_us=8446 patch_us=2262 byte_swap_us=8 staging_us=4173 event_submit_us=17675 event_complete_us=20842 frame_us=33941 tear_edge_observed=1 frame_reused=1 pass=1
[18:19:37] TINYDRAW_PANSEQ_FRAME zoom=400 step=9 dx=24 dy=18 scroll_us=6 exposed_compose_us=4405 chrome_us=2225 tear_wait_us=12736 present_us=16659 prepare_us=10659 acquire_wait_us=18 ring_copy_us=8412 patch_us=2240 byte_swap_us=7 staging_us=4211 event_submit_us=17262 event_complete_us=20421 frame_us=33931 tear_edge_observed=1 frame_reused=1 pass=1
[18:19:37] TINYDRAW_PANSEQ_FRAME zoom=400 step=10 dx=24 dy=18 scroll_us=7 exposed_compose_us=4104 chrome_us=2232 tear_wait_us=12636 present_us=16059 prepare_us=10664 acquire_wait_us=20 ring_copy_us=8411 patch_us=2244 byte_swap_us=9 staging_us=4224 event_submit_us=16872 event_complete_us=20050 frame_us=32941 tear_edge_observed=1 frame_reused=1 pass=1
[18:19:37] TINYDRAW_PANSEQ_FRAME zoom=400 step=11 dx=24 dy=18 scroll_us=6 exposed_compose_us=4626 chrome_us=2227 tear_wait_us=12709 present_us=16459 prepare_us=10595 acquire_wait_us=19 ring_copy_us=8352 patch_us=2234 byte_swap_us=9 staging_us=4288 event_submit_us=17462 event_complete_us=20639 frame_us=33931 tear_edge_observed=1 frame_reused=1 pass=1
[18:19:37] TINYDRAW_PANSEQ_FRAME zoom=400 step=12 dx=24 dy=18 scroll_us=8 exposed_compose_us=4148 chrome_us=2233 tear_wait_us=12802 present_us=15857 prepare_us=10687 acquire_wait_us=19 ring_copy_us=8434 patch_us=2244 byte_swap_us=9 staging_us=4207 event_submit_us=17074 event_complete_us=20238 frame_us=32941 tear_edge_observed=1 frame_reused=1 pass=1
[18:19:37] TINYDRAW_PANSEQ_FRAME zoom=400 step=13 dx=24 dy=18 scroll_us=6 exposed_compose_us=4424 chrome_us=2251 tear_wait_us=13105 present_us=16275 prepare_us=10665 acquire_wait_us=18 ring_copy_us=8392 patch_us=2265 byte_swap_us=8 staging_us=4209 event_submit_us=17656 event_complete_us=20810 frame_us=33931 tear_edge_observed=1 frame_reused=1 pass=1
[18:19:37] TINYDRAW_PANSEQ_FRAME zoom=400 step=14 dx=24 dy=18 scroll_us=8 exposed_compose_us=4115 chrome_us=2234 tear_wait_us=13011 present_us=16680 prepare_us=10723 acquire_wait_us=18 ring_copy_us=8471 patch_us=2246 byte_swap_us=6 staging_us=4172 event_submit_us=17251 event_complete_us=20435 frame_us=33941 tear_edge_observed=1 frame_reused=1 pass=1
[18:19:37] TINYDRAW_PANSEQ_FRAME zoom=400 step=15 dx=24 dy=18 scroll_us=6 exposed_compose_us=4449 chrome_us=2240 tear_wait_us=12254 present_us=16091 prepare_us=10616 acquire_wait_us=19 ring_copy_us=8360 patch_us=2249 byte_swap_us=7 staging_us=4240 event_submit_us=16825 event_complete_us=19975 frame_us=32925 tear_edge_observed=1 frame_reused=1 pass=1
[18:19:37] TINYDRAW_PANSEQ_FRAME zoom=400 step=16 dx=72 dy=54 scroll_us=8 exposed_compose_us=11686 chrome_us=2223 tear_wait_us=5628 present_us=16493 prepare_us=10618 acquire_wait_us=19 ring_copy_us=8378 patch_us=2232 byte_swap_us=8 staging_us=4242 event_submit_us=17439 event_complete_us=20594 frame_us=33941 tear_edge_observed=1 frame_reused=1 pass=1
[18:19:37] TINYDRAW_PANSEQ_FRAME zoom=400 step=17 dx=72 dy=54 scroll_us=6 exposed_compose_us=11488 chrome_us=2250 tear_wait_us=5411 present_us=15900 prepare_us=10653 acquire_wait_us=18 ring_copy_us=8381 patch_us=2263 byte_swap_us=9 staging_us=4209 event_submit_us=17021 event_complete_us=20173 frame_us=32931 tear_edge_observed=1 frame_reused=1 pass=1
[18:19:37] TINYDRAW_PANSEQ_FRAME zoom=400 step=18 dx=72 dy=54 scroll_us=8 exposed_compose_us=11395 chrome_us=2259 tear_wait_us=6114 present_us=16297 prepare_us=10693 acquire_wait_us=19 ring_copy_us=8417 patch_us=2269 byte_swap_us=7 staging_us=4173 event_submit_us=17644 event_complete_us=20793 frame_us=33941 tear_edge_observed=1 frame_reused=1 pass=1
[18:19:37] TINYDRAW_PANSEQ_FRAME zoom=400 step=19 dx=72 dy=54 scroll_us=6 exposed_compose_us=11605 chrome_us=2224 tear_wait_us=5512 present_us=16683 prepare_us=10639 acquire_wait_us=18 ring_copy_us=8384 patch_us=2237 byte_swap_us=18 staging_us=4218 event_submit_us=17238 event_complete_us=20398 frame_us=33931 tear_edge_observed=1 frame_reused=1 pass=1
[18:19:37] TINYDRAW_PANSEQ_FRAME zoom=400 step=20 dx=-72 dy=-54 scroll_us=7 exposed_compose_us=11755 chrome_us=2221 tear_wait_us=4970 present_us=16075 prepare_us=10619 acquire_wait_us=18 ring_copy_us=8378 patch_us=2232 byte_swap_us=9 staging_us=4230 event_submit_us=16856 event_complete_us=19992 frame_us=32941 tear_edge_observed=1 frame_reused=1 pass=1
[18:19:37] TINYDRAW_PANSEQ_FRAME zoom=400 step=21 dx=-72 dy=-54 scroll_us=6 exposed_compose_us=11658 chrome_us=2227 tear_wait_us=5664 present_us=16478 prepare_us=10584 acquire_wait_us=18 ring_copy_us=8343 patch_us=2235 byte_swap_us=6 staging_us=4269 event_submit_us=17443 event_complete_us=20586 frame_us=33931 tear_edge_observed=1 frame_reused=1 pass=1
[18:19:37] TINYDRAW_PANSEQ_FRAME zoom=400 step=22 dx=-72 dy=-54 scroll_us=8 exposed_compose_us=11702 chrome_us=2250 tear_wait_us=5217 present_us=15887 prepare_us=10692 acquire_wait_us=19 ring_copy_us=8419 patch_us=2264 byte_swap_us=9 staging_us=4161 event_submit_us=17044 event_complete_us=20185 frame_us=32941 tear_edge_observed=1 frame_reused=1 pass=1
[18:19:37] TINYDRAW_PANSEQ_FRAME zoom=400 step=23 dx=-72 dy=-54 scroll_us=6 exposed_compose_us=11361 chrome_us=2253 tear_wait_us=6153 present_us=16283 prepare_us=10649 acquire_wait_us=19 ring_copy_us=8380 patch_us=2260 byte_swap_us=9 staging_us=4210 event_submit_us=17649 event_complete_us=20791 frame_us=33931 tear_edge_observed=1 frame_reused=1 pass=1
[18:19:37] TINYDRAW_PANSEQ_STRIP zoom=400 strip=0 panel_y=0 rows=44 samples=24 staging_mean_us=1351 staging_max_us=1381 wire_budget_us=1619 over_budget_us=0 pass=1
[18:19:37] TINYDRAW_PANSEQ_STRIP zoom=400 strip=1 panel_y=44 rows=44 samples=24 staging_mean_us=1232 staging_max_us=1245 wire_budget_us=1619 over_budget_us=0 pass=1
[18:19:37] TINYDRAW_PANSEQ_STRIP zoom=400 strip=2 panel_y=88 rows=44 samples=24 staging_mean_us=1198 staging_max_us=1208 wire_budget_us=1619 over_budget_us=0 pass=1
[18:19:37] TINYDRAW_PANSEQ_STRIP zoom=400 strip=3 panel_y=132 rows=44 samples=24 staging_mean_us=1188 staging_max_us=1205 wire_budget_us=1619 over_budget_us=0 pass=1
[18:19:37] TINYDRAW_PANSEQ_STRIP zoom=400 strip=4 panel_y=176 rows=44 samples=24 staging_mean_us=1191 staging_max_us=1203 wire_budget_us=1619 over_budget_us=0 pass=1
[18:19:37] TINYDRAW_PANSEQ_STRIP zoom=400 strip=5 panel_y=220 rows=44 samples=24 staging_mean_us=1181 staging_max_us=1200 wire_budget_us=1619 over_budget_us=0 pass=1
[18:19:37] TINYDRAW_PANSEQ_STRIP zoom=400 strip=6 panel_y=264 rows=44 samples=24 staging_mean_us=1363 staging_max_us=1374 wire_budget_us=1619 over_budget_us=0 pass=1
[18:19:37] TINYDRAW_PANSEQ_STRIP zoom=400 strip=7 panel_y=308 rows=44 samples=24 staging_mean_us=1352 staging_max_us=1372 wire_budget_us=1619 over_budget_us=0 pass=1
[18:19:37] TINYDRAW_PANSEQ_STRIP zoom=400 strip=8 panel_y=352 rows=20 samples=24 staging_mean_us=615 staging_max_us=651 wire_budget_us=736 over_budget_us=0 pass=1
[18:19:37] TINYDRAW_GATE1_PANSEQ zoom=400 frames=24 scroll_avg_us=7 exposed_avg_us=6741 chrome_avg_us=2237 tear_wait_avg_us=10211 present_avg_us=16264 prepare_avg_us=10656 acquire_wait_avg_us=18 ring_copy_avg_us=8399 patch_avg_us=2247 byte_swap_avg_us=8 staging_avg_us=4216 frame_avg_us=33353 frame_p50_us=33931 frame_p95_us=33941 frame_max_us=33941 complete_p50_us=20413 complete_p95_us=20810 complete_max_us=20842 tear_edge_failures=0 presentation_experiment=boundary-top-sweep te_edge=rising requested_clock_mhz=50 effective_clock_mhz=40 chrome_bottom_redraws=0 chrome_battery_redraws=0 chrome_zoom_redraws=0 chrome_minimap_base_redraws=0 strip_samples=216 staging_mean_us=1186 staging_max_us=1381 worst_strip=8 worst_strip_y=352 worst_wire_budget_us=736 worst_headroom_us=85 staging_invariant=1 pacing_pass=1 all_reused=1 pass=1
[18:19:38] TINYDRAW_GATE1_PAN_BOUNDARY zoom=100 slow_1px_trace=1 below_delta=94 below_reused=1 at_delta=96 at_reused=1 above_delta=98 above_fallback=1 pass=1
[18:19:38] TINYDRAW_GATE1_PAN_BOUNDARY zoom=400 slow_1px_trace=1 below_delta=94 below_reused=1 at_delta=96 at_reused=1 above_delta=98 above_fallback=1 pass=1
[18:19:38] TINYDRAW_GATE1_DRAW_FILL zoom=400 revision=2930 append_us=1389 poll_gap_us=94 event_submit_us=208 event_complete_us=2139 max_compute_slice_us=5447 max_display_slice_us=17245 fill_us=225029 revision_restarted=1 pass=1
[18:19:39] TINYDRAW_GATE1_CACHE_FILL zoom=50 x=63 y=63 published=56 total_us=586964 within_cold_gate=0 complete=1
[18:19:40] TINYDRAW_GATE1_CACHE_FILL zoom=100 x=63 y=63 published=56 total_us=473962 within_cold_gate=1 complete=1
[18:19:40] TINYDRAW_GATE1_CACHE_FILL zoom=200 x=63 y=63 published=56 total_us=334962 within_cold_gate=1 complete=1
[18:19:40] TINYDRAW_GATE1_CACHE_FILL zoom=400 x=63 y=63 published=56 total_us=276960 within_cold_gate=1 complete=1
[18:19:40] TINYDRAW_GATE1_CACHE_REVISIT zoom=50 remaining=0 tile_pixels=118128 fallback_pixels=0 compose_us=15946 complete_us=20344 hit=1
[18:19:40] TINYDRAW_GATE1_CACHE_REVISIT zoom=100 remaining=0 tile_pixels=164864 fallback_pixels=0 compose_us=18345 complete_us=20928 hit=1
[18:19:40] TINYDRAW_GATE1_CACHE_REVISIT zoom=200 remaining=0 tile_pixels=164864 fallback_pixels=0 compose_us=18366 complete_us=20522 hit=1
[18:19:40] TINYDRAW_GATE1_CACHE_REVISIT zoom=400 remaining=0 tile_pixels=164608 fallback_pixels=0 compose_us=18378 complete_us=21097 hit=1
[18:19:41] TINYDRAW_GATE1_CACHE_FILL zoom=400 x=575 y=575 published=56 total_us=294962 within_cold_gate=1 complete=1
[18:19:41] TINYDRAW_GATE1_CACHE_ROUND_TRIP zoom=50 from_x=63 from_y=63 via_x=575 via_y=575 remaining=0 tile_pixels=118128 fallback_pixels=0 compose_us=16001 complete_us=20444 hit=1
[18:19:41] TINYDRAW_GATE1_CACHE_ROUND_TRIP zoom=100 from_x=63 from_y=63 via_x=575 via_y=575 remaining=0 tile_pixels=164864 fallback_pixels=0 compose_us=18367 complete_us=21004 hit=1
[18:19:41] TINYDRAW_GATE1_CACHE_ROUND_TRIP zoom=200 from_x=63 from_y=63 via_x=575 via_y=575 remaining=0 tile_pixels=164864 fallback_pixels=0 compose_us=18387 complete_us=20541 hit=1
[18:19:41] TINYDRAW_GATE1_CACHE_ROUND_TRIP zoom=400 from_x=63 from_y=63 via_x=575 via_y=575 remaining=0 tile_pixels=164608 fallback_pixels=0 compose_us=18386 complete_us=21077 hit=1
[18:19:41] TINYDRAW_GATE1_CACHE_RETENTION pass=1 slots=448 revision=2930
[18:19:42] TINYDRAW_PAPER_SWEEP zoom=100 identities=644 raw=266 uniform=378 fallback=0 slots=448 total_us=1312249 pass=1
[18:19:42] TINYDRAW_RERENDER_LEDGER_RESET site=cache_tour_start
[18:19:45] TINYDRAW_GATE1_CACHE_TOUR slots=448 stops=16 forward_steps=2162 forward_tiles=832 forward_wall_us=1328184 return_missing_tiles=0 return_steps=16 return_tiles=0 return_wall_us=5788 home_missing=0 home_fallback_pixels=0 pass=1
[18:19:45] TINYDRAW_RERENDER_LEDGER site=cache_tour renders=137 unique=137 amplification=1.000 cold=137 damage=0 evict=0 stale=0 unexplained=0
[18:19:46] TINYDRAW_GATE1_MIXED_DRAW_WARM zoom=50 fill_tiles=56 fill_us=513846 raw=42 uniform=14
[18:19:46] TINYDRAW_GATE1_MIXED_DRAW_WARM zoom=100 fill_tiles=56 fill_us=398269 raw=56 uniform=0
[18:19:47] TINYDRAW_GATE1_MIXED_DRAW_WARM zoom=200 fill_tiles=56 fill_us=307339 raw=56 uniform=0
[18:19:47] TINYDRAW_GATE1_MIXED_DRAW_WARM zoom=400 fill_tiles=42 fill_us=196543 raw=42 uniform=0
[18:19:48] TINYDRAW_GATE1_MIXED_DRAW zoom=25 tool=pen chunks=50 append_max_us=13112 append_avg_us=11778 append_total_us=588946 affected_tiles=196 published=0 fallback=196 visible_fallback=0 ph_prepare_max_us=147 ph_overview_max_us=8899 ph_enumerate_max_us=568 ph_uniform_max_us=88 ph_raw_max_us=14 ph_commit_max_us=3579 committed=1 authority=1 refresh=1 run_ok=1 pass=1
[18:19:49] TINYDRAW_GATE1_MIXED_DRAW zoom=25 tool=eraser chunks=50 append_max_us=13206 append_avg_us=11718 append_total_us=585903 affected_tiles=0 published=0 fallback=0 visible_fallback=0 ph_prepare_max_us=147 ph_overview_max_us=9090 ph_enumerate_max_us=459 ph_uniform_max_us=7 ph_raw_max_us=5 ph_commit_max_us=3550 committed=1 authority=1 refresh=1 run_ok=1 pass=1
[18:19:51] TINYDRAW_GATE1_MIXED_DRAW zoom=50 tool=pen chunks=50 append_max_us=19193 append_avg_us=16219 append_total_us=810982 affected_tiles=422 published=400 fallback=22 visible_fallback=0 ph_prepare_max_us=177 ph_overview_max_us=3790 ph_enumerate_max_us=516 ph_uniform_max_us=5319 ph_raw_max_us=11960 ph_commit_max_us=1681 committed=1 authority=1 refresh=1 run_ok=1 pass=0
[18:19:52] TINYDRAW_GATE1_MIXED_DRAW zoom=50 tool=eraser chunks=50 append_max_us=17598 append_avg_us=15936 append_total_us=796818 affected_tiles=405 published=405 fallback=0 visible_fallback=0 ph_prepare_max_us=169 ph_overview_max_us=3789 ph_enumerate_max_us=527 ph_uniform_max_us=31 ph_raw_max_us=11931 ph_commit_max_us=1505 committed=1 authority=1 refresh=1 run_ok=1 pass=0
[18:19:54] TINYDRAW_GATE1_MIXED_DRAW zoom=100 tool=pen chunks=50 append_max_us=15699 append_avg_us=13670 append_total_us=683549 affected_tiles=450 published=398 fallback=52 visible_fallback=0 ph_prepare_max_us=177 ph_overview_max_us=1967 ph_enumerate_max_us=525 ph_uniform_max_us=4339 ph_raw_max_us=11953 ph_commit_max_us=1043 committed=1 authority=1 refresh=1 run_ok=1 pass=0
[18:19:55] TINYDRAW_GATE1_MIXED_DRAW zoom=100 tool=eraser chunks=50 append_max_us=15048 append_avg_us=13435 append_total_us=671793 affected_tiles=399 published=399 fallback=0 visible_fallback=0 ph_prepare_max_us=171 ph_overview_max_us=1898 ph_enumerate_max_us=499 ph_uniform_max_us=27 ph_raw_max_us=11987 ph_commit_max_us=846 committed=1 authority=1 refresh=1 run_ok=1 pass=0
[18:19:57] TINYDRAW_GATE1_MIXED_DRAW zoom=200 tool=pen chunks=50 append_max_us=15126 append_avg_us=12647 append_total_us=632380 affected_tiles=425 published=389 fallback=36 visible_fallback=0 ph_prepare_max_us=180 ph_overview_max_us=1049 ph_enumerate_max_us=545 ph_uniform_max_us=4477 ph_raw_max_us=12081 ph_commit_max_us=883 committed=1 authority=1 refresh=1 run_ok=1 pass=0
[18:19:57] TINYDRAW_GATE1_MIXED_DRAW zoom=200 tool=eraser chunks=50 append_max_us=14158 append_avg_us=12354 append_total_us=617736 affected_tiles=388 published=388 fallback=0 visible_fallback=0 ph_prepare_max_us=170 ph_overview_max_us=1066 ph_enumerate_max_us=574 ph_uniform_max_us=29 ph_raw_max_us=11998 ph_commit_max_us=738 committed=1 authority=1 refresh=1 run_ok=1 pass=1
[18:19:59] TINYDRAW_GATE1_MIXED_DRAW zoom=400 tool=pen chunks=50 append_max_us=14204 append_avg_us=11717 append_total_us=585880 affected_tiles=359 published=334 fallback=25 visible_fallback=0 ph_prepare_max_us=168 ph_overview_max_us=712 ph_enumerate_max_us=621 ph_uniform_max_us=3326 ph_raw_max_us=11470 ph_commit_max_us=815 committed=1 authority=1 refresh=1 run_ok=1 pass=1
[18:20:00] TINYDRAW_GATE1_MIXED_DRAW zoom=400 tool=eraser chunks=50 append_max_us=13306 append_avg_us=11585 append_total_us=579278 affected_tiles=350 published=350 fallback=0 visible_fallback=0 ph_prepare_max_us=169 ph_overview_max_us=704 ph_enumerate_max_us=610 ph_uniform_max_us=31 ph_raw_max_us=11445 ph_commit_max_us=709 committed=1 authority=1 refresh=1 run_ok=1 pass=1
[18:20:00] TINYDRAW_GATE1_MIXED_DRAW_REVISIT zoom=50 missing=4 refill_tiles=4 refill_us=186034
[18:20:00] TINYDRAW_GATE1_MIXED_DRAW_REVISIT zoom=100 missing=9 refill_tiles=9 refill_us=319892
[18:20:01] TINYDRAW_GATE1_MIXED_DRAW_REVISIT zoom=200 missing=16 refill_tiles=16 refill_us=320348
[18:20:01] TINYDRAW_GATE1_MIXED_DRAW_REVISIT zoom=400 missing=0 refill_tiles=0 refill_us=313
[18:20:01] TINYDRAW_GATE1_MIXED_DRAW_SUMMARY slots=448 strokes=10 worst_append_us=19193 pass=0
[18:20:07] TINYDRAW_GATE1_IDLE_REPAIR damaged=588 remaining=0 plan_views=24 steps=4378 repair_us=3824359 worst_step_us=5371 warm_tiles=56 pass=1
[18:20:07] TINYDRAW_INKTRACE trace=fast-curve-dense-25 zoom=25 events=411 consumed=373 coalesced=38 down=1/1 up=1/1 max_time_gap_us=24266 max_space_gap_px=55.33 e2c_p50=502 e2c_p95=1565 e2c_max=2768 e2g_p95=775 e2s_p95=2641 e2d_p50=2318 e2d_p95=3635 e2d_max=4382 latency_samples=33 presentation_failures=0 commit_failures=0 overflows=0 revision=3482 latency_pass=1 pass=1
[18:20:08] TINYDRAW_INKTRACE trace=fast-curve-400 zoom=400 events=414 consumed=380 coalesced=34 down=1/1 up=1/1 max_time_gap_us=9227 max_space_gap_px=65.51 e2c_p50=501 e2c_p95=570 e2c_max=1571 e2g_p95=776 e2s_p95=2653 e2d_p50=2438 e2d_p95=3948 e2d_max=3970 latency_samples=33 presentation_failures=0 commit_failures=0 overflows=0 revision=3484 latency_pass=1 pass=1
[18:20:10] TINYDRAW_INKTRACE trace=fast-curve-400-xl zoom=400 events=2296 consumed=1931 coalesced=365 down=1/1 up=1/1 max_time_gap_us=12696 max_space_gap_px=47.85 e2c_p50=501 e2c_p95=567 e2c_max=1572 e2g_p95=781 e2s_p95=2995 e2d_p50=3268 e2d_p95=4567 e2d_max=8121 latency_samples=172 presentation_failures=0 commit_failures=0 overflows=0 revision=3490 latency_pass=1 pass=1
[18:20:11] TINYDRAW_INKTRACE trace=slow-precise-100 zoom=100 events=741 consumed=698 coalesced=43 down=1/1 up=1/1 max_time_gap_us=8474 max_space_gap_px=13.45 e2c_p50=502 e2c_p95=1045 e2c_max=1573 e2g_p95=775 e2s_p95=1782 e2d_p50=1949 e2d_p95=2252 e2d_max=2292 latency_samples=53 presentation_failures=0 commit_failures=0 overflows=0 revision=3492 latency_pass=1 pass=1
[18:20:14] TINYDRAW_INKTRACE trace=scribble-multistroke zoom=100 events=848 consumed=730 coalesced=118 down=7/7 up=7/7 max_time_gap_us=6070 max_space_gap_px=109.46 e2c_p50=502 e2c_p95=570 e2c_max=1573 e2g_p95=776 e2s_p95=3458 e2d_p50=3111 e2d_p95=5265 e2d_max=6310 latency_samples=55 presentation_failures=0 commit_failures=0 overflows=0 revision=3499 latency_pass=1 pass=1
[18:20:15] TINYDRAW_HAIRLINE_DOC ops=782 samples=8061 append_total_us=1051385 append_max_us=7193
[18:20:16] TINYDRAW_GATE1_PACED_COLD corpus=evil_hairlines_capacity zoom=100 x=552 y=672 steps=239 tiles=56 compute_us=228111 present_us=75273 touch_us=432 pacing_us=9153 wall_us=312969 maximum_wall_us=500000 max_tick_us=8922 touch_samples=45591 touch_interval_max_us=2061 touch_read_max_us=600 touch_events=0 touch_down=0 touch_up=0 touch_events_ge_8ms=0 touch_event_age_max_us=0 touch_errors=0 touch_overflows=0 pass=1
[18:20:16] TINYDRAW_GATE1_PACED_COLD corpus=evil_hairlines_capacity zoom=400 x=2760 y=3360 steps=212 tiles=48 compute_us=133005 present_us=73011 touch_us=330 pacing_us=6604 wall_us=212950 maximum_wall_us=500000 max_tick_us=8688 touch_samples=287 touch_interval_max_us=1184 touch_read_max_us=460 touch_events=0 touch_down=0 touch_up=0 touch_events_ge_8ms=0 touch_event_age_max_us=0 touch_errors=0 touch_overflows=0 pass=1
[18:20:18] TINYDRAW_HAIRLINE_REPAIR steps=2372 wall_us=2142887 worst_step_us=4632 resident=407/448 grid_stopped=1 pass2_steps=8 pass2_wall_us=2195 no_churn=1
[18:20:20] TINYDRAW_HAIRLINE_TOUR stops=8 total_us=902693 worst_stop_us=195708 worst_step_us=6477
[18:20:20] TINYDRAW_GATE1_HAIRLINE raw=339 uniform=72 fallback=233 capacity=448 worst_step_us=6477 grid_stopped=1 pass=1
[18:20:22] TINYDRAW_GATE1_LONG_GESTURE path=reference samples=1600 chunks=26 append_total_us=917840 append_max_us=43281 append_avg_us=35301 refresh_fallback_pixels=0 settled_fallback_pixels=0 committed=1 authority=1 refresh=1 run_ok=1
[18:20:22] TINYDRAW_GATE1_LONG_GESTURE path=in_place samples=1600 chunks=52 append_total_us=590501 append_max_us=13810 append_avg_us=11355 refresh_fallback_pixels=0 settled_fallback_pixels=0 committed=1 authority=1 refresh=1 run_ok=1
[18:20:22] TINYDRAW_V2_EXPORT_PROGRESS row=0 of=1792
[18:20:22] TINYDRAW_V2_EXPORT_PROGRESS row=256 of=1792
[18:20:23] TINYDRAW_V2_EXPORT_PROGRESS row=512 of=1792
[18:20:24] TINYDRAW_V2_EXPORT_PROGRESS row=768 of=1792
[18:20:25] TINYDRAW_V2_EXPORT_PROGRESS row=1024 of=1792
[18:20:26] TINYDRAW_V2_EXPORT_PROGRESS row=1280 of=1792
[18:20:26] TINYDRAW_V2_EXPORT_PROGRESS row=1536 of=1792
[18:20:28] TINYDRAW_GATE1_EXPORT encoded=1 bytes=40166 elapsed_us=5847998 workspace_bytes=50652 band_bytes=376832 free_psram=1859920 free_internal=179664 signature=1 dimensions=1 chunks=3 chunks_ok=1 pass=1
[18:20:28] TINYDRAW_EXPORT_RESERVE requested=1572864 free_before=1859920 largest_before=1835008 free_held=287052 largest_held=286720 pass=1
[18:20:28] TINYDRAW_RERENDER_LEDGER site=final renders=0 unique=0 amplification=0.000 cold=0 damage=0 evict=0 stale=0 unexplained=0
[18:20:28] TINYDRAW_GATE1_AUTOMATED_DONE stress=1 stress_100=1 stress_400=1 overlap_ready=1 overlap_cold=0 general_cold_ready=1 general_cold=0 workload=1 paced_cold=1 hard_100=1 hard_400=1 pan_100=1 pan_400=1 pan_seq=1 pan_boundary=1 live_overlay=1 draw_fill=1 cache=1 full_world_cache=1 cache_tour=1 mixed_draw=0 idle_repair=1 ink_trace=1 hairline_capacity=1 long_gesture=1 export_encode=1 export_reserve=1 return=1 ssaa_receipt=yellow
[18:20:28] TINYDRAW_VECTOR_V2_GATE_HARNESS_DONE pass=0
[18:20:28] I (67964) main_task: Returned from app_main()
