[17:02:09] ESP-ROM:esp32s3-20210327
[17:02:09] Build:Mar 27 2021
[17:02:09] rst:0x15 (USB_UART_CHIP_RESET),boot:0x2b (SPI_FAST_FLASH_BOOT)
[17:02:09] Saved PC:0x4037b802
[17:02:09] SPIWP:0xee
[17:02:09] mode:DIO, clock div:1
[17:02:09] load:0x3fce2820,len:0x1664
[17:02:09] load:0x403c8700,len:0xf38
[17:02:09] load:0x403cb700,len:0x31e8
[17:02:09] entry 0x403c8930
[17:02:09] I (24) boot: ESP-IDF v6.0.2 2nd stage bootloader
[17:02:09] I (24) boot: compile time Aug 16 2026 17:00:38
[17:02:09] I (25) boot: Multicore bootloader
[17:02:09] I (25) boot: chip revision: v0.2
[17:02:09] I (28) boot: efuse block revision: v1.3
[17:02:09] I (31) qio_mode: Enabling default flash chip QIO
[17:02:09] I (36) boot.esp32s3: Boot SPI Speed : 80MHz
[17:02:09] I (39) boot.esp32s3: SPI Mode       : QIO
[17:02:09] I (43) boot.esp32s3: SPI Flash Size : 16MB
[17:02:09] I (47) boot: Enabling RNG early entropy source...
[17:02:09] I (51) boot: Partition Table:
[17:02:09] I (54) boot: ## Label            Usage          Type ST Offset   Length
[17:02:09] I (60) boot:  0 nvs              WiFi data        01 02 00009000 00006000
[17:02:09] I (67) boot:  1 phy_init         RF data          01 01 0000f000 00001000
[17:02:09] I (73) boot:  2 factory          factory app      00 00 00010000 00100000
[17:02:09] I (80) boot:  3 drawing          Unknown data     01 40 00110000 00300000
[17:02:09] I (86) boot:  4 export           Unknown data     01 41 00410000 00500000
[17:02:09] I (93) boot:  5 coredump         Unknown data     01 03 00910000 00010000
[17:02:09] I (100) boot: End of partition table
[17:02:09] I (103) esp_image: segment 0: paddr=00010020 vaddr=3c050020 size=2be0ch (179724) map
[17:02:09] I (138) esp_image: segment 1: paddr=0003be34 vaddr=3fc94500 size=03764h ( 14180) load
[17:02:09] I (141) esp_image: segment 2: paddr=0003f5a0 vaddr=40374000 size=00a78h (  2680) load
[17:02:09] I (143) esp_image: segment 3: paddr=00040020 vaddr=42000020 size=4ecach (322732) map
[17:02:09] I (199) esp_image: segment 4: paddr=0008ecd4 vaddr=40374a78 size=0fa48h ( 64072) load
[17:02:09] I (213) esp_image: segment 5: paddr=0009e724 vaddr=50000000 size=00024h (    36) load
[17:02:09] I (220) boot: Loaded app from partition at offset 0x10000
[17:02:09] I (220) boot: Disabling RNG early entropy source...
[17:02:09] I (230) octal_psram: vendor id    : 0x0d (AP)
[17:02:09] I (231) octal_psram: dev id       : 0x02 (generation 3)
[17:02:09] I (231) octal_psram: density      : 0x03 (64 Mbit)
[17:02:09] I (233) octal_psram: good-die     : 0x01 (Pass)
[17:02:09] I (237) octal_psram: Latency      : 0x01 (Fixed)
[17:02:09] I (241) octal_psram: VCC          : 0x01 (3V)
[17:02:09] I (245) octal_psram: SRF          : 0x01 (Fast Refresh)
[17:02:09] I (250) octal_psram: BurstType    : 0x01 (Hybrid Wrap)
[17:02:09] I (255) octal_psram: BurstLen     : 0x01 (32 Byte)
[17:02:09] I (260) octal_psram: Readlatency  : 0x02 (10 cycles@Fixed)
[17:02:09] I (265) octal_psram: DriveStrength: 0x00 (1/1)
[17:02:09] I (269) MSPI Timing: Enter psram timing tuning
[17:02:09] I (274) esp_psram: Found 8MB PSRAM device
[17:02:09] I (277) esp_psram: Speed: 80MHz
[17:02:09] I (280) cpu_start: Multicore app
[17:02:10] I (696) esp_psram: SPI SRAM memory test OK
[17:02:10] I (704) cpu_start: GPIO 44 and 43 are used as console UART I/O pins
[17:02:10] I (705) cpu_start: Pro cpu start user code
[17:02:10] I (705) cpu_start: cpu freq: 240000000 Hz
[17:02:10] I (706) app_init: Application information:
[17:02:10] I (710) app_init: Project name:     tinydraw_esp32
[17:02:10] I (715) app_init: App version:      f2f6da7-dirty
[17:02:10] I (719) app_init: Compile time:     Aug 16 2026 17:00:30
[17:02:10] I (724) app_init: ELF file SHA256:  d6b7b3910...
[17:02:10] I (729) app_init: ESP-IDF:          v6.0.2
[17:02:10] I (732) efuse_init: Min chip rev:     v0.0
[17:02:10] I (736) efuse_init: Max chip rev:     v0.99 
[17:02:10] I (740) efuse_init: Chip rev:         v0.2
[17:02:10] I (744) heap_init: Initializing. RAM available for dynamic allocation:
[17:02:10] I (750) heap_init: At 3FC99090 len 00050680 (321 KiB): RAM
[17:02:10] I (755) heap_init: At 3FCE9710 len 00005724 (21 KiB): RAM
[17:02:10] I (761) heap_init: At 3FCF0000 len 00008000 (32 KiB): DRAM
[17:02:10] I (766) heap_init: At 600FE000 len 00001FE8 (7 KiB): RTCRAM
[17:02:10] I (771) esp_psram: Adding pool of 8192K of PSRAM memory to heap allocator
[17:02:10] I (778) spi_flash: detected chip: generic
[17:02:10] I (781) spi_flash: flash io: qio
[17:02:10] I (785) sleep_gpio: Configure to isolate all GPIO pins in sleep state
[17:02:10] I (791) sleep_gpio: Enable automatic switching of GPIO sleep configuration
[17:02:10] I (798) main_task: Started on CPU0
[17:02:10] I (801) main_task: Calling app_main()
[17:02:10] TINYDRAW_PRODUCER_SCRATCH supertask_internal=1 slot_directory_internal=0 free_internal=319136 free_psram=1861508
[17:02:10] TINYDRAW_PANEL_HARD_RESET=1
[17:02:10] TINYDRAW_PANEL_TRANSPORT requested_clock_mhz=50 effective_clock_mhz=40
[17:02:10] I (1008) co5300: version: 2.1.0
[17:02:10] I (1008) co5300_spi: LCD panel create success, version: 2.1.0
[17:02:10] W (1093) co5300_spi: The 3Ah command has been used and will be overwritten by external initialization sequence
[17:02:10] I (1194) CST816S: IC id: 183
[17:02:10] TINYDRAW_VECTOR_V2_PRESENTATION experiment=boundary-top-sweep te_edge=rising requested_clock_mhz=50 effective_clock_mhz=40 optical_acceptance=external_manual
[17:02:10] TINYDRAW_LIVE_PRESENT kind=startup zoom=25 x=0 y=0 compose_us=26533 scroll_us=0 exposed_compose_us=0 chrome_us=17606 chrome_prepare_us=12216 chrome_stage_us=5390 read_submit_us=0 read_complete_us=0 transfer_wait_us=21205 tile_pixels=0 uniform_pixels=0 overview_pixels=164864 fallback_pixels=0 resident_tiles=0 fallback_tiles=0 pushes=11 tear_wait_us=16187 tear_edge_isr_to_resume_us=10 tear_edge_observed=1 tear_edge_wait_resumed=1 tear_edge_timeout=0 tear_heal_attempted=0 tear_heal_command_sent=0 presentation_experiment=boundary-top-sweep te_edge=rising requested_clock_mhz=50 effective_clock_mhz=40 frame_reused=0 pass=1
[17:02:11] TINYDRAW_LIVE_STRESS operations=1000 samples=20000 total_us=726410 average_us=726 maximum_us=1039 free_psram=1859920 largest_psram=1835008
[17:02:11] TINYDRAW_LIVE_PRESENT kind=gate_fallback zoom=100 x=0 y=0 compose_us=11593 scroll_us=0 exposed_compose_us=0 chrome_us=11719 chrome_prepare_us=6928 chrome_stage_us=4791 read_submit_us=30790 read_complete_us=34245 transfer_wait_us=20906 tile_pixels=0 uniform_pixels=0 overview_pixels=0 fallback_pixels=164864 resident_tiles=0 fallback_tiles=42 pushes=11 tear_wait_us=12139 tear_edge_isr_to_resume_us=11 tear_edge_observed=1 tear_edge_wait_resumed=1 tear_edge_timeout=0 tear_heal_attempted=0 tear_heal_command_sent=0 presentation_experiment=boundary-top-sweep te_edge=rising requested_clock_mhz=50 effective_clock_mhz=40 frame_reused=0 pass=1
[17:02:11] TINYDRAW_GATE1_HARD zoom=100 cold=1 operations=1000 samples=20000 steps=196 tiles=42 scanned=12000 rendered=1585 max_supertask_us=6279 presentation_us=72113 total_us=267105 maximum_wall_us=500000 pass=1
[17:02:12] TINYDRAW_LIVE_PRESENT kind=gate_fallback zoom=400 x=0 y=0 compose_us=11017 scroll_us=0 exposed_compose_us=0 chrome_us=6972 chrome_prepare_us=2394 chrome_stage_us=4578 read_submit_us=28165 read_complete_us=31876 transfer_wait_us=21187 tile_pixels=0 uniform_pixels=0 overview_pixels=0 fallback_pixels=164864 resident_tiles=0 fallback_tiles=42 pushes=11 tear_wait_us=14628 tear_edge_isr_to_resume_us=18 tear_edge_observed=1 tear_edge_wait_resumed=1 tear_edge_timeout=0 tear_heal_attempted=0 tear_heal_command_sent=0 presentation_experiment=boundary-top-sweep te_edge=rising requested_clock_mhz=50 effective_clock_mhz=40 frame_reused=0 pass=1
[17:02:12] TINYDRAW_GATE1_HARD zoom=400 cold=1 operations=1000 samples=20000 steps=200 tiles=42 scanned=12000 rendered=122 max_supertask_us=4475 presentation_us=66506 total_us=159820 maximum_wall_us=500000 pass=1
[17:02:12] TINYDRAW_OVERLAP_WORKLOAD operations=8 samples=1200 radius_world=80
[17:02:13] TINYDRAW_GATE1_PACED_COLD corpus=overlap zoom=50 x=215 y=255 steps=604 tiles=56 compute_us=441930 present_us=81977 touch_us=1130 pacing_us=19344 wall_us=544381 maximum_wall_us=500000 max_tick_us=9420 touch_samples=2715 touch_interval_max_us=1960 touch_read_max_us=604 touch_events=0 touch_down=0 touch_up=0 touch_events_ge_8ms=0 touch_event_age_max_us=0 touch_errors=0 touch_overflows=0 pass=0
[17:02:13] TINYDRAW_GATE1_PACED_COLD corpus=overlap zoom=100 x=583 y=703 steps=303 tiles=48 compute_us=237330 present_us=76676 touch_us=696 pacing_us=10271 wall_us=324973 maximum_wall_us=500000 max_tick_us=9320 touch_samples=400 touch_interval_max_us=1900 touch_read_max_us=509 touch_events=0 touch_down=0 touch_up=0 touch_events_ge_8ms=0 touch_event_age_max_us=0 touch_errors=0 touch_overflows=0 pass=1
[17:02:14] TINYDRAW_GATE1_PACED_COLD corpus=overlap zoom=200 x=1319 y=1599 steps=212 tiles=56 compute_us=206587 present_us=76709 touch_us=623 pacing_us=8053 wall_us=291972 maximum_wall_us=500000 max_tick_us=9965 touch_samples=365 touch_interval_max_us=1941 touch_read_max_us=518 touch_events=0 touch_down=0 touch_up=0 touch_events_ge_8ms=0 touch_event_age_max_us=0 touch_errors=0 touch_overflows=0 pass=1
[17:02:14] TINYDRAW_GATE1_PACED_COLD corpus=overlap zoom=400 x=2791 y=3391 steps=137 tiles=56 compute_us=167017 present_us=74984 touch_us=525 pacing_us=7445 wall_us=249971 maximum_wall_us=500000 max_tick_us=8823 touch_samples=326 touch_interval_max_us=1976 touch_read_max_us=470 touch_events=0 touch_down=0 touch_up=0 touch_events_ge_8ms=0 touch_event_age_max_us=0 touch_errors=0 touch_overflows=0 pass=1
[17:02:14] TINYDRAW_ADVERSARIAL_TAPERED_WORKLOAD operations=128 samples=4096 erasers=12 load_us=214900 appended=1
[17:02:15] TINYDRAW_GENERAL_COLD_WORKLOAD operations=910 samples=12157 hairline_operations=782 hairline_samples=8061 hairline_load_us=1110032 appended=1
[17:02:16] TINYDRAW_GATE1_PACED_COLD corpus=adversarial_tapered_4x+evil_hairlines zoom=50 x=0 y=0 steps=396 tiles=42 compute_us=396296 present_us=70749 touch_us=940 pacing_us=13221 wall_us=481206 maximum_wall_us=500000 max_tick_us=8363 touch_samples=1677 touch_interval_max_us=2073 touch_read_max_us=546 touch_events=0 touch_down=0 touch_up=0 touch_events_ge_8ms=0 touch_event_age_max_us=0 touch_errors=0 touch_overflows=0 pass=1
[17:02:17] TINYDRAW_GATE1_PACED_COLD corpus=adversarial_tapered_4x+evil_hairlines zoom=100 x=0 y=0 steps=702 tiles=42 compute_us=429370 present_us=67287 touch_us=1110 pacing_us=15182 wall_us=512949 maximum_wall_us=500000 max_tick_us=8498 touch_samples=585 touch_interval_max_us=1842 touch_read_max_us=469 touch_events=0 touch_down=0 touch_up=0 touch_events_ge_8ms=0 touch_event_age_max_us=0 touch_errors=0 touch_overflows=0 pass=0
[17:02:17] TINYDRAW_GATE1_PACED_COLD corpus=adversarial_tapered_4x+evil_hairlines zoom=200 x=0 y=0 steps=1140 tiles=42 compute_us=561984 present_us=64112 touch_us=1344 pacing_us=23905 wall_us=651345 maximum_wall_us=500000 max_tick_us=7879 touch_samples=725 touch_interval_max_us=1838 touch_read_max_us=470 touch_events=0 touch_down=0 touch_up=0 touch_events_ge_8ms=0 touch_event_age_max_us=0 touch_errors=0 touch_overflows=0 pass=0
[17:02:18] TINYDRAW_GATE1_PACED_COLD corpus=adversarial_tapered_4x+evil_hairlines zoom=400 x=0 y=0 steps=1123 tiles=42 compute_us=547918 present_us=64011 touch_us=1314 pacing_us=21315 wall_us=634558 maximum_wall_us=500000 max_tick_us=8534 touch_samples=706 touch_interval_max_us=1158 touch_read_max_us=457 touch_events=0 touch_down=0 touch_up=0 touch_events_ge_8ms=0 touch_event_age_max_us=0 touch_errors=0 touch_overflows=0 pass=0
[17:02:19] TINYDRAW_GATE1_WORKLOAD kind=realistic seed=7 operations=1000 samples=19844 maximum_stroke=198 load_us=549975 raw_source=1 lod_copies=0
[17:02:19] TINYDRAW_GATE1_PACED_COLD corpus=seed7 zoom=400 x=63 y=63 steps=325 tiles=56 compute_us=204784 present_us=81484 touch_us=573 pacing_us=6107 wall_us=292948 maximum_wall_us=500000 max_tick_us=9616 touch_samples=1013 touch_interval_max_us=2009 touch_read_max_us=522 touch_events=0 touch_down=0 touch_up=0 touch_events_ge_8ms=0 touch_event_age_max_us=0 touch_errors=0 touch_overflows=0 pass=1
[17:02:19] TINYDRAW_LIVE_PRESENT kind=gate_fallback zoom=100 x=0 y=0 compose_us=11646 scroll_us=0 exposed_compose_us=0 chrome_us=7064 chrome_prepare_us=2370 chrome_stage_us=4694 read_submit_us=16495 read_complete_us=20242 transfer_wait_us=21552 tile_pixels=0 uniform_pixels=0 overview_pixels=0 fallback_pixels=164864 resident_tiles=0 fallback_tiles=42 pushes=11 tear_wait_us=2347 tear_edge_isr_to_resume_us=15 tear_edge_observed=1 tear_edge_wait_resumed=1 tear_edge_timeout=0 tear_heal_attempted=0 tear_heal_command_sent=0 presentation_experiment=boundary-top-sweep te_edge=rising requested_clock_mhz=50 effective_clock_mhz=40 frame_reused=0 pass=1
[17:02:19] TINYDRAW_GATE1_HARD zoom=100 cold=1 operations=1000 samples=19844 steps=386 tiles=42 scanned=12000 rendered=4945 max_supertask_us=5362 presentation_us=71406 total_us=398836 maximum_wall_us=500000 pass=1
[17:02:20] TINYDRAW_GATE1_OVERLAY_CANVAS regions=zoom,minimap,toolbar,battery operations=4 presentation_mutations=0 authority=1 pass=1
[17:02:20] TINYDRAW_GATE1_LIVE_OVERLAY clear_updates=48 clear_wall_max_us=3947 clear_submit_max_us=2170 clear_complete_max_us=3100 overlay_updates=48 overlay_wall_max_us=3924 overlay_submit_max_us=2054 overlay_complete_max_us=3179 overlay_chrome_max_us=238 clear_failures=0 overlay_failures=0 pass=1
[17:02:20] TINYDRAW_EDGE_INK corners=4 edge_failures=0 pass=1
[17:02:21] TINYDRAW_GATE1_PAN zoom=100 from_x=0 from_y=0 to_x=88 to_y=88 compose_us=16047 scroll_us=10 exposed_compose_us=16037 chrome_us=2559 event_submit_us=29776 event_complete_us=33105 transfer_us=16239 setup=1 present=1 moved=1 frame_reused=1 pass=1
[17:02:21] TINYDRAW_LIVE_PRESENT kind=gate_fallback zoom=400 x=0 y=0 compose_us=10963 scroll_us=0 exposed_compose_us=0 chrome_us=6963 chrome_prepare_us=2388 chrome_stage_us=4575 read_submit_us=23698 read_complete_us=27478 transfer_wait_us=20732 tile_pixels=0 uniform_pixels=0 overview_pixels=0 fallback_pixels=164864 resident_tiles=0 fallback_tiles=42 pushes=11 tear_wait_us=10208 tear_edge_isr_to_resume_us=16 tear_edge_observed=1 tear_edge_wait_resumed=1 tear_edge_timeout=0 tear_heal_attempted=0 tear_heal_command_sent=0 presentation_experiment=boundary-top-sweep te_edge=rising requested_clock_mhz=50 effective_clock_mhz=40 frame_reused=0 pass=1
[17:02:21] TINYDRAW_GATE1_HARD zoom=400 cold=1 operations=1008 samples=19852 steps=248 tiles=42 scanned=12096 rendered=551 max_supertask_us=6441 presentation_us=70417 total_us=223572 maximum_wall_us=500000 pass=1
[17:02:21] TINYDRAW_GATE1_PAN zoom=400 from_x=0 from_y=0 to_x=88 to_y=88 compose_us=16046 scroll_us=11 exposed_compose_us=16035 chrome_us=2428 event_submit_us=29235 event_complete_us=32602 transfer_us=16772 setup=1 present=1 moved=1 frame_reused=1 pass=1
[17:02:24] TINYDRAW_PANSEQ_FRAME zoom=100 step=0 dx=24 dy=18 scroll_us=10 exposed_compose_us=4551 chrome_us=2676 tear_wait_us=7752 present_us=16520 prepare_us=11406 acquire_wait_us=23 ring_copy_us=8676 patch_us=2710 byte_swap_us=20 staging_us=3563 event_submit_us=12475 event_complete_us=15794 frame_us=28973 tear_edge_observed=1 frame_reused=1 pass=1
[17:02:24] TINYDRAW_PANSEQ_FRAME zoom=100 step=1 dx=24 dy=18 scroll_us=10 exposed_compose_us=4631 chrome_us=2582 tear_wait_us=12260 present_us=16889 prepare_us=11331 acquire_wait_us=25 ring_copy_us=8685 patch_us=2625 byte_swap_us=21 staging_us=3689 event_submit_us=17022 event_complete_us=20372 frame_us=33921 tear_edge_observed=1 frame_reused=1 pass=1
[17:02:24] TINYDRAW_PANSEQ_FRAME zoom=100 step=2 dx=24 dy=18 scroll_us=10 exposed_compose_us=4234 chrome_us=2581 tear_wait_us=12311 present_us=16250 prepare_us=11422 acquire_wait_us=22 ring_copy_us=8777 patch_us=2624 byte_swap_us=21 staging_us=3559 event_submit_us=16692 event_complete_us=20008 frame_us=32934 tear_edge_observed=1 frame_reused=1 pass=1
[17:02:24] TINYDRAW_PANSEQ_FRAME zoom=100 step=3 dx=24 dy=18 scroll_us=10 exposed_compose_us=4778 chrome_us=2584 tear_wait_us=12410 present_us=16612 prepare_us=11347 acquire_wait_us=30 ring_copy_us=8692 patch_us=2634 byte_swap_us=21 staging_us=3646 event_submit_us=17310 event_complete_us=20620 frame_us=33932 tear_edge_observed=1 frame_reused=1 pass=1
[17:02:24] TINYDRAW_PANSEQ_FRAME zoom=100 step=4 dx=24 dy=18 scroll_us=10 exposed_compose_us=4274 chrome_us=2567 tear_wait_us=12556 present_us=16964 prepare_us=11411 acquire_wait_us=26 ring_copy_us=8779 patch_us=2612 byte_swap_us=20 staging_us=3597 event_submit_us=16961 event_complete_us=20296 frame_us=33935 tear_edge_observed=1 frame_reused=1 pass=1
[17:02:24] TINYDRAW_PANSEQ_FRAME zoom=100 step=5 dx=24 dy=18 scroll_us=11 exposed_compose_us=4588 chrome_us=2595 tear_wait_us=11875 present_us=16315 prepare_us=11378 acquire_wait_us=25 ring_copy_us=8736 patch_us=2622 byte_swap_us=20 staging_us=3597 event_submit_us=16606 event_complete_us=19921 frame_us=32931 tear_edge_observed=1 frame_reused=1 pass=1
[17:02:24] TINYDRAW_PANSEQ_FRAME zoom=100 step=6 dx=24 dy=18 scroll_us=10 exposed_compose_us=4236 chrome_us=2578 tear_wait_us=12880 present_us=16680 prepare_us=11445 acquire_wait_us=29 ring_copy_us=8803 patch_us=2622 byte_swap_us=20 staging_us=3602 event_submit_us=17244 event_complete_us=20610 frame_us=33934 tear_edge_observed=1 frame_reused=1 pass=1
[17:02:24] TINYDRAW_PANSEQ_FRAME zoom=100 step=7 dx=24 dy=18 scroll_us=11 exposed_compose_us=4624 chrome_us=2621 tear_wait_us=12120 present_us=16041 prepare_us=11437 acquire_wait_us=23 ring_copy_us=8750 patch_us=2666 byte_swap_us=21 staging_us=3558 event_submit_us=16886 event_complete_us=20210 frame_us=32931 tear_edge_observed=1 frame_reused=1 pass=1
[17:02:24] TINYDRAW_PANSEQ_FRAME zoom=100 step=8 dx=24 dy=18 scroll_us=10 exposed_compose_us=4557 chrome_us=2629 tear_wait_us=12840 present_us=16400 prepare_us=11455 acquire_wait_us=23 ring_copy_us=8749 patch_us=2686 byte_swap_us=20 staging_us=3531 event_submit_us=17525 event_complete_us=20845 frame_us=33935 tear_edge_observed=1 frame_reused=1 pass=1
[17:02:24] TINYDRAW_PANSEQ_FRAME zoom=100 step=9 dx=24 dy=18 scroll_us=10 exposed_compose_us=4642 chrome_us=2644 tear_wait_us=12411 present_us=16739 prepare_us=11440 acquire_wait_us=23 ring_copy_us=8740 patch_us=2681 byte_swap_us=19 staging_us=3575 event_submit_us=17182 event_complete_us=20519 frame_us=33932 tear_edge_observed=1 frame_reused=1 pass=1
[17:02:24] TINYDRAW_PANSEQ_FRAME zoom=100 step=10 dx=24 dy=18 scroll_us=10 exposed_compose_us=4246 chrome_us=2634 tear_wait_us=12446 present_us=16093 prepare_us=11516 acquire_wait_us=25 ring_copy_us=8812 patch_us=2685 byte_swap_us=19 staging_us=3501 event_submit_us=16822 event_complete_us=20174 frame_us=32925 tear_edge_observed=1 frame_reused=1 pass=1
[17:02:24] TINYDRAW_PANSEQ_FRAME zoom=100 step=11 dx=24 dy=18 scroll_us=11 exposed_compose_us=4795 chrome_us=2675 tear_wait_us=12539 present_us=16454 prepare_us=11432 acquire_wait_us=23 ring_copy_us=8703 patch_us=2709 byte_swap_us=20 staging_us=3585 event_submit_us=17472 event_complete_us=20805 frame_us=33930 tear_edge_observed=1 frame_reused=1 pass=1
[17:02:24] TINYDRAW_PANSEQ_FRAME zoom=100 step=12 dx=24 dy=18 scroll_us=10 exposed_compose_us=4284 chrome_us=2628 tear_wait_us=12707 present_us=16806 prepare_us=11516 acquire_wait_us=22 ring_copy_us=8824 patch_us=2672 byte_swap_us=20 staging_us=3515 event_submit_us=17120 event_complete_us=20485 frame_us=33945 tear_edge_observed=1 frame_reused=1 pass=1
[17:02:25] TINYDRAW_PANSEQ_FRAME zoom=100 step=13 dx=24 dy=18 scroll_us=10 exposed_compose_us=4582 chrome_us=2577 tear_wait_us=12023 present_us=16165 prepare_us=11349 acquire_wait_us=24 ring_copy_us=8725 patch_us=2604 byte_swap_us=20 staging_us=3617 event_submit_us=16747 event_complete_us=20046 frame_us=32922 tear_edge_observed=1 frame_reused=1 pass=1
[17:02:25] TINYDRAW_PANSEQ_FRAME zoom=100 step=14 dx=24 dy=18 scroll_us=10 exposed_compose_us=4254 chrome_us=2667 tear_wait_us=13009 present_us=16533 prepare_us=11403 acquire_wait_us=24 ring_copy_us=8671 patch_us=2711 byte_swap_us=21 staging_us=3574 event_submit_us=17408 event_complete_us=20747 frame_us=33936 tear_edge_observed=1 frame_reused=1 pass=1
[17:02:25] TINYDRAW_PANSEQ_FRAME zoom=100 step=15 dx=24 dy=18 scroll_us=10 exposed_compose_us=4691 chrome_us=2575 tear_wait_us=12221 present_us=16885 prepare_us=11332 acquire_wait_us=26 ring_copy_us=8695 patch_us=2617 byte_swap_us=20 staging_us=3668 event_submit_us=17038 event_complete_us=20361 frame_us=33932 tear_edge_observed=1 frame_reused=1 pass=1
[17:02:25] TINYDRAW_PANSEQ_FRAME zoom=100 step=16 dx=72 dy=54 scroll_us=10 exposed_compose_us=12143 chrome_us=2576 tear_wait_us=4425 present_us=16225 prepare_us=11385 acquire_wait_us=27 ring_copy_us=8747 patch_us=2616 byte_swap_us=22 staging_us=3572 event_submit_us=16706 event_complete_us=19992 frame_us=32933 tear_edge_observed=1 frame_reused=1 pass=1
[17:02:25] TINYDRAW_PANSEQ_FRAME zoom=100 step=17 dx=72 dy=54 scroll_us=10 exposed_compose_us=12122 chrome_us=2582 tear_wait_us=5087 present_us=16588 prepare_us=11302 acquire_wait_us=23 ring_copy_us=8656 patch_us=2627 byte_swap_us=19 staging_us=3643 event_submit_us=17335 event_complete_us=20626 frame_us=33934 tear_edge_observed=1 frame_reused=1 pass=1
[17:02:25] TINYDRAW_PANSEQ_FRAME zoom=100 step=18 dx=72 dy=54 scroll_us=10 exposed_compose_us=10425 chrome_us=2562 tear_wait_us=6423 present_us=16944 prepare_us=11393 acquire_wait_us=24 ring_copy_us=8773 patch_us=2601 byte_swap_us=19 staging_us=3599 event_submit_us=16982 event_complete_us=20302 frame_us=33935 tear_edge_observed=1 frame_reused=1 pass=1
[17:02:25] TINYDRAW_PANSEQ_FRAME zoom=100 step=19 dx=72 dy=54 scroll_us=11 exposed_compose_us=10425 chrome_us=2577 tear_wait_us=6055 present_us=16310 prepare_us=11355 acquire_wait_us=23 ring_copy_us=8715 patch_us=2620 byte_swap_us=20 staging_us=3588 event_submit_us=16610 event_complete_us=19897 frame_us=32930 tear_edge_observed=1 frame_reused=1 pass=1
[17:02:25] TINYDRAW_PANSEQ_FRAME zoom=100 step=20 dx=-72 dy=-54 scroll_us=10 exposed_compose_us=11988 chrome_us=2590 tear_wait_us=5128 present_us=16679 prepare_us=11423 acquire_wait_us=31 ring_copy_us=8767 patch_us=2637 byte_swap_us=19 staging_us=3575 event_submit_us=17247 event_complete_us=20569 frame_us=33935 tear_edge_observed=1 frame_reused=1 pass=1
[17:02:25] TINYDRAW_PANSEQ_FRAME zoom=100 step=21 dx=-72 dy=-54 scroll_us=10 exposed_compose_us=12112 chrome_us=2617 tear_wait_us=4621 present_us=16049 prepare_us=11423 acquire_wait_us=21 ring_copy_us=8742 patch_us=2654 byte_swap_us=27 staging_us=3537 event_submit_us=16878 event_complete_us=20179 frame_us=32931 tear_edge_observed=1 frame_reused=1 pass=1
[17:02:25] TINYDRAW_PANSEQ_FRAME zoom=100 step=22 dx=-72 dy=-54 scroll_us=10 exposed_compose_us=12139 chrome_us=2645 tear_wait_us=5242 present_us=16416 prepare_us=11416 acquire_wait_us=28 ring_copy_us=8704 patch_us=2693 byte_swap_us=19 staging_us=3547 event_submit_us=17510 event_complete_us=20815 frame_us=33935 tear_edge_observed=1 frame_reused=1 pass=1
[17:02:25] TINYDRAW_PANSEQ_FRAME zoom=100 step=23 dx=-72 dy=-54 scroll_us=10 exposed_compose_us=11792 chrome_us=2627 tear_wait_us=5204 present_us=16796 prepare_us=11419 acquire_wait_us=24 ring_copy_us=8729 patch_us=2669 byte_swap_us=21 staging_us=3579 event_submit_us=17126 event_complete_us=20447 frame_us=33942 tear_edge_observed=1 frame_reused=1 pass=1
[17:02:25] TINYDRAW_PANSEQ_STRIP zoom=100 strip=0 panel_y=0 rows=44 samples=24 staging_mean_us=1459 staging_max_us=1513 wire_budget_us=1619 over_budget_us=0 pass=1
[17:02:25] TINYDRAW_PANSEQ_STRIP zoom=100 strip=1 panel_y=44 rows=44 samples=24 staging_mean_us=1301 staging_max_us=1333 wire_budget_us=1619 over_budget_us=0 pass=1
[17:02:25] TINYDRAW_PANSEQ_STRIP zoom=100 strip=2 panel_y=88 rows=44 samples=24 staging_mean_us=1258 staging_max_us=1283 wire_budget_us=1619 over_budget_us=0 pass=1
[17:02:25] TINYDRAW_PANSEQ_STRIP zoom=100 strip=3 panel_y=132 rows=44 samples=24 staging_mean_us=1257 staging_max_us=1287 wire_budget_us=1619 over_budget_us=0 pass=1
[17:02:25] TINYDRAW_PANSEQ_STRIP zoom=100 strip=4 panel_y=176 rows=44 samples=24 staging_mean_us=1255 staging_max_us=1280 wire_budget_us=1619 over_budget_us=0 pass=1
[17:02:25] TINYDRAW_PANSEQ_STRIP zoom=100 strip=5 panel_y=220 rows=44 samples=24 staging_mean_us=1281 staging_max_us=1306 wire_budget_us=1619 over_budget_us=0 pass=1
[17:02:25] TINYDRAW_PANSEQ_STRIP zoom=100 strip=6 panel_y=264 rows=44 samples=24 staging_mean_us=1462 staging_max_us=1506 wire_budget_us=1619 over_budget_us=0 pass=1
[17:02:25] TINYDRAW_PANSEQ_STRIP zoom=100 strip=7 panel_y=308 rows=44 samples=24 staging_mean_us=1456 staging_max_us=1486 wire_budget_us=1619 over_budget_us=0 pass=1
[17:02:25] TINYDRAW_PANSEQ_STRIP zoom=100 strip=8 panel_y=352 rows=20 samples=24 staging_mean_us=696 staging_max_us=732 wire_budget_us=736 over_budget_us=0 pass=1
[17:02:25] TINYDRAW_GATE1_PANSEQ zoom=100 frames=24 scroll_avg_us=10 exposed_avg_us=6879 chrome_avg_us=2607 tear_wait_avg_us=9856 present_avg_us=16514 prepare_avg_us=11405 acquire_wait_avg_us=24 ring_copy_avg_us=8735 patch_avg_us=2649 byte_swap_avg_us=20 staging_avg_us=3584 frame_avg_us=33392 frame_p50_us=33932 frame_p95_us=33942 frame_max_us=33945 complete_p50_us=20361 complete_p95_us=20815 complete_max_us=20845 tear_edge_failures=0 presentation_experiment=boundary-top-sweep te_edge=rising requested_clock_mhz=50 effective_clock_mhz=40 chrome_bottom_redraws=0 chrome_battery_redraws=0 chrome_zoom_redraws=0 chrome_minimap_base_redraws=0 strip_samples=216 staging_mean_us=1270 staging_max_us=1513 worst_strip=8 worst_strip_y=352 worst_wire_budget_us=736 worst_headroom_us=4 staging_invariant=1 pacing_pass=1 all_reused=1 pass=1
[17:02:27] TINYDRAW_PANSEQ_FRAME zoom=400 step=0 dx=24 dy=18 scroll_us=10 exposed_compose_us=4532 chrome_us=2369 tear_wait_us=7976 present_us=16319 prepare_us=11228 acquire_wait_us=22 ring_copy_us=8786 patch_us=2420 byte_swap_us=22 staging_us=3771 event_submit_us=12653 event_complete_us=15997 frame_us=28973 tear_edge_observed=1 frame_reused=1 pass=1
[17:02:27] TINYDRAW_PANSEQ_FRAME zoom=400 step=1 dx=24 dy=18 scroll_us=10 exposed_compose_us=4565 chrome_us=2408 tear_wait_us=12517 present_us=16689 prepare_us=11222 acquire_wait_us=34 ring_copy_us=8759 patch_us=2443 byte_swap_us=20 staging_us=3809 event_submit_us=17223 event_complete_us=20573 frame_us=33922 tear_edge_observed=1 frame_reused=1 pass=1
[17:02:27] TINYDRAW_PANSEQ_FRAME zoom=400 step=2 dx=24 dy=18 scroll_us=10 exposed_compose_us=4229 chrome_us=2431 tear_wait_us=12499 present_us=16058 prepare_us=11309 acquire_wait_us=24 ring_copy_us=8812 patch_us=2476 byte_swap_us=21 staging_us=3698 event_submit_us=16864 event_complete_us=20210 frame_us=32926 tear_edge_observed=1 frame_reused=1 pass=1
[17:02:27] TINYDRAW_PANSEQ_FRAME zoom=400 step=3 dx=24 dy=18 scroll_us=10 exposed_compose_us=4794 chrome_us=2504 tear_wait_us=12565 present_us=16434 prepare_us=11259 acquire_wait_us=27 ring_copy_us=8690 patch_us=2549 byte_swap_us=20 staging_us=3747 event_submit_us=17492 event_complete_us=20820 frame_us=33931 tear_edge_observed=1 frame_reused=1 pass=1
[17:02:27] TINYDRAW_PANSEQ_FRAME zoom=400 step=4 dx=24 dy=18 scroll_us=10 exposed_compose_us=4289 chrome_us=2434 tear_wait_us=12710 present_us=16798 prepare_us=11320 acquire_wait_us=23 ring_copy_us=8818 patch_us=2482 byte_swap_us=20 staging_us=3700 event_submit_us=17128 event_complete_us=20483 frame_us=33944 tear_edge_observed=1 frame_reused=1 pass=1
[17:02:27] TINYDRAW_PANSEQ_FRAME zoom=400 step=5 dx=24 dy=18 scroll_us=11 exposed_compose_us=4586 chrome_us=2404 tear_wait_us=12015 present_us=16168 prepare_us=11197 acquire_wait_us=22 ring_copy_us=8744 patch_us=2430 byte_swap_us=23 staging_us=3783 event_submit_us=16744 event_complete_us=20060 frame_us=32922 tear_edge_observed=1 frame_reused=1 pass=1
[17:02:27] TINYDRAW_PANSEQ_FRAME zoom=400 step=6 dx=24 dy=18 scroll_us=10 exposed_compose_us=4223 chrome_us=2477 tear_wait_us=13033 present_us=16537 prepare_us=11215 acquire_wait_us=22 ring_copy_us=8679 patch_us=2516 byte_swap_us=20 staging_us=3767 event_submit_us=17403 event_complete_us=20739 frame_us=33936 tear_edge_observed=1 frame_reused=1 pass=1
[17:02:27] TINYDRAW_PANSEQ_FRAME zoom=400 step=7 dx=24 dy=18 scroll_us=11 exposed_compose_us=4576 chrome_us=2417 tear_wait_us=12320 present_us=16891 prepare_us=11168 acquire_wait_us=28 ring_copy_us=8690 patch_us=2458 byte_swap_us=20 staging_us=3818 event_submit_us=17030 event_complete_us=20342 frame_us=33931 tear_edge_observed=1 frame_reused=1 pass=1
[17:02:27] TINYDRAW_PANSEQ_FRAME zoom=400 step=8 dx=24 dy=18 scroll_us=10 exposed_compose_us=4541 chrome_us=2397 tear_wait_us=12020 present_us=16231 prepare_us=11232 acquire_wait_us=23 ring_copy_us=8768 patch_us=2439 byte_swap_us=25 staging_us=3748 event_submit_us=16703 event_complete_us=20016 frame_us=32934 tear_edge_observed=1 frame_reused=1 pass=1
[17:02:27] TINYDRAW_PANSEQ_FRAME zoom=400 step=9 dx=24 dy=18 scroll_us=10 exposed_compose_us=4586 chrome_us=2405 tear_wait_us=12594 present_us=16607 prepare_us=11143 acquire_wait_us=24 ring_copy_us=8679 patch_us=2442 byte_swap_us=22 staging_us=3830 event_submit_us=17315 event_complete_us=20614 frame_us=33932 tear_edge_observed=1 frame_reused=1 pass=1
[17:02:27] TINYDRAW_PANSEQ_FRAME zoom=400 step=10 dx=24 dy=18 scroll_us=10 exposed_compose_us=4241 chrome_us=2375 tear_wait_us=12586 present_us=16971 prepare_us=11230 acquire_wait_us=26 ring_copy_us=8783 patch_us=2427 byte_swap_us=20 staging_us=3788 event_submit_us=16955 event_complete_us=20291 frame_us=33935 tear_edge_observed=1 frame_reused=1 pass=1
[17:02:27] TINYDRAW_PANSEQ_FRAME zoom=400 step=11 dx=24 dy=18 scroll_us=11 exposed_compose_us=4814 chrome_us=2412 tear_wait_us=11654 present_us=16321 prepare_us=11196 acquire_wait_us=26 ring_copy_us=8725 patch_us=2452 byte_swap_us=19 staging_us=3793 event_submit_us=16599 event_complete_us=19920 frame_us=32930 tear_edge_observed=1 frame_reused=1 pass=1
[17:02:27] TINYDRAW_PANSEQ_FRAME zoom=400 step=12 dx=24 dy=18 scroll_us=10 exposed_compose_us=4285 chrome_us=2393 tear_wait_us=12837 present_us=16675 prepare_us=11250 acquire_wait_us=28 ring_copy_us=8787 patch_us=2441 byte_swap_us=22 staging_us=3783 event_submit_us=17251 event_complete_us=20601 frame_us=33936 tear_edge_observed=1 frame_reused=1 pass=1
[17:02:27] TINYDRAW_PANSEQ_FRAME zoom=400 step=13 dx=24 dy=18 scroll_us=10 exposed_compose_us=4581 chrome_us=2457 tear_wait_us=12143 present_us=16039 prepare_us=11235 acquire_wait_us=32 ring_copy_us=8729 patch_us=2485 byte_swap_us=21 staging_us=3732 event_submit_us=16889 event_complete_us=20189 frame_us=32931 tear_edge_observed=1 frame_reused=1 pass=1
[17:02:27] TINYDRAW_PANSEQ_FRAME zoom=400 step=14 dx=24 dy=18 scroll_us=10 exposed_compose_us=4271 chrome_us=2448 tear_wait_us=13129 present_us=16398 prepare_us=11244 acquire_wait_us=25 ring_copy_us=8721 patch_us=2502 byte_swap_us=21 staging_us=3745 event_submit_us=17526 event_complete_us=20842 frame_us=33934 tear_edge_observed=1 frame_reused=1 pass=1
[17:02:27] TINYDRAW_PANSEQ_FRAME zoom=400 step=15 dx=24 dy=18 scroll_us=10 exposed_compose_us=4634 chrome_us=2442 tear_wait_us=12394 present_us=16767 prepare_us=11261 acquire_wait_us=22 ring_copy_us=8757 patch_us=2483 byte_swap_us=21 staging_us=3741 event_submit_us=17155 event_complete_us=20483 frame_us=33942 tear_edge_observed=1 frame_reused=1 pass=1
[17:02:27] TINYDRAW_PANSEQ_FRAME zoom=400 step=16 dx=72 dy=54 scroll_us=10 exposed_compose_us=12123 chrome_us=2416 tear_wait_us=4529 present_us=16132 prepare_us=11249 acquire_wait_us=22 ring_copy_us=8773 patch_us=2455 byte_swap_us=21 staging_us=3736 event_submit_us=16784 event_complete_us=20113 frame_us=32925 tear_edge_observed=1 frame_reused=1 pass=1
[17:02:27] TINYDRAW_PANSEQ_FRAME zoom=400 step=17 dx=72 dy=54 scroll_us=11 exposed_compose_us=11950 chrome_us=2460 tear_wait_us=5340 present_us=16507 prepare_us=11129 acquire_wait_us=23 ring_copy_us=8612 patch_us=2495 byte_swap_us=22 staging_us=3806 event_submit_us=17438 event_complete_us=20713 frame_us=33931 tear_edge_observed=1 frame_reused=1 pass=1
[17:02:27] TINYDRAW_PANSEQ_FRAME zoom=400 step=18 dx=72 dy=54 scroll_us=10 exposed_compose_us=11838 chrome_us=2414 tear_wait_us=5068 present_us=16890 prepare_us=11193 acquire_wait_us=22 ring_copy_us=8720 patch_us=2454 byte_swap_us=19 staging_us=3814 event_submit_us=17036 event_complete_us=20367 frame_us=33935 tear_edge_observed=1 frame_reused=1 pass=1
[17:02:27] TINYDRAW_PANSEQ_FRAME zoom=400 step=19 dx=72 dy=54 scroll_us=11 exposed_compose_us=12030 chrome_us=2377 tear_wait_us=4507 present_us=16260 prepare_us=11170 acquire_wait_us=23 ring_copy_us=8722 patch_us=2418 byte_swap_us=30 staging_us=3782 event_submit_us=16679 event_complete_us=19941 frame_us=32930 tear_edge_observed=1 frame_reused=1 pass=1
[17:02:27] TINYDRAW_PANSEQ_FRAME zoom=400 step=20 dx=-72 dy=-54 scroll_us=10 exposed_compose_us=12210 chrome_us=2401 tear_wait_us=4945 present_us=16643 prepare_us=11211 acquire_wait_us=31 ring_copy_us=8738 patch_us=2452 byte_swap_us=21 staging_us=3774 event_submit_us=17283 event_complete_us=20593 frame_us=33936 tear_edge_observed=1 frame_reused=1 pass=1
[17:02:27] TINYDRAW_PANSEQ_FRAME zoom=400 step=21 dx=-72 dy=-54 scroll_us=20 exposed_compose_us=12075 chrome_us=2440 tear_wait_us=4685 present_us=16021 prepare_us=11213 acquire_wait_us=24 ring_copy_us=8714 patch_us=2477 byte_swap_us=22 staging_us=3741 event_submit_us=16908 event_complete_us=20198 frame_us=32932 tear_edge_observed=1 frame_reused=1 pass=1
[17:02:27] TINYDRAW_PANSEQ_FRAME zoom=400 step=22 dx=-72 dy=-54 scroll_us=10 exposed_compose_us=12136 chrome_us=2463 tear_wait_us=5261 present_us=16399 prepare_us=11240 acquire_wait_us=23 ring_copy_us=8709 patch_us=2512 byte_swap_us=19 staging_us=3714 event_submit_us=17524 event_complete_us=20811 frame_us=33933 tear_edge_observed=1 frame_reused=1 pass=1
[17:02:27] TINYDRAW_PANSEQ_FRAME zoom=400 step=23 dx=-72 dy=-54 scroll_us=10 exposed_compose_us=11787 chrome_us=2455 tear_wait_us=5212 present_us=16800 prepare_us=11235 acquire_wait_us=22 ring_copy_us=8720 patch_us=2494 byte_swap_us=21 staging_us=3754 event_submit_us=17134 event_complete_us=20448 frame_us=33943 tear_edge_observed=1 frame_reused=1 pass=1
[17:02:27] TINYDRAW_PANSEQ_STRIP zoom=400 strip=0 panel_y=0 rows=44 samples=24 staging_mean_us=1457 staging_max_us=1506 wire_budget_us=1619 over_budget_us=0 pass=1
[17:02:27] TINYDRAW_PANSEQ_STRIP zoom=400 strip=1 panel_y=44 rows=44 samples=24 staging_mean_us=1301 staging_max_us=1335 wire_budget_us=1619 over_budget_us=0 pass=1
[17:02:27] TINYDRAW_PANSEQ_STRIP zoom=400 strip=2 panel_y=88 rows=44 samples=24 staging_mean_us=1258 staging_max_us=1285 wire_budget_us=1619 over_budget_us=0 pass=1
[17:02:27] TINYDRAW_PANSEQ_STRIP zoom=400 strip=3 panel_y=132 rows=44 samples=24 staging_mean_us=1255 staging_max_us=1283 wire_budget_us=1619 over_budget_us=0 pass=1
[17:02:27] TINYDRAW_PANSEQ_STRIP zoom=400 strip=4 panel_y=176 rows=44 samples=24 staging_mean_us=1254 staging_max_us=1278 wire_budget_us=1619 over_budget_us=0 pass=1
[17:02:27] TINYDRAW_PANSEQ_STRIP zoom=400 strip=5 panel_y=220 rows=44 samples=24 staging_mean_us=1237 staging_max_us=1275 wire_budget_us=1619 over_budget_us=0 pass=1
[17:02:28] TINYDRAW_PANSEQ_STRIP zoom=400 strip=6 panel_y=264 rows=44 samples=24 staging_mean_us=1414 staging_max_us=1456 wire_budget_us=1619 over_budget_us=0 pass=1
[17:02:28] TINYDRAW_PANSEQ_STRIP zoom=400 strip=7 panel_y=308 rows=44 samples=24 staging_mean_us=1414 staging_max_us=1445 wire_budget_us=1619 over_budget_us=0 pass=1
[17:02:28] TINYDRAW_PANSEQ_STRIP zoom=400 strip=8 panel_y=352 rows=20 samples=24 staging_mean_us=653 staging_max_us=692 wire_budget_us=736 over_budget_us=0 pass=1
[17:02:28] TINYDRAW_GATE1_PANSEQ zoom=400 frames=24 scroll_avg_us=10 exposed_avg_us=6995 chrome_avg_us=2424 tear_wait_avg_us=9772 present_avg_us=16481 prepare_avg_us=11222 acquire_wait_avg_us=24 ring_copy_avg_us=8734 patch_avg_us=2466 byte_swap_avg_us=21 staging_avg_us=3765 frame_avg_us=33392 frame_p50_us=33931 frame_p95_us=33943 frame_max_us=33944 complete_p50_us=20367 complete_p95_us=20820 complete_max_us=20842 tear_edge_failures=0 presentation_experiment=boundary-top-sweep te_edge=rising requested_clock_mhz=50 effective_clock_mhz=40 chrome_bottom_redraws=0 chrome_battery_redraws=0 chrome_zoom_redraws=0 chrome_minimap_base_redraws=0 strip_samples=216 staging_mean_us=1249 staging_max_us=1506 worst_strip=8 worst_strip_y=352 worst_wire_budget_us=736 worst_headroom_us=44 staging_invariant=1 pacing_pass=1 all_reused=1 pass=1
[17:02:28] TINYDRAW_GATE1_PAN_BOUNDARY zoom=100 slow_1px_trace=1 below_delta=94 below_reused=1 at_delta=96 at_reused=1 above_delta=98 above_fallback=1 pass=1
[17:02:28] TINYDRAW_GATE1_PAN_BOUNDARY zoom=400 slow_1px_trace=1 below_delta=94 below_reused=1 at_delta=96 at_reused=1 above_delta=98 above_fallback=1 pass=1
[17:02:29] TINYDRAW_GATE1_DRAW_FILL zoom=400 revision=2930 append_us=1448 poll_gap_us=96 event_submit_us=247 event_complete_us=2204 max_compute_slice_us=3281 max_display_slice_us=17791 fill_us=234578 revision_restarted=1 pass=1
[17:02:29] TINYDRAW_GATE1_CACHE_FILL zoom=50 x=63 y=63 published=56 total_us=667967 within_cold_gate=0 complete=1
[17:02:30] TINYDRAW_GATE1_CACHE_FILL zoom=100 x=63 y=63 published=56 total_us=518966 within_cold_gate=0 complete=1
[17:02:30] TINYDRAW_GATE1_CACHE_FILL zoom=200 x=63 y=63 published=56 total_us=358965 within_cold_gate=1 complete=1
[17:02:31] TINYDRAW_GATE1_CACHE_FILL zoom=400 x=63 y=63 published=56 total_us=290965 within_cold_gate=1 complete=1
[17:02:31] TINYDRAW_GATE1_CACHE_REVISIT zoom=50 remaining=0 tile_pixels=118128 fallback_pixels=0 compose_us=16362 complete_us=21517 hit=1
[17:02:31] TINYDRAW_GATE1_CACHE_REVISIT zoom=100 remaining=0 tile_pixels=164864 fallback_pixels=0 compose_us=18920 complete_us=21080 hit=1
[17:02:31] TINYDRAW_GATE1_CACHE_REVISIT zoom=200 remaining=0 tile_pixels=164864 fallback_pixels=0 compose_us=18932 complete_us=20649 hit=1
[17:02:31] TINYDRAW_GATE1_CACHE_REVISIT zoom=400 remaining=0 tile_pixels=164608 fallback_pixels=0 compose_us=18934 complete_us=21190 hit=1
[17:02:31] TINYDRAW_GATE1_CACHE_FILL zoom=400 x=575 y=575 published=56 total_us=314965 within_cold_gate=1 complete=1
[17:02:31] TINYDRAW_GATE1_CACHE_ROUND_TRIP zoom=50 from_x=63 from_y=63 via_x=575 via_y=575 remaining=0 tile_pixels=118128 fallback_pixels=0 compose_us=16422 complete_us=20736 hit=1
[17:02:31] TINYDRAW_GATE1_CACHE_ROUND_TRIP zoom=100 from_x=63 from_y=63 via_x=575 via_y=575 remaining=0 tile_pixels=164864 fallback_pixels=0 compose_us=18940 complete_us=21275 hit=1
[17:02:31] TINYDRAW_GATE1_CACHE_ROUND_TRIP zoom=200 from_x=63 from_y=63 via_x=575 via_y=575 remaining=0 tile_pixels=164864 fallback_pixels=0 compose_us=18952 complete_us=20822 hit=1
[17:02:31] TINYDRAW_GATE1_CACHE_ROUND_TRIP zoom=400 from_x=63 from_y=63 via_x=575 via_y=575 remaining=0 tile_pixels=164608 fallback_pixels=0 compose_us=18960 complete_us=21375 hit=1
[17:02:31] TINYDRAW_GATE1_CACHE_RETENTION pass=1 slots=448 revision=2930
[17:02:33] TINYDRAW_PAPER_SWEEP zoom=100 identities=644 raw=266 uniform=378 fallback=0 slots=448 total_us=1456261 pass=1
[17:02:33] TINYDRAW_RERENDER_LEDGER_RESET site=cache_tour_start
[17:02:36] TINYDRAW_GATE1_CACHE_TOUR slots=448 stops=16 forward_steps=2595 forward_tiles=832 forward_wall_us=1415231 return_missing_tiles=0 return_steps=16 return_tiles=0 return_wall_us=5921 home_missing=0 home_fallback_pixels=0 pass=1
[17:02:36] TINYDRAW_RERENDER_LEDGER site=cache_tour renders=137 unique=137 amplification=1.000 cold=137 damage=0 evict=0 stale=0 unexplained=0
[17:02:37] TINYDRAW_GATE1_MIXED_DRAW_WARM zoom=50 fill_tiles=56 fill_us=597117 raw=42 uniform=14
[17:02:37] TINYDRAW_GATE1_MIXED_DRAW_WARM zoom=100 fill_tiles=56 fill_us=446158 raw=56 uniform=0
[17:02:38] TINYDRAW_GATE1_MIXED_DRAW_WARM zoom=200 fill_tiles=56 fill_us=343331 raw=56 uniform=0
[17:02:38] TINYDRAW_GATE1_MIXED_DRAW_WARM zoom=400 fill_tiles=42 fill_us=211178 raw=42 uniform=0
[17:02:39] TINYDRAW_GATE1_MIXED_DRAW zoom=25 tool=pen chunks=50 append_max_us=13378 append_avg_us=11939 append_total_us=596966 affected_tiles=196 published=0 fallback=196 visible_fallback=0 ph_prepare_max_us=136 ph_overview_max_us=9099 ph_enumerate_max_us=540 ph_uniform_max_us=90 ph_raw_max_us=15 ph_commit_max_us=3592 committed=1 authority=1 refresh=1 run_ok=1 pass=1
[17:02:40] TINYDRAW_GATE1_MIXED_DRAW zoom=25 tool=eraser chunks=50 append_max_us=13435 append_avg_us=11886 append_total_us=594344 affected_tiles=0 published=0 fallback=0 visible_fallback=0 ph_prepare_max_us=148 ph_overview_max_us=9217 ph_enumerate_max_us=475 ph_uniform_max_us=9 ph_raw_max_us=10 ph_commit_max_us=3615 committed=1 authority=1 refresh=1 run_ok=1 pass=1
[17:02:42] TINYDRAW_GATE1_MIXED_DRAW zoom=50 tool=pen chunks=50 append_max_us=19720 append_avg_us=16744 append_total_us=837233 affected_tiles=422 published=400 fallback=22 visible_fallback=0 ph_prepare_max_us=180 ph_overview_max_us=3846 ph_enumerate_max_us=516 ph_uniform_max_us=5352 ph_raw_max_us=12523 ph_commit_max_us=1784 committed=1 authority=1 refresh=1 run_ok=1 pass=0
[17:02:43] TINYDRAW_GATE1_MIXED_DRAW zoom=50 tool=eraser chunks=50 append_max_us=18482 append_avg_us=16480 append_total_us=824023 affected_tiles=405 published=405 fallback=0 visible_fallback=0 ph_prepare_max_us=176 ph_overview_max_us=3835 ph_enumerate_max_us=532 ph_uniform_max_us=26 ph_raw_max_us=12572 ph_commit_max_us=1619 committed=1 authority=1 refresh=1 run_ok=1 pass=0
[17:02:45] TINYDRAW_GATE1_MIXED_DRAW zoom=100 tool=pen chunks=50 append_max_us=16126 append_avg_us=14128 append_total_us=706433 affected_tiles=450 published=398 fallback=52 visible_fallback=0 ph_prepare_max_us=175 ph_overview_max_us=1933 ph_enumerate_max_us=558 ph_uniform_max_us=4416 ph_raw_max_us=12624 ph_commit_max_us=1092 committed=1 authority=1 refresh=1 run_ok=1 pass=0
[17:02:46] TINYDRAW_GATE1_MIXED_DRAW zoom=100 tool=eraser chunks=50 append_max_us=15628 append_avg_us=13890 append_total_us=694521 affected_tiles=399 published=399 fallback=0 visible_fallback=0 ph_prepare_max_us=176 ph_overview_max_us=1889 ph_enumerate_max_us=490 ph_uniform_max_us=33 ph_raw_max_us=12615 ph_commit_max_us=932 committed=1 authority=1 refresh=1 run_ok=1 pass=0
[17:02:47] TINYDRAW_GATE1_MIXED_DRAW zoom=200 tool=pen chunks=50 append_max_us=15582 append_avg_us=13067 append_total_us=653397 affected_tiles=425 published=389 fallback=36 visible_fallback=0 ph_prepare_max_us=175 ph_overview_max_us=1075 ph_enumerate_max_us=577 ph_uniform_max_us=4530 ph_raw_max_us=12642 ph_commit_max_us=963 committed=1 authority=1 refresh=1 run_ok=1 pass=0
[17:02:48] TINYDRAW_GATE1_MIXED_DRAW zoom=200 tool=eraser chunks=50 append_max_us=14633 append_avg_us=12776 append_total_us=638812 affected_tiles=388 published=388 fallback=0 visible_fallback=0 ph_prepare_max_us=176 ph_overview_max_us=1051 ph_enumerate_max_us=597 ph_uniform_max_us=24 ph_raw_max_us=12489 ph_commit_max_us=792 committed=1 authority=1 refresh=1 run_ok=1 pass=1
[17:02:50] TINYDRAW_GATE1_MIXED_DRAW zoom=400 tool=pen chunks=50 append_max_us=14423 append_avg_us=12042 append_total_us=602103 affected_tiles=359 published=334 fallback=25 visible_fallback=0 ph_prepare_max_us=176 ph_overview_max_us=718 ph_enumerate_max_us=598 ph_uniform_max_us=3488 ph_raw_max_us=11915 ph_commit_max_us=862 committed=1 authority=1 refresh=1 run_ok=1 pass=1
[17:02:51] TINYDRAW_GATE1_MIXED_DRAW zoom=400 tool=eraser chunks=50 append_max_us=13783 append_avg_us=11918 append_total_us=595928 affected_tiles=350 published=350 fallback=0 visible_fallback=0 ph_prepare_max_us=181 ph_overview_max_us=724 ph_enumerate_max_us=604 ph_uniform_max_us=29 ph_raw_max_us=11989 ph_commit_max_us=721 committed=1 authority=1 refresh=1 run_ok=1 pass=1
[17:02:51] TINYDRAW_GATE1_MIXED_DRAW_REVISIT zoom=50 missing=4 refill_tiles=4 refill_us=241834
[17:02:52] TINYDRAW_GATE1_MIXED_DRAW_REVISIT zoom=100 missing=9 refill_tiles=9 refill_us=388382
[17:02:52] TINYDRAW_GATE1_MIXED_DRAW_REVISIT zoom=200 missing=16 refill_tiles=16 refill_us=330305
[17:02:52] TINYDRAW_GATE1_MIXED_DRAW_REVISIT zoom=400 missing=0 refill_tiles=0 refill_us=312
[17:02:52] TINYDRAW_GATE1_MIXED_DRAW_SUMMARY slots=448 strokes=10 worst_append_us=19720 pass=0
[17:02:58] TINYDRAW_GATE1_IDLE_REPAIR damaged=588 remaining=0 plan_views=24 steps=5805 repair_us=3416732 worst_step_us=4154 warm_tiles=56 pass=1
[17:02:58] TINYDRAW_INKTRACE trace=fast-curve-dense-25 zoom=25 events=411 consumed=371 coalesced=40 down=1/1 up=1/1 max_time_gap_us=24450 max_space_gap_px=55.33 e2c_p50=503 e2c_p95=1203 e2c_max=2953 e2g_p95=779 e2s_p95=2631 e2d_p50=2311 e2d_p95=3677 e2d_max=4549 latency_samples=33 presentation_failures=0 commit_failures=0 overflows=0 revision=3482 latency_pass=1 pass=1
[17:02:59] TINYDRAW_INKTRACE trace=fast-curve-400 zoom=400 events=414 consumed=380 coalesced=34 down=1/1 up=1/1 max_time_gap_us=9204 max_space_gap_px=65.51 e2c_p50=503 e2c_p95=705 e2c_max=1599 e2g_p95=773 e2s_p95=2643 e2d_p50=2494 e2d_p95=3973 e2d_max=3996 latency_samples=33 presentation_failures=0 commit_failures=0 overflows=0 revision=3484 latency_pass=1 pass=1
[17:03:01] TINYDRAW_INKTRACE trace=fast-curve-400-xl zoom=400 events=2296 consumed=1916 coalesced=380 down=1/1 up=1/1 max_time_gap_us=12885 max_space_gap_px=47.85 e2c_p50=503 e2c_p95=576 e2c_max=1593 e2g_p95=777 e2s_p95=2974 e2d_p50=3298 e2d_p95=4636 e2d_max=8267 latency_samples=172 presentation_failures=0 commit_failures=0 overflows=0 revision=3490 latency_pass=1 pass=1
[17:03:02] TINYDRAW_INKTRACE trace=slow-precise-100 zoom=100 events=741 consumed=703 coalesced=38 down=1/1 up=1/1 max_time_gap_us=7981 max_space_gap_px=13.45 e2c_p50=503 e2c_p95=964 e2c_max=1575 e2g_p95=773 e2s_p95=1763 e2d_p50=2019 e2d_p95=2319 e2d_max=2387 latency_samples=53 presentation_failures=0 commit_failures=0 overflows=0 revision=3492 latency_pass=1 pass=1
[17:03:05] TINYDRAW_INKTRACE trace=scribble-multistroke zoom=100 events=848 consumed=729 coalesced=119 down=7/7 up=7/7 max_time_gap_us=6078 max_space_gap_px=109.46 e2c_p50=503 e2c_p95=580 e2c_max=1583 e2g_p95=770 e2s_p95=3443 e2d_p50=3228 e2d_p95=5288 e2d_max=6330 latency_samples=55 presentation_failures=0 commit_failures=0 overflows=0 revision=3499 latency_pass=1 pass=1
[17:03:06] TINYDRAW_HAIRLINE_DOC ops=782 samples=8061 append_total_us=1056963 append_max_us=7296
[17:03:07] TINYDRAW_GATE1_PACED_COLD corpus=evil_hairlines_capacity zoom=100 x=552 y=672 steps=236 tiles=56 compute_us=220973 present_us=77472 touch_us=665 pacing_us=6862 wall_us=305972 maximum_wall_us=500000 max_tick_us=9261 touch_samples=46919 touch_interval_max_us=2100 touch_read_max_us=611 touch_events=0 touch_down=0 touch_up=0 touch_events_ge_8ms=0 touch_event_age_max_us=0 touch_errors=0 touch_overflows=0 pass=1
[17:03:07] TINYDRAW_GATE1_PACED_COLD corpus=evil_hairlines_capacity zoom=400 x=2760 y=3360 steps=209 tiles=48 compute_us=136539 present_us=75780 touch_us=456 pacing_us=6174 wall_us=218949 maximum_wall_us=500000 max_tick_us=8878 touch_samples=280 touch_interval_max_us=1853 touch_read_max_us=516 touch_events=0 touch_down=0 touch_up=0 touch_events_ge_8ms=0 touch_event_age_max_us=0 touch_errors=0 touch_overflows=0 pass=1
[17:03:09] TINYDRAW_HAIRLINE_REPAIR steps=2814 wall_us=2134062 worst_step_us=5570 resident=407/448 grid_stopped=1 pass2_steps=8 pass2_wall_us=2262 no_churn=1
[17:03:11] TINYDRAW_HAIRLINE_TOUR stops=8 total_us=884328 worst_stop_us=187635 worst_step_us=6252
[17:03:11] TINYDRAW_GATE1_HAIRLINE raw=339 uniform=72 fallback=233 capacity=448 worst_step_us=6252 grid_stopped=1 pass=1
[17:03:13] TINYDRAW_GATE1_LONG_GESTURE path=reference samples=1600 chunks=26 append_total_us=938510 append_max_us=44309 append_avg_us=36096 refresh_fallback_pixels=0 settled_fallback_pixels=0 committed=1 authority=1 refresh=1 run_ok=1
[17:03:13] TINYDRAW_GATE1_LONG_GESTURE path=in_place samples=1600 chunks=52 append_total_us=607223 append_max_us=14220 append_avg_us=11677 refresh_fallback_pixels=0 settled_fallback_pixels=0 committed=1 authority=1 refresh=1 run_ok=1
[17:03:13] TINYDRAW_V2_EXPORT_PROGRESS row=0 of=1792
[17:03:14] TINYDRAW_V2_EXPORT_PROGRESS row=256 of=1792
[17:03:15] TINYDRAW_V2_EXPORT_PROGRESS row=512 of=1792
[17:03:15] TINYDRAW_V2_EXPORT_PROGRESS row=768 of=1792
[17:03:16] TINYDRAW_V2_EXPORT_PROGRESS row=1024 of=1792
[17:03:17] TINYDRAW_V2_EXPORT_PROGRESS row=1280 of=1792
[17:03:18] TINYDRAW_V2_EXPORT_PROGRESS row=1536 of=1792
[17:03:19] TINYDRAW_GATE1_EXPORT encoded=1 bytes=40166 elapsed_us=5916753 workspace_bytes=50652 band_bytes=376832 free_psram=1859920 free_internal=199124 signature=1 dimensions=1 chunks=3 chunks_ok=1 pass=1
[17:03:19] TINYDRAW_EXPORT_RESERVE requested=1572864 free_before=1859920 largest_before=1835008 free_held=287052 largest_held=286720 pass=1
[17:03:19] TINYDRAW_RERENDER_LEDGER site=final renders=0 unique=0 amplification=0.000 cold=0 damage=0 evict=0 stale=0 unexplained=0
[17:03:19] TINYDRAW_GATE1_AUTOMATED_DONE stress=1 stress_100=1 stress_400=1 overlap_ready=1 overlap_cold=0 general_cold_ready=1 general_cold=0 workload=1 paced_cold=1 hard_100=1 hard_400=1 pan_100=1 pan_400=1 pan_seq=1 pan_boundary=1 live_overlay=1 draw_fill=1 cache=1 full_world_cache=1 cache_tour=1 mixed_draw=0 idle_repair=1 ink_trace=1 hairline_capacity=1 long_gesture=1 export_encode=1 export_reserve=1 return=1 ssaa_receipt=yellow
[17:03:19] TINYDRAW_VECTOR_V2_GATE_HARNESS_DONE pass=0
[17:03:19] I (69802) main_task: Returned from app_main()
