[15:36:26] ESP-ROM:esp32s3-20210327
[15:36:26] Build:Mar 27 2021
[15:36:26] rst:0x15 (USB_UART_CHIP_RESET),boot:0x2b (SPI_FAST_FLASH_BOOT)
[15:36:26] Saved PC:0x4037b802
[15:36:26] SPIWP:0xee
[15:36:26] mode:DIO, clock div:1
[15:36:26] load:0x3fce2820,len:0x1664
[15:36:26] load:0x403c8700,len:0xf38
[15:36:26] load:0x403cb700,len:0x31e8
[15:36:26] entry 0x403c8930
[15:36:26] I (24) boot: ESP-IDF v6.0.2 2nd stage bootloader
[15:36:26] I (24) boot: compile time Aug 16 2026 13:03:04
[15:36:26] I (25) boot: Multicore bootloader
[15:36:26] I (25) boot: chip revision: v0.2
[15:36:26] I (28) boot: efuse block revision: v1.3
[15:36:26] I (31) qio_mode: Enabling default flash chip QIO
[15:36:26] I (36) boot.esp32s3: Boot SPI Speed : 80MHz
[15:36:26] I (39) boot.esp32s3: SPI Mode       : QIO
[15:36:26] I (43) boot.esp32s3: SPI Flash Size : 16MB
[15:36:26] I (47) boot: Enabling RNG early entropy source...
[15:36:26] I (51) boot: Partition Table:
[15:36:26] I (54) boot: ## Label            Usage          Type ST Offset   Length
[15:36:26] I (60) boot:  0 nvs              WiFi data        01 02 00009000 00006000
[15:36:26] I (67) boot:  1 phy_init         RF data          01 01 0000f000 00001000
[15:36:26] I (73) boot:  2 factory          factory app      00 00 00010000 00100000
[15:36:26] I (80) boot:  3 drawing          Unknown data     01 40 00110000 00300000
[15:36:26] I (86) boot:  4 export           Unknown data     01 41 00410000 00500000
[15:36:26] I (93) boot:  5 coredump         Unknown data     01 03 00910000 00010000
[15:36:26] I (100) boot: End of partition table
[15:36:26] I (103) esp_image: segment 0: paddr=00010020 vaddr=3c050020 size=2be0ch (179724) map
[15:36:26] I (138) esp_image: segment 1: paddr=0003be34 vaddr=3fc94500 size=03764h ( 14180) load
[15:36:26] I (141) esp_image: segment 2: paddr=0003f5a0 vaddr=40374000 size=00a78h (  2680) load
[15:36:26] I (143) esp_image: segment 3: paddr=00040020 vaddr=42000020 size=4ea70h (322160) map
[15:36:26] I (199) esp_image: segment 4: paddr=0008ea98 vaddr=40374a78 size=0fa48h ( 64072) load
[15:36:26] I (213) esp_image: segment 5: paddr=0009e4e8 vaddr=50000000 size=00024h (    36) load
[15:36:26] I (220) boot: Loaded app from partition at offset 0x10000
[15:36:26] I (220) boot: Disabling RNG early entropy source...
[15:36:26] I (230) octal_psram: vendor id    : 0x0d (AP)
[15:36:26] I (230) octal_psram: dev id       : 0x02 (generation 3)
[15:36:26] I (231) octal_psram: density      : 0x03 (64 Mbit)
[15:36:26] I (233) octal_psram: good-die     : 0x01 (Pass)
[15:36:26] I (237) octal_psram: Latency      : 0x01 (Fixed)
[15:36:26] I (241) octal_psram: VCC          : 0x01 (3V)
[15:36:26] I (245) octal_psram: SRF          : 0x01 (Fast Refresh)
[15:36:26] I (250) octal_psram: BurstType    : 0x01 (Hybrid Wrap)
[15:36:26] I (255) octal_psram: BurstLen     : 0x01 (32 Byte)
[15:36:26] I (260) octal_psram: Readlatency  : 0x02 (10 cycles@Fixed)
[15:36:26] I (265) octal_psram: DriveStrength: 0x00 (1/1)
[15:36:26] I (269) MSPI Timing: Enter psram timing tuning
[15:36:26] I (274) esp_psram: Found 8MB PSRAM device
[15:36:26] I (277) esp_psram: Speed: 80MHz
[15:36:26] I (280) cpu_start: Multicore app
[15:36:26] I (696) esp_psram: SPI SRAM memory test OK
[15:36:26] I (704) cpu_start: GPIO 44 and 43 are used as console UART I/O pins
[15:36:26] I (705) cpu_start: Pro cpu start user code
[15:36:26] I (705) cpu_start: cpu freq: 240000000 Hz
[15:36:26] I (706) app_init: Application information:
[15:36:27] I (710) app_init: Project name:     tinydraw_esp32
[15:36:27] I (715) app_init: App version:      7a78dd7-dirty
[15:36:27] I (719) app_init: Compile time:     Aug 16 2026 15:17:11
[15:36:27] I (724) app_init: ELF file SHA256:  d72154bc6...
[15:36:27] I (728) app_init: ESP-IDF:          v6.0.2
[15:36:27] I (732) efuse_init: Min chip rev:     v0.0
[15:36:27] I (736) efuse_init: Max chip rev:     v0.99 
[15:36:27] I (740) efuse_init: Chip rev:         v0.2
[15:36:27] I (744) heap_init: Initializing. RAM available for dynamic allocation:
[15:36:27] I (750) heap_init: At 3FC99090 len 00050680 (321 KiB): RAM
[15:36:27] I (755) heap_init: At 3FCE9710 len 00005724 (21 KiB): RAM
[15:36:27] I (760) heap_init: At 3FCF0000 len 00008000 (32 KiB): DRAM
[15:36:27] I (766) heap_init: At 600FE000 len 00001FE8 (7 KiB): RTCRAM
[15:36:27] I (771) esp_psram: Adding pool of 8192K of PSRAM memory to heap allocator
[15:36:27] I (778) spi_flash: detected chip: generic
[15:36:27] I (781) spi_flash: flash io: qio
[15:36:27] I (784) sleep_gpio: Configure to isolate all GPIO pins in sleep state
[15:36:27] I (791) sleep_gpio: Enable automatic switching of GPIO sleep configuration
[15:36:27] I (797) main_task: Started on CPU0
[15:36:27] I (800) main_task: Calling app_main()
[15:36:27] TINYDRAW_PRODUCER_SCRATCH supertask_internal=1 packed_internal=1 free_internal=319136 free_psram=1894280
[15:36:27] TINYDRAW_PANEL_HARD_RESET=1
[15:36:27] TINYDRAW_PANEL_TRANSPORT requested_clock_mhz=50 effective_clock_mhz=40
[15:36:27] I (1005) co5300: version: 2.1.0
[15:36:27] I (1005) co5300_spi: LCD panel create success, version: 2.1.0
[15:36:27] W (1090) co5300_spi: The 3Ah command has been used and will be overwritten by external initialization sequence
[15:36:27] I (1191) CST816S: IC id: 183
[15:36:27] TINYDRAW_VECTOR_V2_PRESENTATION experiment=boundary-top-sweep te_edge=rising requested_clock_mhz=50 effective_clock_mhz=40 optical_acceptance=external_manual
[15:36:27] TINYDRAW_LIVE_PRESENT kind=startup zoom=25 x=0 y=0 compose_us=26106 scroll_us=0 exposed_compose_us=0 chrome_us=17180 chrome_prepare_us=12045 chrome_stage_us=5135 read_submit_us=0 read_complete_us=0 transfer_wait_us=21519 tile_pixels=0 uniform_pixels=0 overview_pixels=164864 fallback_pixels=0 resident_tiles=0 fallback_tiles=0 pushes=11 tear_wait_us=16767 tear_edge_isr_to_resume_us=11 tear_edge_observed=1 tear_edge_wait_resumed=1 tear_edge_timeout=0 tear_heal_attempted=0 tear_heal_command_sent=0 presentation_experiment=boundary-top-sweep te_edge=rising requested_clock_mhz=50 effective_clock_mhz=40 frame_reused=0 pass=1
[15:36:28] TINYDRAW_LIVE_STRESS operations=1000 samples=20000 total_us=726780 average_us=726 maximum_us=1042 free_psram=1892692 largest_psram=1867776
[15:36:28] TINYDRAW_LIVE_PRESENT kind=gate_fallback zoom=100 x=0 y=0 compose_us=16291 scroll_us=0 exposed_compose_us=0 chrome_us=11228 chrome_prepare_us=6748 chrome_stage_us=4480 read_submit_us=29308 read_complete_us=32767 transfer_wait_us=20839 tile_pixels=0 uniform_pixels=0 overview_pixels=0 fallback_pixels=164864 resident_tiles=0 fallback_tiles=42 pushes=11 tear_wait_us=6134 tear_edge_isr_to_resume_us=16 tear_edge_observed=1 tear_edge_wait_resumed=1 tear_edge_timeout=0 tear_heal_attempted=0 tear_heal_command_sent=0 presentation_experiment=boundary-top-sweep te_edge=rising requested_clock_mhz=50 effective_clock_mhz=40 frame_reused=0 pass=1
[15:36:28] TINYDRAW_GATE1_HARD zoom=100 cold=1 operations=1000 samples=20000 steps=196 tiles=42 scanned=12000 rendered=1585 max_supertask_us=8919 presentation_us=72014 total_us=306649 maximum_wall_us=500000 pass=1
[15:36:28] TINYDRAW_LIVE_PRESENT kind=gate_fallback zoom=400 x=0 y=0 compose_us=15852 scroll_us=0 exposed_compose_us=0 chrome_us=6543 chrome_prepare_us=2247 chrome_stage_us=4296 read_submit_us=22237 read_complete_us=25926 transfer_wait_us=20807 tile_pixels=0 uniform_pixels=0 overview_pixels=0 fallback_pixels=164864 resident_tiles=0 fallback_tiles=42 pushes=11 tear_wait_us=4012 tear_edge_isr_to_resume_us=15 tear_edge_observed=1 tear_edge_wait_resumed=1 tear_edge_timeout=0 tear_heal_attempted=0 tear_heal_command_sent=0 presentation_experiment=boundary-top-sweep te_edge=rising requested_clock_mhz=50 effective_clock_mhz=40 frame_reused=0 pass=1
[15:36:29] TINYDRAW_GATE1_HARD zoom=400 cold=1 operations=1000 samples=20000 steps=200 tiles=42 scanned=12000 rendered=122 max_supertask_us=6936 presentation_us=70132 total_us=205025 maximum_wall_us=500000 pass=1
[15:36:29] TINYDRAW_OVERLAP_WORKLOAD operations=8 samples=1200 radius_world=80
[15:36:30] TINYDRAW_GATE1_PACED_COLD corpus=overlap zoom=50 x=215 y=255 steps=604 tiles=56 compute_us=498682 present_us=88615 touch_us=1160 pacing_us=17490 wall_us=605947 maximum_wall_us=500000 max_tick_us=10453 touch_samples=2842 touch_interval_max_us=2013 touch_read_max_us=607 touch_events=0 touch_down=0 touch_up=0 touch_events_ge_8ms=0 touch_event_age_max_us=0 touch_errors=0 touch_overflows=0 pass=0
[15:36:30] TINYDRAW_GATE1_PACED_COLD corpus=overlap zoom=100 x=583 y=703 steps=303 tiles=48 compute_us=285712 present_us=83393 touch_us=779 pacing_us=11091 wall_us=380975 maximum_wall_us=500000 max_tick_us=10064 touch_samples=447 touch_interval_max_us=1824 touch_read_max_us=518 touch_events=0 touch_down=0 touch_up=0 touch_events_ge_8ms=0 touch_event_age_max_us=0 touch_errors=0 touch_overflows=0 pass=1
[15:36:31] TINYDRAW_GATE1_PACED_COLD corpus=overlap zoom=200 x=1319 y=1599 steps=212 tiles=56 compute_us=266984 present_us=84746 touch_us=680 pacing_us=7559 wall_us=359969 maximum_wall_us=500000 max_tick_us=10324 touch_samples=430 touch_interval_max_us=1868 touch_read_max_us=491 touch_events=0 touch_down=0 touch_up=0 touch_events_ge_8ms=0 touch_event_age_max_us=0 touch_errors=0 touch_overflows=0 pass=1
[15:36:31] TINYDRAW_GATE1_PACED_COLD corpus=overlap zoom=400 x=2791 y=3391 steps=137 tiles=56 compute_us=233481 present_us=80981 touch_us=558 pacing_us=6951 wall_us=321971 maximum_wall_us=500000 max_tick_us=9115 touch_samples=398 touch_interval_max_us=1942 touch_read_max_us=483 touch_events=0 touch_down=0 touch_up=0 touch_events_ge_8ms=0 touch_event_age_max_us=0 touch_errors=0 touch_overflows=0 pass=1
[15:36:32] TINYDRAW_ADVERSARIAL_TAPERED_WORKLOAD operations=128 samples=4096 erasers=12 load_us=215387 appended=1
[15:36:33] TINYDRAW_GENERAL_COLD_WORKLOAD operations=910 samples=12157 hairline_operations=782 hairline_samples=8061 hairline_load_us=1105449 appended=1
[15:36:33] TINYDRAW_GATE1_PACED_COLD corpus=adversarial_tapered_4x+evil_hairlines zoom=50 x=0 y=0 steps=396 tiles=42 compute_us=433787 present_us=72411 touch_us=924 pacing_us=14857 wall_us=521979 maximum_wall_us=500000 max_tick_us=8765 touch_samples=1712 touch_interval_max_us=2079 touch_read_max_us=564 touch_events=0 touch_down=0 touch_up=0 touch_events_ge_8ms=0 touch_event_age_max_us=0 touch_errors=0 touch_overflows=0 pass=0
[15:36:34] TINYDRAW_GATE1_PACED_COLD corpus=adversarial_tapered_4x+evil_hairlines zoom=100 x=0 y=0 steps=702 tiles=42 compute_us=467458 present_us=71024 touch_us=1059 pacing_us=16441 wall_us=555982 maximum_wall_us=500000 max_tick_us=8563 touch_samples=638 touch_interval_max_us=1528 touch_read_max_us=471 touch_events=0 touch_down=0 touch_up=0 touch_events_ge_8ms=0 touch_event_age_max_us=0 touch_errors=0 touch_overflows=0 pass=0
[15:36:35] TINYDRAW_GATE1_PACED_COLD corpus=adversarial_tapered_4x+evil_hairlines zoom=200 x=0 y=0 steps=1140 tiles=42 compute_us=598516 present_us=70136 touch_us=1322 pacing_us=17009 wall_us=686983 maximum_wall_us=500000 max_tick_us=8686 touch_samples=769 touch_interval_max_us=1164 touch_read_max_us=447 touch_events=0 touch_down=0 touch_up=0 touch_events_ge_8ms=0 touch_event_age_max_us=0 touch_errors=0 touch_overflows=0 pass=0
[15:36:35] TINYDRAW_GATE1_PACED_COLD corpus=adversarial_tapered_4x+evil_hairlines zoom=400 x=0 y=0 steps=1123 tiles=42 compute_us=586148 present_us=68476 touch_us=1330 pacing_us=20075 wall_us=676029 maximum_wall_us=500000 max_tick_us=8693 touch_samples=744 touch_interval_max_us=1179 touch_read_max_us=454 touch_events=0 touch_down=0 touch_up=0 touch_events_ge_8ms=0 touch_event_age_max_us=0 touch_errors=0 touch_overflows=0 pass=0
[15:36:36] TINYDRAW_GATE1_WORKLOAD kind=realistic seed=7 operations=1000 samples=19844 maximum_stroke=198 load_us=551548 raw_source=1 lod_copies=0
[15:36:36] TINYDRAW_GATE1_PACED_COLD corpus=seed7 zoom=400 x=63 y=63 steps=325 tiles=56 compute_us=264980 present_us=87927 touch_us=585 pacing_us=7477 wall_us=360969 maximum_wall_us=500000 max_tick_us=10772 touch_samples=1095 touch_interval_max_us=2014 touch_read_max_us=514 touch_events=0 touch_down=0 touch_up=0 touch_events_ge_8ms=0 touch_event_age_max_us=0 touch_errors=0 touch_overflows=0 pass=1
[15:36:37] TINYDRAW_LIVE_PRESENT kind=gate_fallback zoom=100 x=0 y=0 compose_us=16755 scroll_us=0 exposed_compose_us=0 chrome_us=6714 chrome_prepare_us=2233 chrome_stage_us=4481 read_submit_us=32204 read_complete_us=35888 transfer_wait_us=20735 tile_pixels=0 uniform_pixels=0 overview_pixels=0 fallback_pixels=164864 resident_tiles=0 fallback_tiles=42 pushes=11 tear_wait_us=13098 tear_edge_isr_to_resume_us=16 tear_edge_observed=1 tear_edge_wait_resumed=1 tear_edge_timeout=0 tear_heal_attempted=0 tear_heal_command_sent=0 presentation_experiment=boundary-top-sweep te_edge=rising requested_clock_mhz=50 effective_clock_mhz=40 frame_reused=0 pass=1
[15:36:37] TINYDRAW_GATE1_HARD zoom=100 cold=1 operations=1000 samples=19844 steps=386 tiles=42 scanned=12000 rendered=4945 max_supertask_us=7669 presentation_us=71823 total_us=441698 maximum_wall_us=500000 pass=1
[15:36:37] TINYDRAW_GATE1_OVERLAY_CANVAS regions=zoom,minimap,toolbar,battery operations=4 presentation_mutations=0 authority=1 pass=1
[15:36:37] TINYDRAW_GATE1_LIVE_OVERLAY clear_updates=48 clear_wall_max_us=3936 clear_submit_max_us=2155 clear_complete_max_us=3084 overlay_updates=48 overlay_wall_max_us=3918 overlay_submit_max_us=2106 overlay_complete_max_us=3222 overlay_chrome_max_us=242 clear_failures=0 overlay_failures=0 pass=1
[15:36:37] TINYDRAW_EDGE_INK corners=4 edge_failures=0 pass=1
[15:36:38] TINYDRAW_GATE1_PAN zoom=100 from_x=0 from_y=0 to_x=88 to_y=88 compose_us=16140 scroll_us=12 exposed_compose_us=16128 chrome_us=2454 event_submit_us=29524 event_complete_us=32842 transfer_us=16502 setup=1 present=1 moved=1 frame_reused=1 pass=1
[15:36:38] TINYDRAW_LIVE_PRESENT kind=gate_fallback zoom=400 x=0 y=0 compose_us=15894 scroll_us=0 exposed_compose_us=0 chrome_us=6563 chrome_prepare_us=2260 chrome_stage_us=4303 read_submit_us=23404 read_complete_us=27074 transfer_wait_us=21042 tile_pixels=0 uniform_pixels=0 overview_pixels=0 fallback_pixels=164864 resident_tiles=0 fallback_tiles=42 pushes=11 tear_wait_us=5111 tear_edge_isr_to_resume_us=17 tear_edge_observed=1 tear_edge_wait_resumed=1 tear_edge_timeout=0 tear_heal_attempted=0 tear_heal_command_sent=0 presentation_experiment=boundary-top-sweep te_edge=rising requested_clock_mhz=50 effective_clock_mhz=40 frame_reused=0 pass=1
[15:36:38] TINYDRAW_GATE1_HARD zoom=400 cold=1 operations=1008 samples=19852 steps=248 tiles=42 scanned=12096 rendered=551 max_supertask_us=8847 presentation_us=72316 total_us=264309 maximum_wall_us=500000 pass=1
[15:36:39] TINYDRAW_GATE1_PAN zoom=400 from_x=0 from_y=0 to_x=88 to_y=88 compose_us=16119 scroll_us=12 exposed_compose_us=16107 chrome_us=2229 event_submit_us=29487 event_complete_us=32809 transfer_us=16542 setup=1 present=1 moved=1 frame_reused=1 pass=1
[15:36:43] TINYDRAW_PANSEQ_FRAME zoom=100 step=0 dx=24 dy=18 scroll_us=11 exposed_compose_us=4861 chrome_us=2385 tear_wait_us=8022 present_us=16931 prepare_us=10984 acquire_wait_us=23 ring_copy_us=8584 patch_us=2388 byte_swap_us=12 staging_us=4000 event_submit_us=13043 event_complete_us=16384 frame_us=29963 tear_edge_observed=1 frame_reused=1 pass=1
[15:36:43] TINYDRAW_PANSEQ_FRAME zoom=100 step=1 dx=24 dy=18 scroll_us=11 exposed_compose_us=4889 chrome_us=2387 tear_wait_us=11566 present_us=16323 prepare_us=10991 acquire_wait_us=24 ring_copy_us=8594 patch_us=2386 byte_swap_us=11 staging_us=3984 event_submit_us=16620 event_complete_us=19944 frame_us=32921 tear_edge_observed=1 frame_reused=1 pass=1
[15:36:43] TINYDRAW_PANSEQ_FRAME zoom=100 step=2 dx=24 dy=18 scroll_us=11 exposed_compose_us=4528 chrome_us=2394 tear_wait_us=12549 present_us=16706 prepare_us=11017 acquire_wait_us=24 ring_copy_us=8615 patch_us=2391 byte_swap_us=11 staging_us=3983 event_submit_us=17238 event_complete_us=20597 frame_us=33929 tear_edge_observed=1 frame_reused=1 pass=1
[15:36:43] TINYDRAW_PANSEQ_FRAME zoom=100 step=3 dx=24 dy=18 scroll_us=12 exposed_compose_us=5094 chrome_us=2391 tear_wait_us=11593 present_us=16085 prepare_us=11051 acquire_wait_us=23 ring_copy_us=8647 patch_us=2394 byte_swap_us=10 staging_us=3950 event_submit_us=16842 event_complete_us=20206 frame_us=32912 tear_edge_observed=1 frame_reused=1 pass=1
[15:36:43] TINYDRAW_PANSEQ_FRAME zoom=100 step=4 dx=24 dy=18 scroll_us=11 exposed_compose_us=4661 chrome_us=2460 tear_wait_us=12651 present_us=16475 prepare_us=11041 acquire_wait_us=22 ring_copy_us=8575 patch_us=2456 byte_swap_us=10 staging_us=3929 event_submit_us=17477 event_complete_us=20798 frame_us=33930 tear_edge_observed=1 frame_reused=1 pass=1
[15:36:43] TINYDRAW_PANSEQ_FRAME zoom=100 step=5 dx=24 dy=18 scroll_us=12 exposed_compose_us=4946 chrome_us=2420 tear_wait_us=11970 present_us=16870 prepare_us=11000 acquire_wait_us=23 ring_copy_us=8572 patch_us=2416 byte_swap_us=12 staging_us=4007 event_submit_us=17072 event_complete_us=20431 frame_us=33926 tear_edge_observed=1 frame_reused=1 pass=1
[15:36:43] TINYDRAW_PANSEQ_FRAME zoom=100 step=6 dx=24 dy=18 scroll_us=11 exposed_compose_us=4549 chrome_us=2371 tear_wait_us=11974 present_us=16251 prepare_us=11007 acquire_wait_us=28 ring_copy_us=8622 patch_us=2373 byte_swap_us=12 staging_us=3953 event_submit_us=16692 event_complete_us=20012 frame_us=32929 tear_edge_observed=1 frame_reused=1 pass=1
[15:36:43] TINYDRAW_PANSEQ_FRAME zoom=100 step=7 dx=24 dy=18 scroll_us=12 exposed_compose_us=5007 chrome_us=2392 tear_wait_us=12136 present_us=16649 prepare_us=10961 acquire_wait_us=29 ring_copy_us=8545 patch_us=2400 byte_swap_us=16 staging_us=3990 event_submit_us=17292 event_complete_us=20597 frame_us=33927 tear_edge_observed=1 frame_reused=1 pass=1
[15:36:43] TINYDRAW_PANSEQ_FRAME zoom=100 step=8 dx=24 dy=18 scroll_us=12 exposed_compose_us=4957 chrome_us=2406 tear_wait_us=11769 present_us=16047 prepare_us=11077 acquire_wait_us=22 ring_copy_us=8657 patch_us=2410 byte_swap_us=10 staging_us=3922 event_submit_us=16904 event_complete_us=20245 frame_us=32929 tear_edge_observed=1 frame_reused=1 pass=1
[15:36:43] TINYDRAW_PANSEQ_FRAME zoom=100 step=9 dx=24 dy=18 scroll_us=12 exposed_compose_us=4961 chrome_us=2480 tear_wait_us=12385 present_us=16436 prepare_us=10994 acquire_wait_us=24 ring_copy_us=8501 patch_us=2482 byte_swap_us=11 staging_us=3982 event_submit_us=17502 event_complete_us=20851 frame_us=33925 tear_edge_observed=1 frame_reused=1 pass=1
[15:36:43] TINYDRAW_PANSEQ_FRAME zoom=100 step=10 dx=24 dy=18 scroll_us=11 exposed_compose_us=4638 chrome_us=2400 tear_wait_us=12314 present_us=16834 prepare_us=11074 acquire_wait_us=21 ring_copy_us=8660 patch_us=2402 byte_swap_us=12 staging_us=3918 event_submit_us=17110 event_complete_us=20455 frame_us=33931 tear_edge_observed=1 frame_reused=1 pass=1
[15:36:43] TINYDRAW_PANSEQ_FRAME zoom=100 step=11 dx=24 dy=18 scroll_us=11 exposed_compose_us=5349 chrome_us=2412 tear_wait_us=11199 present_us=16227 prepare_us=10986 acquire_wait_us=25 ring_copy_us=8568 patch_us=2406 byte_swap_us=12 staging_us=4005 event_submit_us=16710 event_complete_us=20045 frame_us=32925 tear_edge_observed=1 frame_reused=1 pass=1
[15:36:43] TINYDRAW_PANSEQ_FRAME zoom=100 step=12 dx=24 dy=18 scroll_us=11 exposed_compose_us=4707 chrome_us=2393 tear_wait_us=12440 present_us=16638 prepare_us=10997 acquire_wait_us=29 ring_copy_us=8590 patch_us=2395 byte_swap_us=12 staging_us=3954 event_submit_us=17307 event_complete_us=20610 frame_us=33930 tear_edge_observed=1 frame_reused=1 pass=1
[15:36:43] TINYDRAW_PANSEQ_FRAME zoom=100 step=13 dx=24 dy=18 scroll_us=11 exposed_compose_us=4990 chrome_us=2402 tear_wait_us=11733 present_us=16047 prepare_us=11044 acquire_wait_us=22 ring_copy_us=8634 patch_us=2398 byte_swap_us=12 staging_us=3956 event_submit_us=16899 event_complete_us=20248 frame_us=32926 tear_edge_observed=1 frame_reused=1 pass=1
[15:36:43] TINYDRAW_PANSEQ_FRAME zoom=100 step=14 dx=24 dy=18 scroll_us=11 exposed_compose_us=4795 chrome_us=2452 tear_wait_us=12532 present_us=16452 prepare_us=11045 acquire_wait_us=26 ring_copy_us=8587 patch_us=2446 byte_swap_us=12 staging_us=3937 event_submit_us=17492 event_complete_us=20829 frame_us=33930 tear_edge_observed=1 frame_reused=1 pass=1
[15:36:43] TINYDRAW_PANSEQ_FRAME zoom=100 step=15 dx=24 dy=18 scroll_us=12 exposed_compose_us=5106 chrome_us=2410 tear_wait_us=11827 present_us=16854 prepare_us=11002 acquire_wait_us=22 ring_copy_us=8577 patch_us=2413 byte_swap_us=12 staging_us=3985 event_submit_us=17088 event_complete_us=20437 frame_us=33926 tear_edge_observed=1 frame_reused=1 pass=1
[15:36:43] TINYDRAW_PANSEQ_FRAME zoom=100 step=16 dx=72 dy=54 scroll_us=11 exposed_compose_us=13087 chrome_us=2354 tear_wait_us=3450 present_us=16249 prepare_us=10979 acquire_wait_us=24 ring_copy_us=8614 patch_us=2354 byte_swap_us=11 staging_us=3952 event_submit_us=16695 event_complete_us=19990 frame_us=32929 tear_edge_observed=1 frame_reused=1 pass=1
[15:36:43] TINYDRAW_PANSEQ_FRAME zoom=100 step=17 dx=72 dy=54 scroll_us=12 exposed_compose_us=12874 chrome_us=2407 tear_wait_us=4256 present_us=16655 prepare_us=10955 acquire_wait_us=29 ring_copy_us=8541 patch_us=2403 byte_swap_us=11 staging_us=3996 event_submit_us=17288 event_complete_us=20588 frame_us=33927 tear_edge_observed=1 frame_reused=1 pass=1
[15:36:43] TINYDRAW_PANSEQ_FRAME zoom=100 step=18 dx=72 dy=54 scroll_us=11 exposed_compose_us=12194 chrome_us=2390 tear_wait_us=4524 present_us=16052 prepare_us=11050 acquire_wait_us=24 ring_copy_us=8651 patch_us=2389 byte_swap_us=10 staging_us=3926 event_submit_us=16898 event_complete_us=20227 frame_us=32929 tear_edge_observed=1 frame_reused=1 pass=1
[15:36:43] TINYDRAW_PANSEQ_FRAME zoom=100 step=19 dx=72 dy=54 scroll_us=12 exposed_compose_us=12481 chrome_us=2459 tear_wait_us=4868 present_us=16435 prepare_us=10973 acquire_wait_us=27 ring_copy_us=8507 patch_us=2455 byte_swap_us=11 staging_us=3984 event_submit_us=17504 event_complete_us=20812 frame_us=33925 tear_edge_observed=1 frame_reused=1 pass=1
[15:36:44] TINYDRAW_PANSEQ_FRAME zoom=100 step=20 dx=-72 dy=-54 scroll_us=11 exposed_compose_us=13211 chrome_us=2401 tear_wait_us=3747 present_us=16830 prepare_us=11021 acquire_wait_us=22 ring_copy_us=8604 patch_us=2405 byte_swap_us=12 staging_us=3951 event_submit_us=17115 event_complete_us=20442 frame_us=33931 tear_edge_observed=1 frame_reused=1 pass=1
[15:36:44] TINYDRAW_PANSEQ_FRAME zoom=100 step=21 dx=-72 dy=-54 scroll_us=11 exposed_compose_us=12964 chrome_us=2378 tear_wait_us=3609 present_us=16214 prepare_us=10916 acquire_wait_us=29 ring_copy_us=8523 patch_us=2382 byte_swap_us=11 staging_us=4012 event_submit_us=16726 event_complete_us=20015 frame_us=32925 tear_edge_observed=1 frame_reused=1 pass=1
[15:36:44] TINYDRAW_PANSEQ_FRAME zoom=100 step=22 dx=-72 dy=-54 scroll_us=11 exposed_compose_us=12984 chrome_us=2382 tear_wait_us=4192 present_us=16610 prepare_us=10935 acquire_wait_us=23 ring_copy_us=8542 patch_us=2383 byte_swap_us=10 staging_us=3985 event_submit_us=17336 event_complete_us=20617 frame_us=33930 tear_edge_observed=1 frame_reused=1 pass=1
[15:36:44] TINYDRAW_PANSEQ_FRAME zoom=100 step=23 dx=-72 dy=-54 scroll_us=12 exposed_compose_us=12516 chrome_us=2419 tear_wait_us=4244 present_us=16014 prepare_us=11007 acquire_wait_us=24 ring_copy_us=8578 patch_us=2418 byte_swap_us=11 staging_us=3985 event_submit_us=16935 event_complete_us=20260 frame_us=32926 tear_edge_observed=1 frame_reused=1 pass=1
[15:36:44] TINYDRAW_PANSEQ_STRIP zoom=100 strip=0 panel_y=0 rows=44 samples=24 staging_mean_us=1460 staging_max_us=1496 wire_budget_us=1619 over_budget_us=0 pass=1
[15:36:44] TINYDRAW_PANSEQ_STRIP zoom=100 strip=1 panel_y=44 rows=44 samples=24 staging_mean_us=1239 staging_max_us=1262 wire_budget_us=1619 over_budget_us=0 pass=1
[15:36:44] TINYDRAW_PANSEQ_STRIP zoom=100 strip=2 panel_y=88 rows=44 samples=24 staging_mean_us=1212 staging_max_us=1229 wire_budget_us=1619 over_budget_us=0 pass=1
[15:36:44] TINYDRAW_PANSEQ_STRIP zoom=100 strip=3 panel_y=132 rows=44 samples=24 staging_mean_us=1204 staging_max_us=1216 wire_budget_us=1619 over_budget_us=0 pass=1
[15:36:44] TINYDRAW_PANSEQ_STRIP zoom=100 strip=4 panel_y=176 rows=44 samples=24 staging_mean_us=1208 staging_max_us=1226 wire_budget_us=1619 over_budget_us=0 pass=1
[15:36:44] TINYDRAW_PANSEQ_STRIP zoom=100 strip=5 panel_y=220 rows=44 samples=24 staging_mean_us=1229 staging_max_us=1248 wire_budget_us=1619 over_budget_us=0 pass=1
[15:36:44] TINYDRAW_PANSEQ_STRIP zoom=100 strip=6 panel_y=264 rows=44 samples=24 staging_mean_us=1418 staging_max_us=1446 wire_budget_us=1619 over_budget_us=0 pass=1
[15:36:44] TINYDRAW_PANSEQ_STRIP zoom=100 strip=7 panel_y=308 rows=44 samples=24 staging_mean_us=1395 staging_max_us=1422 wire_budget_us=1619 over_budget_us=0 pass=1
[15:36:44] TINYDRAW_PANSEQ_STRIP zoom=100 strip=8 panel_y=352 rows=20 samples=24 staging_mean_us=660 staging_max_us=694 wire_budget_us=736 over_budget_us=0 pass=1
[15:36:44] TINYDRAW_GATE1_PANSEQ zoom=100 frames=24 scroll_avg_us=11 exposed_avg_us=7514 chrome_avg_us=2406 tear_wait_avg_us=9231 present_avg_us=16453 prepare_avg_us=11004 acquire_wait_avg_us=24 ring_copy_avg_us=8587 patch_avg_us=2406 byte_swap_avg_us=11 staging_avg_us=3968 frame_avg_us=33345 frame_p50_us=33925 frame_p95_us=33931 frame_max_us=33931 complete_p50_us=20431 complete_p95_us=20829 complete_max_us=20851 tear_edge_failures=0 presentation_experiment=boundary-top-sweep te_edge=rising requested_clock_mhz=50 effective_clock_mhz=40 chrome_bottom_redraws=0 chrome_battery_redraws=0 chrome_zoom_redraws=0 chrome_minimap_base_redraws=0 strip_samples=216 staging_mean_us=1225 staging_max_us=1496 worst_strip=8 worst_strip_y=352 worst_wire_budget_us=736 worst_headroom_us=42 staging_invariant=1 pacing_pass=1 all_reused=1 pass=1
[15:36:46] TINYDRAW_PANSEQ_FRAME zoom=400 step=0 dx=24 dy=18 scroll_us=12 exposed_compose_us=4865 chrome_us=2211 tear_wait_us=8160 present_us=16802 prepare_us=10892 acquire_wait_us=23 ring_copy_us=8668 patch_us=2214 byte_swap_us=10 staging_us=4117 event_submit_us=13183 event_complete_us=16538 frame_us=29976 tear_edge_observed=1 frame_reused=1 pass=1
[15:36:47] TINYDRAW_PANSEQ_FRAME zoom=400 step=1 dx=24 dy=18 scroll_us=11 exposed_compose_us=4797 chrome_us=2205 tear_wait_us=11758 present_us=16206 prepare_us=10833 acquire_wait_us=22 ring_copy_us=8624 patch_us=2199 byte_swap_us=10 staging_us=4155 event_submit_us=16718 event_complete_us=20056 frame_us=32911 tear_edge_observed=1 frame_reused=1 pass=1
[15:36:47] TINYDRAW_PANSEQ_FRAME zoom=400 step=2 dx=24 dy=18 scroll_us=12 exposed_compose_us=4447 chrome_us=2190 tear_wait_us=12707 present_us=16627 prepare_us=10767 acquire_wait_us=26 ring_copy_us=8563 patch_us=2193 byte_swap_us=11 staging_us=4184 event_submit_us=17315 event_complete_us=20624 frame_us=33928 tear_edge_observed=1 frame_reused=1 pass=1
[15:36:47] TINYDRAW_PANSEQ_FRAME zoom=400 step=3 dx=24 dy=18 scroll_us=12 exposed_compose_us=4854 chrome_us=2238 tear_wait_us=11878 present_us=16036 prepare_us=10837 acquire_wait_us=23 ring_copy_us=8592 patch_us=2235 byte_swap_us=10 staging_us=4144 event_submit_us=16909 event_complete_us=20239 frame_us=32927 tear_edge_observed=1 frame_reused=1 pass=1
[15:36:47] TINYDRAW_PANSEQ_FRAME zoom=400 step=4 dx=24 dy=18 scroll_us=11 exposed_compose_us=4423 chrome_us=2262 tear_wait_us=12919 present_us=16446 prepare_us=10834 acquire_wait_us=28 ring_copy_us=8544 patch_us=2279 byte_swap_us=11 staging_us=4138 event_submit_us=17496 event_complete_us=20827 frame_us=33929 tear_edge_observed=1 frame_reused=1 pass=1
[15:36:47] TINYDRAW_PANSEQ_FRAME zoom=400 step=5 dx=24 dy=18 scroll_us=12 exposed_compose_us=4685 chrome_us=2239 tear_wait_us=12236 present_us=16863 prepare_us=10822 acquire_wait_us=25 ring_copy_us=8571 patch_us=2239 byte_swap_us=12 staging_us=4179 event_submit_us=17076 event_complete_us=20429 frame_us=33926 tear_edge_observed=1 frame_reused=1 pass=1
[15:36:47] TINYDRAW_PANSEQ_FRAME zoom=400 step=6 dx=24 dy=18 scroll_us=11 exposed_compose_us=4523 chrome_us=2175 tear_wait_us=11990 present_us=16270 prepare_us=10819 acquire_wait_us=22 ring_copy_us=8630 patch_us=2177 byte_swap_us=12 staging_us=4127 event_submit_us=16684 event_complete_us=19999 frame_us=32930 tear_edge_observed=1 frame_reused=1 pass=1
[15:36:47] TINYDRAW_PANSEQ_FRAME zoom=400 step=7 dx=24 dy=18 scroll_us=12 exposed_compose_us=5131 chrome_us=2206 tear_wait_us=11981 present_us=16672 prepare_us=10776 acquire_wait_us=28 ring_copy_us=8556 patch_us=2208 byte_swap_us=12 staging_us=4194 event_submit_us=17267 event_complete_us=20592 frame_us=33926 tear_edge_observed=1 frame_reused=1 pass=1
[15:36:47] TINYDRAW_PANSEQ_FRAME zoom=400 step=8 dx=24 dy=18 scroll_us=12 exposed_compose_us=5162 chrome_us=2220 tear_wait_us=11518 present_us=16090 prepare_us=10909 acquire_wait_us=22 ring_copy_us=8675 patch_us=2222 byte_swap_us=12 staging_us=4063 event_submit_us=16841 event_complete_us=20180 frame_us=32917 tear_edge_observed=1 frame_reused=1 pass=1
[15:36:47] TINYDRAW_PANSEQ_FRAME zoom=400 step=9 dx=24 dy=18 scroll_us=12 exposed_compose_us=5190 chrome_us=2270 tear_wait_us=12095 present_us=16498 prepare_us=10810 acquire_wait_us=23 ring_copy_us=8530 patch_us=2268 byte_swap_us=12 staging_us=4155 event_submit_us=17449 event_complete_us=20767 frame_us=33924 tear_edge_observed=1 frame_reused=1 pass=1
[15:36:47] TINYDRAW_PANSEQ_FRAME zoom=400 step=10 dx=24 dy=18 scroll_us=11 exposed_compose_us=4853 chrome_us=2183 tear_wait_us=12016 present_us=16916 prepare_us=10780 acquire_wait_us=23 ring_copy_us=8577 patch_us=2192 byte_swap_us=11 staging_us=4198 event_submit_us=17028 event_complete_us=20367 frame_us=33931 tear_edge_observed=1 frame_reused=1 pass=1
[15:36:47] TINYDRAW_PANSEQ_FRAME zoom=400 step=11 dx=24 dy=18 scroll_us=11 exposed_compose_us=5694 chrome_us=2212 tear_wait_us=10743 present_us=16348 prepare_us=10828 acquire_wait_us=25 ring_copy_us=8602 patch_us=2215 byte_swap_us=11 staging_us=4147 event_submit_us=16590 event_complete_us=19934 frame_us=32925 tear_edge_observed=1 frame_reused=1 pass=1
[15:36:47] TINYDRAW_PANSEQ_FRAME zoom=400 step=12 dx=24 dy=18 scroll_us=12 exposed_compose_us=5025 chrome_us=2221 tear_wait_us=11972 present_us=16797 prepare_us=10879 acquire_wait_us=23 ring_copy_us=8645 patch_us=2222 byte_swap_us=12 staging_us=4101 event_submit_us=17155 event_complete_us=20495 frame_us=33937 tear_edge_observed=1 frame_reused=1 pass=1
[15:36:47] TINYDRAW_PANSEQ_FRAME zoom=400 step=13 dx=24 dy=18 scroll_us=11 exposed_compose_us=5226 chrome_us=2204 tear_wait_us=11330 present_us=16218 prepare_us=10805 acquire_wait_us=29 ring_copy_us=8583 patch_us=2203 byte_swap_us=19 staging_us=4181 event_submit_us=16713 event_complete_us=20053 frame_us=32918 tear_edge_observed=1 frame_reused=1 pass=1
[15:36:47] TINYDRAW_PANSEQ_FRAME zoom=400 step=14 dx=24 dy=18 scroll_us=11 exposed_compose_us=5098 chrome_us=2191 tear_wait_us=12038 present_us=16650 prepare_us=10801 acquire_wait_us=30 ring_copy_us=8592 patch_us=2190 byte_swap_us=19 staging_us=4162 event_submit_us=17293 event_complete_us=20604 frame_us=33929 tear_edge_observed=1 frame_reused=1 pass=1
[15:36:47] TINYDRAW_PANSEQ_FRAME zoom=400 step=15 dx=24 dy=18 scroll_us=12 exposed_compose_us=5343 chrome_us=2225 tear_wait_us=11346 present_us=16073 prepare_us=10889 acquire_wait_us=24 ring_copy_us=8657 patch_us=2221 byte_swap_us=11 staging_us=4135 event_submit_us=16866 event_complete_us=20232 frame_us=32926 tear_edge_observed=1 frame_reused=1 pass=1
[15:36:47] TINYDRAW_PANSEQ_FRAME zoom=400 step=16 dx=72 dy=54 scroll_us=11 exposed_compose_us=13986 chrome_us=2271 tear_wait_us=3306 present_us=16492 prepare_us=10849 acquire_wait_us=26 ring_copy_us=8574 patch_us=2263 byte_swap_us=12 staging_us=4104 event_submit_us=17468 event_complete_us=20779 frame_us=33930 tear_edge_observed=1 frame_reused=1 pass=1
[15:36:47] TINYDRAW_PANSEQ_FRAME zoom=400 step=17 dx=72 dy=54 scroll_us=12 exposed_compose_us=13556 chrome_us=2217 tear_wait_us=3292 present_us=16921 prepare_us=10750 acquire_wait_us=22 ring_copy_us=8540 patch_us=2198 byte_swap_us=12 staging_us=4232 event_submit_us=17018 event_complete_us=20360 frame_us=33926 tear_edge_observed=1 frame_reused=1 pass=1
[15:36:47] TINYDRAW_PANSEQ_FRAME zoom=400 step=18 dx=72 dy=54 scroll_us=11 exposed_compose_us=13604 chrome_us=2194 tear_wait_us=2839 present_us=16339 prepare_us=10847 acquire_wait_us=23 ring_copy_us=8643 patch_us=2193 byte_swap_us=11 staging_us=4112 event_submit_us=16604 event_complete_us=19930 frame_us=32930 tear_edge_observed=1 frame_reused=1 pass=1
[15:36:47] TINYDRAW_PANSEQ_FRAME zoom=400 step=19 dx=72 dy=54 scroll_us=12 exposed_compose_us=14441 chrome_us=2229 tear_wait_us=2594 present_us=16745 prepare_us=10827 acquire_wait_us=23 ring_copy_us=8589 patch_us=2226 byte_swap_us=12 staging_us=4178 event_submit_us=17192 event_complete_us=20537 frame_us=33924 tear_edge_observed=1 frame_reused=1 pass=1
[15:36:47] TINYDRAW_PANSEQ_FRAME zoom=400 step=20 dx=-72 dy=-54 scroll_us=11 exposed_compose_us=13989 chrome_us=2201 tear_wait_us=2625 present_us=16156 prepare_us=10826 acquire_wait_us=23 ring_copy_us=8612 patch_us=2202 byte_swap_us=12 staging_us=4104 event_submit_us=16774 event_complete_us=20076 frame_us=32918 tear_edge_observed=1 frame_reused=1 pass=1
[15:36:47] TINYDRAW_PANSEQ_FRAME zoom=400 step=21 dx=-72 dy=-54 scroll_us=11 exposed_compose_us=13648 chrome_us=2217 tear_wait_us=3573 present_us=16563 prepare_us=10674 acquire_wait_us=22 ring_copy_us=8444 patch_us=2220 byte_swap_us=10 staging_us=4202 event_submit_us=17376 event_complete_us=20671 frame_us=33925 tear_edge_observed=1 frame_reused=1 pass=1
[15:36:47] TINYDRAW_PANSEQ_FRAME zoom=400 step=22 dx=-72 dy=-54 scroll_us=12 exposed_compose_us=13504 chrome_us=2217 tear_wait_us=3294 present_us=15987 prepare_us=10838 acquire_wait_us=22 ring_copy_us=8606 patch_us=2222 byte_swap_us=10 staging_us=4133 event_submit_us=16957 event_complete_us=20272 frame_us=32930 tear_edge_observed=1 frame_reused=1 pass=1
[15:36:47] TINYDRAW_PANSEQ_FRAME zoom=400 step=23 dx=-72 dy=-54 scroll_us=12 exposed_compose_us=12696 chrome_us=2261 tear_wait_us=4673 present_us=16414 prepare_us=10846 acquire_wait_us=24 ring_copy_us=8567 patch_us=2267 byte_swap_us=12 staging_us=4123 event_submit_us=17523 event_complete_us=20847 frame_us=33926 tear_edge_observed=1 frame_reused=1 pass=1
[15:36:47] TINYDRAW_PANSEQ_STRIP zoom=400 strip=0 panel_y=0 rows=44 samples=24 staging_mean_us=1458 staging_max_us=1501 wire_budget_us=1619 over_budget_us=0 pass=1
[15:36:47] TINYDRAW_PANSEQ_STRIP zoom=400 strip=1 panel_y=44 rows=44 samples=24 staging_mean_us=1240 staging_max_us=1257 wire_budget_us=1619 over_budget_us=0 pass=1
[15:36:47] TINYDRAW_PANSEQ_STRIP zoom=400 strip=2 panel_y=88 rows=44 samples=24 staging_mean_us=1211 staging_max_us=1236 wire_budget_us=1619 over_budget_us=0 pass=1
[15:36:47] TINYDRAW_PANSEQ_STRIP zoom=400 strip=3 panel_y=132 rows=44 samples=24 staging_mean_us=1205 staging_max_us=1221 wire_budget_us=1619 over_budget_us=0 pass=1
[15:36:47] TINYDRAW_PANSEQ_STRIP zoom=400 strip=4 panel_y=176 rows=44 samples=24 staging_mean_us=1209 staging_max_us=1226 wire_budget_us=1619 over_budget_us=0 pass=1
[15:36:47] TINYDRAW_PANSEQ_STRIP zoom=400 strip=5 panel_y=220 rows=44 samples=24 staging_mean_us=1185 staging_max_us=1208 wire_budget_us=1619 over_budget_us=0 pass=1
[15:36:47] TINYDRAW_PANSEQ_STRIP zoom=400 strip=6 panel_y=264 rows=44 samples=24 staging_mean_us=1369 staging_max_us=1404 wire_budget_us=1619 over_budget_us=0 pass=1
[15:36:47] TINYDRAW_PANSEQ_STRIP zoom=400 strip=7 panel_y=308 rows=44 samples=24 staging_mean_us=1350 staging_max_us=1373 wire_budget_us=1619 over_budget_us=0 pass=1
[15:36:47] TINYDRAW_PANSEQ_STRIP zoom=400 strip=8 panel_y=352 rows=20 samples=24 staging_mean_us=616 staging_max_us=656 wire_budget_us=736 over_budget_us=0 pass=1
[15:36:47] TINYDRAW_GATE1_PANSEQ zoom=400 frames=24 scroll_avg_us=11 exposed_avg_us=7864 chrome_avg_us=2219 tear_wait_avg_us=8870 present_avg_us=16463 prepare_avg_us=10822 acquire_wait_avg_us=24 ring_copy_avg_us=8591 patch_avg_us=2219 byte_swap_avg_us=11 staging_avg_us=4148 frame_avg_us=33344 frame_p50_us=33924 frame_p95_us=33931 frame_max_us=33937 complete_p50_us=20360 complete_p95_us=20827 complete_max_us=20847 tear_edge_failures=0 presentation_experiment=boundary-top-sweep te_edge=rising requested_clock_mhz=50 effective_clock_mhz=40 chrome_bottom_redraws=0 chrome_battery_redraws=0 chrome_zoom_redraws=0 chrome_minimap_base_redraws=0 strip_samples=216 staging_mean_us=1205 staging_max_us=1501 worst_strip=8 worst_strip_y=352 worst_wire_budget_us=736 worst_headroom_us=80 staging_invariant=1 pacing_pass=1 all_reused=1 pass=1
[15:36:48] TINYDRAW_GATE1_PAN_BOUNDARY zoom=100 slow_1px_trace=1 below_delta=94 below_reused=1 at_delta=96 at_reused=1 above_delta=98 above_fallback=1 pass=1
[15:36:48] TINYDRAW_GATE1_PAN_BOUNDARY zoom=400 slow_1px_trace=1 below_delta=94 below_reused=1 at_delta=96 at_reused=1 above_delta=98 above_fallback=1 pass=1
[15:36:48] TINYDRAW_GATE1_DRAW_FILL zoom=400 revision=2930 append_us=1003 poll_gap_us=97 event_submit_us=222 event_complete_us=2222 max_compute_slice_us=4938 max_display_slice_us=17290 fill_us=273507 revision_restarted=1 pass=1
[15:36:49] TINYDRAW_GATE1_CACHE_FILL zoom=50 x=63 y=63 published=56 total_us=739971 within_cold_gate=0 complete=1
[15:36:50] TINYDRAW_GATE1_CACHE_FILL zoom=100 x=63 y=63 published=56 total_us=596970 within_cold_gate=0 complete=1
[15:36:50] TINYDRAW_GATE1_CACHE_FILL zoom=200 x=63 y=63 published=56 total_us=440970 within_cold_gate=1 complete=1
[15:36:51] TINYDRAW_GATE1_CACHE_FILL zoom=400 x=63 y=63 published=56 total_us=378968 within_cold_gate=1 complete=1
[15:36:51] TINYDRAW_GATE1_CACHE_REVISIT zoom=50 remaining=0 tile_pixels=118128 fallback_pixels=0 compose_us=17773 complete_us=20464 hit=1
[15:36:51] TINYDRAW_GATE1_CACHE_REVISIT zoom=100 remaining=0 tile_pixels=164864 fallback_pixels=0 compose_us=19579 complete_us=21039 hit=1
[15:36:51] TINYDRAW_GATE1_CACHE_REVISIT zoom=200 remaining=0 tile_pixels=164864 fallback_pixels=0 compose_us=20564 complete_us=20614 hit=1
[15:36:51] TINYDRAW_GATE1_CACHE_REVISIT zoom=400 remaining=0 tile_pixels=164608 fallback_pixels=0 compose_us=21530 complete_us=20189 hit=1
[15:36:51] TINYDRAW_GATE1_CACHE_FILL zoom=400 x=575 y=575 published=56 total_us=411971 within_cold_gate=1 complete=1
[15:36:51] TINYDRAW_GATE1_CACHE_ROUND_TRIP zoom=50 from_x=63 from_y=63 via_x=575 via_y=575 remaining=0 tile_pixels=118128 fallback_pixels=0 compose_us=17839 complete_us=20592 hit=1
[15:36:52] TINYDRAW_GATE1_CACHE_ROUND_TRIP zoom=100 from_x=63 from_y=63 via_x=575 via_y=575 remaining=0 tile_pixels=164864 fallback_pixels=0 compose_us=19662 complete_us=21203 hit=1
[15:36:52] TINYDRAW_GATE1_CACHE_ROUND_TRIP zoom=200 from_x=63 from_y=63 via_x=575 via_y=575 remaining=0 tile_pixels=164864 fallback_pixels=0 compose_us=20528 complete_us=20827 hit=1
[15:36:52] TINYDRAW_GATE1_CACHE_ROUND_TRIP zoom=400 from_x=63 from_y=63 via_x=575 via_y=575 remaining=0 tile_pixels=164608 fallback_pixels=0 compose_us=21543 complete_us=20427 hit=1
[15:36:52] TINYDRAW_GATE1_CACHE_RETENTION pass=1 slots=448 revision=2930
[15:36:53] TINYDRAW_PAPER_SWEEP zoom=100 identities=644 raw=266 uniform=378 fallback=0 slots=448 total_us=1668421 pass=1
[15:36:53] TINYDRAW_RERENDER_LEDGER_RESET site=cache_tour_start
[15:36:58] TINYDRAW_GATE1_CACHE_TOUR slots=448 stops=16 forward_steps=2595 forward_tiles=832 forward_wall_us=2336541 return_missing_tiles=0 return_steps=16 return_tiles=0 return_wall_us=43601 home_missing=0 home_fallback_pixels=0 pass=1
[15:36:58] TINYDRAW_RERENDER_LEDGER site=cache_tour renders=137 unique=137 amplification=1.000 cold=137 damage=0 evict=0 stale=0 unexplained=0
[15:36:59] TINYDRAW_GATE1_MIXED_DRAW_WARM zoom=50 fill_tiles=56 fill_us=655839 raw=42 uniform=14
[15:36:59] TINYDRAW_GATE1_MIXED_DRAW_WARM zoom=100 fill_tiles=56 fill_us=509332 raw=56 uniform=0
[15:37:00] TINYDRAW_GATE1_MIXED_DRAW_WARM zoom=200 fill_tiles=56 fill_us=417140 raw=56 uniform=0
[15:37:00] TINYDRAW_GATE1_MIXED_DRAW_WARM zoom=400 fill_tiles=42 fill_us=265477 raw=42 uniform=0
[15:37:01] TINYDRAW_GATE1_MIXED_DRAW zoom=25 tool=pen chunks=50 append_max_us=13261 append_avg_us=11879 append_total_us=593972 affected_tiles=196 published=0 fallback=196 visible_fallback=0 ph_prepare_max_us=148 ph_overview_max_us=9017 ph_enumerate_max_us=546 ph_uniform_max_us=91 ph_raw_max_us=15 ph_commit_max_us=3571 committed=1 authority=1 refresh=1 run_ok=1 pass=1
[15:37:02] TINYDRAW_GATE1_MIXED_DRAW zoom=25 tool=eraser chunks=50 append_max_us=13297 append_avg_us=11820 append_total_us=591043 affected_tiles=0 published=0 fallback=0 visible_fallback=0 ph_prepare_max_us=153 ph_overview_max_us=9095 ph_enumerate_max_us=480 ph_uniform_max_us=13 ph_raw_max_us=18 ph_commit_max_us=3592 committed=1 authority=1 refresh=1 run_ok=1 pass=1
[15:37:04] TINYDRAW_GATE1_MIXED_DRAW zoom=50 tool=pen chunks=50 append_max_us=19486 append_avg_us=16411 append_total_us=820584 affected_tiles=422 published=400 fallback=22 visible_fallback=0 ph_prepare_max_us=183 ph_overview_max_us=3841 ph_enumerate_max_us=519 ph_uniform_max_us=5395 ph_raw_max_us=12276 ph_commit_max_us=1727 committed=1 authority=1 refresh=1 run_ok=1 pass=0
[15:37:05] TINYDRAW_GATE1_MIXED_DRAW zoom=50 tool=eraser chunks=50 append_max_us=18144 append_avg_us=16162 append_total_us=808145 affected_tiles=405 published=405 fallback=0 visible_fallback=0 ph_prepare_max_us=175 ph_overview_max_us=3833 ph_enumerate_max_us=545 ph_uniform_max_us=27 ph_raw_max_us=12259 ph_commit_max_us=1572 committed=1 authority=1 refresh=1 run_ok=1 pass=0
[15:37:07] TINYDRAW_GATE1_MIXED_DRAW zoom=100 tool=pen chunks=50 append_max_us=15878 append_avg_us=13864 append_total_us=693233 affected_tiles=450 published=398 fallback=52 visible_fallback=0 ph_prepare_max_us=178 ph_overview_max_us=1926 ph_enumerate_max_us=558 ph_uniform_max_us=4453 ph_raw_max_us=12279 ph_commit_max_us=981 committed=1 authority=1 refresh=1 run_ok=1 pass=0
[15:37:08] TINYDRAW_GATE1_MIXED_DRAW zoom=100 tool=eraser chunks=50 append_max_us=15338 append_avg_us=13635 append_total_us=681778 affected_tiles=399 published=399 fallback=0 visible_fallback=0 ph_prepare_max_us=176 ph_overview_max_us=1938 ph_enumerate_max_us=482 ph_uniform_max_us=27 ph_raw_max_us=12364 ph_commit_max_us=818 committed=1 authority=1 refresh=1 run_ok=1 pass=0
[15:37:10] TINYDRAW_GATE1_MIXED_DRAW zoom=200 tool=pen chunks=50 append_max_us=15323 append_avg_us=12836 append_total_us=641831 affected_tiles=425 published=389 fallback=36 visible_fallback=0 ph_prepare_max_us=166 ph_overview_max_us=1090 ph_enumerate_max_us=578 ph_uniform_max_us=4536 ph_raw_max_us=12298 ph_commit_max_us=814 committed=1 authority=1 refresh=1 run_ok=1 pass=0
[15:37:11] TINYDRAW_GATE1_MIXED_DRAW zoom=200 tool=eraser chunks=50 append_max_us=14374 append_avg_us=12550 append_total_us=627533 affected_tiles=388 published=388 fallback=0 visible_fallback=0 ph_prepare_max_us=171 ph_overview_max_us=1088 ph_enumerate_max_us=590 ph_uniform_max_us=23 ph_raw_max_us=12354 ph_commit_max_us=668 committed=1 authority=1 refresh=1 run_ok=1 pass=1
[15:37:13] TINYDRAW_GATE1_MIXED_DRAW zoom=400 tool=pen chunks=50 append_max_us=14518 append_avg_us=11877 append_total_us=593850 affected_tiles=359 published=334 fallback=25 visible_fallback=0 ph_prepare_max_us=177 ph_overview_max_us=726 ph_enumerate_max_us=655 ph_uniform_max_us=3359 ph_raw_max_us=11744 ph_commit_max_us=694 committed=1 authority=1 refresh=1 run_ok=1 pass=1
[15:37:14] TINYDRAW_GATE1_MIXED_DRAW zoom=400 tool=eraser chunks=50 append_max_us=13536 append_avg_us=11773 append_total_us=588656 affected_tiles=350 published=350 fallback=0 visible_fallback=0 ph_prepare_max_us=183 ph_overview_max_us=715 ph_enumerate_max_us=633 ph_uniform_max_us=32 ph_raw_max_us=11807 ph_commit_max_us=649 committed=1 authority=1 refresh=1 run_ok=1 pass=1
[15:37:14] TINYDRAW_GATE1_MIXED_DRAW_REVISIT zoom=50 missing=4 refill_tiles=4 refill_us=244086
[15:37:15] TINYDRAW_GATE1_MIXED_DRAW_REVISIT zoom=100 missing=9 refill_tiles=9 refill_us=397647
[15:37:15] TINYDRAW_GATE1_MIXED_DRAW_REVISIT zoom=200 missing=16 refill_tiles=16 refill_us=353969
[15:37:15] TINYDRAW_GATE1_MIXED_DRAW_REVISIT zoom=400 missing=0 refill_tiles=0 refill_us=963
[15:37:15] TINYDRAW_GATE1_MIXED_DRAW_SUMMARY slots=448 strokes=10 worst_append_us=19486 pass=0
[15:37:22] TINYDRAW_GATE1_IDLE_REPAIR damaged=588 remaining=0 plan_views=24 steps=5805 repair_us=4391926 worst_step_us=6493 warm_tiles=56 pass=1
[15:37:22] TINYDRAW_INKTRACE trace=fast-curve-dense-25 zoom=25 events=411 consumed=370 coalesced=41 down=1/1 up=1/1 max_time_gap_us=24102 max_space_gap_px=55.33 e2c_p50=504 e2c_p95=620 e2c_max=2606 e2g_p95=779 e2s_p95=2625 e2d_p50=2362 e2d_p95=3665 e2d_max=4198 latency_samples=33 presentation_failures=0 commit_failures=0 overflows=0 revision=3482 latency_pass=1 pass=1
[15:37:23] TINYDRAW_INKTRACE trace=fast-curve-400 zoom=400 events=414 consumed=379 coalesced=35 down=1/1 up=1/1 max_time_gap_us=9154 max_space_gap_px=65.51 e2c_p50=504 e2c_p95=691 e2c_max=1587 e2g_p95=780 e2s_p95=2652 e2d_p50=2502 e2d_p95=3988 e2d_max=3993 latency_samples=33 presentation_failures=0 commit_failures=0 overflows=0 revision=3484 latency_pass=1 pass=1
[15:37:25] TINYDRAW_INKTRACE trace=fast-curve-400-xl zoom=400 events=2296 consumed=1918 coalesced=378 down=1/1 up=1/1 max_time_gap_us=12758 max_space_gap_px=47.85 e2c_p50=504 e2c_p95=583 e2c_max=1795 e2g_p95=784 e2s_p95=2985 e2d_p50=3306 e2d_p95=4620 e2d_max=8191 latency_samples=172 presentation_failures=0 commit_failures=0 overflows=0 revision=3490 latency_pass=1 pass=1
[15:37:26] TINYDRAW_INKTRACE trace=slow-precise-100 zoom=100 events=741 consumed=724 coalesced=17 down=1/1 up=1/1 max_time_gap_us=8457 max_space_gap_px=13.45 e2c_p50=504 e2c_p95=961 e2c_max=1588 e2g_p95=783 e2s_p95=1781 e2d_p50=2029 e2d_p95=2320 e2d_max=2333 latency_samples=53 presentation_failures=0 commit_failures=0 overflows=0 revision=3492 latency_pass=1 pass=1
[15:37:29] TINYDRAW_INKTRACE trace=scribble-multistroke zoom=100 events=848 consumed=729 coalesced=119 down=7/7 up=7/7 max_time_gap_us=6082 max_space_gap_px=109.46 e2c_p50=504 e2c_p95=584 e2c_max=1584 e2g_p95=781 e2s_p95=3446 e2d_p50=3202 e2d_p95=5297 e2d_max=6323 latency_samples=55 presentation_failures=0 commit_failures=0 overflows=0 revision=3499 latency_pass=1 pass=1
[15:37:31] TINYDRAW_HAIRLINE_DOC ops=782 samples=8061 append_total_us=1054858 append_max_us=7253
[15:37:31] TINYDRAW_GATE1_PACED_COLD corpus=evil_hairlines_capacity zoom=100 x=552 y=672 steps=236 tiles=56 compute_us=282874 present_us=78882 touch_us=631 pacing_us=8591 wall_us=370978 maximum_wall_us=500000 max_tick_us=9824 touch_samples=53764 touch_interval_max_us=2111 touch_read_max_us=625 touch_events=0 touch_down=0 touch_up=0 touch_events_ge_8ms=0 touch_event_age_max_us=0 touch_errors=0 touch_overflows=0 pass=1
[15:37:31] TINYDRAW_GATE1_PACED_COLD corpus=evil_hairlines_capacity zoom=400 x=2760 y=3360 steps=209 tiles=48 compute_us=188708 present_us=79356 touch_us=493 pacing_us=6415 wall_us=274972 maximum_wall_us=500000 max_tick_us=9743 touch_samples=357 touch_interval_max_us=1198 touch_read_max_us=524 touch_events=0 touch_down=0 touch_up=0 touch_events_ge_8ms=0 touch_event_age_max_us=0 touch_errors=0 touch_overflows=0 pass=1
[15:37:34] TINYDRAW_HAIRLINE_REPAIR steps=2814 wall_us=2811055 worst_step_us=7867 resident=407/448 grid_stopped=1 pass2_steps=8 pass2_wall_us=11975 no_churn=1
[15:37:36] TINYDRAW_HAIRLINE_TOUR stops=8 total_us=1228581 worst_stop_us=252073 worst_step_us=9071
[15:37:36] TINYDRAW_GATE1_HAIRLINE raw=339 uniform=72 fallback=233 capacity=448 worst_step_us=9071 grid_stopped=1 pass=1
[15:37:38] TINYDRAW_GATE1_LONG_GESTURE path=reference samples=1600 chunks=26 append_total_us=967584 append_max_us=44308 append_avg_us=37214 refresh_fallback_pixels=0 settled_fallback_pixels=0 committed=1 authority=1 refresh=1 run_ok=1
[15:37:38] TINYDRAW_GATE1_LONG_GESTURE path=in_place samples=1600 chunks=52 append_total_us=596600 append_max_us=14012 append_avg_us=11473 refresh_fallback_pixels=0 settled_fallback_pixels=0 committed=1 authority=1 refresh=1 run_ok=1
[15:37:38] TINYDRAW_V2_EXPORT_PROGRESS row=0 of=1792
[15:37:39] TINYDRAW_V2_EXPORT_PROGRESS row=256 of=1792
[15:37:40] TINYDRAW_V2_EXPORT_PROGRESS row=512 of=1792
[15:37:41] TINYDRAW_V2_EXPORT_PROGRESS row=768 of=1792
[15:37:41] TINYDRAW_V2_EXPORT_PROGRESS row=1024 of=1792
[15:37:42] TINYDRAW_V2_EXPORT_PROGRESS row=1280 of=1792
[15:37:43] TINYDRAW_V2_EXPORT_PROGRESS row=1536 of=1792
[15:37:44] TINYDRAW_GATE1_EXPORT encoded=1 bytes=40166 elapsed_us=5811142 workspace_bytes=50652 band_bytes=376832 free_psram=1892692 free_internal=199124 signature=1 dimensions=1 chunks=3 chunks_ok=1 pass=1
[15:37:44] TINYDRAW_EXPORT_RESERVE requested=1572864 free_before=1892692 largest_before=1867776 free_held=319824 largest_held=319488 pass=1
[15:37:44] TINYDRAW_RERENDER_LEDGER site=final renders=0 unique=0 amplification=0.000 cold=0 damage=0 evict=0 stale=0 unexplained=0
[15:37:44] TINYDRAW_GATE1_AUTOMATED_DONE stress=1 stress_100=1 stress_400=1 overlap_ready=1 overlap_cold=0 general_cold_ready=1 general_cold=0 workload=1 paced_cold=1 hard_100=1 hard_400=1 pan_100=1 pan_400=1 pan_seq=1 pan_boundary=1 live_overlay=1 draw_fill=1 cache=1 full_world_cache=1 cache_tour=1 mixed_draw=0 idle_repair=1 ink_trace=1 hairline_capacity=1 long_gesture=1 export_encode=1 export_reserve=1 return=1 ssaa_receipt=yellow
[15:37:44] TINYDRAW_VECTOR_V2_GATE_HARNESS_DONE pass=0
[15:37:44] I (78350) main_task: Returned from app_main()
