[18:12:48] ESP-ROM:esp32s3-20210327
[18:12:48] Build:Mar 27 2021
[18:12:48] rst:0x15 (USB_UART_CHIP_RESET),boot:0x2b (SPI_FAST_FLASH_BOOT)
[18:12:48] Saved PC:0x4037b8fa
[18:12:48] SPIWP:0xee
[18:12:48] mode:DIO, clock div:1
[18:12:48] load:0x3fce2820,len:0x1664
[18:12:48] load:0x403c8700,len:0xf38
[18:12:48] load:0x403cb700,len:0x31e8
[18:12:48] entry 0x403c8930
[18:12:48] I (24) boot: ESP-IDF v6.0.2 2nd stage bootloader
[18:12:48] I (24) boot: compile time Aug 16 2026 18:09:57
[18:12:48] I (25) boot: Multicore bootloader
[18:12:48] I (25) boot: chip revision: v0.2
[18:12:48] I (28) boot: efuse block revision: v1.3
[18:12:48] I (31) qio_mode: Enabling default flash chip QIO
[18:12:48] I (36) boot.esp32s3: Boot SPI Speed : 80MHz
[18:12:48] I (39) boot.esp32s3: SPI Mode       : QIO
[18:12:48] I (43) boot.esp32s3: SPI Flash Size : 16MB
[18:12:48] I (47) boot: Enabling RNG early entropy source...
[18:12:48] I (51) boot: Partition Table:
[18:12:48] I (54) boot: ## Label            Usage          Type ST Offset   Length
[18:12:48] I (60) boot:  0 nvs              WiFi data        01 02 00009000 00006000
[18:12:48] I (67) boot:  1 phy_init         RF data          01 01 0000f000 00001000
[18:12:48] I (73) boot:  2 factory          factory app      00 00 00010000 00100000
[18:12:48] I (80) boot:  3 drawing          Unknown data     01 40 00110000 00300000
[18:12:48] I (86) boot:  4 export           Unknown data     01 41 00410000 00500000
[18:12:48] I (93) boot:  5 coredump         Unknown data     01 03 00910000 00010000
[18:12:48] I (100) boot: End of partition table
[18:12:48] I (103) esp_image: segment 0: paddr=00010020 vaddr=3c050020 size=2bdfch (179708) map
[18:12:48] I (138) esp_image: segment 1: paddr=0003be24 vaddr=3fc96000 size=03764h ( 14180) load
[18:12:48] I (141) esp_image: segment 2: paddr=0003f590 vaddr=40374000 size=00a88h (  2696) load
[18:12:48] I (143) esp_image: segment 3: paddr=00040020 vaddr=42000020 size=4d8cch (317644) map
[18:12:48] I (199) esp_image: segment 4: paddr=0008d8f4 vaddr=40374a88 size=1148ch ( 70796) load
[18:12:48] I (213) esp_image: segment 5: paddr=0009ed88 vaddr=50000000 size=00024h (    36) load
[18:12:48] I (221) boot: Loaded app from partition at offset 0x10000
[18:12:48] I (221) boot: Disabling RNG early entropy source...
[18:12:48] I (231) octal_psram: vendor id    : 0x0d (AP)
[18:12:48] I (232) octal_psram: dev id       : 0x02 (generation 3)
[18:12:48] I (232) octal_psram: density      : 0x03 (64 Mbit)
[18:12:48] I (234) octal_psram: good-die     : 0x01 (Pass)
[18:12:48] I (238) octal_psram: Latency      : 0x01 (Fixed)
[18:12:48] I (242) octal_psram: VCC          : 0x01 (3V)
[18:12:48] I (246) octal_psram: SRF          : 0x01 (Fast Refresh)
[18:12:48] I (251) octal_psram: BurstType    : 0x01 (Hybrid Wrap)
[18:12:48] I (256) octal_psram: BurstLen     : 0x01 (32 Byte)
[18:12:48] I (261) octal_psram: Readlatency  : 0x02 (10 cycles@Fixed)
[18:12:48] I (266) octal_psram: DriveStrength: 0x00 (1/1)
[18:12:48] I (270) MSPI Timing: Enter psram timing tuning
[18:12:48] I (275) esp_psram: Found 8MB PSRAM device
[18:12:48] I (278) esp_psram: Speed: 80MHz
[18:12:48] I (281) cpu_start: Multicore app
[18:12:49] I (697) esp_psram: SPI SRAM memory test OK
[18:12:49] I (705) cpu_start: GPIO 44 and 43 are used as console UART I/O pins
[18:12:49] I (706) cpu_start: Pro cpu start user code
[18:12:49] I (706) cpu_start: cpu freq: 240000000 Hz
[18:12:49] I (707) app_init: Application information:
[18:12:49] I (711) app_init: Project name:     tinydraw_esp32
[18:12:49] I (716) app_init: App version:      395e230-dirty
[18:12:49] I (720) app_init: Compile time:     Aug 16 2026 18:09:48
[18:12:49] I (725) app_init: ELF file SHA256:  eb6b375db...
[18:12:49] I (730) app_init: ESP-IDF:          v6.0.2
[18:12:49] I (733) efuse_init: Min chip rev:     v0.0
[18:12:49] I (737) efuse_init: Max chip rev:     v0.99 
[18:12:49] I (741) efuse_init: Chip rev:         v0.2
[18:12:49] I (745) heap_init: Initializing. RAM available for dynamic allocation:
[18:12:49] I (751) heap_init: At 3FC9AB90 len 0004EB80 (314 KiB): RAM
[18:12:49] I (756) heap_init: At 3FCE9710 len 00005724 (21 KiB): RAM
[18:12:49] I (762) heap_init: At 3FCF0000 len 00008000 (32 KiB): DRAM
[18:12:49] I (767) heap_init: At 600FE000 len 00001FE8 (7 KiB): RTCRAM
[18:12:49] I (772) esp_psram: Adding pool of 8192K of PSRAM memory to heap allocator
[18:12:49] I (779) spi_flash: detected chip: generic
[18:12:49] I (782) spi_flash: flash io: qio
[18:12:49] I (786) sleep_gpio: Configure to isolate all GPIO pins in sleep state
[18:12:49] I (792) sleep_gpio: Enable automatic switching of GPIO sleep configuration
[18:12:49] I (799) main_task: Started on CPU0
[18:12:49] I (802) main_task: Calling app_main()
[18:12:49] TINYDRAW_PRODUCER_SCRATCH supertask_internal=1 free_internal=299676 free_psram=1894280
[18:12:49] TINYDRAW_PANEL_HARD_RESET=1
[18:12:49] TINYDRAW_PANEL_TRANSPORT requested_clock_mhz=50 effective_clock_mhz=40
[18:12:49] I (1006) co5300: version: 2.1.0
[18:12:49] I (1006) co5300_spi: LCD panel create success, version: 2.1.0
[18:12:49] W (1091) co5300_spi: The 3Ah command has been used and will be overwritten by external initialization sequence
[18:12:49] I (1192) CST816S: IC id: 183
[18:12:49] TINYDRAW_VECTOR_V2_PRESENTATION experiment=boundary-top-sweep te_edge=rising requested_clock_mhz=50 effective_clock_mhz=40 optical_acceptance=external_manual
[18:12:49] TINYDRAW_LIVE_PRESENT kind=startup zoom=25 x=0 y=0 compose_us=26276 scroll_us=0 exposed_compose_us=0 chrome_us=17431 chrome_prepare_us=12069 chrome_stage_us=5362 read_submit_us=0 read_complete_us=0 transfer_wait_us=21348 tile_pixels=0 uniform_pixels=0 overview_pixels=164864 fallback_pixels=0 resident_tiles=0 fallback_tiles=0 pushes=11 tear_wait_us=16762 tear_edge_isr_to_resume_us=8 tear_edge_observed=1 tear_edge_wait_resumed=1 tear_edge_timeout=0 tear_heal_attempted=0 tear_heal_command_sent=0 presentation_experiment=boundary-top-sweep te_edge=rising requested_clock_mhz=50 effective_clock_mhz=40 frame_reused=0 pass=1
[18:12:50] TINYDRAW_LIVE_STRESS operations=1000 samples=20000 total_us=716613 average_us=716 maximum_us=1029 free_psram=1892692 largest_psram=1867776
[18:12:50] TINYDRAW_LIVE_PRESENT kind=gate_fallback zoom=100 x=0 y=0 compose_us=16117 scroll_us=0 exposed_compose_us=0 chrome_us=11214 chrome_prepare_us=6621 chrome_stage_us=4593 read_submit_us=23505 read_complete_us=26922 transfer_wait_us=21057 tile_pixels=0 uniform_pixels=0 overview_pixels=0 fallback_pixels=164864 resident_tiles=0 fallback_tiles=42 pushes=11 tear_wait_us=637 tear_edge_isr_to_resume_us=12 tear_edge_observed=1 tear_edge_wait_resumed=1 tear_edge_timeout=0 tear_heal_attempted=0 tear_heal_command_sent=0 presentation_experiment=boundary-top-sweep te_edge=rising requested_clock_mhz=50 effective_clock_mhz=40 frame_reused=0 pass=1
[18:12:50] TINYDRAW_GATE1_HARD zoom=100 cold=1 operations=1000 samples=20000 steps=193 tiles=42 scanned=12000 rendered=122 max_supertask_us=7574 presentation_us=70945 total_us=300653 maximum_wall_us=500000 pass=1
[18:12:51] TINYDRAW_LIVE_PRESENT kind=gate_fallback zoom=400 x=0 y=0 compose_us=15625 scroll_us=0 exposed_compose_us=0 chrome_us=6733 chrome_prepare_us=2281 chrome_stage_us=4452 read_submit_us=28514 read_complete_us=32162 transfer_wait_us=20676 tile_pixels=0 uniform_pixels=0 overview_pixels=0 fallback_pixels=164864 resident_tiles=0 fallback_tiles=42 pushes=11 tear_wait_us=10470 tear_edge_isr_to_resume_us=13 tear_edge_observed=1 tear_edge_wait_resumed=1 tear_edge_timeout=0 tear_heal_attempted=0 tear_heal_command_sent=0 presentation_experiment=boundary-top-sweep te_edge=rising requested_clock_mhz=50 effective_clock_mhz=40 frame_reused=0 pass=1
[18:12:51] TINYDRAW_GATE1_HARD zoom=400 cold=1 operations=1000 samples=20000 steps=199 tiles=42 scanned=12000 rendered=17 max_supertask_us=6067 presentation_us=67865 total_us=185358 maximum_wall_us=500000 pass=1
[18:12:51] TINYDRAW_OVERLAP_WORKLOAD operations=8 samples=1200 radius_world=80
[18:12:52] TINYDRAW_GATE1_PACED_COLD corpus=overlap zoom=50 x=215 y=255 steps=235 tiles=56 compute_us=558038 present_us=89327 touch_us=930 pacing_us=14656 wall_us=662951 maximum_wall_us=500000 max_tick_us=10101 touch_samples=2869 touch_interval_max_us=1936 touch_read_max_us=609 touch_events=0 touch_down=0 touch_up=0 touch_events_ge_8ms=0 touch_event_age_max_us=0 touch_errors=0 touch_overflows=0 pass=0
[18:12:53] TINYDRAW_GATE1_PACED_COLD corpus=overlap zoom=100 x=583 y=703 steps=183 tiles=48 compute_us=314338 present_us=85948 touch_us=645 pacing_us=9048 wall_us=409979 maximum_wall_us=500000 max_tick_us=10448 touch_samples=485 touch_interval_max_us=1846 touch_read_max_us=476 touch_events=0 touch_down=0 touch_up=0 touch_events_ge_8ms=0 touch_event_age_max_us=0 touch_errors=0 touch_overflows=0 pass=1
[18:12:53] TINYDRAW_GATE1_PACED_COLD corpus=overlap zoom=200 x=1319 y=1599 steps=180 tiles=56 compute_us=295289 present_us=86101 touch_us=595 pacing_us=9992 wall_us=391977 maximum_wall_us=500000 max_tick_us=10557 touch_samples=468 touch_interval_max_us=1896 touch_read_max_us=463 touch_events=0 touch_down=0 touch_up=0 touch_events_ge_8ms=0 touch_event_age_max_us=0 touch_errors=0 touch_overflows=0 pass=1
[18:12:53] TINYDRAW_GATE1_PACED_COLD corpus=overlap zoom=400 x=2791 y=3391 steps=181 tiles=56 compute_us=263731 present_us=79142 touch_us=544 pacing_us=7560 wall_us=350977 maximum_wall_us=500000 max_tick_us=9169 touch_samples=430 touch_interval_max_us=1155 touch_read_max_us=450 touch_events=0 touch_down=0 touch_up=0 touch_events_ge_8ms=0 touch_event_age_max_us=0 touch_errors=0 touch_overflows=0 pass=1
[18:12:54] TINYDRAW_ADVERSARIAL_TAPERED_WORKLOAD operations=128 samples=4096 erasers=12 load_us=219628 appended=1
[18:12:55] TINYDRAW_GENERAL_COLD_WORKLOAD operations=910 samples=12157 hairline_operations=782 hairline_samples=8061 hairline_load_us=1106281 appended=1
[18:12:55] TINYDRAW_GATE1_PACED_COLD corpus=adversarial_tapered_4x+evil_hairlines zoom=50 x=0 y=0 steps=318 tiles=42 compute_us=377558 present_us=71100 touch_us=848 pacing_us=11568 wall_us=461074 maximum_wall_us=500000 max_tick_us=8302 touch_samples=1678 touch_interval_max_us=2054 touch_read_max_us=553 touch_events=0 touch_down=0 touch_up=0 touch_events_ge_8ms=0 touch_event_age_max_us=0 touch_errors=0 touch_overflows=0 pass=1
[18:12:56] TINYDRAW_GATE1_PACED_COLD corpus=adversarial_tapered_4x+evil_hairlines zoom=100 x=0 y=0 steps=346 tiles=42 compute_us=370321 present_us=70145 touch_us=769 pacing_us=11947 wall_us=453182 maximum_wall_us=500000 max_tick_us=8643 touch_samples=530 touch_interval_max_us=1146 touch_read_max_us=454 touch_events=0 touch_down=0 touch_up=0 touch_events_ge_8ms=0 touch_event_age_max_us=0 touch_errors=0 touch_overflows=0 pass=1
[18:12:56] TINYDRAW_GATE1_PACED_COLD corpus=adversarial_tapered_4x+evil_hairlines zoom=200 x=0 y=0 steps=407 tiles=42 compute_us=432857 present_us=67195 touch_us=841 pacing_us=14947 wall_us=515840 maximum_wall_us=500000 max_tick_us=8248 touch_samples=584 touch_interval_max_us=1152 touch_read_max_us=443 touch_events=0 touch_down=0 touch_up=0 touch_events_ge_8ms=0 touch_event_age_max_us=0 touch_errors=0 touch_overflows=0 pass=0
[18:12:57] TINYDRAW_GATE1_PACED_COLD corpus=adversarial_tapered_4x+evil_hairlines zoom=400 x=0 y=0 steps=490 tiles=42 compute_us=458214 present_us=67797 touch_us=752 pacing_us=14192 wall_us=540955 maximum_wall_us=500000 max_tick_us=10686 touch_samples=613 touch_interval_max_us=1145 touch_read_max_us=435 touch_events=0 touch_down=0 touch_up=0 touch_events_ge_8ms=0 touch_event_age_max_us=0 touch_errors=0 touch_overflows=0 pass=0
[18:12:58] TINYDRAW_GATE1_WORKLOAD kind=realistic seed=7 operations=1000 samples=19844 maximum_stroke=198 load_us=549718 raw_source=1 lod_copies=0
[18:12:58] TINYDRAW_GATE1_PACED_COLD corpus=seed7 zoom=400 x=63 y=63 steps=264 tiles=56 compute_us=228324 present_us=86440 touch_us=550 pacing_us=6652 wall_us=321966 maximum_wall_us=500000 max_tick_us=10193 touch_samples=946 touch_interval_max_us=2031 touch_read_max_us=516 touch_events=0 touch_down=0 touch_up=0 touch_events_ge_8ms=0 touch_event_age_max_us=0 touch_errors=0 touch_overflows=0 pass=1
[18:12:58] TINYDRAW_LIVE_PRESENT kind=gate_fallback zoom=100 x=0 y=0 compose_us=16555 scroll_us=0 exposed_compose_us=0 chrome_us=6823 chrome_prepare_us=2234 chrome_stage_us=4589 read_submit_us=21342 read_complete_us=24987 transfer_wait_us=20682 tile_pixels=0 uniform_pixels=0 overview_pixels=0 fallback_pixels=164864 resident_tiles=0 fallback_tiles=42 pushes=11 tear_wait_us=2429 tear_edge_isr_to_resume_us=13 tear_edge_observed=1 tear_edge_wait_resumed=1 tear_edge_timeout=0 tear_heal_attempted=0 tear_heal_command_sent=0 presentation_experiment=boundary-top-sweep te_edge=rising requested_clock_mhz=50 effective_clock_mhz=40 frame_reused=0 pass=1
[18:12:59] TINYDRAW_GATE1_HARD zoom=100 cold=1 operations=1000 samples=19844 steps=246 tiles=42 scanned=12000 rendered=388 max_supertask_us=5939 presentation_us=70052 total_us=386940 maximum_wall_us=500000 pass=1
[18:12:59] TINYDRAW_GATE1_OVERLAY_CANVAS regions=zoom,minimap,toolbar,battery operations=4 presentation_mutations=0 authority=1 pass=1
[18:12:59] TINYDRAW_GATE1_LIVE_OVERLAY clear_updates=48 clear_wall_max_us=3948 clear_submit_max_us=2145 clear_complete_max_us=3041 overlay_updates=48 overlay_wall_max_us=3919 overlay_submit_max_us=2076 overlay_complete_max_us=3142 overlay_chrome_max_us=254 clear_failures=0 overlay_failures=0 pass=1
[18:12:59] TINYDRAW_EDGE_INK corners=4 edge_failures=0 pass=1
[18:13:00] TINYDRAW_GATE1_PAN zoom=100 from_x=0 from_y=0 to_x=88 to_y=88 compose_us=15985 scroll_us=11 exposed_compose_us=15974 chrome_us=2458 event_submit_us=29801 event_complete_us=32991 transfer_us=16199 setup=1 present=1 moved=1 frame_reused=1 pass=1
[18:13:00] TINYDRAW_LIVE_PRESENT kind=gate_fallback zoom=400 x=0 y=0 compose_us=15733 scroll_us=0 exposed_compose_us=0 chrome_us=6736 chrome_prepare_us=2296 chrome_stage_us=4440 read_submit_us=23717 read_complete_us=27367 transfer_wait_us=20728 tile_pixels=0 uniform_pixels=0 overview_pixels=0 fallback_pixels=164864 resident_tiles=0 fallback_tiles=42 pushes=11 tear_wait_us=5561 tear_edge_isr_to_resume_us=13 tear_edge_observed=1 tear_edge_wait_resumed=1 tear_edge_timeout=0 tear_heal_attempted=0 tear_heal_command_sent=0 presentation_experiment=boundary-top-sweep te_edge=rising requested_clock_mhz=50 effective_clock_mhz=40 frame_reused=0 pass=1
[18:13:00] TINYDRAW_GATE1_HARD zoom=400 cold=1 operations=1008 samples=19852 steps=200 tiles=42 scanned=12096 rendered=60 max_supertask_us=8868 presentation_us=70959 total_us=236223 maximum_wall_us=500000 pass=1
[18:13:00] TINYDRAW_GATE1_PAN zoom=400 from_x=0 from_y=0 to_x=88 to_y=88 compose_us=15986 scroll_us=12 exposed_compose_us=15974 chrome_us=2274 event_submit_us=29355 event_complete_us=32512 transfer_us=16648 setup=1 present=1 moved=1 frame_reused=1 pass=1
[18:13:04] TINYDRAW_PANSEQ_FRAME zoom=100 step=0 dx=24 dy=18 scroll_us=12 exposed_compose_us=4825 chrome_us=2465 tear_wait_us=7835 present_us=16183 prepare_us=11002 acquire_wait_us=30 ring_copy_us=8484 patch_us=2504 byte_swap_us=14 staging_us=3930 event_submit_us=12794 event_complete_us=15993 frame_us=28974 tear_edge_observed=1 frame_reused=1 pass=1
[18:13:04] TINYDRAW_PANSEQ_FRAME zoom=100 step=1 dx=24 dy=18 scroll_us=9 exposed_compose_us=4853 chrome_us=2488 tear_wait_us=12386 present_us=16570 prepare_us=10949 acquire_wait_us=22 ring_copy_us=8417 patch_us=2524 byte_swap_us=8 staging_us=3906 event_submit_us=17356 event_complete_us=20522 frame_us=33923 tear_edge_observed=1 frame_reused=1 pass=1
[18:13:04] TINYDRAW_PANSEQ_FRAME zoom=100 step=2 dx=24 dy=18 scroll_us=10 exposed_compose_us=4516 chrome_us=2477 tear_wait_us=12360 present_us=15944 prepare_us=11018 acquire_wait_us=24 ring_copy_us=8480 patch_us=2530 byte_swap_us=8 staging_us=3874 event_submit_us=16993 event_complete_us=20178 frame_us=32937 tear_edge_observed=1 frame_reused=1 pass=1
[18:13:04] TINYDRAW_PANSEQ_FRAME zoom=100 step=3 dx=24 dy=18 scroll_us=10 exposed_compose_us=5119 chrome_us=2500 tear_wait_us=12380 present_us=16320 prepare_us=10989 acquire_wait_us=23 ring_copy_us=8440 patch_us=2540 byte_swap_us=9 staging_us=3897 event_submit_us=17618 event_complete_us=20807 frame_us=33934 tear_edge_observed=1 frame_reused=1 pass=1
[18:13:04] TINYDRAW_PANSEQ_FRAME zoom=100 step=4 dx=24 dy=18 scroll_us=10 exposed_compose_us=4602 chrome_us=2480 tear_wait_us=12507 present_us=16697 prepare_us=11002 acquire_wait_us=24 ring_copy_us=8486 patch_us=2507 byte_swap_us=9 staging_us=3905 event_submit_us=17241 event_complete_us=20436 frame_us=33937 tear_edge_observed=1 frame_reused=1 pass=1
[18:13:04] TINYDRAW_PANSEQ_FRAME zoom=100 step=5 dx=24 dy=18 scroll_us=9 exposed_compose_us=4879 chrome_us=2467 tear_wait_us=11877 present_us=16065 prepare_us=10946 acquire_wait_us=24 ring_copy_us=8420 patch_us=2517 byte_swap_us=9 staging_us=3933 event_submit_us=16873 event_complete_us=20039 frame_us=32934 tear_edge_observed=1 frame_reused=1 pass=1
[18:13:04] TINYDRAW_PANSEQ_FRAME zoom=100 step=6 dx=24 dy=18 scroll_us=10 exposed_compose_us=4526 chrome_us=2478 tear_wait_us=12846 present_us=16447 prepare_us=10926 acquire_wait_us=28 ring_copy_us=8403 patch_us=2514 byte_swap_us=9 staging_us=3964 event_submit_us=17493 event_complete_us=20674 frame_us=33937 tear_edge_observed=1 frame_reused=1 pass=1
[18:13:04] TINYDRAW_PANSEQ_FRAME zoom=100 step=7 dx=24 dy=18 scroll_us=10 exposed_compose_us=4977 chrome_us=2453 tear_wait_us=12019 present_us=15821 prepare_us=10922 acquire_wait_us=27 ring_copy_us=8425 patch_us=2490 byte_swap_us=7 staging_us=3968 event_submit_us=17119 event_complete_us=20286 frame_us=32936 tear_edge_observed=1 frame_reused=1 pass=1
[18:13:04] TINYDRAW_PANSEQ_FRAME zoom=100 step=8 dx=24 dy=18 scroll_us=10 exposed_compose_us=4945 chrome_us=2451 tear_wait_us=12689 present_us=16193 prepare_us=10977 acquire_wait_us=33 ring_copy_us=8468 patch_us=2500 byte_swap_us=9 staging_us=3924 event_submit_us=17743 event_complete_us=20922 frame_us=33935 tear_edge_observed=1 frame_reused=1 pass=1
[18:13:04] TINYDRAW_PANSEQ_FRAME zoom=100 step=9 dx=24 dy=18 scroll_us=9 exposed_compose_us=4927 chrome_us=2488 tear_wait_us=12328 present_us=16564 prepare_us=10948 acquire_wait_us=21 ring_copy_us=8412 patch_us=2527 byte_swap_us=9 staging_us=3898 event_submit_us=17375 event_complete_us=20537 frame_us=33934 tear_edge_observed=1 frame_reused=1 pass=1
[18:13:04] TINYDRAW_PANSEQ_FRAME zoom=100 step=10 dx=24 dy=18 scroll_us=10 exposed_compose_us=4597 chrome_us=2511 tear_wait_us=12269 present_us=15942 prepare_us=11019 acquire_wait_us=22 ring_copy_us=8475 patch_us=2536 byte_swap_us=8 staging_us=3864 event_submit_us=16995 event_complete_us=20168 frame_us=32937 tear_edge_observed=1 frame_reused=1 pass=1
[18:13:04] TINYDRAW_PANSEQ_FRAME zoom=100 step=11 dx=24 dy=18 scroll_us=10 exposed_compose_us=5340 chrome_us=2516 tear_wait_us=12142 present_us=16322 prepare_us=10985 acquire_wait_us=24 ring_copy_us=8431 patch_us=2545 byte_swap_us=9 staging_us=3903 event_submit_us=17617 event_complete_us=20803 frame_us=33934 tear_edge_observed=1 frame_reused=1 pass=1
[18:13:04] TINYDRAW_PANSEQ_FRAME zoom=100 step=12 dx=24 dy=18 scroll_us=10 exposed_compose_us=4692 chrome_us=2462 tear_wait_us=12430 present_us=16697 prepare_us=10982 acquire_wait_us=22 ring_copy_us=8472 patch_us=2503 byte_swap_us=7 staging_us=3900 event_submit_us=17241 event_complete_us=20419 frame_us=33937 tear_edge_observed=1 frame_reused=1 pass=1
[18:13:04] TINYDRAW_PANSEQ_FRAME zoom=100 step=13 dx=24 dy=18 scroll_us=10 exposed_compose_us=4961 chrome_us=2459 tear_wait_us=11803 present_us=16048 prepare_us=10943 acquire_wait_us=24 ring_copy_us=8431 patch_us=2503 byte_swap_us=9 staging_us=3941 event_submit_us=16897 event_complete_us=20073 frame_us=32934 tear_edge_observed=1 frame_reused=1 pass=1
[18:13:04] TINYDRAW_PANSEQ_FRAME zoom=100 step=14 dx=24 dy=18 scroll_us=10 exposed_compose_us=4744 chrome_us=2499 tear_wait_us=12658 present_us=16416 prepare_us=10936 acquire_wait_us=37 ring_copy_us=8392 patch_us=2537 byte_swap_us=7 staging_us=3960 event_submit_us=17521 event_complete_us=20712 frame_us=33937 tear_edge_observed=1 frame_reused=1 pass=1
[18:13:04] TINYDRAW_PANSEQ_FRAME zoom=100 step=15 dx=24 dy=18 scroll_us=10 exposed_compose_us=5098 chrome_us=2452 tear_wait_us=11948 present_us=16771 prepare_us=10906 acquire_wait_us=25 ring_copy_us=8406 patch_us=2492 byte_swap_us=8 staging_us=3986 event_submit_us=17167 event_complete_us=20352 frame_us=33934 tear_edge_observed=1 frame_reused=1 pass=1
[18:13:04] TINYDRAW_PANSEQ_FRAME zoom=100 step=16 dx=72 dy=54 scroll_us=10 exposed_compose_us=12992 chrome_us=2469 tear_wait_us=3685 present_us=16133 prepare_us=10963 acquire_wait_us=29 ring_copy_us=8447 patch_us=2507 byte_swap_us=9 staging_us=3919 event_submit_us=16799 event_complete_us=19958 frame_us=32930 tear_edge_observed=1 frame_reused=1 pass=1
[18:13:04] TINYDRAW_PANSEQ_FRAME zoom=100 step=17 dx=72 dy=54 scroll_us=9 exposed_compose_us=12821 chrome_us=2479 tear_wait_us=4496 present_us=16495 prepare_us=10890 acquire_wait_us=33 ring_copy_us=8368 patch_us=2515 byte_swap_us=7 staging_us=3985 event_submit_us=17446 event_complete_us=20601 frame_us=33934 tear_edge_observed=1 frame_reused=1 pass=1
[18:13:04] TINYDRAW_PANSEQ_FRAME zoom=100 step=18 dx=72 dy=54 scroll_us=10 exposed_compose_us=12133 chrome_us=2465 tear_wait_us=4829 present_us=15855 prepare_us=10976 acquire_wait_us=30 ring_copy_us=8466 patch_us=2502 byte_swap_us=8 staging_us=3922 event_submit_us=17082 event_complete_us=20261 frame_us=32937 tear_edge_observed=1 frame_reused=1 pass=1
[18:13:04] TINYDRAW_PANSEQ_FRAME zoom=100 step=19 dx=72 dy=54 scroll_us=9 exposed_compose_us=12414 chrome_us=2490 tear_wait_us=5194 present_us=16211 prepare_us=10979 acquire_wait_us=22 ring_copy_us=8439 patch_us=2532 byte_swap_us=8 staging_us=3881 event_submit_us=17727 event_complete_us=20872 frame_us=33933 tear_edge_observed=1 frame_reused=1 pass=1
[18:13:04] TINYDRAW_PANSEQ_FRAME zoom=100 step=20 dx=-72 dy=-54 scroll_us=10 exposed_compose_us=13081 chrome_us=2491 tear_wait_us=4181 present_us=16559 prepare_us=10957 acquire_wait_us=38 ring_copy_us=8420 patch_us=2528 byte_swap_us=9 staging_us=3898 event_submit_us=17379 event_complete_us=20534 frame_us=33937 tear_edge_observed=1 frame_reused=1 pass=1
[18:13:04] TINYDRAW_PANSEQ_FRAME zoom=100 step=21 dx=-72 dy=-54 scroll_us=9 exposed_compose_us=12923 chrome_us=2479 tear_wait_us=3981 present_us=15916 prepare_us=10974 acquire_wait_us=24 ring_copy_us=8436 patch_us=2529 byte_swap_us=9 staging_us=3893 event_submit_us=17022 event_complete_us=20182 frame_us=32934 tear_edge_observed=1 frame_reused=1 pass=1
[18:13:04] TINYDRAW_PANSEQ_FRAME zoom=100 step=22 dx=-72 dy=-54 scroll_us=11 exposed_compose_us=12884 chrome_us=2493 tear_wait_us=4663 present_us=16269 prepare_us=11003 acquire_wait_us=24 ring_copy_us=8471 patch_us=2524 byte_swap_us=8 staging_us=3871 event_submit_us=17680 event_complete_us=20841 frame_us=33937 tear_edge_observed=1 frame_reused=1 pass=1
[18:13:04] TINYDRAW_PANSEQ_FRAME zoom=100 step=23 dx=-72 dy=-54 scroll_us=9 exposed_compose_us=12454 chrome_us=2471 tear_wait_us=4743 present_us=16621 prepare_us=10923 acquire_wait_us=21 ring_copy_us=8406 patch_us=2508 byte_swap_us=9 staging_us=3920 event_submit_us=17318 event_complete_us=20462 frame_us=33934 tear_edge_observed=1 frame_reused=1 pass=1
[18:13:04] TINYDRAW_PANSEQ_STRIP zoom=100 strip=0 panel_y=0 rows=44 samples=24 staging_mean_us=1355 staging_max_us=1391 wire_budget_us=1619 over_budget_us=0 pass=1
[18:13:04] TINYDRAW_PANSEQ_STRIP zoom=100 strip=1 panel_y=44 rows=44 samples=24 staging_mean_us=1248 staging_max_us=1280 wire_budget_us=1619 over_budget_us=0 pass=1
[18:13:04] TINYDRAW_PANSEQ_STRIP zoom=100 strip=2 panel_y=88 rows=44 samples=24 staging_mean_us=1211 staging_max_us=1228 wire_budget_us=1619 over_budget_us=0 pass=1
[18:13:04] TINYDRAW_PANSEQ_STRIP zoom=100 strip=3 panel_y=132 rows=44 samples=24 staging_mean_us=1203 staging_max_us=1220 wire_budget_us=1619 over_budget_us=0 pass=1
[18:13:04] TINYDRAW_PANSEQ_STRIP zoom=100 strip=4 panel_y=176 rows=44 samples=24 staging_mean_us=1208 staging_max_us=1227 wire_budget_us=1619 over_budget_us=0 pass=1
[18:13:04] TINYDRAW_PANSEQ_STRIP zoom=100 strip=5 panel_y=220 rows=44 samples=24 staging_mean_us=1241 staging_max_us=1270 wire_budget_us=1619 over_budget_us=0 pass=1
[18:13:05] TINYDRAW_PANSEQ_STRIP zoom=100 strip=6 panel_y=264 rows=44 samples=24 staging_mean_us=1430 staging_max_us=1463 wire_budget_us=1619 over_budget_us=0 pass=1
[18:13:05] TINYDRAW_PANSEQ_STRIP zoom=100 strip=7 panel_y=308 rows=44 samples=24 staging_mean_us=1415 staging_max_us=1438 wire_budget_us=1619 over_budget_us=0 pass=1
[18:13:05] TINYDRAW_PANSEQ_STRIP zoom=100 strip=8 panel_y=352 rows=20 samples=24 staging_mean_us=675 staging_max_us=704 wire_budget_us=736 over_budget_us=0 pass=1
[18:13:05] TINYDRAW_GATE1_PANSEQ zoom=100 frames=24 scroll_avg_us=9 exposed_avg_us=7470 chrome_avg_us=2478 tear_wait_avg_us=9510 present_avg_us=16294 prepare_avg_us=10963 acquire_wait_avg_us=26 ring_copy_avg_us=8437 patch_avg_us=2517 byte_swap_avg_us=8 staging_avg_us=3918 frame_avg_us=33394 frame_p50_us=33934 frame_p95_us=33937 frame_max_us=33937 complete_p50_us=20436 complete_p95_us=20872 complete_max_us=20922 tear_edge_failures=0 presentation_experiment=boundary-top-sweep te_edge=rising requested_clock_mhz=50 effective_clock_mhz=40 chrome_bottom_redraws=0 chrome_battery_redraws=0 chrome_zoom_redraws=0 chrome_minimap_base_redraws=0 strip_samples=216 staging_mean_us=1221 staging_max_us=1463 worst_strip=8 worst_strip_y=352 worst_wire_budget_us=736 worst_headroom_us=32 staging_invariant=1 pacing_pass=1 all_reused=1 pass=1
[18:13:07] TINYDRAW_PANSEQ_FRAME zoom=400 step=0 dx=24 dy=18 scroll_us=12 exposed_compose_us=4818 chrome_us=2314 tear_wait_us=7461 present_us=16561 prepare_us=10781 acquire_wait_us=28 ring_copy_us=8427 patch_us=2345 byte_swap_us=9 staging_us=4110 event_submit_us=12414 event_complete_us=15597 frame_us=28974 tear_edge_observed=1 frame_reused=1 pass=1
[18:13:07] TINYDRAW_PANSEQ_FRAME zoom=400 step=1 dx=24 dy=18 scroll_us=9 exposed_compose_us=4746 chrome_us=2312 tear_wait_us=12113 present_us=15954 prepare_us=10809 acquire_wait_us=23 ring_copy_us=8450 patch_us=2350 byte_swap_us=9 staging_us=4071 event_submit_us=16970 event_complete_us=20144 frame_us=32923 tear_edge_observed=1 frame_reused=1 pass=1
[18:13:07] TINYDRAW_PANSEQ_FRAME zoom=400 step=2 dx=24 dy=18 scroll_us=10 exposed_compose_us=4409 chrome_us=2292 tear_wait_us=13065 present_us=16343 prepare_us=10769 acquire_wait_us=22 ring_copy_us=8436 patch_us=2324 byte_swap_us=9 staging_us=4094 event_submit_us=17595 event_complete_us=20756 frame_us=33939 tear_edge_observed=1 frame_reused=1 pass=1
[18:13:07] TINYDRAW_PANSEQ_FRAME zoom=400 step=3 dx=24 dy=18 scroll_us=8 exposed_compose_us=4867 chrome_us=2281 tear_wait_us=12231 present_us=16722 prepare_us=10738 acquire_wait_us=25 ring_copy_us=8397 patch_us=2322 byte_swap_us=19 staging_us=4142 event_submit_us=17214 event_complete_us=20391 frame_us=33935 tear_edge_observed=1 frame_reused=1 pass=1
[18:13:07] TINYDRAW_PANSEQ_FRAME zoom=400 step=4 dx=24 dy=18 scroll_us=10 exposed_compose_us=4359 chrome_us=2282 tear_wait_us=12362 present_us=16082 prepare_us=10782 acquire_wait_us=23 ring_copy_us=8463 patch_us=2310 byte_swap_us=9 staging_us=4088 event_submit_us=16848 event_complete_us=20015 frame_us=32931 tear_edge_observed=1 frame_reused=1 pass=1
[18:13:07] TINYDRAW_PANSEQ_FRAME zoom=400 step=5 dx=24 dy=18 scroll_us=9 exposed_compose_us=4664 chrome_us=2286 tear_wait_us=12680 present_us=16474 prepare_us=10708 acquire_wait_us=28 ring_copy_us=8376 patch_us=2324 byte_swap_us=8 staging_us=4188 event_submit_us=17465 event_complete_us=20633 frame_us=33935 tear_edge_observed=1 frame_reused=1 pass=1
[18:13:07] TINYDRAW_PANSEQ_FRAME zoom=400 step=6 dx=24 dy=18 scroll_us=10 exposed_compose_us=4523 chrome_us=2292 tear_wait_us=12432 present_us=15865 prepare_us=10832 acquire_wait_us=26 ring_copy_us=8494 patch_us=2330 byte_swap_us=8 staging_us=4067 event_submit_us=17073 event_complete_us=20248 frame_us=32939 tear_edge_observed=1 frame_reused=1 pass=1
[18:13:07] TINYDRAW_PANSEQ_FRAME zoom=400 step=7 dx=24 dy=18 scroll_us=8 exposed_compose_us=5137 chrome_us=2332 tear_wait_us=12416 present_us=16268 prepare_us=10813 acquire_wait_us=26 ring_copy_us=8435 patch_us=2370 byte_swap_us=8 staging_us=4069 event_submit_us=17683 event_complete_us=20845 frame_us=33935 tear_edge_observed=1 frame_reused=1 pass=1
[18:13:07] TINYDRAW_PANSEQ_FRAME zoom=400 step=8 dx=24 dy=18 scroll_us=10 exposed_compose_us=5179 chrome_us=2290 tear_wait_us=11975 present_us=16663 prepare_us=10810 acquire_wait_us=30 ring_copy_us=8478 patch_us=2324 byte_swap_us=8 staging_us=4087 event_submit_us=17274 event_complete_us=20453 frame_us=33939 tear_edge_observed=1 frame_reused=1 pass=1
[18:13:07] TINYDRAW_PANSEQ_FRAME zoom=400 step=9 dx=24 dy=18 scroll_us=9 exposed_compose_us=5158 chrome_us=2285 tear_wait_us=11610 present_us=16045 prepare_us=10761 acquire_wait_us=22 ring_copy_us=8421 patch_us=2332 byte_swap_us=8 staging_us=4108 event_submit_us=16898 event_complete_us=20046 frame_us=32935 tear_edge_observed=1 frame_reused=1 pass=1
[18:13:07] TINYDRAW_PANSEQ_FRAME zoom=400 step=10 dx=24 dy=18 scroll_us=10 exposed_compose_us=4788 chrome_us=2296 tear_wait_us=12601 present_us=16432 prepare_us=10760 acquire_wait_us=26 ring_copy_us=8422 patch_us=2329 byte_swap_us=9 staging_us=4125 event_submit_us=17506 event_complete_us=20674 frame_us=33939 tear_edge_observed=1 frame_reused=1 pass=1
[18:13:07] TINYDRAW_PANSEQ_FRAME zoom=400 step=11 dx=24 dy=18 scroll_us=8 exposed_compose_us=5656 chrome_us=2283 tear_wait_us=11347 present_us=15817 prepare_us=10750 acquire_wait_us=38 ring_copy_us=8418 patch_us=2323 byte_swap_us=9 staging_us=4137 event_submit_us=17120 event_complete_us=20283 frame_us=32936 tear_edge_observed=1 frame_reused=1 pass=1
[18:13:07] TINYDRAW_PANSEQ_FRAME zoom=400 step=12 dx=24 dy=18 scroll_us=10 exposed_compose_us=4994 chrome_us=2288 tear_wait_us=12627 present_us=16200 prepare_us=10837 acquire_wait_us=23 ring_copy_us=8502 patch_us=2327 byte_swap_us=8 staging_us=4025 event_submit_us=17737 event_complete_us=20896 frame_us=33938 tear_edge_observed=1 frame_reused=1 pass=1
[18:13:07] TINYDRAW_PANSEQ_FRAME zoom=400 step=13 dx=24 dy=18 scroll_us=9 exposed_compose_us=5226 chrome_us=2290 tear_wait_us=12009 present_us=16586 prepare_us=10747 acquire_wait_us=24 ring_copy_us=8411 patch_us=2327 byte_swap_us=9 staging_us=4103 event_submit_us=17352 event_complete_us=20496 frame_us=33935 tear_edge_observed=1 frame_reused=1 pass=1
[18:13:07] TINYDRAW_PANSEQ_FRAME zoom=400 step=14 dx=24 dy=18 scroll_us=10 exposed_compose_us=5050 chrome_us=2306 tear_wait_us=11808 present_us=15968 prepare_us=10844 acquire_wait_us=22 ring_copy_us=8485 patch_us=2351 byte_swap_us=8 staging_us=4041 event_submit_us=16970 event_complete_us=20149 frame_us=32939 tear_edge_observed=1 frame_reused=1 pass=1
[18:13:07] TINYDRAW_PANSEQ_FRAME zoom=400 step=15 dx=24 dy=18 scroll_us=8 exposed_compose_us=5345 chrome_us=2313 tear_wait_us=12122 present_us=16340 prepare_us=10751 acquire_wait_us=23 ring_copy_us=8405 patch_us=2337 byte_swap_us=9 staging_us=4123 event_submit_us=17596 event_complete_us=20762 frame_us=33935 tear_edge_observed=1 frame_reused=1 pass=1
[18:13:07] TINYDRAW_PANSEQ_FRAME zoom=400 step=16 dx=72 dy=54 scroll_us=10 exposed_compose_us=13835 chrome_us=2327 tear_wait_us=3265 present_us=16710 prepare_us=10824 acquire_wait_us=22 ring_copy_us=8459 patch_us=2356 byte_swap_us=9 staging_us=4068 event_submit_us=17227 event_complete_us=20409 frame_us=33939 tear_edge_observed=1 frame_reused=1 pass=1
[18:13:07] TINYDRAW_PANSEQ_FRAME zoom=400 step=17 dx=72 dy=54 scroll_us=8 exposed_compose_us=13428 chrome_us=2267 tear_wait_us=3289 present_us=16096 prepare_us=10752 acquire_wait_us=22 ring_copy_us=8434 patch_us=2309 byte_swap_us=9 staging_us=4111 event_submit_us=16833 event_complete_us=19991 frame_us=32927 tear_edge_observed=1 frame_reused=1 pass=1
[18:13:07] TINYDRAW_PANSEQ_FRAME zoom=400 step=18 dx=72 dy=54 scroll_us=10 exposed_compose_us=13486 chrome_us=2277 tear_wait_us=3862 present_us=16471 prepare_us=10713 acquire_wait_us=31 ring_copy_us=8396 patch_us=2309 byte_swap_us=8 staging_us=4164 event_submit_us=17469 event_complete_us=20627 frame_us=33939 tear_edge_observed=1 frame_reused=1 pass=1
[18:13:07] TINYDRAW_PANSEQ_FRAME zoom=400 step=19 dx=72 dy=54 scroll_us=8 exposed_compose_us=14293 chrome_us=2298 tear_wait_us=2677 present_us=15849 prepare_us=10775 acquire_wait_us=29 ring_copy_us=8419 patch_us=2349 byte_swap_us=7 staging_us=4124 event_submit_us=17088 event_complete_us=20262 frame_us=32935 tear_edge_observed=1 frame_reused=1 pass=1
[18:13:07] TINYDRAW_PANSEQ_FRAME zoom=400 step=20 dx=-72 dy=-54 scroll_us=10 exposed_compose_us=13871 chrome_us=2320 tear_wait_us=3711 present_us=16233 prepare_us=10824 acquire_wait_us=22 ring_copy_us=8459 patch_us=2357 byte_swap_us=8 staging_us=4035 event_submit_us=17704 event_complete_us=20843 frame_us=33938 tear_edge_observed=1 frame_reused=1 pass=1
[18:13:08] TINYDRAW_PANSEQ_FRAME zoom=400 step=21 dx=-72 dy=-54 scroll_us=8 exposed_compose_us=13530 chrome_us=2290 tear_wait_us=3671 present_us=16618 prepare_us=10721 acquire_wait_us=23 ring_copy_us=8385 patch_us=2329 byte_swap_us=7 staging_us=4128 event_submit_us=17318 event_complete_us=20455 frame_us=33935 tear_edge_observed=1 frame_reused=1 pass=1
[18:13:08] TINYDRAW_PANSEQ_FRAME zoom=400 step=22 dx=-72 dy=-54 scroll_us=10 exposed_compose_us=13393 chrome_us=2276 tear_wait_us=3433 present_us=15993 prepare_us=10762 acquire_wait_us=23 ring_copy_us=8437 patch_us=2318 byte_swap_us=7 staging_us=4108 event_submit_us=16945 event_complete_us=20106 frame_us=32939 tear_edge_observed=1 frame_reused=1 pass=1
[18:13:08] TINYDRAW_PANSEQ_FRAME zoom=400 step=23 dx=-72 dy=-54 scroll_us=9 exposed_compose_us=12570 chrome_us=2310 tear_wait_us=4860 present_us=16387 prepare_us=10714 acquire_wait_us=30 ring_copy_us=8353 patch_us=2343 byte_swap_us=18 staging_us=4152 event_submit_us=17549 event_complete_us=20712 frame_us=33935 tear_edge_observed=1 frame_reused=1 pass=1
[18:13:08] TINYDRAW_PANSEQ_STRIP zoom=400 strip=0 panel_y=0 rows=44 samples=24 staging_mean_us=1350 staging_max_us=1378 wire_budget_us=1619 over_budget_us=0 pass=1
[18:13:08] TINYDRAW_PANSEQ_STRIP zoom=400 strip=1 panel_y=44 rows=44 samples=24 staging_mean_us=1249 staging_max_us=1294 wire_budget_us=1619 over_budget_us=0 pass=1
[18:13:08] TINYDRAW_PANSEQ_STRIP zoom=400 strip=2 panel_y=88 rows=44 samples=24 staging_mean_us=1209 staging_max_us=1226 wire_budget_us=1619 over_budget_us=0 pass=1
[18:13:08] TINYDRAW_PANSEQ_STRIP zoom=400 strip=3 panel_y=132 rows=44 samples=24 staging_mean_us=1203 staging_max_us=1219 wire_budget_us=1619 over_budget_us=0 pass=1
[18:13:08] TINYDRAW_PANSEQ_STRIP zoom=400 strip=4 panel_y=176 rows=44 samples=24 staging_mean_us=1204 staging_max_us=1223 wire_budget_us=1619 over_budget_us=0 pass=1
[18:13:08] TINYDRAW_PANSEQ_STRIP zoom=400 strip=5 panel_y=220 rows=44 samples=24 staging_mean_us=1198 staging_max_us=1219 wire_budget_us=1619 over_budget_us=0 pass=1
[18:13:08] TINYDRAW_PANSEQ_STRIP zoom=400 strip=6 panel_y=264 rows=44 samples=24 staging_mean_us=1382 staging_max_us=1418 wire_budget_us=1619 over_budget_us=0 pass=1
[18:13:08] TINYDRAW_PANSEQ_STRIP zoom=400 strip=7 panel_y=308 rows=44 samples=24 staging_mean_us=1371 staging_max_us=1404 wire_budget_us=1619 over_budget_us=0 pass=1
[18:13:08] TINYDRAW_PANSEQ_STRIP zoom=400 strip=8 panel_y=352 rows=20 samples=24 staging_mean_us=629 staging_max_us=669 wire_budget_us=736 over_budget_us=0 pass=1
[18:13:08] TINYDRAW_GATE1_PANSEQ zoom=400 frames=24 scroll_avg_us=9 exposed_avg_us=7805 chrome_avg_us=2296 tear_wait_avg_us=9151 present_avg_us=16278 prepare_avg_us=10774 acquire_wait_avg_us=25 ring_copy_avg_us=8431 patch_avg_us=2333 byte_swap_avg_us=9 staging_avg_us=4102 frame_avg_us=33353 frame_p50_us=33935 frame_p95_us=33939 frame_max_us=33939 complete_p50_us=20409 complete_p95_us=20845 complete_max_us=20896 tear_edge_failures=0 presentation_experiment=boundary-top-sweep te_edge=rising requested_clock_mhz=50 effective_clock_mhz=40 chrome_bottom_redraws=0 chrome_battery_redraws=0 chrome_zoom_redraws=0 chrome_minimap_base_redraws=0 strip_samples=216 staging_mean_us=1199 staging_max_us=1418 worst_strip=8 worst_strip_y=352 worst_wire_budget_us=736 worst_headroom_us=67 staging_invariant=1 pacing_pass=1 all_reused=1 pass=1
[18:13:08] TINYDRAW_GATE1_PAN_BOUNDARY zoom=100 slow_1px_trace=1 below_delta=94 below_reused=1 at_delta=96 at_reused=1 above_delta=98 above_fallback=1 pass=1
[18:13:09] TINYDRAW_GATE1_PAN_BOUNDARY zoom=400 slow_1px_trace=1 below_delta=94 below_reused=1 at_delta=96 at_reused=1 above_delta=98 above_fallback=1 pass=1
[18:13:09] TINYDRAW_GATE1_DRAW_FILL zoom=400 revision=2930 append_us=1036 poll_gap_us=96 event_submit_us=213 event_complete_us=2216 max_compute_slice_us=5492 max_display_slice_us=17375 fill_us=246452 revision_restarted=1 pass=1
[18:13:10] TINYDRAW_GATE1_CACHE_FILL zoom=50 x=63 y=63 published=56 total_us=639972 within_cold_gate=0 complete=1
[18:13:10] TINYDRAW_GATE1_CACHE_FILL zoom=100 x=63 y=63 published=56 total_us=529972 within_cold_gate=0 complete=1
[18:13:11] TINYDRAW_GATE1_CACHE_FILL zoom=200 x=63 y=63 published=56 total_us=388972 within_cold_gate=1 complete=1
[18:13:11] TINYDRAW_GATE1_CACHE_FILL zoom=400 x=63 y=63 published=56 total_us=337972 within_cold_gate=1 complete=1
[18:13:11] TINYDRAW_GATE1_CACHE_REVISIT zoom=50 remaining=0 tile_pixels=118128 fallback_pixels=0 compose_us=17715 complete_us=20522 hit=1
[18:13:11] TINYDRAW_GATE1_CACHE_REVISIT zoom=100 remaining=0 tile_pixels=164864 fallback_pixels=0 compose_us=19530 complete_us=21067 hit=1
[18:13:11] TINYDRAW_GATE1_CACHE_REVISIT zoom=200 remaining=0 tile_pixels=164864 fallback_pixels=0 compose_us=20505 complete_us=20610 hit=1
[18:13:11] TINYDRAW_GATE1_CACHE_REVISIT zoom=400 remaining=0 tile_pixels=164608 fallback_pixels=0 compose_us=21327 complete_us=21158 hit=1
[18:13:12] TINYDRAW_GATE1_CACHE_FILL zoom=400 x=575 y=575 published=56 total_us=364972 within_cold_gate=1 complete=1
[18:13:12] TINYDRAW_GATE1_CACHE_ROUND_TRIP zoom=50 from_x=63 from_y=63 via_x=575 via_y=575 remaining=0 tile_pixels=118128 fallback_pixels=0 compose_us=17823 complete_us=20505 hit=1
[18:13:12] TINYDRAW_GATE1_CACHE_ROUND_TRIP zoom=100 from_x=63 from_y=63 via_x=575 via_y=575 remaining=0 tile_pixels=164864 fallback_pixels=0 compose_us=19602 complete_us=21042 hit=1
[18:13:12] TINYDRAW_GATE1_CACHE_ROUND_TRIP zoom=200 from_x=63 from_y=63 via_x=575 via_y=575 remaining=0 tile_pixels=164864 fallback_pixels=0 compose_us=20404 complete_us=20581 hit=1
[18:13:12] TINYDRAW_GATE1_CACHE_ROUND_TRIP zoom=400 from_x=63 from_y=63 via_x=575 via_y=575 remaining=0 tile_pixels=164608 fallback_pixels=0 compose_us=21373 complete_us=21117 hit=1
[18:13:12] TINYDRAW_GATE1_CACHE_RETENTION pass=1 slots=448 revision=2930
[18:13:13] TINYDRAW_PAPER_SWEEP zoom=100 identities=644 raw=266 uniform=378 fallback=0 slots=448 total_us=1413834 pass=1
[18:13:13] TINYDRAW_RERENDER_LEDGER_RESET site=cache_tour_start
[18:13:18] TINYDRAW_GATE1_CACHE_TOUR slots=448 stops=16 forward_steps=2162 forward_tiles=832 forward_wall_us=2080888 return_missing_tiles=0 return_steps=16 return_tiles=0 return_wall_us=42554 home_missing=0 home_fallback_pixels=0 pass=1
[18:13:18] TINYDRAW_RERENDER_LEDGER site=cache_tour renders=137 unique=137 amplification=1.000 cold=137 damage=0 evict=0 stale=0 unexplained=0
[18:13:18] TINYDRAW_GATE1_MIXED_DRAW_WARM zoom=50 fill_tiles=56 fill_us=554267 raw=42 uniform=14
[18:13:19] TINYDRAW_GATE1_MIXED_DRAW_WARM zoom=100 fill_tiles=56 fill_us=439443 raw=56 uniform=0
[18:13:19] TINYDRAW_GATE1_MIXED_DRAW_WARM zoom=200 fill_tiles=56 fill_us=357718 raw=56 uniform=0
[18:13:20] TINYDRAW_GATE1_MIXED_DRAW_WARM zoom=400 fill_tiles=42 fill_us=231378 raw=42 uniform=0
[18:13:20] TINYDRAW_GATE1_MIXED_DRAW zoom=25 tool=pen chunks=50 append_max_us=13363 append_avg_us=11954 append_total_us=597747 affected_tiles=196 published=0 fallback=196 visible_fallback=0 ph_prepare_max_us=157 ph_overview_max_us=9104 ph_enumerate_max_us=552 ph_uniform_max_us=92 ph_raw_max_us=15 ph_commit_max_us=3542 committed=1 authority=1 refresh=1 run_ok=1 pass=1
[18:13:21] TINYDRAW_GATE1_MIXED_DRAW zoom=25 tool=eraser chunks=50 append_max_us=13421 append_avg_us=11883 append_total_us=594179 affected_tiles=0 published=0 fallback=0 visible_fallback=0 ph_prepare_max_us=158 ph_overview_max_us=9239 ph_enumerate_max_us=469 ph_uniform_max_us=5 ph_raw_max_us=5 ph_commit_max_us=3593 committed=1 authority=1 refresh=1 run_ok=1 pass=1
[18:13:24] TINYDRAW_GATE1_MIXED_DRAW zoom=50 tool=pen chunks=50 append_max_us=19352 append_avg_us=16502 append_total_us=825144 affected_tiles=422 published=400 fallback=22 visible_fallback=0 ph_prepare_max_us=184 ph_overview_max_us=3819 ph_enumerate_max_us=536 ph_uniform_max_us=5218 ph_raw_max_us=12315 ph_commit_max_us=1726 committed=1 authority=1 refresh=1 run_ok=1 pass=0
[18:13:25] TINYDRAW_GATE1_MIXED_DRAW zoom=50 tool=eraser chunks=50 append_max_us=17976 append_avg_us=16252 append_total_us=812648 affected_tiles=405 published=405 fallback=0 visible_fallback=0 ph_prepare_max_us=175 ph_overview_max_us=3872 ph_enumerate_max_us=571 ph_uniform_max_us=26 ph_raw_max_us=12284 ph_commit_max_us=1489 committed=1 authority=1 refresh=1 run_ok=1 pass=0
[18:13:27] TINYDRAW_GATE1_MIXED_DRAW zoom=100 tool=pen chunks=50 append_max_us=15973 append_avg_us=13913 append_total_us=695689 affected_tiles=450 published=398 fallback=52 visible_fallback=0 ph_prepare_max_us=177 ph_overview_max_us=1949 ph_enumerate_max_us=574 ph_uniform_max_us=4377 ph_raw_max_us=12208 ph_commit_max_us=992 committed=1 authority=1 refresh=1 run_ok=1 pass=0
[18:13:27] TINYDRAW_GATE1_MIXED_DRAW zoom=100 tool=eraser chunks=50 append_max_us=15369 append_avg_us=13702 append_total_us=685108 affected_tiles=399 published=399 fallback=0 visible_fallback=0 ph_prepare_max_us=177 ph_overview_max_us=1952 ph_enumerate_max_us=488 ph_uniform_max_us=29 ph_raw_max_us=12347 ph_commit_max_us=812 committed=1 authority=1 refresh=1 run_ok=1 pass=0
[18:13:29] TINYDRAW_GATE1_MIXED_DRAW zoom=200 tool=pen chunks=50 append_max_us=15399 append_avg_us=12818 append_total_us=640924 affected_tiles=425 published=389 fallback=36 visible_fallback=0 ph_prepare_max_us=177 ph_overview_max_us=1059 ph_enumerate_max_us=582 ph_uniform_max_us=4474 ph_raw_max_us=12263 ph_commit_max_us=831 committed=1 authority=1 refresh=1 run_ok=1 pass=0
[18:13:30] TINYDRAW_GATE1_MIXED_DRAW zoom=200 tool=eraser chunks=50 append_max_us=14426 append_avg_us=12582 append_total_us=629121 affected_tiles=388 published=388 fallback=0 visible_fallback=0 ph_prepare_max_us=178 ph_overview_max_us=1065 ph_enumerate_max_us=628 ph_uniform_max_us=27 ph_raw_max_us=12454 ph_commit_max_us=666 committed=1 authority=1 refresh=1 run_ok=1 pass=1
[18:13:32] TINYDRAW_GATE1_MIXED_DRAW zoom=400 tool=pen chunks=50 append_max_us=14337 append_avg_us=11877 append_total_us=593890 affected_tiles=359 published=334 fallback=25 visible_fallback=0 ph_prepare_max_us=179 ph_overview_max_us=716 ph_enumerate_max_us=611 ph_uniform_max_us=3321 ph_raw_max_us=11809 ph_commit_max_us=760 committed=1 authority=1 refresh=1 run_ok=1 pass=1
[18:13:33] TINYDRAW_GATE1_MIXED_DRAW zoom=400 tool=eraser chunks=50 append_max_us=13494 append_avg_us=11770 append_total_us=588515 affected_tiles=350 published=350 fallback=0 visible_fallback=0 ph_prepare_max_us=175 ph_overview_max_us=714 ph_enumerate_max_us=610 ph_uniform_max_us=28 ph_raw_max_us=11880 ph_commit_max_us=603 committed=1 authority=1 refresh=1 run_ok=1 pass=1
[18:13:33] TINYDRAW_GATE1_MIXED_DRAW_REVISIT zoom=50 missing=4 refill_tiles=4 refill_us=188903
[18:13:34] TINYDRAW_GATE1_MIXED_DRAW_REVISIT zoom=100 missing=9 refill_tiles=9 refill_us=326702
[18:13:34] TINYDRAW_GATE1_MIXED_DRAW_REVISIT zoom=200 missing=16 refill_tiles=16 refill_us=336797
[18:13:34] TINYDRAW_GATE1_MIXED_DRAW_REVISIT zoom=400 missing=0 refill_tiles=0 refill_us=966
[18:13:34] TINYDRAW_GATE1_MIXED_DRAW_SUMMARY slots=448 strokes=10 worst_append_us=19352 pass=0
[18:13:40] TINYDRAW_GATE1_IDLE_REPAIR damaged=588 remaining=0 plan_views=24 steps=4378 repair_us=4460218 worst_step_us=5873 warm_tiles=56 pass=1
[18:13:41] TINYDRAW_INKTRACE trace=fast-curve-dense-25 zoom=25 events=411 consumed=374 coalesced=37 down=1/1 up=1/1 max_time_gap_us=24252 max_space_gap_px=55.33 e2c_p50=503 e2c_p95=1568 e2c_max=2755 e2g_p95=771 e2s_p95=2628 e2d_p50=2294 e2d_p95=3620 e2d_max=4371 latency_samples=33 presentation_failures=0 commit_failures=0 overflows=0 revision=3482 latency_pass=1 pass=1
[18:13:42] TINYDRAW_INKTRACE trace=fast-curve-400 zoom=400 events=414 consumed=382 coalesced=32 down=1/1 up=1/1 max_time_gap_us=9036 max_space_gap_px=65.51 e2c_p50=503 e2c_p95=579 e2c_max=1581 e2g_p95=772 e2s_p95=2661 e2d_p50=2431 e2d_p95=3908 e2d_max=3919 latency_samples=33 presentation_failures=0 commit_failures=0 overflows=0 revision=3484 latency_pass=1 pass=1
[18:13:44] TINYDRAW_INKTRACE trace=fast-curve-400-xl zoom=400 events=2296 consumed=1933 coalesced=363 down=1/1 up=1/1 max_time_gap_us=12758 max_space_gap_px=47.85 e2c_p50=503 e2c_p95=565 e2c_max=2057 e2g_p95=775 e2s_p95=2984 e2d_p50=3203 e2d_p95=4547 e2d_max=8132 latency_samples=172 presentation_failures=0 commit_failures=0 overflows=0 revision=3490 latency_pass=1 pass=1
[18:13:45] TINYDRAW_INKTRACE trace=slow-precise-100 zoom=100 events=741 consumed=733 coalesced=8 down=1/1 up=1/1 max_time_gap_us=8309 max_space_gap_px=13.45 e2c_p50=503 e2c_p95=1057 e2c_max=1576 e2g_p95=774 e2s_p95=1780 e2d_p50=1912 e2d_p95=2256 e2d_max=2283 latency_samples=53 presentation_failures=0 commit_failures=0 overflows=0 revision=3492 latency_pass=1 pass=1
[18:13:48] TINYDRAW_INKTRACE trace=scribble-multistroke zoom=100 events=848 consumed=735 coalesced=113 down=7/7 up=7/7 max_time_gap_us=6075 max_space_gap_px=109.46 e2c_p50=503 e2c_p95=576 e2c_max=1570 e2g_p95=766 e2s_p95=3458 e2d_p50=3092 e2d_p95=5253 e2d_max=6317 latency_samples=55 presentation_failures=0 commit_failures=0 overflows=0 revision=3499 latency_pass=1 pass=1
[18:13:49] TINYDRAW_HAIRLINE_DOC ops=782 samples=8061 append_total_us=1048102 append_max_us=7215
[18:13:50] TINYDRAW_GATE1_PACED_COLD corpus=evil_hairlines_capacity zoom=100 x=552 y=672 steps=239 tiles=56 compute_us=262323 present_us=80789 touch_us=659 pacing_us=9204 wall_us=352975 maximum_wall_us=500000 max_tick_us=9016 touch_samples=50581 touch_interval_max_us=2087 touch_read_max_us=594 touch_events=0 touch_down=0 touch_up=0 touch_events_ge_8ms=0 touch_event_age_max_us=0 touch_errors=0 touch_overflows=0 pass=1
[18:13:50] TINYDRAW_GATE1_PACED_COLD corpus=evil_hairlines_capacity zoom=400 x=2760 y=3360 steps=212 tiles=48 compute_us=163059 present_us=78365 touch_us=522 pacing_us=6033 wall_us=247979 maximum_wall_us=500000 max_tick_us=9186 touch_samples=311 touch_interval_max_us=1868 touch_read_max_us=528 touch_events=0 touch_down=0 touch_up=0 touch_events_ge_8ms=0 touch_event_age_max_us=0 touch_errors=0 touch_overflows=0 pass=1
[18:13:53] TINYDRAW_HAIRLINE_REPAIR steps=2372 wall_us=2610401 worst_step_us=7000 resident=407/448 grid_stopped=1 pass2_steps=8 pass2_wall_us=11548 no_churn=1
[18:13:54] TINYDRAW_HAIRLINE_TOUR stops=8 total_us=1149824 worst_stop_us=245053 worst_step_us=7440
[18:13:55] TINYDRAW_GATE1_HAIRLINE raw=339 uniform=72 fallback=233 capacity=448 worst_step_us=7440 grid_stopped=1 pass=1
[18:13:57] TINYDRAW_GATE1_LONG_GESTURE path=reference samples=1600 chunks=26 append_total_us=971420 append_max_us=44646 append_avg_us=37362 refresh_fallback_pixels=0 settled_fallback_pixels=0 committed=1 authority=1 refresh=1 run_ok=1
[18:13:57] TINYDRAW_GATE1_LONG_GESTURE path=in_place samples=1600 chunks=52 append_total_us=598044 append_max_us=13945 append_avg_us=11500 refresh_fallback_pixels=0 settled_fallback_pixels=0 committed=1 authority=1 refresh=1 run_ok=1
[18:13:57] TINYDRAW_V2_EXPORT_PROGRESS row=0 of=1792
[18:13:57] TINYDRAW_V2_EXPORT_PROGRESS row=256 of=1792
[18:13:58] TINYDRAW_V2_EXPORT_PROGRESS row=512 of=1792
[18:13:59] TINYDRAW_V2_EXPORT_PROGRESS row=768 of=1792
[18:14:00] TINYDRAW_V2_EXPORT_PROGRESS row=1024 of=1792
[18:14:01] TINYDRAW_V2_EXPORT_PROGRESS row=1280 of=1792
[18:14:01] TINYDRAW_V2_EXPORT_PROGRESS row=1536 of=1792
[18:14:02] TINYDRAW_GATE1_EXPORT encoded=1 bytes=40166 elapsed_us=5848093 workspace_bytes=50652 band_bytes=376832 free_psram=1892692 free_internal=179664 signature=1 dimensions=1 chunks=3 chunks_ok=1 pass=1
[18:14:02] TINYDRAW_EXPORT_RESERVE requested=1572864 free_before=1892692 largest_before=1867776 free_held=319824 largest_held=319488 pass=1
[18:14:02] TINYDRAW_RERENDER_LEDGER site=final renders=0 unique=0 amplification=0.000 cold=0 damage=0 evict=0 stale=0 unexplained=0
[18:14:02] TINYDRAW_GATE1_AUTOMATED_DONE stress=1 stress_100=1 stress_400=1 overlap_ready=1 overlap_cold=0 general_cold_ready=1 general_cold=0 workload=1 paced_cold=1 hard_100=1 hard_400=1 pan_100=1 pan_400=1 pan_seq=1 pan_boundary=1 live_overlay=1 draw_fill=1 cache=1 full_world_cache=1 cache_tour=1 mixed_draw=0 idle_repair=1 ink_trace=1 hairline_capacity=1 long_gesture=1 export_encode=1 export_reserve=1 return=1 ssaa_receipt=yellow
[18:14:02] TINYDRAW_VECTOR_V2_GATE_HARNESS_DONE pass=0
[18:14:02] I (74555) main_task: Returned from app_main()
