[17:03:21] ESP-ROM:esp32s3-20210327
[17:03:21] Build:Mar 27 2021
[17:03:21] rst:0x15 (USB_UART_CHIP_RESET),boot:0x2b (SPI_FAST_FLASH_BOOT)
[17:03:21] Saved PC:0x4037b802
[17:03:21] SPIWP:0xee
[17:03:21] mode:DIO, clock div:1
[17:03:21] load:0x3fce2820,len:0x1664
[17:03:21] load:0x403c8700,len:0xf38
[17:03:21] load:0x403cb700,len:0x31e8
[17:03:21] entry 0x403c8930
[17:03:21] I (24) boot: ESP-IDF v6.0.2 2nd stage bootloader
[17:03:21] I (24) boot: compile time Aug 16 2026 17:00:38
[17:03:21] I (25) boot: Multicore bootloader
[17:03:21] I (25) boot: chip revision: v0.2
[17:03:21] I (28) boot: efuse block revision: v1.3
[17:03:21] I (31) qio_mode: Enabling default flash chip QIO
[17:03:21] I (36) boot.esp32s3: Boot SPI Speed : 80MHz
[17:03:21] I (39) boot.esp32s3: SPI Mode       : QIO
[17:03:21] I (43) boot.esp32s3: SPI Flash Size : 16MB
[17:03:21] I (47) boot: Enabling RNG early entropy source...
[17:03:21] I (51) boot: Partition Table:
[17:03:21] I (54) boot: ## Label            Usage          Type ST Offset   Length
[17:03:21] I (60) boot:  0 nvs              WiFi data        01 02 00009000 00006000
[17:03:21] I (67) boot:  1 phy_init         RF data          01 01 0000f000 00001000
[17:03:21] I (73) boot:  2 factory          factory app      00 00 00010000 00100000
[17:03:21] I (80) boot:  3 drawing          Unknown data     01 40 00110000 00300000
[17:03:21] I (86) boot:  4 export           Unknown data     01 41 00410000 00500000
[17:03:21] I (93) boot:  5 coredump         Unknown data     01 03 00910000 00010000
[17:03:21] I (100) boot: End of partition table
[17:03:21] I (103) esp_image: segment 0: paddr=00010020 vaddr=3c050020 size=2be0ch (179724) map
[17:03:21] I (138) esp_image: segment 1: paddr=0003be34 vaddr=3fc94500 size=03764h ( 14180) load
[17:03:21] I (141) esp_image: segment 2: paddr=0003f5a0 vaddr=40374000 size=00a78h (  2680) load
[17:03:21] I (143) esp_image: segment 3: paddr=00040020 vaddr=42000020 size=4ecach (322732) map
[17:03:21] I (199) esp_image: segment 4: paddr=0008ecd4 vaddr=40374a78 size=0fa48h ( 64072) load
[17:03:21] I (213) esp_image: segment 5: paddr=0009e724 vaddr=50000000 size=00024h (    36) load
[17:03:21] I (220) boot: Loaded app from partition at offset 0x10000
[17:03:21] I (220) boot: Disabling RNG early entropy source...
[17:03:21] I (230) octal_psram: vendor id    : 0x0d (AP)
[17:03:21] I (231) octal_psram: dev id       : 0x02 (generation 3)
[17:03:21] I (231) octal_psram: density      : 0x03 (64 Mbit)
[17:03:21] I (233) octal_psram: good-die     : 0x01 (Pass)
[17:03:21] I (237) octal_psram: Latency      : 0x01 (Fixed)
[17:03:21] I (241) octal_psram: VCC          : 0x01 (3V)
[17:03:21] I (245) octal_psram: SRF          : 0x01 (Fast Refresh)
[17:03:21] I (250) octal_psram: BurstType    : 0x01 (Hybrid Wrap)
[17:03:21] I (255) octal_psram: BurstLen     : 0x01 (32 Byte)
[17:03:21] I (260) octal_psram: Readlatency  : 0x02 (10 cycles@Fixed)
[17:03:21] I (265) octal_psram: DriveStrength: 0x00 (1/1)
[17:03:21] I (269) MSPI Timing: Enter psram timing tuning
[17:03:21] I (274) esp_psram: Found 8MB PSRAM device
[17:03:21] I (277) esp_psram: Speed: 80MHz
[17:03:21] I (280) cpu_start: Multicore app
[17:03:22] I (696) esp_psram: SPI SRAM memory test OK
[17:03:22] I (704) cpu_start: GPIO 44 and 43 are used as console UART I/O pins
[17:03:22] I (705) cpu_start: Pro cpu start user code
[17:03:22] I (705) cpu_start: cpu freq: 240000000 Hz
[17:03:22] I (706) app_init: Application information:
[17:03:22] I (710) app_init: Project name:     tinydraw_esp32
[17:03:22] I (715) app_init: App version:      f2f6da7-dirty
[17:03:22] I (719) app_init: Compile time:     Aug 16 2026 17:00:30
[17:03:22] I (724) app_init: ELF file SHA256:  d6b7b3910...
[17:03:22] I (729) app_init: ESP-IDF:          v6.0.2
[17:03:22] I (732) efuse_init: Min chip rev:     v0.0
[17:03:22] I (736) efuse_init: Max chip rev:     v0.99 
[17:03:22] I (740) efuse_init: Chip rev:         v0.2
[17:03:22] I (744) heap_init: Initializing. RAM available for dynamic allocation:
[17:03:22] I (750) heap_init: At 3FC99090 len 00050680 (321 KiB): RAM
[17:03:22] I (755) heap_init: At 3FCE9710 len 00005724 (21 KiB): RAM
[17:03:22] I (761) heap_init: At 3FCF0000 len 00008000 (32 KiB): DRAM
[17:03:22] I (766) heap_init: At 600FE000 len 00001FE8 (7 KiB): RTCRAM
[17:03:22] I (771) esp_psram: Adding pool of 8192K of PSRAM memory to heap allocator
[17:03:22] I (778) spi_flash: detected chip: generic
[17:03:22] I (781) spi_flash: flash io: qio
[17:03:22] I (785) sleep_gpio: Configure to isolate all GPIO pins in sleep state
[17:03:22] I (791) sleep_gpio: Enable automatic switching of GPIO sleep configuration
[17:03:22] I (798) main_task: Started on CPU0
[17:03:22] I (801) main_task: Calling app_main()
[17:03:22] TINYDRAW_PRODUCER_SCRATCH supertask_internal=1 slot_directory_internal=0 free_internal=319136 free_psram=1861508
[17:03:22] TINYDRAW_PANEL_HARD_RESET=1
[17:03:22] TINYDRAW_PANEL_TRANSPORT requested_clock_mhz=50 effective_clock_mhz=40
[17:03:22] I (1008) co5300: version: 2.1.0
[17:03:22] I (1008) co5300_spi: LCD panel create success, version: 2.1.0
[17:03:22] W (1093) co5300_spi: The 3Ah command has been used and will be overwritten by external initialization sequence
[17:03:22] I (1194) CST816S: IC id: 183
[17:03:22] TINYDRAW_VECTOR_V2_PRESENTATION experiment=boundary-top-sweep te_edge=rising requested_clock_mhz=50 effective_clock_mhz=40 optical_acceptance=external_manual
[17:03:22] TINYDRAW_LIVE_PRESENT kind=startup zoom=25 x=0 y=0 compose_us=26533 scroll_us=0 exposed_compose_us=0 chrome_us=17671 chrome_prepare_us=12221 chrome_stage_us=5450 read_submit_us=0 read_complete_us=0 transfer_wait_us=21278 tile_pixels=0 uniform_pixels=0 overview_pixels=164864 fallback_pixels=0 resident_tiles=0 fallback_tiles=0 pushes=11 tear_wait_us=16124 tear_edge_isr_to_resume_us=10 tear_edge_observed=1 tear_edge_wait_resumed=1 tear_edge_timeout=0 tear_heal_attempted=0 tear_heal_command_sent=0 presentation_experiment=boundary-top-sweep te_edge=rising requested_clock_mhz=50 effective_clock_mhz=40 frame_reused=0 pass=1
[17:03:23] TINYDRAW_LIVE_STRESS operations=1000 samples=20000 total_us=727440 average_us=727 maximum_us=1037 free_psram=1859920 largest_psram=1835008
[17:03:23] TINYDRAW_LIVE_PRESENT kind=gate_fallback zoom=100 x=0 y=0 compose_us=11606 scroll_us=0 exposed_compose_us=0 chrome_us=11727 chrome_prepare_us=6976 chrome_stage_us=4751 read_submit_us=29150 read_complete_us=32598 transfer_wait_us=20515 tile_pixels=0 uniform_pixels=0 overview_pixels=0 fallback_pixels=164864 resident_tiles=0 fallback_tiles=42 pushes=11 tear_wait_us=10434 tear_edge_isr_to_resume_us=11 tear_edge_observed=1 tear_edge_wait_resumed=1 tear_edge_timeout=0 tear_heal_attempted=0 tear_heal_command_sent=0 presentation_experiment=boundary-top-sweep te_edge=rising requested_clock_mhz=50 effective_clock_mhz=40 frame_reused=0 pass=1
[17:03:23] TINYDRAW_GATE1_HARD zoom=100 cold=1 operations=1000 samples=20000 steps=196 tiles=42 scanned=12000 rendered=1585 max_supertask_us=6284 presentation_us=72304 total_us=266989 maximum_wall_us=500000 pass=1
[17:03:24] TINYDRAW_LIVE_PRESENT kind=gate_fallback zoom=400 x=0 y=0 compose_us=11006 scroll_us=0 exposed_compose_us=0 chrome_us=7023 chrome_prepare_us=2412 chrome_stage_us=4611 read_submit_us=28330 read_complete_us=32046 transfer_wait_us=21078 tile_pixels=0 uniform_pixels=0 overview_pixels=0 fallback_pixels=164864 resident_tiles=0 fallback_tiles=42 pushes=11 tear_wait_us=14789 tear_edge_isr_to_resume_us=13 tear_edge_observed=1 tear_edge_wait_resumed=1 tear_edge_timeout=0 tear_heal_attempted=0 tear_heal_command_sent=0 presentation_experiment=boundary-top-sweep te_edge=rising requested_clock_mhz=50 effective_clock_mhz=40 frame_reused=0 pass=1
[17:03:24] TINYDRAW_GATE1_HARD zoom=400 cold=1 operations=1000 samples=20000 steps=200 tiles=42 scanned=12000 rendered=122 max_supertask_us=4487 presentation_us=66429 total_us=159789 maximum_wall_us=500000 pass=1
[17:03:25] TINYDRAW_OVERLAP_WORKLOAD operations=8 samples=1200 radius_world=80
[17:03:25] TINYDRAW_GATE1_PACED_COLD corpus=overlap zoom=50 x=215 y=255 steps=604 tiles=56 compute_us=441711 present_us=82953 touch_us=1168 pacing_us=17534 wall_us=543366 maximum_wall_us=500000 max_tick_us=9459 touch_samples=2712 touch_interval_max_us=2000 touch_read_max_us=604 touch_events=0 touch_down=0 touch_up=0 touch_events_ge_8ms=0 touch_event_age_max_us=0 touch_errors=0 touch_overflows=0 pass=0
[17:03:26] TINYDRAW_GATE1_PACED_COLD corpus=overlap zoom=100 x=583 y=703 steps=303 tiles=48 compute_us=237252 present_us=76802 touch_us=716 pacing_us=10202 wall_us=324972 maximum_wall_us=500000 max_tick_us=9310 touch_samples=384 touch_interval_max_us=1922 touch_read_max_us=512 touch_events=0 touch_down=0 touch_up=0 touch_events_ge_8ms=0 touch_event_age_max_us=0 touch_errors=0 touch_overflows=0 pass=1
[17:03:26] TINYDRAW_GATE1_PACED_COLD corpus=overlap zoom=200 x=1319 y=1599 steps=212 tiles=56 compute_us=206688 present_us=76672 touch_us=612 pacing_us=8000 wall_us=291972 maximum_wall_us=500000 max_tick_us=9963 touch_samples=365 touch_interval_max_us=1948 touch_read_max_us=525 touch_events=0 touch_down=0 touch_up=0 touch_events_ge_8ms=0 touch_event_age_max_us=0 touch_errors=0 touch_overflows=0 pass=1
[17:03:26] TINYDRAW_GATE1_PACED_COLD corpus=overlap zoom=400 x=2791 y=3391 steps=137 tiles=56 compute_us=166993 present_us=74968 touch_us=530 pacing_us=7480 wall_us=249971 maximum_wall_us=500000 max_tick_us=8835 touch_samples=327 touch_interval_max_us=1861 touch_read_max_us=463 touch_events=0 touch_down=0 touch_up=0 touch_events_ge_8ms=0 touch_event_age_max_us=0 touch_errors=0 touch_overflows=0 pass=1
[17:03:27] TINYDRAW_ADVERSARIAL_TAPERED_WORKLOAD operations=128 samples=4096 erasers=12 load_us=214685 appended=1
[17:03:28] TINYDRAW_GENERAL_COLD_WORKLOAD operations=910 samples=12157 hairline_operations=782 hairline_samples=8061 hairline_load_us=1108198 appended=1
[17:03:28] TINYDRAW_GATE1_PACED_COLD corpus=adversarial_tapered_4x+evil_hairlines zoom=50 x=0 y=0 steps=396 tiles=42 compute_us=396256 present_us=71125 touch_us=940 pacing_us=14393 wall_us=482714 maximum_wall_us=500000 max_tick_us=8417 touch_samples=1679 touch_interval_max_us=2057 touch_read_max_us=544 touch_events=0 touch_down=0 touch_up=0 touch_events_ge_8ms=0 touch_event_age_max_us=0 touch_errors=0 touch_overflows=0 pass=1
[17:03:29] TINYDRAW_GATE1_PACED_COLD corpus=adversarial_tapered_4x+evil_hairlines zoom=100 x=0 y=0 steps=702 tiles=42 compute_us=429527 present_us=67782 touch_us=1087 pacing_us=14723 wall_us=513119 maximum_wall_us=500000 max_tick_us=8477 touch_samples=583 touch_interval_max_us=1852 touch_read_max_us=476 touch_events=0 touch_down=0 touch_up=0 touch_events_ge_8ms=0 touch_event_age_max_us=0 touch_errors=0 touch_overflows=0 pass=0
[17:03:29] TINYDRAW_GATE1_PACED_COLD corpus=adversarial_tapered_4x+evil_hairlines zoom=200 x=0 y=0 steps=1140 tiles=42 compute_us=561711 present_us=64579 touch_us=1319 pacing_us=23777 wall_us=651386 maximum_wall_us=500000 max_tick_us=7886 touch_samples=724 touch_interval_max_us=1862 touch_read_max_us=474 touch_events=0 touch_down=0 touch_up=0 touch_events_ge_8ms=0 touch_event_age_max_us=0 touch_errors=0 touch_overflows=0 pass=0
[17:03:30] TINYDRAW_GATE1_PACED_COLD corpus=adversarial_tapered_4x+evil_hairlines zoom=400 x=0 y=0 steps=1123 tiles=42 compute_us=547732 present_us=64368 touch_us=1284 pacing_us=21133 wall_us=634517 maximum_wall_us=500000 max_tick_us=8513 touch_samples=705 touch_interval_max_us=1148 touch_read_max_us=449 touch_events=0 touch_down=0 touch_up=0 touch_events_ge_8ms=0 touch_event_age_max_us=0 touch_errors=0 touch_overflows=0 pass=0
[17:03:31] TINYDRAW_GATE1_WORKLOAD kind=realistic seed=7 operations=1000 samples=19844 maximum_stroke=198 load_us=545301 raw_source=1 lod_copies=0
[17:03:31] TINYDRAW_GATE1_PACED_COLD corpus=seed7 zoom=400 x=63 y=63 steps=325 tiles=56 compute_us=205219 present_us=81263 touch_us=574 pacing_us=5892 wall_us=292948 maximum_wall_us=500000 max_tick_us=9636 touch_samples=992 touch_interval_max_us=2008 touch_read_max_us=516 touch_events=0 touch_down=0 touch_up=0 touch_events_ge_8ms=0 touch_event_age_max_us=0 touch_errors=0 touch_overflows=0 pass=1
[17:03:31] TINYDRAW_LIVE_PRESENT kind=gate_fallback zoom=100 x=0 y=0 compose_us=11658 scroll_us=0 exposed_compose_us=0 chrome_us=7163 chrome_prepare_us=2361 chrome_stage_us=4802 read_submit_us=16383 read_complete_us=20171 transfer_wait_us=20754 tile_pixels=0 uniform_pixels=0 overview_pixels=0 fallback_pixels=164864 resident_tiles=0 fallback_tiles=42 pushes=11 tear_wait_us=2237 tear_edge_isr_to_resume_us=15 tear_edge_observed=1 tear_edge_wait_resumed=1 tear_edge_timeout=0 tear_heal_attempted=0 tear_heal_command_sent=0 presentation_experiment=boundary-top-sweep te_edge=rising requested_clock_mhz=50 effective_clock_mhz=40 frame_reused=0 pass=1
[17:03:32] TINYDRAW_GATE1_HARD zoom=100 cold=1 operations=1000 samples=19844 steps=386 tiles=42 scanned=12000 rendered=4945 max_supertask_us=5319 presentation_us=70747 total_us=397855 maximum_wall_us=500000 pass=1
[17:03:32] TINYDRAW_GATE1_OVERLAY_CANVAS regions=zoom,minimap,toolbar,battery operations=4 presentation_mutations=0 authority=1 pass=1
[17:03:32] TINYDRAW_GATE1_LIVE_OVERLAY clear_updates=48 clear_wall_max_us=3948 clear_submit_max_us=2154 clear_complete_max_us=3095 overlay_updates=48 overlay_wall_max_us=3925 overlay_submit_max_us=2060 overlay_complete_max_us=3190 overlay_chrome_max_us=244 clear_failures=0 overlay_failures=0 pass=1
[17:03:32] TINYDRAW_EDGE_INK corners=4 edge_failures=0 pass=1
[17:03:33] TINYDRAW_GATE1_PAN zoom=100 from_x=0 from_y=0 to_x=88 to_y=88 compose_us=16017 scroll_us=10 exposed_compose_us=16007 chrome_us=2654 event_submit_us=29524 event_complete_us=32879 transfer_us=16512 setup=1 present=1 moved=1 frame_reused=1 pass=1
[17:03:33] TINYDRAW_LIVE_PRESENT kind=gate_fallback zoom=400 x=0 y=0 compose_us=10975 scroll_us=0 exposed_compose_us=0 chrome_us=6966 chrome_prepare_us=2382 chrome_stage_us=4584 read_submit_us=23403 read_complete_us=27153 transfer_wait_us=21031 tile_pixels=0 uniform_pixels=0 overview_pixels=0 fallback_pixels=164864 resident_tiles=0 fallback_tiles=42 pushes=11 tear_wait_us=9908 tear_edge_isr_to_resume_us=14 tear_edge_observed=1 tear_edge_wait_resumed=1 tear_edge_timeout=0 tear_heal_attempted=0 tear_heal_command_sent=0 presentation_experiment=boundary-top-sweep te_edge=rising requested_clock_mhz=50 effective_clock_mhz=40 frame_reused=0 pass=1
[17:03:33] TINYDRAW_GATE1_HARD zoom=400 cold=1 operations=1008 samples=19852 steps=248 tiles=42 scanned=12096 rendered=551 max_supertask_us=6499 presentation_us=70621 total_us=223653 maximum_wall_us=500000 pass=1
[17:03:33] TINYDRAW_GATE1_PAN zoom=400 from_x=0 from_y=0 to_x=88 to_y=88 compose_us=16019 scroll_us=11 exposed_compose_us=16008 chrome_us=2463 event_submit_us=29577 event_complete_us=32995 transfer_us=16433 setup=1 present=1 moved=1 frame_reused=1 pass=1
[17:03:36] TINYDRAW_PANSEQ_FRAME zoom=100 step=0 dx=24 dy=18 scroll_us=11 exposed_compose_us=4576 chrome_us=2606 tear_wait_us=8236 present_us=16016 prepare_us=11464 acquire_wait_us=21 ring_copy_us=8789 patch_us=2654 byte_swap_us=21 staging_us=3546 event_submit_us=12963 event_complete_us=16287 frame_us=28973 tear_edge_observed=1 frame_reused=1 pass=1
[17:03:36] TINYDRAW_PANSEQ_FRAME zoom=100 step=1 dx=24 dy=18 scroll_us=11 exposed_compose_us=4644 chrome_us=2621 tear_wait_us=12781 present_us=16366 prepare_us=11440 acquire_wait_us=28 ring_copy_us=8751 patch_us=2670 byte_swap_us=19 staging_us=3538 event_submit_us=17546 event_complete_us=20868 frame_us=33922 tear_edge_observed=1 frame_reused=1 pass=1
[17:03:36] TINYDRAW_PANSEQ_FRAME zoom=100 step=2 dx=24 dy=18 scroll_us=10 exposed_compose_us=4276 chrome_us=2604 tear_wait_us=12802 present_us=16718 prepare_us=11490 acquire_wait_us=23 ring_copy_us=8822 patch_us=2646 byte_swap_us=22 staging_us=3553 event_submit_us=17207 event_complete_us=20565 frame_us=33935 tear_edge_observed=1 frame_reused=1 pass=1
[17:03:36] TINYDRAW_PANSEQ_FRAME zoom=100 step=3 dx=24 dy=18 scroll_us=11 exposed_compose_us=4771 chrome_us=2630 tear_wait_us=11949 present_us=16070 prepare_us=11472 acquire_wait_us=23 ring_copy_us=8775 patch_us=2677 byte_swap_us=20 staging_us=3541 event_submit_us=16843 event_complete_us=20189 frame_us=32923 tear_edge_observed=1 frame_reused=1 pass=1
[17:03:36] TINYDRAW_PANSEQ_FRAME zoom=100 step=4 dx=24 dy=18 scroll_us=10 exposed_compose_us=4302 chrome_us=2660 tear_wait_us=13068 present_us=16418 prepare_us=11470 acquire_wait_us=30 ring_copy_us=8745 patch_us=2705 byte_swap_us=20 staging_us=3529 event_submit_us=17507 event_complete_us=20837 frame_us=33935 tear_edge_observed=1 frame_reused=1 pass=1
[17:03:36] TINYDRAW_PANSEQ_FRAME zoom=100 step=5 dx=24 dy=18 scroll_us=10 exposed_compose_us=4586 chrome_us=2653 tear_wait_us=12424 present_us=16764 prepare_us=11459 acquire_wait_us=24 ring_copy_us=8766 patch_us=2674 byte_swap_us=19 staging_us=3559 event_submit_us=17158 event_complete_us=20503 frame_us=33934 tear_edge_observed=1 frame_reused=1 pass=1
[17:03:36] TINYDRAW_PANSEQ_FRAME zoom=100 step=6 dx=24 dy=18 scroll_us=10 exposed_compose_us=4218 chrome_us=2606 tear_wait_us=12449 present_us=16117 prepare_us=11510 acquire_wait_us=23 ring_copy_us=8828 patch_us=2659 byte_swap_us=23 staging_us=3512 event_submit_us=16797 event_complete_us=20158 frame_us=32924 tear_edge_observed=1 frame_reused=1 pass=1
[17:03:36] TINYDRAW_PANSEQ_FRAME zoom=100 step=7 dx=24 dy=18 scroll_us=11 exposed_compose_us=4585 chrome_us=2693 tear_wait_us=12723 present_us=16468 prepare_us=11413 acquire_wait_us=23 ring_copy_us=8670 patch_us=2722 byte_swap_us=21 staging_us=3576 event_submit_us=17460 event_complete_us=20777 frame_us=33930 tear_edge_observed=1 frame_reused=1 pass=1
[17:03:36] TINYDRAW_PANSEQ_FRAME zoom=100 step=8 dx=24 dy=18 scroll_us=10 exposed_compose_us=4535 chrome_us=2638 tear_wait_us=12442 present_us=16830 prepare_us=11481 acquire_wait_us=24 ring_copy_us=8773 patch_us=2687 byte_swap_us=21 staging_us=3547 event_submit_us=17106 event_complete_us=20455 frame_us=33945 tear_edge_observed=1 frame_reused=1 pass=1
[17:03:36] TINYDRAW_PANSEQ_FRAME zoom=100 step=9 dx=24 dy=18 scroll_us=11 exposed_compose_us=4574 chrome_us=2576 tear_wait_us=12024 present_us=16171 prepare_us=11370 acquire_wait_us=24 ring_copy_us=8745 patch_us=2604 byte_swap_us=21 staging_us=3608 event_submit_us=16740 event_complete_us=20055 frame_us=32921 tear_edge_observed=1 frame_reused=1 pass=1
[17:03:36] TINYDRAW_PANSEQ_FRAME zoom=100 step=10 dx=24 dy=18 scroll_us=10 exposed_compose_us=4257 chrome_us=2669 tear_wait_us=13012 present_us=16529 prepare_us=11397 acquire_wait_us=24 ring_copy_us=8665 patch_us=2711 byte_swap_us=21 staging_us=3583 event_submit_us=17415 event_complete_us=20750 frame_us=33936 tear_edge_observed=1 frame_reused=1 pass=1
[17:03:36] TINYDRAW_PANSEQ_FRAME zoom=100 step=11 dx=24 dy=18 scroll_us=10 exposed_compose_us=4802 chrome_us=2591 tear_wait_us=12101 present_us=16888 prepare_us=11350 acquire_wait_us=28 ring_copy_us=8689 patch_us=2632 byte_swap_us=29 staging_us=3670 event_submit_us=17036 event_complete_us=20386 frame_us=33932 tear_edge_observed=1 frame_reused=1 pass=1
[17:03:36] TINYDRAW_PANSEQ_FRAME zoom=100 step=12 dx=24 dy=18 scroll_us=10 exposed_compose_us=4276 chrome_us=2584 tear_wait_us=12279 present_us=16237 prepare_us=11422 acquire_wait_us=22 ring_copy_us=8775 patch_us=2627 byte_swap_us=20 staging_us=3554 event_submit_us=16698 event_complete_us=20007 frame_us=32933 tear_edge_observed=1 frame_reused=1 pass=1
[17:03:36] TINYDRAW_PANSEQ_FRAME zoom=100 step=13 dx=24 dy=18 scroll_us=10 exposed_compose_us=4605 chrome_us=2609 tear_wait_us=12557 present_us=16617 prepare_us=11338 acquire_wait_us=28 ring_copy_us=8682 patch_us=2635 byte_swap_us=21 staging_us=3650 event_submit_us=17306 event_complete_us=20616 frame_us=33934 tear_edge_observed=1 frame_reused=1 pass=1
[17:03:36] TINYDRAW_PANSEQ_FRAME zoom=100 step=14 dx=24 dy=18 scroll_us=10 exposed_compose_us=4240 chrome_us=2590 tear_wait_us=12581 present_us=16975 prepare_us=11437 acquire_wait_us=23 ring_copy_us=8781 patch_us=2636 byte_swap_us=20 staging_us=3582 event_submit_us=16951 event_complete_us=20282 frame_us=33935 tear_edge_observed=1 frame_reused=1 pass=1
[17:03:36] TINYDRAW_PANSEQ_FRAME zoom=100 step=15 dx=24 dy=18 scroll_us=11 exposed_compose_us=4652 chrome_us=2591 tear_wait_us=11818 present_us=16326 prepare_us=11382 acquire_wait_us=25 ring_copy_us=8725 patch_us=2637 byte_swap_us=20 staging_us=3598 event_submit_us=16594 event_complete_us=19915 frame_us=32930 tear_edge_observed=1 frame_reused=1 pass=1
[17:03:37] TINYDRAW_PANSEQ_FRAME zoom=100 step=16 dx=72 dy=54 scroll_us=10 exposed_compose_us=12163 chrome_us=2599 tear_wait_us=4948 present_us=16685 prepare_us=11450 acquire_wait_us=36 ring_copy_us=8787 patch_us=2641 byte_swap_us=22 staging_us=3576 event_submit_us=17241 event_complete_us=20581 frame_us=33935 tear_edge_observed=1 frame_reused=1 pass=1
[17:03:37] TINYDRAW_PANSEQ_FRAME zoom=100 step=17 dx=72 dy=54 scroll_us=11 exposed_compose_us=12117 chrome_us=2610 tear_wait_us=4635 present_us=16034 prepare_us=11433 acquire_wait_us=24 ring_copy_us=8764 patch_us=2649 byte_swap_us=20 staging_us=3562 event_submit_us=16893 event_complete_us=20212 frame_us=32931 tear_edge_observed=1 frame_reused=1 pass=1
[17:03:37] TINYDRAW_PANSEQ_FRAME zoom=100 step=18 dx=72 dy=54 scroll_us=10 exposed_compose_us=10425 chrome_us=2624 tear_wait_us=6982 present_us=16386 prepare_us=11438 acquire_wait_us=21 ring_copy_us=8744 patch_us=2673 byte_swap_us=21 staging_us=3537 event_submit_us=17540 event_complete_us=20846 frame_us=33935 tear_edge_observed=1 frame_reused=1 pass=1
[17:03:37] TINYDRAW_PANSEQ_FRAME zoom=100 step=19 dx=72 dy=54 scroll_us=10 exposed_compose_us=10424 chrome_us=2633 tear_wait_us=6615 present_us=16754 prepare_us=11435 acquire_wait_us=22 ring_copy_us=8743 patch_us=2672 byte_swap_us=20 staging_us=3561 event_submit_us=17168 event_complete_us=20493 frame_us=33942 tear_edge_observed=1 frame_reused=1 pass=1
[17:03:37] TINYDRAW_PANSEQ_FRAME zoom=100 step=20 dx=-72 dy=-54 scroll_us=10 exposed_compose_us=11966 chrome_us=2588 tear_wait_us=4700 present_us=16118 prepare_us=11409 acquire_wait_us=23 ring_copy_us=8760 patch_us=2629 byte_swap_us=20 staging_us=3555 event_submit_us=16798 event_complete_us=20099 frame_us=32925 tear_edge_observed=1 frame_reused=1 pass=1
[17:03:37] TINYDRAW_PANSEQ_FRAME zoom=100 step=21 dx=-72 dy=-54 scroll_us=11 exposed_compose_us=12107 chrome_us=2673 tear_wait_us=5220 present_us=16471 prepare_us=11371 acquire_wait_us=23 ring_copy_us=8635 patch_us=2716 byte_swap_us=20 staging_us=3577 event_submit_us=17458 event_complete_us=20731 frame_us=33931 tear_edge_observed=1 frame_reused=1 pass=1
[17:03:37] TINYDRAW_PANSEQ_FRAME zoom=100 step=22 dx=-72 dy=-54 scroll_us=10 exposed_compose_us=12124 chrome_us=2627 tear_wait_us=4851 present_us=16830 prepare_us=11412 acquire_wait_us=21 ring_copy_us=8723 patch_us=2668 byte_swap_us=21 staging_us=3577 event_submit_us=17105 event_complete_us=20437 frame_us=33944 tear_edge_observed=1 frame_reused=1 pass=1
[17:03:37] TINYDRAW_PANSEQ_FRAME zoom=100 step=23 dx=-72 dy=-54 scroll_us=11 exposed_compose_us=11769 chrome_us=2585 tear_wait_us=4845 present_us=16171 prepare_us=11373 acquire_wait_us=23 ring_copy_us=8717 patch_us=2636 byte_swap_us=20 staging_us=3589 event_submit_us=16740 event_complete_us=20030 frame_us=32921 tear_edge_observed=1 frame_reused=1 pass=1
[17:03:37] TINYDRAW_PANSEQ_STRIP zoom=100 strip=0 panel_y=0 rows=44 samples=24 staging_mean_us=1462 staging_max_us=1501 wire_budget_us=1619 over_budget_us=0 pass=1
[17:03:37] TINYDRAW_PANSEQ_STRIP zoom=100 strip=1 panel_y=44 rows=44 samples=24 staging_mean_us=1300 staging_max_us=1328 wire_budget_us=1619 over_budget_us=0 pass=1
[17:03:37] TINYDRAW_PANSEQ_STRIP zoom=100 strip=2 panel_y=88 rows=44 samples=24 staging_mean_us=1261 staging_max_us=1294 wire_budget_us=1619 over_budget_us=0 pass=1
[17:03:37] TINYDRAW_PANSEQ_STRIP zoom=100 strip=3 panel_y=132 rows=44 samples=24 staging_mean_us=1255 staging_max_us=1282 wire_budget_us=1619 over_budget_us=0 pass=1
[17:03:37] TINYDRAW_PANSEQ_STRIP zoom=100 strip=4 panel_y=176 rows=44 samples=24 staging_mean_us=1255 staging_max_us=1280 wire_budget_us=1619 over_budget_us=0 pass=1
[17:03:37] TINYDRAW_PANSEQ_STRIP zoom=100 strip=5 panel_y=220 rows=44 samples=24 staging_mean_us=1286 staging_max_us=1318 wire_budget_us=1619 over_budget_us=0 pass=1
[17:03:37] TINYDRAW_PANSEQ_STRIP zoom=100 strip=6 panel_y=264 rows=44 samples=24 staging_mean_us=1467 staging_max_us=1508 wire_budget_us=1619 over_budget_us=0 pass=1
[17:03:37] TINYDRAW_PANSEQ_STRIP zoom=100 strip=7 panel_y=308 rows=44 samples=24 staging_mean_us=1460 staging_max_us=1491 wire_budget_us=1619 over_budget_us=0 pass=1
[17:03:37] TINYDRAW_PANSEQ_STRIP zoom=100 strip=8 panel_y=352 rows=20 samples=24 staging_mean_us=700 staging_max_us=739 wire_budget_us=736 over_budget_us=3 pass=0
[17:03:37] TINYDRAW_GATE1_PANSEQ zoom=100 frames=24 scroll_avg_us=10 exposed_avg_us=6874 chrome_avg_us=2619 tear_wait_avg_us=9918 present_avg_us=16456 prepare_avg_us=11425 acquire_wait_avg_us=24 ring_copy_avg_us=8743 patch_avg_us=2660 byte_swap_avg_us=20 staging_avg_us=3570 frame_avg_us=33391 frame_p50_us=33931 frame_p95_us=33944 frame_max_us=33945 complete_p50_us=20437 complete_p95_us=20846 complete_max_us=20868 tear_edge_failures=0 presentation_experiment=boundary-top-sweep te_edge=rising requested_clock_mhz=50 effective_clock_mhz=40 chrome_bottom_redraws=0 chrome_battery_redraws=0 chrome_zoom_redraws=0 chrome_minimap_base_redraws=0 strip_samples=216 staging_mean_us=1272 staging_max_us=1508 worst_strip=8 worst_strip_y=352 worst_wire_budget_us=736 worst_headroom_us=-3 staging_invariant=0 pacing_pass=1 all_reused=1 pass=0
[17:03:39] TINYDRAW_PANSEQ_FRAME zoom=400 step=0 dx=24 dy=18 scroll_us=10 exposed_compose_us=4530 chrome_us=2396 tear_wait_us=8329 present_us=16963 prepare_us=11243 acquire_wait_us=25 ring_copy_us=8785 patch_us=2439 byte_swap_us=19 staging_us=3760 event_submit_us=13009 event_complete_us=16349 frame_us=29973 tear_edge_observed=1 frame_reused=1 pass=1
[17:03:39] TINYDRAW_PANSEQ_FRAME zoom=400 step=1 dx=24 dy=18 scroll_us=10 exposed_compose_us=4563 chrome_us=2425 tear_wait_us=11879 present_us=16330 prepare_us=11207 acquire_wait_us=29 ring_copy_us=8726 patch_us=2460 byte_swap_us=21 staging_us=3775 event_submit_us=16582 event_complete_us=19903 frame_us=32922 tear_edge_observed=1 frame_reused=1 pass=1
[17:03:39] TINYDRAW_PANSEQ_FRAME zoom=400 step=2 dx=24 dy=18 scroll_us=10 exposed_compose_us=4236 chrome_us=2395 tear_wait_us=12858 present_us=16701 prepare_us=11273 acquire_wait_us=25 ring_copy_us=8805 patch_us=2440 byte_swap_us=28 staging_us=3777 event_submit_us=17224 event_complete_us=20590 frame_us=33935 tear_edge_observed=1 frame_reused=1 pass=1
[17:03:39] TINYDRAW_PANSEQ_FRAME zoom=400 step=3 dx=24 dy=18 scroll_us=10 exposed_compose_us=4780 chrome_us=2444 tear_wait_us=11953 present_us=16062 prepare_us=11286 acquire_wait_us=22 ring_copy_us=8772 patch_us=2493 byte_swap_us=21 staging_us=3709 event_submit_us=16850 event_complete_us=20179 frame_us=32924 tear_edge_observed=1 frame_reused=1 pass=1
[17:03:39] TINYDRAW_PANSEQ_FRAME zoom=400 step=4 dx=24 dy=18 scroll_us=10 exposed_compose_us=4283 chrome_us=2451 tear_wait_us=13100 present_us=16413 prepare_us=11262 acquire_wait_us=27 ring_copy_us=8739 patch_us=2503 byte_swap_us=20 staging_us=3733 event_submit_us=17511 event_complete_us=20836 frame_us=33935 tear_edge_observed=1 frame_reused=1 pass=1
[17:03:39] TINYDRAW_PANSEQ_FRAME zoom=400 step=5 dx=24 dy=18 scroll_us=10 exposed_compose_us=4607 chrome_us=2458 tear_wait_us=12384 present_us=16784 prepare_us=11280 acquire_wait_us=23 ring_copy_us=8775 patch_us=2484 byte_swap_us=21 staging_us=3738 event_submit_us=17137 event_complete_us=20479 frame_us=33943 tear_edge_observed=1 frame_reused=1 pass=1
[17:03:39] TINYDRAW_PANSEQ_FRAME zoom=400 step=6 dx=24 dy=18 scroll_us=11 exposed_compose_us=4203 chrome_us=2423 tear_wait_us=12441 present_us=16139 prepare_us=11297 acquire_wait_us=22 ring_copy_us=8810 patch_us=2463 byte_swap_us=24 staging_us=3712 event_submit_us=16775 event_complete_us=20128 frame_us=32924 tear_edge_observed=1 frame_reused=1 pass=1
[17:03:39] TINYDRAW_PANSEQ_FRAME zoom=400 step=7 dx=24 dy=18 scroll_us=11 exposed_compose_us=4596 chrome_us=2506 tear_wait_us=12672 present_us=16510 prepare_us=11213 acquire_wait_us=22 ring_copy_us=8672 patch_us=2521 byte_swap_us=20 staging_us=3762 event_submit_us=17435 event_complete_us=20746 frame_us=33931 tear_edge_observed=1 frame_reused=1 pass=1
[17:03:39] TINYDRAW_PANSEQ_FRAME zoom=400 step=8 dx=24 dy=18 scroll_us=10 exposed_compose_us=4534 chrome_us=2407 tear_wait_us=12378 present_us=16881 prepare_us=11196 acquire_wait_us=25 ring_copy_us=8727 patch_us=2449 byte_swap_us=20 staging_us=3823 event_submit_us=17046 event_complete_us=20390 frame_us=33935 tear_edge_observed=1 frame_reused=1 pass=1
[17:03:39] TINYDRAW_PANSEQ_FRAME zoom=400 step=9 dx=24 dy=18 scroll_us=11 exposed_compose_us=4581 chrome_us=2404 tear_wait_us=11965 present_us=16234 prepare_us=11202 acquire_wait_us=36 ring_copy_us=8748 patch_us=2433 byte_swap_us=21 staging_us=3769 event_submit_us=16696 event_complete_us=19987 frame_us=32930 tear_edge_observed=1 frame_reused=1 pass=1
[17:03:39] TINYDRAW_PANSEQ_FRAME zoom=400 step=10 dx=24 dy=18 scroll_us=10 exposed_compose_us=4241 chrome_us=2409 tear_wait_us=12937 present_us=16619 prepare_us=11220 acquire_wait_us=30 ring_copy_us=8741 patch_us=2451 byte_swap_us=28 staging_us=3777 event_submit_us=17306 event_complete_us=20624 frame_us=33936 tear_edge_observed=1 frame_reused=1 pass=1
[17:03:39] TINYDRAW_PANSEQ_FRAME zoom=400 step=11 dx=24 dy=18 scroll_us=10 exposed_compose_us=4818 chrome_us=2455 tear_wait_us=11982 present_us=15991 prepare_us=11224 acquire_wait_us=27 ring_copy_us=8711 patch_us=2493 byte_swap_us=20 staging_us=3769 event_submit_us=16932 event_complete_us=20239 frame_us=32932 tear_edge_observed=1 frame_reused=1 pass=1
[17:03:39] TINYDRAW_PANSEQ_FRAME zoom=400 step=12 dx=24 dy=18 scroll_us=10 exposed_compose_us=4274 chrome_us=2428 tear_wait_us=13166 present_us=16354 prepare_us=11255 acquire_wait_us=24 ring_copy_us=8759 patch_us=2476 byte_swap_us=20 staging_us=3708 event_submit_us=17568 event_complete_us=20883 frame_us=33933 tear_edge_observed=1 frame_reused=1 pass=1
[17:03:39] TINYDRAW_PANSEQ_FRAME zoom=400 step=13 dx=24 dy=18 scroll_us=10 exposed_compose_us=4595 chrome_us=2444 tear_wait_us=12460 present_us=16723 prepare_us=11260 acquire_wait_us=39 ring_copy_us=8769 patch_us=2472 byte_swap_us=19 staging_us=3771 event_submit_us=17200 event_complete_us=20551 frame_us=33934 tear_edge_observed=1 frame_reused=1 pass=1
[17:03:39] TINYDRAW_PANSEQ_FRAME zoom=400 step=14 dx=24 dy=18 scroll_us=11 exposed_compose_us=4227 chrome_us=2427 tear_wait_us=12469 present_us=16091 prepare_us=11304 acquire_wait_us=22 ring_copy_us=8803 patch_us=2474 byte_swap_us=27 staging_us=3702 event_submit_us=16822 event_complete_us=20162 frame_us=32924 tear_edge_observed=1 frame_reused=1 pass=1
[17:03:39] TINYDRAW_PANSEQ_FRAME zoom=400 step=15 dx=24 dy=18 scroll_us=10 exposed_compose_us=4650 chrome_us=2495 tear_wait_us=12686 present_us=16458 prepare_us=11228 acquire_wait_us=24 ring_copy_us=8672 patch_us=2536 byte_swap_us=20 staging_us=3749 event_submit_us=17471 event_complete_us=20779 frame_us=33934 tear_edge_observed=1 frame_reused=1 pass=1
[17:03:39] TINYDRAW_PANSEQ_FRAME zoom=400 step=16 dx=72 dy=54 scroll_us=10 exposed_compose_us=12119 chrome_us=2473 tear_wait_us=4871 present_us=16806 prepare_us=11295 acquire_wait_us=21 ring_copy_us=8756 patch_us=2516 byte_swap_us=23 staging_us=3724 event_submit_us=17118 event_complete_us=20465 frame_us=33943 tear_edge_observed=1 frame_reused=1 pass=1
[17:03:39] TINYDRAW_PANSEQ_FRAME zoom=400 step=17 dx=72 dy=54 scroll_us=11 exposed_compose_us=11935 chrome_us=2375 tear_wait_us=4681 present_us=16172 prepare_us=11169 acquire_wait_us=23 ring_copy_us=8718 patch_us=2430 byte_swap_us=21 staging_us=3801 event_submit_us=16742 event_complete_us=20049 frame_us=32922 tear_edge_observed=1 frame_reused=1 pass=1
[17:03:39] TINYDRAW_PANSEQ_FRAME zoom=400 step=18 dx=72 dy=54 scroll_us=10 exposed_compose_us=11839 chrome_us=2439 tear_wait_us=5412 present_us=16544 prepare_us=11149 acquire_wait_us=21 ring_copy_us=8644 patch_us=2483 byte_swap_us=22 staging_us=3795 event_submit_us=17386 event_complete_us=20701 frame_us=33935 tear_edge_observed=1 frame_reused=1 pass=1
[17:03:39] TINYDRAW_PANSEQ_FRAME zoom=400 step=19 dx=72 dy=54 scroll_us=10 exposed_compose_us=12037 chrome_us=2403 tear_wait_us=4840 present_us=16917 prepare_us=11204 acquire_wait_us=34 ring_copy_us=8739 patch_us=2444 byte_swap_us=21 staging_us=3775 event_submit_us=17006 event_complete_us=20306 frame_us=33932 tear_edge_observed=1 frame_reused=1 pass=1
[17:03:39] TINYDRAW_PANSEQ_FRAME zoom=400 step=20 dx=-72 dy=-54 scroll_us=10 exposed_compose_us=12182 chrome_us=2387 tear_wait_us=4338 present_us=16275 prepare_us=11177 acquire_wait_us=25 ring_copy_us=8727 patch_us=2430 byte_swap_us=20 staging_us=3782 event_submit_us=16669 event_complete_us=19936 frame_us=32933 tear_edge_observed=1 frame_reused=1 pass=1
[17:03:39] TINYDRAW_PANSEQ_FRAME zoom=400 step=21 dx=-72 dy=-54 scroll_us=10 exposed_compose_us=12114 chrome_us=2400 tear_wait_us=5056 present_us=16636 prepare_us=11163 acquire_wait_us=30 ring_copy_us=8690 patch_us=2453 byte_swap_us=20 staging_us=3801 event_submit_us=17289 event_complete_us=20570 frame_us=33934 tear_edge_observed=1 frame_reused=1 pass=1
[17:03:39] TINYDRAW_PANSEQ_FRAME zoom=400 step=22 dx=-72 dy=-54 scroll_us=24 exposed_compose_us=12109 chrome_us=2442 tear_wait_us=4671 present_us=16000 prepare_us=11246 acquire_wait_us=25 ring_copy_us=8741 patch_us=2482 byte_swap_us=23 staging_us=3742 event_submit_us=16924 event_complete_us=20232 frame_us=32934 tear_edge_observed=1 frame_reused=1 pass=1
[17:03:39] TINYDRAW_PANSEQ_FRAME zoom=400 step=23 dx=-72 dy=-54 scroll_us=10 exposed_compose_us=11798 chrome_us=2472 tear_wait_us=5612 present_us=16381 prepare_us=11225 acquire_wait_us=22 ring_copy_us=8689 patch_us=2516 byte_swap_us=20 staging_us=3732 event_submit_us=17541 event_complete_us=20821 frame_us=33931 tear_edge_observed=1 frame_reused=1 pass=1
[17:03:39] TINYDRAW_PANSEQ_STRIP zoom=400 strip=0 panel_y=0 rows=44 samples=24 staging_mean_us=1459 staging_max_us=1518 wire_budget_us=1619 over_budget_us=0 pass=1
[17:03:39] TINYDRAW_PANSEQ_STRIP zoom=400 strip=1 panel_y=44 rows=44 samples=24 staging_mean_us=1302 staging_max_us=1332 wire_budget_us=1619 over_budget_us=0 pass=1
[17:03:39] TINYDRAW_PANSEQ_STRIP zoom=400 strip=2 panel_y=88 rows=44 samples=24 staging_mean_us=1261 staging_max_us=1291 wire_budget_us=1619 over_budget_us=0 pass=1
[17:03:39] TINYDRAW_PANSEQ_STRIP zoom=400 strip=3 panel_y=132 rows=44 samples=24 staging_mean_us=1256 staging_max_us=1284 wire_budget_us=1619 over_budget_us=0 pass=1
[17:03:39] TINYDRAW_PANSEQ_STRIP zoom=400 strip=4 panel_y=176 rows=44 samples=24 staging_mean_us=1255 staging_max_us=1279 wire_budget_us=1619 over_budget_us=0 pass=1
[17:03:39] TINYDRAW_PANSEQ_STRIP zoom=400 strip=5 panel_y=220 rows=44 samples=24 staging_mean_us=1239 staging_max_us=1273 wire_budget_us=1619 over_budget_us=0 pass=1
[17:03:39] TINYDRAW_PANSEQ_STRIP zoom=400 strip=6 panel_y=264 rows=44 samples=24 staging_mean_us=1416 staging_max_us=1462 wire_budget_us=1619 over_budget_us=0 pass=1
[17:03:39] TINYDRAW_PANSEQ_STRIP zoom=400 strip=7 panel_y=308 rows=44 samples=24 staging_mean_us=1414 staging_max_us=1450 wire_budget_us=1619 over_budget_us=0 pass=1
[17:03:39] TINYDRAW_PANSEQ_STRIP zoom=400 strip=8 panel_y=352 rows=20 samples=24 staging_mean_us=652 staging_max_us=697 wire_budget_us=736 over_budget_us=0 pass=1
[17:03:40] TINYDRAW_GATE1_PANSEQ zoom=400 frames=24 scroll_avg_us=10 exposed_avg_us=6993 chrome_avg_us=2431 tear_wait_avg_us=9797 present_avg_us=16457 prepare_avg_us=11232 acquire_wait_avg_us=25 ring_copy_avg_us=8738 patch_avg_us=2472 byte_swap_avg_us=21 staging_avg_us=3757 frame_avg_us=33392 frame_p50_us=33931 frame_p95_us=33943 frame_max_us=33943 complete_p50_us=20390 complete_p95_us=20836 complete_max_us=20883 tear_edge_failures=0 presentation_experiment=boundary-top-sweep te_edge=rising requested_clock_mhz=50 effective_clock_mhz=40 chrome_bottom_redraws=0 chrome_battery_redraws=0 chrome_zoom_redraws=0 chrome_minimap_base_redraws=0 strip_samples=216 staging_mean_us=1250 staging_max_us=1518 worst_strip=8 worst_strip_y=352 worst_wire_budget_us=736 worst_headroom_us=39 staging_invariant=1 pacing_pass=1 all_reused=1 pass=1
[17:03:40] TINYDRAW_GATE1_PAN_BOUNDARY zoom=100 slow_1px_trace=1 below_delta=94 below_reused=1 at_delta=96 at_reused=1 above_delta=98 above_fallback=1 pass=1
[17:03:40] TINYDRAW_GATE1_PAN_BOUNDARY zoom=400 slow_1px_trace=1 below_delta=94 below_reused=1 at_delta=96 at_reused=1 above_delta=98 above_fallback=1 pass=1
[17:03:41] TINYDRAW_GATE1_DRAW_FILL zoom=400 revision=2930 append_us=1442 poll_gap_us=97 event_submit_us=249 event_complete_us=2200 max_compute_slice_us=3282 max_display_slice_us=17682 fill_us=235516 revision_restarted=1 pass=1
[17:03:42] TINYDRAW_GATE1_CACHE_FILL zoom=50 x=63 y=63 published=56 total_us=666967 within_cold_gate=0 complete=1
[17:03:42] TINYDRAW_GATE1_CACHE_FILL zoom=100 x=63 y=63 published=56 total_us=517965 within_cold_gate=0 complete=1
[17:03:42] TINYDRAW_GATE1_CACHE_FILL zoom=200 x=63 y=63 published=56 total_us=358965 within_cold_gate=1 complete=1
[17:03:43] TINYDRAW_GATE1_CACHE_FILL zoom=400 x=63 y=63 published=56 total_us=290965 within_cold_gate=1 complete=1
[17:03:43] TINYDRAW_GATE1_CACHE_REVISIT zoom=50 remaining=0 tile_pixels=118128 fallback_pixels=0 compose_us=16360 complete_us=21567 hit=1
[17:03:43] TINYDRAW_GATE1_CACHE_REVISIT zoom=100 remaining=0 tile_pixels=164864 fallback_pixels=0 compose_us=18931 complete_us=21146 hit=1
[17:03:43] TINYDRAW_GATE1_CACHE_REVISIT zoom=200 remaining=0 tile_pixels=164864 fallback_pixels=0 compose_us=18931 complete_us=20732 hit=1
[17:03:43] TINYDRAW_GATE1_CACHE_REVISIT zoom=400 remaining=0 tile_pixels=164608 fallback_pixels=0 compose_us=18946 complete_us=21305 hit=1
[17:03:43] TINYDRAW_GATE1_CACHE_FILL zoom=400 x=575 y=575 published=56 total_us=315964 within_cold_gate=1 complete=1
[17:03:43] TINYDRAW_GATE1_CACHE_ROUND_TRIP zoom=50 from_x=63 from_y=63 via_x=575 via_y=575 remaining=0 tile_pixels=118128 fallback_pixels=0 compose_us=16431 complete_us=21000 hit=1
[17:03:43] TINYDRAW_GATE1_CACHE_ROUND_TRIP zoom=100 from_x=63 from_y=63 via_x=575 via_y=575 remaining=0 tile_pixels=164864 fallback_pixels=0 compose_us=18943 complete_us=20542 hit=1
[17:03:43] TINYDRAW_GATE1_CACHE_ROUND_TRIP zoom=200 from_x=63 from_y=63 via_x=575 via_y=575 remaining=0 tile_pixels=164864 fallback_pixels=0 compose_us=18960 complete_us=21099 hit=1
[17:03:44] TINYDRAW_GATE1_CACHE_ROUND_TRIP zoom=400 from_x=63 from_y=63 via_x=575 via_y=575 remaining=0 tile_pixels=164608 fallback_pixels=0 compose_us=18955 complete_us=20666 hit=1
[17:03:44] TINYDRAW_GATE1_CACHE_RETENTION pass=1 slots=448 revision=2930
[17:03:45] TINYDRAW_PAPER_SWEEP zoom=100 identities=644 raw=266 uniform=378 fallback=0 slots=448 total_us=1455744 pass=1
[17:03:45] TINYDRAW_RERENDER_LEDGER_RESET site=cache_tour_start
[17:03:48] TINYDRAW_GATE1_CACHE_TOUR slots=448 stops=16 forward_steps=2595 forward_tiles=832 forward_wall_us=1415288 return_missing_tiles=0 return_steps=16 return_tiles=0 return_wall_us=5917 home_missing=0 home_fallback_pixels=0 pass=1
[17:03:48] TINYDRAW_RERENDER_LEDGER site=cache_tour renders=137 unique=137 amplification=1.000 cold=137 damage=0 evict=0 stale=0 unexplained=0
[17:03:49] TINYDRAW_GATE1_MIXED_DRAW_WARM zoom=50 fill_tiles=56 fill_us=596200 raw=42 uniform=14
[17:03:49] TINYDRAW_GATE1_MIXED_DRAW_WARM zoom=100 fill_tiles=56 fill_us=445086 raw=56 uniform=0
[17:03:50] TINYDRAW_GATE1_MIXED_DRAW_WARM zoom=200 fill_tiles=56 fill_us=343322 raw=56 uniform=0
[17:03:50] TINYDRAW_GATE1_MIXED_DRAW_WARM zoom=400 fill_tiles=42 fill_us=211255 raw=42 uniform=0
[17:03:51] TINYDRAW_GATE1_MIXED_DRAW zoom=25 tool=pen chunks=50 append_max_us=13355 append_avg_us=11940 append_total_us=597004 affected_tiles=196 published=0 fallback=196 visible_fallback=0 ph_prepare_max_us=147 ph_overview_max_us=9109 ph_enumerate_max_us=540 ph_uniform_max_us=91 ph_raw_max_us=18 ph_commit_max_us=3593 committed=1 authority=1 refresh=1 run_ok=1 pass=1
[17:03:52] TINYDRAW_GATE1_MIXED_DRAW zoom=25 tool=eraser chunks=50 append_max_us=13441 append_avg_us=11881 append_total_us=594050 affected_tiles=0 published=0 fallback=0 visible_fallback=0 ph_prepare_max_us=144 ph_overview_max_us=9210 ph_enumerate_max_us=459 ph_uniform_max_us=7 ph_raw_max_us=11 ph_commit_max_us=3650 committed=1 authority=1 refresh=1 run_ok=1 pass=1
[17:03:54] TINYDRAW_GATE1_MIXED_DRAW zoom=50 tool=pen chunks=50 append_max_us=19672 append_avg_us=16744 append_total_us=837223 affected_tiles=422 published=400 fallback=22 visible_fallback=0 ph_prepare_max_us=170 ph_overview_max_us=3840 ph_enumerate_max_us=516 ph_uniform_max_us=5364 ph_raw_max_us=12518 ph_commit_max_us=1785 committed=1 authority=1 refresh=1 run_ok=1 pass=0
[17:03:55] TINYDRAW_GATE1_MIXED_DRAW zoom=50 tool=eraser chunks=50 append_max_us=18340 append_avg_us=16471 append_total_us=823575 affected_tiles=405 published=405 fallback=0 visible_fallback=0 ph_prepare_max_us=166 ph_overview_max_us=3830 ph_enumerate_max_us=542 ph_uniform_max_us=33 ph_raw_max_us=12520 ph_commit_max_us=1643 committed=1 authority=1 refresh=1 run_ok=1 pass=0
[17:03:57] TINYDRAW_GATE1_MIXED_DRAW zoom=100 tool=pen chunks=50 append_max_us=16192 append_avg_us=14131 append_total_us=706589 affected_tiles=450 published=398 fallback=52 visible_fallback=0 ph_prepare_max_us=179 ph_overview_max_us=1923 ph_enumerate_max_us=548 ph_uniform_max_us=4442 ph_raw_max_us=12668 ph_commit_max_us=1092 committed=1 authority=1 refresh=1 run_ok=1 pass=0
[17:03:57] TINYDRAW_GATE1_MIXED_DRAW zoom=100 tool=eraser chunks=50 append_max_us=15582 append_avg_us=13884 append_total_us=694241 affected_tiles=399 published=399 fallback=0 visible_fallback=0 ph_prepare_max_us=171 ph_overview_max_us=1895 ph_enumerate_max_us=491 ph_uniform_max_us=28 ph_raw_max_us=12634 ph_commit_max_us=937 committed=1 authority=1 refresh=1 run_ok=1 pass=0
[17:04:00] TINYDRAW_GATE1_MIXED_DRAW zoom=200 tool=pen chunks=50 append_max_us=15562 append_avg_us=13066 append_total_us=653307 affected_tiles=425 published=389 fallback=36 visible_fallback=0 ph_prepare_max_us=175 ph_overview_max_us=1067 ph_enumerate_max_us=584 ph_uniform_max_us=4558 ph_raw_max_us=12617 ph_commit_max_us=911 committed=1 authority=1 refresh=1 run_ok=1 pass=0
[17:04:00] TINYDRAW_GATE1_MIXED_DRAW zoom=200 tool=eraser chunks=50 append_max_us=14661 append_avg_us=12778 append_total_us=638919 affected_tiles=388 published=388 fallback=0 visible_fallback=0 ph_prepare_max_us=171 ph_overview_max_us=1042 ph_enumerate_max_us=608 ph_uniform_max_us=27 ph_raw_max_us=12508 ph_commit_max_us=800 committed=1 authority=1 refresh=1 run_ok=1 pass=1
[17:04:02] TINYDRAW_GATE1_MIXED_DRAW zoom=400 tool=pen chunks=50 append_max_us=14602 append_avg_us=12047 append_total_us=602361 affected_tiles=359 published=334 fallback=25 visible_fallback=0 ph_prepare_max_us=190 ph_overview_max_us=719 ph_enumerate_max_us=600 ph_uniform_max_us=3454 ph_raw_max_us=11868 ph_commit_max_us=857 committed=1 authority=1 refresh=1 run_ok=1 pass=1
[17:04:03] TINYDRAW_GATE1_MIXED_DRAW zoom=400 tool=eraser chunks=50 append_max_us=13734 append_avg_us=11925 append_total_us=596251 affected_tiles=350 published=350 fallback=0 visible_fallback=0 ph_prepare_max_us=177 ph_overview_max_us=716 ph_enumerate_max_us=600 ph_uniform_max_us=34 ph_raw_max_us=11945 ph_commit_max_us=731 committed=1 authority=1 refresh=1 run_ok=1 pass=1
[17:04:03] TINYDRAW_GATE1_MIXED_DRAW_REVISIT zoom=50 missing=4 refill_tiles=4 refill_us=241852
[17:04:04] TINYDRAW_GATE1_MIXED_DRAW_REVISIT zoom=100 missing=9 refill_tiles=9 refill_us=388431
[17:04:04] TINYDRAW_GATE1_MIXED_DRAW_REVISIT zoom=200 missing=16 refill_tiles=16 refill_us=331334
[17:04:04] TINYDRAW_GATE1_MIXED_DRAW_REVISIT zoom=400 missing=0 refill_tiles=0 refill_us=311
[17:04:04] TINYDRAW_GATE1_MIXED_DRAW_SUMMARY slots=448 strokes=10 worst_append_us=19672 pass=0
[17:04:10] TINYDRAW_GATE1_IDLE_REPAIR damaged=588 remaining=0 plan_views=24 steps=5805 repair_us=3413760 worst_step_us=4163 warm_tiles=56 pass=1
[17:04:10] TINYDRAW_INKTRACE trace=fast-curve-dense-25 zoom=25 events=411 consumed=373 coalesced=38 down=1/1 up=1/1 max_time_gap_us=24462 max_space_gap_px=55.33 e2c_p50=503 e2c_p95=1218 e2c_max=2965 e2g_p95=769 e2s_p95=2632 e2d_p50=2310 e2d_p95=3679 e2d_max=4575 latency_samples=33 presentation_failures=0 commit_failures=0 overflows=0 revision=3482 latency_pass=1 pass=1
[17:04:11] TINYDRAW_INKTRACE trace=fast-curve-400 zoom=400 events=414 consumed=380 coalesced=34 down=1/1 up=1/1 max_time_gap_us=9248 max_space_gap_px=65.51 e2c_p50=503 e2c_p95=668 e2c_max=1592 e2g_p95=771 e2s_p95=2663 e2d_p50=2494 e2d_p95=3945 e2d_max=3987 latency_samples=33 presentation_failures=0 commit_failures=0 overflows=0 revision=3484 latency_pass=1 pass=1
[17:04:13] TINYDRAW_INKTRACE trace=fast-curve-400-xl zoom=400 events=2296 consumed=1917 coalesced=379 down=1/1 up=1/1 max_time_gap_us=12795 max_space_gap_px=47.85 e2c_p50=503 e2c_p95=575 e2c_max=1592 e2g_p95=777 e2s_p95=2977 e2d_p50=3310 e2d_p95=4631 e2d_max=8263 latency_samples=172 presentation_failures=0 commit_failures=0 overflows=0 revision=3490 latency_pass=1 pass=1
[17:04:14] TINYDRAW_INKTRACE trace=slow-precise-100 zoom=100 events=741 consumed=688 coalesced=53 down=1/1 up=1/1 max_time_gap_us=8419 max_space_gap_px=13.45 e2c_p50=503 e2c_p95=607 e2c_max=1575 e2g_p95=774 e2s_p95=1757 e2d_p50=2022 e2d_p95=2284 e2d_max=2387 latency_samples=53 presentation_failures=0 commit_failures=0 overflows=0 revision=3492 latency_pass=1 pass=1
[17:04:17] TINYDRAW_INKTRACE trace=scribble-multistroke zoom=100 events=848 consumed=729 coalesced=119 down=7/7 up=7/7 max_time_gap_us=6078 max_space_gap_px=109.46 e2c_p50=503 e2c_p95=580 e2c_max=1582 e2g_p95=770 e2s_p95=3444 e2d_p50=3230 e2d_p95=5290 e2d_max=6330 latency_samples=55 presentation_failures=0 commit_failures=0 overflows=0 revision=3499 latency_pass=1 pass=1
[17:04:19] TINYDRAW_HAIRLINE_DOC ops=782 samples=8061 append_total_us=1055918 append_max_us=7357
[17:04:19] TINYDRAW_GATE1_PACED_COLD corpus=evil_hairlines_capacity zoom=100 x=552 y=672 steps=236 tiles=56 compute_us=221082 present_us=77361 touch_us=661 pacing_us=6867 wall_us=305971 maximum_wall_us=500000 max_tick_us=9240 touch_samples=46846 touch_interval_max_us=2094 touch_read_max_us=614 touch_events=0 touch_down=0 touch_up=0 touch_events_ge_8ms=0 touch_event_age_max_us=0 touch_errors=0 touch_overflows=0 pass=1
[17:04:19] TINYDRAW_GATE1_PACED_COLD corpus=evil_hairlines_capacity zoom=400 x=2760 y=3360 steps=209 tiles=48 compute_us=136551 present_us=75827 touch_us=462 pacing_us=6109 wall_us=218949 maximum_wall_us=500000 max_tick_us=8879 touch_samples=280 touch_interval_max_us=1856 touch_read_max_us=487 touch_events=0 touch_down=0 touch_up=0 touch_events_ge_8ms=0 touch_event_age_max_us=0 touch_errors=0 touch_overflows=0 pass=1
[17:04:22] TINYDRAW_HAIRLINE_REPAIR steps=2814 wall_us=2136087 worst_step_us=5568 resident=407/448 grid_stopped=1 pass2_steps=8 pass2_wall_us=2251 no_churn=1
[17:04:23] TINYDRAW_HAIRLINE_TOUR stops=8 total_us=882411 worst_stop_us=187653 worst_step_us=6290
[17:04:23] TINYDRAW_GATE1_HAIRLINE raw=339 uniform=72 fallback=233 capacity=448 worst_step_us=6290 grid_stopped=1 pass=1
[17:04:25] TINYDRAW_GATE1_LONG_GESTURE path=reference samples=1600 chunks=26 append_total_us=938508 append_max_us=44239 append_avg_us=36096 refresh_fallback_pixels=0 settled_fallback_pixels=0 committed=1 authority=1 refresh=1 run_ok=1
[17:04:25] TINYDRAW_GATE1_LONG_GESTURE path=in_place samples=1600 chunks=52 append_total_us=607574 append_max_us=14264 append_avg_us=11684 refresh_fallback_pixels=0 settled_fallback_pixels=0 committed=1 authority=1 refresh=1 run_ok=1
[17:04:25] TINYDRAW_V2_EXPORT_PROGRESS row=0 of=1792
[17:04:26] TINYDRAW_V2_EXPORT_PROGRESS row=256 of=1792
[17:04:26] TINYDRAW_V2_EXPORT_PROGRESS row=512 of=1792
[17:04:27] TINYDRAW_V2_EXPORT_PROGRESS row=768 of=1792
[17:04:28] TINYDRAW_V2_EXPORT_PROGRESS row=1024 of=1792
[17:04:29] TINYDRAW_V2_EXPORT_PROGRESS row=1280 of=1792
[17:04:30] TINYDRAW_V2_EXPORT_PROGRESS row=1536 of=1792
[17:04:31] TINYDRAW_GATE1_EXPORT encoded=1 bytes=40166 elapsed_us=5911847 workspace_bytes=50652 band_bytes=376832 free_psram=1859920 free_internal=199124 signature=1 dimensions=1 chunks=3 chunks_ok=1 pass=1
[17:04:31] TINYDRAW_EXPORT_RESERVE requested=1572864 free_before=1859920 largest_before=1835008 free_held=287052 largest_held=286720 pass=1
[17:04:31] TINYDRAW_RERENDER_LEDGER site=final renders=0 unique=0 amplification=0.000 cold=0 damage=0 evict=0 stale=0 unexplained=0
[17:04:31] TINYDRAW_GATE1_AUTOMATED_DONE stress=1 stress_100=1 stress_400=1 overlap_ready=1 overlap_cold=0 general_cold_ready=1 general_cold=0 workload=1 paced_cold=1 hard_100=1 hard_400=1 pan_100=1 pan_400=1 pan_seq=0 pan_boundary=1 live_overlay=1 draw_fill=1 cache=1 full_world_cache=1 cache_tour=1 mixed_draw=0 idle_repair=1 ink_trace=1 hairline_capacity=1 long_gesture=1 export_encode=1 export_reserve=1 return=1 ssaa_receipt=yellow
[17:04:31] TINYDRAW_VECTOR_V2_GATE_HARNESS_DONE pass=0
[17:04:31] I (69693) main_task: Returned from app_main()
