[16:24:47] ESP-ROM:esp32s3-20210327
[16:24:47] Build:Mar 27 2021
[16:24:47] rst:0x15 (USB_UART_CHIP_RESET),boot:0x2b (SPI_FAST_FLASH_BOOT)
[16:24:47] Saved PC:0x4037b802
[16:24:47] SPIWP:0xee
[16:24:47] mode:DIO, clock div:1
[16:24:47] load:0x3fce2820,len:0x1664
[16:24:47] load:0x403c8700,len:0xf38
[16:24:47] load:0x403cb700,len:0x31e8
[16:24:47] entry 0x403c8930
[16:24:47] I (24) boot: ESP-IDF v6.0.2 2nd stage bootloader
[16:24:47] I (24) boot: compile time Aug 16 2026 16:21:58
[16:24:47] I (25) boot: Multicore bootloader
[16:24:47] I (25) boot: chip revision: v0.2
[16:24:47] I (28) boot: efuse block revision: v1.3
[16:24:47] I (31) qio_mode: Enabling default flash chip QIO
[16:24:47] I (36) boot.esp32s3: Boot SPI Speed : 80MHz
[16:24:47] I (39) boot.esp32s3: SPI Mode       : QIO
[16:24:47] I (43) boot.esp32s3: SPI Flash Size : 16MB
[16:24:47] I (47) boot: Enabling RNG early entropy source...
[16:24:47] I (51) boot: Partition Table:
[16:24:47] I (54) boot: ## Label            Usage          Type ST Offset   Length
[16:24:47] I (60) boot:  0 nvs              WiFi data        01 02 00009000 00006000
[16:24:47] I (67) boot:  1 phy_init         RF data          01 01 0000f000 00001000
[16:24:47] I (73) boot:  2 factory          factory app      00 00 00010000 00100000
[16:24:47] I (80) boot:  3 drawing          Unknown data     01 40 00110000 00300000
[16:24:47] I (86) boot:  4 export           Unknown data     01 41 00410000 00500000
[16:24:47] I (93) boot:  5 coredump         Unknown data     01 03 00910000 00010000
[16:24:47] I (100) boot: End of partition table
[16:24:47] I (103) esp_image: segment 0: paddr=00010020 vaddr=3c050020 size=2be0ch (179724) map
[16:24:47] I (138) esp_image: segment 1: paddr=0003be34 vaddr=3fc94500 size=03764h ( 14180) load
[16:24:47] I (141) esp_image: segment 2: paddr=0003f5a0 vaddr=40374000 size=00a78h (  2680) load
[16:24:47] I (143) esp_image: segment 3: paddr=00040020 vaddr=42000020 size=4eca0h (322720) map
[16:24:47] I (199) esp_image: segment 4: paddr=0008ecc8 vaddr=40374a78 size=0fa48h ( 64072) load
[16:24:47] I (213) esp_image: segment 5: paddr=0009e718 vaddr=50000000 size=00024h (    36) load
[16:24:47] I (220) boot: Loaded app from partition at offset 0x10000
[16:24:47] I (220) boot: Disabling RNG early entropy source...
[16:24:47] I (230) octal_psram: vendor id    : 0x0d (AP)
[16:24:47] I (231) octal_psram: dev id       : 0x02 (generation 3)
[16:24:47] I (231) octal_psram: density      : 0x03 (64 Mbit)
[16:24:47] I (233) octal_psram: good-die     : 0x01 (Pass)
[16:24:47] I (237) octal_psram: Latency      : 0x01 (Fixed)
[16:24:47] I (241) octal_psram: VCC          : 0x01 (3V)
[16:24:47] I (245) octal_psram: SRF          : 0x01 (Fast Refresh)
[16:24:47] I (250) octal_psram: BurstType    : 0x01 (Hybrid Wrap)
[16:24:47] I (255) octal_psram: BurstLen     : 0x01 (32 Byte)
[16:24:47] I (260) octal_psram: Readlatency  : 0x02 (10 cycles@Fixed)
[16:24:47] I (265) octal_psram: DriveStrength: 0x00 (1/1)
[16:24:47] I (269) MSPI Timing: Enter psram timing tuning
[16:24:47] I (274) esp_psram: Found 8MB PSRAM device
[16:24:47] I (277) esp_psram: Speed: 80MHz
[16:24:47] I (280) cpu_start: Multicore app
[16:24:47] I (696) esp_psram: SPI SRAM memory test OK
[16:24:47] I (704) cpu_start: GPIO 44 and 43 are used as console UART I/O pins
[16:24:47] I (705) cpu_start: Pro cpu start user code
[16:24:47] I (705) cpu_start: cpu freq: 240000000 Hz
[16:24:47] I (706) app_init: Application information:
[16:24:47] I (710) app_init: Project name:     tinydraw_esp32
[16:24:48] I (715) app_init: App version:      f2f6da7-dirty
[16:24:48] I (719) app_init: Compile time:     Aug 16 2026 16:21:51
[16:24:48] I (724) app_init: ELF file SHA256:  3077b0899...
[16:24:48] I (729) app_init: ESP-IDF:          v6.0.2
[16:24:48] I (732) efuse_init: Min chip rev:     v0.0
[16:24:48] I (736) efuse_init: Max chip rev:     v0.99 
[16:24:48] I (740) efuse_init: Chip rev:         v0.2
[16:24:48] I (744) heap_init: Initializing. RAM available for dynamic allocation:
[16:24:48] I (750) heap_init: At 3FC99090 len 00050680 (321 KiB): RAM
[16:24:48] I (755) heap_init: At 3FCE9710 len 00005724 (21 KiB): RAM
[16:24:48] I (761) heap_init: At 3FCF0000 len 00008000 (32 KiB): DRAM
[16:24:48] I (766) heap_init: At 600FE000 len 00001FE8 (7 KiB): RTCRAM
[16:24:48] I (771) esp_psram: Adding pool of 8192K of PSRAM memory to heap allocator
[16:24:48] I (778) spi_flash: detected chip: generic
[16:24:48] I (781) spi_flash: flash io: qio
[16:24:48] I (785) sleep_gpio: Configure to isolate all GPIO pins in sleep state
[16:24:48] I (791) sleep_gpio: Enable automatic switching of GPIO sleep configuration
[16:24:48] I (798) main_task: Started on CPU0
[16:24:48] I (801) main_task: Calling app_main()
[16:24:48] TINYDRAW_PRODUCER_SCRATCH supertask_internal=1 slot_directory_internal=0 free_internal=319136 free_psram=1866628
[16:24:48] TINYDRAW_PANEL_HARD_RESET=1
[16:24:48] TINYDRAW_PANEL_TRANSPORT requested_clock_mhz=50 effective_clock_mhz=40
[16:24:48] I (1008) co5300: version: 2.1.0
[16:24:48] I (1008) co5300_spi: LCD panel create success, version: 2.1.0
[16:24:48] W (1093) co5300_spi: The 3Ah command has been used and will be overwritten by external initialization sequence
[16:24:48] I (1194) CST816S: IC id: 183
[16:24:48] TINYDRAW_VECTOR_V2_PRESENTATION experiment=boundary-top-sweep te_edge=rising requested_clock_mhz=50 effective_clock_mhz=40 optical_acceptance=external_manual
[16:24:48] TINYDRAW_LIVE_PRESENT kind=startup zoom=25 x=0 y=0 compose_us=26448 scroll_us=0 exposed_compose_us=0 chrome_us=17643 chrome_prepare_us=12241 chrome_stage_us=5402 read_submit_us=0 read_complete_us=0 transfer_wait_us=21298 tile_pixels=0 uniform_pixels=0 overview_pixels=164864 fallback_pixels=0 resident_tiles=0 fallback_tiles=0 pushes=11 tear_wait_us=16159 tear_edge_isr_to_resume_us=10 tear_edge_observed=1 tear_edge_wait_resumed=1 tear_edge_timeout=0 tear_heal_attempted=0 tear_heal_command_sent=0 presentation_experiment=boundary-top-sweep te_edge=rising requested_clock_mhz=50 effective_clock_mhz=40 frame_reused=0 pass=1
[16:24:49] TINYDRAW_LIVE_STRESS operations=1000 samples=20000 total_us=736545 average_us=736 maximum_us=1059 free_psram=1865040 largest_psram=1835008
[16:24:49] TINYDRAW_LIVE_PRESENT kind=gate_fallback zoom=100 x=0 y=0 compose_us=11726 scroll_us=0 exposed_compose_us=0 chrome_us=11676 chrome_prepare_us=6949 chrome_stage_us=4727 read_submit_us=20510 read_complete_us=24020 transfer_wait_us=21028 tile_pixels=0 uniform_pixels=0 overview_pixels=0 fallback_pixels=164864 resident_tiles=0 fallback_tiles=42 pushes=11 tear_wait_us=1704 tear_edge_isr_to_resume_us=15 tear_edge_observed=1 tear_edge_wait_resumed=1 tear_edge_timeout=0 tear_heal_attempted=0 tear_heal_command_sent=0 presentation_experiment=boundary-top-sweep te_edge=rising requested_clock_mhz=50 effective_clock_mhz=40 frame_reused=0 pass=1
[16:24:49] TINYDRAW_GATE1_HARD zoom=100 cold=1 operations=1000 samples=20000 steps=196 tiles=42 scanned=12000 rendered=1585 max_supertask_us=6356 presentation_us=72590 total_us=268106 maximum_wall_us=500000 pass=1
[16:24:49] TINYDRAW_LIVE_PRESENT kind=gate_fallback zoom=400 x=0 y=0 compose_us=11106 scroll_us=0 exposed_compose_us=0 chrome_us=6877 chrome_prepare_us=2395 chrome_stage_us=4482 read_submit_us=27247 read_complete_us=31008 transfer_wait_us=21252 tile_pixels=0 uniform_pixels=0 overview_pixels=0 fallback_pixels=164864 resident_tiles=0 fallback_tiles=42 pushes=11 tear_wait_us=13588 tear_edge_isr_to_resume_us=16 tear_edge_observed=1 tear_edge_wait_resumed=1 tear_edge_timeout=0 tear_heal_attempted=0 tear_heal_command_sent=0 presentation_experiment=boundary-top-sweep te_edge=rising requested_clock_mhz=50 effective_clock_mhz=40 frame_reused=0 pass=1
[16:24:49] TINYDRAW_GATE1_HARD zoom=400 cold=1 operations=1000 samples=20000 steps=200 tiles=42 scanned=12000 rendered=122 max_supertask_us=4509 presentation_us=68235 total_us=161820 maximum_wall_us=500000 pass=1
[16:24:50] TINYDRAW_OVERLAP_WORKLOAD operations=8 samples=1200 radius_world=80
[16:24:51] TINYDRAW_GATE1_PACED_COLD corpus=overlap zoom=50 x=215 y=255 steps=604 tiles=56 compute_us=443400 present_us=82989 touch_us=912 pacing_us=18177 wall_us=545478 maximum_wall_us=500000 max_tick_us=9445 touch_samples=2685 touch_interval_max_us=2016 touch_read_max_us=606 touch_events=0 touch_down=0 touch_up=0 touch_events_ge_8ms=0 touch_event_age_max_us=0 touch_errors=0 touch_overflows=0 pass=0
[16:24:51] TINYDRAW_GATE1_PACED_COLD corpus=overlap zoom=100 x=583 y=703 steps=303 tiles=48 compute_us=238106 present_us=77404 touch_us=561 pacing_us=9903 wall_us=325974 maximum_wall_us=500000 max_tick_us=9336 touch_samples=398 touch_interval_max_us=1931 touch_read_max_us=482 touch_events=0 touch_down=0 touch_up=0 touch_events_ge_8ms=0 touch_event_age_max_us=0 touch_errors=0 touch_overflows=0 pass=1
[16:24:52] TINYDRAW_GATE1_PACED_COLD corpus=overlap zoom=200 x=1319 y=1599 steps=212 tiles=56 compute_us=207042 present_us=77727 touch_us=516 pacing_us=7689 wall_us=292974 maximum_wall_us=500000 max_tick_us=10049 touch_samples=365 touch_interval_max_us=1987 touch_read_max_us=539 touch_events=0 touch_down=0 touch_up=0 touch_events_ge_8ms=0 touch_event_age_max_us=0 touch_errors=0 touch_overflows=0 pass=1
[16:24:52] TINYDRAW_GATE1_PACED_COLD corpus=overlap zoom=400 x=2791 y=3391 steps=137 tiles=56 compute_us=167473 present_us=74855 touch_us=460 pacing_us=7185 wall_us=249973 maximum_wall_us=500000 max_tick_us=8887 touch_samples=326 touch_interval_max_us=1874 touch_read_max_us=466 touch_events=0 touch_down=0 touch_up=0 touch_events_ge_8ms=0 touch_event_age_max_us=0 touch_errors=0 touch_overflows=0 pass=1
[16:24:52] TINYDRAW_ADVERSARIAL_TAPERED_WORKLOAD operations=128 samples=4096 erasers=12 load_us=219699 appended=1
[16:24:53] TINYDRAW_GENERAL_COLD_WORKLOAD operations=910 samples=12157 hairline_operations=782 hairline_samples=8061 hairline_load_us=1113849 appended=1
[16:24:54] TINYDRAW_GATE1_PACED_COLD corpus=adversarial_tapered_4x+evil_hairlines zoom=50 x=0 y=0 steps=396 tiles=42 compute_us=396803 present_us=71005 touch_us=739 pacing_us=11631 wall_us=480178 maximum_wall_us=500000 max_tick_us=8326 touch_samples=1669 touch_interval_max_us=2065 touch_read_max_us=548 touch_events=0 touch_down=0 touch_up=0 touch_events_ge_8ms=0 touch_event_age_max_us=0 touch_errors=0 touch_overflows=0 pass=1
[16:24:55] TINYDRAW_GATE1_PACED_COLD corpus=adversarial_tapered_4x+evil_hairlines zoom=100 x=0 y=0 steps=702 tiles=42 compute_us=429952 present_us=67210 touch_us=846 pacing_us=13942 wall_us=511950 maximum_wall_us=500000 max_tick_us=8546 touch_samples=584 touch_interval_max_us=1858 touch_read_max_us=480 touch_events=0 touch_down=0 touch_up=0 touch_events_ge_8ms=0 touch_event_age_max_us=0 touch_errors=0 touch_overflows=0 pass=0
[16:24:55] TINYDRAW_GATE1_PACED_COLD corpus=adversarial_tapered_4x+evil_hairlines zoom=200 x=0 y=0 steps=1140 tiles=42 compute_us=561147 present_us=64811 touch_us=1013 pacing_us=22609 wall_us=649580 maximum_wall_us=500000 max_tick_us=7841 touch_samples=724 touch_interval_max_us=1835 touch_read_max_us=489 touch_events=0 touch_down=0 touch_up=0 touch_events_ge_8ms=0 touch_event_age_max_us=0 touch_errors=0 touch_overflows=0 pass=0
[16:24:56] TINYDRAW_GATE1_PACED_COLD corpus=adversarial_tapered_4x+evil_hairlines zoom=400 x=0 y=0 steps=1123 tiles=42 compute_us=546857 present_us=64608 touch_us=1020 pacing_us=21027 wall_us=633512 maximum_wall_us=500000 max_tick_us=8593 touch_samples=707 touch_interval_max_us=1150 touch_read_max_us=455 touch_events=0 touch_down=0 touch_up=0 touch_events_ge_8ms=0 touch_event_age_max_us=0 touch_errors=0 touch_overflows=0 pass=0
[16:24:57] TINYDRAW_GATE1_WORKLOAD kind=realistic seed=7 operations=1000 samples=19844 maximum_stroke=198 load_us=530865 raw_source=1 lod_copies=0
[16:24:57] TINYDRAW_GATE1_PACED_COLD corpus=seed7 zoom=400 x=63 y=63 steps=325 tiles=56 compute_us=205645 present_us=80982 touch_us=521 pacing_us=5800 wall_us=292948 maximum_wall_us=500000 max_tick_us=9574 touch_samples=924 touch_interval_max_us=2039 touch_read_max_us=513 touch_events=0 touch_down=0 touch_up=0 touch_events_ge_8ms=0 touch_event_age_max_us=0 touch_errors=0 touch_overflows=0 pass=1
[16:24:57] TINYDRAW_LIVE_PRESENT kind=gate_fallback zoom=100 x=0 y=0 compose_us=11737 scroll_us=0 exposed_compose_us=0 chrome_us=7083 chrome_prepare_us=2394 chrome_stage_us=4689 read_submit_us=16124 read_complete_us=19862 transfer_wait_us=21012 tile_pixels=0 uniform_pixels=0 overview_pixels=0 fallback_pixels=164864 resident_tiles=0 fallback_tiles=42 pushes=11 tear_wait_us=1867 tear_edge_isr_to_resume_us=15 tear_edge_observed=1 tear_edge_wait_resumed=1 tear_edge_timeout=0 tear_heal_attempted=0 tear_heal_command_sent=0 presentation_experiment=boundary-top-sweep te_edge=rising requested_clock_mhz=50 effective_clock_mhz=40 frame_reused=0 pass=1
[16:24:57] TINYDRAW_GATE1_HARD zoom=100 cold=1 operations=1000 samples=19844 steps=386 tiles=42 scanned=12000 rendered=4945 max_supertask_us=5388 presentation_us=71968 total_us=400211 maximum_wall_us=500000 pass=1
[16:24:58] TINYDRAW_GATE1_OVERLAY_CANVAS regions=zoom,minimap,toolbar,battery operations=4 presentation_mutations=0 authority=1 pass=1
[16:24:58] TINYDRAW_GATE1_LIVE_OVERLAY clear_updates=48 clear_wall_max_us=3949 clear_submit_max_us=2156 clear_complete_max_us=3098 overlay_updates=48 overlay_wall_max_us=3924 overlay_submit_max_us=2076 overlay_complete_max_us=3199 overlay_chrome_max_us=236 clear_failures=0 overlay_failures=0 pass=1
[16:24:58] TINYDRAW_EDGE_INK corners=4 edge_failures=0 pass=1
[16:24:58] TINYDRAW_GATE1_PAN zoom=100 from_x=0 from_y=0 to_x=88 to_y=88 compose_us=16221 scroll_us=11 exposed_compose_us=16210 chrome_us=2561 event_submit_us=29350 event_complete_us=32687 transfer_us=16655 setup=1 present=1 moved=1 frame_reused=1 pass=1
[16:24:59] TINYDRAW_LIVE_PRESENT kind=gate_fallback zoom=400 x=0 y=0 compose_us=11048 scroll_us=0 exposed_compose_us=0 chrome_us=6947 chrome_prepare_us=2391 chrome_stage_us=4556 read_submit_us=23246 read_complete_us=26966 transfer_wait_us=21164 tile_pixels=0 uniform_pixels=0 overview_pixels=0 fallback_pixels=164864 resident_tiles=0 fallback_tiles=42 pushes=11 tear_wait_us=9685 tear_edge_isr_to_resume_us=15 tear_edge_observed=1 tear_edge_wait_resumed=1 tear_edge_timeout=0 tear_heal_attempted=0 tear_heal_command_sent=0 presentation_experiment=boundary-top-sweep te_edge=rising requested_clock_mhz=50 effective_clock_mhz=40 frame_reused=0 pass=1
[16:24:59] TINYDRAW_GATE1_HARD zoom=400 cold=1 operations=1008 samples=19852 steps=248 tiles=42 scanned=12096 rendered=551 max_supertask_us=6517 presentation_us=70979 total_us=224709 maximum_wall_us=500000 pass=1
[16:24:59] TINYDRAW_GATE1_PAN zoom=400 from_x=0 from_y=0 to_x=88 to_y=88 compose_us=16228 scroll_us=11 exposed_compose_us=16217 chrome_us=2426 event_submit_us=29576 event_complete_us=32921 transfer_us=16438 setup=1 present=1 moved=1 frame_reused=1 pass=1
[16:25:02] TINYDRAW_PANSEQ_FRAME zoom=100 step=0 dx=24 dy=18 scroll_us=11 exposed_compose_us=4602 chrome_us=2578 tear_wait_us=7529 present_us=16707 prepare_us=11403 acquire_wait_us=29 ring_copy_us=8751 patch_us=2636 byte_swap_us=16 staging_us=3651 event_submit_us=12266 event_complete_us=15639 frame_us=28973 tear_edge_observed=1 frame_reused=1 pass=1
[16:25:02] TINYDRAW_PANSEQ_FRAME zoom=100 step=1 dx=24 dy=18 scroll_us=10 exposed_compose_us=4604 chrome_us=2630 tear_wait_us=12075 present_us=16082 prepare_us=11416 acquire_wait_us=44 ring_copy_us=8751 patch_us=2646 byte_swap_us=19 staging_us=3582 event_submit_us=16821 event_complete_us=20150 frame_us=32913 tear_edge_observed=1 frame_reused=1 pass=1
[16:25:02] TINYDRAW_PANSEQ_FRAME zoom=100 step=2 dx=24 dy=18 scroll_us=10 exposed_compose_us=4310 chrome_us=2629 tear_wait_us=13042 present_us=16465 prepare_us=11469 acquire_wait_us=27 ring_copy_us=8760 patch_us=2680 byte_swap_us=29 staging_us=3540 event_submit_us=17470 event_complete_us=20812 frame_us=33940 tear_edge_observed=1 frame_reused=1 pass=1
[16:25:02] TINYDRAW_PANSEQ_FRAME zoom=100 step=3 dx=24 dy=18 scroll_us=11 exposed_compose_us=4830 chrome_us=2607 tear_wait_us=12141 present_us=16832 prepare_us=11403 acquire_wait_us=36 ring_copy_us=8726 patch_us=2660 byte_swap_us=17 staging_us=3643 event_submit_us=17090 event_complete_us=20458 frame_us=33931 tear_edge_observed=1 frame_reused=1 pass=1
[16:25:02] TINYDRAW_PANSEQ_FRAME zoom=100 step=4 dx=24 dy=18 scroll_us=10 exposed_compose_us=4317 chrome_us=2543 tear_wait_us=12291 present_us=16199 prepare_us=11408 acquire_wait_us=27 ring_copy_us=8798 patch_us=2589 byte_swap_us=21 staging_us=3587 event_submit_us=16730 event_complete_us=20044 frame_us=32940 tear_edge_observed=1 frame_reused=1 pass=1
[16:25:02] TINYDRAW_PANSEQ_FRAME zoom=100 step=5 dx=24 dy=18 scroll_us=10 exposed_compose_us=4655 chrome_us=2577 tear_wait_us=12578 present_us=16563 prepare_us=11235 acquire_wait_us=27 ring_copy_us=8602 patch_us=2608 byte_swap_us=25 staging_us=3715 event_submit_us=17356 event_complete_us=20673 frame_us=33929 tear_edge_observed=1 frame_reused=1 pass=1
[16:25:02] TINYDRAW_PANSEQ_FRAME zoom=100 step=6 dx=24 dy=18 scroll_us=10 exposed_compose_us=4255 chrome_us=2561 tear_wait_us=12616 present_us=16942 prepare_us=11349 acquire_wait_us=37 ring_copy_us=8723 patch_us=2606 byte_swap_us=20 staging_us=3672 event_submit_us=16987 event_complete_us=20330 frame_us=33940 tear_edge_observed=1 frame_reused=1 pass=1
[16:25:02] TINYDRAW_PANSEQ_FRAME zoom=100 step=7 dx=24 dy=18 scroll_us=10 exposed_compose_us=4616 chrome_us=2600 tear_wait_us=11869 present_us=16306 prepare_us=11332 acquire_wait_us=33 ring_copy_us=8690 patch_us=2623 byte_swap_us=19 staging_us=3644 event_submit_us=16616 event_complete_us=19931 frame_us=32932 tear_edge_observed=1 frame_reused=1 pass=1
[16:25:02] TINYDRAW_PANSEQ_FRAME zoom=100 step=8 dx=24 dy=18 scroll_us=10 exposed_compose_us=4644 chrome_us=2590 tear_wait_us=12466 present_us=16685 prepare_us=11409 acquire_wait_us=41 ring_copy_us=8768 patch_us=2625 byte_swap_us=16 staging_us=3666 event_submit_us=17244 event_complete_us=20627 frame_us=33939 tear_edge_observed=1 frame_reused=1 pass=1
[16:25:02] TINYDRAW_PANSEQ_FRAME zoom=100 step=9 dx=24 dy=18 scroll_us=10 exposed_compose_us=4612 chrome_us=2623 tear_wait_us=12094 present_us=16066 prepare_us=11411 acquire_wait_us=40 ring_copy_us=8742 patch_us=2645 byte_swap_us=24 staging_us=3583 event_submit_us=16844 event_complete_us=20169 frame_us=32928 tear_edge_observed=1 frame_reused=1 pass=1
[16:25:02] TINYDRAW_PANSEQ_FRAME zoom=100 step=10 dx=24 dy=18 scroll_us=10 exposed_compose_us=4276 chrome_us=2649 tear_wait_us=13089 present_us=16451 prepare_us=11471 acquire_wait_us=30 ring_copy_us=8747 patch_us=2704 byte_swap_us=20 staging_us=3542 event_submit_us=17490 event_complete_us=20820 frame_us=33940 tear_edge_observed=1 frame_reused=1 pass=1
[16:25:02] TINYDRAW_PANSEQ_FRAME zoom=100 step=11 dx=24 dy=18 scroll_us=10 exposed_compose_us=4859 chrome_us=2601 tear_wait_us=12129 present_us=16825 prepare_us=11375 acquire_wait_us=36 ring_copy_us=8709 patch_us=2650 byte_swap_us=16 staging_us=3648 event_submit_us=17095 event_complete_us=20444 frame_us=33931 tear_edge_observed=1 frame_reused=1 pass=1
[16:25:02] TINYDRAW_PANSEQ_FRAME zoom=100 step=12 dx=24 dy=18 scroll_us=10 exposed_compose_us=4309 chrome_us=2538 tear_wait_us=12309 present_us=16198 prepare_us=11396 acquire_wait_us=36 ring_copy_us=8790 patch_us=2587 byte_swap_us=19 staging_us=3606 event_submit_us=16731 event_complete_us=20055 frame_us=32939 tear_edge_observed=1 frame_reused=1 pass=1
[16:25:02] TINYDRAW_PANSEQ_FRAME zoom=100 step=13 dx=24 dy=18 scroll_us=10 exposed_compose_us=4630 chrome_us=2594 tear_wait_us=12573 present_us=16581 prepare_us=11280 acquire_wait_us=31 ring_copy_us=8645 patch_us=2610 byte_swap_us=25 staging_us=3697 event_submit_us=17341 event_complete_us=20667 frame_us=33932 tear_edge_observed=1 frame_reused=1 pass=1
[16:25:02] TINYDRAW_PANSEQ_FRAME zoom=100 step=14 dx=24 dy=18 scroll_us=10 exposed_compose_us=4345 chrome_us=2579 tear_wait_us=12479 present_us=16958 prepare_us=11392 acquire_wait_us=31 ring_copy_us=8770 patch_us=2602 byte_swap_us=20 staging_us=3623 event_submit_us=16970 event_complete_us=20305 frame_us=33940 tear_edge_observed=1 frame_reused=1 pass=1
[16:25:02] TINYDRAW_PANSEQ_FRAME zoom=100 step=15 dx=24 dy=18 scroll_us=10 exposed_compose_us=4659 chrome_us=2576 tear_wait_us=11817 present_us=16318 prepare_us=11344 acquire_wait_us=34 ring_copy_us=8715 patch_us=2610 byte_swap_us=19 staging_us=3615 event_submit_us=16603 event_complete_us=19912 frame_us=32931 tear_edge_observed=1 frame_reused=1 pass=1
[16:25:02] TINYDRAW_PANSEQ_FRAME zoom=100 step=16 dx=72 dy=54 scroll_us=10 exposed_compose_us=12240 chrome_us=2594 tear_wait_us=4884 present_us=16690 prepare_us=11405 acquire_wait_us=36 ring_copy_us=8746 patch_us=2644 byte_swap_us=15 staging_us=3633 event_submit_us=17240 event_complete_us=20593 frame_us=33939 tear_edge_observed=1 frame_reused=1 pass=1
[16:25:02] TINYDRAW_PANSEQ_FRAME zoom=100 step=17 dx=72 dy=54 scroll_us=10 exposed_compose_us=12198 chrome_us=2603 tear_wait_us=4545 present_us=16059 prepare_us=11410 acquire_wait_us=31 ring_copy_us=8740 patch_us=2652 byte_swap_us=18 staging_us=3580 event_submit_us=16851 event_complete_us=20175 frame_us=32920 tear_edge_observed=1 frame_reused=1 pass=1
[16:25:02] TINYDRAW_PANSEQ_FRAME zoom=100 step=18 dx=72 dy=54 scroll_us=10 exposed_compose_us=10566 chrome_us=2607 tear_wait_us=6832 present_us=16418 prepare_us=11456 acquire_wait_us=31 ring_copy_us=8781 patch_us=2656 byte_swap_us=19 staging_us=3545 event_submit_us=17515 event_complete_us=20847 frame_us=33940 tear_edge_observed=1 frame_reused=1 pass=1
[16:25:02] TINYDRAW_PANSEQ_FRAME zoom=100 step=19 dx=72 dy=54 scroll_us=10 exposed_compose_us=10540 chrome_us=2600 tear_wait_us=6476 present_us=16797 prepare_us=11385 acquire_wait_us=26 ring_copy_us=8711 patch_us=2657 byte_swap_us=17 staging_us=3634 event_submit_us=17125 event_complete_us=20470 frame_us=33940 tear_edge_observed=1 frame_reused=1 pass=1
[16:25:02] TINYDRAW_PANSEQ_FRAME zoom=100 step=20 dx=-72 dy=-54 scroll_us=10 exposed_compose_us=12078 chrome_us=2520 tear_wait_us=4560 present_us=16166 prepare_us=11339 acquire_wait_us=32 ring_copy_us=8746 patch_us=2573 byte_swap_us=20 staging_us=3617 event_submit_us=16754 event_complete_us=20043 frame_us=32930 tear_edge_observed=1 frame_reused=1 pass=1
[16:25:02] TINYDRAW_PANSEQ_FRAME zoom=100 step=21 dx=-72 dy=-54 scroll_us=10 exposed_compose_us=12184 chrome_us=2592 tear_wait_us=5094 present_us=16533 prepare_us=11249 acquire_wait_us=26 ring_copy_us=8598 patch_us=2635 byte_swap_us=16 staging_us=3684 event_submit_us=17402 event_complete_us=20699 frame_us=33931 tear_edge_observed=1 frame_reused=1 pass=1
[16:25:03] TINYDRAW_PANSEQ_FRAME zoom=100 step=22 dx=-72 dy=-54 scroll_us=11 exposed_compose_us=12258 chrome_us=2570 tear_wait_us=4666 present_us=16886 prepare_us=11298 acquire_wait_us=25 ring_copy_us=8672 patch_us=2612 byte_swap_us=14 staging_us=3702 event_submit_us=17045 event_complete_us=20374 frame_us=33939 tear_edge_observed=1 frame_reused=1 pass=1
[16:25:03] TINYDRAW_PANSEQ_FRAME zoom=100 step=23 dx=-72 dy=-54 scroll_us=10 exposed_compose_us=11888 chrome_us=2537 tear_wait_us=4705 present_us=16218 prepare_us=11305 acquire_wait_us=29 ring_copy_us=8699 patch_us=2586 byte_swap_us=20 staging_us=3648 event_submit_us=16709 event_complete_us=19982 frame_us=32932 tear_edge_observed=1 frame_reused=1 pass=1
[16:25:03] TINYDRAW_PANSEQ_STRIP zoom=100 strip=0 panel_y=0 rows=44 samples=24 staging_mean_us=1470 staging_max_us=1538 wire_budget_us=1619 over_budget_us=0 pass=1
[16:25:03] TINYDRAW_PANSEQ_STRIP zoom=100 strip=1 panel_y=44 rows=44 samples=24 staging_mean_us=1300 staging_max_us=1348 wire_budget_us=1619 over_budget_us=0 pass=1
[16:25:03] TINYDRAW_PANSEQ_STRIP zoom=100 strip=2 panel_y=88 rows=44 samples=24 staging_mean_us=1247 staging_max_us=1276 wire_budget_us=1619 over_budget_us=0 pass=1
[16:25:03] TINYDRAW_PANSEQ_STRIP zoom=100 strip=3 panel_y=132 rows=44 samples=24 staging_mean_us=1247 staging_max_us=1274 wire_budget_us=1619 over_budget_us=0 pass=1
[16:25:03] TINYDRAW_PANSEQ_STRIP zoom=100 strip=4 panel_y=176 rows=44 samples=24 staging_mean_us=1245 staging_max_us=1280 wire_budget_us=1619 over_budget_us=0 pass=1
[16:25:03] TINYDRAW_PANSEQ_STRIP zoom=100 strip=5 panel_y=220 rows=44 samples=24 staging_mean_us=1274 staging_max_us=1305 wire_budget_us=1619 over_budget_us=0 pass=1
[16:25:03] TINYDRAW_PANSEQ_STRIP zoom=100 strip=6 panel_y=264 rows=44 samples=24 staging_mean_us=1462 staging_max_us=1498 wire_budget_us=1619 over_budget_us=0 pass=1
[16:25:03] TINYDRAW_PANSEQ_STRIP zoom=100 strip=7 panel_y=308 rows=44 samples=24 staging_mean_us=1453 staging_max_us=1488 wire_budget_us=1619 over_budget_us=0 pass=1
[16:25:03] TINYDRAW_PANSEQ_STRIP zoom=100 strip=8 panel_y=352 rows=20 samples=24 staging_mean_us=702 staging_max_us=741 wire_budget_us=736 over_budget_us=5 pass=0
[16:25:03] TINYDRAW_GATE1_PANSEQ zoom=100 frames=24 scroll_avg_us=10 exposed_avg_us=6936 chrome_avg_us=2587 tear_wait_avg_us=9785 present_avg_us=16497 prepare_avg_us=11372 acquire_wait_avg_us=32 ring_copy_avg_us=8724 patch_avg_us=2629 byte_swap_avg_us=19 staging_avg_us=3627 frame_avg_us=33352 frame_p50_us=33931 frame_p95_us=33940 frame_max_us=33940 complete_p50_us=20330 complete_p95_us=20820 complete_max_us=20847 tear_edge_failures=0 presentation_experiment=boundary-top-sweep te_edge=rising requested_clock_mhz=50 effective_clock_mhz=40 chrome_bottom_redraws=0 chrome_battery_redraws=0 chrome_zoom_redraws=0 chrome_minimap_base_redraws=0 strip_samples=216 staging_mean_us=1267 staging_max_us=1538 worst_strip=8 worst_strip_y=352 worst_wire_budget_us=736 worst_headroom_us=-5 staging_invariant=0 pacing_pass=1 all_reused=1 pass=0
[16:25:04] TINYDRAW_PANSEQ_FRAME zoom=400 step=0 dx=24 dy=18 scroll_us=12 exposed_compose_us=4568 chrome_us=2369 tear_wait_us=8382 present_us=16874 prepare_us=11282 acquire_wait_us=30 ring_copy_us=8855 patch_us=2410 byte_swap_us=17 staging_us=3777 event_submit_us=13088 event_complete_us=16476 frame_us=29962 tear_edge_observed=1 frame_reused=1 pass=1
[16:25:04] TINYDRAW_PANSEQ_FRAME zoom=400 step=1 dx=24 dy=18 scroll_us=10 exposed_compose_us=4611 chrome_us=2421 tear_wait_us=11923 present_us=16248 prepare_us=11202 acquire_wait_us=29 ring_copy_us=8744 patch_us=2440 byte_swap_us=18 staging_us=3791 event_submit_us=16688 event_complete_us=20003 frame_us=32923 tear_edge_observed=1 frame_reused=1 pass=1
[16:25:05] TINYDRAW_PANSEQ_FRAME zoom=400 step=2 dx=24 dy=18 scroll_us=10 exposed_compose_us=4280 chrome_us=2372 tear_wait_us=12902 present_us=16631 prepare_us=11180 acquire_wait_us=31 ring_copy_us=8735 patch_us=2427 byte_swap_us=18 staging_us=3835 event_submit_us=17297 event_complete_us=20629 frame_us=33940 tear_edge_observed=1 frame_reused=1 pass=1
[16:25:05] TINYDRAW_PANSEQ_FRAME zoom=400 step=3 dx=24 dy=18 scroll_us=10 exposed_compose_us=4857 chrome_us=2427 tear_wait_us=11938 present_us=16005 prepare_us=11193 acquire_wait_us=27 ring_copy_us=8703 patch_us=2471 byte_swap_us=19 staging_us=3799 event_submit_us=16916 event_complete_us=20228 frame_us=32931 tear_edge_observed=1 frame_reused=1 pass=1
[16:25:05] TINYDRAW_PANSEQ_FRAME zoom=400 step=4 dx=24 dy=18 scroll_us=10 exposed_compose_us=4395 chrome_us=2443 tear_wait_us=13002 present_us=16401 prepare_us=11249 acquire_wait_us=30 ring_copy_us=8741 patch_us=2489 byte_swap_us=19 staging_us=3733 event_submit_us=17528 event_complete_us=20841 frame_us=33939 tear_edge_observed=1 frame_reused=1 pass=1
[16:25:05] TINYDRAW_PANSEQ_FRAME zoom=400 step=5 dx=24 dy=18 scroll_us=10 exposed_compose_us=4706 chrome_us=2425 tear_wait_us=12330 present_us=16776 prepare_us=11248 acquire_wait_us=29 ring_copy_us=8753 patch_us=2479 byte_swap_us=16 staging_us=3794 event_submit_us=17146 event_complete_us=20518 frame_us=33941 tear_edge_observed=1 frame_reused=1 pass=1
[16:25:05] TINYDRAW_PANSEQ_FRAME zoom=400 step=6 dx=24 dy=18 scroll_us=10 exposed_compose_us=4226 chrome_us=2385 tear_wait_us=12415 present_us=16163 prepare_us=11231 acquire_wait_us=35 ring_copy_us=8779 patch_us=2433 byte_swap_us=19 staging_us=3783 event_submit_us=16757 event_complete_us=20098 frame_us=32931 tear_edge_observed=1 frame_reused=1 pass=1
[16:25:05] TINYDRAW_PANSEQ_FRAME zoom=400 step=7 dx=24 dy=18 scroll_us=10 exposed_compose_us=4612 chrome_us=2447 tear_wait_us=12646 present_us=16529 prepare_us=11095 acquire_wait_us=29 ring_copy_us=8609 patch_us=2470 byte_swap_us=16 staging_us=3846 event_submit_us=17405 event_complete_us=20708 frame_us=33929 tear_edge_observed=1 frame_reused=1 pass=1
[16:25:05] TINYDRAW_PANSEQ_FRAME zoom=400 step=8 dx=24 dy=18 scroll_us=11 exposed_compose_us=4587 chrome_us=2403 tear_wait_us=12312 present_us=16903 prepare_us=11170 acquire_wait_us=31 ring_copy_us=8715 patch_us=2439 byte_swap_us=16 staging_us=3866 event_submit_us=17028 event_complete_us=20388 frame_us=33940 tear_edge_observed=1 frame_reused=1 pass=1
[16:25:05] TINYDRAW_PANSEQ_FRAME zoom=400 step=9 dx=24 dy=18 scroll_us=10 exposed_compose_us=4619 chrome_us=2382 tear_wait_us=11890 present_us=16282 prepare_us=11163 acquire_wait_us=28 ring_copy_us=8720 patch_us=2409 byte_swap_us=34 staging_us=3817 event_submit_us=16652 event_complete_us=19958 frame_us=32932 tear_edge_observed=1 frame_reused=1 pass=1
[16:25:05] TINYDRAW_PANSEQ_FRAME zoom=400 step=10 dx=24 dy=18 scroll_us=10 exposed_compose_us=4277 chrome_us=2387 tear_wait_us=12874 present_us=16666 prepare_us=11181 acquire_wait_us=32 ring_copy_us=8724 patch_us=2440 byte_swap_us=17 staging_us=3848 event_submit_us=17263 event_complete_us=20606 frame_us=33939 tear_edge_observed=1 frame_reused=1 pass=1
[16:25:05] TINYDRAW_PANSEQ_FRAME zoom=400 step=11 dx=24 dy=18 scroll_us=10 exposed_compose_us=4849 chrome_us=2417 tear_wait_us=11919 present_us=16043 prepare_us=11185 acquire_wait_us=35 ring_copy_us=8699 patch_us=2470 byte_swap_us=16 staging_us=3815 event_submit_us=16886 event_complete_us=20218 frame_us=32932 tear_edge_observed=1 frame_reused=1 pass=1
[16:25:05] TINYDRAW_PANSEQ_FRAME zoom=400 step=12 dx=24 dy=18 scroll_us=10 exposed_compose_us=4413 chrome_us=2436 tear_wait_us=12976 present_us=16412 prepare_us=11249 acquire_wait_us=30 ring_copy_us=8759 patch_us=2472 byte_swap_us=18 staging_us=3743 event_submit_us=17517 event_complete_us=20841 frame_us=33940 tear_edge_observed=1 frame_reused=1 pass=1
[16:25:05] TINYDRAW_PANSEQ_FRAME zoom=400 step=13 dx=24 dy=18 scroll_us=10 exposed_compose_us=4624 chrome_us=2446 tear_wait_us=12360 present_us=16798 prepare_us=11214 acquire_wait_us=26 ring_copy_us=8723 patch_us=2473 byte_swap_us=18 staging_us=3818 event_submit_us=17122 event_complete_us=20480 frame_us=33938 tear_edge_observed=1 frame_reused=1 pass=1
[16:25:05] TINYDRAW_PANSEQ_FRAME zoom=400 step=14 dx=24 dy=18 scroll_us=10 exposed_compose_us=4274 chrome_us=2358 tear_wait_us=12348 present_us=16184 prepare_us=11206 acquire_wait_us=32 ring_copy_us=8784 patch_us=2402 byte_swap_us=20 staging_us=3791 event_submit_us=16736 event_complete_us=20070 frame_us=32931 tear_edge_observed=1 frame_reused=1 pass=1
[16:25:05] TINYDRAW_PANSEQ_FRAME zoom=400 step=15 dx=24 dy=18 scroll_us=10 exposed_compose_us=4683 chrome_us=2386 tear_wait_us=12563 present_us=16566 prepare_us=11050 acquire_wait_us=28 ring_copy_us=8608 patch_us=2425 byte_swap_us=17 staging_us=3901 event_submit_us=17357 event_complete_us=20671 frame_us=33932 tear_edge_observed=1 frame_reused=1 pass=1
[16:25:05] TINYDRAW_PANSEQ_FRAME zoom=400 step=16 dx=72 dy=54 scroll_us=10 exposed_compose_us=12199 chrome_us=2383 tear_wait_us=4658 present_us=16951 prepare_us=11177 acquire_wait_us=27 ring_copy_us=8730 patch_us=2427 byte_swap_us=20 staging_us=3815 event_submit_us=16981 event_complete_us=20304 frame_us=33940 tear_edge_observed=1 frame_reused=1 pass=1
[16:25:05] TINYDRAW_PANSEQ_FRAME zoom=400 step=17 dx=72 dy=54 scroll_us=10 exposed_compose_us=12075 chrome_us=2400 tear_wait_us=4407 present_us=16326 prepare_us=11183 acquire_wait_us=28 ring_copy_us=8709 patch_us=2455 byte_swap_us=19 staging_us=3765 event_submit_us=16595 event_complete_us=19897 frame_us=32929 tear_edge_observed=1 frame_reused=1 pass=1
[16:25:05] TINYDRAW_PANSEQ_FRAME zoom=400 step=18 dx=72 dy=54 scroll_us=10 exposed_compose_us=11940 chrome_us=2388 tear_wait_us=5169 present_us=16704 prepare_us=11206 acquire_wait_us=30 ring_copy_us=8754 patch_us=2435 byte_swap_us=17 staging_us=3837 event_submit_us=17226 event_complete_us=20572 frame_us=33939 tear_edge_observed=1 frame_reused=1 pass=1
[16:25:05] TINYDRAW_PANSEQ_FRAME zoom=400 step=19 dx=72 dy=54 scroll_us=10 exposed_compose_us=12125 chrome_us=2393 tear_wait_us=4625 present_us=16060 prepare_us=11208 acquire_wait_us=28 ring_copy_us=8739 patch_us=2450 byte_swap_us=19 staging_us=3777 event_submit_us=16852 event_complete_us=20174 frame_us=32922 tear_edge_observed=1 frame_reused=1 pass=1
[16:25:05] TINYDRAW_PANSEQ_FRAME zoom=400 step=20 dx=-72 dy=-54 scroll_us=10 exposed_compose_us=12293 chrome_us=2443 tear_wait_us=5090 present_us=16433 prepare_us=11231 acquire_wait_us=28 ring_copy_us=8722 patch_us=2490 byte_swap_us=19 staging_us=3747 event_submit_us=17508 event_complete_us=20817 frame_us=33940 tear_edge_observed=1 frame_reused=1 pass=1
[16:25:05] TINYDRAW_PANSEQ_FRAME zoom=400 step=21 dx=-72 dy=-54 scroll_us=10 exposed_compose_us=12182 chrome_us=2401 tear_wait_us=4823 present_us=16805 prepare_us=11117 acquire_wait_us=27 ring_copy_us=8651 patch_us=2451 byte_swap_us=15 staging_us=3865 event_submit_us=17116 event_complete_us=20441 frame_us=33939 tear_edge_observed=1 frame_reused=1 pass=1
[16:25:05] TINYDRAW_PANSEQ_FRAME zoom=400 step=22 dx=-72 dy=-54 scroll_us=10 exposed_compose_us=12211 chrome_us=2336 tear_wait_us=4425 present_us=16172 prepare_us=11154 acquire_wait_us=27 ring_copy_us=8757 patch_us=2380 byte_swap_us=17 staging_us=3807 event_submit_us=16751 event_complete_us=20051 frame_us=32931 tear_edge_observed=1 frame_reused=1 pass=1
[16:25:05] TINYDRAW_PANSEQ_FRAME zoom=400 step=23 dx=-72 dy=-54 scroll_us=10 exposed_compose_us=11879 chrome_us=2423 tear_wait_us=5395 present_us=16535 prepare_us=11087 acquire_wait_us=27 ring_copy_us=8606 patch_us=2466 byte_swap_us=15 staging_us=3857 event_submit_us=17394 event_complete_us=20701 frame_us=33930 tear_edge_observed=1 frame_reused=1 pass=1
[16:25:05] TINYDRAW_PANSEQ_STRIP zoom=400 strip=0 panel_y=0 rows=44 samples=24 staging_mean_us=1467 staging_max_us=1534 wire_budget_us=1619 over_budget_us=0 pass=1
[16:25:05] TINYDRAW_PANSEQ_STRIP zoom=400 strip=1 panel_y=44 rows=44 samples=24 staging_mean_us=1298 staging_max_us=1333 wire_budget_us=1619 over_budget_us=0 pass=1
[16:25:05] TINYDRAW_PANSEQ_STRIP zoom=400 strip=2 panel_y=88 rows=44 samples=24 staging_mean_us=1249 staging_max_us=1275 wire_budget_us=1619 over_budget_us=0 pass=1
[16:25:05] TINYDRAW_PANSEQ_STRIP zoom=400 strip=3 panel_y=132 rows=44 samples=24 staging_mean_us=1248 staging_max_us=1273 wire_budget_us=1619 over_budget_us=0 pass=1
[16:25:05] TINYDRAW_PANSEQ_STRIP zoom=400 strip=4 panel_y=176 rows=44 samples=24 staging_mean_us=1247 staging_max_us=1279 wire_budget_us=1619 over_budget_us=0 pass=1
[16:25:05] TINYDRAW_PANSEQ_STRIP zoom=400 strip=5 panel_y=220 rows=44 samples=24 staging_mean_us=1231 staging_max_us=1262 wire_budget_us=1619 over_budget_us=0 pass=1
[16:25:05] TINYDRAW_PANSEQ_STRIP zoom=400 strip=6 panel_y=264 rows=44 samples=24 staging_mean_us=1413 staging_max_us=1460 wire_budget_us=1619 over_budget_us=0 pass=1
[16:25:05] TINYDRAW_PANSEQ_STRIP zoom=400 strip=7 panel_y=308 rows=44 samples=24 staging_mean_us=1406 staging_max_us=1445 wire_budget_us=1619 over_budget_us=0 pass=1
[16:25:05] TINYDRAW_PANSEQ_STRIP zoom=400 strip=8 panel_y=352 rows=20 samples=24 staging_mean_us=653 staging_max_us=693 wire_budget_us=736 over_budget_us=0 pass=1
[16:25:05] TINYDRAW_GATE1_PANSEQ zoom=400 frames=24 scroll_avg_us=10 exposed_avg_us=7061 chrome_avg_us=2402 tear_wait_avg_us=9723 present_avg_us=16477 prepare_avg_us=11185 acquire_wait_avg_us=29 ring_copy_avg_us=8721 patch_avg_us=2445 byte_swap_avg_us=18 staging_avg_us=3809 frame_avg_us=33393 frame_p50_us=33930 frame_p95_us=33940 frame_max_us=33941 complete_p50_us=20388 complete_p95_us=20841 complete_max_us=20841 tear_edge_failures=0 presentation_experiment=boundary-top-sweep te_edge=rising requested_clock_mhz=50 effective_clock_mhz=40 chrome_bottom_redraws=0 chrome_battery_redraws=0 chrome_zoom_redraws=0 chrome_minimap_base_redraws=0 strip_samples=216 staging_mean_us=1246 staging_max_us=1534 worst_strip=8 worst_strip_y=352 worst_wire_budget_us=736 worst_headroom_us=43 staging_invariant=1 pacing_pass=1 all_reused=1 pass=1
[16:25:06] TINYDRAW_GATE1_PAN_BOUNDARY zoom=100 slow_1px_trace=1 below_delta=94 below_reused=1 at_delta=96 at_reused=1 above_delta=98 above_fallback=1 pass=1
[16:25:06] TINYDRAW_GATE1_PAN_BOUNDARY zoom=400 slow_1px_trace=1 below_delta=94 below_reused=1 at_delta=96 at_reused=1 above_delta=98 above_fallback=1 pass=1
[16:25:06] TINYDRAW_GATE1_DRAW_FILL zoom=400 revision=2930 append_us=1423 poll_gap_us=96 event_submit_us=226 event_complete_us=2212 max_compute_slice_us=3298 max_display_slice_us=17759 fill_us=236711 revision_restarted=1 pass=1
[16:25:07] TINYDRAW_GATE1_CACHE_FILL zoom=50 x=63 y=63 published=56 total_us=672967 within_cold_gate=0 complete=1
[16:25:08] TINYDRAW_GATE1_CACHE_FILL zoom=100 x=63 y=63 published=56 total_us=524967 within_cold_gate=0 complete=1
[16:25:08] TINYDRAW_GATE1_CACHE_FILL zoom=200 x=63 y=63 published=56 total_us=360966 within_cold_gate=1 complete=1
[16:25:09] TINYDRAW_GATE1_CACHE_FILL zoom=400 x=63 y=63 published=56 total_us=290967 within_cold_gate=1 complete=1
[16:25:09] TINYDRAW_GATE1_CACHE_REVISIT zoom=50 remaining=0 tile_pixels=118128 fallback_pixels=0 compose_us=16576 complete_us=21179 hit=1
[16:25:09] TINYDRAW_GATE1_CACHE_REVISIT zoom=100 remaining=0 tile_pixels=164864 fallback_pixels=0 compose_us=19110 complete_us=20777 hit=1
[16:25:09] TINYDRAW_GATE1_CACHE_REVISIT zoom=200 remaining=0 tile_pixels=164864 fallback_pixels=0 compose_us=19096 complete_us=21360 hit=1
[16:25:09] TINYDRAW_GATE1_CACHE_REVISIT zoom=400 remaining=0 tile_pixels=164608 fallback_pixels=0 compose_us=19088 complete_us=20948 hit=1
[16:25:09] TINYDRAW_GATE1_CACHE_FILL zoom=400 x=575 y=575 published=56 total_us=314968 within_cold_gate=1 complete=1
[16:25:09] TINYDRAW_GATE1_CACHE_ROUND_TRIP zoom=50 from_x=63 from_y=63 via_x=575 via_y=575 remaining=0 tile_pixels=118128 fallback_pixels=0 compose_us=16578 complete_us=20967 hit=1
[16:25:09] TINYDRAW_GATE1_CACHE_ROUND_TRIP zoom=100 from_x=63 from_y=63 via_x=575 via_y=575 remaining=0 tile_pixels=164864 fallback_pixels=0 compose_us=19086 complete_us=20577 hit=1
[16:25:09] TINYDRAW_GATE1_CACHE_ROUND_TRIP zoom=200 from_x=63 from_y=63 via_x=575 via_y=575 remaining=0 tile_pixels=164864 fallback_pixels=0 compose_us=19077 complete_us=21167 hit=1
[16:25:09] TINYDRAW_GATE1_CACHE_ROUND_TRIP zoom=400 from_x=63 from_y=63 via_x=575 via_y=575 remaining=0 tile_pixels=164608 fallback_pixels=0 compose_us=19091 complete_us=20784 hit=1
[16:25:09] TINYDRAW_GATE1_CACHE_RETENTION pass=1 slots=448 revision=2930
[16:25:11] TINYDRAW_PAPER_SWEEP zoom=100 identities=644 raw=266 uniform=378 fallback=0 slots=448 total_us=1462097 pass=1
[16:25:11] TINYDRAW_RERENDER_LEDGER_RESET site=cache_tour_start
[16:25:14] TINYDRAW_GATE1_CACHE_TOUR slots=448 stops=16 forward_steps=2595 forward_tiles=832 forward_wall_us=1420852 return_missing_tiles=0 return_steps=16 return_tiles=0 return_wall_us=5930 home_missing=0 home_fallback_pixels=0 pass=1
[16:25:14] TINYDRAW_RERENDER_LEDGER site=cache_tour renders=137 unique=137 amplification=1.000 cold=137 damage=0 evict=0 stale=0 unexplained=0
[16:25:15] TINYDRAW_GATE1_MIXED_DRAW_WARM zoom=50 fill_tiles=56 fill_us=598163 raw=42 uniform=14
[16:25:15] TINYDRAW_GATE1_MIXED_DRAW_WARM zoom=100 fill_tiles=56 fill_us=447147 raw=56 uniform=0
[16:25:16] TINYDRAW_GATE1_MIXED_DRAW_WARM zoom=200 fill_tiles=56 fill_us=343328 raw=56 uniform=0
[16:25:16] TINYDRAW_GATE1_MIXED_DRAW_WARM zoom=400 fill_tiles=42 fill_us=212190 raw=42 uniform=0
[16:25:17] TINYDRAW_GATE1_MIXED_DRAW zoom=25 tool=pen chunks=50 append_max_us=13409 append_avg_us=11980 append_total_us=599045 affected_tiles=196 published=0 fallback=196 visible_fallback=0 ph_prepare_max_us=156 ph_overview_max_us=9109 ph_enumerate_max_us=540 ph_uniform_max_us=94 ph_raw_max_us=14 ph_commit_max_us=3630 committed=1 authority=1 refresh=1 run_ok=1 pass=1
[16:25:18] TINYDRAW_GATE1_MIXED_DRAW zoom=25 tool=eraser chunks=50 append_max_us=13483 append_avg_us=11933 append_total_us=596665 affected_tiles=0 published=0 fallback=0 visible_fallback=0 ph_prepare_max_us=152 ph_overview_max_us=9253 ph_enumerate_max_us=490 ph_uniform_max_us=8 ph_raw_max_us=16 ph_commit_max_us=3655 committed=1 authority=1 refresh=1 run_ok=1 pass=1
[16:25:20] TINYDRAW_GATE1_MIXED_DRAW zoom=50 tool=pen chunks=50 append_max_us=19569 append_avg_us=16694 append_total_us=834707 affected_tiles=422 published=400 fallback=22 visible_fallback=0 ph_prepare_max_us=201 ph_overview_max_us=3844 ph_enumerate_max_us=525 ph_uniform_max_us=5364 ph_raw_max_us=12506 ph_commit_max_us=1772 committed=1 authority=1 refresh=1 run_ok=1 pass=0
[16:25:21] TINYDRAW_GATE1_MIXED_DRAW zoom=50 tool=eraser chunks=50 append_max_us=18338 append_avg_us=16398 append_total_us=819911 affected_tiles=405 published=405 fallback=0 visible_fallback=0 ph_prepare_max_us=172 ph_overview_max_us=3833 ph_enumerate_max_us=544 ph_uniform_max_us=40 ph_raw_max_us=12477 ph_commit_max_us=1580 committed=1 authority=1 refresh=1 run_ok=1 pass=0
[16:25:22] TINYDRAW_GATE1_MIXED_DRAW zoom=100 tool=pen chunks=50 append_max_us=16168 append_avg_us=14070 append_total_us=703508 affected_tiles=450 published=398 fallback=52 visible_fallback=0 ph_prepare_max_us=195 ph_overview_max_us=1932 ph_enumerate_max_us=554 ph_uniform_max_us=4529 ph_raw_max_us=12461 ph_commit_max_us=1070 committed=1 authority=1 refresh=1 run_ok=1 pass=0
[16:25:24] TINYDRAW_GATE1_MIXED_DRAW zoom=100 tool=eraser chunks=50 append_max_us=15545 append_avg_us=13822 append_total_us=691100 affected_tiles=399 published=399 fallback=0 visible_fallback=0 ph_prepare_max_us=172 ph_overview_max_us=1907 ph_enumerate_max_us=489 ph_uniform_max_us=35 ph_raw_max_us=12549 ph_commit_max_us=925 committed=1 authority=1 refresh=1 run_ok=1 pass=0
[16:25:25] TINYDRAW_GATE1_MIXED_DRAW zoom=200 tool=pen chunks=50 append_max_us=15449 append_avg_us=12994 append_total_us=649704 affected_tiles=425 published=389 fallback=36 visible_fallback=0 ph_prepare_max_us=188 ph_overview_max_us=1091 ph_enumerate_max_us=583 ph_uniform_max_us=4536 ph_raw_max_us=12502 ph_commit_max_us=979 committed=1 authority=1 refresh=1 run_ok=1 pass=0
[16:25:26] TINYDRAW_GATE1_MIXED_DRAW zoom=200 tool=eraser chunks=50 append_max_us=14579 append_avg_us=12717 append_total_us=635891 affected_tiles=388 published=388 fallback=0 visible_fallback=0 ph_prepare_max_us=169 ph_overview_max_us=1091 ph_enumerate_max_us=588 ph_uniform_max_us=30 ph_raw_max_us=12409 ph_commit_max_us=822 committed=1 authority=1 refresh=1 run_ok=1 pass=1
[16:25:28] TINYDRAW_GATE1_MIXED_DRAW zoom=400 tool=pen chunks=50 append_max_us=14417 append_avg_us=11980 append_total_us=599027 affected_tiles=359 published=334 fallback=25 visible_fallback=0 ph_prepare_max_us=180 ph_overview_max_us=716 ph_enumerate_max_us=613 ph_uniform_max_us=3505 ph_raw_max_us=11868 ph_commit_max_us=862 committed=1 authority=1 refresh=1 run_ok=1 pass=1
[16:25:29] TINYDRAW_GATE1_MIXED_DRAW zoom=400 tool=eraser chunks=50 append_max_us=13593 append_avg_us=11835 append_total_us=591772 affected_tiles=350 published=350 fallback=0 visible_fallback=0 ph_prepare_max_us=198 ph_overview_max_us=711 ph_enumerate_max_us=606 ph_uniform_max_us=32 ph_raw_max_us=11840 ph_commit_max_us=740 committed=1 authority=1 refresh=1 run_ok=1 pass=1
[16:25:29] TINYDRAW_GATE1_MIXED_DRAW_REVISIT zoom=50 missing=4 refill_tiles=4 refill_us=240850
[16:25:30] TINYDRAW_GATE1_MIXED_DRAW_REVISIT zoom=100 missing=9 refill_tiles=9 refill_us=388307
[16:25:30] TINYDRAW_GATE1_MIXED_DRAW_REVISIT zoom=200 missing=16 refill_tiles=16 refill_us=331318
[16:25:30] TINYDRAW_GATE1_MIXED_DRAW_REVISIT zoom=400 missing=0 refill_tiles=0 refill_us=311
[16:25:30] TINYDRAW_GATE1_MIXED_DRAW_SUMMARY slots=448 strokes=10 worst_append_us=19569 pass=0
[16:25:36] TINYDRAW_GATE1_IDLE_REPAIR damaged=588 remaining=0 plan_views=24 steps=5805 repair_us=3431755 worst_step_us=4208 warm_tiles=56 pass=1
[16:25:36] TINYDRAW_INKTRACE trace=fast-curve-dense-25 zoom=25 events=411 consumed=373 coalesced=38 down=1/1 up=1/1 max_time_gap_us=24584 max_space_gap_px=55.33 e2c_p50=504 e2c_p95=1567 e2c_max=3088 e2g_p95=787 e2s_p95=2637 e2d_p50=2339 e2d_p95=3703 e2d_max=4650 latency_samples=33 presentation_failures=0 commit_failures=0 overflows=0 revision=3482 latency_pass=1 pass=1
[16:25:37] TINYDRAW_INKTRACE trace=fast-curve-400 zoom=400 events=414 consumed=379 coalesced=35 down=1/1 up=1/1 max_time_gap_us=9287 max_space_gap_px=65.51 e2c_p50=504 e2c_p95=788 e2c_max=1577 e2g_p95=778 e2s_p95=2657 e2d_p50=2486 e2d_p95=3985 e2d_max=4007 latency_samples=33 presentation_failures=0 commit_failures=0 overflows=0 revision=3484 latency_pass=1 pass=1
[16:25:39] TINYDRAW_INKTRACE trace=fast-curve-400-xl zoom=400 events=2296 consumed=1913 coalesced=383 down=1/1 up=1/1 max_time_gap_us=12792 max_space_gap_px=47.85 e2c_p50=504 e2c_p95=573 e2c_max=2248 e2g_p95=782 e2s_p95=2984 e2d_p50=3316 e2d_p95=4654 e2d_max=8316 latency_samples=172 presentation_failures=0 commit_failures=0 overflows=0 revision=3490 latency_pass=1 pass=1
[16:25:40] TINYDRAW_INKTRACE trace=slow-precise-100 zoom=100 events=741 consumed=704 coalesced=37 down=1/1 up=1/1 max_time_gap_us=8417 max_space_gap_px=13.45 e2c_p50=504 e2c_p95=997 e2c_max=1574 e2g_p95=779 e2s_p95=1777 e2d_p50=1961 e2d_p95=2300 e2d_max=2367 latency_samples=53 presentation_failures=0 commit_failures=0 overflows=0 revision=3492 latency_pass=1 pass=1
[16:25:43] TINYDRAW_INKTRACE trace=scribble-multistroke zoom=100 events=848 consumed=729 coalesced=119 down=7/7 up=7/7 max_time_gap_us=6074 max_space_gap_px=109.46 e2c_p50=504 e2c_p95=576 e2c_max=1580 e2g_p95=779 e2s_p95=3456 e2d_p50=3210 e2d_p95=5309 e2d_max=6360 latency_samples=55 presentation_failures=0 commit_failures=0 overflows=0 revision=3499 latency_pass=1 pass=1
[16:25:44] TINYDRAW_HAIRLINE_DOC ops=782 samples=8061 append_total_us=1057499 append_max_us=7289
[16:25:45] TINYDRAW_GATE1_PACED_COLD corpus=evil_hairlines_capacity zoom=100 x=552 y=672 steps=236 tiles=56 compute_us=221772 present_us=77020 touch_us=578 pacing_us=6603 wall_us=305973 maximum_wall_us=500000 max_tick_us=9217 touch_samples=46805 touch_interval_max_us=2120 touch_read_max_us=621 touch_events=0 touch_down=0 touch_up=0 touch_events_ge_8ms=0 touch_event_age_max_us=0 touch_errors=0 touch_overflows=0 pass=1
[16:25:45] TINYDRAW_GATE1_PACED_COLD corpus=evil_hairlines_capacity zoom=400 x=2760 y=3360 steps=209 tiles=48 compute_us=136885 present_us=76613 touch_us=404 pacing_us=6047 wall_us=219949 maximum_wall_us=500000 max_tick_us=9371 touch_samples=279 touch_interval_max_us=1980 touch_read_max_us=486 touch_events=0 touch_down=0 touch_up=0 touch_events_ge_8ms=0 touch_event_age_max_us=0 touch_errors=0 touch_overflows=0 pass=1
[16:25:47] TINYDRAW_HAIRLINE_REPAIR steps=2814 wall_us=2137999 worst_step_us=5599 resident=407/448 grid_stopped=1 pass2_steps=8 pass2_wall_us=2263 no_churn=1
[16:25:49] TINYDRAW_HAIRLINE_TOUR stops=8 total_us=886653 worst_stop_us=187644 worst_step_us=6311
[16:25:49] TINYDRAW_GATE1_HAIRLINE raw=339 uniform=72 fallback=233 capacity=448 worst_step_us=6311 grid_stopped=1 pass=1
[16:25:51] TINYDRAW_GATE1_LONG_GESTURE path=reference samples=1600 chunks=26 append_total_us=945060 append_max_us=44679 append_avg_us=36348 refresh_fallback_pixels=0 settled_fallback_pixels=0 committed=1 authority=1 refresh=1 run_ok=1
[16:25:51] TINYDRAW_GATE1_LONG_GESTURE path=in_place samples=1600 chunks=52 append_total_us=605956 append_max_us=14251 append_avg_us=11653 refresh_fallback_pixels=0 settled_fallback_pixels=0 committed=1 authority=1 refresh=1 run_ok=1
[16:25:51] TINYDRAW_V2_EXPORT_PROGRESS row=0 of=1792
[16:25:52] TINYDRAW_V2_EXPORT_PROGRESS row=256 of=1792
[16:25:52] TINYDRAW_V2_EXPORT_PROGRESS row=512 of=1792
[16:25:53] TINYDRAW_V2_EXPORT_PROGRESS row=768 of=1792
[16:25:54] TINYDRAW_V2_EXPORT_PROGRESS row=1024 of=1792
[16:25:55] TINYDRAW_V2_EXPORT_PROGRESS row=1280 of=1792
[16:25:56] TINYDRAW_V2_EXPORT_PROGRESS row=1536 of=1792
[16:25:57] TINYDRAW_GATE1_EXPORT encoded=1 bytes=40166 elapsed_us=5961624 workspace_bytes=50652 band_bytes=376832 free_psram=1865040 free_internal=199124 signature=1 dimensions=1 chunks=3 chunks_ok=1 pass=1
[16:25:57] TINYDRAW_EXPORT_RESERVE requested=1572864 free_before=1865040 largest_before=1835008 free_held=292172 largest_held=286720 pass=1
[16:25:57] TINYDRAW_RERENDER_LEDGER site=final renders=0 unique=0 amplification=0.000 cold=0 damage=0 evict=0 stale=0 unexplained=0
[16:25:57] TINYDRAW_GATE1_AUTOMATED_DONE stress=1 stress_100=1 stress_400=1 overlap_ready=1 overlap_cold=0 general_cold_ready=1 general_cold=0 workload=1 paced_cold=1 hard_100=1 hard_400=1 pan_100=1 pan_400=1 pan_seq=0 pan_boundary=1 live_overlay=1 draw_fill=1 cache=1 full_world_cache=1 cache_tour=1 mixed_draw=0 idle_repair=1 ink_trace=1 hairline_capacity=1 long_gesture=1 export_encode=1 export_reserve=1 return=1 ssaa_receipt=yellow
[16:25:57] TINYDRAW_VECTOR_V2_GATE_HARNESS_DONE pass=0
[16:25:57] I (69876) main_task: Returned from app_main()
