[18:28:32] ESP-ROM:esp32s3-20210327
[18:28:32] Build:Mar 27 2021
[18:28:32] rst:0x15 (USB_UART_CHIP_RESET),boot:0x2b (SPI_FAST_FLASH_BOOT)
[18:28:32] Saved PC:0x4037b8fa
[18:28:32] SPIWP:0xee
[18:28:32] mode:DIO, clock div:1
[18:28:32] load:0x3fce2820,len:0x1664
[18:28:32] load:0x403c8700,len:0xf38
[18:28:32] load:0x403cb700,len:0x31e8
[18:28:32] entry 0x403c8930
[18:28:32] I (24) boot: ESP-IDF v6.0.2 2nd stage bootloader
[18:28:32] I (24) boot: compile time Aug 16 2026 18:26:51
[18:28:32] I (25) boot: Multicore bootloader
[18:28:32] I (25) boot: chip revision: v0.2
[18:28:32] I (28) boot: efuse block revision: v1.3
[18:28:32] I (31) qio_mode: Enabling default flash chip QIO
[18:28:32] I (36) boot.esp32s3: Boot SPI Speed : 80MHz
[18:28:32] I (39) boot.esp32s3: SPI Mode       : QIO
[18:28:32] I (43) boot.esp32s3: SPI Flash Size : 16MB
[18:28:32] I (47) boot: Enabling RNG early entropy source...
[18:28:32] I (51) boot: Partition Table:
[18:28:32] I (54) boot: ## Label            Usage          Type ST Offset   Length
[18:28:32] I (60) boot:  0 nvs              WiFi data        01 02 00009000 00006000
[18:28:32] I (67) boot:  1 phy_init         RF data          01 01 0000f000 00001000
[18:28:32] I (73) boot:  2 factory          factory app      00 00 00010000 00100000
[18:28:32] I (80) boot:  3 drawing          Unknown data     01 40 00110000 00300000
[18:28:32] I (86) boot:  4 export           Unknown data     01 41 00410000 00500000
[18:28:32] I (93) boot:  5 coredump         Unknown data     01 03 00910000 00010000
[18:28:32] I (100) boot: End of partition table
[18:28:32] I (103) esp_image: segment 0: paddr=00010020 vaddr=3c050020 size=2be0ch (179724) map
[18:28:32] I (138) esp_image: segment 1: paddr=0003be34 vaddr=3fc96000 size=03764h ( 14180) load
[18:28:32] I (141) esp_image: segment 2: paddr=0003f5a0 vaddr=40374000 size=00a78h (  2680) load
[18:28:32] I (143) esp_image: segment 3: paddr=00040020 vaddr=42000020 size=4dab4h (318132) map
[18:28:32] I (199) esp_image: segment 4: paddr=0008dadc vaddr=40374a78 size=1149ch ( 70812) load
[18:28:32] I (213) esp_image: segment 5: paddr=0009ef80 vaddr=50000000 size=00024h (    36) load
[18:28:32] I (221) boot: Loaded app from partition at offset 0x10000
[18:28:32] I (221) boot: Disabling RNG early entropy source...
[18:28:32] I (231) octal_psram: vendor id    : 0x0d (AP)
[18:28:32] I (232) octal_psram: dev id       : 0x02 (generation 3)
[18:28:32] I (232) octal_psram: density      : 0x03 (64 Mbit)
[18:28:32] I (234) octal_psram: good-die     : 0x01 (Pass)
[18:28:32] I (238) octal_psram: Latency      : 0x01 (Fixed)
[18:28:32] I (242) octal_psram: VCC          : 0x01 (3V)
[18:28:32] I (246) octal_psram: SRF          : 0x01 (Fast Refresh)
[18:28:32] I (251) octal_psram: BurstType    : 0x01 (Hybrid Wrap)
[18:28:32] I (256) octal_psram: BurstLen     : 0x01 (32 Byte)
[18:28:32] I (261) octal_psram: Readlatency  : 0x02 (10 cycles@Fixed)
[18:28:32] I (266) octal_psram: DriveStrength: 0x00 (1/1)
[18:28:32] I (270) MSPI Timing: Enter psram timing tuning
[18:28:32] I (275) esp_psram: Found 8MB PSRAM device
[18:28:32] I (278) esp_psram: Speed: 80MHz
[18:28:32] I (281) cpu_start: Multicore app
[18:28:32] I (697) esp_psram: SPI SRAM memory test OK
[18:28:32] I (705) cpu_start: GPIO 44 and 43 are used as console UART I/O pins
[18:28:32] I (706) cpu_start: Pro cpu start user code
[18:28:32] I (706) cpu_start: cpu freq: 240000000 Hz
[18:28:32] I (707) app_init: Application information:
[18:28:33] I (711) app_init: Project name:     tinydraw_esp32
[18:28:33] I (716) app_init: App version:      75c9145-dirty
[18:28:33] I (720) app_init: Compile time:     Aug 16 2026 18:26:44
[18:28:33] I (725) app_init: ELF file SHA256:  5b8e5b292...
[18:28:33] I (730) app_init: ESP-IDF:          v6.0.2
[18:28:33] I (733) efuse_init: Min chip rev:     v0.0
[18:28:33] I (737) efuse_init: Max chip rev:     v0.99 
[18:28:33] I (741) efuse_init: Chip rev:         v0.2
[18:28:33] I (745) heap_init: Initializing. RAM available for dynamic allocation:
[18:28:33] I (751) heap_init: At 3FC9AB90 len 0004EB80 (314 KiB): RAM
[18:28:33] I (756) heap_init: At 3FCE9710 len 00005724 (21 KiB): RAM
[18:28:33] I (762) heap_init: At 3FCF0000 len 00008000 (32 KiB): DRAM
[18:28:33] I (767) heap_init: At 600FE000 len 00001FE8 (7 KiB): RTCRAM
[18:28:33] I (772) esp_psram: Adding pool of 8192K of PSRAM memory to heap allocator
[18:28:33] I (779) spi_flash: detected chip: generic
[18:28:33] I (782) spi_flash: flash io: qio
[18:28:33] I (786) sleep_gpio: Configure to isolate all GPIO pins in sleep state
[18:28:33] I (792) sleep_gpio: Enable automatic switching of GPIO sleep configuration
[18:28:33] I (799) main_task: Started on CPU0
[18:28:33] I (802) main_task: Calling app_main()
[18:28:33] TINYDRAW_PRODUCER_SCRATCH supertask_internal=1 slot_directory_internal=0 free_internal=299676 free_psram=1861508
[18:28:33] TINYDRAW_PANEL_HARD_RESET=1
[18:28:33] TINYDRAW_PANEL_TRANSPORT requested_clock_mhz=50 effective_clock_mhz=40
[18:28:33] I (1009) co5300: version: 2.1.0
[18:28:33] I (1009) co5300_spi: LCD panel create success, version: 2.1.0
[18:28:33] W (1094) co5300_spi: The 3Ah command has been used and will be overwritten by external initialization sequence
[18:28:33] I (1195) CST816S: IC id: 183
[18:28:33] TINYDRAW_VECTOR_V2_PRESENTATION experiment=boundary-top-sweep te_edge=rising requested_clock_mhz=50 effective_clock_mhz=40 optical_acceptance=external_manual
[18:28:33] TINYDRAW_LIVE_PRESENT kind=startup zoom=25 x=0 y=0 compose_us=26066 scroll_us=0 exposed_compose_us=0 chrome_us=17281 chrome_prepare_us=11950 chrome_stage_us=5331 read_submit_us=0 read_complete_us=0 transfer_wait_us=21406 tile_pixels=0 uniform_pixels=0 overview_pixels=164864 fallback_pixels=0 resident_tiles=0 fallback_tiles=0 pushes=11 tear_wait_us=16738 tear_edge_isr_to_resume_us=9 tear_edge_observed=1 tear_edge_wait_resumed=1 tear_edge_timeout=0 tear_heal_attempted=0 tear_heal_command_sent=0 presentation_experiment=boundary-top-sweep te_edge=rising requested_clock_mhz=50 effective_clock_mhz=40 frame_reused=0 pass=1
[18:28:34] TINYDRAW_LIVE_STRESS operations=1000 samples=20000 total_us=706536 average_us=706 maximum_us=1040 free_psram=1859920 largest_psram=1835008
[18:28:34] TINYDRAW_LIVE_PRESENT kind=gate_fallback zoom=100 x=0 y=0 compose_us=11220 scroll_us=0 exposed_compose_us=0 chrome_us=11373 chrome_prepare_us=6811 chrome_stage_us=4562 read_submit_us=33125 read_complete_us=36522 transfer_wait_us=20551 tile_pixels=0 uniform_pixels=0 overview_pixels=0 fallback_pixels=164864 resident_tiles=0 fallback_tiles=42 pushes=11 tear_wait_us=14967 tear_edge_isr_to_resume_us=9 tear_edge_observed=1 tear_edge_wait_resumed=1 tear_edge_timeout=0 tear_heal_attempted=0 tear_heal_command_sent=0 presentation_experiment=boundary-top-sweep te_edge=rising requested_clock_mhz=50 effective_clock_mhz=40 frame_reused=0 pass=1
[18:28:34] TINYDRAW_GATE1_HARD zoom=100 cold=1 operations=1000 samples=20000 steps=193 tiles=42 scanned=12000 rendered=122 max_supertask_us=6757 presentation_us=69476 total_us=281611 maximum_wall_us=500000 pass=1
[18:28:34] TINYDRAW_LIVE_PRESENT kind=gate_fallback zoom=400 x=0 y=0 compose_us=10644 scroll_us=0 exposed_compose_us=0 chrome_us=6722 chrome_prepare_us=2346 chrome_stage_us=4376 read_submit_us=13977 read_complete_us=17623 transfer_wait_us=21239 tile_pixels=0 uniform_pixels=0 overview_pixels=0 fallback_pixels=164864 resident_tiles=0 fallback_tiles=42 pushes=11 tear_wait_us=856 tear_edge_isr_to_resume_us=11 tear_edge_observed=1 tear_edge_wait_resumed=1 tear_edge_timeout=0 tear_heal_attempted=0 tear_heal_command_sent=0 presentation_experiment=boundary-top-sweep te_edge=rising requested_clock_mhz=50 effective_clock_mhz=40 frame_reused=0 pass=1
[18:28:34] TINYDRAW_GATE1_HARD zoom=400 cold=1 operations=1000 samples=20000 steps=199 tiles=42 scanned=12000 rendered=17 max_supertask_us=5346 presentation_us=66334 total_us=161118 maximum_wall_us=500000 pass=1
[18:28:35] TINYDRAW_OVERLAP_WORKLOAD operations=8 samples=1200 radius_world=80
[18:28:36] TINYDRAW_GATE1_PACED_COLD corpus=overlap zoom=50 x=215 y=255 steps=235 tiles=56 compute_us=523471 present_us=83026 touch_us=532 pacing_us=15923 wall_us=622952 maximum_wall_us=500000 max_tick_us=9393 touch_samples=2609 touch_interval_max_us=2023 touch_read_max_us=604 touch_events=0 touch_down=0 touch_up=0 touch_events_ge_8ms=0 touch_event_age_max_us=0 touch_errors=0 touch_overflows=0 pass=0
[18:28:36] TINYDRAW_GATE1_PACED_COLD corpus=overlap zoom=100 x=583 y=703 steps=183 tiles=48 compute_us=285744 present_us=77391 touch_us=382 pacing_us=9454 wall_us=372971 maximum_wall_us=500000 max_tick_us=9311 touch_samples=437 touch_interval_max_us=1878 touch_read_max_us=500 touch_events=0 touch_down=0 touch_up=0 touch_events_ge_8ms=0 touch_event_age_max_us=0 touch_errors=0 touch_overflows=0 pass=1
[18:28:37] TINYDRAW_GATE1_PACED_COLD corpus=overlap zoom=200 x=1319 y=1599 steps=180 tiles=56 compute_us=259800 present_us=75508 touch_us=355 pacing_us=9306 wall_us=344969 maximum_wall_us=500000 max_tick_us=9673 touch_samples=407 touch_interval_max_us=1836 touch_read_max_us=477 touch_events=0 touch_down=0 touch_up=0 touch_events_ge_8ms=0 touch_event_age_max_us=0 touch_errors=0 touch_overflows=0 pass=1
[18:28:37] TINYDRAW_GATE1_PACED_COLD corpus=overlap zoom=400 x=2791 y=3391 steps=181 tiles=56 compute_us=222868 present_us=72895 touch_us=342 pacing_us=8865 wall_us=304970 maximum_wall_us=500000 max_tick_us=8076 touch_samples=380 touch_interval_max_us=1607 touch_read_max_us=471 touch_events=0 touch_down=0 touch_up=0 touch_events_ge_8ms=0 touch_event_age_max_us=0 touch_errors=0 touch_overflows=0 pass=1
[18:28:37] TINYDRAW_ADVERSARIAL_TAPERED_WORKLOAD operations=128 samples=4096 erasers=12 load_us=224004 appended=1
[18:28:38] TINYDRAW_GENERAL_COLD_WORKLOAD operations=910 samples=12157 hairline_operations=782 hairline_samples=8061 hairline_load_us=1105883 appended=1
[18:28:39] TINYDRAW_GATE1_PACED_COLD corpus=adversarial_tapered_4x+evil_hairlines zoom=50 x=0 y=0 steps=318 tiles=42 compute_us=360327 present_us=69504 touch_us=430 pacing_us=9938 wall_us=440199 maximum_wall_us=500000 max_tick_us=8084 touch_samples=1570 touch_interval_max_us=2111 touch_read_max_us=592 touch_events=0 touch_down=0 touch_up=0 touch_events_ge_8ms=0 touch_event_age_max_us=0 touch_errors=0 touch_overflows=0 pass=1
[18:28:39] TINYDRAW_GATE1_PACED_COLD corpus=adversarial_tapered_4x+evil_hairlines zoom=100 x=0 y=0 steps=346 tiles=42 compute_us=347686 present_us=67528 touch_us=410 pacing_us=11087 wall_us=426711 maximum_wall_us=500000 max_tick_us=8305 touch_samples=490 touch_interval_max_us=1543 touch_read_max_us=473 touch_events=0 touch_down=0 touch_up=0 touch_events_ge_8ms=0 touch_event_age_max_us=0 touch_errors=0 touch_overflows=0 pass=1
[18:28:40] TINYDRAW_GATE1_PACED_COLD corpus=adversarial_tapered_4x+evil_hairlines zoom=200 x=0 y=0 steps=407 tiles=42 compute_us=408692 present_us=64641 touch_us=457 pacing_us=12189 wall_us=485979 maximum_wall_us=500000 max_tick_us=7896 touch_samples=564 touch_interval_max_us=1172 touch_read_max_us=449 touch_events=0 touch_down=0 touch_up=0 touch_events_ge_8ms=0 touch_event_age_max_us=0 touch_errors=0 touch_overflows=0 pass=1
[18:28:40] TINYDRAW_GATE1_PACED_COLD corpus=adversarial_tapered_4x+evil_hairlines zoom=400 x=0 y=0 steps=490 tiles=42 compute_us=437001 present_us=62503 touch_us=433 pacing_us=10011 wall_us=509948 maximum_wall_us=500000 max_tick_us=10144 touch_samples=577 touch_interval_max_us=1879 touch_read_max_us=498 touch_events=0 touch_down=0 touch_up=0 touch_events_ge_8ms=0 touch_event_age_max_us=0 touch_errors=0 touch_overflows=0 pass=0
[18:28:41] TINYDRAW_GATE1_WORKLOAD kind=realistic seed=7 operations=1000 samples=19844 maximum_stroke=198 load_us=529037 raw_source=1 lod_copies=0
[18:28:42] TINYDRAW_GATE1_PACED_COLD corpus=seed7 zoom=400 x=63 y=63 steps=264 tiles=56 compute_us=192262 present_us=80878 touch_us=328 pacing_us=5499 wall_us=278967 maximum_wall_us=500000 max_tick_us=9676 touch_samples=818 touch_interval_max_us=2047 touch_read_max_us=558 touch_events=0 touch_down=0 touch_up=0 touch_events_ge_8ms=0 touch_event_age_max_us=0 touch_errors=0 touch_overflows=0 pass=1
[18:28:42] TINYDRAW_LIVE_PRESENT kind=gate_fallback zoom=100 x=0 y=0 compose_us=11292 scroll_us=0 exposed_compose_us=0 chrome_us=6939 chrome_prepare_us=2362 chrome_stage_us=4577 read_submit_us=13938 read_complete_us=17610 transfer_wait_us=21181 tile_pixels=0 uniform_pixels=0 overview_pixels=0 fallback_pixels=164864 resident_tiles=0 fallback_tiles=42 pushes=11 tear_wait_us=148 tear_edge_isr_to_resume_us=19 tear_edge_observed=1 tear_edge_wait_resumed=1 tear_edge_timeout=0 tear_heal_attempted=0 tear_heal_command_sent=0 presentation_experiment=boundary-top-sweep te_edge=rising requested_clock_mhz=50 effective_clock_mhz=40 frame_reused=0 pass=1
[18:28:42] TINYDRAW_GATE1_HARD zoom=100 cold=1 operations=1000 samples=19844 steps=246 tiles=42 scanned=12000 rendered=388 max_supertask_us=5399 presentation_us=71804 total_us=367020 maximum_wall_us=500000 pass=1
[18:28:42] TINYDRAW_GATE1_OVERLAY_CANVAS regions=zoom,minimap,toolbar,battery operations=4 presentation_mutations=0 authority=1 pass=1
[18:28:43] TINYDRAW_GATE1_LIVE_OVERLAY clear_updates=48 clear_wall_max_us=3944 clear_submit_max_us=2149 clear_complete_max_us=3039 overlay_updates=48 overlay_wall_max_us=3914 overlay_submit_max_us=2109 overlay_complete_max_us=3142 overlay_chrome_max_us=250 clear_failures=0 overlay_failures=0 pass=1
[18:28:43] TINYDRAW_EDGE_INK corners=4 edge_failures=0 pass=1
[18:28:43] TINYDRAW_GATE1_PAN zoom=100 from_x=0 from_y=0 to_x=88 to_y=88 compose_us=15435 scroll_us=11 exposed_compose_us=15424 chrome_us=2438 event_submit_us=29826 event_complete_us=33005 transfer_us=16176 setup=1 present=1 moved=1 frame_reused=1 pass=1
[18:28:43] TINYDRAW_LIVE_PRESENT kind=gate_fallback zoom=400 x=0 y=0 compose_us=10595 scroll_us=0 exposed_compose_us=0 chrome_us=6765 chrome_prepare_us=2380 chrome_stage_us=4385 read_submit_us=23693 read_complete_us=27345 transfer_wait_us=20744 tile_pixels=0 uniform_pixels=0 overview_pixels=0 fallback_pixels=164864 resident_tiles=0 fallback_tiles=42 pushes=11 tear_wait_us=10598 tear_edge_isr_to_resume_us=11 tear_edge_observed=1 tear_edge_wait_resumed=1 tear_edge_timeout=0 tear_heal_attempted=0 tear_heal_command_sent=0 presentation_experiment=boundary-top-sweep te_edge=rising requested_clock_mhz=50 effective_clock_mhz=40 frame_reused=0 pass=1
[18:28:43] TINYDRAW_GATE1_HARD zoom=400 cold=1 operations=1008 samples=19852 steps=200 tiles=42 scanned=12096 rendered=60 max_supertask_us=8078 presentation_us=70096 total_us=214051 maximum_wall_us=500000 pass=1
[18:28:44] TINYDRAW_GATE1_PAN zoom=400 from_x=0 from_y=0 to_x=88 to_y=88 compose_us=15468 scroll_us=13 exposed_compose_us=15455 chrome_us=2289 event_submit_us=30134 event_complete_us=33332 transfer_us=15869 setup=1 present=1 moved=1 frame_reused=1 pass=1
[18:28:46] TINYDRAW_PANSEQ_FRAME zoom=100 step=0 dx=24 dy=18 scroll_us=11 exposed_compose_us=4400 chrome_us=2438 tear_wait_us=8334 present_us=16104 prepare_us=10912 acquire_wait_us=29 ring_copy_us=8461 patch_us=2444 byte_swap_us=7 staging_us=3979 event_submit_us=12869 event_complete_us=16046 frame_us=28980 tear_edge_observed=1 frame_reused=1 pass=1
[18:28:46] TINYDRAW_PANSEQ_FRAME zoom=100 step=1 dx=24 dy=18 scroll_us=8 exposed_compose_us=4424 chrome_us=2453 tear_wait_us=12858 present_us=16508 prepare_us=10841 acquire_wait_us=26 ring_copy_us=8375 patch_us=2457 byte_swap_us=9 staging_us=4065 event_submit_us=17421 event_complete_us=20605 frame_us=33921 tear_edge_observed=1 frame_reused=1 pass=1
[18:28:46] TINYDRAW_PANSEQ_FRAME zoom=100 step=2 dx=24 dy=18 scroll_us=9 exposed_compose_us=4111 chrome_us=2431 tear_wait_us=12796 present_us=15898 prepare_us=10936 acquire_wait_us=30 ring_copy_us=8491 patch_us=2436 byte_swap_us=9 staging_us=3986 event_submit_us=17033 event_complete_us=20227 frame_us=32938 tear_edge_observed=1 frame_reused=1 pass=1
[18:28:46] TINYDRAW_PANSEQ_FRAME zoom=100 step=3 dx=24 dy=18 scroll_us=7 exposed_compose_us=4628 chrome_us=2461 tear_wait_us=12877 present_us=16299 prepare_us=10938 acquire_wait_us=38 ring_copy_us=8450 patch_us=2469 byte_swap_us=19 staging_us=3964 event_submit_us=17637 event_complete_us=20818 frame_us=33933 tear_edge_observed=1 frame_reused=1 pass=1
[18:28:46] TINYDRAW_PANSEQ_FRAME zoom=100 step=4 dx=24 dy=18 scroll_us=9 exposed_compose_us=4155 chrome_us=2461 tear_wait_us=12941 present_us=16708 prepare_us=10987 acquire_wait_us=31 ring_copy_us=8512 patch_us=2466 byte_swap_us=9 staging_us=3934 event_submit_us=17221 event_complete_us=20423 frame_us=33938 tear_edge_observed=1 frame_reused=1 pass=1
[18:28:46] TINYDRAW_PANSEQ_FRAME zoom=100 step=5 dx=24 dy=18 scroll_us=8 exposed_compose_us=4420 chrome_us=2427 tear_wait_us=12281 present_us=16100 prepare_us=10884 acquire_wait_us=27 ring_copy_us=8443 patch_us=2432 byte_swap_us=9 staging_us=4001 event_submit_us=16822 event_complete_us=19989 frame_us=32929 tear_edge_observed=1 frame_reused=1 pass=1
[18:28:46] TINYDRAW_PANSEQ_FRAME zoom=100 step=6 dx=24 dy=18 scroll_us=9 exposed_compose_us=4093 chrome_us=2441 tear_wait_us=13212 present_us=16503 prepare_us=10878 acquire_wait_us=22 ring_copy_us=8423 patch_us=2447 byte_swap_us=8 staging_us=4027 event_submit_us=17432 event_complete_us=20614 frame_us=33938 tear_edge_observed=1 frame_reused=1 pass=1
[18:28:46] TINYDRAW_PANSEQ_FRAME zoom=100 step=7 dx=24 dy=18 scroll_us=7 exposed_compose_us=4419 chrome_us=2455 tear_wait_us=12468 present_us=15920 prepare_us=10916 acquire_wait_us=29 ring_copy_us=8444 patch_us=2463 byte_swap_us=9 staging_us=3982 event_submit_us=17007 event_complete_us=20178 frame_us=32933 tear_edge_observed=1 frame_reused=1 pass=1
[18:28:46] TINYDRAW_PANSEQ_FRAME zoom=100 step=8 dx=24 dy=18 scroll_us=9 exposed_compose_us=4400 chrome_us=2482 tear_wait_us=13073 present_us=16332 prepare_us=10933 acquire_wait_us=39 ring_copy_us=8434 patch_us=2490 byte_swap_us=9 staging_us=3946 event_submit_us=17597 event_complete_us=20781 frame_us=33938 tear_edge_observed=1 frame_reused=1 pass=1
[18:28:46] TINYDRAW_PANSEQ_FRAME zoom=100 step=9 dx=24 dy=18 scroll_us=7 exposed_compose_us=4405 chrome_us=2447 tear_wait_us=12668 present_us=16730 prepare_us=10864 acquire_wait_us=25 ring_copy_us=8402 patch_us=2454 byte_swap_us=8 staging_us=4028 event_submit_us=17196 event_complete_us=20370 frame_us=33933 tear_edge_observed=1 frame_reused=1 pass=1
[18:28:46] TINYDRAW_PANSEQ_FRAME zoom=100 step=10 dx=24 dy=18 scroll_us=8 exposed_compose_us=4109 chrome_us=2425 tear_wait_us=12570 present_us=16122 prepare_us=10929 acquire_wait_us=26 ring_copy_us=8487 patch_us=2433 byte_swap_us=9 staging_us=3965 event_submit_us=16802 event_complete_us=19977 frame_us=32933 tear_edge_observed=1 frame_reused=1 pass=1
[18:28:46] TINYDRAW_PANSEQ_FRAME zoom=100 step=11 dx=24 dy=18 scroll_us=7 exposed_compose_us=4628 chrome_us=2447 tear_wait_us=12660 present_us=16518 prepare_us=10817 acquire_wait_us=23 ring_copy_us=8351 patch_us=2457 byte_swap_us=9 staging_us=4065 event_submit_us=17420 event_complete_us=20584 frame_us=33933 tear_edge_observed=1 frame_reused=1 pass=1
[18:28:46] TINYDRAW_PANSEQ_FRAME zoom=100 step=12 dx=24 dy=18 scroll_us=9 exposed_compose_us=4168 chrome_us=2453 tear_wait_us=12725 present_us=15913 prepare_us=10924 acquire_wait_us=28 ring_copy_us=8456 patch_us=2459 byte_swap_us=9 staging_us=3979 event_submit_us=17018 event_complete_us=20192 frame_us=32938 tear_edge_observed=1 frame_reused=1 pass=1
[18:28:46] TINYDRAW_PANSEQ_FRAME zoom=100 step=13 dx=24 dy=18 scroll_us=7 exposed_compose_us=4427 chrome_us=2474 tear_wait_us=13071 present_us=16307 prepare_us=10865 acquire_wait_us=28 ring_copy_us=8375 patch_us=2482 byte_swap_us=8 staging_us=4022 event_submit_us=17628 event_complete_us=20792 frame_us=33933 tear_edge_observed=1 frame_reused=1 pass=1
[18:28:47] TINYDRAW_PANSEQ_FRAME zoom=100 step=14 dx=24 dy=18 scroll_us=9 exposed_compose_us=4122 chrome_us=2456 tear_wait_us=13008 present_us=16687 prepare_us=10976 acquire_wait_us=29 ring_copy_us=8493 patch_us=2475 byte_swap_us=8 staging_us=3941 event_submit_us=17243 event_complete_us=20442 frame_us=33938 tear_edge_observed=1 frame_reused=1 pass=1
[18:28:47] TINYDRAW_PANSEQ_FRAME zoom=100 step=15 dx=24 dy=18 scroll_us=7 exposed_compose_us=4448 chrome_us=2420 tear_wait_us=12285 present_us=16064 prepare_us=10838 acquire_wait_us=25 ring_copy_us=8401 patch_us=2428 byte_swap_us=9 staging_us=4043 event_submit_us=16861 event_complete_us=20023 frame_us=32933 tear_edge_observed=1 frame_reused=1 pass=1
[18:28:47] TINYDRAW_PANSEQ_FRAME zoom=100 step=16 dx=72 dy=54 scroll_us=9 exposed_compose_us=11737 chrome_us=2427 tear_wait_us=5628 present_us=16444 prepare_us=10839 acquire_wait_us=30 ring_copy_us=8395 patch_us=2435 byte_swap_us=9 staging_us=4036 event_submit_us=17485 event_complete_us=20653 frame_us=33938 tear_edge_observed=1 frame_reused=1 pass=1
[18:28:47] TINYDRAW_PANSEQ_FRAME zoom=100 step=17 dx=72 dy=54 scroll_us=7 exposed_compose_us=11721 chrome_us=2448 tear_wait_us=5277 present_us=15824 prepare_us=10862 acquire_wait_us=27 ring_copy_us=8384 patch_us=2469 byte_swap_us=9 staging_us=4020 event_submit_us=17105 event_complete_us=20267 frame_us=32936 tear_edge_observed=1 frame_reused=1 pass=1
[18:28:47] TINYDRAW_PANSEQ_FRAME zoom=100 step=18 dx=72 dy=54 scroll_us=9 exposed_compose_us=10081 chrome_us=2446 tear_wait_us=7521 present_us=16198 prepare_us=10952 acquire_wait_us=33 ring_copy_us=8495 patch_us=2449 byte_swap_us=8 staging_us=3951 event_submit_us=17728 event_complete_us=20897 frame_us=33935 tear_edge_observed=1 frame_reused=1 pass=1
[18:28:47] TINYDRAW_PANSEQ_FRAME zoom=100 step=19 dx=72 dy=54 scroll_us=8 exposed_compose_us=10075 chrome_us=2434 tear_wait_us=7151 present_us=16575 prepare_us=10837 acquire_wait_us=33 ring_copy_us=8388 patch_us=2440 byte_swap_us=9 staging_us=4012 event_submit_us=17348 event_complete_us=20497 frame_us=33931 tear_edge_observed=1 frame_reused=1 pass=1
[18:28:47] TINYDRAW_PANSEQ_FRAME zoom=100 step=20 dx=-72 dy=-54 scroll_us=9 exposed_compose_us=11567 chrome_us=2473 tear_wait_us=5276 present_us=15950 prepare_us=10934 acquire_wait_us=30 ring_copy_us=8452 patch_us=2474 byte_swap_us=8 staging_us=3936 event_submit_us=16980 event_complete_us=20128 frame_us=32939 tear_edge_observed=1 frame_reused=1 pass=1
[18:28:47] TINYDRAW_PANSEQ_FRAME zoom=100 step=21 dx=-72 dy=-54 scroll_us=8 exposed_compose_us=11679 chrome_us=2484 tear_wait_us=5796 present_us=16326 prepare_us=10882 acquire_wait_us=28 ring_copy_us=8382 patch_us=2491 byte_swap_us=9 staging_us=3987 event_submit_us=17597 event_complete_us=20761 frame_us=33931 tear_edge_observed=1 frame_reused=1 pass=1
[18:28:47] TINYDRAW_PANSEQ_FRAME zoom=100 step=22 dx=-72 dy=-54 scroll_us=9 exposed_compose_us=11712 chrome_us=2448 tear_wait_us=5395 present_us=16699 prepare_us=10921 acquire_wait_us=28 ring_copy_us=8456 patch_us=2456 byte_swap_us=9 staging_us=3967 event_submit_us=17231 event_complete_us=20399 frame_us=33938 tear_edge_observed=1 frame_reused=1 pass=1
[18:28:47] TINYDRAW_PANSEQ_FRAME zoom=100 step=23 dx=-72 dy=-54 scroll_us=7 exposed_compose_us=11363 chrome_us=2430 tear_wait_us=5357 present_us=16078 prepare_us=10863 acquire_wait_us=25 ring_copy_us=8419 patch_us=2437 byte_swap_us=7 staging_us=4006 event_submit_us=16841 event_complete_us=19994 frame_us=32928 tear_edge_observed=1 frame_reused=1 pass=1
[18:28:47] TINYDRAW_PANSEQ_STRIP zoom=100 strip=0 panel_y=0 rows=44 samples=24 staging_mean_us=1351 staging_max_us=1387 wire_budget_us=1619 over_budget_us=0 pass=1
[18:28:47] TINYDRAW_PANSEQ_STRIP zoom=100 strip=1 panel_y=44 rows=44 samples=24 staging_mean_us=1247 staging_max_us=1265 wire_budget_us=1619 over_budget_us=0 pass=1
[18:28:47] TINYDRAW_PANSEQ_STRIP zoom=100 strip=2 panel_y=88 rows=44 samples=24 staging_mean_us=1207 staging_max_us=1222 wire_budget_us=1619 over_budget_us=0 pass=1
[18:28:47] TINYDRAW_PANSEQ_STRIP zoom=100 strip=3 panel_y=132 rows=44 samples=24 staging_mean_us=1199 staging_max_us=1208 wire_budget_us=1619 over_budget_us=0 pass=1
[18:28:47] TINYDRAW_PANSEQ_STRIP zoom=100 strip=4 panel_y=176 rows=44 samples=24 staging_mean_us=1197 staging_max_us=1217 wire_budget_us=1619 over_budget_us=0 pass=1
[18:28:47] TINYDRAW_PANSEQ_STRIP zoom=100 strip=5 panel_y=220 rows=44 samples=24 staging_mean_us=1229 staging_max_us=1247 wire_budget_us=1619 over_budget_us=0 pass=1
[18:28:47] TINYDRAW_PANSEQ_STRIP zoom=100 strip=6 panel_y=264 rows=44 samples=24 staging_mean_us=1415 staging_max_us=1452 wire_budget_us=1619 over_budget_us=0 pass=1
[18:28:47] TINYDRAW_PANSEQ_STRIP zoom=100 strip=7 panel_y=308 rows=44 samples=24 staging_mean_us=1407 staging_max_us=1429 wire_budget_us=1619 over_budget_us=0 pass=1
[18:28:47] TINYDRAW_PANSEQ_STRIP zoom=100 strip=8 panel_y=352 rows=20 samples=24 staging_mean_us=669 staging_max_us=701 wire_budget_us=736 over_budget_us=0 pass=1
[18:28:47] TINYDRAW_GATE1_PANSEQ zoom=100 frames=24 scroll_avg_us=8 exposed_avg_us=6637 chrome_avg_us=2448 tear_wait_avg_us=10301 present_avg_us=16283 prepare_avg_us=10897 acquire_wait_avg_us=28 ring_copy_avg_us=8432 patch_avg_us=2455 byte_swap_avg_us=9 staging_avg_us=3993 frame_avg_us=33352 frame_p50_us=33931 frame_p95_us=33938 frame_max_us=33938 complete_p50_us=20399 complete_p95_us=20818 complete_max_us=20897 tear_edge_failures=0 presentation_experiment=boundary-top-sweep te_edge=rising requested_clock_mhz=50 effective_clock_mhz=40 chrome_bottom_redraws=0 chrome_battery_redraws=0 chrome_zoom_redraws=0 chrome_minimap_base_redraws=0 strip_samples=216 staging_mean_us=1213 staging_max_us=1452 worst_strip=8 worst_strip_y=352 worst_wire_budget_us=736 worst_headroom_us=35 staging_invariant=1 pacing_pass=1 all_reused=1 pass=1
[18:28:49] TINYDRAW_PANSEQ_FRAME zoom=400 step=0 dx=24 dy=18 scroll_us=10 exposed_compose_us=4341 chrome_us=2269 tear_wait_us=8548 present_us=15940 prepare_us=10734 acquire_wait_us=20 ring_copy_us=8459 patch_us=2266 byte_swap_us=9 staging_us=4155 event_submit_us=13031 event_complete_us=16207 frame_us=28978 tear_edge_observed=1 frame_reused=1 pass=1
[18:28:49] TINYDRAW_PANSEQ_FRAME zoom=400 step=1 dx=24 dy=18 scroll_us=8 exposed_compose_us=4429 chrome_us=2299 tear_wait_us=13039 present_us=16320 prepare_us=10753 acquire_wait_us=34 ring_copy_us=8438 patch_us=2306 byte_swap_us=9 staging_us=4139 event_submit_us=17597 event_complete_us=20781 frame_us=33921 tear_edge_observed=1 frame_reused=1 pass=1
[18:28:49] TINYDRAW_PANSEQ_FRAME zoom=400 step=2 dx=24 dy=18 scroll_us=8 exposed_compose_us=4110 chrome_us=2272 tear_wait_us=13005 present_us=16691 prepare_us=10793 acquire_wait_us=22 ring_copy_us=8503 patch_us=2281 byte_swap_us=9 staging_us=4119 event_submit_us=17239 event_complete_us=20432 frame_us=33938 tear_edge_observed=1 frame_reused=1 pass=1
[18:28:49] TINYDRAW_PANSEQ_FRAME zoom=400 step=3 dx=24 dy=18 scroll_us=8 exposed_compose_us=4610 chrome_us=2270 tear_wait_us=12126 present_us=16062 prepare_us=10730 acquire_wait_us=28 ring_copy_us=8436 patch_us=2286 byte_swap_us=8 staging_us=4175 event_submit_us=16855 event_complete_us=20040 frame_us=32933 tear_edge_observed=1 frame_reused=1 pass=1
[18:28:49] TINYDRAW_PANSEQ_FRAME zoom=400 step=4 dx=24 dy=18 scroll_us=8 exposed_compose_us=4146 chrome_us=2269 tear_wait_us=13221 present_us=16438 prepare_us=10670 acquire_wait_us=24 ring_copy_us=8387 patch_us=2276 byte_swap_us=7 staging_us=4224 event_submit_us=17491 event_complete_us=20676 frame_us=33938 tear_edge_observed=1 frame_reused=1 pass=1
[18:28:49] TINYDRAW_PANSEQ_FRAME zoom=400 step=5 dx=24 dy=18 scroll_us=8 exposed_compose_us=4454 chrome_us=2250 tear_wait_us=12546 present_us=15811 prepare_us=10694 acquire_wait_us=28 ring_copy_us=8428 patch_us=2257 byte_swap_us=9 staging_us=4190 event_submit_us=17121 event_complete_us=20283 frame_us=32941 tear_edge_observed=1 frame_reused=1 pass=1
[18:28:49] TINYDRAW_PANSEQ_FRAME zoom=400 step=6 dx=24 dy=18 scroll_us=9 exposed_compose_us=4079 chrome_us=2256 tear_wait_us=13554 present_us=16163 prepare_us=10728 acquire_wait_us=40 ring_copy_us=8457 patch_us=2262 byte_swap_us=9 staging_us=4172 event_submit_us=17759 event_complete_us=20934 frame_us=33930 tear_edge_observed=1 frame_reused=1 pass=1
[18:28:49] TINYDRAW_PANSEQ_FRAME zoom=400 step=7 dx=24 dy=18 scroll_us=8 exposed_compose_us=4405 chrome_us=2267 tear_wait_us=12884 present_us=16516 prepare_us=10650 acquire_wait_us=23 ring_copy_us=8370 patch_us=2273 byte_swap_us=7 staging_us=4233 event_submit_us=17419 event_complete_us=20589 frame_us=33933 tear_edge_observed=1 frame_reused=1 pass=1
[18:28:49] TINYDRAW_PANSEQ_FRAME zoom=400 step=8 dx=24 dy=18 scroll_us=8 exposed_compose_us=4385 chrome_us=2272 tear_wait_us=12554 present_us=15865 prepare_us=10757 acquire_wait_us=26 ring_copy_us=8471 patch_us=2278 byte_swap_us=8 staging_us=4155 event_submit_us=17066 event_complete_us=20249 frame_us=32938 tear_edge_observed=1 frame_reused=1 pass=1
[18:28:49] TINYDRAW_PANSEQ_FRAME zoom=400 step=9 dx=24 dy=18 scroll_us=8 exposed_compose_us=4418 chrome_us=2279 tear_wait_us=13170 present_us=16213 prepare_us=10757 acquire_wait_us=30 ring_copy_us=8465 patch_us=2283 byte_swap_us=9 staging_us=4141 event_submit_us=17711 event_complete_us=20873 frame_us=33933 tear_edge_observed=1 frame_reused=1 pass=1
[18:28:49] TINYDRAW_PANSEQ_FRAME zoom=400 step=10 dx=24 dy=18 scroll_us=8 exposed_compose_us=4107 chrome_us=2259 tear_wait_us=13119 present_us=16578 prepare_us=10695 acquire_wait_us=23 ring_copy_us=8421 patch_us=2266 byte_swap_us=8 staging_us=4169 event_submit_us=17351 event_complete_us=20505 frame_us=33938 tear_edge_observed=1 frame_reused=1 pass=1
[18:28:49] TINYDRAW_PANSEQ_FRAME zoom=400 step=11 dx=24 dy=18 scroll_us=8 exposed_compose_us=4644 chrome_us=2282 tear_wait_us=12221 present_us=15938 prepare_us=10775 acquire_wait_us=30 ring_copy_us=8475 patch_us=2291 byte_swap_us=9 staging_us=4118 event_submit_us=16986 event_complete_us=20157 frame_us=32933 tear_edge_observed=1 frame_reused=1 pass=1
[18:28:49] TINYDRAW_PANSEQ_FRAME zoom=400 step=12 dx=24 dy=18 scroll_us=8 exposed_compose_us=4148 chrome_us=2281 tear_wait_us=13379 present_us=16281 prepare_us=10792 acquire_wait_us=38 ring_copy_us=8503 patch_us=2282 byte_swap_us=7 staging_us=4106 event_submit_us=17661 event_complete_us=20836 frame_us=33938 tear_edge_observed=1 frame_reused=1 pass=1
[18:28:49] TINYDRAW_PANSEQ_FRAME zoom=400 step=13 dx=24 dy=18 scroll_us=8 exposed_compose_us=4424 chrome_us=2279 tear_wait_us=12739 present_us=16637 prepare_us=10716 acquire_wait_us=27 ring_copy_us=8423 patch_us=2286 byte_swap_us=7 staging_us=4157 event_submit_us=17287 event_complete_us=20443 frame_us=33933 tear_edge_observed=1 frame_reused=1 pass=1
[18:28:49] TINYDRAW_PANSEQ_FRAME zoom=400 step=14 dx=24 dy=18 scroll_us=8 exposed_compose_us=4102 chrome_us=2291 tear_wait_us=12724 present_us=15979 prepare_us=10808 acquire_wait_us=29 ring_copy_us=8503 patch_us=2298 byte_swap_us=7 staging_us=4096 event_submit_us=16950 event_complete_us=20131 frame_us=32938 tear_edge_observed=1 frame_reused=1 pass=1
[18:28:49] TINYDRAW_PANSEQ_FRAME zoom=400 step=15 dx=24 dy=18 scroll_us=8 exposed_compose_us=4480 chrome_us=2297 tear_wait_us=12982 present_us=16341 prepare_us=10700 acquire_wait_us=33 ring_copy_us=8387 patch_us=2304 byte_swap_us=9 staging_us=4178 event_submit_us=17583 event_complete_us=20755 frame_us=33933 tear_edge_observed=1 frame_reused=1 pass=1
[18:28:49] TINYDRAW_PANSEQ_FRAME zoom=400 step=16 dx=72 dy=54 scroll_us=8 exposed_compose_us=11725 chrome_us=2290 tear_wait_us=5383 present_us=16699 prepare_us=10763 acquire_wait_us=27 ring_copy_us=8454 patch_us=2301 byte_swap_us=8 staging_us=4129 event_submit_us=17230 event_complete_us=20407 frame_us=33939 tear_edge_observed=1 frame_reused=1 pass=1
[18:28:49] TINYDRAW_PANSEQ_FRAME zoom=400 step=17 dx=72 dy=54 scroll_us=8 exposed_compose_us=11525 chrome_us=2255 tear_wait_us=5217 present_us=16052 prepare_us=10653 acquire_wait_us=27 ring_copy_us=8382 patch_us=2262 byte_swap_us=9 staging_us=4229 event_submit_us=16877 event_complete_us=20037 frame_us=32931 tear_edge_observed=1 frame_reused=1 pass=1
[18:28:49] TINYDRAW_PANSEQ_FRAME zoom=400 step=18 dx=72 dy=54 scroll_us=8 exposed_compose_us=11419 chrome_us=2269 tear_wait_us=5968 present_us=16417 prepare_us=10658 acquire_wait_us=23 ring_copy_us=8365 patch_us=2285 byte_swap_us=8 staging_us=4214 event_submit_us=17513 event_complete_us=20694 frame_us=33938 tear_edge_observed=1 frame_reused=1 pass=1
[18:28:49] TINYDRAW_PANSEQ_FRAME zoom=400 step=19 dx=72 dy=54 scroll_us=8 exposed_compose_us=11636 chrome_us=2245 tear_wait_us=5377 present_us=16789 prepare_us=10678 acquire_wait_us=36 ring_copy_us=8420 patch_us=2249 byte_swap_us=9 staging_us=4215 event_submit_us=17136 event_complete_us=20305 frame_us=33939 tear_edge_observed=1 frame_reused=1 pass=1
[18:28:49] TINYDRAW_PANSEQ_FRAME zoom=400 step=20 dx=-72 dy=-54 scroll_us=8 exposed_compose_us=11781 chrome_us=2274 tear_wait_us=4868 present_us=16148 prepare_us=10731 acquire_wait_us=27 ring_copy_us=8444 patch_us=2279 byte_swap_us=8 staging_us=4146 event_submit_us=16774 event_complete_us=19923 frame_us=32931 tear_edge_observed=1 frame_reused=1 pass=1
[18:28:49] TINYDRAW_PANSEQ_FRAME zoom=400 step=21 dx=-72 dy=-54 scroll_us=8 exposed_compose_us=11674 chrome_us=2279 tear_wait_us=5632 present_us=16495 prepare_us=10618 acquire_wait_us=23 ring_copy_us=8328 patch_us=2282 byte_swap_us=8 staging_us=4260 event_submit_us=17436 event_complete_us=20581 frame_us=33933 tear_edge_observed=1 frame_reused=1 pass=1
[18:28:49] TINYDRAW_PANSEQ_FRAME zoom=400 step=22 dx=-72 dy=-54 scroll_us=8 exposed_compose_us=11718 chrome_us=2252 tear_wait_us=5236 present_us=15850 prepare_us=10737 acquire_wait_us=25 ring_copy_us=8470 patch_us=2258 byte_swap_us=9 staging_us=4144 event_submit_us=17081 event_complete_us=20232 frame_us=32938 tear_edge_observed=1 frame_reused=1 pass=1
[18:28:49] TINYDRAW_PANSEQ_FRAME zoom=400 step=23 dx=-72 dy=-54 scroll_us=8 exposed_compose_us=11389 chrome_us=2267 tear_wait_us=6196 present_us=16219 prepare_us=10735 acquire_wait_us=36 ring_copy_us=8446 patch_us=2272 byte_swap_us=17 staging_us=4128 event_submit_us=17705 event_complete_us=20853 frame_us=33933 tear_edge_observed=1 frame_reused=1 pass=1
[18:28:49] TINYDRAW_PANSEQ_STRIP zoom=400 strip=0 panel_y=0 rows=44 samples=24 staging_mean_us=1348 staging_max_us=1383 wire_budget_us=1619 over_budget_us=0 pass=1
[18:28:49] TINYDRAW_PANSEQ_STRIP zoom=400 strip=1 panel_y=44 rows=44 samples=24 staging_mean_us=1245 staging_max_us=1258 wire_budget_us=1619 over_budget_us=0 pass=1
[18:28:49] TINYDRAW_PANSEQ_STRIP zoom=400 strip=2 panel_y=88 rows=44 samples=24 staging_mean_us=1206 staging_max_us=1219 wire_budget_us=1619 over_budget_us=0 pass=1
[18:28:49] TINYDRAW_PANSEQ_STRIP zoom=400 strip=3 panel_y=132 rows=44 samples=24 staging_mean_us=1201 staging_max_us=1209 wire_budget_us=1619 over_budget_us=0 pass=1
[18:28:49] TINYDRAW_PANSEQ_STRIP zoom=400 strip=4 panel_y=176 rows=44 samples=24 staging_mean_us=1199 staging_max_us=1218 wire_budget_us=1619 over_budget_us=0 pass=1
[18:28:49] TINYDRAW_PANSEQ_STRIP zoom=400 strip=5 panel_y=220 rows=44 samples=24 staging_mean_us=1189 staging_max_us=1216 wire_budget_us=1619 over_budget_us=0 pass=1
[18:28:49] TINYDRAW_PANSEQ_STRIP zoom=400 strip=6 panel_y=264 rows=44 samples=24 staging_mean_us=1368 staging_max_us=1390 wire_budget_us=1619 over_budget_us=0 pass=1
[18:28:49] TINYDRAW_PANSEQ_STRIP zoom=400 strip=7 panel_y=308 rows=44 samples=24 staging_mean_us=1364 staging_max_us=1389 wire_budget_us=1619 over_budget_us=0 pass=1
[18:28:49] TINYDRAW_PANSEQ_STRIP zoom=400 strip=8 panel_y=352 rows=20 samples=24 staging_mean_us=625 staging_max_us=665 wire_budget_us=736 over_budget_us=0 pass=1
[18:28:49] TINYDRAW_GATE1_PANSEQ zoom=400 frames=24 scroll_avg_us=8 exposed_avg_us=6756 chrome_avg_us=2271 tear_wait_avg_us=10237 present_avg_us=16268 prepare_avg_us=10721 acquire_wait_avg_us=28 ring_copy_avg_us=8434 patch_avg_us=2278 byte_swap_avg_us=8 staging_avg_us=4166 frame_avg_us=33394 frame_p50_us=33933 frame_p95_us=33939 frame_max_us=33939 complete_p50_us=20432 complete_p95_us=20873 complete_max_us=20934 tear_edge_failures=0 presentation_experiment=boundary-top-sweep te_edge=rising requested_clock_mhz=50 effective_clock_mhz=40 chrome_bottom_redraws=0 chrome_battery_redraws=0 chrome_zoom_redraws=0 chrome_minimap_base_redraws=0 strip_samples=216 staging_mean_us=1194 staging_max_us=1390 worst_strip=8 worst_strip_y=352 worst_wire_budget_us=736 worst_headroom_us=71 staging_invariant=1 pacing_pass=1 all_reused=1 pass=1
[18:28:50] TINYDRAW_GATE1_PAN_BOUNDARY zoom=100 slow_1px_trace=1 below_delta=94 below_reused=1 at_delta=96 at_reused=1 above_delta=98 above_fallback=1 pass=1
[18:28:50] TINYDRAW_GATE1_PAN_BOUNDARY zoom=400 slow_1px_trace=1 below_delta=94 below_reused=1 at_delta=96 at_reused=1 above_delta=98 above_fallback=1 pass=1
[18:28:50] TINYDRAW_GATE1_DRAW_FILL zoom=400 revision=2930 append_us=1422 poll_gap_us=97 event_submit_us=203 event_complete_us=2149 max_compute_slice_us=5450 max_display_slice_us=17153 fill_us=224926 revision_restarted=1 pass=1
[18:28:51] TINYDRAW_GATE1_CACHE_FILL zoom=50 x=63 y=63 published=56 total_us=596963 within_cold_gate=0 complete=1
[18:28:52] TINYDRAW_GATE1_CACHE_FILL zoom=100 x=63 y=63 published=56 total_us=478962 within_cold_gate=1 complete=1
[18:28:52] TINYDRAW_GATE1_CACHE_FILL zoom=200 x=63 y=63 published=56 total_us=334960 within_cold_gate=1 complete=1
[18:28:52] TINYDRAW_GATE1_CACHE_FILL zoom=400 x=63 y=63 published=56 total_us=277961 within_cold_gate=1 complete=1
[18:28:52] TINYDRAW_GATE1_CACHE_REVISIT zoom=50 remaining=0 tile_pixels=118128 fallback_pixels=0 compose_us=15964 complete_us=20696 hit=1
[18:28:52] TINYDRAW_GATE1_CACHE_REVISIT zoom=100 remaining=0 tile_pixels=164864 fallback_pixels=0 compose_us=18321 complete_us=21264 hit=1
[18:28:52] TINYDRAW_GATE1_CACHE_REVISIT zoom=200 remaining=0 tile_pixels=164864 fallback_pixels=0 compose_us=18355 complete_us=20831 hit=1
[18:28:52] TINYDRAW_GATE1_CACHE_REVISIT zoom=400 remaining=0 tile_pixels=164608 fallback_pixels=0 compose_us=18358 complete_us=20398 hit=1
[18:28:53] TINYDRAW_GATE1_CACHE_FILL zoom=400 x=575 y=575 published=56 total_us=293965 within_cold_gate=1 complete=1
[18:28:53] TINYDRAW_GATE1_CACHE_ROUND_TRIP zoom=50 from_x=63 from_y=63 via_x=575 via_y=575 remaining=0 tile_pixels=118128 fallback_pixels=0 compose_us=15979 complete_us=20611 hit=1
[18:28:53] TINYDRAW_GATE1_CACHE_ROUND_TRIP zoom=100 from_x=63 from_y=63 via_x=575 via_y=575 remaining=0 tile_pixels=164864 fallback_pixels=0 compose_us=18382 complete_us=21139 hit=1
[18:28:53] TINYDRAW_GATE1_CACHE_ROUND_TRIP zoom=200 from_x=63 from_y=63 via_x=575 via_y=575 remaining=0 tile_pixels=164864 fallback_pixels=0 compose_us=18374 complete_us=20691 hit=1
[18:28:53] TINYDRAW_GATE1_CACHE_ROUND_TRIP zoom=400 from_x=63 from_y=63 via_x=575 via_y=575 remaining=0 tile_pixels=164608 fallback_pixels=0 compose_us=18369 complete_us=20251 hit=1
[18:28:53] TINYDRAW_GATE1_CACHE_RETENTION pass=1 slots=448 revision=2930
[18:28:54] TINYDRAW_PAPER_SWEEP zoom=100 identities=644 raw=266 uniform=378 fallback=0 slots=448 total_us=1323158 pass=1
[18:28:54] TINYDRAW_RERENDER_LEDGER_RESET site=cache_tour_start
[18:28:58] TINYDRAW_GATE1_CACHE_TOUR slots=448 stops=16 forward_steps=2162 forward_tiles=832 forward_wall_us=1324627 return_missing_tiles=0 return_steps=16 return_tiles=0 return_wall_us=5806 home_missing=0 home_fallback_pixels=0 pass=1
[18:28:58] TINYDRAW_RERENDER_LEDGER site=cache_tour renders=137 unique=137 amplification=1.000 cold=137 damage=0 evict=0 stale=0 unexplained=0
[18:28:58] TINYDRAW_GATE1_MIXED_DRAW_WARM zoom=50 fill_tiles=56 fill_us=521882 raw=42 uniform=14
[18:28:59] TINYDRAW_GATE1_MIXED_DRAW_WARM zoom=100 fill_tiles=56 fill_us=399966 raw=56 uniform=0
[18:28:59] TINYDRAW_GATE1_MIXED_DRAW_WARM zoom=200 fill_tiles=56 fill_us=308636 raw=56 uniform=0
[18:28:59] TINYDRAW_GATE1_MIXED_DRAW_WARM zoom=400 fill_tiles=42 fill_us=197637 raw=42 uniform=0
[18:29:00] TINYDRAW_GATE1_MIXED_DRAW zoom=25 tool=pen chunks=50 append_max_us=13204 append_avg_us=11846 append_total_us=592302 affected_tiles=196 published=0 fallback=196 visible_fallback=0 ph_prepare_max_us=149 ph_overview_max_us=8985 ph_enumerate_max_us=575 ph_uniform_max_us=88 ph_raw_max_us=14 ph_commit_max_us=3580 committed=1 authority=1 refresh=1 run_ok=1 pass=1
[18:29:01] TINYDRAW_GATE1_MIXED_DRAW zoom=25 tool=eraser chunks=50 append_max_us=13288 append_avg_us=11802 append_total_us=590126 affected_tiles=0 published=0 fallback=0 visible_fallback=0 ph_prepare_max_us=152 ph_overview_max_us=9141 ph_enumerate_max_us=489 ph_uniform_max_us=9 ph_raw_max_us=8 ph_commit_max_us=3547 committed=1 authority=1 refresh=1 run_ok=1 pass=1
[18:29:03] TINYDRAW_GATE1_MIXED_DRAW zoom=50 tool=pen chunks=50 append_max_us=19341 append_avg_us=16485 append_total_us=824274 affected_tiles=422 published=400 fallback=22 visible_fallback=0 ph_prepare_max_us=186 ph_overview_max_us=3828 ph_enumerate_max_us=535 ph_uniform_max_us=5305 ph_raw_max_us=12271 ph_commit_max_us=1750 committed=1 authority=1 refresh=1 run_ok=1 pass=0
[18:29:04] TINYDRAW_GATE1_MIXED_DRAW zoom=50 tool=eraser chunks=50 append_max_us=17936 append_avg_us=16237 append_total_us=811851 affected_tiles=405 published=405 fallback=0 visible_fallback=0 ph_prepare_max_us=175 ph_overview_max_us=3819 ph_enumerate_max_us=540 ph_uniform_max_us=29 ph_raw_max_us=12224 ph_commit_max_us=1532 committed=1 authority=1 refresh=1 run_ok=1 pass=0
[18:29:06] TINYDRAW_GATE1_MIXED_DRAW zoom=100 tool=pen chunks=50 append_max_us=15936 append_avg_us=13914 append_total_us=695724 affected_tiles=450 published=398 fallback=52 visible_fallback=0 ph_prepare_max_us=187 ph_overview_max_us=1924 ph_enumerate_max_us=549 ph_uniform_max_us=4434 ph_raw_max_us=12247 ph_commit_max_us=1032 committed=1 authority=1 refresh=1 run_ok=1 pass=0
[18:29:07] TINYDRAW_GATE1_MIXED_DRAW zoom=100 tool=eraser chunks=50 append_max_us=15312 append_avg_us=13675 append_total_us=683767 affected_tiles=399 published=399 fallback=0 visible_fallback=0 ph_prepare_max_us=181 ph_overview_max_us=1898 ph_enumerate_max_us=501 ph_uniform_max_us=30 ph_raw_max_us=12240 ph_commit_max_us=881 committed=1 authority=1 refresh=1 run_ok=1 pass=0
[18:29:09] TINYDRAW_GATE1_MIXED_DRAW zoom=200 tool=pen chunks=50 append_max_us=15423 append_avg_us=12851 append_total_us=642561 affected_tiles=425 published=389 fallback=36 visible_fallback=0 ph_prepare_max_us=182 ph_overview_max_us=1098 ph_enumerate_max_us=575 ph_uniform_max_us=4536 ph_raw_max_us=12229 ph_commit_max_us=890 committed=1 authority=1 refresh=1 run_ok=1 pass=0
[18:29:09] TINYDRAW_GATE1_MIXED_DRAW zoom=200 tool=eraser chunks=50 append_max_us=14349 append_avg_us=12578 append_total_us=628946 affected_tiles=388 published=388 fallback=0 visible_fallback=0 ph_prepare_max_us=172 ph_overview_max_us=1044 ph_enumerate_max_us=572 ph_uniform_max_us=24 ph_raw_max_us=12165 ph_commit_max_us=761 committed=1 authority=1 refresh=1 run_ok=1 pass=1
[18:29:11] TINYDRAW_GATE1_MIXED_DRAW zoom=400 tool=pen chunks=50 append_max_us=14389 append_avg_us=11885 append_total_us=594290 affected_tiles=359 published=334 fallback=25 visible_fallback=0 ph_prepare_max_us=174 ph_overview_max_us=715 ph_enumerate_max_us=658 ph_uniform_max_us=3359 ph_raw_max_us=11582 ph_commit_max_us=819 committed=1 authority=1 refresh=1 run_ok=1 pass=1
[18:29:12] TINYDRAW_GATE1_MIXED_DRAW zoom=400 tool=eraser chunks=50 append_max_us=13436 append_avg_us=11775 append_total_us=588787 affected_tiles=350 published=350 fallback=0 visible_fallback=0 ph_prepare_max_us=175 ph_overview_max_us=729 ph_enumerate_max_us=644 ph_uniform_max_us=30 ph_raw_max_us=11623 ph_commit_max_us=714 committed=1 authority=1 refresh=1 run_ok=1 pass=1
[18:29:12] TINYDRAW_GATE1_MIXED_DRAW_REVISIT zoom=50 missing=4 refill_tiles=4 refill_us=188033
[18:29:13] TINYDRAW_GATE1_MIXED_DRAW_REVISIT zoom=100 missing=9 refill_tiles=9 refill_us=322807
[18:29:13] TINYDRAW_GATE1_MIXED_DRAW_REVISIT zoom=200 missing=16 refill_tiles=16 refill_us=324338
[18:29:13] TINYDRAW_GATE1_MIXED_DRAW_REVISIT zoom=400 missing=0 refill_tiles=0 refill_us=305
[18:29:13] TINYDRAW_GATE1_MIXED_DRAW_SUMMARY slots=448 strokes=10 worst_append_us=19341 pass=0
[18:29:19] TINYDRAW_GATE1_IDLE_REPAIR damaged=588 remaining=0 plan_views=24 steps=4378 repair_us=3839666 worst_step_us=5488 warm_tiles=56 pass=1
[18:29:20] TINYDRAW_INKTRACE trace=fast-curve-dense-25 zoom=25 events=411 consumed=373 coalesced=38 down=1/1 up=1/1 max_time_gap_us=24185 max_space_gap_px=55.33 e2c_p50=504 e2c_p95=1563 e2c_max=2689 e2g_p95=782 e2s_p95=2648 e2d_p50=2331 e2d_p95=3653 e2d_max=4297 latency_samples=33 presentation_failures=0 commit_failures=0 overflows=0 revision=3482 latency_pass=1 pass=1
[18:29:20] TINYDRAW_INKTRACE trace=fast-curve-400 zoom=400 events=414 consumed=382 coalesced=32 down=1/1 up=1/1 max_time_gap_us=9192 max_space_gap_px=65.51 e2c_p50=504 e2c_p95=572 e2c_max=1574 e2g_p95=777 e2s_p95=2665 e2d_p50=2442 e2d_p95=3909 e2d_max=3958 latency_samples=33 presentation_failures=0 commit_failures=0 overflows=0 revision=3484 latency_pass=1 pass=1
[18:29:23] TINYDRAW_INKTRACE trace=fast-curve-400-xl zoom=400 events=2296 consumed=1929 coalesced=367 down=1/1 up=1/1 max_time_gap_us=12776 max_space_gap_px=47.85 e2c_p50=504 e2c_p95=563 e2c_max=1744 e2g_p95=782 e2s_p95=2985 e2d_p50=3271 e2d_p95=4632 e2d_max=8129 latency_samples=172 presentation_failures=0 commit_failures=0 overflows=0 revision=3490 latency_pass=1 pass=1
[18:29:23] TINYDRAW_INKTRACE trace=slow-precise-100 zoom=100 events=741 consumed=710 coalesced=31 down=1/1 up=1/1 max_time_gap_us=8377 max_space_gap_px=13.45 e2c_p50=504 e2c_p95=1050 e2c_max=1575 e2g_p95=778 e2s_p95=1790 e2d_p50=1924 e2d_p95=2270 e2d_max=2315 latency_samples=53 presentation_failures=0 commit_failures=0 overflows=0 revision=3492 latency_pass=1 pass=1
[18:29:26] TINYDRAW_INKTRACE trace=scribble-multistroke zoom=100 events=848 consumed=734 coalesced=114 down=7/7 up=7/7 max_time_gap_us=6071 max_space_gap_px=109.46 e2c_p50=504 e2c_p95=570 e2c_max=2071 e2g_p95=776 e2s_p95=3486 e2d_p50=3111 e2d_p95=5278 e2d_max=6353 latency_samples=55 presentation_failures=0 commit_failures=0 overflows=0 revision=3499 latency_pass=1 pass=1
[18:29:28] TINYDRAW_HAIRLINE_DOC ops=782 samples=8061 append_total_us=1051111 append_max_us=7223
[18:29:28] TINYDRAW_GATE1_PACED_COLD corpus=evil_hairlines_capacity zoom=100 x=552 y=672 steps=239 tiles=56 compute_us=231000 present_us=75791 touch_us=385 pacing_us=8775 wall_us=315951 maximum_wall_us=500000 max_tick_us=8732 touch_samples=45551 touch_interval_max_us=2090 touch_read_max_us=610 touch_events=0 touch_down=0 touch_up=0 touch_events_ge_8ms=0 touch_event_age_max_us=0 touch_errors=0 touch_overflows=0 pass=1
[18:29:28] TINYDRAW_GATE1_PACED_COLD corpus=evil_hairlines_capacity zoom=400 x=2760 y=3360 steps=212 tiles=48 compute_us=133779 present_us=75977 touch_us=273 pacing_us=5940 wall_us=215969 maximum_wall_us=500000 max_tick_us=8981 touch_samples=286 touch_interval_max_us=1186 touch_read_max_us=470 touch_events=0 touch_down=0 touch_up=0 touch_events_ge_8ms=0 touch_event_age_max_us=0 touch_errors=0 touch_overflows=0 pass=1
[18:29:31] TINYDRAW_HAIRLINE_REPAIR steps=2372 wall_us=2169910 worst_step_us=4635 resident=407/448 grid_stopped=1 pass2_steps=8 pass2_wall_us=2144 no_churn=1
[18:29:32] TINYDRAW_HAIRLINE_TOUR stops=8 total_us=909309 worst_stop_us=196929 worst_step_us=6433
[18:29:32] TINYDRAW_GATE1_HAIRLINE raw=339 uniform=72 fallback=233 capacity=448 worst_step_us=6433 grid_stopped=1 pass=1
[18:29:34] TINYDRAW_GATE1_LONG_GESTURE path=reference samples=1600 chunks=26 append_total_us=925900 append_max_us=43603 append_avg_us=35611 refresh_fallback_pixels=0 settled_fallback_pixels=0 committed=1 authority=1 refresh=1 run_ok=1
[18:29:34] TINYDRAW_GATE1_LONG_GESTURE path=in_place samples=1600 chunks=52 append_total_us=599734 append_max_us=13889 append_avg_us=11533 refresh_fallback_pixels=0 settled_fallback_pixels=0 committed=1 authority=1 refresh=1 run_ok=1
[18:29:34] TINYDRAW_V2_EXPORT_PROGRESS row=0 of=1792
[18:29:35] TINYDRAW_V2_EXPORT_PROGRESS row=256 of=1792
[18:29:36] TINYDRAW_V2_EXPORT_PROGRESS row=512 of=1792
[18:29:37] TINYDRAW_V2_EXPORT_PROGRESS row=768 of=1792
[18:29:37] TINYDRAW_V2_EXPORT_PROGRESS row=1024 of=1792
[18:29:38] TINYDRAW_V2_EXPORT_PROGRESS row=1280 of=1792
[18:29:39] TINYDRAW_V2_EXPORT_PROGRESS row=1536 of=1792
[18:29:40] TINYDRAW_GATE1_EXPORT encoded=1 bytes=40166 elapsed_us=5827093 workspace_bytes=50652 band_bytes=376832 free_psram=1859920 free_internal=179664 signature=1 dimensions=1 chunks=3 chunks_ok=1 pass=1
[18:29:40] TINYDRAW_EXPORT_RESERVE requested=1572864 free_before=1859920 largest_before=1835008 free_held=287052 largest_held=286720 pass=1
[18:29:40] TINYDRAW_RERENDER_LEDGER site=final renders=0 unique=0 amplification=0.000 cold=0 damage=0 evict=0 stale=0 unexplained=0
[18:29:40] TINYDRAW_GATE1_AUTOMATED_DONE stress=1 stress_100=1 stress_400=1 overlap_ready=1 overlap_cold=0 general_cold_ready=1 general_cold=0 workload=1 paced_cold=1 hard_100=1 hard_400=1 pan_100=1 pan_400=1 pan_seq=1 pan_boundary=1 live_overlay=1 draw_fill=1 cache=1 full_world_cache=1 cache_tour=1 mixed_draw=0 idle_repair=1 ink_trace=1 hairline_capacity=1 long_gesture=1 export_encode=1 export_reserve=1 return=1 ssaa_receipt=yellow
[18:29:40] TINYDRAW_VECTOR_V2_GATE_HARNESS_DONE pass=0
[18:29:40] I (68228) main_task: Returned from app_main()
