[17:00:57] I (103) esp_image: segment 0: paddr=00010020 vaddr=3c050020 sizeESP-ROM:esp32s3-20210327
[17:00:57] Build:Mar 27 2021
[17:00:57] rst:0x15 (USB_UART_CHIP_RESET),boot:0x2b (SPI_FAST_FLASH_BOOT)
[17:00:57] Saved PC:0x42008693
[17:00:57] SPIWP:0xee
[17:00:57] mode:DIO, clock div:1
[17:00:57] load:0x3fce2820,len:0x1664
[17:00:57] load:0x403c8700,len:0xf38
[17:00:57] load:0x403cb700,len:0x31e8
[17:00:57] entry 0x403c8930
[17:00:57] I (24) boot: ESP-IDF v6.0.2 2nd stage bootloader
[17:00:57] I (24) boot: compile time Aug 16 2026 17:00:38
[17:00:57] I (25) boot: Multicore bootloader
[17:00:57] I (25) boot: chip revision: v0.2
[17:00:57] I (28) boot: efuse block revision: v1.3
[17:00:57] I (31) qio_mode: Enabling default flash chip QIO
[17:00:57] I (36) boot.esp32s3: Boot SPI Speed : 80MHz
[17:00:57] I (39) boot.esp32s3: SPI Mode       : QIO
[17:00:57] I (43) boot.esp32s3: SPI Flash Size : 16MB
[17:00:57] I (47) boot: Enabling RNG early entropy source...
[17:00:57] I (51) boot: Partition Table:
[17:00:57] I (54) boot: ## Label            Usage          Type ST Offset   Length
[17:00:57] I (60) boot:  0 nvs              WiFi data        01 02 00009000 00006000
[17:00:57] I (67) boot:  1 phy_init         RF data          01 01 0000f000 00001000
[17:00:57] I (73) boot:  2 factory          factory app      00 00 00010000 00100000
[17:00:57] I (80) boot:  3 drawing          Unknown data     01 40 00110000 00300000
[17:00:57] I (86) boot:  4 export           Unknown data     01 41 00410000 00500000
[17:00:57] I (93) boot:  5 coredump         Unknown data     01 03 00910000 00010000
[17:00:57] I (100) boot: End of partition table
[17:00:57] I (103) esp_image: segment 0: paddr=00010020 vaddr=3c050020 size=2be0ch (179724) map
[17:00:57] I (138) esp_image: segment 1: paddr=0003be34 vaddr=3fc94500 size=03764h ( 14180) load
[17:00:57] I (141) esp_image: segment 2: paddr=0003f5a0 vaddr=40374000 size=00a78h (  2680) load
[17:00:57] I (143) esp_image: segment 3: paddr=00040020 vaddr=42000020 size=4ecach (322732) map
[17:00:57] I (199) esp_image: segment 4: paddr=0008ecd4 vaddr=40374a78 size=0fa48h ( 64072) load
[17:00:57] I (213) esp_image: segment 5: paddr=0009e724 vaddr=50000000 size=00024h (    36) load
[17:00:57] I (220) boot: Loaded app from partition at offset 0x10000
[17:00:57] I (220) boot: Disabling RNG early entropy source...
[17:00:57] I (230) octal_psram: vendor id    : 0x0d (AP)
[17:00:57] I (231) octal_psram: dev id       : 0x02 (generation 3)
[17:00:57] I (231) octal_psram: density      : 0x03 (64 Mbit)
[17:00:57] I (233) octal_psram: good-die     : 0x01 (Pass)
[17:00:57] I (237) octal_psram: Latency      : 0x01 (Fixed)
[17:00:57] I (241) octal_psram: VCC          : 0x01 (3V)
[17:00:57] I (245) octal_psram: SRF          : 0x01 (Fast Refresh)
[17:00:57] I (250) octal_psram: BurstType    : 0x01 (Hybrid Wrap)
[17:00:57] I (255) octal_psram: BurstLen     : 0x01 (32 Byte)
[17:00:57] I (260) octal_psram: Readlatency  : 0x02 (10 cycles@Fixed)
[17:00:57] I (265) octal_psram: DriveStrength: 0x00 (1/1)
[17:00:57] I (269) MSPI Timing: Enter psram timing tuning
[17:00:57] I (274) esp_psram: Found 8MB PSRAM device
[17:00:57] I (277) esp_psram: Speed: 80MHz
[17:00:57] I (280) cpu_start: Multicore app
[17:00:57] I (696) esp_psram: SPI SRAM memory test OK
[17:00:57] I (704) cpu_start: GPIO 44 and 43 are used as console UART I/O pins
[17:00:57] I (705) cpu_start: Pro cpu start user code
[17:00:57] I (705) cpu_start: cpu freq: 240000000 Hz
[17:00:58] I (706) app_init: Application information:
[17:00:58] I (710) app_init: Project name:     tinydraw_esp32
[17:00:58] I (715) app_init: App version:      f2f6da7-dirty
[17:00:58] I (719) app_init: Compile time:     Aug 16 2026 17:00:30
[17:00:58] I (724) app_init: ELF file SHA256:  d6b7b3910...
[17:00:58] I (729) app_init: ESP-IDF:          v6.0.2
[17:00:58] I (732) efuse_init: Min chip rev:     v0.0
[17:00:58] I (736) efuse_init: Max chip rev:     v0.99 
[17:00:58] I (740) efuse_init: Chip rev:         v0.2
[17:00:58] I (744) heap_init: Initializing. RAM available for dynamic allocation:
[17:00:58] I (750) heap_init: At 3FC99090 len 00050680 (321 KiB): RAM
[17:00:58] I (755) heap_init: At 3FCE9710 len 00005724 (21 KiB): RAM
[17:00:58] I (761) heap_init: At 3FCF0000 len 00008000 (32 KiB): DRAM
[17:00:58] I (766) heap_init: At 600FE000 len 00001FE8 (7 KiB): RTCRAM
[17:00:58] I (771) esp_psram: Adding pool of 8192K of PSRAM memory to heap allocator
[17:00:58] I (778) spi_flash: detected chip: generic
[17:00:58] I (781) spi_flash: flash io: qio
[17:00:58] I (785) sleep_gpio: Configure to isolate all GPIO pins in sleep state
[17:00:58] I (791) sleep_gpio: Enable automatic switching of GPIO sleep configuration
[17:00:58] I (798) main_task: Started on CPU0
[17:00:58] I (801) main_task: Calling app_main()
[17:00:58] TINYDRAW_PRODUCER_SCRATCH supertask_internal=1 slot_directory_internal=0 free_internal=319136 free_psram=1861508
[17:00:58] TINYDRAW_PANEL_HARD_RESET=1
[17:00:58] TINYDRAW_PANEL_TRANSPORT requested_clock_mhz=50 effective_clock_mhz=40
[17:00:58] I (1008) co5300: version: 2.1.0
[17:00:58] I (1008) co5300_spi: LCD panel create success, version: 2.1.0
[17:00:58] W (1093) co5300_spi: The 3Ah command has been used and will be overwritten by external initialization sequence
[17:00:58] I (1194) CST816S: IC id: 183
[17:00:58] TINYDRAW_VECTOR_V2_PRESENTATION experiment=boundary-top-sweep te_edge=rising requested_clock_mhz=50 effective_clock_mhz=40 optical_acceptance=external_manual
[17:00:58] TINYDRAW_LIVE_PRESENT kind=startup zoom=25 x=0 y=0 compose_us=26534 scroll_us=0 exposed_compose_us=0 chrome_us=17707 chrome_prepare_us=12221 chrome_stage_us=5486 read_submit_us=0 read_complete_us=0 transfer_wait_us=21312 tile_pixels=0 uniform_pixels=0 overview_pixels=164864 fallback_pixels=0 resident_tiles=0 fallback_tiles=0 pushes=11 tear_wait_us=16090 tear_edge_isr_to_resume_us=10 tear_edge_observed=1 tear_edge_wait_resumed=1 tear_edge_timeout=0 tear_heal_attempted=0 tear_heal_command_sent=0 presentation_experiment=boundary-top-sweep te_edge=rising requested_clock_mhz=50 effective_clock_mhz=40 frame_reused=0 pass=1
[17:00:59] TINYDRAW_LIVE_STRESS operations=1000 samples=20000 total_us=729020 average_us=729 maximum_us=1043 free_psram=1859920 largest_psram=1835008
[17:00:59] TINYDRAW_LIVE_PRESENT kind=gate_fallback zoom=100 x=0 y=0 compose_us=11610 scroll_us=0 exposed_compose_us=0 chrome_us=11742 chrome_prepare_us=6929 chrome_stage_us=4813 read_submit_us=27730 read_complete_us=31203 transfer_wait_us=21252 tile_pixels=0 uniform_pixels=0 overview_pixels=0 fallback_pixels=164864 resident_tiles=0 fallback_tiles=42 pushes=11 tear_wait_us=9062 tear_edge_isr_to_resume_us=13 tear_edge_observed=1 tear_edge_wait_resumed=1 tear_edge_timeout=0 tear_heal_attempted=0 tear_heal_command_sent=0 presentation_experiment=boundary-top-sweep te_edge=rising requested_clock_mhz=50 effective_clock_mhz=40 frame_reused=0 pass=1
[17:00:59] TINYDRAW_GATE1_HARD zoom=100 cold=1 operations=1000 samples=20000 steps=196 tiles=42 scanned=12000 rendered=1585 max_supertask_us=6326 presentation_us=72375 total_us=266995 maximum_wall_us=500000 pass=1
[17:01:00] TINYDRAW_LIVE_PRESENT kind=gate_fallback zoom=400 x=0 y=0 compose_us=10989 scroll_us=0 exposed_compose_us=0 chrome_us=7003 chrome_prepare_us=2442 chrome_stage_us=4561 read_submit_us=27955 read_complete_us=31711 transfer_wait_us=20691 tile_pixels=0 uniform_pixels=0 overview_pixels=0 fallback_pixels=164864 resident_tiles=0 fallback_tiles=42 pushes=11 tear_wait_us=14401 tear_edge_isr_to_resume_us=14 tear_edge_observed=1 tear_edge_wait_resumed=1 tear_edge_timeout=0 tear_heal_attempted=0 tear_heal_command_sent=0 presentation_experiment=boundary-top-sweep te_edge=rising requested_clock_mhz=50 effective_clock_mhz=40 frame_reused=0 pass=1
[17:01:00] TINYDRAW_GATE1_HARD zoom=400 cold=1 operations=1000 samples=20000 steps=200 tiles=42 scanned=12000 rendered=122 max_supertask_us=4481 presentation_us=67401 total_us=160789 maximum_wall_us=500000 pass=1
[17:01:00] TINYDRAW_OVERLAP_WORKLOAD operations=8 samples=1200 radius_world=80
[17:01:01] TINYDRAW_GATE1_PACED_COLD corpus=overlap zoom=50 x=215 y=255 steps=604 tiles=56 compute_us=441941 present_us=81580 touch_us=1150 pacing_us=19719 wall_us=544390 maximum_wall_us=500000 max_tick_us=9470 touch_samples=2716 touch_interval_max_us=1959 touch_read_max_us=604 touch_events=0 touch_down=0 touch_up=0 touch_events_ge_8ms=0 touch_event_age_max_us=0 touch_errors=0 touch_overflows=0 pass=0
[17:01:01] TINYDRAW_GATE1_PACED_COLD corpus=overlap zoom=100 x=583 y=703 steps=303 tiles=48 compute_us=237157 present_us=77816 touch_us=695 pacing_us=10305 wall_us=325973 maximum_wall_us=500000 max_tick_us=9644 touch_samples=402 touch_interval_max_us=1920 touch_read_max_us=510 touch_events=0 touch_down=0 touch_up=0 touch_events_ge_8ms=0 touch_event_age_max_us=0 touch_errors=0 touch_overflows=0 pass=1
[17:01:02] TINYDRAW_GATE1_PACED_COLD corpus=overlap zoom=200 x=1319 y=1599 steps=212 tiles=56 compute_us=206638 present_us=76676 touch_us=638 pacing_us=8020 wall_us=291972 maximum_wall_us=500000 max_tick_us=9995 touch_samples=365 touch_interval_max_us=1994 touch_read_max_us=520 touch_events=0 touch_down=0 touch_up=0 touch_events_ge_8ms=0 touch_event_age_max_us=0 touch_errors=0 touch_overflows=0 pass=1
[17:01:02] TINYDRAW_GATE1_PACED_COLD corpus=overlap zoom=400 x=2791 y=3391 steps=137 tiles=56 compute_us=167035 present_us=74942 touch_us=544 pacing_us=7451 wall_us=249972 maximum_wall_us=500000 max_tick_us=8839 touch_samples=328 touch_interval_max_us=1859 touch_read_max_us=462 touch_events=0 touch_down=0 touch_up=0 touch_events_ge_8ms=0 touch_event_age_max_us=0 touch_errors=0 touch_overflows=0 pass=1
[17:01:02] TINYDRAW_ADVERSARIAL_TAPERED_WORKLOAD operations=128 samples=4096 erasers=12 load_us=214673 appended=1
[17:01:03] TINYDRAW_GENERAL_COLD_WORKLOAD operations=910 samples=12157 hairline_operations=782 hairline_samples=8061 hairline_load_us=1111407 appended=1
[17:01:04] TINYDRAW_GATE1_PACED_COLD corpus=adversarial_tapered_4x+evil_hairlines zoom=50 x=0 y=0 steps=396 tiles=42 compute_us=396076 present_us=70715 touch_us=913 pacing_us=14498 wall_us=482202 maximum_wall_us=500000 max_tick_us=8359 touch_samples=1714 touch_interval_max_us=2063 touch_read_max_us=542 touch_events=0 touch_down=0 touch_up=0 touch_events_ge_8ms=0 touch_event_age_max_us=0 touch_errors=0 touch_overflows=0 pass=1
[17:01:05] TINYDRAW_GATE1_PACED_COLD corpus=adversarial_tapered_4x+evil_hairlines zoom=100 x=0 y=0 steps=702 tiles=42 compute_us=429529 present_us=67098 touch_us=1087 pacing_us=14235 wall_us=511949 maximum_wall_us=500000 max_tick_us=8466 touch_samples=585 touch_interval_max_us=1515 touch_read_max_us=465 touch_events=0 touch_down=0 touch_up=0 touch_events_ge_8ms=0 touch_event_age_max_us=0 touch_errors=0 touch_overflows=0 pass=0
[17:01:05] TINYDRAW_GATE1_PACED_COLD corpus=adversarial_tapered_4x+evil_hairlines zoom=200 x=0 y=0 steps=1140 tiles=42 compute_us=561652 present_us=64627 touch_us=1317 pacing_us=22771 wall_us=650367 maximum_wall_us=500000 max_tick_us=7860 touch_samples=726 touch_interval_max_us=1541 touch_read_max_us=467 touch_events=0 touch_down=0 touch_up=0 touch_events_ge_8ms=0 touch_event_age_max_us=0 touch_errors=0 touch_overflows=0 pass=0
[17:01:06] TINYDRAW_GATE1_PACED_COLD corpus=adversarial_tapered_4x+evil_hairlines zoom=400 x=0 y=0 steps=1123 tiles=42 compute_us=547928 present_us=64167 touch_us=1263 pacing_us=22114 wall_us=635472 maximum_wall_us=500000 max_tick_us=7934 touch_samples=707 touch_interval_max_us=1814 touch_read_max_us=490 touch_events=0 touch_down=0 touch_up=0 touch_events_ge_8ms=0 touch_event_age_max_us=0 touch_errors=0 touch_overflows=0 pass=0
[17:01:07] TINYDRAW_GATE1_WORKLOAD kind=realistic seed=7 operations=1000 samples=19844 maximum_stroke=198 load_us=550373 raw_source=1 lod_copies=0
[17:01:07] TINYDRAW_GATE1_PACED_COLD corpus=seed7 zoom=400 x=63 y=63 steps=325 tiles=56 compute_us=205096 present_us=80675 touch_us=574 pacing_us=5626 wall_us=291971 maximum_wall_us=500000 max_tick_us=9639 touch_samples=1015 touch_interval_max_us=2004 touch_read_max_us=543 touch_events=0 touch_down=0 touch_up=0 touch_events_ge_8ms=0 touch_event_age_max_us=0 touch_errors=0 touch_overflows=0 pass=1
[17:01:07] TINYDRAW_LIVE_PRESENT kind=gate_fallback zoom=100 x=0 y=0 compose_us=11589 scroll_us=0 exposed_compose_us=0 chrome_us=7226 chrome_prepare_us=2376 chrome_stage_us=4850 read_submit_us=17627 read_complete_us=21365 transfer_wait_us=21399 tile_pixels=0 uniform_pixels=0 overview_pixels=0 fallback_pixels=164864 resident_tiles=0 fallback_tiles=42 pushes=11 tear_wait_us=3528 tear_edge_isr_to_resume_us=15 tear_edge_observed=1 tear_edge_wait_resumed=1 tear_edge_timeout=0 tear_heal_attempted=0 tear_heal_command_sent=0 presentation_experiment=boundary-top-sweep te_edge=rising requested_clock_mhz=50 effective_clock_mhz=40 frame_reused=0 pass=1
[17:01:07] TINYDRAW_GATE1_HARD zoom=100 cold=1 operations=1000 samples=19844 steps=386 tiles=42 scanned=12000 rendered=4945 max_supertask_us=5325 presentation_us=70909 total_us=398161 maximum_wall_us=500000 pass=1
[17:01:08] TINYDRAW_GATE1_OVERLAY_CANVAS regions=zoom,minimap,toolbar,battery operations=4 presentation_mutations=0 authority=1 pass=1
[17:01:08] TINYDRAW_GATE1_LIVE_OVERLAY clear_updates=48 clear_wall_max_us=3947 clear_submit_max_us=2156 clear_complete_max_us=3092 overlay_updates=48 overlay_wall_max_us=3924 overlay_submit_max_us=2052 overlay_complete_max_us=3179 overlay_chrome_max_us=237 clear_failures=0 overlay_failures=0 pass=1
[17:01:08] TINYDRAW_EDGE_INK corners=4 edge_failures=0 pass=1
[17:01:08] TINYDRAW_GATE1_PAN zoom=100 from_x=0 from_y=0 to_x=88 to_y=88 compose_us=16048 scroll_us=10 exposed_compose_us=16038 chrome_us=2600 event_submit_us=29260 event_complete_us=32632 transfer_us=16746 setup=1 present=1 moved=1 frame_reused=1 pass=1
[17:01:09] TINYDRAW_LIVE_PRESENT kind=gate_fallback zoom=400 x=0 y=0 compose_us=10974 scroll_us=0 exposed_compose_us=0 chrome_us=7006 chrome_prepare_us=2397 chrome_stage_us=4609 read_submit_us=23142 read_complete_us=26894 transfer_wait_us=21270 tile_pixels=0 uniform_pixels=0 overview_pixels=0 fallback_pixels=164864 resident_tiles=0 fallback_tiles=42 pushes=11 tear_wait_us=9644 tear_edge_isr_to_resume_us=13 tear_edge_observed=1 tear_edge_wait_resumed=1 tear_edge_timeout=0 tear_heal_attempted=0 tear_heal_command_sent=0 presentation_experiment=boundary-top-sweep te_edge=rising requested_clock_mhz=50 effective_clock_mhz=40 frame_reused=0 pass=1
[17:01:09] TINYDRAW_GATE1_HARD zoom=400 cold=1 operations=1008 samples=19852 steps=248 tiles=42 scanned=12096 rendered=551 max_supertask_us=6431 presentation_us=69643 total_us=222621 maximum_wall_us=500000 pass=1
[17:01:09] TINYDRAW_GATE1_PAN zoom=400 from_x=0 from_y=0 to_x=88 to_y=88 compose_us=16030 scroll_us=11 exposed_compose_us=16019 chrome_us=2450 event_submit_us=29166 event_complete_us=32551 transfer_us=16841 setup=1 present=1 moved=1 frame_reused=1 pass=1
[17:01:12] TINYDRAW_PANSEQ_FRAME zoom=100 step=0 dx=24 dy=18 scroll_us=10 exposed_compose_us=4562 chrome_us=2609 tear_wait_us=7706 present_us=16559 prepare_us=11337 acquire_wait_us=20 ring_copy_us=8663 patch_us=2654 byte_swap_us=20 staging_us=3613 event_submit_us=12415 event_complete_us=15745 frame_us=28974 tear_edge_observed=1 frame_reused=1 pass=1
[17:01:12] TINYDRAW_PANSEQ_FRAME zoom=100 step=1 dx=24 dy=18 scroll_us=10 exposed_compose_us=4624 chrome_us=2577 tear_wait_us=12231 present_us=16924 prepare_us=11389 acquire_wait_us=37 ring_copy_us=8742 patch_us=2617 byte_swap_us=30 staging_us=3601 event_submit_us=16986 event_complete_us=20302 frame_us=33922 tear_edge_observed=1 frame_reused=1 pass=1
[17:01:12] TINYDRAW_PANSEQ_FRAME zoom=100 step=2 dx=24 dy=18 scroll_us=11 exposed_compose_us=4238 chrome_us=2574 tear_wait_us=12294 present_us=16265 prepare_us=11415 acquire_wait_us=22 ring_copy_us=8783 patch_us=2612 byte_swap_us=20 staging_us=3559 event_submit_us=16679 event_complete_us=19982 frame_us=32934 tear_edge_observed=1 frame_reused=1 pass=1
[17:01:12] TINYDRAW_PANSEQ_FRAME zoom=100 step=3 dx=24 dy=18 scroll_us=10 exposed_compose_us=4783 chrome_us=2589 tear_wait_us=12392 present_us=16625 prepare_us=11348 acquire_wait_us=28 ring_copy_us=8691 patch_us=2637 byte_swap_us=20 staging_us=3642 event_submit_us=17296 event_complete_us=20610 frame_us=33933 tear_edge_observed=1 frame_reused=1 pass=1
[17:01:12] TINYDRAW_PANSEQ_FRAME zoom=100 step=4 dx=24 dy=18 scroll_us=11 exposed_compose_us=4287 chrome_us=2588 tear_wait_us=12529 present_us=15993 prepare_us=11448 acquire_wait_us=23 ring_copy_us=8790 patch_us=2638 byte_swap_us=20 staging_us=3575 event_submit_us=16943 event_complete_us=20279 frame_us=32947 tear_edge_observed=1 frame_reused=1 pass=1
[17:01:12] TINYDRAW_PANSEQ_FRAME zoom=100 step=5 dx=24 dy=18 scroll_us=10 exposed_compose_us=4584 chrome_us=2601 tear_wait_us=12851 present_us=16330 prepare_us=11361 acquire_wait_us=24 ring_copy_us=8715 patch_us=2626 byte_swap_us=20 staging_us=3596 event_submit_us=17577 event_complete_us=20882 frame_us=33919 tear_edge_observed=1 frame_reused=1 pass=1
[17:01:12] TINYDRAW_PANSEQ_FRAME zoom=100 step=6 dx=24 dy=18 scroll_us=11 exposed_compose_us=4234 chrome_us=2584 tear_wait_us=12879 present_us=16684 prepare_us=11454 acquire_wait_us=29 ring_copy_us=8806 patch_us=2628 byte_swap_us=20 staging_us=3589 event_submit_us=17239 event_complete_us=20602 frame_us=33934 tear_edge_observed=1 frame_reused=1 pass=1
[17:01:12] TINYDRAW_PANSEQ_FRAME zoom=100 step=7 dx=24 dy=18 scroll_us=10 exposed_compose_us=4621 chrome_us=2623 tear_wait_us=12143 present_us=16021 prepare_us=11428 acquire_wait_us=25 ring_copy_us=8739 patch_us=2665 byte_swap_us=24 staging_us=3575 event_submit_us=16905 event_complete_us=20227 frame_us=32932 tear_edge_observed=1 frame_reused=1 pass=1
[17:01:12] TINYDRAW_PANSEQ_FRAME zoom=100 step=8 dx=24 dy=18 scroll_us=11 exposed_compose_us=4553 chrome_us=2609 tear_wait_us=12883 present_us=16361 prepare_us=11451 acquire_wait_us=23 ring_copy_us=8771 patch_us=2661 byte_swap_us=19 staging_us=3516 event_submit_us=17564 event_complete_us=20881 frame_us=33935 tear_edge_observed=1 frame_reused=1 pass=1
[17:01:12] TINYDRAW_PANSEQ_FRAME zoom=100 step=9 dx=24 dy=18 scroll_us=10 exposed_compose_us=4572 chrome_us=2592 tear_wait_us=12515 present_us=16701 prepare_us=11424 acquire_wait_us=32 ring_copy_us=8766 patch_us=2637 byte_swap_us=21 staging_us=3607 event_submit_us=17220 event_complete_us=20567 frame_us=33932 tear_edge_observed=1 frame_reused=1 pass=1
[17:01:12] TINYDRAW_PANSEQ_FRAME zoom=100 step=10 dx=24 dy=18 scroll_us=10 exposed_compose_us=4220 chrome_us=2610 tear_wait_us=12519 present_us=16050 prepare_us=11480 acquire_wait_us=33 ring_copy_us=8805 patch_us=2652 byte_swap_us=23 staging_us=3533 event_submit_us=16873 event_complete_us=20214 frame_us=32927 tear_edge_observed=1 frame_reused=1 pass=1
[17:01:12] TINYDRAW_PANSEQ_FRAME zoom=100 step=11 dx=24 dy=18 scroll_us=10 exposed_compose_us=4803 chrome_us=2626 tear_wait_us=12615 present_us=16375 prepare_us=11430 acquire_wait_us=22 ring_copy_us=8740 patch_us=2664 byte_swap_us=26 staging_us=3547 event_submit_us=17546 event_complete_us=20855 frame_us=33932 tear_edge_observed=1 frame_reused=1 pass=1
[17:01:12] TINYDRAW_PANSEQ_FRAME zoom=100 step=12 dx=24 dy=18 scroll_us=11 exposed_compose_us=4286 chrome_us=2612 tear_wait_us=12790 present_us=16723 prepare_us=11479 acquire_wait_us=24 ring_copy_us=8798 patch_us=2662 byte_swap_us=19 staging_us=3567 event_submit_us=17202 event_complete_us=20559 frame_us=33935 tear_edge_observed=1 frame_reused=1 pass=1
[17:01:12] TINYDRAW_PANSEQ_FRAME zoom=100 step=13 dx=24 dy=18 scroll_us=10 exposed_compose_us=4546 chrome_us=2623 tear_wait_us=12166 present_us=16075 prepare_us=11446 acquire_wait_us=23 ring_copy_us=8752 patch_us=2671 byte_swap_us=23 staging_us=3550 event_submit_us=16835 event_complete_us=20168 frame_us=32921 tear_edge_observed=1 frame_reused=1 pass=1
[17:01:12] TINYDRAW_PANSEQ_FRAME zoom=100 step=14 dx=24 dy=18 scroll_us=11 exposed_compose_us=4246 chrome_us=2661 tear_wait_us=13120 present_us=16434 prepare_us=11491 acquire_wait_us=29 ring_copy_us=8755 patch_us=2715 byte_swap_us=21 staging_us=3526 event_submit_us=17496 event_complete_us=20841 frame_us=33935 tear_edge_observed=1 frame_reused=1 pass=1
[17:01:12] TINYDRAW_PANSEQ_FRAME zoom=100 step=15 dx=24 dy=18 scroll_us=10 exposed_compose_us=4644 chrome_us=2639 tear_wait_us=12348 present_us=16803 prepare_us=11440 acquire_wait_us=20 ring_copy_us=8740 patch_us=2680 byte_swap_us=20 staging_us=3573 event_submit_us=17119 event_complete_us=20465 frame_us=33943 tear_edge_observed=1 frame_reused=1 pass=1
[17:01:12] TINYDRAW_PANSEQ_FRAME zoom=100 step=16 dx=72 dy=54 scroll_us=10 exposed_compose_us=12138 chrome_us=2580 tear_wait_us=4491 present_us=16156 prepare_us=11397 acquire_wait_us=23 ring_copy_us=8753 patch_us=2622 byte_swap_us=22 staging_us=3586 event_submit_us=16759 event_complete_us=20077 frame_us=32924 tear_edge_observed=1 frame_reused=1 pass=1
[17:01:12] TINYDRAW_PANSEQ_FRAME zoom=100 step=17 dx=72 dy=54 scroll_us=10 exposed_compose_us=12123 chrome_us=2641 tear_wait_us=5166 present_us=16507 prepare_us=11310 acquire_wait_us=23 ring_copy_us=8612 patch_us=2678 byte_swap_us=20 staging_us=3614 event_submit_us=17440 event_complete_us=20720 frame_us=33933 tear_edge_observed=1 frame_reused=1 pass=1
[17:01:12] TINYDRAW_PANSEQ_FRAME zoom=100 step=18 dx=72 dy=54 scroll_us=11 exposed_compose_us=10408 chrome_us=2601 tear_wait_us=6509 present_us=16870 prepare_us=11408 acquire_wait_us=28 ring_copy_us=8755 patch_us=2632 byte_swap_us=21 staging_us=3598 event_submit_us=17056 event_complete_us=20393 frame_us=33935 tear_edge_observed=1 frame_reused=1 pass=1
[17:01:12] TINYDRAW_PANSEQ_FRAME zoom=100 step=19 dx=72 dy=54 scroll_us=10 exposed_compose_us=10414 chrome_us=2553 tear_wait_us=6152 present_us=16221 prepare_us=11318 acquire_wait_us=21 ring_copy_us=8706 patch_us=2591 byte_swap_us=21 staging_us=3631 event_submit_us=16700 event_complete_us=19970 frame_us=32930 tear_edge_observed=1 frame_reused=1 pass=1
[17:01:12] TINYDRAW_PANSEQ_FRAME zoom=100 step=20 dx=-72 dy=-54 scroll_us=11 exposed_compose_us=11990 chrome_us=2576 tear_wait_us=5217 present_us=16591 prepare_us=11343 acquire_wait_us=24 ring_copy_us=8691 patch_us=2630 byte_swap_us=22 staging_us=3614 event_submit_us=17335 event_complete_us=20627 frame_us=33936 tear_edge_observed=1 frame_reused=1 pass=1
[17:01:12] TINYDRAW_PANSEQ_FRAME zoom=100 step=21 dx=-72 dy=-54 scroll_us=10 exposed_compose_us=12075 chrome_us=2588 tear_wait_us=4777 present_us=15956 prepare_us=11369 acquire_wait_us=22 ring_copy_us=8708 patch_us=2641 byte_swap_us=20 staging_us=3615 event_submit_us=16977 event_complete_us=20271 frame_us=32943 tear_edge_observed=1 frame_reused=1 pass=1
[17:01:13] TINYDRAW_PANSEQ_FRAME zoom=100 step=22 dx=-72 dy=-54 scroll_us=11 exposed_compose_us=12126 chrome_us=2560 tear_wait_us=5355 present_us=16306 prepare_us=11386 acquire_wait_us=25 ring_copy_us=8763 patch_us=2603 byte_swap_us=20 staging_us=3593 event_submit_us=17608 event_complete_us=20924 frame_us=33924 tear_edge_observed=1 frame_reused=1 pass=1
[17:01:13] TINYDRAW_PANSEQ_FRAME zoom=100 step=23 dx=-72 dy=-54 scroll_us=10 exposed_compose_us=11787 chrome_us=2600 tear_wait_us=5333 present_us=16669 prepare_us=11392 acquire_wait_us=28 ring_copy_us=8736 patch_us=2636 byte_swap_us=20 staging_us=3601 event_submit_us=17253 event_complete_us=20576 frame_us=33932 tear_edge_observed=1 frame_reused=1 pass=1
[17:01:13] TINYDRAW_PANSEQ_STRIP zoom=100 strip=0 panel_y=0 rows=44 samples=24 staging_mean_us=1458 staging_max_us=1509 wire_budget_us=1619 over_budget_us=0 pass=1
[17:01:13] TINYDRAW_PANSEQ_STRIP zoom=100 strip=1 panel_y=44 rows=44 samples=24 staging_mean_us=1304 staging_max_us=1348 wire_budget_us=1619 over_budget_us=0 pass=1
[17:01:13] TINYDRAW_PANSEQ_STRIP zoom=100 strip=2 panel_y=88 rows=44 samples=24 staging_mean_us=1258 staging_max_us=1284 wire_budget_us=1619 over_budget_us=0 pass=1
[17:01:13] TINYDRAW_PANSEQ_STRIP zoom=100 strip=3 panel_y=132 rows=44 samples=24 staging_mean_us=1256 staging_max_us=1285 wire_budget_us=1619 over_budget_us=0 pass=1
[17:01:13] TINYDRAW_PANSEQ_STRIP zoom=100 strip=4 panel_y=176 rows=44 samples=24 staging_mean_us=1254 staging_max_us=1282 wire_budget_us=1619 over_budget_us=0 pass=1
[17:01:13] TINYDRAW_PANSEQ_STRIP zoom=100 strip=5 panel_y=220 rows=44 samples=24 staging_mean_us=1280 staging_max_us=1310 wire_budget_us=1619 over_budget_us=0 pass=1
[17:01:13] TINYDRAW_PANSEQ_STRIP zoom=100 strip=6 panel_y=264 rows=44 samples=24 staging_mean_us=1464 staging_max_us=1503 wire_budget_us=1619 over_budget_us=0 pass=1
[17:01:13] TINYDRAW_PANSEQ_STRIP zoom=100 strip=7 panel_y=308 rows=44 samples=24 staging_mean_us=1458 staging_max_us=1489 wire_budget_us=1619 over_budget_us=0 pass=1
[17:01:13] TINYDRAW_PANSEQ_STRIP zoom=100 strip=8 panel_y=352 rows=20 samples=24 staging_mean_us=695 staging_max_us=732 wire_budget_us=736 over_budget_us=0 pass=1
[17:01:13] TINYDRAW_GATE1_PANSEQ zoom=100 frames=24 scroll_avg_us=10 exposed_avg_us=6869 chrome_avg_us=2600 tear_wait_avg_us=9957 present_avg_us=16424 prepare_avg_us=11406 acquire_wait_avg_us=25 ring_copy_avg_us=8740 patch_avg_us=2643 byte_swap_avg_us=21 staging_avg_us=3584 frame_avg_us=33392 frame_p50_us=33924 frame_p95_us=33936 frame_max_us=33943 complete_p50_us=20465 complete_p95_us=20882 complete_max_us=20924 tear_edge_failures=0 presentation_experiment=boundary-top-sweep te_edge=rising requested_clock_mhz=50 effective_clock_mhz=40 chrome_bottom_redraws=0 chrome_battery_redraws=0 chrome_zoom_redraws=0 chrome_minimap_base_redraws=0 strip_samples=216 staging_mean_us=1270 staging_max_us=1509 worst_strip=8 worst_strip_y=352 worst_wire_budget_us=736 worst_headroom_us=4 staging_invariant=1 pacing_pass=1 all_reused=1 pass=1
[17:01:15] TINYDRAW_PANSEQ_FRAME zoom=400 step=0 dx=24 dy=18 scroll_us=11 exposed_compose_us=4527 chrome_us=2389 tear_wait_us=7960 present_us=16339 prepare_us=11203 acquire_wait_us=23 ring_copy_us=8743 patch_us=2439 byte_swap_us=21 staging_us=3787 event_submit_us=12633 event_complete_us=15969 frame_us=28973 tear_edge_observed=1 frame_reused=1 pass=1
[17:01:15] TINYDRAW_PANSEQ_FRAME zoom=400 step=1 dx=24 dy=18 scroll_us=10 exposed_compose_us=4574 chrome_us=2440 tear_wait_us=12466 present_us=16731 prepare_us=11275 acquire_wait_us=22 ring_copy_us=8784 patch_us=2472 byte_swap_us=19 staging_us=3783 event_submit_us=17182 event_complete_us=20547 frame_us=33924 tear_edge_observed=1 frame_reused=1 pass=1
[17:01:15] TINYDRAW_PANSEQ_FRAME zoom=400 step=2 dx=24 dy=18 scroll_us=10 exposed_compose_us=4238 chrome_us=2412 tear_wait_us=12431 present_us=16119 prepare_us=11278 acquire_wait_us=21 ring_copy_us=8796 patch_us=2459 byte_swap_us=23 staging_us=3731 event_submit_us=16798 event_complete_us=20161 frame_us=32927 tear_edge_observed=1 frame_reused=1 pass=1
[17:01:15] TINYDRAW_PANSEQ_FRAME zoom=400 step=3 dx=24 dy=18 scroll_us=10 exposed_compose_us=4786 chrome_us=2510 tear_wait_us=12512 present_us=16491 prepare_us=11234 acquire_wait_us=23 ring_copy_us=8671 patch_us=2544 byte_swap_us=19 staging_us=3761 event_submit_us=17441 event_complete_us=20771 frame_us=33930 tear_edge_observed=1 frame_reused=1 pass=1
[17:01:15] TINYDRAW_PANSEQ_FRAME zoom=400 step=4 dx=24 dy=18 scroll_us=10 exposed_compose_us=4289 chrome_us=2416 tear_wait_us=12638 present_us=16870 prepare_us=11213 acquire_wait_us=23 ring_copy_us=8734 patch_us=2458 byte_swap_us=21 staging_us=3811 event_submit_us=17055 event_complete_us=20411 frame_us=33936 tear_edge_observed=1 frame_reused=1 pass=1
[17:01:15] TINYDRAW_PANSEQ_FRAME zoom=400 step=5 dx=24 dy=18 scroll_us=10 exposed_compose_us=4605 chrome_us=2414 tear_wait_us=11935 present_us=16240 prepare_us=11211 acquire_wait_us=23 ring_copy_us=8754 patch_us=2436 byte_swap_us=21 staging_us=3770 event_submit_us=16687 event_complete_us=19990 frame_us=32930 tear_edge_observed=1 frame_reused=1 pass=1
[17:01:15] TINYDRAW_PANSEQ_FRAME zoom=400 step=6 dx=24 dy=18 scroll_us=11 exposed_compose_us=4228 chrome_us=2404 tear_wait_us=12943 present_us=16630 prepare_us=11211 acquire_wait_us=30 ring_copy_us=8741 patch_us=2450 byte_swap_us=20 staging_us=3806 event_submit_us=17295 event_complete_us=20634 frame_us=33936 tear_edge_observed=1 frame_reused=1 pass=1
[17:01:15] TINYDRAW_PANSEQ_FRAME zoom=400 step=7 dx=24 dy=18 scroll_us=10 exposed_compose_us=4558 chrome_us=2465 tear_wait_us=12210 present_us=16006 prepare_us=11236 acquire_wait_us=25 ring_copy_us=8716 patch_us=2499 byte_swap_us=21 staging_us=3768 event_submit_us=16916 event_complete_us=20235 frame_us=32933 tear_edge_observed=1 frame_reused=1 pass=1
[17:01:15] TINYDRAW_PANSEQ_FRAME zoom=400 step=8 dx=24 dy=18 scroll_us=10 exposed_compose_us=4556 chrome_us=2423 tear_wait_us=12847 present_us=16395 prepare_us=11242 acquire_wait_us=24 ring_copy_us=8747 patch_us=2475 byte_swap_us=20 staging_us=3738 event_submit_us=17527 event_complete_us=20848 frame_us=33933 tear_edge_observed=1 frame_reused=1 pass=1
[17:01:15] TINYDRAW_PANSEQ_FRAME zoom=400 step=9 dx=24 dy=18 scroll_us=10 exposed_compose_us=4570 chrome_us=2433 tear_wait_us=12455 present_us=16774 prepare_us=11264 acquire_wait_us=21 ring_copy_us=8762 patch_us=2483 byte_swap_us=19 staging_us=3744 event_submit_us=17151 event_complete_us=20485 frame_us=33943 tear_edge_observed=1 frame_reused=1 pass=1
[17:01:15] TINYDRAW_PANSEQ_FRAME zoom=400 step=10 dx=24 dy=18 scroll_us=10 exposed_compose_us=4233 chrome_us=2416 tear_wait_us=12399 present_us=16156 prepare_us=11271 acquire_wait_us=24 ring_copy_us=8794 patch_us=2456 byte_swap_us=21 staging_us=3737 event_submit_us=16757 event_complete_us=20096 frame_us=32924 tear_edge_observed=1 frame_reused=1 pass=1
[17:01:15] TINYDRAW_PANSEQ_FRAME zoom=400 step=11 dx=24 dy=18 scroll_us=10 exposed_compose_us=4821 chrome_us=2471 tear_wait_us=12433 present_us=16536 prepare_us=11149 acquire_wait_us=22 ring_copy_us=8623 patch_us=2505 byte_swap_us=21 staging_us=3822 event_submit_us=17402 event_complete_us=20727 frame_us=33933 tear_edge_observed=1 frame_reused=1 pass=1
[17:01:15] TINYDRAW_PANSEQ_FRAME zoom=400 step=12 dx=24 dy=18 scroll_us=10 exposed_compose_us=4278 chrome_us=2412 tear_wait_us=12607 present_us=16909 prepare_us=11216 acquire_wait_us=45 ring_copy_us=8738 patch_us=2458 byte_swap_us=20 staging_us=3817 event_submit_us=17015 event_complete_us=20372 frame_us=33934 tear_edge_observed=1 frame_reused=1 pass=1
[17:01:15] TINYDRAW_PANSEQ_FRAME zoom=400 step=13 dx=24 dy=18 scroll_us=10 exposed_compose_us=4594 chrome_us=2407 tear_wait_us=11911 present_us=16273 prepare_us=11193 acquire_wait_us=22 ring_copy_us=8749 patch_us=2423 byte_swap_us=21 staging_us=3793 event_submit_us=16672 event_complete_us=19975 frame_us=32932 tear_edge_observed=1 frame_reused=1 pass=1
[17:01:15] TINYDRAW_PANSEQ_FRAME zoom=400 step=14 dx=24 dy=18 scroll_us=10 exposed_compose_us=4245 chrome_us=2383 tear_wait_us=12903 present_us=16652 prepare_us=11225 acquire_wait_us=28 ring_copy_us=8771 patch_us=2434 byte_swap_us=20 staging_us=3794 event_submit_us=17273 event_complete_us=20623 frame_us=33935 tear_edge_observed=1 frame_reused=1 pass=1
[17:01:15] TINYDRAW_PANSEQ_FRAME zoom=400 step=15 dx=24 dy=18 scroll_us=10 exposed_compose_us=4619 chrome_us=2444 tear_wait_us=12133 present_us=16022 prepare_us=11228 acquire_wait_us=24 ring_copy_us=8731 patch_us=2477 byte_swap_us=20 staging_us=3742 event_submit_us=16906 event_complete_us=20208 frame_us=32933 tear_edge_observed=1 frame_reused=1 pass=1
[17:01:15] TINYDRAW_PANSEQ_FRAME zoom=400 step=16 dx=72 dy=54 scroll_us=10 exposed_compose_us=12140 chrome_us=2464 tear_wait_us=5261 present_us=16409 prepare_us=11255 acquire_wait_us=25 ring_copy_us=8711 patch_us=2522 byte_swap_us=22 staging_us=3728 event_submit_us=17515 event_complete_us=20828 frame_us=33934 tear_edge_observed=1 frame_reused=1 pass=1
[17:01:15] TINYDRAW_PANSEQ_FRAME zoom=400 step=17 dx=72 dy=54 scroll_us=10 exposed_compose_us=11928 chrome_us=2458 tear_wait_us=5065 present_us=16812 prepare_us=11236 acquire_wait_us=23 ring_copy_us=8713 patch_us=2501 byte_swap_us=22 staging_us=3764 event_submit_us=17120 event_complete_us=20456 frame_us=33942 tear_edge_observed=1 frame_reused=1 pass=1
[17:01:15] TINYDRAW_PANSEQ_FRAME zoom=400 step=18 dx=72 dy=54 scroll_us=10 exposed_compose_us=11843 chrome_us=2384 tear_wait_us=4754 present_us=16190 prepare_us=11195 acquire_wait_us=23 ring_copy_us=8741 patch_us=2433 byte_swap_us=21 staging_us=3772 event_submit_us=16723 event_complete_us=20028 frame_us=32924 tear_edge_observed=1 frame_reused=1 pass=1
[17:01:15] TINYDRAW_PANSEQ_FRAME zoom=400 step=19 dx=72 dy=54 scroll_us=10 exposed_compose_us=12054 chrome_us=2424 tear_wait_us=5168 present_us=16577 prepare_us=11131 acquire_wait_us=30 ring_copy_us=8648 patch_us=2463 byte_swap_us=20 staging_us=3836 event_submit_us=17347 event_complete_us=20675 frame_us=33934 tear_edge_observed=1 frame_reused=1 pass=1
[17:01:15] TINYDRAW_PANSEQ_FRAME zoom=400 step=20 dx=-72 dy=-54 scroll_us=11 exposed_compose_us=12196 chrome_us=2372 tear_wait_us=4672 present_us=15940 prepare_us=11175 acquire_wait_us=22 ring_copy_us=8739 patch_us=2416 byte_swap_us=20 staging_us=3793 event_submit_us=16997 event_complete_us=20296 frame_us=32946 tear_edge_observed=1 frame_reused=1 pass=1
[17:01:15] TINYDRAW_PANSEQ_FRAME zoom=400 step=21 dx=-72 dy=-54 scroll_us=10 exposed_compose_us=12090 chrome_us=2406 tear_wait_us=5384 present_us=16311 prepare_us=11187 acquire_wait_us=25 ring_copy_us=8716 patch_us=2451 byte_swap_us=20 staging_us=3763 event_submit_us=17598 event_complete_us=20890 frame_us=33919 tear_edge_observed=1 frame_reused=1 pass=1
[17:01:15] TINYDRAW_PANSEQ_FRAME zoom=400 step=22 dx=-72 dy=-54 scroll_us=11 exposed_compose_us=12140 chrome_us=2425 tear_wait_us=4947 present_us=16711 prepare_us=11272 acquire_wait_us=24 ring_copy_us=8781 patch_us=2471 byte_swap_us=20 staging_us=3738 event_submit_us=17216 event_complete_us=20548 frame_us=33936 tear_edge_observed=1 frame_reused=1 pass=1
[17:01:15] TINYDRAW_PANSEQ_FRAME zoom=400 step=23 dx=-72 dy=-54 scroll_us=10 exposed_compose_us=11777 chrome_us=2432 tear_wait_us=4918 present_us=16084 prepare_us=11214 acquire_wait_us=23 ring_copy_us=8712 patch_us=2479 byte_swap_us=23 staging_us=3755 event_submit_us=16829 event_complete_us=20141 frame_us=32923 tear_edge_observed=1 frame_reused=1 pass=1
[17:01:15] TINYDRAW_PANSEQ_STRIP zoom=400 strip=0 panel_y=0 rows=44 samples=24 staging_mean_us=1460 staging_max_us=1509 wire_budget_us=1619 over_budget_us=0 pass=1
[17:01:15] TINYDRAW_PANSEQ_STRIP zoom=400 strip=1 panel_y=44 rows=44 samples=24 staging_mean_us=1298 staging_max_us=1327 wire_budget_us=1619 over_budget_us=0 pass=1
[17:01:15] TINYDRAW_PANSEQ_STRIP zoom=400 strip=2 panel_y=88 rows=44 samples=24 staging_mean_us=1257 staging_max_us=1279 wire_budget_us=1619 over_budget_us=0 pass=1
[17:01:15] TINYDRAW_PANSEQ_STRIP zoom=400 strip=3 panel_y=132 rows=44 samples=24 staging_mean_us=1254 staging_max_us=1287 wire_budget_us=1619 over_budget_us=0 pass=1
[17:01:15] TINYDRAW_PANSEQ_STRIP zoom=400 strip=4 panel_y=176 rows=44 samples=24 staging_mean_us=1254 staging_max_us=1280 wire_budget_us=1619 over_budget_us=0 pass=1
[17:01:15] TINYDRAW_PANSEQ_STRIP zoom=400 strip=5 panel_y=220 rows=44 samples=24 staging_mean_us=1238 staging_max_us=1272 wire_budget_us=1619 over_budget_us=0 pass=1
[17:01:16] TINYDRAW_PANSEQ_STRIP zoom=400 strip=6 panel_y=264 rows=44 samples=24 staging_mean_us=1414 staging_max_us=1461 wire_budget_us=1619 over_budget_us=0 pass=1
[17:01:16] TINYDRAW_PANSEQ_STRIP zoom=400 strip=7 panel_y=308 rows=44 samples=24 staging_mean_us=1413 staging_max_us=1445 wire_budget_us=1619 over_budget_us=0 pass=1
[17:01:16] TINYDRAW_PANSEQ_STRIP zoom=400 strip=8 panel_y=352 rows=20 samples=24 staging_mean_us=654 staging_max_us=696 wire_budget_us=736 over_budget_us=0 pass=1
[17:01:16] TINYDRAW_GATE1_PANSEQ zoom=400 frames=24 scroll_avg_us=10 exposed_avg_us=6995 chrome_avg_us=2425 tear_wait_avg_us=9789 present_avg_us=16424 prepare_avg_us=11221 acquire_wait_avg_us=24 ring_copy_avg_us=8733 patch_avg_us=2466 byte_swap_avg_us=20 staging_avg_us=3773 frame_avg_us=33350 frame_p50_us=33924 frame_p95_us=33942 frame_max_us=33943 complete_p50_us=20411 complete_p95_us=20848 complete_max_us=20890 tear_edge_failures=0 presentation_experiment=boundary-top-sweep te_edge=rising requested_clock_mhz=50 effective_clock_mhz=40 chrome_bottom_redraws=0 chrome_battery_redraws=0 chrome_zoom_redraws=0 chrome_minimap_base_redraws=0 strip_samples=216 staging_mean_us=1249 staging_max_us=1509 worst_strip=8 worst_strip_y=352 worst_wire_budget_us=736 worst_headroom_us=40 staging_invariant=1 pacing_pass=1 all_reused=1 pass=1
[17:01:16] TINYDRAW_GATE1_PAN_BOUNDARY zoom=100 slow_1px_trace=1 below_delta=94 below_reused=1 at_delta=96 at_reused=1 above_delta=98 above_fallback=1 pass=1
[17:01:16] TINYDRAW_GATE1_PAN_BOUNDARY zoom=400 slow_1px_trace=1 below_delta=94 below_reused=1 at_delta=96 at_reused=1 above_delta=98 above_fallback=1 pass=1
[17:01:17] TINYDRAW_GATE1_DRAW_FILL zoom=400 revision=2930 append_us=1384 poll_gap_us=96 event_submit_us=255 event_complete_us=2201 max_compute_slice_us=3283 max_display_slice_us=17760 fill_us=234554 revision_restarted=1 pass=1
[17:01:17] TINYDRAW_GATE1_CACHE_FILL zoom=50 x=63 y=63 published=56 total_us=666966 within_cold_gate=0 complete=1
[17:01:18] TINYDRAW_GATE1_CACHE_FILL zoom=100 x=63 y=63 published=56 total_us=518966 within_cold_gate=0 complete=1
[17:01:18] TINYDRAW_GATE1_CACHE_FILL zoom=200 x=63 y=63 published=56 total_us=358965 within_cold_gate=1 complete=1
[17:01:19] TINYDRAW_GATE1_CACHE_FILL zoom=400 x=63 y=63 published=56 total_us=290965 within_cold_gate=1 complete=1
[17:01:19] TINYDRAW_GATE1_CACHE_REVISIT zoom=50 remaining=0 tile_pixels=118128 fallback_pixels=0 compose_us=16353 complete_us=21238 hit=1
[17:01:19] TINYDRAW_GATE1_CACHE_REVISIT zoom=100 remaining=0 tile_pixels=164864 fallback_pixels=0 compose_us=18927 complete_us=20821 hit=1
[17:01:19] TINYDRAW_GATE1_CACHE_REVISIT zoom=200 remaining=0 tile_pixels=164864 fallback_pixels=0 compose_us=18939 complete_us=21387 hit=1
[17:01:19] TINYDRAW_GATE1_CACHE_REVISIT zoom=400 remaining=0 tile_pixels=164608 fallback_pixels=0 compose_us=18941 complete_us=20945 hit=1
[17:01:19] TINYDRAW_GATE1_CACHE_FILL zoom=400 x=575 y=575 published=56 total_us=315963 within_cold_gate=1 complete=1
[17:01:19] TINYDRAW_GATE1_CACHE_ROUND_TRIP zoom=50 from_x=63 from_y=63 via_x=575 via_y=575 remaining=0 tile_pixels=118128 fallback_pixels=0 compose_us=16361 complete_us=21626 hit=1
[17:01:19] TINYDRAW_GATE1_CACHE_ROUND_TRIP zoom=100 from_x=63 from_y=63 via_x=575 via_y=575 remaining=0 tile_pixels=164864 fallback_pixels=0 compose_us=18823 complete_us=21191 hit=1
[17:01:19] TINYDRAW_GATE1_CACHE_ROUND_TRIP zoom=200 from_x=63 from_y=63 via_x=575 via_y=575 remaining=0 tile_pixels=164864 fallback_pixels=0 compose_us=18932 complete_us=20787 hit=1
[17:01:19] TINYDRAW_GATE1_CACHE_ROUND_TRIP zoom=400 from_x=63 from_y=63 via_x=575 via_y=575 remaining=0 tile_pixels=164608 fallback_pixels=0 compose_us=18958 complete_us=21356 hit=1
[17:01:19] TINYDRAW_GATE1_CACHE_RETENTION pass=1 slots=448 revision=2930
[17:01:21] TINYDRAW_PAPER_SWEEP zoom=100 identities=644 raw=266 uniform=378 fallback=0 slots=448 total_us=1454976 pass=1
[17:01:21] TINYDRAW_RERENDER_LEDGER_RESET site=cache_tour_start
[17:01:24] TINYDRAW_GATE1_CACHE_TOUR slots=448 stops=16 forward_steps=2595 forward_tiles=832 forward_wall_us=1415328 return_missing_tiles=0 return_steps=16 return_tiles=0 return_wall_us=5926 home_missing=0 home_fallback_pixels=0 pass=1
[17:01:24] TINYDRAW_RERENDER_LEDGER site=cache_tour renders=137 unique=137 amplification=1.000 cold=137 damage=0 evict=0 stale=0 unexplained=0
[17:01:25] TINYDRAW_GATE1_MIXED_DRAW_WARM zoom=50 fill_tiles=56 fill_us=599194 raw=42 uniform=14
[17:01:25] TINYDRAW_GATE1_MIXED_DRAW_WARM zoom=100 fill_tiles=56 fill_us=445125 raw=56 uniform=0
[17:01:26] TINYDRAW_GATE1_MIXED_DRAW_WARM zoom=200 fill_tiles=56 fill_us=343319 raw=56 uniform=0
[17:01:26] TINYDRAW_GATE1_MIXED_DRAW_WARM zoom=400 fill_tiles=42 fill_us=211251 raw=42 uniform=0
[17:01:27] TINYDRAW_GATE1_MIXED_DRAW zoom=25 tool=pen chunks=50 append_max_us=13318 append_avg_us=11936 append_total_us=596848 affected_tiles=196 published=0 fallback=196 visible_fallback=0 ph_prepare_max_us=142 ph_overview_max_us=9098 ph_enumerate_max_us=539 ph_uniform_max_us=91 ph_raw_max_us=15 ph_commit_max_us=3592 committed=1 authority=1 refresh=1 run_ok=1 pass=1
[17:01:28] TINYDRAW_GATE1_MIXED_DRAW zoom=25 tool=eraser chunks=50 append_max_us=13432 append_avg_us=11883 append_total_us=594162 affected_tiles=0 published=0 fallback=0 visible_fallback=0 ph_prepare_max_us=147 ph_overview_max_us=9205 ph_enumerate_max_us=462 ph_uniform_max_us=14 ph_raw_max_us=15 ph_commit_max_us=3644 committed=1 authority=1 refresh=1 run_ok=1 pass=1
[17:01:30] TINYDRAW_GATE1_MIXED_DRAW zoom=50 tool=pen chunks=50 append_max_us=19845 append_avg_us=16762 append_total_us=838126 affected_tiles=422 published=400 fallback=22 visible_fallback=0 ph_prepare_max_us=173 ph_overview_max_us=3841 ph_enumerate_max_us=521 ph_uniform_max_us=5544 ph_raw_max_us=12547 ph_commit_max_us=1810 committed=1 authority=1 refresh=1 run_ok=1 pass=0
[17:01:31] TINYDRAW_GATE1_MIXED_DRAW zoom=50 tool=eraser chunks=50 append_max_us=18342 append_avg_us=16468 append_total_us=823433 affected_tiles=405 published=405 fallback=0 visible_fallback=0 ph_prepare_max_us=184 ph_overview_max_us=3838 ph_enumerate_max_us=541 ph_uniform_max_us=31 ph_raw_max_us=12467 ph_commit_max_us=1610 committed=1 authority=1 refresh=1 run_ok=1 pass=0
[17:01:33] TINYDRAW_GATE1_MIXED_DRAW zoom=100 tool=pen chunks=50 append_max_us=16182 append_avg_us=14134 append_total_us=706739 affected_tiles=450 published=398 fallback=52 visible_fallback=0 ph_prepare_max_us=175 ph_overview_max_us=1917 ph_enumerate_max_us=556 ph_uniform_max_us=4376 ph_raw_max_us=12668 ph_commit_max_us=1097 committed=1 authority=1 refresh=1 run_ok=1 pass=0
[17:01:34] TINYDRAW_GATE1_MIXED_DRAW zoom=100 tool=eraser chunks=50 append_max_us=15650 append_avg_us=13905 append_total_us=695292 affected_tiles=399 published=399 fallback=0 visible_fallback=0 ph_prepare_max_us=185 ph_overview_max_us=1903 ph_enumerate_max_us=492 ph_uniform_max_us=29 ph_raw_max_us=12573 ph_commit_max_us=913 committed=1 authority=1 refresh=1 run_ok=1 pass=0
[17:01:35] TINYDRAW_GATE1_MIXED_DRAW zoom=200 tool=pen chunks=50 append_max_us=15597 append_avg_us=13063 append_total_us=653187 affected_tiles=425 published=389 fallback=36 visible_fallback=0 ph_prepare_max_us=178 ph_overview_max_us=1089 ph_enumerate_max_us=570 ph_uniform_max_us=4538 ph_raw_max_us=12581 ph_commit_max_us=961 committed=1 authority=1 refresh=1 run_ok=1 pass=0
[17:01:36] TINYDRAW_GATE1_MIXED_DRAW zoom=200 tool=eraser chunks=50 append_max_us=14715 append_avg_us=12775 append_total_us=638758 affected_tiles=388 published=388 fallback=0 visible_fallback=0 ph_prepare_max_us=179 ph_overview_max_us=1069 ph_enumerate_max_us=598 ph_uniform_max_us=29 ph_raw_max_us=12476 ph_commit_max_us=796 committed=1 authority=1 refresh=1 run_ok=1 pass=1
[17:01:38] TINYDRAW_GATE1_MIXED_DRAW zoom=400 tool=pen chunks=50 append_max_us=14601 append_avg_us=12048 append_total_us=602439 affected_tiles=359 published=334 fallback=25 visible_fallback=0 ph_prepare_max_us=189 ph_overview_max_us=711 ph_enumerate_max_us=600 ph_uniform_max_us=3462 ph_raw_max_us=11942 ph_commit_max_us=855 committed=1 authority=1 refresh=1 run_ok=1 pass=1
[17:01:39] TINYDRAW_GATE1_MIXED_DRAW zoom=400 tool=eraser chunks=50 append_max_us=13707 append_avg_us=11905 append_total_us=595289 affected_tiles=350 published=350 fallback=0 visible_fallback=0 ph_prepare_max_us=166 ph_overview_max_us=706 ph_enumerate_max_us=643 ph_uniform_max_us=28 ph_raw_max_us=11892 ph_commit_max_us=738 committed=1 authority=1 refresh=1 run_ok=1 pass=1
[17:01:39] TINYDRAW_GATE1_MIXED_DRAW_REVISIT zoom=50 missing=4 refill_tiles=4 refill_us=242876
[17:01:40] TINYDRAW_GATE1_MIXED_DRAW_REVISIT zoom=100 missing=9 refill_tiles=9 refill_us=389364
[17:01:40] TINYDRAW_GATE1_MIXED_DRAW_REVISIT zoom=200 missing=16 refill_tiles=16 refill_us=330274
[17:01:40] TINYDRAW_GATE1_MIXED_DRAW_REVISIT zoom=400 missing=0 refill_tiles=0 refill_us=311
[17:01:40] TINYDRAW_GATE1_MIXED_DRAW_SUMMARY slots=448 strokes=10 worst_append_us=19845 pass=0
[17:01:45] TINYDRAW_GATE1_IDLE_REPAIR damaged=588 remaining=0 plan_views=24 steps=5805 repair_us=3412605 worst_step_us=4165 warm_tiles=56 pass=1
[17:01:46] TINYDRAW_INKTRACE trace=fast-curve-dense-25 zoom=25 events=411 consumed=372 coalesced=39 down=1/1 up=1/1 max_time_gap_us=24462 max_space_gap_px=55.33 e2c_p50=503 e2c_p95=1568 e2c_max=2965 e2g_p95=770 e2s_p95=2632 e2d_p50=2354 e2d_p95=3680 e2d_max=4568 latency_samples=33 presentation_failures=0 commit_failures=0 overflows=0 revision=3482 latency_pass=1 pass=1
[17:01:47] TINYDRAW_INKTRACE trace=fast-curve-400 zoom=400 events=414 consumed=380 coalesced=34 down=1/1 up=1/1 max_time_gap_us=9392 max_space_gap_px=65.51 e2c_p50=503 e2c_p95=894 e2c_max=1724 e2g_p95=773 e2s_p95=2636 e2d_p50=2498 e2d_p95=3990 e2d_max=4035 latency_samples=33 presentation_failures=0 commit_failures=0 overflows=0 revision=3484 latency_pass=1 pass=1
[17:01:49] TINYDRAW_INKTRACE trace=fast-curve-400-xl zoom=400 events=2296 consumed=1918 coalesced=378 down=1/1 up=1/1 max_time_gap_us=12916 max_space_gap_px=47.85 e2c_p50=503 e2c_p95=576 e2c_max=1593 e2g_p95=777 e2s_p95=2973 e2d_p50=3299 e2d_p95=4632 e2d_max=8260 latency_samples=172 presentation_failures=0 commit_failures=0 overflows=0 revision=3490 latency_pass=1 pass=1
[17:01:50] TINYDRAW_INKTRACE trace=slow-precise-100 zoom=100 events=741 consumed=691 coalesced=50 down=1/1 up=1/1 max_time_gap_us=8435 max_space_gap_px=13.45 e2c_p50=503 e2c_p95=615 e2c_max=1574 e2g_p95=773 e2s_p95=1778 e2d_p50=2015 e2d_p95=2292 e2d_max=2339 latency_samples=53 presentation_failures=0 commit_failures=0 overflows=0 revision=3492 latency_pass=1 pass=1
[17:01:53] TINYDRAW_INKTRACE trace=scribble-multistroke zoom=100 events=848 consumed=731 coalesced=117 down=7/7 up=7/7 max_time_gap_us=6078 max_space_gap_px=109.46 e2c_p50=503 e2c_p95=580 e2c_max=1582 e2g_p95=770 e2s_p95=3440 e2d_p50=3234 e2d_p95=5299 e2d_max=6308 latency_samples=55 presentation_failures=0 commit_failures=0 overflows=0 revision=3499 latency_pass=1 pass=1
[17:01:54] TINYDRAW_HAIRLINE_DOC ops=782 samples=8061 append_total_us=1056940 append_max_us=7323
[17:01:55] TINYDRAW_GATE1_PACED_COLD corpus=evil_hairlines_capacity zoom=100 x=552 y=672 steps=236 tiles=56 compute_us=220908 present_us=77295 touch_us=649 pacing_us=7126 wall_us=305978 maximum_wall_us=500000 max_tick_us=9305 touch_samples=46924 touch_interval_max_us=2086 touch_read_max_us=610 touch_events=0 touch_down=0 touch_up=0 touch_events_ge_8ms=0 touch_event_age_max_us=0 touch_errors=0 touch_overflows=0 pass=1
[17:01:55] TINYDRAW_GATE1_PACED_COLD corpus=evil_hairlines_capacity zoom=400 x=2760 y=3360 steps=209 tiles=48 compute_us=136528 present_us=75837 touch_us=458 pacing_us=6126 wall_us=218949 maximum_wall_us=500000 max_tick_us=8877 touch_samples=281 touch_interval_max_us=1872 touch_read_max_us=482 touch_events=0 touch_down=0 touch_up=0 touch_events_ge_8ms=0 touch_event_age_max_us=0 touch_errors=0 touch_overflows=0 pass=1
[17:01:57] TINYDRAW_HAIRLINE_REPAIR steps=2814 wall_us=2135083 worst_step_us=5557 resident=407/448 grid_stopped=1 pass2_steps=8 pass2_wall_us=2261 no_churn=1
[17:01:59] TINYDRAW_HAIRLINE_TOUR stops=8 total_us=882343 worst_stop_us=187638 worst_step_us=6256
[17:01:59] TINYDRAW_GATE1_HAIRLINE raw=339 uniform=72 fallback=233 capacity=448 worst_step_us=6256 grid_stopped=1 pass=1
[17:02:01] TINYDRAW_GATE1_LONG_GESTURE path=reference samples=1600 chunks=26 append_total_us=939047 append_max_us=44266 append_avg_us=36117 refresh_fallback_pixels=0 settled_fallback_pixels=0 committed=1 authority=1 refresh=1 run_ok=1
[17:02:01] TINYDRAW_GATE1_LONG_GESTURE path=in_place samples=1600 chunks=52 append_total_us=608251 append_max_us=14163 append_avg_us=11697 refresh_fallback_pixels=0 settled_fallback_pixels=0 committed=1 authority=1 refresh=1 run_ok=1
[17:02:01] TINYDRAW_V2_EXPORT_PROGRESS row=0 of=1792
[17:02:02] TINYDRAW_V2_EXPORT_PROGRESS row=256 of=1792
[17:02:02] TINYDRAW_V2_EXPORT_PROGRESS row=512 of=1792
[17:02:03] TINYDRAW_V2_EXPORT_PROGRESS row=768 of=1792
[17:02:04] TINYDRAW_V2_EXPORT_PROGRESS row=1024 of=1792
[17:02:05] TINYDRAW_V2_EXPORT_PROGRESS row=1280 of=1792
[17:02:06] TINYDRAW_V2_EXPORT_PROGRESS row=1536 of=1792
[17:02:07] TINYDRAW_GATE1_EXPORT encoded=1 bytes=40166 elapsed_us=5921824 workspace_bytes=50652 band_bytes=376832 free_psram=1859920 free_internal=199124 signature=1 dimensions=1 chunks=3 chunks_ok=1 pass=1
[17:02:07] TINYDRAW_EXPORT_RESERVE requested=1572864 free_before=1859920 largest_before=1835008 free_held=287052 largest_held=286720 pass=1
[17:02:07] TINYDRAW_RERENDER_LEDGER site=final renders=0 unique=0 amplification=0.000 cold=0 damage=0 evict=0 stale=0 unexplained=0
[17:02:07] TINYDRAW_GATE1_AUTOMATED_DONE stress=1 stress_100=1 stress_400=1 overlap_ready=1 overlap_cold=0 general_cold_ready=1 general_cold=0 workload=1 paced_cold=1 hard_100=1 hard_400=1 pan_100=1 pan_400=1 pan_seq=1 pan_boundary=1 live_overlay=1 draw_fill=1 cache=1 full_world_cache=1 cache_tour=1 mixed_draw=0 idle_repair=1 ink_trace=1 hairline_capacity=1 long_gesture=1 export_encode=1 export_reserve=1 return=1 ssaa_receipt=yellow
[17:02:07] TINYDRAW_VECTOR_V2_GATE_HARNESS_DONE pass=0
[17:02:07] I (69842) main_task: Returned from app_main()
