[15:50:41] ESP-ROM:esp32s3-20210327
[15:50:41] Build:Mar 27 2021
[15:50:41] rst:0x15 (USB_UART_CHIP_RESET),boot:0x2b (SPI_FAST_FLASH_BOOT)
[15:50:41] Saved PC:0x4037b802
[15:50:41] SPIWP:0xee
[15:50:41] mode:DIO, clock div:1
[15:50:41] load:0x3fce2820,len:0x1664
[15:50:41] load:0x403c8700,len:0xf38
[15:50:41] load:0x403cb700,len:0x31e8
[15:50:41] entry 0x403c8930
[15:50:41] I (24) boot: ESP-IDF v6.0.2 2nd stage bootloader
[15:50:41] I (24) boot: compile time Aug 16 2026 15:47:40
[15:50:41] I (25) boot: Multicore bootloader
[15:50:41] I (25) boot: chip revision: v0.2
[15:50:41] I (28) boot: efuse block revision: v1.3
[15:50:41] I (31) qio_mode: Enabling default flash chip QIO
[15:50:41] I (36) boot.esp32s3: Boot SPI Speed : 80MHz
[15:50:41] I (39) boot.esp32s3: SPI Mode       : QIO
[15:50:41] I (43) boot.esp32s3: SPI Flash Size : 16MB
[15:50:41] I (47) boot: Enabling RNG early entropy source...
[15:50:41] I (51) boot: Partition Table:
[15:50:41] I (54) boot: ## Label            Usage          Type ST Offset   Length
[15:50:41] I (60) boot:  0 nvs              WiFi data        01 02 00009000 00006000
[15:50:41] I (67) boot:  1 phy_init         RF data          01 01 0000f000 00001000
[15:50:41] I (73) boot:  2 factory          factory app      00 00 00010000 00100000
[15:50:41] I (80) boot:  3 drawing          Unknown data     01 40 00110000 00300000
[15:50:41] I (86) boot:  4 export           Unknown data     01 41 00410000 00500000
[15:50:41] I (93) boot:  5 coredump         Unknown data     01 03 00910000 00010000
[15:50:41] I (100) boot: End of partition table
[15:50:41] I (103) esp_image: segment 0: paddr=00010020 vaddr=3c050020 size=2bdfch (179708) map
[15:50:41] I (138) esp_image: segment 1: paddr=0003be24 vaddr=3fc94500 size=03764h ( 14180) load
[15:50:41] I (141) esp_image: segment 2: paddr=0003f590 vaddr=40374000 size=00a88h (  2696) load
[15:50:41] I (143) esp_image: segment 3: paddr=00040020 vaddr=42000020 size=4ea10h (322064) map
[15:50:41] I (199) esp_image: segment 4: paddr=0008ea38 vaddr=40374a88 size=0fa38h ( 64056) load
[15:50:41] I (213) esp_image: segment 5: paddr=0009e478 vaddr=50000000 size=00024h (    36) load
[15:50:41] I (220) boot: Loaded app from partition at offset 0x10000
[15:50:41] I (220) boot: Disabling RNG early entropy source...
[15:50:41] I (230) octal_psram: vendor id    : 0x0d (AP)
[15:50:41] I (230) octal_psram: dev id       : 0x02 (generation 3)
[15:50:41] I (231) octal_psram: density      : 0x03 (64 Mbit)
[15:50:41] I (233) octal_psram: good-die     : 0x01 (Pass)
[15:50:41] I (237) octal_psram: Latency      : 0x01 (Fixed)
[15:50:41] I (241) octal_psram: VCC          : 0x01 (3V)
[15:50:41] I (245) octal_psram: SRF          : 0x01 (Fast Refresh)
[15:50:41] I (250) octal_psram: BurstType    : 0x01 (Hybrid Wrap)
[15:50:41] I (255) octal_psram: BurstLen     : 0x01 (32 Byte)
[15:50:41] I (260) octal_psram: Readlatency  : 0x02 (10 cycles@Fixed)
[15:50:41] I (265) octal_psram: DriveStrength: 0x00 (1/1)
[15:50:41] I (269) MSPI Timing: Enter psram timing tuning
[15:50:41] I (274) esp_psram: Found 8MB PSRAM device
[15:50:41] I (277) esp_psram: Speed: 80MHz
[15:50:41] I (280) cpu_start: Multicore app
[15:50:41] I (696) esp_psram: SPI SRAM memory test OK
[15:50:41] I (704) cpu_start: GPIO 44 and 43 are used as console UART I/O pins
[15:50:41] I (705) cpu_start: Pro cpu start user code
[15:50:41] I (705) cpu_start: cpu freq: 240000000 Hz
[15:50:41] I (706) app_init: Application information:
[15:50:41] I (710) app_init: Project name:     tinydraw_esp32
[15:50:42] I (715) app_init: App version:      e76b98e-dirty
[15:50:42] I (719) app_init: Compile time:     Aug 16 2026 15:47:31
[15:50:42] I (724) app_init: ELF file SHA256:  2febd8f5f...
[15:50:42] I (728) app_init: ESP-IDF:          v6.0.2
[15:50:42] I (732) efuse_init: Min chip rev:     v0.0
[15:50:42] I (736) efuse_init: Max chip rev:     v0.99 
[15:50:42] I (740) efuse_init: Chip rev:         v0.2
[15:50:42] I (744) heap_init: Initializing. RAM available for dynamic allocation:
[15:50:42] I (750) heap_init: At 3FC99090 len 00050680 (321 KiB): RAM
[15:50:42] I (755) heap_init: At 3FCE9710 len 00005724 (21 KiB): RAM
[15:50:42] I (760) heap_init: At 3FCF0000 len 00008000 (32 KiB): DRAM
[15:50:42] I (766) heap_init: At 600FE000 len 00001FE8 (7 KiB): RTCRAM
[15:50:42] I (771) esp_psram: Adding pool of 8192K of PSRAM memory to heap allocator
[15:50:42] I (778) spi_flash: detected chip: generic
[15:50:42] I (781) spi_flash: flash io: qio
[15:50:42] I (784) sleep_gpio: Configure to isolate all GPIO pins in sleep state
[15:50:42] I (791) sleep_gpio: Enable automatic switching of GPIO sleep configuration
[15:50:42] I (797) main_task: Started on CPU0
[15:50:42] I (800) main_task: Calling app_main()
[15:50:42] TINYDRAW_PRODUCER_SCRATCH supertask_internal=1 free_internal=319136 free_psram=1894280
[15:50:42] TINYDRAW_PANEL_HARD_RESET=1
[15:50:42] TINYDRAW_PANEL_TRANSPORT requested_clock_mhz=50 effective_clock_mhz=40
[15:50:42] I (1004) co5300: version: 2.1.0
[15:50:42] I (1004) co5300_spi: LCD panel create success, version: 2.1.0
[15:50:42] W (1089) co5300_spi: The 3Ah command has been used and will be overwritten by external initialization sequence
[15:50:42] I (1190) CST816S: IC id: 183
[15:50:42] TINYDRAW_VECTOR_V2_PRESENTATION experiment=boundary-top-sweep te_edge=rising requested_clock_mhz=50 effective_clock_mhz=40 optical_acceptance=external_manual
[15:50:42] TINYDRAW_LIVE_PRESENT kind=startup zoom=25 x=0 y=0 compose_us=26331 scroll_us=0 exposed_compose_us=0 chrome_us=17255 chrome_prepare_us=12076 chrome_stage_us=5179 read_submit_us=0 read_complete_us=0 transfer_wait_us=20931 tile_pixels=0 uniform_pixels=0 overview_pixels=164864 fallback_pixels=0 resident_tiles=0 fallback_tiles=0 pushes=11 tear_wait_us=135 tear_edge_isr_to_resume_us=22 tear_edge_observed=1 tear_edge_wait_resumed=1 tear_edge_timeout=0 tear_heal_attempted=0 tear_heal_command_sent=0 presentation_experiment=boundary-top-sweep te_edge=rising requested_clock_mhz=50 effective_clock_mhz=40 frame_reused=0 pass=1
[15:50:43] TINYDRAW_LIVE_STRESS operations=1000 samples=20000 total_us=727414 average_us=727 maximum_us=1022 free_psram=1892692 largest_psram=1867776
[15:50:43] TINYDRAW_LIVE_PRESENT kind=gate_fallback zoom=100 x=0 y=0 compose_us=16830 scroll_us=0 exposed_compose_us=0 chrome_us=11250 chrome_prepare_us=6699 chrome_stage_us=4551 read_submit_us=31004 read_complete_us=34441 transfer_wait_us=20800 tile_pixels=0 uniform_pixels=0 overview_pixels=0 fallback_pixels=164864 resident_tiles=0 fallback_tiles=42 pushes=11 tear_wait_us=7351 tear_edge_isr_to_resume_us=15 tear_edge_observed=1 tear_edge_wait_resumed=1 tear_edge_timeout=0 tear_heal_attempted=0 tear_heal_command_sent=0 presentation_experiment=boundary-top-sweep te_edge=rising requested_clock_mhz=50 effective_clock_mhz=40 frame_reused=0 pass=1
[15:50:43] TINYDRAW_GATE1_HARD zoom=100 cold=1 operations=1000 samples=20000 steps=196 tiles=42 scanned=12000 rendered=1585 max_supertask_us=7306 presentation_us=72983 total_us=292959 maximum_wall_us=500000 pass=1
[15:50:43] TINYDRAW_LIVE_PRESENT kind=gate_fallback zoom=400 x=0 y=0 compose_us=16323 scroll_us=0 exposed_compose_us=0 chrome_us=6617 chrome_prepare_us=2266 chrome_stage_us=4351 read_submit_us=19603 read_complete_us=23304 transfer_wait_us=21089 tile_pixels=0 uniform_pixels=0 overview_pixels=0 fallback_pixels=164864 resident_tiles=0 fallback_tiles=42 pushes=11 tear_wait_us=882 tear_edge_isr_to_resume_us=14 tear_edge_observed=1 tear_edge_wait_resumed=1 tear_edge_timeout=0 tear_heal_attempted=0 tear_heal_command_sent=0 presentation_experiment=boundary-top-sweep te_edge=rising requested_clock_mhz=50 effective_clock_mhz=40 frame_reused=0 pass=1
[15:50:43] TINYDRAW_GATE1_HARD zoom=400 cold=1 operations=1000 samples=20000 steps=200 tiles=42 scanned=12000 rendered=122 max_supertask_us=5289 presentation_us=71209 total_us=188709 maximum_wall_us=500000 pass=1
[15:50:44] TINYDRAW_OVERLAP_WORKLOAD operations=8 samples=1200 radius_world=80
[15:50:45] TINYDRAW_GATE1_PACED_COLD corpus=overlap zoom=50 x=215 y=255 steps=604 tiles=56 compute_us=476807 present_us=90165 touch_us=839 pacing_us=14735 wall_us=582546 maximum_wall_us=500000 max_tick_us=10022 touch_samples=2704 touch_interval_max_us=2025 touch_read_max_us=591 touch_events=0 touch_down=0 touch_up=0 touch_events_ge_8ms=0 touch_event_age_max_us=0 touch_errors=0 touch_overflows=0 pass=0
[15:50:45] TINYDRAW_GATE1_PACED_COLD corpus=overlap zoom=100 x=583 y=703 steps=303 tiles=48 compute_us=266038 present_us=84667 touch_us=554 pacing_us=10715 wall_us=361974 maximum_wall_us=500000 max_tick_us=10578 touch_samples=435 touch_interval_max_us=1748 touch_read_max_us=554 touch_events=0 touch_down=0 touch_up=0 touch_events_ge_8ms=0 touch_event_age_max_us=0 touch_errors=0 touch_overflows=0 pass=1
[15:50:46] TINYDRAW_GATE1_PACED_COLD corpus=overlap zoom=200 x=1319 y=1599 steps=212 tiles=56 compute_us=243858 present_us=85382 touch_us=491 pacing_us=8244 wall_us=337975 maximum_wall_us=500000 max_tick_us=10485 touch_samples=412 touch_interval_max_us=1874 touch_read_max_us=507 touch_events=0 touch_down=0 touch_up=0 touch_events_ge_8ms=0 touch_event_age_max_us=0 touch_errors=0 touch_overflows=0 pass=1
[15:50:46] TINYDRAW_GATE1_PACED_COLD corpus=overlap zoom=400 x=2791 y=3391 steps=137 tiles=56 compute_us=210408 present_us=83980 touch_us=437 pacing_us=8149 wall_us=302974 maximum_wall_us=500000 max_tick_us=9803 touch_samples=384 touch_interval_max_us=1850 touch_read_max_us=493 touch_events=0 touch_down=0 touch_up=0 touch_events_ge_8ms=0 touch_event_age_max_us=0 touch_errors=0 touch_overflows=0 pass=1
[15:50:46] TINYDRAW_ADVERSARIAL_TAPERED_WORKLOAD operations=128 samples=4096 erasers=12 load_us=219644 appended=1
[15:50:47] TINYDRAW_GENERAL_COLD_WORKLOAD operations=910 samples=12157 hairline_operations=782 hairline_samples=8061 hairline_load_us=1115052 appended=1
[15:50:48] TINYDRAW_GATE1_PACED_COLD corpus=adversarial_tapered_4x+evil_hairlines zoom=50 x=0 y=0 steps=396 tiles=42 compute_us=422719 present_us=71744 touch_us=623 pacing_us=11892 wall_us=506978 maximum_wall_us=500000 max_tick_us=8248 touch_samples=1667 touch_interval_max_us=2060 touch_read_max_us=553 touch_events=0 touch_down=0 touch_up=0 touch_events_ge_8ms=0 touch_event_age_max_us=0 touch_errors=0 touch_overflows=0 pass=0
[15:50:48] TINYDRAW_GATE1_PACED_COLD corpus=adversarial_tapered_4x+evil_hairlines zoom=100 x=0 y=0 steps=702 tiles=42 compute_us=455014 present_us=72040 touch_us=717 pacing_us=15209 wall_us=542980 maximum_wall_us=500000 max_tick_us=8561 touch_samples=624 touch_interval_max_us=1485 touch_read_max_us=478 touch_events=0 touch_down=0 touch_up=0 touch_events_ge_8ms=0 touch_event_age_max_us=0 touch_errors=0 touch_overflows=0 pass=0
[15:50:49] TINYDRAW_GATE1_PACED_COLD corpus=adversarial_tapered_4x+evil_hairlines zoom=200 x=0 y=0 steps=1140 tiles=42 compute_us=587025 present_us=68895 touch_us=903 pacing_us=17890 wall_us=674713 maximum_wall_us=500000 max_tick_us=8344 touch_samples=752 touch_interval_max_us=1874 touch_read_max_us=494 touch_events=0 touch_down=0 touch_up=0 touch_events_ge_8ms=0 touch_event_age_max_us=0 touch_errors=0 touch_overflows=0 pass=0
[15:50:50] TINYDRAW_GATE1_PACED_COLD corpus=adversarial_tapered_4x+evil_hairlines zoom=400 x=0 y=0 steps=1123 tiles=42 compute_us=577296 present_us=67659 touch_us=912 pacing_us=19896 wall_us=665763 maximum_wall_us=500000 max_tick_us=8057 touch_samples=747 touch_interval_max_us=1171 touch_read_max_us=462 touch_events=0 touch_down=0 touch_up=0 touch_events_ge_8ms=0 touch_event_age_max_us=0 touch_errors=0 touch_overflows=0 pass=0
[15:50:51] TINYDRAW_GATE1_WORKLOAD kind=realistic seed=7 operations=1000 samples=19844 maximum_stroke=198 load_us=542024 raw_source=1 lod_copies=0
[15:50:51] TINYDRAW_GATE1_PACED_COLD corpus=seed7 zoom=400 x=63 y=63 steps=325 tiles=56 compute_us=243414 present_us=88926 touch_us=461 pacing_us=6174 wall_us=338975 maximum_wall_us=500000 max_tick_us=10386 touch_samples=991 touch_interval_max_us=2028 touch_read_max_us=514 touch_events=0 touch_down=0 touch_up=0 touch_events_ge_8ms=0 touch_event_age_max_us=0 touch_errors=0 touch_overflows=0 pass=1
[15:50:51] TINYDRAW_LIVE_PRESENT kind=gate_fallback zoom=100 x=0 y=0 compose_us=17307 scroll_us=0 exposed_compose_us=0 chrome_us=6817 chrome_prepare_us=2296 chrome_stage_us=4521 read_submit_us=20765 read_complete_us=24464 transfer_wait_us=21258 tile_pixels=0 uniform_pixels=0 overview_pixels=0 fallback_pixels=164864 resident_tiles=0 fallback_tiles=42 pushes=11 tear_wait_us=1038 tear_edge_isr_to_resume_us=17 tear_edge_observed=1 tear_edge_wait_resumed=1 tear_edge_timeout=0 tear_heal_attempted=0 tear_heal_command_sent=0 presentation_experiment=boundary-top-sweep te_edge=rising requested_clock_mhz=50 effective_clock_mhz=40 frame_reused=0 pass=1
[15:50:52] TINYDRAW_GATE1_HARD zoom=100 cold=1 operations=1000 samples=19844 steps=386 tiles=42 scanned=12000 rendered=4945 max_supertask_us=6107 presentation_us=72595 total_us=430784 maximum_wall_us=500000 pass=1
[15:50:52] TINYDRAW_GATE1_OVERLAY_CANVAS regions=zoom,minimap,toolbar,battery operations=4 presentation_mutations=0 authority=1 pass=1
[15:50:52] TINYDRAW_GATE1_LIVE_OVERLAY clear_updates=48 clear_wall_max_us=3941 clear_submit_max_us=2140 clear_complete_max_us=3083 overlay_updates=48 overlay_wall_max_us=3921 overlay_submit_max_us=2092 overlay_complete_max_us=3211 overlay_chrome_max_us=231 clear_failures=0 overlay_failures=0 pass=1
[15:50:52] TINYDRAW_EDGE_INK corners=4 edge_failures=0 pass=1
[15:50:53] TINYDRAW_GATE1_PAN zoom=100 from_x=0 from_y=0 to_x=88 to_y=88 compose_us=16427 scroll_us=14 exposed_compose_us=16413 chrome_us=2433 event_submit_us=29428 event_complete_us=32742 transfer_us=16582 setup=1 present=1 moved=1 frame_reused=1 pass=1
[15:50:53] TINYDRAW_LIVE_PRESENT kind=gate_fallback zoom=400 x=0 y=0 compose_us=16382 scroll_us=0 exposed_compose_us=0 chrome_us=6541 chrome_prepare_us=2229 chrome_stage_us=4312 read_submit_us=23303 read_complete_us=26968 transfer_wait_us=21125 tile_pixels=0 uniform_pixels=0 overview_pixels=0 fallback_pixels=164864 resident_tiles=0 fallback_tiles=42 pushes=11 tear_wait_us=4561 tear_edge_isr_to_resume_us=16 tear_edge_observed=1 tear_edge_wait_resumed=1 tear_edge_timeout=0 tear_heal_attempted=0 tear_heal_command_sent=0 presentation_experiment=boundary-top-sweep te_edge=rising requested_clock_mhz=50 effective_clock_mhz=40 frame_reused=0 pass=1
[15:50:53] TINYDRAW_GATE1_HARD zoom=400 cold=1 operations=1008 samples=19852 steps=248 tiles=42 scanned=12096 rendered=551 max_supertask_us=7150 presentation_us=71805 total_us=247194 maximum_wall_us=500000 pass=1
[15:50:54] TINYDRAW_GATE1_PAN zoom=400 from_x=0 from_y=0 to_x=88 to_y=88 compose_us=16393 scroll_us=13 exposed_compose_us=16380 chrome_us=2227 event_submit_us=29753 event_complete_us=33036 transfer_us=16282 setup=1 present=1 moved=1 frame_reused=1 pass=1
[15:50:57] TINYDRAW_PANSEQ_FRAME zoom=100 step=0 dx=24 dy=18 scroll_us=13 exposed_compose_us=4950 chrome_us=2431 tear_wait_us=7930 present_us=16938 prepare_us=11074 acquire_wait_us=27 ring_copy_us=8634 patch_us=2428 byte_swap_us=12 staging_us=3881 event_submit_us=13042 event_complete_us=16344 frame_us=29964 tear_edge_observed=1 frame_reused=1 pass=1
[15:50:58] TINYDRAW_PANSEQ_FRAME zoom=100 step=1 dx=24 dy=18 scroll_us=14 exposed_compose_us=5008 chrome_us=2418 tear_wait_us=11450 present_us=16326 prepare_us=11054 acquire_wait_us=29 ring_copy_us=8624 patch_us=2417 byte_swap_us=13 staging_us=3909 event_submit_us=16613 event_complete_us=19928 frame_us=32923 tear_edge_observed=1 frame_reused=1 pass=1
[15:50:58] TINYDRAW_PANSEQ_FRAME zoom=100 step=2 dx=24 dy=18 scroll_us=14 exposed_compose_us=4628 chrome_us=2422 tear_wait_us=12418 present_us=16724 prepare_us=11117 acquire_wait_us=26 ring_copy_us=8692 patch_us=2412 byte_swap_us=13 staging_us=3889 event_submit_us=17213 event_complete_us=20549 frame_us=33924 tear_edge_observed=1 frame_reused=1 pass=1
[15:50:58] TINYDRAW_PANSEQ_FRAME zoom=100 step=3 dx=24 dy=18 scroll_us=14 exposed_compose_us=5227 chrome_us=2430 tear_wait_us=11444 present_us=16102 prepare_us=11101 acquire_wait_us=26 ring_copy_us=8658 patch_us=2429 byte_swap_us=14 staging_us=3876 event_submit_us=16828 event_complete_us=20157 frame_us=32913 tear_edge_observed=1 frame_reused=1 pass=1
[15:50:58] TINYDRAW_PANSEQ_FRAME zoom=100 step=4 dx=24 dy=18 scroll_us=14 exposed_compose_us=4757 chrome_us=2479 tear_wait_us=12544 present_us=16484 prepare_us=11101 acquire_wait_us=29 ring_copy_us=8612 patch_us=2477 byte_swap_us=12 staging_us=3861 event_submit_us=17474 event_complete_us=20779 frame_us=33923 tear_edge_observed=1 frame_reused=1 pass=1
[15:50:58] TINYDRAW_PANSEQ_FRAME zoom=100 step=5 dx=24 dy=18 scroll_us=13 exposed_compose_us=4975 chrome_us=2404 tear_wait_us=11932 present_us=16879 prepare_us=11025 acquire_wait_us=27 ring_copy_us=8609 patch_us=2405 byte_swap_us=11 staging_us=3942 event_submit_us=17061 event_complete_us=20381 frame_us=33926 tear_edge_observed=1 frame_reused=1 pass=1
[15:50:58] TINYDRAW_PANSEQ_FRAME zoom=100 step=6 dx=24 dy=18 scroll_us=14 exposed_compose_us=4655 chrome_us=2390 tear_wait_us=11846 present_us=16281 prepare_us=11083 acquire_wait_us=31 ring_copy_us=8691 patch_us=2379 byte_swap_us=13 staging_us=3874 event_submit_us=16669 event_complete_us=19965 frame_us=32923 tear_edge_observed=1 frame_reused=1 pass=1
[15:50:58] TINYDRAW_PANSEQ_FRAME zoom=100 step=7 dx=24 dy=18 scroll_us=13 exposed_compose_us=5066 chrome_us=2413 tear_wait_us=12043 present_us=16675 prepare_us=11018 acquire_wait_us=30 ring_copy_us=8592 patch_us=2414 byte_swap_us=12 staging_us=3948 event_submit_us=17265 event_complete_us=20567 frame_us=33927 tear_edge_observed=1 frame_reused=1 pass=1
[15:50:58] TINYDRAW_PANSEQ_FRAME zoom=100 step=8 dx=24 dy=18 scroll_us=14 exposed_compose_us=5034 chrome_us=2425 tear_wait_us=11688 present_us=16048 prepare_us=11122 acquire_wait_us=24 ring_copy_us=8688 patch_us=2423 byte_swap_us=11 staging_us=3851 event_submit_us=16898 event_complete_us=20205 frame_us=32924 tear_edge_observed=1 frame_reused=1 pass=1
[15:50:58] TINYDRAW_PANSEQ_FRAME zoom=100 step=9 dx=24 dy=18 scroll_us=13 exposed_compose_us=5035 chrome_us=2461 tear_wait_us=12324 present_us=16428 prepare_us=11063 acquire_wait_us=27 ring_copy_us=8577 patch_us=2474 byte_swap_us=12 staging_us=3894 event_submit_us=17513 event_complete_us=20814 frame_us=33927 tear_edge_observed=1 frame_reused=1 pass=1
[15:50:58] TINYDRAW_PANSEQ_FRAME zoom=100 step=10 dx=24 dy=18 scroll_us=14 exposed_compose_us=4707 chrome_us=2419 tear_wait_us=12279 present_us=16799 prepare_us=11128 acquire_wait_us=25 ring_copy_us=8700 patch_us=2418 byte_swap_us=10 staging_us=3868 event_submit_us=17143 event_complete_us=20485 frame_us=33933 tear_edge_observed=1 frame_reused=1 pass=1
[15:50:58] TINYDRAW_PANSEQ_FRAME zoom=100 step=11 dx=24 dy=18 scroll_us=14 exposed_compose_us=5494 chrome_us=2414 tear_wait_us=11107 present_us=16174 prepare_us=11084 acquire_wait_us=28 ring_copy_us=8662 patch_us=2412 byte_swap_us=10 staging_us=3894 event_submit_us=16760 event_complete_us=20085 frame_us=32917 tear_edge_observed=1 frame_reused=1 pass=1
[15:50:58] TINYDRAW_PANSEQ_FRAME zoom=100 step=12 dx=24 dy=18 scroll_us=14 exposed_compose_us=4810 chrome_us=2419 tear_wait_us=12400 present_us=16566 prepare_us=11001 acquire_wait_us=28 ring_copy_us=8574 patch_us=2413 byte_swap_us=14 staging_us=3921 event_submit_us=17374 event_complete_us=20682 frame_us=33923 tear_edge_observed=1 frame_reused=1 pass=1
[15:50:58] TINYDRAW_PANSEQ_FRAME zoom=100 step=13 dx=24 dy=18 scroll_us=13 exposed_compose_us=5064 chrome_us=2406 tear_wait_us=11780 present_us=15947 prepare_us=11017 acquire_wait_us=29 ring_copy_us=8598 patch_us=2407 byte_swap_us=12 staging_us=3934 event_submit_us=17002 event_complete_us=20289 frame_us=32935 tear_edge_observed=1 frame_reused=1 pass=1
[15:50:58] TINYDRAW_PANSEQ_FRAME zoom=100 step=14 dx=24 dy=18 scroll_us=13 exposed_compose_us=4918 chrome_us=2378 tear_wait_us=12534 present_us=16323 prepare_us=11060 acquire_wait_us=28 ring_copy_us=8670 patch_us=2377 byte_swap_us=13 staging_us=3908 event_submit_us=17608 event_complete_us=20930 frame_us=33915 tear_edge_observed=1 frame_reused=1 pass=1
[15:50:58] TINYDRAW_PANSEQ_FRAME zoom=100 step=15 dx=24 dy=18 scroll_us=13 exposed_compose_us=5148 chrome_us=2424 tear_wait_us=11935 present_us=16703 prepare_us=11035 acquire_wait_us=28 ring_copy_us=8601 patch_us=2423 byte_swap_us=11 staging_us=3944 event_submit_us=17240 event_complete_us=20557 frame_us=33927 tear_edge_observed=1 frame_reused=1 pass=1
[15:50:58] TINYDRAW_PANSEQ_FRAME zoom=100 step=16 dx=72 dy=54 scroll_us=13 exposed_compose_us=13286 chrome_us=2426 tear_wait_us=3410 present_us=16063 prepare_us=11094 acquire_wait_us=25 ring_copy_us=8669 patch_us=2411 byte_swap_us=14 staging_us=3858 event_submit_us=16871 event_complete_us=20166 frame_us=32912 tear_edge_observed=1 frame_reused=1 pass=1
[15:50:58] TINYDRAW_PANSEQ_FRAME zoom=100 step=17 dx=72 dy=54 scroll_us=13 exposed_compose_us=13086 chrome_us=2478 tear_wait_us=4281 present_us=16432 prepare_us=11029 acquire_wait_us=36 ring_copy_us=8528 patch_us=2488 byte_swap_us=13 staging_us=3884 event_submit_us=17509 event_complete_us=20776 frame_us=33927 tear_edge_observed=1 frame_reused=1 pass=1
[15:50:58] TINYDRAW_PANSEQ_FRAME zoom=100 step=18 dx=72 dy=54 scroll_us=14 exposed_compose_us=12371 chrome_us=2417 tear_wait_us=4602 present_us=16804 prepare_us=11104 acquire_wait_us=25 ring_copy_us=8681 patch_us=2410 byte_swap_us=13 staging_us=3862 event_submit_us=17136 event_complete_us=20440 frame_us=33933 tear_edge_observed=1 frame_reused=1 pass=1
[15:50:58] TINYDRAW_PANSEQ_FRAME zoom=100 step=19 dx=72 dy=54 scroll_us=13 exposed_compose_us=12689 chrome_us=2398 tear_wait_us=3911 present_us=16173 prepare_us=11025 acquire_wait_us=28 ring_copy_us=8615 patch_us=2397 byte_swap_us=13 staging_us=3931 event_submit_us=16756 event_complete_us=20054 frame_us=32916 tear_edge_observed=1 frame_reused=1 pass=1
[15:50:58] TINYDRAW_PANSEQ_FRAME zoom=100 step=20 dx=-72 dy=-54 scroll_us=14 exposed_compose_us=13410 chrome_us=2413 tear_wait_us=3809 present_us=16561 prepare_us=10972 acquire_wait_us=28 ring_copy_us=8552 patch_us=2407 byte_swap_us=13 staging_us=3938 event_submit_us=17380 event_complete_us=20671 frame_us=33923 tear_edge_observed=1 frame_reused=1 pass=1
[15:50:58] TINYDRAW_PANSEQ_FRAME zoom=100 step=21 dx=-72 dy=-54 scroll_us=13 exposed_compose_us=13219 chrome_us=2417 tear_wait_us=3631 present_us=15944 prepare_us=11011 acquire_wait_us=28 ring_copy_us=8574 patch_us=2424 byte_swap_us=13 staging_us=3929 event_submit_us=17000 event_complete_us=20273 frame_us=32927 tear_edge_observed=1 frame_reused=1 pass=1
[15:50:58] TINYDRAW_PANSEQ_FRAME zoom=100 step=22 dx=-72 dy=-54 scroll_us=13 exposed_compose_us=13199 chrome_us=2392 tear_wait_us=4269 present_us=16313 prepare_us=11067 acquire_wait_us=29 ring_copy_us=8667 patch_us=2386 byte_swap_us=14 staging_us=3884 event_submit_us=17644 event_complete_us=20935 frame_us=33923 tear_edge_observed=1 frame_reused=1 pass=1
[15:50:58] TINYDRAW_PANSEQ_FRAME zoom=100 step=23 dx=-72 dy=-54 scroll_us=13 exposed_compose_us=12744 chrome_us=2415 tear_wait_us=4368 present_us=16673 prepare_us=11003 acquire_wait_us=30 ring_copy_us=8578 patch_us=2412 byte_swap_us=13 staging_us=3960 event_submit_us=17268 event_complete_us=20562 frame_us=33927 tear_edge_observed=1 frame_reused=1 pass=1
[15:50:58] TINYDRAW_PANSEQ_STRIP zoom=100 strip=0 panel_y=0 rows=44 samples=24 staging_mean_us=1434 staging_max_us=1480 wire_budget_us=1619 over_budget_us=0 pass=1
[15:50:58] TINYDRAW_PANSEQ_STRIP zoom=100 strip=1 panel_y=44 rows=44 samples=24 staging_mean_us=1284 staging_max_us=1316 wire_budget_us=1619 over_budget_us=0 pass=1
[15:50:58] TINYDRAW_PANSEQ_STRIP zoom=100 strip=2 panel_y=88 rows=44 samples=24 staging_mean_us=1218 staging_max_us=1234 wire_budget_us=1619 over_budget_us=0 pass=1
[15:50:58] TINYDRAW_PANSEQ_STRIP zoom=100 strip=3 panel_y=132 rows=44 samples=24 staging_mean_us=1213 staging_max_us=1229 wire_budget_us=1619 over_budget_us=0 pass=1
[15:50:58] TINYDRAW_PANSEQ_STRIP zoom=100 strip=4 panel_y=176 rows=44 samples=24 staging_mean_us=1213 staging_max_us=1223 wire_budget_us=1619 over_budget_us=0 pass=1
[15:50:58] TINYDRAW_PANSEQ_STRIP zoom=100 strip=5 panel_y=220 rows=44 samples=24 staging_mean_us=1235 staging_max_us=1254 wire_budget_us=1619 over_budget_us=0 pass=1
[15:50:58] TINYDRAW_PANSEQ_STRIP zoom=100 strip=6 panel_y=264 rows=44 samples=24 staging_mean_us=1415 staging_max_us=1443 wire_budget_us=1619 over_budget_us=0 pass=1
[15:50:58] TINYDRAW_PANSEQ_STRIP zoom=100 strip=7 panel_y=308 rows=44 samples=24 staging_mean_us=1409 staging_max_us=1437 wire_budget_us=1619 over_budget_us=0 pass=1
[15:50:58] TINYDRAW_PANSEQ_STRIP zoom=100 strip=8 panel_y=352 rows=20 samples=24 staging_mean_us=661 staging_max_us=704 wire_budget_us=736 over_budget_us=0 pass=1
[15:50:58] TINYDRAW_GATE1_PANSEQ zoom=100 frames=24 scroll_avg_us=13 exposed_avg_us=7645 chrome_avg_us=2420 tear_wait_avg_us=9163 present_avg_us=16431 prepare_avg_us=11057 acquire_wait_avg_us=27 ring_copy_avg_us=8626 patch_avg_us=2418 byte_swap_avg_us=12 staging_avg_us=3901 frame_avg_us=33383 frame_p50_us=33923 frame_p95_us=33933 frame_max_us=33933 complete_p50_us=20440 complete_p95_us=20930 complete_max_us=20935 tear_edge_failures=0 presentation_experiment=boundary-top-sweep te_edge=rising requested_clock_mhz=50 effective_clock_mhz=40 chrome_bottom_redraws=0 chrome_battery_redraws=0 chrome_zoom_redraws=0 chrome_minimap_base_redraws=0 strip_samples=216 staging_mean_us=1231 staging_max_us=1480 worst_strip=8 worst_strip_y=352 worst_wire_budget_us=736 worst_headroom_us=32 staging_invariant=1 pacing_pass=1 all_reused=1 pass=1
[15:51:01] TINYDRAW_PANSEQ_FRAME zoom=400 step=0 dx=24 dy=18 scroll_us=13 exposed_compose_us=4940 chrome_us=2232 tear_wait_us=7487 present_us=16394 prepare_us=10900 acquire_wait_us=28 ring_copy_us=8656 patch_us=2233 byte_swap_us=11 staging_us=4054 event_submit_us=12585 event_complete_us=15893 frame_us=28963 tear_edge_observed=1 frame_reused=1 pass=1
[15:51:01] TINYDRAW_PANSEQ_FRAME zoom=400 step=1 dx=24 dy=18 scroll_us=13 exposed_compose_us=4870 chrome_us=2252 tear_wait_us=12132 present_us=16779 prepare_us=10896 acquire_wait_us=43 ring_copy_us=8633 patch_us=2249 byte_swap_us=14 staging_us=4074 event_submit_us=17161 event_complete_us=20475 frame_us=33937 tear_edge_observed=1 frame_reused=1 pass=1
[15:51:01] TINYDRAW_PANSEQ_FRAME zoom=400 step=2 dx=24 dy=18 scroll_us=13 exposed_compose_us=4501 chrome_us=2230 tear_wait_us=12115 present_us=16153 prepare_us=10914 acquire_wait_us=24 ring_copy_us=8677 patch_us=2224 byte_swap_us=13 staging_us=4049 event_submit_us=16775 event_complete_us=20102 frame_us=32912 tear_edge_observed=1 frame_reused=1 pass=1
[15:51:01] TINYDRAW_PANSEQ_FRAME zoom=400 step=3 dx=24 dy=18 scroll_us=13 exposed_compose_us=4929 chrome_us=2285 tear_wait_us=12313 present_us=16541 prepare_us=10843 acquire_wait_us=26 ring_copy_us=8550 patch_us=2281 byte_swap_us=12 staging_us=4110 event_submit_us=17420 event_complete_us=20723 frame_us=33925 tear_edge_observed=1 frame_reused=1 pass=1
[15:51:01] TINYDRAW_PANSEQ_FRAME zoom=400 step=4 dx=24 dy=18 scroll_us=13 exposed_compose_us=4456 chrome_us=2204 tear_wait_us=12415 present_us=16912 prepare_us=10840 acquire_wait_us=28 ring_copy_us=8627 patch_us=2201 byte_swap_us=12 staging_us=4136 event_submit_us=17030 event_complete_us=20349 frame_us=33923 tear_edge_observed=1 frame_reused=1 pass=1
[15:51:01] TINYDRAW_PANSEQ_FRAME zoom=400 step=5 dx=24 dy=18 scroll_us=13 exposed_compose_us=4777 chrome_us=2220 tear_wait_us=11729 present_us=16272 prepare_us=10881 acquire_wait_us=28 ring_copy_us=8657 patch_us=2211 byte_swap_us=13 staging_us=4075 event_submit_us=16679 event_complete_us=19971 frame_us=32926 tear_edge_observed=1 frame_reused=1 pass=1
[15:51:01] TINYDRAW_PANSEQ_FRAME zoom=400 step=6 dx=24 dy=18 scroll_us=13 exposed_compose_us=4658 chrome_us=2214 tear_wait_us=12476 present_us=16647 prepare_us=10850 acquire_wait_us=30 ring_copy_us=8617 patch_us=2214 byte_swap_us=19 staging_us=4113 event_submit_us=17292 event_complete_us=20593 frame_us=33923 tear_edge_observed=1 frame_reused=1 pass=1
[15:51:01] TINYDRAW_PANSEQ_FRAME zoom=400 step=7 dx=24 dy=18 scroll_us=14 exposed_compose_us=5207 chrome_us=2254 tear_wait_us=11554 present_us=16015 prepare_us=10881 acquire_wait_us=25 ring_copy_us=8608 patch_us=2260 byte_swap_us=13 staging_us=4068 event_submit_us=16931 event_complete_us=20218 frame_us=32928 tear_edge_observed=1 frame_reused=1 pass=1
[15:51:01] TINYDRAW_PANSEQ_FRAME zoom=400 step=8 dx=24 dy=18 scroll_us=13 exposed_compose_us=5254 chrome_us=2233 tear_wait_us=12138 present_us=16390 prepare_us=10893 acquire_wait_us=26 ring_copy_us=8634 patch_us=2245 byte_swap_us=14 staging_us=4066 event_submit_us=17548 event_complete_us=20846 frame_us=33923 tear_edge_observed=1 frame_reused=1 pass=1
[15:51:01] TINYDRAW_PANSEQ_FRAME zoom=400 step=9 dx=24 dy=18 scroll_us=14 exposed_compose_us=5258 chrome_us=2237 tear_wait_us=11770 present_us=16757 prepare_us=10870 acquire_wait_us=25 ring_copy_us=8626 patch_us=2232 byte_swap_us=12 staging_us=4101 event_submit_us=17186 event_complete_us=20492 frame_us=33927 tear_edge_observed=1 frame_reused=1 pass=1
[15:51:01] TINYDRAW_PANSEQ_FRAME zoom=400 step=10 dx=24 dy=18 scroll_us=13 exposed_compose_us=4891 chrome_us=2246 tear_wait_us=11761 present_us=16120 prepare_us=10933 acquire_wait_us=28 ring_copy_us=8675 patch_us=2244 byte_swap_us=14 staging_us=4042 event_submit_us=16807 event_complete_us=20132 frame_us=32912 tear_edge_observed=1 frame_reused=1 pass=1
[15:51:01] TINYDRAW_PANSEQ_FRAME zoom=400 step=11 dx=24 dy=18 scroll_us=14 exposed_compose_us=5811 chrome_us=2303 tear_wait_us=11471 present_us=16497 prepare_us=10892 acquire_wait_us=27 ring_copy_us=8587 patch_us=2292 byte_swap_us=13 staging_us=4070 event_submit_us=17460 event_complete_us=20759 frame_us=33927 tear_edge_observed=1 frame_reused=1 pass=1
[15:51:01] TINYDRAW_PANSEQ_FRAME zoom=400 step=12 dx=24 dy=18 scroll_us=13 exposed_compose_us=5096 chrome_us=2239 tear_wait_us=11836 present_us=16849 prepare_us=10903 acquire_wait_us=26 ring_copy_us=8657 patch_us=2234 byte_swap_us=12 staging_us=4066 event_submit_us=17091 event_complete_us=20406 frame_us=33923 tear_edge_observed=1 frame_reused=1 pass=1
[15:51:01] TINYDRAW_PANSEQ_FRAME zoom=400 step=13 dx=24 dy=18 scroll_us=14 exposed_compose_us=5317 chrome_us=2246 tear_wait_us=11245 present_us=16198 prepare_us=10861 acquire_wait_us=26 ring_copy_us=8631 patch_us=2217 byte_swap_us=13 staging_us=4080 event_submit_us=16743 event_complete_us=20035 frame_us=32927 tear_edge_observed=1 frame_reused=1 pass=1
[15:51:01] TINYDRAW_PANSEQ_FRAME zoom=400 step=14 dx=24 dy=18 scroll_us=13 exposed_compose_us=5135 chrome_us=2225 tear_wait_us=12069 present_us=16578 prepare_us=10809 acquire_wait_us=30 ring_copy_us=8574 patch_us=2223 byte_swap_us=12 staging_us=4112 event_submit_us=17361 event_complete_us=20671 frame_us=33923 tear_edge_observed=1 frame_reused=1 pass=1
[15:51:01] TINYDRAW_PANSEQ_FRAME zoom=400 step=15 dx=24 dy=18 scroll_us=14 exposed_compose_us=5435 chrome_us=2248 tear_wait_us=11387 present_us=15963 prepare_us=10873 acquire_wait_us=28 ring_copy_us=8619 patch_us=2242 byte_swap_us=12 staging_us=4083 event_submit_us=16980 event_complete_us=20266 frame_us=32927 tear_edge_observed=1 frame_reused=1 pass=1
[15:51:01] TINYDRAW_PANSEQ_FRAME zoom=400 step=16 dx=72 dy=54 scroll_us=13 exposed_compose_us=14178 chrome_us=2234 tear_wait_us=3259 present_us=16346 prepare_us=10891 acquire_wait_us=26 ring_copy_us=8645 patch_us=2232 byte_swap_us=14 staging_us=4045 event_submit_us=17592 event_complete_us=20892 frame_us=33923 tear_edge_observed=1 frame_reused=1 pass=1
[15:51:02] TINYDRAW_PANSEQ_FRAME zoom=400 step=17 dx=72 dy=54 scroll_us=14 exposed_compose_us=13742 chrome_us=2230 tear_wait_us=3313 present_us=16729 prepare_us=10885 acquire_wait_us=24 ring_copy_us=8645 patch_us=2228 byte_swap_us=12 staging_us=4080 event_submit_us=17210 event_complete_us=20506 frame_us=33927 tear_edge_observed=1 frame_reused=1 pass=1
[15:51:02] TINYDRAW_PANSEQ_FRAME zoom=400 step=18 dx=72 dy=54 scroll_us=14 exposed_compose_us=13785 chrome_us=2246 tear_wait_us=2864 present_us=16117 prepare_us=10917 acquire_wait_us=27 ring_copy_us=8668 patch_us=2236 byte_swap_us=13 staging_us=4048 event_submit_us=16812 event_complete_us=20130 frame_us=32912 tear_edge_observed=1 frame_reused=1 pass=1
[15:51:02] TINYDRAW_PANSEQ_FRAME zoom=400 step=19 dx=72 dy=54 scroll_us=13 exposed_compose_us=14660 chrome_us=2300 tear_wait_us=2623 present_us=16498 prepare_us=10892 acquire_wait_us=26 ring_copy_us=8583 patch_us=2296 byte_swap_us=13 staging_us=4070 event_submit_us=17457 event_complete_us=20756 frame_us=33926 tear_edge_observed=1 frame_reused=1 pass=1
[15:51:02] TINYDRAW_PANSEQ_FRAME zoom=400 step=20 dx=-72 dy=-54 scroll_us=13 exposed_compose_us=14238 chrome_us=2248 tear_wait_us=2667 present_us=16875 prepare_us=10902 acquire_wait_us=25 ring_copy_us=8648 patch_us=2241 byte_swap_us=13 staging_us=4079 event_submit_us=17066 event_complete_us=20397 frame_us=33923 tear_edge_observed=1 frame_reused=1 pass=1
[15:51:02] TINYDRAW_PANSEQ_FRAME zoom=400 step=21 dx=-72 dy=-54 scroll_us=14 exposed_compose_us=13875 chrome_us=2214 tear_wait_us=2676 present_us=16230 prepare_us=10847 acquire_wait_us=30 ring_copy_us=8624 patch_us=2210 byte_swap_us=13 staging_us=4071 event_submit_us=16713 event_complete_us=19971 frame_us=32928 tear_edge_observed=1 frame_reused=1 pass=1
[15:51:02] TINYDRAW_PANSEQ_FRAME zoom=400 step=22 dx=-72 dy=-54 scroll_us=13 exposed_compose_us=13727 chrome_us=2222 tear_wait_us=3439 present_us=16616 prepare_us=10804 acquire_wait_us=28 ring_copy_us=8564 patch_us=2222 byte_swap_us=18 staging_us=4119 event_submit_us=17322 event_complete_us=20591 frame_us=33923 tear_edge_observed=1 frame_reused=1 pass=1
[15:51:02] TINYDRAW_PANSEQ_FRAME zoom=400 step=23 dx=-72 dy=-54 scroll_us=14 exposed_compose_us=12871 chrome_us=2241 tear_wait_us=3934 present_us=15979 prepare_us=10877 acquire_wait_us=26 ring_copy_us=8627 patch_us=2238 byte_swap_us=12 staging_us=4070 event_submit_us=16962 event_complete_us=20244 frame_us=32927 tear_edge_observed=1 frame_reused=1 pass=1
[15:51:02] TINYDRAW_PANSEQ_STRIP zoom=400 strip=0 panel_y=0 rows=44 samples=24 staging_mean_us=1433 staging_max_us=1469 wire_budget_us=1619 over_budget_us=0 pass=1
[15:51:02] TINYDRAW_PANSEQ_STRIP zoom=400 strip=1 panel_y=44 rows=44 samples=24 staging_mean_us=1287 staging_max_us=1319 wire_budget_us=1619 over_budget_us=0 pass=1
[15:51:02] TINYDRAW_PANSEQ_STRIP zoom=400 strip=2 panel_y=88 rows=44 samples=24 staging_mean_us=1217 staging_max_us=1232 wire_budget_us=1619 over_budget_us=0 pass=1
[15:51:02] TINYDRAW_PANSEQ_STRIP zoom=400 strip=3 panel_y=132 rows=44 samples=24 staging_mean_us=1213 staging_max_us=1227 wire_budget_us=1619 over_budget_us=0 pass=1
[15:51:02] TINYDRAW_PANSEQ_STRIP zoom=400 strip=4 panel_y=176 rows=44 samples=24 staging_mean_us=1211 staging_max_us=1230 wire_budget_us=1619 over_budget_us=0 pass=1
[15:51:02] TINYDRAW_PANSEQ_STRIP zoom=400 strip=5 panel_y=220 rows=44 samples=24 staging_mean_us=1192 staging_max_us=1212 wire_budget_us=1619 over_budget_us=0 pass=1
[15:51:02] TINYDRAW_PANSEQ_STRIP zoom=400 strip=6 panel_y=264 rows=44 samples=24 staging_mean_us=1365 staging_max_us=1402 wire_budget_us=1619 over_budget_us=0 pass=1
[15:51:02] TINYDRAW_PANSEQ_STRIP zoom=400 strip=7 panel_y=308 rows=44 samples=24 staging_mean_us=1366 staging_max_us=1388 wire_budget_us=1619 over_budget_us=0 pass=1
[15:51:02] TINYDRAW_PANSEQ_STRIP zoom=400 strip=8 panel_y=352 rows=20 samples=24 staging_mean_us=616 staging_max_us=649 wire_budget_us=736 over_budget_us=0 pass=1
[15:51:02] TINYDRAW_GATE1_PANSEQ zoom=400 frames=24 scroll_avg_us=13 exposed_avg_us=7983 chrome_avg_us=2241 tear_wait_avg_us=8778 present_avg_us=16435 prepare_avg_us=10877 acquire_wait_avg_us=27 ring_copy_avg_us=8626 patch_avg_us=2237 byte_swap_avg_us=13 staging_avg_us=4078 frame_avg_us=33342 frame_p50_us=33923 frame_p95_us=33927 frame_max_us=33937 complete_p50_us=20397 complete_p95_us=20846 complete_max_us=20892 tear_edge_failures=0 presentation_experiment=boundary-top-sweep te_edge=rising requested_clock_mhz=50 effective_clock_mhz=40 chrome_bottom_redraws=0 chrome_battery_redraws=0 chrome_zoom_redraws=0 chrome_minimap_base_redraws=0 strip_samples=216 staging_mean_us=1211 staging_max_us=1469 worst_strip=8 worst_strip_y=352 worst_wire_budget_us=736 worst_headroom_us=87 staging_invariant=1 pacing_pass=1 all_reused=1 pass=1
[15:51:02] TINYDRAW_GATE1_PAN_BOUNDARY zoom=100 slow_1px_trace=1 below_delta=94 below_reused=1 at_delta=96 at_reused=1 above_delta=98 above_fallback=1 pass=1
[15:51:03] TINYDRAW_GATE1_PAN_BOUNDARY zoom=400 slow_1px_trace=1 below_delta=94 below_reused=1 at_delta=96 at_reused=1 above_delta=98 above_fallback=1 pass=1
[15:51:03] TINYDRAW_GATE1_DRAW_FILL zoom=400 revision=2930 append_us=1060 poll_gap_us=94 event_submit_us=217 event_complete_us=2212 max_compute_slice_us=4926 max_display_slice_us=17654 fill_us=257448 revision_restarted=1 pass=1
[15:51:04] TINYDRAW_GATE1_CACHE_FILL zoom=50 x=63 y=63 published=56 total_us=736972 within_cold_gate=0 complete=1
[15:51:04] TINYDRAW_GATE1_CACHE_FILL zoom=100 x=63 y=63 published=56 total_us=583972 within_cold_gate=0 complete=1
[15:51:05] TINYDRAW_GATE1_CACHE_FILL zoom=200 x=63 y=63 published=56 total_us=421970 within_cold_gate=1 complete=1
[15:51:05] TINYDRAW_GATE1_CACHE_FILL zoom=400 x=63 y=63 published=56 total_us=355969 within_cold_gate=1 complete=1
[15:51:06] TINYDRAW_GATE1_CACHE_REVISIT zoom=50 remaining=0 tile_pixels=118128 fallback_pixels=0 compose_us=18380 complete_us=20686 hit=1
[15:51:06] TINYDRAW_GATE1_CACHE_REVISIT zoom=100 remaining=0 tile_pixels=164864 fallback_pixels=0 compose_us=20232 complete_us=20270 hit=1
[15:51:06] TINYDRAW_GATE1_CACHE_REVISIT zoom=200 remaining=0 tile_pixels=164864 fallback_pixels=0 compose_us=21176 complete_us=20850 hit=1
[15:51:06] TINYDRAW_GATE1_CACHE_REVISIT zoom=400 remaining=0 tile_pixels=164608 fallback_pixels=0 compose_us=22132 complete_us=20426 hit=1
[15:51:06] TINYDRAW_GATE1_CACHE_FILL zoom=400 x=575 y=575 published=56 total_us=395975 within_cold_gate=1 complete=1
[15:51:06] TINYDRAW_GATE1_CACHE_ROUND_TRIP zoom=50 from_x=63 from_y=63 via_x=575 via_y=575 remaining=0 tile_pixels=118128 fallback_pixels=0 compose_us=18272 complete_us=20590 hit=1
[15:51:06] TINYDRAW_GATE1_CACHE_ROUND_TRIP zoom=100 from_x=63 from_y=63 via_x=575 via_y=575 remaining=0 tile_pixels=164864 fallback_pixels=0 compose_us=20117 complete_us=21189 hit=1
[15:51:06] TINYDRAW_GATE1_CACHE_ROUND_TRIP zoom=200 from_x=63 from_y=63 via_x=575 via_y=575 remaining=0 tile_pixels=164864 fallback_pixels=0 compose_us=21018 complete_us=20773 hit=1
[15:51:06] TINYDRAW_GATE1_CACHE_ROUND_TRIP zoom=400 from_x=63 from_y=63 via_x=575 via_y=575 remaining=0 tile_pixels=164608 fallback_pixels=0 compose_us=22199 complete_us=20575 hit=1
[15:51:06] TINYDRAW_GATE1_CACHE_RETENTION pass=1 slots=448 revision=2930
[15:51:08] TINYDRAW_PAPER_SWEEP zoom=100 identities=644 raw=266 uniform=378 fallback=0 slots=448 total_us=1586528 pass=1
[15:51:08] TINYDRAW_RERENDER_LEDGER_RESET site=cache_tour_start
[15:51:12] TINYDRAW_GATE1_CACHE_TOUR slots=448 stops=16 forward_steps=2595 forward_tiles=832 forward_wall_us=2203872 return_missing_tiles=0 return_steps=16 return_tiles=0 return_wall_us=43376 home_missing=0 home_fallback_pixels=0 pass=1
[15:51:12] TINYDRAW_RERENDER_LEDGER site=cache_tour renders=137 unique=137 amplification=1.000 cold=137 damage=0 evict=0 stale=0 unexplained=0
[15:51:13] TINYDRAW_GATE1_MIXED_DRAW_WARM zoom=50 fill_tiles=56 fill_us=653593 raw=42 uniform=14
[15:51:13] TINYDRAW_GATE1_MIXED_DRAW_WARM zoom=100 fill_tiles=56 fill_us=496885 raw=56 uniform=0
[15:51:14] TINYDRAW_GATE1_MIXED_DRAW_WARM zoom=200 fill_tiles=56 fill_us=398696 raw=56 uniform=0
[15:51:14] TINYDRAW_GATE1_MIXED_DRAW_WARM zoom=400 fill_tiles=42 fill_us=251328 raw=42 uniform=0
[15:51:15] TINYDRAW_GATE1_MIXED_DRAW zoom=25 tool=pen chunks=50 append_max_us=13321 append_avg_us=11980 append_total_us=599018 affected_tiles=196 published=0 fallback=196 visible_fallback=0 ph_prepare_max_us=157 ph_overview_max_us=9137 ph_enumerate_max_us=544 ph_uniform_max_us=106 ph_raw_max_us=26 ph_commit_max_us=3514 committed=1 authority=1 refresh=1 run_ok=1 pass=1
[15:51:16] TINYDRAW_GATE1_MIXED_DRAW zoom=25 tool=eraser chunks=50 append_max_us=13480 append_avg_us=11915 append_total_us=595783 affected_tiles=0 published=0 fallback=0 visible_fallback=0 ph_prepare_max_us=159 ph_overview_max_us=9279 ph_enumerate_max_us=525 ph_uniform_max_us=10 ph_raw_max_us=14 ph_commit_max_us=3557 committed=1 authority=1 refresh=1 run_ok=1 pass=1
[15:51:19] TINYDRAW_GATE1_MIXED_DRAW zoom=50 tool=pen chunks=50 append_max_us=19637 append_avg_us=16585 append_total_us=829252 affected_tiles=422 published=400 fallback=22 visible_fallback=0 ph_prepare_max_us=194 ph_overview_max_us=3875 ph_enumerate_max_us=526 ph_uniform_max_us=5444 ph_raw_max_us=12332 ph_commit_max_us=1750 committed=1 authority=1 refresh=1 run_ok=1 pass=0
[15:51:20] TINYDRAW_GATE1_MIXED_DRAW zoom=50 tool=eraser chunks=50 append_max_us=18231 append_avg_us=16333 append_total_us=816667 affected_tiles=405 published=405 fallback=0 visible_fallback=0 ph_prepare_max_us=172 ph_overview_max_us=3872 ph_enumerate_max_us=542 ph_uniform_max_us=31 ph_raw_max_us=12366 ph_commit_max_us=1572 committed=1 authority=1 refresh=1 run_ok=1 pass=0
[15:51:22] TINYDRAW_GATE1_MIXED_DRAW zoom=100 tool=pen chunks=50 append_max_us=16124 append_avg_us=13992 append_total_us=699624 affected_tiles=450 published=398 fallback=52 visible_fallback=0 ph_prepare_max_us=169 ph_overview_max_us=1920 ph_enumerate_max_us=554 ph_uniform_max_us=4399 ph_raw_max_us=12443 ph_commit_max_us=1016 committed=1 authority=1 refresh=1 run_ok=1 pass=0
[15:51:23] TINYDRAW_GATE1_MIXED_DRAW zoom=100 tool=eraser chunks=50 append_max_us=15416 append_avg_us=13752 append_total_us=687624 affected_tiles=399 published=399 fallback=0 visible_fallback=0 ph_prepare_max_us=172 ph_overview_max_us=1922 ph_enumerate_max_us=484 ph_uniform_max_us=31 ph_raw_max_us=12454 ph_commit_max_us=821 committed=1 authority=1 refresh=1 run_ok=1 pass=0
[15:51:25] TINYDRAW_GATE1_MIXED_DRAW zoom=200 tool=pen chunks=50 append_max_us=15482 append_avg_us=12976 append_total_us=648845 affected_tiles=425 published=389 fallback=36 visible_fallback=0 ph_prepare_max_us=175 ph_overview_max_us=1072 ph_enumerate_max_us=580 ph_uniform_max_us=4581 ph_raw_max_us=12531 ph_commit_max_us=804 committed=1 authority=1 refresh=1 run_ok=1 pass=0
[15:51:25] TINYDRAW_GATE1_MIXED_DRAW zoom=200 tool=eraser chunks=50 append_max_us=14510 append_avg_us=12674 append_total_us=633723 affected_tiles=388 published=388 fallback=0 visible_fallback=0 ph_prepare_max_us=185 ph_overview_max_us=1081 ph_enumerate_max_us=588 ph_uniform_max_us=25 ph_raw_max_us=12497 ph_commit_max_us=683 committed=1 authority=1 refresh=1 run_ok=1 pass=1
[15:51:27] TINYDRAW_GATE1_MIXED_DRAW zoom=400 tool=pen chunks=50 append_max_us=14639 append_avg_us=11995 append_total_us=599757 affected_tiles=359 published=334 fallback=25 visible_fallback=0 ph_prepare_max_us=187 ph_overview_max_us=720 ph_enumerate_max_us=595 ph_uniform_max_us=3389 ph_raw_max_us=11895 ph_commit_max_us=745 committed=1 authority=1 refresh=1 run_ok=1 pass=1
[15:51:28] TINYDRAW_GATE1_MIXED_DRAW zoom=400 tool=eraser chunks=50 append_max_us=13648 append_avg_us=11884 append_total_us=594234 affected_tiles=350 published=350 fallback=0 visible_fallback=0 ph_prepare_max_us=184 ph_overview_max_us=734 ph_enumerate_max_us=579 ph_uniform_max_us=31 ph_raw_max_us=11869 ph_commit_max_us=682 committed=1 authority=1 refresh=1 run_ok=1 pass=1
[15:51:28] TINYDRAW_GATE1_MIXED_DRAW_REVISIT zoom=50 missing=4 refill_tiles=4 refill_us=248729
[15:51:29] TINYDRAW_GATE1_MIXED_DRAW_REVISIT zoom=100 missing=9 refill_tiles=9 refill_us=401470
[15:51:29] TINYDRAW_GATE1_MIXED_DRAW_REVISIT zoom=200 missing=16 refill_tiles=16 refill_us=351998
[15:51:29] TINYDRAW_GATE1_MIXED_DRAW_REVISIT zoom=400 missing=0 refill_tiles=0 refill_us=965
[15:51:29] TINYDRAW_GATE1_MIXED_DRAW_SUMMARY slots=448 strokes=10 worst_append_us=19637 pass=0
[15:51:36] TINYDRAW_GATE1_IDLE_REPAIR damaged=588 remaining=0 plan_views=24 steps=5805 repair_us=4107432 worst_step_us=6480 warm_tiles=56 pass=1
[15:51:36] TINYDRAW_INKTRACE trace=fast-curve-dense-25 zoom=25 events=411 consumed=373 coalesced=38 down=1/1 up=1/1 max_time_gap_us=24157 max_space_gap_px=55.33 e2c_p50=504 e2c_p95=1569 e2c_max=2660 e2g_p95=784 e2s_p95=2627 e2d_p50=2343 e2d_p95=3661 e2d_max=4279 latency_samples=33 presentation_failures=0 commit_failures=0 overflows=0 revision=3482 latency_pass=1 pass=1
[15:51:37] TINYDRAW_INKTRACE trace=fast-curve-400 zoom=400 events=414 consumed=381 coalesced=33 down=1/1 up=1/1 max_time_gap_us=9279 max_space_gap_px=65.51 e2c_p50=504 e2c_p95=682 e2c_max=1600 e2g_p95=787 e2s_p95=2683 e2d_p50=2490 e2d_p95=3943 e2d_max=3977 latency_samples=33 presentation_failures=0 commit_failures=0 overflows=0 revision=3484 latency_pass=1 pass=1
[15:51:39] TINYDRAW_INKTRACE trace=fast-curve-400-xl zoom=400 events=2296 consumed=1921 coalesced=375 down=1/1 up=1/1 max_time_gap_us=12623 max_space_gap_px=47.85 e2c_p50=504 e2c_p95=504 e2c_max=2062 e2g_p95=788 e2s_p95=2964 e2d_p50=3261 e2d_p95=4673 e2d_max=8196 latency_samples=172 presentation_failures=0 commit_failures=0 overflows=0 revision=3490 latency_pass=1 pass=1
[15:51:40] TINYDRAW_INKTRACE trace=slow-precise-100 zoom=100 events=741 consumed=730 coalesced=11 down=1/1 up=1/1 max_time_gap_us=8379 max_space_gap_px=13.45 e2c_p50=504 e2c_p95=986 e2c_max=1578 e2g_p95=787 e2s_p95=1803 e2d_p50=1950 e2d_p95=2317 e2d_max=2342 latency_samples=53 presentation_failures=0 commit_failures=0 overflows=0 revision=3492 latency_pass=1 pass=1
[15:51:43] TINYDRAW_INKTRACE trace=scribble-multistroke zoom=100 events=848 consumed=732 coalesced=116 down=7/7 up=7/7 max_time_gap_us=6077 max_space_gap_px=109.46 e2c_p50=504 e2c_p95=578 e2c_max=2071 e2g_p95=786 e2s_p95=3456 e2d_p50=3172 e2d_p95=5327 e2d_max=6364 latency_samples=55 presentation_failures=0 commit_failures=0 overflows=0 revision=3499 latency_pass=1 pass=1
[15:51:44] TINYDRAW_HAIRLINE_DOC ops=782 samples=8061 append_total_us=1064260 append_max_us=7303
[15:51:45] TINYDRAW_GATE1_PACED_COLD corpus=evil_hairlines_capacity zoom=100 x=552 y=672 steps=236 tiles=56 compute_us=261495 present_us=83479 touch_us=467 pacing_us=8557 wall_us=353998 maximum_wall_us=500000 max_tick_us=9922 touch_samples=52727 touch_interval_max_us=2102 touch_read_max_us=628 touch_events=0 touch_down=0 touch_up=0 touch_events_ge_8ms=0 touch_event_age_max_us=0 touch_errors=0 touch_overflows=0 pass=1
[15:51:45] TINYDRAW_GATE1_PACED_COLD corpus=evil_hairlines_capacity zoom=400 x=2760 y=3360 steps=209 tiles=48 compute_us=169176 present_us=79894 touch_us=378 pacing_us=6530 wall_us=255978 maximum_wall_us=500000 max_tick_us=9539 touch_samples=339 touch_interval_max_us=1484 touch_read_max_us=451 touch_events=0 touch_down=0 touch_up=0 touch_events_ge_8ms=0 touch_event_age_max_us=0 touch_errors=0 touch_overflows=0 pass=1
[15:51:48] TINYDRAW_HAIRLINE_REPAIR steps=2814 wall_us=2657417 worst_step_us=7772 resident=407/448 grid_stopped=1 pass2_steps=8 pass2_wall_us=11958 no_churn=1
[15:51:50] TINYDRAW_HAIRLINE_TOUR stops=8 total_us=1153602 worst_stop_us=242309 worst_step_us=7408
[15:51:50] TINYDRAW_GATE1_HAIRLINE raw=339 uniform=72 fallback=233 capacity=448 worst_step_us=7772 grid_stopped=1 pass=1
[15:51:52] TINYDRAW_GATE1_LONG_GESTURE path=reference samples=1600 chunks=26 append_total_us=978416 append_max_us=44734 append_avg_us=37631 refresh_fallback_pixels=0 settled_fallback_pixels=0 committed=1 authority=1 refresh=1 run_ok=1
[15:51:52] TINYDRAW_GATE1_LONG_GESTURE path=in_place samples=1600 chunks=52 append_total_us=603120 append_max_us=14194 append_avg_us=11598 refresh_fallback_pixels=0 settled_fallback_pixels=0 committed=1 authority=1 refresh=1 run_ok=1
[15:51:52] TINYDRAW_V2_EXPORT_PROGRESS row=0 of=1792
[15:51:53] TINYDRAW_V2_EXPORT_PROGRESS row=256 of=1792
[15:51:54] TINYDRAW_V2_EXPORT_PROGRESS row=512 of=1792
[15:51:54] TINYDRAW_V2_EXPORT_PROGRESS row=768 of=1792
[15:51:55] TINYDRAW_V2_EXPORT_PROGRESS row=1024 of=1792
[15:51:56] TINYDRAW_V2_EXPORT_PROGRESS row=1280 of=1792
[15:51:57] TINYDRAW_V2_EXPORT_PROGRESS row=1536 of=1792
[15:51:58] TINYDRAW_GATE1_EXPORT encoded=1 bytes=40166 elapsed_us=5871202 workspace_bytes=50652 band_bytes=376832 free_psram=1892692 free_internal=199124 signature=1 dimensions=1 chunks=3 chunks_ok=1 pass=1
[15:51:58] TINYDRAW_EXPORT_RESERVE requested=1572864 free_before=1892692 largest_before=1867776 free_held=319824 largest_held=319488 pass=1
[15:51:58] TINYDRAW_RERENDER_LEDGER site=final renders=0 unique=0 amplification=0.000 cold=0 damage=0 evict=0 stale=0 unexplained=0
[15:51:58] TINYDRAW_GATE1_AUTOMATED_DONE stress=1 stress_100=1 stress_400=1 overlap_ready=1 overlap_cold=0 general_cold_ready=1 general_cold=0 workload=1 paced_cold=1 hard_100=1 hard_400=1 pan_100=1 pan_400=1 pan_seq=1 pan_boundary=1 live_overlay=1 draw_fill=1 cache=1 full_world_cache=1 cache_tour=1 mixed_draw=0 idle_repair=1 ink_trace=1 hairline_capacity=1 long_gesture=1 export_encode=1 export_reserve=1 return=1 ssaa_receipt=yellow
[15:51:58] TINYDRAW_VECTOR_V2_GATE_HARNESS_DONE pass=0
[15:51:58] I (77196) main_task: Returned from app_main()
