[16:30:09] ESP-ROM:esp32s3-20210327
[16:30:09] Build:Mar 27 2021
[16:30:09] rst:0x15 (USB_UART_CHIP_RESET),boot:0x2b (SPI_FAST_FLASH_BOOT)
[16:30:09] Saved PC:0x4037b802
[16:30:09] SPIWP:0xee
[16:30:09] mode:DIO, clock div:1
[16:30:09] load:0x3fce2820,len:0x1664
[16:30:09] load:0x403c8700,len:0xf38
[16:30:09] load:0x403cb700,len:0x31e8
[16:30:09] entry 0x403c8930
[16:30:09] I (24) boot: ESP-IDF v6.0.2 2nd stage bootloader
[16:30:09] I (24) boot: compile time Aug 16 2026 16:28:32
[16:30:09] I (25) boot: Multicore bootloader
[16:30:09] I (25) boot: chip revision: v0.2
[16:30:09] I (28) boot: efuse block revision: v1.3
[16:30:09] I (31) qio_mode: Enabling default flash chip QIO
[16:30:09] I (36) boot.esp32s3: Boot SPI Speed : 80MHz
[16:30:09] I (39) boot.esp32s3: SPI Mode       : QIO
[16:30:09] I (43) boot.esp32s3: SPI Flash Size : 16MB
[16:30:09] I (47) boot: Enabling RNG early entropy source...
[16:30:09] I (51) boot: Partition Table:
[16:30:09] I (54) boot: ## Label            Usage          Type ST Offset   Length
[16:30:09] I (60) boot:  0 nvs              WiFi data        01 02 00009000 00006000
[16:30:09] I (67) boot:  1 phy_init         RF data          01 01 0000f000 00001000
[16:30:09] I (73) boot:  2 factory          factory app      00 00 00010000 00100000
[16:30:09] I (80) boot:  3 drawing          Unknown data     01 40 00110000 00300000
[16:30:09] I (86) boot:  4 export           Unknown data     01 41 00410000 00500000
[16:30:09] I (93) boot:  5 coredump         Unknown data     01 03 00910000 00010000
[16:30:09] I (100) boot: End of partition table
[16:30:09] I (103) esp_image: segment 0: paddr=00010020 vaddr=3c050020 size=2be0ch (179724) map
[16:30:09] I (138) esp_image: segment 1: paddr=0003be34 vaddr=3fc94500 size=03764h ( 14180) load
[16:30:09] I (141) esp_image: segment 2: paddr=0003f5a0 vaddr=40374000 size=00a78h (  2680) load
[16:30:09] I (143) esp_image: segment 3: paddr=00040020 vaddr=42000020 size=4eca4h (322724) map
[16:30:09] I (199) esp_image: segment 4: paddr=0008eccc vaddr=40374a78 size=0fa48h ( 64072) load
[16:30:09] I (213) esp_image: segment 5: paddr=0009e71c vaddr=50000000 size=00024h (    36) load
[16:30:09] I (220) boot: Loaded app from partition at offset 0x10000
[16:30:09] I (220) boot: Disabling RNG early entropy source...
[16:30:09] I (230) octal_psram: vendor id    : 0x0d (AP)
[16:30:09] I (231) octal_psram: dev id       : 0x02 (generation 3)
[16:30:09] I (231) octal_psram: density      : 0x03 (64 Mbit)
[16:30:09] I (233) octal_psram: good-die     : 0x01 (Pass)
[16:30:09] I (237) octal_psram: Latency      : 0x01 (Fixed)
[16:30:09] I (241) octal_psram: VCC          : 0x01 (3V)
[16:30:09] I (245) octal_psram: SRF          : 0x01 (Fast Refresh)
[16:30:09] I (250) octal_psram: BurstType    : 0x01 (Hybrid Wrap)
[16:30:09] I (255) octal_psram: BurstLen     : 0x01 (32 Byte)
[16:30:09] I (260) octal_psram: Readlatency  : 0x02 (10 cycles@Fixed)
[16:30:09] I (265) octal_psram: DriveStrength: 0x00 (1/1)
[16:30:09] I (269) MSPI Timing: Enter psram timing tuning
[16:30:09] I (274) esp_psram: Found 8MB PSRAM device
[16:30:09] I (277) esp_psram: Speed: 80MHz
[16:30:09] I (280) cpu_start: Multicore app
[16:30:09] I (696) esp_psram: SPI SRAM memory test OK
[16:30:09] I (704) cpu_start: GPIO 44 and 43 are used as console UART I/O pins
[16:30:09] I (705) cpu_start: Pro cpu start user code
[16:30:09] I (705) cpu_start: cpu freq: 240000000 Hz
[16:30:09] I (706) app_init: Application information:
[16:30:09] I (710) app_init: Project name:     tinydraw_esp32
[16:30:09] I (715) app_init: App version:      f2f6da7-dirty
[16:30:09] I (719) app_init: Compile time:     Aug 16 2026 16:28:26
[16:30:09] I (724) app_init: ELF file SHA256:  59bf9cb8e...
[16:30:09] I (729) app_init: ESP-IDF:          v6.0.2
[16:30:09] I (732) efuse_init: Min chip rev:     v0.0
[16:30:09] I (736) efuse_init: Max chip rev:     v0.99 
[16:30:09] I (740) efuse_init: Chip rev:         v0.2
[16:30:09] I (744) heap_init: Initializing. RAM available for dynamic allocation:
[16:30:09] I (750) heap_init: At 3FC99090 len 00050680 (321 KiB): RAM
[16:30:09] I (755) heap_init: At 3FCE9710 len 00005724 (21 KiB): RAM
[16:30:09] I (761) heap_init: At 3FCF0000 len 00008000 (32 KiB): DRAM
[16:30:09] I (766) heap_init: At 600FE000 len 00001FE8 (7 KiB): RTCRAM
[16:30:09] I (771) esp_psram: Adding pool of 8192K of PSRAM memory to heap allocator
[16:30:09] I (778) spi_flash: detected chip: generic
[16:30:09] I (781) spi_flash: flash io: qio
[16:30:09] I (785) sleep_gpio: Configure to isolate all GPIO pins in sleep state
[16:30:09] I (791) sleep_gpio: Enable automatic switching of GPIO sleep configuration
[16:30:09] I (798) main_task: Started on CPU0
[16:30:09] I (801) main_task: Calling app_main()
[16:30:09] TINYDRAW_PRODUCER_SCRATCH supertask_internal=1 slot_directory_internal=0 free_internal=319136 free_psram=1866628
[16:30:09] TINYDRAW_PANEL_HARD_RESET=1
[16:30:09] TINYDRAW_PANEL_TRANSPORT requested_clock_mhz=50 effective_clock_mhz=40
[16:30:09] I (1007) co5300: version: 2.1.0
[16:30:09] I (1007) co5300_spi: LCD panel create success, version: 2.1.0
[16:30:09] W (1092) co5300_spi: The 3Ah command has been used and will be overwritten by external initialization sequence
[16:30:09] I (1193) CST816S: IC id: 183
[16:30:09] TINYDRAW_VECTOR_V2_PRESENTATION experiment=boundary-top-sweep te_edge=rising requested_clock_mhz=50 effective_clock_mhz=40 optical_acceptance=external_manual
[16:30:10] TINYDRAW_LIVE_PRESENT kind=startup zoom=25 x=0 y=0 compose_us=26491 scroll_us=0 exposed_compose_us=0 chrome_us=17671 chrome_prepare_us=12243 chrome_stage_us=5428 read_submit_us=0 read_complete_us=0 transfer_wait_us=21387 tile_pixels=0 uniform_pixels=0 overview_pixels=164864 fallback_pixels=0 resident_tiles=0 fallback_tiles=0 pushes=11 tear_wait_us=16349 tear_edge_isr_to_resume_us=10 tear_edge_observed=1 tear_edge_wait_resumed=1 tear_edge_timeout=0 tear_heal_attempted=0 tear_heal_command_sent=0 presentation_experiment=boundary-top-sweep te_edge=rising requested_clock_mhz=50 effective_clock_mhz=40 frame_reused=0 pass=1
[16:30:10] TINYDRAW_LIVE_STRESS operations=1000 samples=20000 total_us=735024 average_us=735 maximum_us=1057 free_psram=1865040 largest_psram=1835008
[16:30:10] TINYDRAW_LIVE_PRESENT kind=gate_fallback zoom=100 x=0 y=0 compose_us=16590 scroll_us=0 exposed_compose_us=0 chrome_us=11452 chrome_prepare_us=6798 chrome_stage_us=4654 read_submit_us=37952 read_complete_us=41431 transfer_wait_us=21024 tile_pixels=0 uniform_pixels=0 overview_pixels=0 fallback_pixels=164864 resident_tiles=0 fallback_tiles=42 pushes=11 tear_wait_us=14432 tear_edge_isr_to_resume_us=12 tear_edge_observed=1 tear_edge_wait_resumed=1 tear_edge_timeout=0 tear_heal_attempted=0 tear_heal_command_sent=0 presentation_experiment=boundary-top-sweep te_edge=rising requested_clock_mhz=50 effective_clock_mhz=40 frame_reused=0 pass=1
[16:30:11] TINYDRAW_GATE1_HARD zoom=100 cold=1 operations=1000 samples=20000 steps=196 tiles=42 scanned=12000 rendered=1585 max_supertask_us=7197 presentation_us=71033 total_us=286509 maximum_wall_us=500000 pass=1
[16:30:11] TINYDRAW_LIVE_PRESENT kind=gate_fallback zoom=400 x=0 y=0 compose_us=16077 scroll_us=0 exposed_compose_us=0 chrome_us=6771 chrome_prepare_us=2289 chrome_stage_us=4482 read_submit_us=25150 read_complete_us=28839 transfer_wait_us=20824 tile_pixels=0 uniform_pixels=0 overview_pixels=0 fallback_pixels=164864 resident_tiles=0 fallback_tiles=42 pushes=11 tear_wait_us=6661 tear_edge_isr_to_resume_us=19 tear_edge_observed=1 tear_edge_wait_resumed=1 tear_edge_timeout=0 tear_heal_attempted=0 tear_heal_command_sent=0 presentation_experiment=boundary-top-sweep te_edge=rising requested_clock_mhz=50 effective_clock_mhz=40 frame_reused=0 pass=1
[16:30:11] TINYDRAW_GATE1_HARD zoom=400 cold=1 operations=1000 samples=20000 steps=200 tiles=42 scanned=12000 rendered=122 max_supertask_us=5326 presentation_us=70190 total_us=187605 maximum_wall_us=500000 pass=1
[16:30:12] TINYDRAW_OVERLAP_WORKLOAD operations=8 samples=1200 radius_world=80
[16:30:12] TINYDRAW_GATE1_PACED_COLD corpus=overlap zoom=50 x=215 y=255 steps=604 tiles=56 compute_us=476289 present_us=90788 touch_us=985 pacing_us=18153 wall_us=586215 maximum_wall_us=500000 max_tick_us=10071 touch_samples=2804 touch_interval_max_us=2013 touch_read_max_us=597 touch_events=0 touch_down=0 touch_up=0 touch_events_ge_8ms=0 touch_event_age_max_us=0 touch_errors=0 touch_overflows=0 pass=0
[16:30:13] TINYDRAW_GATE1_PACED_COLD corpus=overlap zoom=100 x=583 y=703 steps=303 tiles=48 compute_us=266905 present_us=84610 touch_us=689 pacing_us=11773 wall_us=363977 maximum_wall_us=500000 max_tick_us=10551 touch_samples=432 touch_interval_max_us=1879 touch_read_max_us=471 touch_events=0 touch_down=0 touch_up=0 touch_events_ge_8ms=0 touch_event_age_max_us=0 touch_errors=0 touch_overflows=0 pass=1
[16:30:13] TINYDRAW_GATE1_PACED_COLD corpus=overlap zoom=200 x=1319 y=1599 steps=212 tiles=56 compute_us=243232 present_us=86380 touch_us=657 pacing_us=8703 wall_us=338972 maximum_wall_us=500000 max_tick_us=10437 touch_samples=410 touch_interval_max_us=1866 touch_read_max_us=524 touch_events=0 touch_down=0 touch_up=0 touch_events_ge_8ms=0 touch_event_age_max_us=0 touch_errors=0 touch_overflows=0 pass=1
[16:30:14] TINYDRAW_GATE1_PACED_COLD corpus=overlap zoom=400 x=2791 y=3391 steps=137 tiles=56 compute_us=210147 present_us=82852 touch_us=561 pacing_us=8435 wall_us=301995 maximum_wall_us=500000 max_tick_us=9707 touch_samples=382 touch_interval_max_us=1902 touch_read_max_us=500 touch_events=0 touch_down=0 touch_up=0 touch_events_ge_8ms=0 touch_event_age_max_us=0 touch_errors=0 touch_overflows=0 pass=1
[16:30:14] TINYDRAW_ADVERSARIAL_TAPERED_WORKLOAD operations=128 samples=4096 erasers=12 load_us=216272 appended=1
[16:30:15] TINYDRAW_GENERAL_COLD_WORKLOAD operations=910 samples=12157 hairline_operations=782 hairline_samples=8061 hairline_load_us=1113390 appended=1
[16:30:16] TINYDRAW_GATE1_PACED_COLD corpus=adversarial_tapered_4x+evil_hairlines zoom=50 x=0 y=0 steps=396 tiles=42 compute_us=414276 present_us=72316 touch_us=813 pacing_us=13462 wall_us=500867 maximum_wall_us=500000 max_tick_us=8547 touch_samples=1689 touch_interval_max_us=2076 touch_read_max_us=549 touch_events=0 touch_down=0 touch_up=0 touch_events_ge_8ms=0 touch_event_age_max_us=0 touch_errors=0 touch_overflows=0 pass=0
[16:30:16] TINYDRAW_GATE1_PACED_COLD corpus=adversarial_tapered_4x+evil_hairlines zoom=100 x=0 y=0 steps=702 tiles=42 compute_us=450201 present_us=72115 touch_us=890 pacing_us=14878 wall_us=538084 maximum_wall_us=500000 max_tick_us=8499 touch_samples=607 touch_interval_max_us=1886 touch_read_max_us=483 touch_events=0 touch_down=0 touch_up=0 touch_events_ge_8ms=0 touch_event_age_max_us=0 touch_errors=0 touch_overflows=0 pass=0
[16:30:17] TINYDRAW_GATE1_PACED_COLD corpus=adversarial_tapered_4x+evil_hairlines zoom=200 x=0 y=0 steps=1140 tiles=42 compute_us=582448 present_us=68803 touch_us=1010 pacing_us=20744 wall_us=673005 maximum_wall_us=500000 max_tick_us=8786 touch_samples=756 touch_interval_max_us=1139 touch_read_max_us=450 touch_events=0 touch_down=0 touch_up=0 touch_events_ge_8ms=0 touch_event_age_max_us=0 touch_errors=0 touch_overflows=0 pass=0
[16:30:18] TINYDRAW_GATE1_PACED_COLD corpus=adversarial_tapered_4x+evil_hairlines zoom=400 x=0 y=0 steps=1123 tiles=42 compute_us=569404 present_us=68201 touch_us=1013 pacing_us=21542 wall_us=660160 maximum_wall_us=500000 max_tick_us=8728 touch_samples=743 touch_interval_max_us=1132 touch_read_max_us=429 touch_events=0 touch_down=0 touch_up=0 touch_events_ge_8ms=0 touch_event_age_max_us=0 touch_errors=0 touch_overflows=0 pass=0
[16:30:18] TINYDRAW_GATE1_WORKLOAD kind=realistic seed=7 operations=1000 samples=19844 maximum_stroke=198 load_us=533163 raw_source=1 lod_copies=0
[16:30:19] TINYDRAW_GATE1_PACED_COLD corpus=seed7 zoom=400 x=63 y=63 steps=325 tiles=56 compute_us=241774 present_us=88761 touch_us=636 pacing_us=6802 wall_us=337973 maximum_wall_us=500000 max_tick_us=10341 touch_samples=992 touch_interval_max_us=2030 touch_read_max_us=525 touch_events=0 touch_down=0 touch_up=0 touch_events_ge_8ms=0 touch_event_age_max_us=0 touch_errors=0 touch_overflows=0 pass=1
[16:30:19] TINYDRAW_LIVE_PRESENT kind=gate_fallback zoom=100 x=0 y=0 compose_us=17033 scroll_us=0 exposed_compose_us=0 chrome_us=6965 chrome_prepare_us=2251 chrome_stage_us=4714 read_submit_us=21677 read_complete_us=25339 transfer_wait_us=21345 tile_pixels=0 uniform_pixels=0 overview_pixels=0 fallback_pixels=164864 resident_tiles=0 fallback_tiles=42 pushes=11 tear_wait_us=2262 tear_edge_isr_to_resume_us=15 tear_edge_observed=1 tear_edge_wait_resumed=1 tear_edge_timeout=0 tear_heal_attempted=0 tear_heal_command_sent=0 presentation_experiment=boundary-top-sweep te_edge=rising requested_clock_mhz=50 effective_clock_mhz=40 frame_reused=0 pass=1
[16:30:19] TINYDRAW_GATE1_HARD zoom=100 cold=1 operations=1000 samples=19844 steps=386 tiles=42 scanned=12000 rendered=4945 max_supertask_us=5966 presentation_us=71004 total_us=417731 maximum_wall_us=500000 pass=1
[16:30:19] TINYDRAW_GATE1_OVERLAY_CANVAS regions=zoom,minimap,toolbar,battery operations=4 presentation_mutations=0 authority=1 pass=1
[16:30:20] TINYDRAW_GATE1_LIVE_OVERLAY clear_updates=48 clear_wall_max_us=3948 clear_submit_max_us=2133 clear_complete_max_us=3069 overlay_updates=48 overlay_wall_max_us=3921 overlay_submit_max_us=2057 overlay_complete_max_us=3186 overlay_chrome_max_us=234 clear_failures=0 overlay_failures=0 pass=1
[16:30:20] TINYDRAW_EDGE_INK corners=4 edge_failures=0 pass=1
[16:30:20] TINYDRAW_GATE1_PAN zoom=100 from_x=0 from_y=0 to_x=88 to_y=88 compose_us=16563 scroll_us=10 exposed_compose_us=16553 chrome_us=2555 event_submit_us=29356 event_complete_us=32672 transfer_us=16645 setup=1 present=1 moved=1 frame_reused=1 pass=1
[16:30:21] TINYDRAW_LIVE_PRESENT kind=gate_fallback zoom=400 x=0 y=0 compose_us=16097 scroll_us=0 exposed_compose_us=0 chrome_us=6774 chrome_prepare_us=2277 chrome_stage_us=4497 read_submit_us=23233 read_complete_us=26929 transfer_wait_us=21175 tile_pixels=0 uniform_pixels=0 overview_pixels=0 fallback_pixels=164864 resident_tiles=0 fallback_tiles=42 pushes=11 tear_wait_us=4723 tear_edge_isr_to_resume_us=26 tear_edge_observed=1 tear_edge_wait_resumed=1 tear_edge_timeout=0 tear_heal_attempted=0 tear_heal_command_sent=0 presentation_experiment=boundary-top-sweep te_edge=rising requested_clock_mhz=50 effective_clock_mhz=40 frame_reused=0 pass=1
[16:30:21] TINYDRAW_GATE1_HARD zoom=400 cold=1 operations=1008 samples=19852 steps=248 tiles=42 scanned=12096 rendered=551 max_supertask_us=7162 presentation_us=72543 total_us=246693 maximum_wall_us=500000 pass=1
[16:30:21] TINYDRAW_GATE1_PAN zoom=400 from_x=0 from_y=0 to_x=88 to_y=88 compose_us=16527 scroll_us=10 exposed_compose_us=16517 chrome_us=2369 event_submit_us=29670 event_complete_us=33001 transfer_us=16332 setup=1 present=1 moved=1 frame_reused=1 pass=1
[16:30:25] TINYDRAW_PANSEQ_FRAME zoom=100 step=0 dx=24 dy=18 scroll_us=10 exposed_compose_us=4994 chrome_us=2558 tear_wait_us=7721 present_us=16127 prepare_us=11408 acquire_wait_us=24 ring_copy_us=8777 patch_us=2610 byte_swap_us=21 staging_us=3591 event_submit_us=12843 event_complete_us=16199 frame_us=28972 tear_edge_observed=1 frame_reused=1 pass=1
[16:30:25] TINYDRAW_PANSEQ_FRAME zoom=100 step=1 dx=24 dy=18 scroll_us=10 exposed_compose_us=5002 chrome_us=2576 tear_wait_us=12285 present_us=16515 prepare_us=11248 acquire_wait_us=26 ring_copy_us=8605 patch_us=2623 byte_swap_us=20 staging_us=3688 event_submit_us=17418 event_complete_us=20705 frame_us=33922 tear_edge_observed=1 frame_reused=1 pass=1
[16:30:25] TINYDRAW_PANSEQ_FRAME zoom=100 step=2 dx=24 dy=18 scroll_us=10 exposed_compose_us=4627 chrome_us=2542 tear_wait_us=12286 present_us=16895 prepare_us=11282 acquire_wait_us=26 ring_copy_us=8687 patch_us=2576 byte_swap_us=19 staging_us=3711 event_submit_us=17034 event_complete_us=20356 frame_us=33941 tear_edge_observed=1 frame_reused=1 pass=1
[16:30:25] TINYDRAW_PANSEQ_FRAME zoom=100 step=3 dx=24 dy=18 scroll_us=10 exposed_compose_us=5180 chrome_us=2553 tear_wait_us=11374 present_us=16264 prepare_us=11288 acquire_wait_us=24 ring_copy_us=8675 patch_us=2593 byte_swap_us=20 staging_us=3664 event_submit_us=16683 event_complete_us=19940 frame_us=32932 tear_edge_observed=1 frame_reused=1 pass=1
[16:30:25] TINYDRAW_PANSEQ_FRAME zoom=100 step=4 dx=24 dy=18 scroll_us=10 exposed_compose_us=4754 chrome_us=2544 tear_wait_us=12466 present_us=16598 prepare_us=11313 acquire_wait_us=27 ring_copy_us=8701 patch_us=2593 byte_swap_us=19 staging_us=3650 event_submit_us=17327 event_complete_us=20619 frame_us=33939 tear_edge_observed=1 frame_reused=1 pass=1
[16:30:25] TINYDRAW_PANSEQ_FRAME zoom=100 step=5 dx=24 dy=18 scroll_us=10 exposed_compose_us=5009 chrome_us=2567 tear_wait_us=11847 present_us=15961 prepare_us=11313 acquire_wait_us=26 ring_copy_us=8684 patch_us=2610 byte_swap_us=19 staging_us=3676 event_submit_us=16966 event_complete_us=20255 frame_us=32938 tear_edge_observed=1 frame_reused=1 pass=1
[16:30:25] TINYDRAW_PANSEQ_FRAME zoom=100 step=6 dx=24 dy=18 scroll_us=10 exposed_compose_us=4709 chrome_us=2594 tear_wait_us=12771 present_us=16338 prepare_us=11413 acquire_wait_us=26 ring_copy_us=8743 patch_us=2651 byte_swap_us=19 staging_us=3539 event_submit_us=17586 event_complete_us=20882 frame_us=33937 tear_edge_observed=1 frame_reused=1 pass=1
[16:30:25] TINYDRAW_PANSEQ_FRAME zoom=100 step=7 dx=24 dy=18 scroll_us=11 exposed_compose_us=5098 chrome_us=2592 tear_wait_us=12004 present_us=16717 prepare_us=11359 acquire_wait_us=23 ring_copy_us=8701 patch_us=2640 byte_swap_us=18 staging_us=3642 event_submit_us=17208 event_complete_us=20532 frame_us=33936 tear_edge_observed=1 frame_reused=1 pass=1
[16:30:25] TINYDRAW_PANSEQ_FRAME zoom=100 step=8 dx=24 dy=18 scroll_us=10 exposed_compose_us=5090 chrome_us=2554 tear_wait_us=11621 present_us=16101 prepare_us=11382 acquire_wait_us=24 ring_copy_us=8761 patch_us=2600 byte_swap_us=21 staging_us=3609 event_submit_us=16819 event_complete_us=20147 frame_us=32933 tear_edge_observed=1 frame_reused=1 pass=1
[16:30:25] TINYDRAW_PANSEQ_FRAME zoom=100 step=9 dx=24 dy=18 scroll_us=10 exposed_compose_us=5097 chrome_us=2611 tear_wait_us=12228 present_us=16490 prepare_us=11290 acquire_wait_us=24 ring_copy_us=8613 patch_us=2655 byte_swap_us=22 staging_us=3672 event_submit_us=17444 event_complete_us=20737 frame_us=33933 tear_edge_observed=1 frame_reused=1 pass=1
[16:30:25] TINYDRAW_PANSEQ_FRAME zoom=100 step=10 dx=24 dy=18 scroll_us=10 exposed_compose_us=4747 chrome_us=2532 tear_wait_us=12192 present_us=16880 prepare_us=11288 acquire_wait_us=24 ring_copy_us=8689 patch_us=2579 byte_swap_us=20 staging_us=3686 event_submit_us=17048 event_complete_us=20344 frame_us=33940 tear_edge_observed=1 frame_reused=1 pass=1
[16:30:25] TINYDRAW_PANSEQ_FRAME zoom=100 step=11 dx=24 dy=18 scroll_us=10 exposed_compose_us=5492 chrome_us=2529 tear_wait_us=11071 present_us=16256 prepare_us=11284 acquire_wait_us=23 ring_copy_us=8692 patch_us=2572 byte_swap_us=20 staging_us=3666 event_submit_us=16691 event_complete_us=19968 frame_us=32935 tear_edge_observed=1 frame_reused=1 pass=1
[16:30:25] TINYDRAW_PANSEQ_FRAME zoom=100 step=12 dx=24 dy=18 scroll_us=10 exposed_compose_us=4873 chrome_us=2575 tear_wait_us=12303 present_us=16643 prepare_us=11363 acquire_wait_us=27 ring_copy_us=8715 patch_us=2624 byte_swap_us=24 staging_us=3623 event_submit_us=17283 event_complete_us=20591 frame_us=33939 tear_edge_observed=1 frame_reused=1 pass=1
[16:30:25] TINYDRAW_PANSEQ_FRAME zoom=100 step=13 dx=24 dy=18 scroll_us=22 exposed_compose_us=5064 chrome_us=2558 tear_wait_us=11724 present_us=16021 prepare_us=11356 acquire_wait_us=27 ring_copy_us=8717 patch_us=2620 byte_swap_us=19 staging_us=3599 event_submit_us=16911 event_complete_us=20198 frame_us=32938 tear_edge_observed=1 frame_reused=1 pass=1
[16:30:25] TINYDRAW_PANSEQ_FRAME zoom=100 step=14 dx=24 dy=18 scroll_us=10 exposed_compose_us=4951 chrome_us=2600 tear_wait_us=12479 present_us=16389 prepare_us=11400 acquire_wait_us=26 ring_copy_us=8716 patch_us=2665 byte_swap_us=19 staging_us=3572 event_submit_us=17535 event_complete_us=20833 frame_us=33937 tear_edge_observed=1 frame_reused=1 pass=1
[16:30:25] TINYDRAW_PANSEQ_FRAME zoom=100 step=15 dx=24 dy=18 scroll_us=11 exposed_compose_us=5183 chrome_us=2560 tear_wait_us=11871 present_us=16764 prepare_us=11298 acquire_wait_us=24 ring_copy_us=8672 patch_us=2609 byte_swap_us=17 staging_us=3683 event_submit_us=17162 event_complete_us=20467 frame_us=33945 tear_edge_observed=1 frame_reused=1 pass=1
[16:30:26] TINYDRAW_PANSEQ_FRAME zoom=100 step=16 dx=72 dy=54 scroll_us=10 exposed_compose_us=13401 chrome_us=2560 tear_wait_us=3271 present_us=16127 prepare_us=11354 acquire_wait_us=23 ring_copy_us=8741 patch_us=2591 byte_swap_us=22 staging_us=3627 event_submit_us=16790 event_complete_us=20093 frame_us=32931 tear_edge_observed=1 frame_reused=1 pass=1
[16:30:26] TINYDRAW_PANSEQ_FRAME zoom=100 step=17 dx=72 dy=54 scroll_us=10 exposed_compose_us=13209 chrome_us=2571 tear_wait_us=4116 present_us=16490 prepare_us=11213 acquire_wait_us=24 ring_copy_us=8583 patch_us=2612 byte_swap_us=18 staging_us=3705 event_submit_us=17445 event_complete_us=20706 frame_us=33935 tear_edge_observed=1 frame_reused=1 pass=1
[16:30:26] TINYDRAW_PANSEQ_FRAME zoom=100 step=18 dx=72 dy=54 scroll_us=10 exposed_compose_us=12439 chrome_us=2548 tear_wait_us=4518 present_us=16855 prepare_us=11293 acquire_wait_us=23 ring_copy_us=8683 patch_us=2589 byte_swap_us=21 staging_us=3698 event_submit_us=17074 event_complete_us=20381 frame_us=33940 tear_edge_observed=1 frame_reused=1 pass=1
[16:30:26] TINYDRAW_PANSEQ_FRAME zoom=100 step=19 dx=72 dy=54 scroll_us=10 exposed_compose_us=12735 chrome_us=2519 tear_wait_us=3877 present_us=16203 prepare_us=11284 acquire_wait_us=25 ring_copy_us=8693 patch_us=2572 byte_swap_us=19 staging_us=3648 event_submit_us=16722 event_complete_us=19975 frame_us=32935 tear_edge_observed=1 frame_reused=1 pass=1
[16:30:26] TINYDRAW_PANSEQ_FRAME zoom=100 step=20 dx=-72 dy=-54 scroll_us=10 exposed_compose_us=13536 chrome_us=2542 tear_wait_us=3692 present_us=16588 prepare_us=11274 acquire_wait_us=25 ring_copy_us=8666 patch_us=2590 byte_swap_us=18 staging_us=3682 event_submit_us=17338 event_complete_us=20626 frame_us=33938 tear_edge_observed=1 frame_reused=1 pass=1
[16:30:26] TINYDRAW_PANSEQ_FRAME zoom=100 step=21 dx=-72 dy=-54 scroll_us=10 exposed_compose_us=13264 chrome_us=2581 tear_wait_us=3584 present_us=15966 prepare_us=11345 acquire_wait_us=25 ring_copy_us=8699 patch_us=2628 byte_swap_us=18 staging_us=3619 event_submit_us=16961 event_complete_us=20240 frame_us=32938 tear_edge_observed=1 frame_reused=1 pass=1
[16:30:26] TINYDRAW_PANSEQ_FRAME zoom=100 step=22 dx=-72 dy=-54 scroll_us=10 exposed_compose_us=13364 chrome_us=2628 tear_wait_us=4073 present_us=16354 prepare_us=11369 acquire_wait_us=23 ring_copy_us=8694 patch_us=2655 byte_swap_us=20 staging_us=3564 event_submit_us=17568 event_complete_us=20831 frame_us=33936 tear_edge_observed=1 frame_reused=1 pass=1
[16:30:26] TINYDRAW_PANSEQ_FRAME zoom=100 step=23 dx=-72 dy=-54 scroll_us=11 exposed_compose_us=12812 chrome_us=2578 tear_wait_us=4256 present_us=16742 prepare_us=11319 acquire_wait_us=24 ring_copy_us=8688 patch_us=2613 byte_swap_us=18 staging_us=3661 event_submit_us=17185 event_complete_us=20495 frame_us=33937 tear_edge_observed=1 frame_reused=1 pass=1
[16:30:26] TINYDRAW_PANSEQ_STRIP zoom=100 strip=0 panel_y=0 rows=44 samples=24 staging_mean_us=1439 staging_max_us=1477 wire_budget_us=1619 over_budget_us=0 pass=1
[16:30:26] TINYDRAW_PANSEQ_STRIP zoom=100 strip=1 panel_y=44 rows=44 samples=24 staging_mean_us=1291 staging_max_us=1331 wire_budget_us=1619 over_budget_us=0 pass=1
[16:30:26] TINYDRAW_PANSEQ_STRIP zoom=100 strip=2 panel_y=88 rows=44 samples=24 staging_mean_us=1248 staging_max_us=1267 wire_budget_us=1619 over_budget_us=0 pass=1
[16:30:26] TINYDRAW_PANSEQ_STRIP zoom=100 strip=3 panel_y=132 rows=44 samples=24 staging_mean_us=1245 staging_max_us=1273 wire_budget_us=1619 over_budget_us=0 pass=1
[16:30:26] TINYDRAW_PANSEQ_STRIP zoom=100 strip=4 panel_y=176 rows=44 samples=24 staging_mean_us=1245 staging_max_us=1270 wire_budget_us=1619 over_budget_us=0 pass=1
[16:30:26] TINYDRAW_PANSEQ_STRIP zoom=100 strip=5 panel_y=220 rows=44 samples=24 staging_mean_us=1274 staging_max_us=1300 wire_budget_us=1619 over_budget_us=0 pass=1
[16:30:26] TINYDRAW_PANSEQ_STRIP zoom=100 strip=6 panel_y=264 rows=44 samples=24 staging_mean_us=1458 staging_max_us=1495 wire_budget_us=1619 over_budget_us=0 pass=1
[16:30:26] TINYDRAW_PANSEQ_STRIP zoom=100 strip=7 panel_y=308 rows=44 samples=24 staging_mean_us=1448 staging_max_us=1489 wire_budget_us=1619 over_budget_us=0 pass=1
[16:30:26] TINYDRAW_PANSEQ_STRIP zoom=100 strip=8 panel_y=352 rows=20 samples=24 staging_mean_us=695 staging_max_us=732 wire_budget_us=736 over_budget_us=0 pass=1
[16:30:26] TINYDRAW_GATE1_PANSEQ zoom=100 frames=24 scroll_avg_us=10 exposed_avg_us=7692 chrome_avg_us=2565 tear_wait_avg_us=9151 present_avg_us=16428 prepare_avg_us=11322 acquire_wait_avg_us=24 ring_copy_avg_us=8691 patch_avg_us=2611 byte_swap_avg_us=19 staging_avg_us=3644 frame_avg_us=33396 frame_p50_us=33935 frame_p95_us=33941 frame_max_us=33945 complete_p50_us=20381 complete_p95_us=20833 complete_max_us=20882 tear_edge_failures=0 presentation_experiment=boundary-top-sweep te_edge=rising requested_clock_mhz=50 effective_clock_mhz=40 chrome_bottom_redraws=0 chrome_battery_redraws=0 chrome_zoom_redraws=0 chrome_minimap_base_redraws=0 strip_samples=216 staging_mean_us=1260 staging_max_us=1495 worst_strip=8 worst_strip_y=352 worst_wire_budget_us=736 worst_headroom_us=4 staging_invariant=1 pacing_pass=1 all_reused=1 pass=1
[16:30:29] TINYDRAW_PANSEQ_FRAME zoom=400 step=0 dx=24 dy=18 scroll_us=10 exposed_compose_us=4993 chrome_us=2394 tear_wait_us=7453 present_us=16392 prepare_us=11232 acquire_wait_us=28 ring_copy_us=8751 patch_us=2463 byte_swap_us=18 staging_us=3746 event_submit_us=12574 event_complete_us=15888 frame_us=28970 tear_edge_observed=1 frame_reused=1 pass=1
[16:30:29] TINYDRAW_PANSEQ_FRAME zoom=400 step=1 dx=24 dy=18 scroll_us=10 exposed_compose_us=4938 chrome_us=2400 tear_wait_us=12086 present_us=16779 prepare_us=11173 acquire_wait_us=24 ring_copy_us=8698 patch_us=2457 byte_swap_us=18 staging_us=3831 event_submit_us=17132 event_complete_us=20461 frame_us=33933 tear_edge_observed=1 frame_reused=1 pass=1
[16:30:29] TINYDRAW_PANSEQ_FRAME zoom=400 step=2 dx=24 dy=18 scroll_us=10 exposed_compose_us=4591 chrome_us=2349 tear_wait_us=12033 present_us=16172 prepare_us=11158 acquire_wait_us=25 ring_copy_us=8744 patch_us=2393 byte_swap_us=21 staging_us=3825 event_submit_us=16743 event_complete_us=20044 frame_us=32929 tear_edge_observed=1 frame_reused=1 pass=1
[16:30:29] TINYDRAW_PANSEQ_FRAME zoom=400 step=3 dx=24 dy=18 scroll_us=10 exposed_compose_us=4960 chrome_us=2394 tear_wait_us=12302 present_us=16554 prepare_us=11063 acquire_wait_us=25 ring_copy_us=8602 patch_us=2442 byte_swap_us=19 staging_us=3881 event_submit_us=17368 event_complete_us=20681 frame_us=33936 tear_edge_observed=1 frame_reused=1 pass=1
[16:30:29] TINYDRAW_PANSEQ_FRAME zoom=400 step=4 dx=24 dy=18 scroll_us=10 exposed_compose_us=4491 chrome_us=2365 tear_wait_us=12389 present_us=15947 prepare_us=11162 acquire_wait_us=24 ring_copy_us=8732 patch_us=2411 byte_swap_us=19 staging_us=3826 event_submit_us=16989 event_complete_us=20290 frame_us=32951 tear_edge_observed=1 frame_reused=1 pass=1
[16:30:29] TINYDRAW_PANSEQ_FRAME zoom=400 step=5 dx=24 dy=18 scroll_us=10 exposed_compose_us=4835 chrome_us=2384 tear_wait_us=12648 present_us=16314 prepare_us=11167 acquire_wait_us=25 ring_copy_us=8719 patch_us=2428 byte_swap_us=20 staging_us=3787 event_submit_us=17598 event_complete_us=20905 frame_us=33924 tear_edge_observed=1 frame_reused=1 pass=1
[16:30:29] TINYDRAW_PANSEQ_FRAME zoom=400 step=6 dx=24 dy=18 scroll_us=10 exposed_compose_us=4651 chrome_us=2389 tear_wait_us=12465 present_us=16695 prepare_us=11221 acquire_wait_us=27 ring_copy_us=8768 patch_us=2434 byte_swap_us=19 staging_us=3797 event_submit_us=17230 event_complete_us=20564 frame_us=33939 tear_edge_observed=1 frame_reused=1 pass=1
[16:30:29] TINYDRAW_PANSEQ_FRAME zoom=400 step=7 dx=24 dy=18 scroll_us=10 exposed_compose_us=5253 chrome_us=2407 tear_wait_us=11483 present_us=16075 prepare_us=11228 acquire_wait_us=23 ring_copy_us=8734 patch_us=2474 byte_swap_us=20 staging_us=3761 event_submit_us=16841 event_complete_us=20158 frame_us=32929 tear_edge_observed=1 frame_reused=1 pass=1
[16:30:29] TINYDRAW_PANSEQ_FRAME zoom=400 step=8 dx=24 dy=18 scroll_us=10 exposed_compose_us=5309 chrome_us=2433 tear_wait_us=12065 present_us=16447 prepare_us=11239 acquire_wait_us=23 ring_copy_us=8724 patch_us=2497 byte_swap_us=18 staging_us=3746 event_submit_us=17481 event_complete_us=20792 frame_us=33937 tear_edge_observed=1 frame_reused=1 pass=1
[16:30:29] TINYDRAW_PANSEQ_FRAME zoom=400 step=9 dx=24 dy=18 scroll_us=10 exposed_compose_us=5275 chrome_us=2369 tear_wait_us=11718 present_us=16823 prepare_us=11112 acquire_wait_us=24 ring_copy_us=8669 patch_us=2422 byte_swap_us=21 staging_us=3867 event_submit_us=17102 event_complete_us=20418 frame_us=33937 tear_edge_observed=1 frame_reused=1 pass=1
[16:30:29] TINYDRAW_PANSEQ_FRAME zoom=400 step=10 dx=24 dy=18 scroll_us=10 exposed_compose_us=4910 chrome_us=2375 tear_wait_us=11710 present_us=16197 prepare_us=11186 acquire_wait_us=26 ring_copy_us=8741 patch_us=2425 byte_swap_us=20 staging_us=3780 event_submit_us=16727 event_complete_us=20020 frame_us=32939 tear_edge_observed=1 frame_reused=1 pass=1
[16:30:29] TINYDRAW_PANSEQ_FRAME zoom=400 step=11 dx=24 dy=18 scroll_us=10 exposed_compose_us=5819 chrome_us=2377 tear_wait_us=11412 present_us=16581 prepare_us=11076 acquire_wait_us=24 ring_copy_us=8634 patch_us=2424 byte_swap_us=18 staging_us=3882 event_submit_us=17341 event_complete_us=20640 frame_us=33934 tear_edge_observed=1 frame_reused=1 pass=1
[16:30:29] TINYDRAW_PANSEQ_FRAME zoom=400 step=12 dx=24 dy=18 scroll_us=10 exposed_compose_us=5122 chrome_us=2382 tear_wait_us=11728 present_us=15968 prepare_us=11198 acquire_wait_us=24 ring_copy_us=8750 patch_us=2430 byte_swap_us=18 staging_us=3786 event_submit_us=16959 event_complete_us=20254 frame_us=32940 tear_edge_observed=1 frame_reused=1 pass=1
[16:30:29] TINYDRAW_PANSEQ_FRAME zoom=400 step=13 dx=24 dy=18 scroll_us=10 exposed_compose_us=5345 chrome_us=2433 tear_wait_us=12082 present_us=16370 prepare_us=11167 acquire_wait_us=23 ring_copy_us=8686 patch_us=2462 byte_swap_us=19 staging_us=3782 event_submit_us=17551 event_complete_us=20831 frame_us=33935 tear_edge_observed=1 frame_reused=1 pass=1
[16:30:29] TINYDRAW_PANSEQ_FRAME zoom=400 step=14 dx=24 dy=18 scroll_us=10 exposed_compose_us=5169 chrome_us=2376 tear_wait_us=11880 present_us=16768 prepare_us=11170 acquire_wait_us=23 ring_copy_us=8732 patch_us=2421 byte_swap_us=17 staging_us=3818 event_submit_us=17159 event_complete_us=20478 frame_us=33948 tear_edge_observed=1 frame_reused=1 pass=1
[16:30:29] TINYDRAW_PANSEQ_FRAME zoom=400 step=15 dx=24 dy=18 scroll_us=10 exposed_compose_us=5468 chrome_us=2335 tear_wait_us=11183 present_us=16157 prepare_us=11087 acquire_wait_us=25 ring_copy_us=8681 patch_us=2387 byte_swap_us=19 staging_us=3883 event_submit_us=16757 event_complete_us=20054 frame_us=32926 tear_edge_observed=1 frame_reused=1 pass=1
[16:30:29] TINYDRAW_PANSEQ_FRAME zoom=400 step=16 dx=72 dy=54 scroll_us=10 exposed_compose_us=14234 chrome_us=2392 tear_wait_us=3027 present_us=16555 prepare_us=11080 acquire_wait_us=28 ring_copy_us=8624 patch_us=2437 byte_swap_us=19 staging_us=3858 event_submit_us=17372 event_complete_us=20667 frame_us=33939 tear_edge_observed=1 frame_reused=1 pass=1
[16:30:29] TINYDRAW_PANSEQ_FRAME zoom=400 step=17 dx=72 dy=54 scroll_us=10 exposed_compose_us=13817 chrome_us=2387 tear_wait_us=3038 present_us=15958 prepare_us=11129 acquire_wait_us=24 ring_copy_us=8681 patch_us=2430 byte_swap_us=18 staging_us=3850 event_submit_us=16968 event_complete_us=20263 frame_us=32938 tear_edge_observed=1 frame_reused=1 pass=1
[16:30:29] TINYDRAW_PANSEQ_FRAME zoom=400 step=18 dx=72 dy=54 scroll_us=10 exposed_compose_us=13941 chrome_us=2420 tear_wait_us=3502 present_us=16369 prepare_us=11213 acquire_wait_us=24 ring_copy_us=8729 patch_us=2464 byte_swap_us=20 staging_us=3740 event_submit_us=17551 event_complete_us=20834 frame_us=33935 tear_edge_observed=1 frame_reused=1 pass=1
[16:30:29] TINYDRAW_PANSEQ_FRAME zoom=400 step=19 dx=72 dy=54 scroll_us=10 exposed_compose_us=14720 chrome_us=2391 tear_wait_us=2316 present_us=16786 prepare_us=11130 acquire_wait_us=26 ring_copy_us=8666 patch_us=2446 byte_swap_us=18 staging_us=3860 event_submit_us=17141 event_complete_us=20454 frame_us=33946 tear_edge_observed=1 frame_reused=1 pass=1
[16:30:29] TINYDRAW_PANSEQ_FRAME zoom=400 step=20 dx=-72 dy=-54 scroll_us=10 exposed_compose_us=14267 chrome_us=2365 tear_wait_us=2361 present_us=16175 prepare_us=11128 acquire_wait_us=27 ring_copy_us=8703 patch_us=2406 byte_swap_us=19 staging_us=3797 event_submit_us=16740 event_complete_us=20005 frame_us=32929 tear_edge_observed=1 frame_reused=1 pass=1
[16:30:29] TINYDRAW_PANSEQ_FRAME zoom=400 step=21 dx=-72 dy=-54 scroll_us=10 exposed_compose_us=13955 chrome_us=2364 tear_wait_us=3285 present_us=16576 prepare_us=11045 acquire_wait_us=25 ring_copy_us=8609 patch_us=2416 byte_swap_us=20 staging_us=3896 event_submit_us=17345 event_complete_us=20625 frame_us=33933 tear_edge_observed=1 frame_reused=1 pass=1
[16:30:29] TINYDRAW_PANSEQ_FRAME zoom=400 step=22 dx=-72 dy=-54 scroll_us=10 exposed_compose_us=13803 chrome_us=2388 tear_wait_us=3055 present_us=15965 prepare_us=11203 acquire_wait_us=24 ring_copy_us=8747 patch_us=2438 byte_swap_us=18 staging_us=3770 event_submit_us=16962 event_complete_us=20252 frame_us=32940 tear_edge_observed=1 frame_reused=1 pass=1
[16:30:29] TINYDRAW_PANSEQ_FRAME zoom=400 step=23 dx=-72 dy=-54 scroll_us=10 exposed_compose_us=13008 chrome_us=2409 tear_wait_us=4465 present_us=16358 prepare_us=11161 acquire_wait_us=24 ring_copy_us=8672 patch_us=2470 byte_swap_us=19 staging_us=3783 event_submit_us=17563 event_complete_us=20843 frame_us=33935 tear_edge_observed=1 frame_reused=1 pass=1
[16:30:29] TINYDRAW_PANSEQ_STRIP zoom=400 strip=0 panel_y=0 rows=44 samples=24 staging_mean_us=1444 staging_max_us=1487 wire_budget_us=1619 over_budget_us=0 pass=1
[16:30:29] TINYDRAW_PANSEQ_STRIP zoom=400 strip=1 panel_y=44 rows=44 samples=24 staging_mean_us=1297 staging_max_us=1323 wire_budget_us=1619 over_budget_us=0 pass=1
[16:30:29] TINYDRAW_PANSEQ_STRIP zoom=400 strip=2 panel_y=88 rows=44 samples=24 staging_mean_us=1247 staging_max_us=1271 wire_budget_us=1619 over_budget_us=0 pass=1
[16:30:29] TINYDRAW_PANSEQ_STRIP zoom=400 strip=3 panel_y=132 rows=44 samples=24 staging_mean_us=1246 staging_max_us=1269 wire_budget_us=1619 over_budget_us=0 pass=1
[16:30:29] TINYDRAW_PANSEQ_STRIP zoom=400 strip=4 panel_y=176 rows=44 samples=24 staging_mean_us=1246 staging_max_us=1273 wire_budget_us=1619 over_budget_us=0 pass=1
[16:30:29] TINYDRAW_PANSEQ_STRIP zoom=400 strip=5 panel_y=220 rows=44 samples=24 staging_mean_us=1229 staging_max_us=1263 wire_budget_us=1619 over_budget_us=0 pass=1
[16:30:29] TINYDRAW_PANSEQ_STRIP zoom=400 strip=6 panel_y=264 rows=44 samples=24 staging_mean_us=1409 staging_max_us=1451 wire_budget_us=1619 over_budget_us=0 pass=1
[16:30:29] TINYDRAW_PANSEQ_STRIP zoom=400 strip=7 panel_y=308 rows=44 samples=24 staging_mean_us=1408 staging_max_us=1448 wire_budget_us=1619 over_budget_us=0 pass=1
[16:30:29] TINYDRAW_PANSEQ_STRIP zoom=400 strip=8 panel_y=352 rows=20 samples=24 staging_mean_us=652 staging_max_us=690 wire_budget_us=736 over_budget_us=0 pass=1
[16:30:29] TINYDRAW_GATE1_PANSEQ zoom=400 frames=24 scroll_avg_us=10 exposed_avg_us=8036 chrome_avg_us=2386 tear_wait_avg_us=8820 present_avg_us=16374 prepare_avg_us=11155 acquire_wait_avg_us=24 ring_copy_avg_us=8699 patch_avg_us=2436 byte_swap_avg_us=18 staging_avg_us=3814 frame_avg_us=33354 frame_p50_us=33933 frame_p95_us=33946 frame_max_us=33948 complete_p50_us=20454 complete_p95_us=20843 complete_max_us=20905 tear_edge_failures=0 presentation_experiment=boundary-top-sweep te_edge=rising requested_clock_mhz=50 effective_clock_mhz=40 chrome_bottom_redraws=0 chrome_battery_redraws=0 chrome_zoom_redraws=0 chrome_minimap_base_redraws=0 strip_samples=216 staging_mean_us=1242 staging_max_us=1487 worst_strip=8 worst_strip_y=352 worst_wire_budget_us=736 worst_headroom_us=46 staging_invariant=1 pacing_pass=1 all_reused=1 pass=1
[16:30:30] TINYDRAW_GATE1_PAN_BOUNDARY zoom=100 slow_1px_trace=1 below_delta=94 below_reused=1 at_delta=96 at_reused=1 above_delta=98 above_fallback=1 pass=1
[16:30:30] TINYDRAW_GATE1_PAN_BOUNDARY zoom=400 slow_1px_trace=1 below_delta=94 below_reused=1 at_delta=96 at_reused=1 above_delta=98 above_fallback=1 pass=1
[16:30:30] TINYDRAW_GATE1_DRAW_FILL zoom=400 revision=2930 append_us=1039 poll_gap_us=96 event_submit_us=229 event_complete_us=2236 max_compute_slice_us=4926 max_display_slice_us=17008 fill_us=254905 revision_restarted=1 pass=1
[16:30:31] TINYDRAW_GATE1_CACHE_FILL zoom=50 x=63 y=63 published=56 total_us=710968 within_cold_gate=0 complete=1
[16:30:32] TINYDRAW_GATE1_CACHE_FILL zoom=100 x=63 y=63 published=56 total_us=567979 within_cold_gate=0 complete=1
[16:30:32] TINYDRAW_GATE1_CACHE_FILL zoom=200 x=63 y=63 published=56 total_us=416967 within_cold_gate=1 complete=1
[16:30:33] TINYDRAW_GATE1_CACHE_FILL zoom=400 x=63 y=63 published=56 total_us=353967 within_cold_gate=1 complete=1
[16:30:33] TINYDRAW_GATE1_CACHE_REVISIT zoom=50 remaining=0 tile_pixels=118128 fallback_pixels=0 compose_us=18054 complete_us=21630 hit=1
[16:30:33] TINYDRAW_GATE1_CACHE_REVISIT zoom=100 remaining=0 tile_pixels=164864 fallback_pixels=0 compose_us=19979 complete_us=21197 hit=1
[16:30:33] TINYDRAW_GATE1_CACHE_REVISIT zoom=200 remaining=0 tile_pixels=164864 fallback_pixels=0 compose_us=21003 complete_us=20785 hit=1
[16:30:33] TINYDRAW_GATE1_CACHE_REVISIT zoom=400 remaining=0 tile_pixels=164608 fallback_pixels=0 compose_us=22004 complete_us=21344 hit=1
[16:30:34] TINYDRAW_GATE1_CACHE_FILL zoom=400 x=575 y=575 published=56 total_us=389969 within_cold_gate=1 complete=1
[16:30:34] TINYDRAW_GATE1_CACHE_ROUND_TRIP zoom=50 from_x=63 from_y=63 via_x=575 via_y=575 remaining=0 tile_pixels=118128 fallback_pixels=0 compose_us=18163 complete_us=21106 hit=1
[16:30:34] TINYDRAW_GATE1_CACHE_ROUND_TRIP zoom=100 from_x=63 from_y=63 via_x=575 via_y=575 remaining=0 tile_pixels=164864 fallback_pixels=0 compose_us=20147 complete_us=20685 hit=1
[16:30:34] TINYDRAW_GATE1_CACHE_ROUND_TRIP zoom=200 from_x=63 from_y=63 via_x=575 via_y=575 remaining=0 tile_pixels=164864 fallback_pixels=0 compose_us=20954 complete_us=21274 hit=1
[16:30:34] TINYDRAW_GATE1_CACHE_ROUND_TRIP zoom=400 from_x=63 from_y=63 via_x=575 via_y=575 remaining=0 tile_pixels=164608 fallback_pixels=0 compose_us=22031 complete_us=21056 hit=1
[16:30:34] TINYDRAW_GATE1_CACHE_RETENTION pass=1 slots=448 revision=2930
[16:30:35] TINYDRAW_PAPER_SWEEP zoom=100 identities=644 raw=266 uniform=378 fallback=0 slots=448 total_us=1544102 pass=1
[16:30:35] TINYDRAW_RERENDER_LEDGER_RESET site=cache_tour_start
[16:30:40] TINYDRAW_GATE1_CACHE_TOUR slots=448 stops=16 forward_steps=2595 forward_tiles=832 forward_wall_us=2181686 return_missing_tiles=0 return_steps=16 return_tiles=0 return_wall_us=42781 home_missing=0 home_fallback_pixels=0 pass=1
[16:30:40] TINYDRAW_RERENDER_LEDGER site=cache_tour renders=137 unique=137 amplification=1.000 cold=137 damage=0 evict=0 stale=0 unexplained=0
[16:30:40] TINYDRAW_GATE1_MIXED_DRAW_WARM zoom=50 fill_tiles=56 fill_us=624267 raw=42 uniform=14
[16:30:41] TINYDRAW_GATE1_MIXED_DRAW_WARM zoom=100 fill_tiles=56 fill_us=479296 raw=56 uniform=0
[16:30:41] TINYDRAW_GATE1_MIXED_DRAW_WARM zoom=200 fill_tiles=56 fill_us=389731 raw=56 uniform=0
[16:30:42] TINYDRAW_GATE1_MIXED_DRAW_WARM zoom=400 fill_tiles=42 fill_us=247712 raw=42 uniform=0
[16:30:43] TINYDRAW_GATE1_MIXED_DRAW zoom=25 tool=pen chunks=50 append_max_us=13331 append_avg_us=11938 append_total_us=596924 affected_tiles=196 published=0 fallback=196 visible_fallback=0 ph_prepare_max_us=157 ph_overview_max_us=9053 ph_enumerate_max_us=558 ph_uniform_max_us=92 ph_raw_max_us=14 ph_commit_max_us=3589 committed=1 authority=1 refresh=1 run_ok=1 pass=1
[16:30:44] TINYDRAW_GATE1_MIXED_DRAW zoom=25 tool=eraser chunks=50 append_max_us=13378 append_avg_us=11885 append_total_us=594278 affected_tiles=0 published=0 fallback=0 visible_fallback=0 ph_prepare_max_us=152 ph_overview_max_us=9178 ph_enumerate_max_us=470 ph_uniform_max_us=9 ph_raw_max_us=10 ph_commit_max_us=3659 committed=1 authority=1 refresh=1 run_ok=1 pass=1
[16:30:46] TINYDRAW_GATE1_MIXED_DRAW zoom=50 tool=pen chunks=50 append_max_us=19640 append_avg_us=16684 append_total_us=834228 affected_tiles=422 published=400 fallback=22 visible_fallback=0 ph_prepare_max_us=181 ph_overview_max_us=3852 ph_enumerate_max_us=520 ph_uniform_max_us=5482 ph_raw_max_us=12540 ph_commit_max_us=1769 committed=1 authority=1 refresh=1 run_ok=1 pass=0
[16:30:47] TINYDRAW_GATE1_MIXED_DRAW zoom=50 tool=eraser chunks=50 append_max_us=18406 append_avg_us=16393 append_total_us=819699 affected_tiles=405 published=405 fallback=0 visible_fallback=0 ph_prepare_max_us=168 ph_overview_max_us=3827 ph_enumerate_max_us=532 ph_uniform_max_us=31 ph_raw_max_us=12484 ph_commit_max_us=1621 committed=1 authority=1 refresh=1 run_ok=1 pass=0
[16:30:49] TINYDRAW_GATE1_MIXED_DRAW zoom=100 tool=pen chunks=50 append_max_us=16261 append_avg_us=14120 append_total_us=706001 affected_tiles=450 published=398 fallback=52 visible_fallback=0 ph_prepare_max_us=183 ph_overview_max_us=1928 ph_enumerate_max_us=539 ph_uniform_max_us=4403 ph_raw_max_us=12628 ph_commit_max_us=1028 committed=1 authority=1 refresh=1 run_ok=1 pass=0
[16:30:50] TINYDRAW_GATE1_MIXED_DRAW zoom=100 tool=eraser chunks=50 append_max_us=15562 append_avg_us=13895 append_total_us=694765 affected_tiles=399 published=399 fallback=0 visible_fallback=0 ph_prepare_max_us=172 ph_overview_max_us=1887 ph_enumerate_max_us=489 ph_uniform_max_us=31 ph_raw_max_us=12614 ph_commit_max_us=870 committed=1 authority=1 refresh=1 run_ok=1 pass=0
[16:30:52] TINYDRAW_GATE1_MIXED_DRAW zoom=200 tool=pen chunks=50 append_max_us=15658 append_avg_us=13088 append_total_us=654434 affected_tiles=425 published=389 fallback=36 visible_fallback=0 ph_prepare_max_us=188 ph_overview_max_us=1050 ph_enumerate_max_us=576 ph_uniform_max_us=4523 ph_raw_max_us=12710 ph_commit_max_us=807 committed=1 authority=1 refresh=1 run_ok=1 pass=0
[16:30:53] TINYDRAW_GATE1_MIXED_DRAW zoom=200 tool=eraser chunks=50 append_max_us=14839 append_avg_us=12802 append_total_us=640111 affected_tiles=388 published=388 fallback=0 visible_fallback=0 ph_prepare_max_us=180 ph_overview_max_us=1052 ph_enumerate_max_us=590 ph_uniform_max_us=29 ph_raw_max_us=12668 ph_commit_max_us=732 committed=1 authority=1 refresh=1 run_ok=1 pass=1
[16:30:55] TINYDRAW_GATE1_MIXED_DRAW zoom=400 tool=pen chunks=50 append_max_us=14603 append_avg_us=12054 append_total_us=602701 affected_tiles=359 published=334 fallback=25 visible_fallback=0 ph_prepare_max_us=185 ph_overview_max_us=711 ph_enumerate_max_us=662 ph_uniform_max_us=3433 ph_raw_max_us=11988 ph_commit_max_us=766 committed=1 authority=1 refresh=1 run_ok=1 pass=1
[16:30:56] TINYDRAW_GATE1_MIXED_DRAW zoom=400 tool=eraser chunks=50 append_max_us=13736 append_avg_us=11915 append_total_us=595754 affected_tiles=350 published=350 fallback=0 visible_fallback=0 ph_prepare_max_us=179 ph_overview_max_us=716 ph_enumerate_max_us=592 ph_uniform_max_us=33 ph_raw_max_us=12023 ph_commit_max_us=677 committed=1 authority=1 refresh=1 run_ok=1 pass=1
[16:30:56] TINYDRAW_GATE1_MIXED_DRAW_REVISIT zoom=50 missing=4 refill_tiles=4 refill_us=240485
[16:30:56] TINYDRAW_GATE1_MIXED_DRAW_REVISIT zoom=100 missing=9 refill_tiles=9 refill_us=390112
[16:30:57] TINYDRAW_GATE1_MIXED_DRAW_REVISIT zoom=200 missing=16 refill_tiles=16 refill_us=342346
[16:30:57] TINYDRAW_GATE1_MIXED_DRAW_REVISIT zoom=400 missing=0 refill_tiles=0 refill_us=968
[16:30:57] TINYDRAW_GATE1_MIXED_DRAW_SUMMARY slots=448 strokes=10 worst_append_us=19640 pass=0
[16:31:03] TINYDRAW_GATE1_IDLE_REPAIR damaged=588 remaining=0 plan_views=24 steps=5805 repair_us=4092526 worst_step_us=6486 warm_tiles=56 pass=1
[16:31:03] TINYDRAW_INKTRACE trace=fast-curve-dense-25 zoom=25 events=411 consumed=372 coalesced=39 down=1/1 up=1/1 max_time_gap_us=24524 max_space_gap_px=55.33 e2c_p50=503 e2c_p95=688 e2c_max=3027 e2g_p95=789 e2s_p95=2638 e2d_p50=2336 e2d_p95=3683 e2d_max=4623 latency_samples=33 presentation_failures=0 commit_failures=0 overflows=0 revision=3482 latency_pass=1 pass=1
[16:31:04] TINYDRAW_INKTRACE trace=fast-curve-400 zoom=400 events=414 consumed=379 coalesced=35 down=1/1 up=1/1 max_time_gap_us=9274 max_space_gap_px=65.51 e2c_p50=503 e2c_p95=683 e2c_max=1582 e2g_p95=780 e2s_p95=2659 e2d_p50=2480 e2d_p95=3983 e2d_max=4019 latency_samples=33 presentation_failures=0 commit_failures=0 overflows=0 revision=3484 latency_pass=1 pass=1
[16:31:07] TINYDRAW_INKTRACE trace=fast-curve-400-xl zoom=400 events=2296 consumed=1913 coalesced=383 down=1/1 up=1/1 max_time_gap_us=12814 max_space_gap_px=47.85 e2c_p50=503 e2c_p95=574 e2c_max=1579 e2g_p95=784 e2s_p95=2980 e2d_p50=3305 e2d_p95=4635 e2d_max=8268 latency_samples=172 presentation_failures=0 commit_failures=0 overflows=0 revision=3490 latency_pass=1 pass=1
[16:31:07] TINYDRAW_INKTRACE trace=slow-precise-100 zoom=100 events=741 consumed=713 coalesced=28 down=1/1 up=1/1 max_time_gap_us=8383 max_space_gap_px=13.45 e2c_p50=503 e2c_p95=981 e2c_max=1573 e2g_p95=780 e2s_p95=1779 e2d_p50=1953 e2d_p95=2287 e2d_max=2316 latency_samples=53 presentation_failures=0 commit_failures=0 overflows=0 revision=3492 latency_pass=1 pass=1
[16:31:10] TINYDRAW_INKTRACE trace=scribble-multistroke zoom=100 events=848 consumed=731 coalesced=117 down=7/7 up=7/7 max_time_gap_us=6079 max_space_gap_px=109.46 e2c_p50=503 e2c_p95=579 e2c_max=1578 e2g_p95=781 e2s_p95=3446 e2d_p50=3203 e2d_p95=5303 e2d_max=6340 latency_samples=55 presentation_failures=0 commit_failures=0 overflows=0 revision=3499 latency_pass=1 pass=1
[16:31:12] TINYDRAW_HAIRLINE_DOC ops=782 samples=8061 append_total_us=1057991 append_max_us=7283
[16:31:12] TINYDRAW_GATE1_PACED_COLD corpus=evil_hairlines_capacity zoom=100 x=552 y=672 steps=236 tiles=56 compute_us=256718 present_us=80629 touch_us=598 pacing_us=7026 wall_us=344971 maximum_wall_us=500000 max_tick_us=9872 touch_samples=52439 touch_interval_max_us=2115 touch_read_max_us=624 touch_events=0 touch_down=0 touch_up=0 touch_events_ge_8ms=0 touch_event_age_max_us=0 touch_errors=0 touch_overflows=0 pass=1
[16:31:13] TINYDRAW_GATE1_PACED_COLD corpus=evil_hairlines_capacity zoom=400 x=2760 y=3360 steps=209 tiles=48 compute_us=167256 present_us=79728 touch_us=514 pacing_us=6477 wall_us=253975 maximum_wall_us=500000 max_tick_us=9538 touch_samples=329 touch_interval_max_us=1168 touch_read_max_us=467 touch_events=0 touch_down=0 touch_up=0 touch_events_ge_8ms=0 touch_event_age_max_us=0 touch_errors=0 touch_overflows=0 pass=1
[16:31:15] TINYDRAW_HAIRLINE_REPAIR steps=2814 wall_us=2603471 worst_step_us=7709 resident=407/448 grid_stopped=1 pass2_steps=8 pass2_wall_us=11789 no_churn=1
[16:31:17] TINYDRAW_HAIRLINE_TOUR stops=8 total_us=1129599 worst_stop_us=235936 worst_step_us=7340
[16:31:17] TINYDRAW_GATE1_HAIRLINE raw=339 uniform=72 fallback=233 capacity=448 worst_step_us=7709 grid_stopped=1 pass=1
[16:31:19] TINYDRAW_GATE1_LONG_GESTURE path=reference samples=1600 chunks=26 append_total_us=973850 append_max_us=44656 append_avg_us=37455 refresh_fallback_pixels=0 settled_fallback_pixels=0 committed=1 authority=1 refresh=1 run_ok=1
[16:31:19] TINYDRAW_GATE1_LONG_GESTURE path=in_place samples=1600 chunks=52 append_total_us=605692 append_max_us=14264 append_avg_us=11647 refresh_fallback_pixels=0 settled_fallback_pixels=0 committed=1 authority=1 refresh=1 run_ok=1
[16:31:19] TINYDRAW_V2_EXPORT_PROGRESS row=0 of=1792
[16:31:20] TINYDRAW_V2_EXPORT_PROGRESS row=256 of=1792
[16:31:21] TINYDRAW_V2_EXPORT_PROGRESS row=512 of=1792
[16:31:22] TINYDRAW_V2_EXPORT_PROGRESS row=768 of=1792
[16:31:22] TINYDRAW_V2_EXPORT_PROGRESS row=1024 of=1792
[16:31:23] TINYDRAW_V2_EXPORT_PROGRESS row=1280 of=1792
[16:31:24] TINYDRAW_V2_EXPORT_PROGRESS row=1536 of=1792
[16:31:25] TINYDRAW_GATE1_EXPORT encoded=1 bytes=40166 elapsed_us=5940698 workspace_bytes=50652 band_bytes=376832 free_psram=1865040 free_internal=199124 signature=1 dimensions=1 chunks=3 chunks_ok=1 pass=1
[16:31:25] TINYDRAW_EXPORT_RESERVE requested=1572864 free_before=1865040 largest_before=1835008 free_held=292172 largest_held=286720 pass=1
[16:31:25] TINYDRAW_RERENDER_LEDGER site=final renders=0 unique=0 amplification=0.000 cold=0 damage=0 evict=0 stale=0 unexplained=0
[16:31:25] TINYDRAW_GATE1_AUTOMATED_DONE stress=1 stress_100=1 stress_400=1 overlap_ready=1 overlap_cold=0 general_cold_ready=1 general_cold=0 workload=1 paced_cold=1 hard_100=1 hard_400=1 pan_100=1 pan_400=1 pan_seq=1 pan_boundary=1 live_overlay=1 draw_fill=1 cache=1 full_world_cache=1 cache_tour=1 mixed_draw=0 idle_repair=1 ink_trace=1 hairline_capacity=1 long_gesture=1 export_encode=1 export_reserve=1 return=1 ssaa_receipt=yellow
[16:31:25] TINYDRAW_VECTOR_V2_GATE_HARNESS_DONE pass=0
[16:31:25] I (76801) main_task: Returned from app_main()
