[18:18:10] I (103) esp_image: segment 0: paddr=00010020 vaddr=3c050020 sizeESP-ROM:esp32s3-20210327
[18:18:10] Build:Mar 27 2021
[18:18:10] rst:0x15 (USB_UART_CHIP_RESET),boot:0x2b (SPI_FAST_FLASH_BOOT)
[18:18:10] Saved PC:0x4200876b
[18:18:10] SPIWP:0xee
[18:18:10] mode:DIO, clock div:1
[18:18:10] load:0x3fce2820,len:0x1664
[18:18:10] load:0x403c8700,len:0xf38
[18:18:10] load:0x403cb700,len:0x31e8
[18:18:10] entry 0x403c8930
[18:18:10] I (24) boot: ESP-IDF v6.0.2 2nd stage bootloader
[18:18:10] I (24) boot: compile time Aug 16 2026 18:17:51
[18:18:10] I (25) boot: Multicore bootloader
[18:18:10] I (25) boot: chip revision: v0.2
[18:18:10] I (28) boot: efuse block revision: v1.3
[18:18:10] I (31) qio_mode: Enabling default flash chip QIO
[18:18:10] I (36) boot.esp32s3: Boot SPI Speed : 80MHz
[18:18:10] I (39) boot.esp32s3: SPI Mode       : QIO
[18:18:10] I (43) boot.esp32s3: SPI Flash Size : 16MB
[18:18:10] I (47) boot: Enabling RNG early entropy source...
[18:18:10] I (51) boot: Partition Table:
[18:18:10] I (54) boot: ## Label            Usage          Type ST Offset   Length
[18:18:10] I (60) boot:  0 nvs              WiFi data        01 02 00009000 00006000
[18:18:10] I (67) boot:  1 phy_init         RF data          01 01 0000f000 00001000
[18:18:10] I (73) boot:  2 factory          factory app      00 00 00010000 00100000
[18:18:10] I (80) boot:  3 drawing          Unknown data     01 40 00110000 00300000
[18:18:10] I (86) boot:  4 export           Unknown data     01 41 00410000 00500000
[18:18:10] I (93) boot:  5 coredump         Unknown data     01 03 00910000 00010000
[18:18:10] I (100) boot: End of partition table
[18:18:10] I (103) esp_image: segment 0: paddr=00010020 vaddr=3c050020 size=2be0ch (179724) map
[18:18:10] I (138) esp_image: segment 1: paddr=0003be34 vaddr=3fc96000 size=03764h ( 14180) load
[18:18:10] I (141) esp_image: segment 2: paddr=0003f5a0 vaddr=40374000 size=00a78h (  2680) load
[18:18:10] I (143) esp_image: segment 3: paddr=00040020 vaddr=42000020 size=4da9ch (318108) map
[18:18:10] I (199) esp_image: segment 4: paddr=0008dac4 vaddr=40374a78 size=1149ch ( 70812) load
[18:18:10] I (213) esp_image: segment 5: paddr=0009ef68 vaddr=50000000 size=00024h (    36) load
[18:18:10] I (221) boot: Loaded app from partition at offset 0x10000
[18:18:10] I (221) boot: Disabling RNG early entropy source...
[18:18:10] I (231) octal_psram: vendor id    : 0x0d (AP)
[18:18:10] I (232) octal_psram: dev id       : 0x02 (generation 3)
[18:18:10] I (232) octal_psram: density      : 0x03 (64 Mbit)
[18:18:10] I (234) octal_psram: good-die     : 0x01 (Pass)
[18:18:10] I (238) octal_psram: Latency      : 0x01 (Fixed)
[18:18:10] I (242) octal_psram: VCC          : 0x01 (3V)
[18:18:10] I (246) octal_psram: SRF          : 0x01 (Fast Refresh)
[18:18:10] I (251) octal_psram: BurstType    : 0x01 (Hybrid Wrap)
[18:18:10] I (256) octal_psram: BurstLen     : 0x01 (32 Byte)
[18:18:10] I (261) octal_psram: Readlatency  : 0x02 (10 cycles@Fixed)
[18:18:10] I (266) octal_psram: DriveStrength: 0x00 (1/1)
[18:18:10] I (270) MSPI Timing: Enter psram timing tuning
[18:18:10] I (275) esp_psram: Found 8MB PSRAM device
[18:18:10] I (278) esp_psram: Speed: 80MHz
[18:18:10] I (281) cpu_start: Multicore app
[18:18:10] I (697) esp_psram: SPI SRAM memory test OK
[18:18:10] I (705) cpu_start: GPIO 44 and 43 are used as console UART I/O pins
[18:18:10] I (706) cpu_start: Pro cpu start user code
[18:18:10] I (706) cpu_start: cpu freq: 240000000 Hz
[18:18:10] I (707) app_init: Application information:
[18:18:10] I (711) app_init: Project name:     tinydraw_esp32
[18:18:10] I (716) app_init: App version:      bdd95e7-dirty
[18:18:10] I (720) app_init: Compile time:     Aug 16 2026 18:17:43
[18:18:10] I (725) app_init: ELF file SHA256:  5edb6a453...
[18:18:10] I (730) app_init: ESP-IDF:          v6.0.2
[18:18:10] I (733) efuse_init: Min chip rev:     v0.0
[18:18:10] I (737) efuse_init: Max chip rev:     v0.99 
[18:18:10] I (741) efuse_init: Chip rev:         v0.2
[18:18:10] I (745) heap_init: Initializing. RAM available for dynamic allocation:
[18:18:10] I (751) heap_init: At 3FC9AB90 len 0004EB80 (314 KiB): RAM
[18:18:10] I (756) heap_init: At 3FCE9710 len 00005724 (21 KiB): RAM
[18:18:10] I (762) heap_init: At 3FCF0000 len 00008000 (32 KiB): DRAM
[18:18:10] I (767) heap_init: At 600FE000 len 00001FE8 (7 KiB): RTCRAM
[18:18:10] I (772) esp_psram: Adding pool of 8192K of PSRAM memory to heap allocator
[18:18:10] I (779) spi_flash: detected chip: generic
[18:18:10] I (782) spi_flash: flash io: qio
[18:18:10] I (786) sleep_gpio: Configure to isolate all GPIO pins in sleep state
[18:18:10] I (792) sleep_gpio: Enable automatic switching of GPIO sleep configuration
[18:18:10] I (799) main_task: Started on CPU0
[18:18:10] I (802) main_task: Calling app_main()
[18:18:10] TINYDRAW_PRODUCER_SCRATCH supertask_internal=1 slot_directory_internal=0 free_internal=299676 free_psram=1861508
[18:18:11] TINYDRAW_PANEL_HARD_RESET=1
[18:18:11] TINYDRAW_PANEL_TRANSPORT requested_clock_mhz=50 effective_clock_mhz=40
[18:18:11] I (1009) co5300: version: 2.1.0
[18:18:11] I (1009) co5300_spi: LCD panel create success, version: 2.1.0
[18:18:11] W (1094) co5300_spi: The 3Ah command has been used and will be overwritten by external initialization sequence
[18:18:11] I (1195) CST816S: IC id: 183
[18:18:11] TINYDRAW_VECTOR_V2_PRESENTATION experiment=boundary-top-sweep te_edge=rising requested_clock_mhz=50 effective_clock_mhz=40 optical_acceptance=external_manual
[18:18:11] TINYDRAW_LIVE_PRESENT kind=startup zoom=25 x=0 y=0 compose_us=26057 scroll_us=0 exposed_compose_us=0 chrome_us=17194 chrome_prepare_us=11952 chrome_stage_us=5242 read_submit_us=0 read_complete_us=0 transfer_wait_us=21090 tile_pixels=0 uniform_pixels=0 overview_pixels=164864 fallback_pixels=0 resident_tiles=0 fallback_tiles=0 pushes=11 tear_wait_us=107 tear_edge_isr_to_resume_us=11 tear_edge_observed=1 tear_edge_wait_resumed=1 tear_edge_timeout=0 tear_heal_attempted=0 tear_heal_command_sent=0 presentation_experiment=boundary-top-sweep te_edge=rising requested_clock_mhz=50 effective_clock_mhz=40 frame_reused=0 pass=1
[18:18:12] TINYDRAW_LIVE_STRESS operations=1000 samples=20000 total_us=748717 average_us=748 maximum_us=1017 free_psram=1859920 largest_psram=1835008
[18:18:12] TINYDRAW_LIVE_PRESENT kind=gate_fallback zoom=100 x=0 y=0 compose_us=11328 scroll_us=0 exposed_compose_us=0 chrome_us=11355 chrome_prepare_us=6805 chrome_stage_us=4550 read_submit_us=25231 read_complete_us=28593 transfer_wait_us=20345 tile_pixels=0 uniform_pixels=0 overview_pixels=0 fallback_pixels=164864 resident_tiles=0 fallback_tiles=42 pushes=11 tear_wait_us=6971 tear_edge_isr_to_resume_us=11 tear_edge_observed=1 tear_edge_wait_resumed=1 tear_edge_timeout=0 tear_heal_attempted=0 tear_heal_command_sent=0 presentation_experiment=boundary-top-sweep te_edge=rising requested_clock_mhz=50 effective_clock_mhz=40 frame_reused=0 pass=1
[18:18:12] TINYDRAW_GATE1_HARD zoom=100 cold=1 operations=1000 samples=20000 steps=193 tiles=42 scanned=12000 rendered=122 max_supertask_us=6730 presentation_us=69978 total_us=278663 maximum_wall_us=500000 pass=1
[18:18:12] TINYDRAW_LIVE_PRESENT kind=gate_fallback zoom=400 x=0 y=0 compose_us=10769 scroll_us=0 exposed_compose_us=0 chrome_us=6701 chrome_prepare_us=2348 chrome_stage_us=4353 read_submit_us=17297 read_complete_us=20933 transfer_wait_us=20847 tile_pixels=0 uniform_pixels=0 overview_pixels=0 fallback_pixels=164864 resident_tiles=0 fallback_tiles=42 pushes=11 tear_wait_us=4059 tear_edge_isr_to_resume_us=12 tear_edge_observed=1 tear_edge_wait_resumed=1 tear_edge_timeout=0 tear_heal_attempted=0 tear_heal_command_sent=0 presentation_experiment=boundary-top-sweep te_edge=rising requested_clock_mhz=50 effective_clock_mhz=40 frame_reused=0 pass=1
[18:18:12] TINYDRAW_GATE1_HARD zoom=400 cold=1 operations=1000 samples=20000 steps=199 tiles=42 scanned=12000 rendered=17 max_supertask_us=5295 presentation_us=66517 total_us=161015 maximum_wall_us=500000 pass=1
[18:18:13] TINYDRAW_OVERLAP_WORKLOAD operations=8 samples=1200 radius_world=80
[18:18:14] TINYDRAW_GATE1_PACED_COLD corpus=overlap zoom=50 x=215 y=255 steps=235 tiles=56 compute_us=521489 present_us=84009 touch_us=579 pacing_us=15873 wall_us=621950 maximum_wall_us=500000 max_tick_us=9446 touch_samples=2778 touch_interval_max_us=1938 touch_read_max_us=596 touch_events=0 touch_down=0 touch_up=0 touch_events_ge_8ms=0 touch_event_age_max_us=0 touch_errors=0 touch_overflows=0 pass=0
[18:18:14] TINYDRAW_GATE1_PACED_COLD corpus=overlap zoom=100 x=583 y=703 steps=183 tiles=48 compute_us=284497 present_us=78179 touch_us=430 pacing_us=7865 wall_us=370971 maximum_wall_us=500000 max_tick_us=9338 touch_samples=438 touch_interval_max_us=1161 touch_read_max_us=472 touch_events=0 touch_down=0 touch_up=0 touch_events_ge_8ms=0 touch_event_age_max_us=0 touch_errors=0 touch_overflows=0 pass=1
[18:18:14] TINYDRAW_GATE1_PACED_COLD corpus=overlap zoom=200 x=1319 y=1599 steps=180 tiles=56 compute_us=258162 present_us=76162 touch_us=415 pacing_us=9230 wall_us=343969 maximum_wall_us=500000 max_tick_us=9769 touch_samples=410 touch_interval_max_us=1564 touch_read_max_us=468 touch_events=0 touch_down=0 touch_up=0 touch_events_ge_8ms=0 touch_event_age_max_us=0 touch_errors=0 touch_overflows=0 pass=1
[18:18:15] TINYDRAW_GATE1_PACED_COLD corpus=overlap zoom=400 x=2791 y=3391 steps=181 tiles=56 compute_us=221656 present_us=72766 touch_us=390 pacing_us=9155 wall_us=303967 maximum_wall_us=500000 max_tick_us=8156 touch_samples=380 touch_interval_max_us=1183 touch_read_max_us=470 touch_events=0 touch_down=0 touch_up=0 touch_events_ge_8ms=0 touch_event_age_max_us=0 touch_errors=0 touch_overflows=0 pass=1
[18:18:15] TINYDRAW_ADVERSARIAL_TAPERED_WORKLOAD operations=128 samples=4096 erasers=12 load_us=218533 appended=1
[18:18:16] TINYDRAW_GENERAL_COLD_WORKLOAD operations=910 samples=12157 hairline_operations=782 hairline_samples=8061 hairline_load_us=1105648 appended=1
[18:18:17] TINYDRAW_GATE1_PACED_COLD corpus=adversarial_tapered_4x+evil_hairlines zoom=50 x=0 y=0 steps=318 tiles=42 compute_us=356150 present_us=70397 touch_us=481 pacing_us=9921 wall_us=436949 maximum_wall_us=500000 max_tick_us=8633 touch_samples=1682 touch_interval_max_us=2043 touch_read_max_us=550 touch_events=0 touch_down=0 touch_up=0 touch_events_ge_8ms=0 touch_event_age_max_us=0 touch_errors=0 touch_overflows=0 pass=1
[18:18:17] TINYDRAW_GATE1_PACED_COLD corpus=adversarial_tapered_4x+evil_hairlines zoom=100 x=0 y=0 steps=346 tiles=42 compute_us=348580 present_us=66934 touch_us=474 pacing_us=11774 wall_us=427762 maximum_wall_us=500000 max_tick_us=8489 touch_samples=494 touch_interval_max_us=1161 touch_read_max_us=448 touch_events=0 touch_down=0 touch_up=0 touch_events_ge_8ms=0 touch_event_age_max_us=0 touch_errors=0 touch_overflows=0 pass=1
[18:18:18] TINYDRAW_GATE1_PACED_COLD corpus=adversarial_tapered_4x+evil_hairlines zoom=200 x=0 y=0 steps=407 tiles=42 compute_us=409817 present_us=64794 touch_us=551 pacing_us=12819 wall_us=487981 maximum_wall_us=500000 max_tick_us=7902 touch_samples=565 touch_interval_max_us=1178 touch_read_max_us=458 touch_events=0 touch_down=0 touch_up=0 touch_events_ge_8ms=0 touch_event_age_max_us=0 touch_errors=0 touch_overflows=0 pass=1
[18:18:18] TINYDRAW_GATE1_PACED_COLD corpus=adversarial_tapered_4x+evil_hairlines zoom=400 x=0 y=0 steps=490 tiles=42 compute_us=431908 present_us=62350 touch_us=519 pacing_us=11179 wall_us=505956 maximum_wall_us=500000 max_tick_us=10072 touch_samples=573 touch_interval_max_us=1164 touch_read_max_us=460 touch_events=0 touch_down=0 touch_up=0 touch_events_ge_8ms=0 touch_event_age_max_us=0 touch_errors=0 touch_overflows=0 pass=0
[18:18:19] TINYDRAW_GATE1_WORKLOAD kind=realistic seed=7 operations=1000 samples=19844 maximum_stroke=198 load_us=553906 raw_source=1 lod_copies=0
[18:18:19] TINYDRAW_GATE1_PACED_COLD corpus=seed7 zoom=400 x=63 y=63 steps=264 tiles=56 compute_us=192553 present_us=80150 touch_us=376 pacing_us=6869 wall_us=279948 maximum_wall_us=500000 max_tick_us=9645 touch_samples=928 touch_interval_max_us=2033 touch_read_max_us=550 touch_events=0 touch_down=0 touch_up=0 touch_events_ge_8ms=0 touch_event_age_max_us=0 touch_errors=0 touch_overflows=0 pass=1
[18:18:20] TINYDRAW_LIVE_PRESENT kind=gate_fallback zoom=100 x=0 y=0 compose_us=11401 scroll_us=0 exposed_compose_us=0 chrome_us=6922 chrome_prepare_us=2381 chrome_stage_us=4541 read_submit_us=29168 read_complete_us=32754 transfer_wait_us=20971 tile_pixels=0 uniform_pixels=0 overview_pixels=0 fallback_pixels=164864 resident_tiles=0 fallback_tiles=42 pushes=11 tear_wait_us=15268 tear_edge_isr_to_resume_us=15 tear_edge_observed=1 tear_edge_wait_resumed=1 tear_edge_timeout=0 tear_heal_attempted=0 tear_heal_command_sent=0 presentation_experiment=boundary-top-sweep te_edge=rising requested_clock_mhz=50 effective_clock_mhz=40 frame_reused=0 pass=1
[18:18:20] TINYDRAW_GATE1_HARD zoom=100 cold=1 operations=1000 samples=19844 steps=246 tiles=42 scanned=12000 rendered=388 max_supertask_us=5343 presentation_us=69286 total_us=361265 maximum_wall_us=500000 pass=1
[18:18:20] TINYDRAW_GATE1_OVERLAY_CANVAS regions=zoom,minimap,toolbar,battery operations=4 presentation_mutations=0 authority=1 pass=1
[18:18:20] TINYDRAW_GATE1_LIVE_OVERLAY clear_updates=48 clear_wall_max_us=3946 clear_submit_max_us=2155 clear_complete_max_us=3045 overlay_updates=48 overlay_wall_max_us=3927 overlay_submit_max_us=2093 overlay_complete_max_us=3147 overlay_chrome_max_us=260 clear_failures=0 overlay_failures=0 pass=1
[18:18:20] TINYDRAW_EDGE_INK corners=4 edge_failures=0 pass=1
[18:18:21] TINYDRAW_GATE1_PAN zoom=100 from_x=0 from_y=0 to_x=88 to_y=88 compose_us=15423 scroll_us=11 exposed_compose_us=15412 chrome_us=2412 event_submit_us=29483 event_complete_us=32649 transfer_us=16532 setup=1 present=1 moved=1 frame_reused=1 pass=1
[18:18:21] TINYDRAW_LIVE_PRESENT kind=gate_fallback zoom=400 x=0 y=0 compose_us=10658 scroll_us=0 exposed_compose_us=0 chrome_us=6735 chrome_prepare_us=2379 chrome_stage_us=4356 read_submit_us=23391 read_complete_us=27008 transfer_wait_us=21046 tile_pixels=0 uniform_pixels=0 overview_pixels=0 fallback_pixels=164864 resident_tiles=0 fallback_tiles=42 pushes=11 tear_wait_us=10230 tear_edge_isr_to_resume_us=11 tear_edge_observed=1 tear_edge_wait_resumed=1 tear_edge_timeout=0 tear_heal_attempted=0 tear_heal_command_sent=0 presentation_experiment=boundary-top-sweep te_edge=rising requested_clock_mhz=50 effective_clock_mhz=40 frame_reused=0 pass=1
[18:18:21] TINYDRAW_GATE1_HARD zoom=400 cold=1 operations=1008 samples=19852 steps=200 tiles=42 scanned=12096 rendered=60 max_supertask_us=8049 presentation_us=69925 total_us=213972 maximum_wall_us=500000 pass=1
[18:18:21] TINYDRAW_GATE1_PAN zoom=400 from_x=0 from_y=0 to_x=88 to_y=88 compose_us=15389 scroll_us=12 exposed_compose_us=15377 chrome_us=2262 event_submit_us=30109 event_complete_us=33283 transfer_us=15893 setup=1 present=1 moved=1 frame_reused=1 pass=1
[18:18:24] TINYDRAW_PANSEQ_FRAME zoom=100 step=0 dx=24 dy=18 scroll_us=10 exposed_compose_us=4368 chrome_us=2413 tear_wait_us=8312 present_us=16145 prepare_us=10867 acquire_wait_us=20 ring_copy_us=8447 patch_us=2412 byte_swap_us=8 staging_us=4013 event_submit_us=12827 event_complete_us=16005 frame_us=28977 tear_edge_observed=1 frame_reused=1 pass=1
[18:18:24] TINYDRAW_PANSEQ_FRAME zoom=100 step=1 dx=24 dy=18 scroll_us=6 exposed_compose_us=4413 chrome_us=2408 tear_wait_us=12880 present_us=16494 prepare_us=10786 acquire_wait_us=20 ring_copy_us=8368 patch_us=2410 byte_swap_us=8 staging_us=4096 event_submit_us=17425 event_complete_us=20599 frame_us=33921 tear_edge_observed=1 frame_reused=1 pass=1
[18:18:24] TINYDRAW_PANSEQ_FRAME zoom=100 step=2 dx=24 dy=18 scroll_us=8 exposed_compose_us=4098 chrome_us=2414 tear_wait_us=12858 present_us=15852 prepare_us=10851 acquire_wait_us=18 ring_copy_us=8421 patch_us=2423 byte_swap_us=7 staging_us=4041 event_submit_us=17084 event_complete_us=20261 frame_us=32944 tear_edge_observed=1 frame_reused=1 pass=1
[18:18:24] TINYDRAW_PANSEQ_FRAME zoom=100 step=3 dx=24 dy=18 scroll_us=6 exposed_compose_us=4599 chrome_us=2416 tear_wait_us=12995 present_us=16207 prepare_us=10836 acquire_wait_us=20 ring_copy_us=8406 patch_us=2421 byte_swap_us=9 staging_us=4025 event_submit_us=17716 event_complete_us=20867 frame_us=33930 tear_edge_observed=1 frame_reused=1 pass=1
[18:18:24] TINYDRAW_PANSEQ_FRAME zoom=100 step=4 dx=24 dy=18 scroll_us=8 exposed_compose_us=4145 chrome_us=2405 tear_wait_us=13095 present_us=16566 prepare_us=10781 acquire_wait_us=20 ring_copy_us=8363 patch_us=2409 byte_swap_us=9 staging_us=4060 event_submit_us=17370 event_complete_us=20529 frame_us=33944 tear_edge_observed=1 frame_reused=1 pass=1
[18:18:24] TINYDRAW_PANSEQ_FRAME zoom=100 step=5 dx=24 dy=18 scroll_us=6 exposed_compose_us=4451 chrome_us=2441 tear_wait_us=12417 present_us=15933 prepare_us=10809 acquire_wait_us=19 ring_copy_us=8352 patch_us=2448 byte_swap_us=9 staging_us=4063 event_submit_us=16990 event_complete_us=20153 frame_us=32930 tear_edge_observed=1 frame_reused=1 pass=1
[18:18:24] TINYDRAW_PANSEQ_FRAME zoom=100 step=6 dx=24 dy=18 scroll_us=8 exposed_compose_us=4082 chrome_us=2412 tear_wait_us=13439 present_us=16288 prepare_us=10854 acquire_wait_us=19 ring_copy_us=8423 patch_us=2423 byte_swap_us=8 staging_us=4024 event_submit_us=17658 event_complete_us=20824 frame_us=33944 tear_edge_observed=1 frame_reused=1 pass=1
[18:18:24] TINYDRAW_PANSEQ_FRAME zoom=100 step=7 dx=24 dy=18 scroll_us=6 exposed_compose_us=4413 chrome_us=2404 tear_wait_us=12750 present_us=16635 prepare_us=10772 acquire_wait_us=20 ring_copy_us=8354 patch_us=2411 byte_swap_us=7 staging_us=4070 event_submit_us=17288 event_complete_us=20423 frame_us=33930 tear_edge_observed=1 frame_reused=1 pass=1
[18:18:24] TINYDRAW_PANSEQ_FRAME zoom=100 step=8 dx=24 dy=18 scroll_us=8 exposed_compose_us=4378 chrome_us=2426 tear_wait_us=12450 present_us=15979 prepare_us=10862 acquire_wait_us=18 ring_copy_us=8422 patch_us=2431 byte_swap_us=9 staging_us=4015 event_submit_us=16957 event_complete_us=20125 frame_us=32944 tear_edge_observed=1 frame_reused=1 pass=1
[18:18:24] TINYDRAW_PANSEQ_FRAME zoom=100 step=9 dx=24 dy=18 scroll_us=6 exposed_compose_us=4404 chrome_us=2420 tear_wait_us=13065 present_us=16332 prepare_us=10783 acquire_wait_us=25 ring_copy_us=8348 patch_us=2426 byte_swap_us=9 staging_us=4077 event_submit_us=17591 event_complete_us=20759 frame_us=33930 tear_edge_observed=1 frame_reused=1 pass=1
[18:18:24] TINYDRAW_PANSEQ_FRAME zoom=100 step=10 dx=24 dy=18 scroll_us=8 exposed_compose_us=4092 chrome_us=2399 tear_wait_us=13034 present_us=16682 prepare_us=10851 acquire_wait_us=19 ring_copy_us=8437 patch_us=2406 byte_swap_us=8 staging_us=4020 event_submit_us=17254 event_complete_us=20422 frame_us=33944 tear_edge_observed=1 frame_reused=1 pass=1
[18:18:24] TINYDRAW_PANSEQ_FRAME zoom=100 step=11 dx=24 dy=18 scroll_us=7 exposed_compose_us=4621 chrome_us=2423 tear_wait_us=12141 present_us=16035 prepare_us=10791 acquire_wait_us=20 ring_copy_us=8352 patch_us=2430 byte_swap_us=9 staging_us=4086 event_submit_us=16894 event_complete_us=20056 frame_us=32930 tear_edge_observed=1 frame_reused=1 pass=1
[18:18:24] TINYDRAW_PANSEQ_FRAME zoom=100 step=12 dx=24 dy=18 scroll_us=8 exposed_compose_us=4144 chrome_us=2416 tear_wait_us=13284 present_us=16381 prepare_us=10797 acquire_wait_us=18 ring_copy_us=8349 patch_us=2428 byte_swap_us=20 staging_us=4066 event_submit_us=17555 event_complete_us=20721 frame_us=33944 tear_edge_observed=1 frame_reused=1 pass=1
[18:18:24] TINYDRAW_PANSEQ_FRAME zoom=100 step=13 dx=24 dy=18 scroll_us=6 exposed_compose_us=4435 chrome_us=2422 tear_wait_us=12630 present_us=16734 prepare_us=10782 acquire_wait_us=21 ring_copy_us=8347 patch_us=2427 byte_swap_us=8 staging_us=4105 event_submit_us=17189 event_complete_us=20367 frame_us=33930 tear_edge_observed=1 frame_reused=1 pass=1
[18:18:24] TINYDRAW_PANSEQ_FRAME zoom=100 step=14 dx=24 dy=18 scroll_us=7 exposed_compose_us=4102 chrome_us=2397 tear_wait_us=12621 present_us=16081 prepare_us=10808 acquire_wait_us=19 ring_copy_us=8391 patch_us=2410 byte_swap_us=7 staging_us=4063 event_submit_us=16849 event_complete_us=20013 frame_us=32938 tear_edge_observed=1 frame_reused=1 pass=1
[18:18:24] TINYDRAW_PANSEQ_FRAME zoom=100 step=15 dx=24 dy=18 scroll_us=6 exposed_compose_us=4440 chrome_us=2418 tear_wait_us=12937 present_us=16421 prepare_us=10744 acquire_wait_us=18 ring_copy_us=8311 patch_us=2426 byte_swap_us=7 staging_us=4107 event_submit_us=17502 event_complete_us=20665 frame_us=33930 tear_edge_observed=1 frame_reused=1 pass=1
[18:18:24] TINYDRAW_PANSEQ_FRAME zoom=100 step=16 dx=72 dy=54 scroll_us=8 exposed_compose_us=11722 chrome_us=2404 tear_wait_us=5340 present_us=16745 prepare_us=10799 acquire_wait_us=19 ring_copy_us=8377 patch_us=2415 byte_swap_us=7 staging_us=4070 event_submit_us=17191 event_complete_us=20350 frame_us=33944 tear_edge_observed=1 frame_reused=1 pass=1
[18:18:24] TINYDRAW_PANSEQ_FRAME zoom=100 step=17 dx=72 dy=54 scroll_us=6 exposed_compose_us=11671 chrome_us=2400 tear_wait_us=5027 present_us=16097 prepare_us=10799 acquire_wait_us=21 ring_copy_us=8381 patch_us=2410 byte_swap_us=8 staging_us=4067 event_submit_us=16821 event_complete_us=19973 frame_us=32925 tear_edge_observed=1 frame_reused=1 pass=1
[18:18:24] TINYDRAW_PANSEQ_FRAME zoom=100 step=18 dx=72 dy=54 scroll_us=8 exposed_compose_us=10044 chrome_us=2398 tear_wait_us=7318 present_us=16446 prepare_us=10801 acquire_wait_us=20 ring_copy_us=8388 patch_us=2405 byte_swap_us=8 staging_us=4066 event_submit_us=17490 event_complete_us=20654 frame_us=33944 tear_edge_observed=1 frame_reused=1 pass=1
[18:18:24] TINYDRAW_PANSEQ_FRAME zoom=100 step=19 dx=72 dy=54 scroll_us=6 exposed_compose_us=10061 chrome_us=2406 tear_wait_us=6950 present_us=15803 prepare_us=10786 acquire_wait_us=19 ring_copy_us=8350 patch_us=2427 byte_swap_us=9 staging_us=4090 event_submit_us=17120 event_complete_us=20276 frame_us=32930 tear_edge_observed=1 frame_reused=1 pass=1
[18:18:24] TINYDRAW_PANSEQ_FRAME zoom=100 step=20 dx=-72 dy=-54 scroll_us=8 exposed_compose_us=11531 chrome_us=2415 tear_wait_us=6123 present_us=16158 prepare_us=10804 acquire_wait_us=19 ring_copy_us=8369 patch_us=2427 byte_swap_us=8 staging_us=4030 event_submit_us=17777 event_complete_us=20903 frame_us=33943 tear_edge_observed=1 frame_reused=1 pass=1
[18:18:24] TINYDRAW_PANSEQ_FRAME zoom=100 step=21 dx=-72 dy=-54 scroll_us=6 exposed_compose_us=11656 chrome_us=2408 tear_wait_us=5642 present_us=16515 prepare_us=10752 acquire_wait_us=19 ring_copy_us=8318 patch_us=2426 byte_swap_us=8 staging_us=4096 event_submit_us=17416 event_complete_us=20556 frame_us=33930 tear_edge_observed=1 frame_reused=1 pass=1
[18:18:25] TINYDRAW_PANSEQ_FRAME zoom=100 step=22 dx=-72 dy=-54 scroll_us=8 exposed_compose_us=11704 chrome_us=2427 tear_wait_us=5227 present_us=15878 prepare_us=10842 acquire_wait_us=19 ring_copy_us=8399 patch_us=2435 byte_swap_us=8 staging_us=4020 event_submit_us=17058 event_complete_us=20197 frame_us=32944 tear_edge_observed=1 frame_reused=1 pass=1
[18:18:25] TINYDRAW_PANSEQ_FRAME zoom=100 step=23 dx=-72 dy=-54 scroll_us=6 exposed_compose_us=11363 chrome_us=2427 tear_wait_us=6197 present_us=16243 prepare_us=10816 acquire_wait_us=19 ring_copy_us=8368 patch_us=2440 byte_swap_us=8 staging_us=4045 event_submit_us=17680 event_complete_us=20823 frame_us=33930 tear_edge_observed=1 frame_reused=1 pass=1
[18:18:25] TINYDRAW_PANSEQ_STRIP zoom=100 strip=0 panel_y=0 rows=44 samples=24 staging_mean_us=1346 staging_max_us=1375 wire_budget_us=1619 over_budget_us=0 pass=1
[18:18:25] TINYDRAW_PANSEQ_STRIP zoom=100 strip=1 panel_y=44 rows=44 samples=24 staging_mean_us=1230 staging_max_us=1243 wire_budget_us=1619 over_budget_us=0 pass=1
[18:18:25] TINYDRAW_PANSEQ_STRIP zoom=100 strip=2 panel_y=88 rows=44 samples=24 staging_mean_us=1196 staging_max_us=1211 wire_budget_us=1619 over_budget_us=0 pass=1
[18:18:25] TINYDRAW_PANSEQ_STRIP zoom=100 strip=3 panel_y=132 rows=44 samples=24 staging_mean_us=1186 staging_max_us=1199 wire_budget_us=1619 over_budget_us=0 pass=1
[18:18:25] TINYDRAW_PANSEQ_STRIP zoom=100 strip=4 panel_y=176 rows=44 samples=24 staging_mean_us=1188 staging_max_us=1203 wire_budget_us=1619 over_budget_us=0 pass=1
[18:18:25] TINYDRAW_PANSEQ_STRIP zoom=100 strip=5 panel_y=220 rows=44 samples=24 staging_mean_us=1221 staging_max_us=1232 wire_budget_us=1619 over_budget_us=0 pass=1
[18:18:25] TINYDRAW_PANSEQ_STRIP zoom=100 strip=6 panel_y=264 rows=44 samples=24 staging_mean_us=1406 staging_max_us=1432 wire_budget_us=1619 over_budget_us=0 pass=1
[18:18:25] TINYDRAW_PANSEQ_STRIP zoom=100 strip=7 panel_y=308 rows=44 samples=24 staging_mean_us=1392 staging_max_us=1414 wire_budget_us=1619 over_budget_us=0 pass=1
[18:18:25] TINYDRAW_PANSEQ_STRIP zoom=100 strip=8 panel_y=352 rows=20 samples=24 staging_mean_us=658 staging_max_us=691 wire_budget_us=736 over_budget_us=0 pass=1
[18:18:25] TINYDRAW_GATE1_PANSEQ zoom=100 frames=24 scroll_avg_us=7 exposed_avg_us=6622 chrome_avg_us=2413 tear_wait_avg_us=10363 present_avg_us=16277 prepare_avg_us=10807 acquire_wait_avg_us=19 ring_copy_avg_us=8376 patch_avg_us=2421 byte_swap_avg_us=8 staging_avg_us=4058 frame_avg_us=33395 frame_p50_us=33930 frame_p95_us=33944 frame_max_us=33944 complete_p50_us=20422 complete_p95_us=20867 complete_max_us=20903 tear_edge_failures=0 presentation_experiment=boundary-top-sweep te_edge=rising requested_clock_mhz=50 effective_clock_mhz=40 chrome_bottom_redraws=0 chrome_battery_redraws=0 chrome_zoom_redraws=0 chrome_minimap_base_redraws=0 strip_samples=216 staging_mean_us=1202 staging_max_us=1432 worst_strip=8 worst_strip_y=352 worst_wire_budget_us=736 worst_headroom_us=45 staging_invariant=1 pacing_pass=1 all_reused=1 pass=1
[18:18:26] TINYDRAW_PANSEQ_FRAME zoom=400 step=0 dx=24 dy=18 scroll_us=11 exposed_compose_us=4340 chrome_us=2252 tear_wait_us=8247 present_us=16240 prepare_us=10705 acquire_wait_us=21 ring_copy_us=8443 patch_us=2253 byte_swap_us=9 staging_us=4173 event_submit_us=12733 event_complete_us=15892 frame_us=28977 tear_edge_observed=1 frame_reused=1 pass=1
[18:18:26] TINYDRAW_PANSEQ_FRAME zoom=400 step=1 dx=24 dy=18 scroll_us=6 exposed_compose_us=4417 chrome_us=2238 tear_wait_us=12755 present_us=16613 prepare_us=10607 acquire_wait_us=19 ring_copy_us=8358 patch_us=2243 byte_swap_us=6 staging_us=4232 event_submit_us=17305 event_complete_us=20443 frame_us=33922 tear_edge_observed=1 frame_reused=1 pass=1
[18:18:26] TINYDRAW_PANSEQ_FRAME zoom=400 step=2 dx=24 dy=18 scroll_us=7 exposed_compose_us=4106 chrome_us=2258 tear_wait_us=12720 present_us=15979 prepare_us=10695 acquire_wait_us=18 ring_copy_us=8420 patch_us=2267 byte_swap_us=8 staging_us=4193 event_submit_us=16953 event_complete_us=20128 frame_us=32941 tear_edge_observed=1 frame_reused=1 pass=1
[18:18:26] TINYDRAW_PANSEQ_FRAME zoom=400 step=3 dx=24 dy=18 scroll_us=7 exposed_compose_us=4605 chrome_us=2257 tear_wait_us=12849 present_us=16347 prepare_us=10651 acquire_wait_us=18 ring_copy_us=8375 patch_us=2267 byte_swap_us=9 staging_us=4220 event_submit_us=17575 event_complete_us=20747 frame_us=33931 tear_edge_observed=1 frame_reused=1 pass=1
[18:18:26] TINYDRAW_PANSEQ_FRAME zoom=400 step=4 dx=24 dy=18 scroll_us=7 exposed_compose_us=4146 chrome_us=2239 tear_wait_us=12928 present_us=16729 prepare_us=10664 acquire_wait_us=18 ring_copy_us=8412 patch_us=2243 byte_swap_us=9 staging_us=4223 event_submit_us=17204 event_complete_us=20384 frame_us=33941 tear_edge_observed=1 frame_reused=1 pass=1
[18:18:27] TINYDRAW_PANSEQ_FRAME zoom=400 step=5 dx=24 dy=18 scroll_us=6 exposed_compose_us=4422 chrome_us=2229 tear_wait_us=12275 present_us=16098 prepare_us=10604 acquire_wait_us=19 ring_copy_us=8359 patch_us=2236 byte_swap_us=9 staging_us=4244 event_submit_us=16820 event_complete_us=19966 frame_us=32926 tear_edge_observed=1 frame_reused=1 pass=1
[18:18:27] TINYDRAW_PANSEQ_FRAME zoom=400 step=6 dx=24 dy=18 scroll_us=7 exposed_compose_us=4071 chrome_us=2222 tear_wait_us=13260 present_us=16471 prepare_us=10615 acquire_wait_us=18 ring_copy_us=8377 patch_us=2229 byte_swap_us=9 staging_us=4276 event_submit_us=17462 event_complete_us=20644 frame_us=33941 tear_edge_observed=1 frame_reused=1 pass=1
[18:18:27] TINYDRAW_PANSEQ_FRAME zoom=400 step=7 dx=24 dy=18 scroll_us=7 exposed_compose_us=4421 chrome_us=2262 tear_wait_us=12527 present_us=15849 prepare_us=10601 acquire_wait_us=20 ring_copy_us=8323 patch_us=2270 byte_swap_us=8 staging_us=4258 event_submit_us=17074 event_complete_us=20218 frame_us=32931 tear_edge_observed=1 frame_reused=1 pass=1
[18:18:27] TINYDRAW_PANSEQ_FRAME zoom=400 step=8 dx=24 dy=18 scroll_us=7 exposed_compose_us=4379 chrome_us=2225 tear_wait_us=13200 present_us=16224 prepare_us=10694 acquire_wait_us=20 ring_copy_us=8452 patch_us=2233 byte_swap_us=9 staging_us=4187 event_submit_us=17709 event_complete_us=20872 frame_us=33941 tear_edge_observed=1 frame_reused=1 pass=1
[18:18:27] TINYDRAW_PANSEQ_FRAME zoom=400 step=9 dx=24 dy=18 scroll_us=7 exposed_compose_us=4406 chrome_us=2222 tear_wait_us=12810 present_us=16583 prepare_us=10596 acquire_wait_us=19 ring_copy_us=8356 patch_us=2231 byte_swap_us=9 staging_us=4236 event_submit_us=17339 event_complete_us=20481 frame_us=33931 tear_edge_observed=1 frame_reused=1 pass=1
[18:18:27] TINYDRAW_PANSEQ_FRAME zoom=400 step=10 dx=24 dy=18 scroll_us=7 exposed_compose_us=4099 chrome_us=2266 tear_wait_us=12754 present_us=15953 prepare_us=10721 acquire_wait_us=19 ring_copy_us=8441 patch_us=2271 byte_swap_us=9 staging_us=4169 event_submit_us=16979 event_complete_us=20155 frame_us=32941 tear_edge_observed=1 frame_reused=1 pass=1
[18:18:27] TINYDRAW_PANSEQ_FRAME zoom=400 step=11 dx=24 dy=18 scroll_us=7 exposed_compose_us=4642 chrome_us=2257 tear_wait_us=12831 present_us=16326 prepare_us=10634 acquire_wait_us=19 ring_copy_us=8360 patch_us=2267 byte_swap_us=7 staging_us=4219 event_submit_us=17596 event_complete_us=20759 frame_us=33931 tear_edge_observed=1 frame_reused=1 pass=1
[18:18:27] TINYDRAW_PANSEQ_FRAME zoom=400 step=12 dx=24 dy=18 scroll_us=7 exposed_compose_us=4133 chrome_us=2234 tear_wait_us=12977 present_us=16693 prepare_us=10667 acquire_wait_us=18 ring_copy_us=8415 patch_us=2243 byte_swap_us=9 staging_us=4203 event_submit_us=17239 event_complete_us=20408 frame_us=33941 tear_edge_observed=1 frame_reused=1 pass=1
[18:18:27] TINYDRAW_PANSEQ_FRAME zoom=400 step=13 dx=24 dy=18 scroll_us=6 exposed_compose_us=4402 chrome_us=2218 tear_wait_us=12325 present_us=16065 prepare_us=10567 acquire_wait_us=22 ring_copy_us=8332 patch_us=2228 byte_swap_us=7 staging_us=4273 event_submit_us=16851 event_complete_us=19990 frame_us=32931 tear_edge_observed=1 frame_reused=1 pass=1
[18:18:27] TINYDRAW_PANSEQ_FRAME zoom=400 step=14 dx=24 dy=18 scroll_us=7 exposed_compose_us=4100 chrome_us=2230 tear_wait_us=13273 present_us=16433 prepare_us=10623 acquire_wait_us=19 ring_copy_us=8376 patch_us=2240 byte_swap_us=7 staging_us=4267 event_submit_us=17499 event_complete_us=20679 frame_us=33941 tear_edge_observed=1 frame_reused=1 pass=1
[18:18:27] TINYDRAW_PANSEQ_FRAME zoom=400 step=15 dx=24 dy=18 scroll_us=7 exposed_compose_us=4473 chrome_us=2249 tear_wait_us=12521 present_us=15802 prepare_us=10591 acquire_wait_us=18 ring_copy_us=8331 patch_us=2252 byte_swap_us=8 staging_us=4267 event_submit_us=17120 event_complete_us=20262 frame_us=32931 tear_edge_observed=1 frame_reused=1 pass=1
[18:18:27] TINYDRAW_PANSEQ_FRAME zoom=400 step=16 dx=72 dy=54 scroll_us=7 exposed_compose_us=11702 chrome_us=2237 tear_wait_us=5923 present_us=16181 prepare_us=10661 acquire_wait_us=20 ring_copy_us=8408 patch_us=2244 byte_swap_us=9 staging_us=4201 event_submit_us=17751 event_complete_us=20896 frame_us=33941 tear_edge_observed=1 frame_reused=1 pass=1
[18:18:27] TINYDRAW_PANSEQ_FRAME zoom=400 step=17 dx=72 dy=54 scroll_us=7 exposed_compose_us=11497 chrome_us=2236 tear_wait_us=5745 present_us=16557 prepare_us=10556 acquire_wait_us=28 ring_copy_us=8303 patch_us=2245 byte_swap_us=8 staging_us=4278 event_submit_us=17365 event_complete_us=20516 frame_us=33931 tear_edge_observed=1 frame_reused=1 pass=1
[18:18:27] TINYDRAW_PANSEQ_FRAME zoom=400 step=18 dx=72 dy=54 scroll_us=7 exposed_compose_us=11386 chrome_us=2258 tear_wait_us=5490 present_us=15931 prepare_us=10667 acquire_wait_us=19 ring_copy_us=8392 patch_us=2266 byte_swap_us=9 staging_us=4203 event_submit_us=17001 event_complete_us=20159 frame_us=32941 tear_edge_observed=1 frame_reused=1 pass=1
[18:18:27] TINYDRAW_PANSEQ_FRAME zoom=400 step=19 dx=72 dy=54 scroll_us=7 exposed_compose_us=11611 chrome_us=2244 tear_wait_us=5881 present_us=16307 prepare_us=10593 acquire_wait_us=18 ring_copy_us=8332 patch_us=2252 byte_swap_us=9 staging_us=4235 event_submit_us=17625 event_complete_us=20762 frame_us=33931 tear_edge_observed=1 frame_reused=1 pass=1
[18:18:27] TINYDRAW_PANSEQ_FRAME zoom=400 step=20 dx=-72 dy=-54 scroll_us=7 exposed_compose_us=11760 chrome_us=2238 tear_wait_us=5368 present_us=16677 prepare_us=10612 acquire_wait_us=21 ring_copy_us=8356 patch_us=2248 byte_swap_us=8 staging_us=4223 event_submit_us=17255 event_complete_us=20397 frame_us=33941 tear_edge_observed=1 frame_reused=1 pass=1
[18:18:27] TINYDRAW_PANSEQ_FRAME zoom=400 step=21 dx=-72 dy=-54 scroll_us=6 exposed_compose_us=11646 chrome_us=2222 tear_wait_us=5101 present_us=16046 prepare_us=10547 acquire_wait_us=19 ring_copy_us=8311 patch_us=2227 byte_swap_us=9 staging_us=4285 event_submit_us=16883 event_complete_us=20004 frame_us=32931 tear_edge_observed=1 frame_reused=1 pass=1
[18:18:27] TINYDRAW_PANSEQ_FRAME zoom=400 step=22 dx=-72 dy=-54 scroll_us=7 exposed_compose_us=11672 chrome_us=2224 tear_wait_us=5714 present_us=16417 prepare_us=10569 acquire_wait_us=19 ring_copy_us=8328 patch_us=2232 byte_swap_us=9 staging_us=4275 event_submit_us=17515 event_complete_us=20668 frame_us=33941 tear_edge_observed=1 frame_reused=1 pass=1
[18:18:27] TINYDRAW_PANSEQ_FRAME zoom=400 step=23 dx=-72 dy=-54 scroll_us=7 exposed_compose_us=11357 chrome_us=2242 tear_wait_us=5646 present_us=15796 prepare_us=10590 acquire_wait_us=31 ring_copy_us=8335 patch_us=2247 byte_swap_us=8 staging_us=4265 event_submit_us=17127 event_complete_us=20270 frame_us=32931 tear_edge_observed=1 frame_reused=1 pass=1
[18:18:27] TINYDRAW_PANSEQ_STRIP zoom=400 strip=0 panel_y=0 rows=44 samples=24 staging_mean_us=1343 staging_max_us=1377 wire_budget_us=1619 over_budget_us=0 pass=1
[18:18:27] TINYDRAW_PANSEQ_STRIP zoom=400 strip=1 panel_y=44 rows=44 samples=24 staging_mean_us=1234 staging_max_us=1254 wire_budget_us=1619 over_budget_us=0 pass=1
[18:18:27] TINYDRAW_PANSEQ_STRIP zoom=400 strip=2 panel_y=88 rows=44 samples=24 staging_mean_us=1195 staging_max_us=1204 wire_budget_us=1619 over_budget_us=0 pass=1
[18:18:27] TINYDRAW_PANSEQ_STRIP zoom=400 strip=3 panel_y=132 rows=44 samples=24 staging_mean_us=1186 staging_max_us=1199 wire_budget_us=1619 over_budget_us=0 pass=1
[18:18:27] TINYDRAW_PANSEQ_STRIP zoom=400 strip=4 panel_y=176 rows=44 samples=24 staging_mean_us=1189 staging_max_us=1205 wire_budget_us=1619 over_budget_us=0 pass=1
[18:18:27] TINYDRAW_PANSEQ_STRIP zoom=400 strip=5 panel_y=220 rows=44 samples=24 staging_mean_us=1180 staging_max_us=1196 wire_budget_us=1619 over_budget_us=0 pass=1
[18:18:27] TINYDRAW_PANSEQ_STRIP zoom=400 strip=6 panel_y=264 rows=44 samples=24 staging_mean_us=1356 staging_max_us=1382 wire_budget_us=1619 over_budget_us=0 pass=1
[18:18:27] TINYDRAW_PANSEQ_STRIP zoom=400 strip=7 panel_y=308 rows=44 samples=24 staging_mean_us=1345 staging_max_us=1370 wire_budget_us=1619 over_budget_us=0 pass=1
[18:18:27] TINYDRAW_PANSEQ_STRIP zoom=400 strip=8 panel_y=352 rows=20 samples=24 staging_mean_us=615 staging_max_us=644 wire_budget_us=736 over_budget_us=0 pass=1
[18:18:27] TINYDRAW_GATE1_PANSEQ zoom=400 frames=24 scroll_avg_us=7 exposed_avg_us=6741 chrome_avg_us=2239 tear_wait_avg_us=10213 present_avg_us=16263 prepare_avg_us=10626 acquire_wait_avg_us=20 ring_copy_avg_us=8370 patch_avg_us=2247 byte_swap_avg_us=8 staging_avg_us=4233 frame_avg_us=33353 frame_p50_us=33931 frame_p95_us=33941 frame_max_us=33941 complete_p50_us=20397 complete_p95_us=20872 complete_max_us=20896 tear_edge_failures=0 presentation_experiment=boundary-top-sweep te_edge=rising requested_clock_mhz=50 effective_clock_mhz=40 chrome_bottom_redraws=0 chrome_battery_redraws=0 chrome_zoom_redraws=0 chrome_minimap_base_redraws=0 strip_samples=216 staging_mean_us=1182 staging_max_us=1382 worst_strip=8 worst_strip_y=352 worst_wire_budget_us=736 worst_headroom_us=92 staging_invariant=1 pacing_pass=1 all_reused=1 pass=1
[18:18:28] TINYDRAW_GATE1_PAN_BOUNDARY zoom=100 slow_1px_trace=1 below_delta=94 below_reused=1 at_delta=96 at_reused=1 above_delta=98 above_fallback=1 pass=1
[18:18:28] TINYDRAW_GATE1_PAN_BOUNDARY zoom=400 slow_1px_trace=1 below_delta=94 below_reused=1 at_delta=96 at_reused=1 above_delta=98 above_fallback=1 pass=1
[18:18:28] TINYDRAW_GATE1_DRAW_FILL zoom=400 revision=2930 append_us=1395 poll_gap_us=95 event_submit_us=208 event_complete_us=2144 max_compute_slice_us=5463 max_display_slice_us=17274 fill_us=224092 revision_restarted=1 pass=1
[18:18:29] TINYDRAW_GATE1_CACHE_FILL zoom=50 x=63 y=63 published=56 total_us=586964 within_cold_gate=0 complete=1
[18:18:29] TINYDRAW_GATE1_CACHE_FILL zoom=100 x=63 y=63 published=56 total_us=473962 within_cold_gate=1 complete=1
[18:18:30] TINYDRAW_GATE1_CACHE_FILL zoom=200 x=63 y=63 published=56 total_us=333962 within_cold_gate=1 complete=1
[18:18:30] TINYDRAW_GATE1_CACHE_FILL zoom=400 x=63 y=63 published=56 total_us=276960 within_cold_gate=1 complete=1
[18:18:30] TINYDRAW_GATE1_CACHE_REVISIT zoom=50 remaining=0 tile_pixels=118128 fallback_pixels=0 compose_us=15941 complete_us=20551 hit=1
[18:18:30] TINYDRAW_GATE1_CACHE_REVISIT zoom=100 remaining=0 tile_pixels=164864 fallback_pixels=0 compose_us=18392 complete_us=21144 hit=1
[18:18:30] TINYDRAW_GATE1_CACHE_REVISIT zoom=200 remaining=0 tile_pixels=164864 fallback_pixels=0 compose_us=18365 complete_us=20747 hit=1
[18:18:30] TINYDRAW_GATE1_CACHE_REVISIT zoom=400 remaining=0 tile_pixels=164608 fallback_pixels=0 compose_us=18366 complete_us=20346 hit=1
[18:18:31] TINYDRAW_GATE1_CACHE_FILL zoom=400 x=575 y=575 published=56 total_us=294962 within_cold_gate=1 complete=1
[18:18:31] TINYDRAW_GATE1_CACHE_ROUND_TRIP zoom=50 from_x=63 from_y=63 via_x=575 via_y=575 remaining=0 tile_pixels=118128 fallback_pixels=0 compose_us=15993 complete_us=20698 hit=1
[18:18:31] TINYDRAW_GATE1_CACHE_ROUND_TRIP zoom=100 from_x=63 from_y=63 via_x=575 via_y=575 remaining=0 tile_pixels=164864 fallback_pixels=0 compose_us=18365 complete_us=20238 hit=1
[18:18:31] TINYDRAW_GATE1_CACHE_ROUND_TRIP zoom=200 from_x=63 from_y=63 via_x=575 via_y=575 remaining=0 tile_pixels=164864 fallback_pixels=0 compose_us=18384 complete_us=20823 hit=1
[18:18:31] TINYDRAW_GATE1_CACHE_ROUND_TRIP zoom=400 from_x=63 from_y=63 via_x=575 via_y=575 remaining=0 tile_pixels=164608 fallback_pixels=0 compose_us=18372 complete_us=20417 hit=1
[18:18:31] TINYDRAW_GATE1_CACHE_RETENTION pass=1 slots=448 revision=2930
[18:18:32] TINYDRAW_PAPER_SWEEP zoom=100 identities=644 raw=266 uniform=378 fallback=0 slots=448 total_us=1311060 pass=1
[18:18:32] TINYDRAW_RERENDER_LEDGER_RESET site=cache_tour_start
[18:18:35] TINYDRAW_GATE1_CACHE_TOUR slots=448 stops=16 forward_steps=2162 forward_tiles=832 forward_wall_us=1328744 return_missing_tiles=0 return_steps=16 return_tiles=0 return_wall_us=5789 home_missing=0 home_fallback_pixels=0 pass=1
[18:18:35] TINYDRAW_RERENDER_LEDGER site=cache_tour renders=137 unique=137 amplification=1.000 cold=137 damage=0 evict=0 stale=0 unexplained=0
[18:18:36] TINYDRAW_GATE1_MIXED_DRAW_WARM zoom=50 fill_tiles=56 fill_us=514785 raw=42 uniform=14
[18:18:36] TINYDRAW_GATE1_MIXED_DRAW_WARM zoom=100 fill_tiles=56 fill_us=398234 raw=56 uniform=0
[18:18:37] TINYDRAW_GATE1_MIXED_DRAW_WARM zoom=200 fill_tiles=56 fill_us=308345 raw=56 uniform=0
[18:18:37] TINYDRAW_GATE1_MIXED_DRAW_WARM zoom=400 fill_tiles=42 fill_us=196452 raw=42 uniform=0
[18:18:38] TINYDRAW_GATE1_MIXED_DRAW zoom=25 tool=pen chunks=50 append_max_us=13129 append_avg_us=11778 append_total_us=588924 affected_tiles=196 published=0 fallback=196 visible_fallback=0 ph_prepare_max_us=145 ph_overview_max_us=8902 ph_enumerate_max_us=571 ph_uniform_max_us=88 ph_raw_max_us=14 ph_commit_max_us=3573 committed=1 authority=1 refresh=1 run_ok=1 pass=1
[18:18:39] TINYDRAW_GATE1_MIXED_DRAW zoom=25 tool=eraser chunks=50 append_max_us=13192 append_avg_us=11718 append_total_us=585926 affected_tiles=0 published=0 fallback=0 visible_fallback=0 ph_prepare_max_us=147 ph_overview_max_us=9076 ph_enumerate_max_us=455 ph_uniform_max_us=8 ph_raw_max_us=13 ph_commit_max_us=3558 committed=1 authority=1 refresh=1 run_ok=1 pass=1
[18:18:41] TINYDRAW_GATE1_MIXED_DRAW zoom=50 tool=pen chunks=50 append_max_us=19156 append_avg_us=16212 append_total_us=810627 affected_tiles=422 published=400 fallback=22 visible_fallback=0 ph_prepare_max_us=180 ph_overview_max_us=3805 ph_enumerate_max_us=509 ph_uniform_max_us=5362 ph_raw_max_us=12032 ph_commit_max_us=1721 committed=1 authority=1 refresh=1 run_ok=1 pass=0
[18:18:42] TINYDRAW_GATE1_MIXED_DRAW zoom=50 tool=eraser chunks=50 append_max_us=17808 append_avg_us=15951 append_total_us=797599 affected_tiles=405 published=405 fallback=0 visible_fallback=0 ph_prepare_max_us=170 ph_overview_max_us=3787 ph_enumerate_max_us=535 ph_uniform_max_us=27 ph_raw_max_us=11970 ph_commit_max_us=1549 committed=1 authority=1 refresh=1 run_ok=1 pass=0
[18:18:44] TINYDRAW_GATE1_MIXED_DRAW zoom=100 tool=pen chunks=50 append_max_us=15788 append_avg_us=13668 append_total_us=683439 affected_tiles=450 published=398 fallback=52 visible_fallback=0 ph_prepare_max_us=169 ph_overview_max_us=1932 ph_enumerate_max_us=529 ph_uniform_max_us=4343 ph_raw_max_us=11950 ph_commit_max_us=1044 committed=1 authority=1 refresh=1 run_ok=1 pass=0
[18:18:44] TINYDRAW_GATE1_MIXED_DRAW zoom=100 tool=eraser chunks=50 append_max_us=15023 append_avg_us=13436 append_total_us=671813 affected_tiles=399 published=399 fallback=0 visible_fallback=0 ph_prepare_max_us=170 ph_overview_max_us=1917 ph_enumerate_max_us=497 ph_uniform_max_us=25 ph_raw_max_us=11988 ph_commit_max_us=861 committed=1 authority=1 refresh=1 run_ok=1 pass=0
[18:18:46] TINYDRAW_GATE1_MIXED_DRAW zoom=200 tool=pen chunks=50 append_max_us=15113 append_avg_us=12627 append_total_us=631371 affected_tiles=425 published=389 fallback=36 visible_fallback=0 ph_prepare_max_us=170 ph_overview_max_us=1032 ph_enumerate_max_us=546 ph_uniform_max_us=4477 ph_raw_max_us=12035 ph_commit_max_us=883 committed=1 authority=1 refresh=1 run_ok=1 pass=0
[18:18:47] TINYDRAW_GATE1_MIXED_DRAW zoom=200 tool=eraser chunks=50 append_max_us=14093 append_avg_us=12352 append_total_us=617607 affected_tiles=388 published=388 fallback=0 visible_fallback=0 ph_prepare_max_us=171 ph_overview_max_us=1090 ph_enumerate_max_us=561 ph_uniform_max_us=23 ph_raw_max_us=11939 ph_commit_max_us=763 committed=1 authority=1 refresh=1 run_ok=1 pass=1
[18:18:49] TINYDRAW_GATE1_MIXED_DRAW zoom=400 tool=pen chunks=50 append_max_us=14235 append_avg_us=11723 append_total_us=586177 affected_tiles=359 published=334 fallback=25 visible_fallback=0 ph_prepare_max_us=169 ph_overview_max_us=711 ph_enumerate_max_us=618 ph_uniform_max_us=3311 ph_raw_max_us=11386 ph_commit_max_us=821 committed=1 authority=1 refresh=1 run_ok=1 pass=1
[18:18:50] TINYDRAW_GATE1_MIXED_DRAW zoom=400 tool=eraser chunks=50 append_max_us=13260 append_avg_us=11577 append_total_us=578851 affected_tiles=350 published=350 fallback=0 visible_fallback=0 ph_prepare_max_us=169 ph_overview_max_us=709 ph_enumerate_max_us=617 ph_uniform_max_us=32 ph_raw_max_us=11462 ph_commit_max_us=711 committed=1 authority=1 refresh=1 run_ok=1 pass=1
[18:18:50] TINYDRAW_GATE1_MIXED_DRAW_REVISIT zoom=50 missing=4 refill_tiles=4 refill_us=186043
[18:18:50] TINYDRAW_GATE1_MIXED_DRAW_REVISIT zoom=100 missing=9 refill_tiles=9 refill_us=318811
[18:18:51] TINYDRAW_GATE1_MIXED_DRAW_REVISIT zoom=200 missing=16 refill_tiles=16 refill_us=320338
[18:18:51] TINYDRAW_GATE1_MIXED_DRAW_REVISIT zoom=400 missing=0 refill_tiles=0 refill_us=313
[18:18:51] TINYDRAW_GATE1_MIXED_DRAW_SUMMARY slots=448 strokes=10 worst_append_us=19156 pass=0
[18:18:57] TINYDRAW_GATE1_IDLE_REPAIR damaged=588 remaining=0 plan_views=24 steps=4378 repair_us=3822443 worst_step_us=5394 warm_tiles=56 pass=1
[18:18:57] TINYDRAW_INKTRACE trace=fast-curve-dense-25 zoom=25 events=411 consumed=373 coalesced=38 down=1/1 up=1/1 max_time_gap_us=24253 max_space_gap_px=55.33 e2c_p50=502 e2c_p95=1566 e2c_max=2756 e2g_p95=781 e2s_p95=2639 e2d_p50=2325 e2d_p95=3641 e2d_max=4373 latency_samples=33 presentation_failures=0 commit_failures=0 overflows=0 revision=3482 latency_pass=1 pass=1
[18:18:58] TINYDRAW_INKTRACE trace=fast-curve-400 zoom=400 events=414 consumed=381 coalesced=33 down=1/1 up=1/1 max_time_gap_us=9220 max_space_gap_px=65.51 e2c_p50=502 e2c_p95=571 e2c_max=1571 e2g_p95=776 e2s_p95=2649 e2d_p50=2433 e2d_p95=3955 e2d_max=3975 latency_samples=33 presentation_failures=0 commit_failures=0 overflows=0 revision=3484 latency_pass=1 pass=1
[18:19:00] TINYDRAW_INKTRACE trace=fast-curve-400-xl zoom=400 events=2296 consumed=1930 coalesced=366 down=1/1 up=1/1 max_time_gap_us=12675 max_space_gap_px=47.85 e2c_p50=502 e2c_p95=567 e2c_max=1574 e2g_p95=781 e2s_p95=2995 e2d_p50=3249 e2d_p95=4565 e2d_max=8119 latency_samples=172 presentation_failures=0 commit_failures=0 overflows=0 revision=3490 latency_pass=1 pass=1
[18:19:01] TINYDRAW_INKTRACE trace=slow-precise-100 zoom=100 events=741 consumed=695 coalesced=46 down=1/1 up=1/1 max_time_gap_us=8472 max_space_gap_px=13.45 e2c_p50=502 e2c_p95=1045 e2c_max=1572 e2g_p95=776 e2s_p95=1782 e2d_p50=1955 e2d_p95=2252 e2d_max=2283 latency_samples=53 presentation_failures=0 commit_failures=0 overflows=0 revision=3492 latency_pass=1 pass=1
[18:19:04] TINYDRAW_INKTRACE trace=scribble-multistroke zoom=100 events=848 consumed=730 coalesced=118 down=7/7 up=7/7 max_time_gap_us=6069 max_space_gap_px=109.46 e2c_p50=502 e2c_p95=570 e2c_max=1573 e2g_p95=777 e2s_p95=3457 e2d_p50=3114 e2d_p95=5267 e2d_max=6311 latency_samples=55 presentation_failures=0 commit_failures=0 overflows=0 revision=3499 latency_pass=1 pass=1
[18:19:05] TINYDRAW_HAIRLINE_DOC ops=782 samples=8061 append_total_us=1051187 append_max_us=7208
[18:19:05] TINYDRAW_GATE1_PACED_COLD corpus=evil_hairlines_capacity zoom=100 x=552 y=672 steps=239 tiles=56 compute_us=228279 present_us=75166 touch_us=427 pacing_us=9097 wall_us=312969 maximum_wall_us=500000 max_tick_us=8918 touch_samples=45621 touch_interval_max_us=2078 touch_read_max_us=591 touch_events=0 touch_down=0 touch_up=0 touch_events_ge_8ms=0 touch_event_age_max_us=0 touch_errors=0 touch_overflows=0 pass=1
[18:19:06] TINYDRAW_GATE1_PACED_COLD corpus=evil_hairlines_capacity zoom=400 x=2760 y=3360 steps=212 tiles=48 compute_us=133096 present_us=72960 touch_us=323 pacing_us=6571 wall_us=212950 maximum_wall_us=500000 max_tick_us=8678 touch_samples=287 touch_interval_max_us=1178 touch_read_max_us=457 touch_events=0 touch_down=0 touch_up=0 touch_events_ge_8ms=0 touch_event_age_max_us=0 touch_errors=0 touch_overflows=0 pass=1
[18:19:08] TINYDRAW_HAIRLINE_REPAIR steps=2372 wall_us=2143038 worst_step_us=4666 resident=407/448 grid_stopped=1 pass2_steps=8 pass2_wall_us=2188 no_churn=1
[18:19:09] TINYDRAW_HAIRLINE_TOUR stops=8 total_us=902729 worst_stop_us=195693 worst_step_us=6481
[18:19:09] TINYDRAW_GATE1_HAIRLINE raw=339 uniform=72 fallback=233 capacity=448 worst_step_us=6481 grid_stopped=1 pass=1
[18:19:12] TINYDRAW_GATE1_LONG_GESTURE path=reference samples=1600 chunks=26 append_total_us=917823 append_max_us=43287 append_avg_us=35300 refresh_fallback_pixels=0 settled_fallback_pixels=0 committed=1 authority=1 refresh=1 run_ok=1
[18:19:12] TINYDRAW_GATE1_LONG_GESTURE path=in_place samples=1600 chunks=52 append_total_us=590669 append_max_us=13861 append_avg_us=11359 refresh_fallback_pixels=0 settled_fallback_pixels=0 committed=1 authority=1 refresh=1 run_ok=1
[18:19:12] TINYDRAW_V2_EXPORT_PROGRESS row=0 of=1792
[18:19:12] TINYDRAW_V2_EXPORT_PROGRESS row=256 of=1792
[18:19:13] TINYDRAW_V2_EXPORT_PROGRESS row=512 of=1792
[18:19:14] TINYDRAW_V2_EXPORT_PROGRESS row=768 of=1792
[18:19:15] TINYDRAW_V2_EXPORT_PROGRESS row=1024 of=1792
[18:19:16] TINYDRAW_V2_EXPORT_PROGRESS row=1280 of=1792
[18:19:17] TINYDRAW_V2_EXPORT_PROGRESS row=1536 of=1792
[18:19:17] TINYDRAW_GATE1_EXPORT encoded=1 bytes=40166 elapsed_us=5851091 workspace_bytes=50652 band_bytes=376832 free_psram=1859920 free_internal=179664 signature=1 dimensions=1 chunks=3 chunks_ok=1 pass=1
[18:19:17] TINYDRAW_EXPORT_RESERVE requested=1572864 free_before=1859920 largest_before=1835008 free_held=287052 largest_held=286720 pass=1
[18:19:17] TINYDRAW_RERENDER_LEDGER site=final renders=0 unique=0 amplification=0.000 cold=0 damage=0 evict=0 stale=0 unexplained=0
[18:19:17] TINYDRAW_GATE1_AUTOMATED_DONE stress=1 stress_100=1 stress_400=1 overlap_ready=1 overlap_cold=0 general_cold_ready=1 general_cold=0 workload=1 paced_cold=1 hard_100=1 hard_400=1 pan_100=1 pan_400=1 pan_seq=1 pan_boundary=1 live_overlay=1 draw_fill=1 cache=1 full_world_cache=1 cache_tour=1 mixed_draw=0 idle_repair=1 ink_trace=1 hairline_capacity=1 long_gesture=1 export_encode=1 export_reserve=1 return=1 ssaa_receipt=yellow
[18:19:19] TINYDRAW_VECTOR_V2_GATE_HARNESS_DONE pass=0
[18:19:19] I (68012) main_task: Returned from app_main()
