[15:39:27] ESP-ROM:esp32s3-20210327
[15:39:27] Build:Mar 27 2021
[15:39:27] rst:0x15 (USB_UART_CHIP_RESET),boot:0x2b (SPI_FAST_FLASH_BOOT)
[15:39:27] Saved PC:0x4037b802
[15:39:27] SPIWP:0xee
[15:39:27] mode:DIO, clock div:1
[15:39:27] load:0x3fce2820,len:0x1664
[15:39:27] load:0x403c8700,len:0xf38
[15:39:27] load:0x403cb700,len:0x31e8
[15:39:27] entry 0x403c8930
[15:39:27] I (24) boot: ESP-IDF v6.0.2 2nd stage bootloader
[15:39:27] I (24) boot: compile time Aug 16 2026 13:03:04
[15:39:27] I (25) boot: Multicore bootloader
[15:39:27] I (25) boot: chip revision: v0.2
[15:39:27] I (28) boot: efuse block revision: v1.3
[15:39:27] I (31) qio_mode: Enabling default flash chip QIO
[15:39:27] I (36) boot.esp32s3: Boot SPI Speed : 80MHz
[15:39:27] I (39) boot.esp32s3: SPI Mode       : QIO
[15:39:27] I (43) boot.esp32s3: SPI Flash Size : 16MB
[15:39:27] I (47) boot: Enabling RNG early entropy source...
[15:39:27] I (51) boot: Partition Table:
[15:39:27] I (54) boot: ## Label            Usage          Type ST Offset   Length
[15:39:27] I (60) boot:  0 nvs              WiFi data        01 02 00009000 00006000
[15:39:27] I (67) boot:  1 phy_init         RF data          01 01 0000f000 00001000
[15:39:27] I (73) boot:  2 factory          factory app      00 00 00010000 00100000
[15:39:27] I (80) boot:  3 drawing          Unknown data     01 40 00110000 00300000
[15:39:27] I (86) boot:  4 export           Unknown data     01 41 00410000 00500000
[15:39:27] I (93) boot:  5 coredump         Unknown data     01 03 00910000 00010000
[15:39:27] I (100) boot: End of partition table
[15:39:27] I (103) esp_image: segment 0: paddr=00010020 vaddr=3c050020 size=2be0ch (179724) map
[15:39:27] I (138) esp_image: segment 1: paddr=0003be34 vaddr=3fc94500 size=03764h ( 14180) load
[15:39:27] I (141) esp_image: segment 2: paddr=0003f5a0 vaddr=40374000 size=00a78h (  2680) load
[15:39:27] I (143) esp_image: segment 3: paddr=00040020 vaddr=42000020 size=4ea70h (322160) map
[15:39:27] I (199) esp_image: segment 4: paddr=0008ea98 vaddr=40374a78 size=0fa48h ( 64072) load
[15:39:27] I (213) esp_image: segment 5: paddr=0009e4e8 vaddr=50000000 size=00024h (    36) load
[15:39:27] I (220) boot: Loaded app from partition at offset 0x10000
[15:39:27] I (220) boot: Disabling RNG early entropy source...
[15:39:27] I (230) octal_psram: vendor id    : 0x0d (AP)
[15:39:27] I (230) octal_psram: dev id       : 0x02 (generation 3)
[15:39:27] I (231) octal_psram: density      : 0x03 (64 Mbit)
[15:39:27] I (233) octal_psram: good-die     : 0x01 (Pass)
[15:39:27] I (237) octal_psram: Latency      : 0x01 (Fixed)
[15:39:27] I (241) octal_psram: VCC          : 0x01 (3V)
[15:39:27] I (245) octal_psram: SRF          : 0x01 (Fast Refresh)
[15:39:27] I (250) octal_psram: BurstType    : 0x01 (Hybrid Wrap)
[15:39:27] I (255) octal_psram: BurstLen     : 0x01 (32 Byte)
[15:39:27] I (260) octal_psram: Readlatency  : 0x02 (10 cycles@Fixed)
[15:39:27] I (265) octal_psram: DriveStrength: 0x00 (1/1)
[15:39:27] I (269) MSPI Timing: Enter psram timing tuning
[15:39:27] I (274) esp_psram: Found 8MB PSRAM device
[15:39:27] I (277) esp_psram: Speed: 80MHz
[15:39:27] I (280) cpu_start: Multicore app
[15:39:27] I (696) esp_psram: SPI SRAM memory test OK
[15:39:27] I (704) cpu_start: GPIO 44 and 43 are used as console UART I/O pins
[15:39:27] I (705) cpu_start: Pro cpu start user code
[15:39:27] I (705) cpu_start: cpu freq: 240000000 Hz
[15:39:27] I (706) app_init: Application information:
[15:39:27] I (710) app_init: Project name:     tinydraw_esp32
[15:39:27] I (715) app_init: App version:      7a78dd7-dirty
[15:39:27] I (719) app_init: Compile time:     Aug 16 2026 15:17:11
[15:39:27] I (724) app_init: ELF file SHA256:  d72154bc6...
[15:39:27] I (728) app_init: ESP-IDF:          v6.0.2
[15:39:27] I (732) efuse_init: Min chip rev:     v0.0
[15:39:27] I (736) efuse_init: Max chip rev:     v0.99 
[15:39:27] I (740) efuse_init: Chip rev:         v0.2
[15:39:27] I (744) heap_init: Initializing. RAM available for dynamic allocation:
[15:39:27] I (750) heap_init: At 3FC99090 len 00050680 (321 KiB): RAM
[15:39:27] I (755) heap_init: At 3FCE9710 len 00005724 (21 KiB): RAM
[15:39:27] I (760) heap_init: At 3FCF0000 len 00008000 (32 KiB): DRAM
[15:39:27] I (766) heap_init: At 600FE000 len 00001FE8 (7 KiB): RTCRAM
[15:39:27] I (771) esp_psram: Adding pool of 8192K of PSRAM memory to heap allocator
[15:39:27] I (778) spi_flash: detected chip: generic
[15:39:27] I (781) spi_flash: flash io: qio
[15:39:27] I (784) sleep_gpio: Configure to isolate all GPIO pins in sleep state
[15:39:27] I (791) sleep_gpio: Enable automatic switching of GPIO sleep configuration
[15:39:27] I (797) main_task: Started on CPU0
[15:39:27] I (800) main_task: Calling app_main()
[15:39:27] TINYDRAW_PRODUCER_SCRATCH supertask_internal=1 packed_internal=1 free_internal=319136 free_psram=1894280
[15:39:27] TINYDRAW_PANEL_HARD_RESET=1
[15:39:27] TINYDRAW_PANEL_TRANSPORT requested_clock_mhz=50 effective_clock_mhz=40
[15:39:27] I (1005) co5300: version: 2.1.0
[15:39:27] I (1005) co5300_spi: LCD panel create success, version: 2.1.0
[15:39:27] W (1090) co5300_spi: The 3Ah command has been used and will be overwritten by external initialization sequence
[15:39:27] I (1191) CST816S: IC id: 183
[15:39:27] TINYDRAW_VECTOR_V2_PRESENTATION experiment=boundary-top-sweep te_edge=rising requested_clock_mhz=50 effective_clock_mhz=40 optical_acceptance=external_manual
[15:39:28] TINYDRAW_LIVE_PRESENT kind=startup zoom=25 x=0 y=0 compose_us=26104 scroll_us=0 exposed_compose_us=0 chrome_us=17132 chrome_prepare_us=12013 chrome_stage_us=5119 read_submit_us=0 read_complete_us=0 transfer_wait_us=21111 tile_pixels=0 uniform_pixels=0 overview_pixels=164864 fallback_pixels=0 resident_tiles=0 fallback_tiles=0 pushes=11 tear_wait_us=198 tear_edge_isr_to_resume_us=28 tear_edge_observed=1 tear_edge_wait_resumed=1 tear_edge_timeout=0 tear_heal_attempted=0 tear_heal_command_sent=0 presentation_experiment=boundary-top-sweep te_edge=rising requested_clock_mhz=50 effective_clock_mhz=40 frame_reused=0 pass=1
[15:39:28] TINYDRAW_LIVE_STRESS operations=1000 samples=20000 total_us=735154 average_us=735 maximum_us=1015 free_psram=1892692 largest_psram=1867776
[15:39:28] TINYDRAW_LIVE_PRESENT kind=gate_fallback zoom=100 x=0 y=0 compose_us=16263 scroll_us=0 exposed_compose_us=0 chrome_us=11183 chrome_prepare_us=6707 chrome_stage_us=4476 read_submit_us=38485 read_complete_us=41921 transfer_wait_us=20560 tile_pixels=0 uniform_pixels=0 overview_pixels=0 fallback_pixels=164864 resident_tiles=0 fallback_tiles=42 pushes=11 tear_wait_us=15381 tear_edge_isr_to_resume_us=13 tear_edge_observed=1 tear_edge_wait_resumed=1 tear_edge_timeout=0 tear_heal_attempted=0 tear_heal_command_sent=0 presentation_experiment=boundary-top-sweep te_edge=rising requested_clock_mhz=50 effective_clock_mhz=40 frame_reused=0 pass=1
[15:39:29] TINYDRAW_GATE1_HARD zoom=100 cold=1 operations=1000 samples=20000 steps=196 tiles=42 scanned=12000 rendered=1585 max_supertask_us=8918 presentation_us=71698 total_us=306670 maximum_wall_us=500000 pass=1
[15:39:29] TINYDRAW_LIVE_PRESENT kind=gate_fallback zoom=400 x=0 y=0 compose_us=15843 scroll_us=0 exposed_compose_us=0 chrome_us=6496 chrome_prepare_us=2239 chrome_stage_us=4257 read_submit_us=22301 read_complete_us=25963 transfer_wait_us=20545 tile_pixels=0 uniform_pixels=0 overview_pixels=0 fallback_pixels=164864 resident_tiles=0 fallback_tiles=42 pushes=11 tear_wait_us=4100 tear_edge_isr_to_resume_us=16 tear_edge_observed=1 tear_edge_wait_resumed=1 tear_edge_timeout=0 tear_heal_attempted=0 tear_heal_command_sent=0 presentation_experiment=boundary-top-sweep te_edge=rising requested_clock_mhz=50 effective_clock_mhz=40 frame_reused=0 pass=1
[15:39:29] TINYDRAW_GATE1_HARD zoom=400 cold=1 operations=1000 samples=20000 steps=200 tiles=42 scanned=12000 rendered=122 max_supertask_us=6934 presentation_us=70069 total_us=205008 maximum_wall_us=500000 pass=1
[15:39:30] TINYDRAW_OVERLAP_WORKLOAD operations=8 samples=1200 radius_world=80
[15:39:31] TINYDRAW_GATE1_PACED_COLD corpus=overlap zoom=50 x=215 y=255 steps=604 tiles=56 compute_us=498964 present_us=89506 touch_us=1115 pacing_us=16068 wall_us=605653 maximum_wall_us=500000 max_tick_us=10407 touch_samples=2842 touch_interval_max_us=1943 touch_read_max_us=607 touch_events=0 touch_down=0 touch_up=0 touch_events_ge_8ms=0 touch_event_age_max_us=0 touch_errors=0 touch_overflows=0 pass=0
[15:39:31] TINYDRAW_GATE1_PACED_COLD corpus=overlap zoom=100 x=583 y=703 steps=303 tiles=48 compute_us=285497 present_us=83642 touch_us=764 pacing_us=11072 wall_us=380975 maximum_wall_us=500000 max_tick_us=10142 touch_samples=447 touch_interval_max_us=1764 touch_read_max_us=547 touch_events=0 touch_down=0 touch_up=0 touch_events_ge_8ms=0 touch_event_age_max_us=0 touch_errors=0 touch_overflows=0 pass=1
[15:39:31] TINYDRAW_GATE1_PACED_COLD corpus=overlap zoom=200 x=1319 y=1599 steps=212 tiles=56 compute_us=267021 present_us=87332 touch_us=638 pacing_us=7957 wall_us=362948 maximum_wall_us=500000 max_tick_us=10305 touch_samples=432 touch_interval_max_us=1922 touch_read_max_us=493 touch_events=0 touch_down=0 touch_up=0 touch_events_ge_8ms=0 touch_event_age_max_us=0 touch_errors=0 touch_overflows=0 pass=1
[15:39:32] TINYDRAW_GATE1_PACED_COLD corpus=overlap zoom=400 x=2791 y=3391 steps=137 tiles=56 compute_us=233510 present_us=80992 touch_us=555 pacing_us=6915 wall_us=321972 maximum_wall_us=500000 max_tick_us=9124 touch_samples=395 touch_interval_max_us=1581 touch_read_max_us=475 touch_events=0 touch_down=0 touch_up=0 touch_events_ge_8ms=0 touch_event_age_max_us=0 touch_errors=0 touch_overflows=0 pass=1
[15:39:32] TINYDRAW_ADVERSARIAL_TAPERED_WORKLOAD operations=128 samples=4096 erasers=12 load_us=216245 appended=1
[15:39:33] TINYDRAW_GENERAL_COLD_WORKLOAD operations=910 samples=12157 hairline_operations=782 hairline_samples=8061 hairline_load_us=1101602 appended=1
[15:39:34] TINYDRAW_GATE1_PACED_COLD corpus=adversarial_tapered_4x+evil_hairlines zoom=50 x=0 y=0 steps=396 tiles=42 compute_us=434200 present_us=72335 touch_us=873 pacing_us=14573 wall_us=521981 maximum_wall_us=500000 max_tick_us=8736 touch_samples=1689 touch_interval_max_us=2058 touch_read_max_us=559 touch_events=0 touch_down=0 touch_up=0 touch_events_ge_8ms=0 touch_event_age_max_us=0 touch_errors=0 touch_overflows=0 pass=0
[15:39:34] TINYDRAW_GATE1_PACED_COLD corpus=adversarial_tapered_4x+evil_hairlines zoom=100 x=0 y=0 steps=702 tiles=42 compute_us=467574 present_us=70760 touch_us=1047 pacing_us=15599 wall_us=554980 maximum_wall_us=500000 max_tick_us=8565 touch_samples=638 touch_interval_max_us=1172 touch_read_max_us=441 touch_events=0 touch_down=0 touch_up=0 touch_events_ge_8ms=0 touch_event_age_max_us=0 touch_errors=0 touch_overflows=0 pass=0
[15:39:35] TINYDRAW_GATE1_PACED_COLD corpus=adversarial_tapered_4x+evil_hairlines zoom=200 x=0 y=0 steps=1140 tiles=42 compute_us=598148 present_us=68378 touch_us=1317 pacing_us=19137 wall_us=686980 maximum_wall_us=500000 max_tick_us=8670 touch_samples=770 touch_interval_max_us=1579 touch_read_max_us=478 touch_events=0 touch_down=0 touch_up=0 touch_events_ge_8ms=0 touch_event_age_max_us=0 touch_errors=0 touch_overflows=0 pass=0
[15:39:36] TINYDRAW_GATE1_PACED_COLD corpus=adversarial_tapered_4x+evil_hairlines zoom=400 x=0 y=0 steps=1123 tiles=42 compute_us=585804 present_us=67882 touch_us=1301 pacing_us=19993 wall_us=674980 maximum_wall_us=500000 max_tick_us=8809 touch_samples=743 touch_interval_max_us=1189 touch_read_max_us=463 touch_events=0 touch_down=0 touch_up=0 touch_events_ge_8ms=0 touch_event_age_max_us=0 touch_errors=0 touch_overflows=0 pass=0
[15:39:37] TINYDRAW_GATE1_WORKLOAD kind=realistic seed=7 operations=1000 samples=19844 maximum_stroke=198 load_us=542749 raw_source=1 lod_copies=0
[15:39:37] TINYDRAW_GATE1_PACED_COLD corpus=seed7 zoom=400 x=63 y=63 steps=325 tiles=56 compute_us=264908 present_us=87934 touch_us=592 pacing_us=7548 wall_us=360982 maximum_wall_us=500000 max_tick_us=10771 touch_samples=1047 touch_interval_max_us=2032 touch_read_max_us=511 touch_events=0 touch_down=0 touch_up=0 touch_events_ge_8ms=0 touch_event_age_max_us=0 touch_errors=0 touch_overflows=0 pass=1
[15:39:37] TINYDRAW_LIVE_PRESENT kind=gate_fallback zoom=100 x=0 y=0 compose_us=16795 scroll_us=0 exposed_compose_us=0 chrome_us=6727 chrome_prepare_us=2232 chrome_stage_us=4495 read_submit_us=32574 read_complete_us=36233 transfer_wait_us=20353 tile_pixels=0 uniform_pixels=0 overview_pixels=0 fallback_pixels=164864 resident_tiles=0 fallback_tiles=42 pushes=11 tear_wait_us=13428 tear_edge_isr_to_resume_us=16 tear_edge_observed=1 tear_edge_wait_resumed=1 tear_edge_timeout=0 tear_heal_attempted=0 tear_heal_command_sent=0 presentation_experiment=boundary-top-sweep te_edge=rising requested_clock_mhz=50 effective_clock_mhz=40 frame_reused=0 pass=1
[15:39:37] TINYDRAW_GATE1_HARD zoom=100 cold=1 operations=1000 samples=19844 steps=386 tiles=42 scanned=12000 rendered=4945 max_supertask_us=7664 presentation_us=72131 total_us=441656 maximum_wall_us=500000 pass=1
[15:39:38] TINYDRAW_GATE1_OVERLAY_CANVAS regions=zoom,minimap,toolbar,battery operations=4 presentation_mutations=0 authority=1 pass=1
[15:39:38] TINYDRAW_GATE1_LIVE_OVERLAY clear_updates=48 clear_wall_max_us=3938 clear_submit_max_us=2156 clear_complete_max_us=3093 overlay_updates=48 overlay_wall_max_us=3919 overlay_submit_max_us=2105 overlay_complete_max_us=3219 overlay_chrome_max_us=245 clear_failures=0 overlay_failures=0 pass=1
[15:39:38] TINYDRAW_EDGE_INK corners=4 edge_failures=0 pass=1
[15:39:39] TINYDRAW_GATE1_PAN zoom=100 from_x=0 from_y=0 to_x=88 to_y=88 compose_us=16142 scroll_us=11 exposed_compose_us=16131 chrome_us=2390 event_submit_us=30240 event_complete_us=33591 transfer_us=16773 setup=1 present=1 moved=1 frame_reused=1 pass=1
[15:39:39] TINYDRAW_LIVE_PRESENT kind=gate_fallback zoom=400 x=0 y=0 compose_us=15932 scroll_us=0 exposed_compose_us=0 chrome_us=6543 chrome_prepare_us=2242 chrome_stage_us=4301 read_submit_us=23077 read_complete_us=26727 transfer_wait_us=20349 tile_pixels=0 uniform_pixels=0 overview_pixels=0 fallback_pixels=164864 resident_tiles=0 fallback_tiles=42 pushes=11 tear_wait_us=4780 tear_edge_isr_to_resume_us=16 tear_edge_observed=1 tear_edge_wait_resumed=1 tear_edge_timeout=0 tear_heal_attempted=0 tear_heal_command_sent=0 presentation_experiment=boundary-top-sweep te_edge=rising requested_clock_mhz=50 effective_clock_mhz=40 frame_reused=0 pass=1
[15:39:39] TINYDRAW_GATE1_HARD zoom=400 cold=1 operations=1008 samples=19852 steps=248 tiles=42 scanned=12096 rendered=551 max_supertask_us=8818 presentation_us=72408 total_us=264273 maximum_wall_us=500000 pass=1
[15:39:39] TINYDRAW_GATE1_PAN zoom=400 from_x=0 from_y=0 to_x=88 to_y=88 compose_us=16109 scroll_us=12 exposed_compose_us=16097 chrome_us=2226 event_submit_us=30194 event_complete_us=33537 transfer_us=16819 setup=1 present=1 moved=1 frame_reused=1 pass=1
[15:39:44] TINYDRAW_PANSEQ_FRAME zoom=100 step=0 dx=24 dy=18 scroll_us=11 exposed_compose_us=4866 chrome_us=2388 tear_wait_us=7588 present_us=16362 prepare_us=11024 acquire_wait_us=23 ring_copy_us=8618 patch_us=2395 byte_swap_us=11 staging_us=3956 event_submit_us=12613 event_complete_us=15954 frame_us=28963 tear_edge_observed=1 frame_reused=1 pass=1
[15:39:44] TINYDRAW_PANSEQ_FRAME zoom=100 step=1 dx=24 dy=18 scroll_us=12 exposed_compose_us=4920 chrome_us=2412 tear_wait_us=12112 present_us=16747 prepare_us=11025 acquire_wait_us=21 ring_copy_us=8603 patch_us=2411 byte_swap_us=11 staging_us=3972 event_submit_us=17190 event_complete_us=20532 frame_us=33923 tear_edge_observed=1 frame_reused=1 pass=1
[15:39:44] TINYDRAW_PANSEQ_FRAME zoom=100 step=2 dx=24 dy=18 scroll_us=12 exposed_compose_us=4530 chrome_us=2397 tear_wait_us=12117 present_us=16125 prepare_us=11073 acquire_wait_us=21 ring_copy_us=8660 patch_us=2400 byte_swap_us=13 staging_us=3903 event_submit_us=16806 event_complete_us=20150 frame_us=32915 tear_edge_observed=1 frame_reused=1 pass=1
[15:39:44] TINYDRAW_PANSEQ_FRAME zoom=100 step=3 dx=24 dy=18 scroll_us=12 exposed_compose_us=5095 chrome_us=2467 tear_wait_us=12197 present_us=16491 prepare_us=11032 acquire_wait_us=21 ring_copy_us=8555 patch_us=2467 byte_swap_us=10 staging_us=3960 event_submit_us=17455 event_complete_us=20788 frame_us=33924 tear_edge_observed=1 frame_reused=1 pass=1
[15:39:44] TINYDRAW_PANSEQ_FRAME zoom=100 step=4 dx=24 dy=18 scroll_us=12 exposed_compose_us=4634 chrome_us=2398 tear_wait_us=12277 present_us=16871 prepare_us=11012 acquire_wait_us=22 ring_copy_us=8593 patch_us=2397 byte_swap_us=22 staging_us=3961 event_submit_us=17075 event_complete_us=20412 frame_us=33931 tear_edge_observed=1 frame_reused=1 pass=1
[15:39:44] TINYDRAW_PANSEQ_FRAME zoom=100 step=5 dx=24 dy=18 scroll_us=12 exposed_compose_us=4879 chrome_us=2408 tear_wait_us=11662 present_us=16244 prepare_us=11026 acquire_wait_us=22 ring_copy_us=8604 patch_us=2410 byte_swap_us=12 staging_us=3979 event_submit_us=16696 event_complete_us=20058 frame_us=32925 tear_edge_observed=1 frame_reused=1 pass=1
[15:39:44] TINYDRAW_PANSEQ_FRAME zoom=100 step=6 dx=24 dy=18 scroll_us=12 exposed_compose_us=4552 chrome_us=2396 tear_wait_us=12581 present_us=16644 prepare_us=11008 acquire_wait_us=33 ring_copy_us=8604 patch_us=2393 byte_swap_us=11 staging_us=3962 event_submit_us=17302 event_complete_us=20623 frame_us=33930 tear_edge_observed=1 frame_reused=1 pass=1
[15:39:44] TINYDRAW_PANSEQ_FRAME zoom=100 step=7 dx=24 dy=18 scroll_us=12 exposed_compose_us=5004 chrome_us=2438 tear_wait_us=11729 present_us=16038 prepare_us=11055 acquire_wait_us=24 ring_copy_us=8612 patch_us=2432 byte_swap_us=11 staging_us=3938 event_submit_us=16909 event_complete_us=20244 frame_us=32925 tear_edge_observed=1 frame_reused=1 pass=1
[15:39:44] TINYDRAW_PANSEQ_FRAME zoom=100 step=8 dx=24 dy=18 scroll_us=12 exposed_compose_us=4961 chrome_us=2443 tear_wait_us=12390 present_us=16434 prepare_us=11073 acquire_wait_us=23 ring_copy_us=8610 patch_us=2452 byte_swap_us=11 staging_us=3910 event_submit_us=17512 event_complete_us=20850 frame_us=33930 tear_edge_observed=1 frame_reused=1 pass=1
[15:39:44] TINYDRAW_PANSEQ_FRAME zoom=100 step=9 dx=24 dy=18 scroll_us=12 exposed_compose_us=4961 chrome_us=2411 tear_wait_us=11993 present_us=16831 prepare_us=11060 acquire_wait_us=21 ring_copy_us=8638 patch_us=2412 byte_swap_us=10 staging_us=3929 event_submit_us=17111 event_complete_us=20458 frame_us=33925 tear_edge_observed=1 frame_reused=1 pass=1
[15:39:44] TINYDRAW_PANSEQ_FRAME zoom=100 step=10 dx=24 dy=18 scroll_us=12 exposed_compose_us=4602 chrome_us=2415 tear_wait_us=11965 present_us=16212 prepare_us=11082 acquire_wait_us=21 ring_copy_us=8661 patch_us=2410 byte_swap_us=11 staging_us=3911 event_submit_us=16734 event_complete_us=20097 frame_us=32930 tear_edge_observed=1 frame_reused=1 pass=1
[15:39:44] TINYDRAW_PANSEQ_FRAME zoom=100 step=11 dx=24 dy=18 scroll_us=12 exposed_compose_us=5357 chrome_us=2408 tear_wait_us=11818 present_us=16602 prepare_us=10925 acquire_wait_us=24 ring_copy_us=8513 patch_us=2400 byte_swap_us=12 staging_us=4010 event_submit_us=17340 event_complete_us=20653 frame_us=33925 tear_edge_observed=1 frame_reused=1 pass=1
[15:39:44] TINYDRAW_PANSEQ_FRAME zoom=100 step=12 dx=24 dy=18 scroll_us=12 exposed_compose_us=4710 chrome_us=2399 tear_wait_us=12079 present_us=15996 prepare_us=11038 acquire_wait_us=22 ring_copy_us=8625 patch_us=2401 byte_swap_us=12 staging_us=3937 event_submit_us=16950 event_complete_us=20278 frame_us=32931 tear_edge_observed=1 frame_reused=1 pass=1
[15:39:44] TINYDRAW_PANSEQ_FRAME zoom=100 step=13 dx=24 dy=18 scroll_us=12 exposed_compose_us=5038 chrome_us=2412 tear_wait_us=12357 present_us=16391 prepare_us=11008 acquire_wait_us=23 ring_copy_us=8577 patch_us=2419 byte_swap_us=12 staging_us=3944 event_submit_us=17548 event_complete_us=20870 frame_us=33925 tear_edge_observed=1 frame_reused=1 pass=1
[15:39:44] TINYDRAW_PANSEQ_FRAME zoom=100 step=14 dx=24 dy=18 scroll_us=11 exposed_compose_us=4773 chrome_us=2406 tear_wait_us=12226 present_us=16779 prepare_us=11031 acquire_wait_us=24 ring_copy_us=8622 patch_us=2399 byte_swap_us=10 staging_us=3959 event_submit_us=17167 event_complete_us=20506 frame_us=33943 tear_edge_observed=1 frame_reused=1 pass=1
[15:39:44] TINYDRAW_PANSEQ_FRAME zoom=100 step=15 dx=24 dy=18 scroll_us=12 exposed_compose_us=5092 chrome_us=2430 tear_wait_us=11509 present_us=16169 prepare_us=11073 acquire_wait_us=23 ring_copy_us=8633 patch_us=2430 byte_swap_us=10 staging_us=3941 event_submit_us=16759 event_complete_us=20127 frame_us=32910 tear_edge_observed=1 frame_reused=1 pass=1
[15:39:44] TINYDRAW_PANSEQ_FRAME zoom=100 step=16 dx=72 dy=54 scroll_us=12 exposed_compose_us=13113 chrome_us=2403 tear_wait_us=4109 present_us=16563 prepare_us=10929 acquire_wait_us=24 ring_copy_us=8516 patch_us=2401 byte_swap_us=12 staging_us=3967 event_submit_us=17383 event_complete_us=20691 frame_us=33931 tear_edge_observed=1 frame_reused=1 pass=1
[15:39:44] TINYDRAW_PANSEQ_FRAME zoom=100 step=17 dx=72 dy=54 scroll_us=12 exposed_compose_us=12905 chrome_us=2400 tear_wait_us=3921 present_us=16959 prepare_us=10987 acquire_wait_us=24 ring_copy_us=8573 patch_us=2402 byte_swap_us=12 staging_us=4011 event_submit_us=16982 event_complete_us=20331 frame_us=33925 tear_edge_observed=1 frame_reused=1 pass=1
[15:39:44] TINYDRAW_PANSEQ_FRAME zoom=100 step=18 dx=72 dy=54 scroll_us=12 exposed_compose_us=12210 chrome_us=2368 tear_wait_us=4222 present_us=16356 prepare_us=11011 acquire_wait_us=25 ring_copy_us=8625 patch_us=2374 byte_swap_us=12 staging_us=3961 event_submit_us=16590 event_complete_us=19919 frame_us=32930 tear_edge_observed=1 frame_reused=1 pass=1
[15:39:44] TINYDRAW_PANSEQ_FRAME zoom=100 step=19 dx=72 dy=54 scroll_us=12 exposed_compose_us=12443 chrome_us=2395 tear_wait_us=4587 present_us=16756 prepare_us=11007 acquire_wait_us=22 ring_copy_us=8598 patch_us=2399 byte_swap_us=10 staging_us=3965 event_submit_us=17185 event_complete_us=20502 frame_us=33925 tear_edge_observed=1 frame_reused=1 pass=1
[15:39:44] TINYDRAW_PANSEQ_FRAME zoom=100 step=20 dx=-72 dy=-54 scroll_us=12 exposed_compose_us=13181 chrome_us=2396 tear_wait_us=3453 present_us=16141 prepare_us=11002 acquire_wait_us=30 ring_copy_us=8592 patch_us=2399 byte_swap_us=11 staging_us=3937 event_submit_us=16791 event_complete_us=20103 frame_us=32916 tear_edge_observed=1 frame_reused=1 pass=1
[15:39:44] TINYDRAW_PANSEQ_FRAME zoom=100 step=21 dx=-72 dy=-54 scroll_us=12 exposed_compose_us=12981 chrome_us=2432 tear_wait_us=4264 present_us=16542 prepare_us=10924 acquire_wait_us=23 ring_copy_us=8481 patch_us=2432 byte_swap_us=11 staging_us=4004 event_submit_us=17419 event_complete_us=20724 frame_us=33925 tear_edge_observed=1 frame_reused=1 pass=1
[15:39:44] TINYDRAW_PANSEQ_FRAME zoom=100 step=22 dx=-72 dy=-54 scroll_us=12 exposed_compose_us=12990 chrome_us=2385 tear_wait_us=3848 present_us=16948 prepare_us=10992 acquire_wait_us=23 ring_copy_us=8595 patch_us=2387 byte_swap_us=10 staging_us=3971 event_submit_us=16998 event_complete_us=20323 frame_us=33929 tear_edge_observed=1 frame_reused=1 pass=1
[15:39:44] TINYDRAW_PANSEQ_FRAME zoom=100 step=23 dx=-72 dy=-54 scroll_us=12 exposed_compose_us=12556 chrome_us=2403 tear_wait_us=3872 present_us=16342 prepare_us=10964 acquire_wait_us=27 ring_copy_us=8565 patch_us=2387 byte_swap_us=12 staging_us=3987 event_submit_us=16599 event_complete_us=19924 frame_us=32926 tear_edge_observed=1 frame_reused=1 pass=1
[15:39:44] TINYDRAW_PANSEQ_STRIP zoom=100 strip=0 panel_y=0 rows=44 samples=24 staging_mean_us=1459 staging_max_us=1501 wire_budget_us=1619 over_budget_us=0 pass=1
[15:39:44] TINYDRAW_PANSEQ_STRIP zoom=100 strip=1 panel_y=44 rows=44 samples=24 staging_mean_us=1240 staging_max_us=1261 wire_budget_us=1619 over_budget_us=0 pass=1
[15:39:44] TINYDRAW_PANSEQ_STRIP zoom=100 strip=2 panel_y=88 rows=44 samples=24 staging_mean_us=1213 staging_max_us=1229 wire_budget_us=1619 over_budget_us=0 pass=1
[15:39:44] TINYDRAW_PANSEQ_STRIP zoom=100 strip=3 panel_y=132 rows=44 samples=24 staging_mean_us=1202 staging_max_us=1215 wire_budget_us=1619 over_budget_us=0 pass=1
[15:39:44] TINYDRAW_PANSEQ_STRIP zoom=100 strip=4 panel_y=176 rows=44 samples=24 staging_mean_us=1213 staging_max_us=1232 wire_budget_us=1619 over_budget_us=0 pass=1
[15:39:44] TINYDRAW_PANSEQ_STRIP zoom=100 strip=5 panel_y=220 rows=44 samples=24 staging_mean_us=1231 staging_max_us=1247 wire_budget_us=1619 over_budget_us=0 pass=1
[15:39:44] TINYDRAW_PANSEQ_STRIP zoom=100 strip=6 panel_y=264 rows=44 samples=24 staging_mean_us=1417 staging_max_us=1451 wire_budget_us=1619 over_budget_us=0 pass=1
[15:39:44] TINYDRAW_PANSEQ_STRIP zoom=100 strip=7 panel_y=308 rows=44 samples=24 staging_mean_us=1395 staging_max_us=1421 wire_budget_us=1619 over_budget_us=0 pass=1
[15:39:44] TINYDRAW_PANSEQ_STRIP zoom=100 strip=8 panel_y=352 rows=20 samples=24 staging_mean_us=663 staging_max_us=696 wire_budget_us=736 over_budget_us=0 pass=1
[15:39:44] TINYDRAW_GATE1_PANSEQ zoom=100 frames=24 scroll_avg_us=11 exposed_avg_us=7514 chrome_avg_us=2408 tear_wait_avg_us=9203 present_avg_us=16480 prepare_avg_us=11015 acquire_wait_avg_us=23 ring_copy_avg_us=8594 patch_avg_us=2408 byte_swap_avg_us=11 staging_avg_us=3957 frame_avg_us=33344 frame_p50_us=33924 frame_p95_us=33931 frame_max_us=33943 complete_p50_us=20331 complete_p95_us=20850 complete_max_us=20870 tear_edge_failures=0 presentation_experiment=boundary-top-sweep te_edge=rising requested_clock_mhz=50 effective_clock_mhz=40 chrome_bottom_redraws=0 chrome_battery_redraws=0 chrome_zoom_redraws=0 chrome_minimap_base_redraws=0 strip_samples=216 staging_mean_us=1226 staging_max_us=1501 worst_strip=8 worst_strip_y=352 worst_wire_budget_us=736 worst_headroom_us=40 staging_invariant=1 pacing_pass=1 all_reused=1 pass=1
[15:39:47] TINYDRAW_PANSEQ_FRAME zoom=400 step=0 dx=24 dy=18 scroll_us=11 exposed_compose_us=4884 chrome_us=2202 tear_wait_us=8286 present_us=16646 prepare_us=10808 acquire_wait_us=27 ring_copy_us=8590 patch_us=2207 byte_swap_us=11 staging_us=4150 event_submit_us=13328 event_complete_us=16640 frame_us=29964 tear_edge_observed=1 frame_reused=1 pass=1
[15:39:47] TINYDRAW_PANSEQ_FRAME zoom=400 step=1 dx=24 dy=18 scroll_us=11 exposed_compose_us=4765 chrome_us=2229 tear_wait_us=11940 present_us=16053 prepare_us=10828 acquire_wait_us=23 ring_copy_us=8595 patch_us=2222 byte_swap_us=11 staging_us=4156 event_submit_us=16888 event_complete_us=20227 frame_us=32921 tear_edge_observed=1 frame_reused=1 pass=1
[15:39:47] TINYDRAW_PANSEQ_FRAME zoom=400 step=2 dx=24 dy=18 scroll_us=11 exposed_compose_us=4492 chrome_us=2263 tear_wait_us=12844 present_us=16450 prepare_us=10859 acquire_wait_us=30 ring_copy_us=8571 patch_us=2276 byte_swap_us=12 staging_us=4125 event_submit_us=17492 event_complete_us=20830 frame_us=33928 tear_edge_observed=1 frame_reused=1 pass=1
[15:39:47] TINYDRAW_PANSEQ_FRAME zoom=400 step=3 dx=24 dy=18 scroll_us=11 exposed_compose_us=4866 chrome_us=2219 tear_wait_us=12080 present_us=16840 prepare_us=10856 acquire_wait_us=23 ring_copy_us=8622 patch_us=2222 byte_swap_us=12 staging_us=4142 event_submit_us=17101 event_complete_us=20461 frame_us=33924 tear_edge_observed=1 frame_reused=1 pass=1
[15:39:47] TINYDRAW_PANSEQ_FRAME zoom=400 step=4 dx=24 dy=18 scroll_us=11 exposed_compose_us=4418 chrome_us=2188 tear_wait_us=12143 present_us=16223 prepare_us=10848 acquire_wait_us=25 ring_copy_us=8650 patch_us=2187 byte_swap_us=11 staging_us=4160 event_submit_us=16719 event_complete_us=20075 frame_us=32927 tear_edge_observed=1 frame_reused=1 pass=1
[15:39:47] TINYDRAW_PANSEQ_FRAME zoom=400 step=5 dx=24 dy=18 scroll_us=11 exposed_compose_us=4698 chrome_us=2209 tear_wait_us=12471 present_us=16614 prepare_us=10758 acquire_wait_us=25 ring_copy_us=8537 patch_us=2209 byte_swap_us=12 staging_us=4188 event_submit_us=17328 event_complete_us=20634 frame_us=33926 tear_edge_observed=1 frame_reused=1 pass=1
[15:39:47] TINYDRAW_PANSEQ_FRAME zoom=400 step=6 dx=24 dy=18 scroll_us=11 exposed_compose_us=4516 chrome_us=2226 tear_wait_us=12252 present_us=16002 prepare_us=10888 acquire_wait_us=25 ring_copy_us=8636 patch_us=2240 byte_swap_us=12 staging_us=4085 event_submit_us=16942 event_complete_us=20262 frame_us=32928 tear_edge_observed=1 frame_reused=1 pass=1
[15:39:47] TINYDRAW_PANSEQ_FRAME zoom=400 step=7 dx=24 dy=18 scroll_us=11 exposed_compose_us=5201 chrome_us=2255 tear_wait_us=12175 present_us=16410 prepare_us=10835 acquire_wait_us=22 ring_copy_us=8560 patch_us=2264 byte_swap_us=11 staging_us=4124 event_submit_us=17532 event_complete_us=20852 frame_us=33925 tear_edge_observed=1 frame_reused=1 pass=1
[15:39:47] TINYDRAW_PANSEQ_FRAME zoom=400 step=8 dx=24 dy=18 scroll_us=11 exposed_compose_us=5180 chrome_us=2217 tear_wait_us=11805 present_us=16800 prepare_us=10857 acquire_wait_us=32 ring_copy_us=8633 patch_us=2213 byte_swap_us=11 staging_us=4107 event_submit_us=17144 event_complete_us=20482 frame_us=33941 tear_edge_observed=1 frame_reused=1 pass=1
[15:39:47] TINYDRAW_PANSEQ_FRAME zoom=400 step=9 dx=24 dy=18 scroll_us=12 exposed_compose_us=5162 chrome_us=2208 tear_wait_us=11426 present_us=16182 prepare_us=10802 acquire_wait_us=24 ring_copy_us=8581 patch_us=2209 byte_swap_us=12 staging_us=4173 event_submit_us=16748 event_complete_us=20084 frame_us=32913 tear_edge_observed=1 frame_reused=1 pass=1
[15:39:47] TINYDRAW_PANSEQ_FRAME zoom=400 step=10 dx=24 dy=18 scroll_us=11 exposed_compose_us=4806 chrome_us=2226 tear_wait_us=12402 present_us=16568 prepare_us=10753 acquire_wait_us=27 ring_copy_us=8522 patch_us=2219 byte_swap_us=12 staging_us=4155 event_submit_us=17375 event_complete_us=20700 frame_us=33928 tear_edge_observed=1 frame_reused=1 pass=1
[15:39:47] TINYDRAW_PANSEQ_FRAME zoom=400 step=11 dx=24 dy=18 scroll_us=11 exposed_compose_us=5726 chrome_us=2226 tear_wait_us=11092 present_us=16962 prepare_us=10786 acquire_wait_us=27 ring_copy_us=8549 patch_us=2225 byte_swap_us=12 staging_us=4199 event_submit_us=16979 event_complete_us=20318 frame_us=33924 tear_edge_observed=1 frame_reused=1 pass=1
[15:39:47] TINYDRAW_PANSEQ_FRAME zoom=400 step=12 dx=24 dy=18 scroll_us=11 exposed_compose_us=5014 chrome_us=2191 tear_wait_us=11421 present_us=16349 prepare_us=10844 acquire_wait_us=24 ring_copy_us=8642 patch_us=2191 byte_swap_us=11 staging_us=4138 event_submit_us=16594 event_complete_us=19946 frame_us=32929 tear_edge_observed=1 frame_reused=1 pass=1
[15:39:47] TINYDRAW_PANSEQ_FRAME zoom=400 step=13 dx=24 dy=18 scroll_us=11 exposed_compose_us=5284 chrome_us=2231 tear_wait_us=11733 present_us=16762 prepare_us=10842 acquire_wait_us=25 ring_copy_us=8604 patch_us=2227 byte_swap_us=11 staging_us=4153 event_submit_us=17181 event_complete_us=20530 frame_us=33938 tear_edge_observed=1 frame_reused=1 pass=1
[15:39:47] TINYDRAW_PANSEQ_FRAME zoom=400 step=14 dx=24 dy=18 scroll_us=12 exposed_compose_us=5100 chrome_us=2228 tear_wait_us=11503 present_us=16168 prepare_us=10918 acquire_wait_us=23 ring_copy_us=8679 patch_us=2228 byte_swap_us=11 staging_us=4089 event_submit_us=16761 event_complete_us=20131 frame_us=32914 tear_edge_observed=1 frame_reused=1 pass=1
[15:39:48] TINYDRAW_PANSEQ_FRAME zoom=400 step=15 dx=24 dy=18 scroll_us=11 exposed_compose_us=5382 chrome_us=2243 tear_wait_us=11819 present_us=16577 prepare_us=10718 acquire_wait_us=32 ring_copy_us=8468 patch_us=2239 byte_swap_us=11 staging_us=4198 event_submit_us=17364 event_complete_us=20686 frame_us=33926 tear_edge_observed=1 frame_reused=1 pass=1
[15:39:48] TINYDRAW_PANSEQ_FRAME zoom=400 step=16 dx=72 dy=54 scroll_us=12 exposed_compose_us=13985 chrome_us=2220 tear_wait_us=2819 present_us=15987 prepare_us=10830 acquire_wait_us=35 ring_copy_us=8598 patch_us=2221 byte_swap_us=11 staging_us=4147 event_submit_us=16963 event_complete_us=20288 frame_us=32936 tear_edge_observed=1 frame_reused=1 pass=1
[15:39:48] TINYDRAW_PANSEQ_FRAME zoom=400 step=17 dx=72 dy=54 scroll_us=12 exposed_compose_us=13565 chrome_us=2231 tear_wait_us=3824 present_us=16371 prepare_us=10815 acquire_wait_us=24 ring_copy_us=8570 patch_us=2234 byte_swap_us=11 staging_us=4125 event_submit_us=17561 event_complete_us=20874 frame_us=33917 tear_edge_observed=1 frame_reused=1 pass=1
[15:39:48] TINYDRAW_PANSEQ_FRAME zoom=400 step=18 dx=72 dy=54 scroll_us=11 exposed_compose_us=13568 chrome_us=2232 tear_wait_us=3436 present_us=16762 prepare_us=10868 acquire_wait_us=24 ring_copy_us=8642 patch_us=2214 byte_swap_us=12 staging_us=4115 event_submit_us=17182 event_complete_us=20519 frame_us=33942 tear_edge_observed=1 frame_reused=1 pass=1
[15:39:48] TINYDRAW_PANSEQ_FRAME zoom=400 step=19 dx=72 dy=54 scroll_us=11 exposed_compose_us=14433 chrome_us=2240 tear_wait_us=2185 present_us=16150 prepare_us=10806 acquire_wait_us=23 ring_copy_us=8556 patch_us=2239 byte_swap_us=11 staging_us=4151 event_submit_us=16777 event_complete_us=20103 frame_us=32911 tear_edge_observed=1 frame_reused=1 pass=1
[15:39:48] TINYDRAW_PANSEQ_FRAME zoom=400 step=20 dx=-72 dy=-54 scroll_us=11 exposed_compose_us=14018 chrome_us=2238 tear_wait_us=3212 present_us=16555 prepare_us=10756 acquire_wait_us=23 ring_copy_us=8506 patch_us=2239 byte_swap_us=11 staging_us=4154 event_submit_us=17395 event_complete_us=20718 frame_us=33928 tear_edge_observed=1 frame_reused=1 pass=1
[15:39:48] TINYDRAW_PANSEQ_FRAME zoom=400 step=21 dx=-72 dy=-54 scroll_us=11 exposed_compose_us=13643 chrome_us=2225 tear_wait_us=3173 present_us=15972 prepare_us=10786 acquire_wait_us=24 ring_copy_us=8550 patch_us=2224 byte_swap_us=12 staging_us=4171 event_submit_us=16978 event_complete_us=20292 frame_us=32933 tear_edge_observed=1 frame_reused=1 pass=1
[15:39:48] TINYDRAW_PANSEQ_FRAME zoom=400 step=22 dx=-72 dy=-54 scroll_us=11 exposed_compose_us=13526 chrome_us=2223 tear_wait_us=3895 present_us=16364 prepare_us=10835 acquire_wait_us=23 ring_copy_us=8588 patch_us=2235 byte_swap_us=12 staging_us=4113 event_submit_us=17572 event_complete_us=20891 frame_us=33921 tear_edge_observed=1 frame_reused=1 pass=1
[15:39:48] TINYDRAW_PANSEQ_FRAME zoom=400 step=23 dx=-72 dy=-54 scroll_us=11 exposed_compose_us=12648 chrome_us=2225 tear_wait_us=4362 present_us=16774 prepare_us=10844 acquire_wait_us=22 ring_copy_us=8605 patch_us=2227 byte_swap_us=12 staging_us=4148 event_submit_us=17167 event_complete_us=20505 frame_us=33937 tear_edge_observed=1 frame_reused=1 pass=1
[15:39:48] TINYDRAW_PANSEQ_STRIP zoom=400 strip=0 panel_y=0 rows=44 samples=24 staging_mean_us=1454 staging_max_us=1502 wire_budget_us=1619 over_budget_us=0 pass=1
[15:39:48] TINYDRAW_PANSEQ_STRIP zoom=400 strip=1 panel_y=44 rows=44 samples=24 staging_mean_us=1239 staging_max_us=1254 wire_budget_us=1619 over_budget_us=0 pass=1
[15:39:48] TINYDRAW_PANSEQ_STRIP zoom=400 strip=2 panel_y=88 rows=44 samples=24 staging_mean_us=1215 staging_max_us=1232 wire_budget_us=1619 over_budget_us=0 pass=1
[15:39:48] TINYDRAW_PANSEQ_STRIP zoom=400 strip=3 panel_y=132 rows=44 samples=24 staging_mean_us=1202 staging_max_us=1228 wire_budget_us=1619 over_budget_us=0 pass=1
[15:39:48] TINYDRAW_PANSEQ_STRIP zoom=400 strip=4 panel_y=176 rows=44 samples=24 staging_mean_us=1210 staging_max_us=1226 wire_budget_us=1619 over_budget_us=0 pass=1
[15:39:48] TINYDRAW_PANSEQ_STRIP zoom=400 strip=5 panel_y=220 rows=44 samples=24 staging_mean_us=1188 staging_max_us=1208 wire_budget_us=1619 over_budget_us=0 pass=1
[15:39:48] TINYDRAW_PANSEQ_STRIP zoom=400 strip=6 panel_y=264 rows=44 samples=24 staging_mean_us=1368 staging_max_us=1404 wire_budget_us=1619 over_budget_us=0 pass=1
[15:39:48] TINYDRAW_PANSEQ_STRIP zoom=400 strip=7 panel_y=308 rows=44 samples=24 staging_mean_us=1352 staging_max_us=1370 wire_budget_us=1619 over_budget_us=0 pass=1
[15:39:48] TINYDRAW_PANSEQ_STRIP zoom=400 strip=8 panel_y=352 rows=20 samples=24 staging_mean_us=616 staging_max_us=651 wire_budget_us=736 over_budget_us=0 pass=1
[15:39:48] TINYDRAW_GATE1_PANSEQ zoom=400 frames=24 scroll_avg_us=11 exposed_avg_us=7870 chrome_avg_us=2224 tear_wait_avg_us=8929 present_avg_us=16439 prepare_avg_us=10822 acquire_wait_avg_us=25 ring_copy_avg_us=8585 patch_avg_us=2225 byte_swap_avg_us=11 staging_avg_us=4144 frame_avg_us=33386 frame_p50_us=33921 frame_p95_us=33941 frame_max_us=33942 complete_p50_us=20461 complete_p95_us=20874 complete_max_us=20891 tear_edge_failures=0 presentation_experiment=boundary-top-sweep te_edge=rising requested_clock_mhz=50 effective_clock_mhz=40 chrome_bottom_redraws=0 chrome_battery_redraws=0 chrome_zoom_redraws=0 chrome_minimap_base_redraws=0 strip_samples=216 staging_mean_us=1205 staging_max_us=1502 worst_strip=8 worst_strip_y=352 worst_wire_budget_us=736 worst_headroom_us=85 staging_invariant=1 pacing_pass=1 all_reused=1 pass=1
[15:39:48] TINYDRAW_GATE1_PAN_BOUNDARY zoom=100 slow_1px_trace=1 below_delta=94 below_reused=1 at_delta=96 at_reused=1 above_delta=98 above_fallback=1 pass=1
[15:39:49] TINYDRAW_GATE1_PAN_BOUNDARY zoom=400 slow_1px_trace=1 below_delta=94 below_reused=1 at_delta=96 at_reused=1 above_delta=98 above_fallback=1 pass=1
[15:39:49] TINYDRAW_GATE1_DRAW_FILL zoom=400 revision=2930 append_us=1025 poll_gap_us=97 event_submit_us=221 event_complete_us=2231 max_compute_slice_us=4922 max_display_slice_us=17279 fill_us=273473 revision_restarted=1 pass=1
[15:39:50] TINYDRAW_GATE1_CACHE_FILL zoom=50 x=63 y=63 published=56 total_us=739968 within_cold_gate=0 complete=1
[15:39:50] TINYDRAW_GATE1_CACHE_FILL zoom=100 x=63 y=63 published=56 total_us=596970 within_cold_gate=0 complete=1
[15:39:51] TINYDRAW_GATE1_CACHE_FILL zoom=200 x=63 y=63 published=56 total_us=440970 within_cold_gate=1 complete=1
[15:39:51] TINYDRAW_GATE1_CACHE_FILL zoom=400 x=63 y=63 published=56 total_us=378968 within_cold_gate=1 complete=1
[15:39:51] TINYDRAW_GATE1_CACHE_REVISIT zoom=50 remaining=0 tile_pixels=118128 fallback_pixels=0 compose_us=17770 complete_us=20865 hit=1
[15:39:51] TINYDRAW_GATE1_CACHE_REVISIT zoom=100 remaining=0 tile_pixels=164864 fallback_pixels=0 compose_us=19605 complete_us=20501 hit=1
[15:39:52] TINYDRAW_GATE1_CACHE_REVISIT zoom=200 remaining=0 tile_pixels=164864 fallback_pixels=0 compose_us=20575 complete_us=21132 hit=1
[15:39:52] TINYDRAW_GATE1_CACHE_REVISIT zoom=400 remaining=0 tile_pixels=164608 fallback_pixels=0 compose_us=21490 complete_us=20757 hit=1
[15:39:52] TINYDRAW_GATE1_CACHE_FILL zoom=400 x=575 y=575 published=56 total_us=411970 within_cold_gate=1 complete=1
[15:39:52] TINYDRAW_GATE1_CACHE_ROUND_TRIP zoom=50 from_x=63 from_y=63 via_x=575 via_y=575 remaining=0 tile_pixels=118128 fallback_pixels=0 compose_us=17843 complete_us=21316 hit=1
[15:39:52] TINYDRAW_GATE1_CACHE_ROUND_TRIP zoom=100 from_x=63 from_y=63 via_x=575 via_y=575 remaining=0 tile_pixels=164864 fallback_pixels=0 compose_us=19639 complete_us=20916 hit=1
[15:39:52] TINYDRAW_GATE1_CACHE_ROUND_TRIP zoom=200 from_x=63 from_y=63 via_x=575 via_y=575 remaining=0 tile_pixels=164864 fallback_pixels=0 compose_us=20528 complete_us=20514 hit=1
[15:39:52] TINYDRAW_GATE1_CACHE_ROUND_TRIP zoom=400 from_x=63 from_y=63 via_x=575 via_y=575 remaining=0 tile_pixels=164608 fallback_pixels=0 compose_us=21543 complete_us=21123 hit=1
[15:39:52] TINYDRAW_GATE1_CACHE_RETENTION pass=1 slots=448 revision=2930
[15:39:54] TINYDRAW_PAPER_SWEEP zoom=100 identities=644 raw=266 uniform=378 fallback=0 slots=448 total_us=1667151 pass=1
[15:39:54] TINYDRAW_RERENDER_LEDGER_RESET site=cache_tour_start
[15:39:58] TINYDRAW_GATE1_CACHE_TOUR slots=448 stops=16 forward_steps=2595 forward_tiles=832 forward_wall_us=2335947 return_missing_tiles=0 return_steps=16 return_tiles=0 return_wall_us=43545 home_missing=0 home_fallback_pixels=0 pass=1
[15:39:58] TINYDRAW_RERENDER_LEDGER site=cache_tour renders=137 unique=137 amplification=1.000 cold=137 damage=0 evict=0 stale=0 unexplained=0
[15:39:59] TINYDRAW_GATE1_MIXED_DRAW_WARM zoom=50 fill_tiles=56 fill_us=656728 raw=42 uniform=14
[15:40:00] TINYDRAW_GATE1_MIXED_DRAW_WARM zoom=100 fill_tiles=56 fill_us=510371 raw=56 uniform=0
[15:40:00] TINYDRAW_GATE1_MIXED_DRAW_WARM zoom=200 fill_tiles=56 fill_us=416114 raw=56 uniform=0
[15:40:01] TINYDRAW_GATE1_MIXED_DRAW_WARM zoom=400 fill_tiles=42 fill_us=266515 raw=42 uniform=0
[15:40:02] TINYDRAW_GATE1_MIXED_DRAW zoom=25 tool=pen chunks=50 append_max_us=13247 append_avg_us=11881 append_total_us=594090 affected_tiles=196 published=0 fallback=196 visible_fallback=0 ph_prepare_max_us=149 ph_overview_max_us=9016 ph_enumerate_max_us=566 ph_uniform_max_us=91 ph_raw_max_us=15 ph_commit_max_us=3574 committed=1 authority=1 refresh=1 run_ok=1 pass=1
[15:40:03] TINYDRAW_GATE1_MIXED_DRAW zoom=25 tool=eraser chunks=50 append_max_us=13329 append_avg_us=11822 append_total_us=591100 affected_tiles=0 published=0 fallback=0 visible_fallback=0 ph_prepare_max_us=152 ph_overview_max_us=9096 ph_enumerate_max_us=492 ph_uniform_max_us=7 ph_raw_max_us=12 ph_commit_max_us=3603 committed=1 authority=1 refresh=1 run_ok=1 pass=1
[15:40:05] TINYDRAW_GATE1_MIXED_DRAW zoom=50 tool=pen chunks=50 append_max_us=19478 append_avg_us=16404 append_total_us=820204 affected_tiles=422 published=400 fallback=22 visible_fallback=0 ph_prepare_max_us=183 ph_overview_max_us=3837 ph_enumerate_max_us=521 ph_uniform_max_us=5422 ph_raw_max_us=12234 ph_commit_max_us=1732 committed=1 authority=1 refresh=1 run_ok=1 pass=0
[15:40:06] TINYDRAW_GATE1_MIXED_DRAW zoom=50 tool=eraser chunks=50 append_max_us=18037 append_avg_us=16155 append_total_us=807798 affected_tiles=405 published=405 fallback=0 visible_fallback=0 ph_prepare_max_us=171 ph_overview_max_us=3815 ph_enumerate_max_us=543 ph_uniform_max_us=26 ph_raw_max_us=12216 ph_commit_max_us=1515 committed=1 authority=1 refresh=1 run_ok=1 pass=0
[15:40:08] TINYDRAW_GATE1_MIXED_DRAW zoom=100 tool=pen chunks=50 append_max_us=15954 append_avg_us=13865 append_total_us=693266 affected_tiles=450 published=398 fallback=52 visible_fallback=0 ph_prepare_max_us=186 ph_overview_max_us=1924 ph_enumerate_max_us=548 ph_uniform_max_us=4462 ph_raw_max_us=12267 ph_commit_max_us=976 committed=1 authority=1 refresh=1 run_ok=1 pass=0
[15:40:09] TINYDRAW_GATE1_MIXED_DRAW zoom=100 tool=eraser chunks=50 append_max_us=15304 append_avg_us=13632 append_total_us=681607 affected_tiles=399 published=399 fallback=0 visible_fallback=0 ph_prepare_max_us=171 ph_overview_max_us=1928 ph_enumerate_max_us=489 ph_uniform_max_us=30 ph_raw_max_us=12390 ph_commit_max_us=796 committed=1 authority=1 refresh=1 run_ok=1 pass=0
[15:40:11] TINYDRAW_GATE1_MIXED_DRAW zoom=200 tool=pen chunks=50 append_max_us=15321 append_avg_us=12837 append_total_us=641871 affected_tiles=425 published=389 fallback=36 visible_fallback=0 ph_prepare_max_us=169 ph_overview_max_us=1088 ph_enumerate_max_us=575 ph_uniform_max_us=4534 ph_raw_max_us=12276 ph_commit_max_us=816 committed=1 authority=1 refresh=1 run_ok=1 pass=0
[15:40:12] TINYDRAW_GATE1_MIXED_DRAW zoom=200 tool=eraser chunks=50 append_max_us=14447 append_avg_us=12549 append_total_us=627474 affected_tiles=388 published=388 fallback=0 visible_fallback=0 ph_prepare_max_us=161 ph_overview_max_us=1103 ph_enumerate_max_us=575 ph_uniform_max_us=27 ph_raw_max_us=12332 ph_commit_max_us=668 committed=1 authority=1 refresh=1 run_ok=1 pass=1
[15:40:14] TINYDRAW_GATE1_MIXED_DRAW zoom=400 tool=pen chunks=50 append_max_us=14512 append_avg_us=11868 append_total_us=593440 affected_tiles=359 published=334 fallback=25 visible_fallback=0 ph_prepare_max_us=175 ph_overview_max_us=735 ph_enumerate_max_us=606 ph_uniform_max_us=3362 ph_raw_max_us=11778 ph_commit_max_us=724 committed=1 authority=1 refresh=1 run_ok=1 pass=1
[15:40:14] TINYDRAW_GATE1_MIXED_DRAW zoom=400 tool=eraser chunks=50 append_max_us=13525 append_avg_us=11752 append_total_us=587624 affected_tiles=350 published=350 fallback=0 visible_fallback=0 ph_prepare_max_us=184 ph_overview_max_us=736 ph_enumerate_max_us=599 ph_uniform_max_us=31 ph_raw_max_us=11883 ph_commit_max_us=621 committed=1 authority=1 refresh=1 run_ok=1 pass=1
[15:40:15] TINYDRAW_GATE1_MIXED_DRAW_REVISIT zoom=50 missing=4 refill_tiles=4 refill_us=244087
[15:40:15] TINYDRAW_GATE1_MIXED_DRAW_REVISIT zoom=100 missing=9 refill_tiles=9 refill_us=397656
[15:40:15] TINYDRAW_GATE1_MIXED_DRAW_REVISIT zoom=200 missing=16 refill_tiles=16 refill_us=353971
[15:40:16] TINYDRAW_GATE1_MIXED_DRAW_REVISIT zoom=400 missing=0 refill_tiles=0 refill_us=963
[15:40:16] TINYDRAW_GATE1_MIXED_DRAW_SUMMARY slots=448 strokes=10 worst_append_us=19478 pass=0
[15:40:22] TINYDRAW_GATE1_IDLE_REPAIR damaged=588 remaining=0 plan_views=24 steps=5805 repair_us=4388896 worst_step_us=6477 warm_tiles=56 pass=1
[15:40:23] TINYDRAW_INKTRACE trace=fast-curve-dense-25 zoom=25 events=411 consumed=371 coalesced=40 down=1/1 up=1/1 max_time_gap_us=24104 max_space_gap_px=55.33 e2c_p50=504 e2c_p95=705 e2c_max=2608 e2g_p95=789 e2s_p95=2627 e2d_p50=2364 e2d_p95=3661 e2d_max=4205 latency_samples=33 presentation_failures=0 commit_failures=0 overflows=0 revision=3482 latency_pass=1 pass=1
[15:40:23] TINYDRAW_INKTRACE trace=fast-curve-400 zoom=400 events=414 consumed=380 coalesced=34 down=1/1 up=1/1 max_time_gap_us=9377 max_space_gap_px=65.51 e2c_p50=504 e2c_p95=592 e2c_max=1586 e2g_p95=781 e2s_p95=2659 e2d_p50=2491 e2d_p95=3978 e2d_max=3994 latency_samples=33 presentation_failures=0 commit_failures=0 overflows=0 revision=3484 latency_pass=1 pass=1
[15:40:26] TINYDRAW_INKTRACE trace=fast-curve-400-xl zoom=400 events=2296 consumed=1918 coalesced=378 down=1/1 up=1/1 max_time_gap_us=12753 max_space_gap_px=47.85 e2c_p50=504 e2c_p95=584 e2c_max=1780 e2g_p95=785 e2s_p95=2986 e2d_p50=3321 e2d_p95=4640 e2d_max=8202 latency_samples=172 presentation_failures=0 commit_failures=0 overflows=0 revision=3490 latency_pass=1 pass=1
[15:40:27] TINYDRAW_INKTRACE trace=slow-precise-100 zoom=100 events=741 consumed=725 coalesced=16 down=1/1 up=1/1 max_time_gap_us=8340 max_space_gap_px=13.45 e2c_p50=504 e2c_p95=703 e2c_max=1582 e2g_p95=781 e2s_p95=1787 e2d_p50=2016 e2d_p95=2288 e2d_max=2356 latency_samples=53 presentation_failures=0 commit_failures=0 overflows=0 revision=3492 latency_pass=1 pass=1
[15:40:30] TINYDRAW_INKTRACE trace=scribble-multistroke zoom=100 events=848 consumed=730 coalesced=118 down=7/7 up=7/7 max_time_gap_us=6082 max_space_gap_px=109.46 e2c_p50=504 e2c_p95=584 e2c_max=1586 e2g_p95=782 e2s_p95=3452 e2d_p50=3183 e2d_p95=5293 e2d_max=6320 latency_samples=55 presentation_failures=0 commit_failures=0 overflows=0 revision=3499 latency_pass=1 pass=1
[15:40:31] TINYDRAW_HAIRLINE_DOC ops=782 samples=8061 append_total_us=1052201 append_max_us=7206
[15:40:31] TINYDRAW_GATE1_PACED_COLD corpus=evil_hairlines_capacity zoom=100 x=552 y=672 steps=236 tiles=56 compute_us=282479 present_us=78574 touch_us=617 pacing_us=8306 wall_us=369976 maximum_wall_us=500000 max_tick_us=9848 touch_samples=53732 touch_interval_max_us=2113 touch_read_max_us=620 touch_events=0 touch_down=0 touch_up=0 touch_events_ge_8ms=0 touch_event_age_max_us=0 touch_errors=0 touch_overflows=0 pass=1
[15:40:32] TINYDRAW_GATE1_PACED_COLD corpus=evil_hairlines_capacity zoom=400 x=2760 y=3360 steps=209 tiles=48 compute_us=188610 present_us=79394 touch_us=484 pacing_us=6483 wall_us=274971 maximum_wall_us=500000 max_tick_us=9746 touch_samples=358 touch_interval_max_us=1881 touch_read_max_us=486 touch_events=0 touch_down=0 touch_up=0 touch_events_ge_8ms=0 touch_event_age_max_us=0 touch_errors=0 touch_overflows=0 pass=1
[15:40:35] TINYDRAW_HAIRLINE_REPAIR steps=2814 wall_us=2813216 worst_step_us=7792 resident=407/448 grid_stopped=1 pass2_steps=8 pass2_wall_us=11927 no_churn=1
[15:40:37] TINYDRAW_HAIRLINE_TOUR stops=8 total_us=1225454 worst_stop_us=253064 worst_step_us=9080
[15:40:37] TINYDRAW_GATE1_HAIRLINE raw=339 uniform=72 fallback=233 capacity=448 worst_step_us=9080 grid_stopped=1 pass=1
[15:40:39] TINYDRAW_GATE1_LONG_GESTURE path=reference samples=1600 chunks=26 append_total_us=967618 append_max_us=44222 append_avg_us=37216 refresh_fallback_pixels=0 settled_fallback_pixels=0 committed=1 authority=1 refresh=1 run_ok=1
[15:40:39] TINYDRAW_GATE1_LONG_GESTURE path=in_place samples=1600 chunks=52 append_total_us=597132 append_max_us=13967 append_avg_us=11483 refresh_fallback_pixels=0 settled_fallback_pixels=0 committed=1 authority=1 refresh=1 run_ok=1
[15:40:39] TINYDRAW_V2_EXPORT_PROGRESS row=0 of=1792
[15:40:40] TINYDRAW_V2_EXPORT_PROGRESS row=256 of=1792
[15:40:40] TINYDRAW_V2_EXPORT_PROGRESS row=512 of=1792
[15:40:41] TINYDRAW_V2_EXPORT_PROGRESS row=768 of=1792
[15:40:42] TINYDRAW_V2_EXPORT_PROGRESS row=1024 of=1792
[15:40:43] TINYDRAW_V2_EXPORT_PROGRESS row=1280 of=1792
[15:40:44] TINYDRAW_V2_EXPORT_PROGRESS row=1536 of=1792
[15:40:45] TINYDRAW_GATE1_EXPORT encoded=1 bytes=40166 elapsed_us=5811128 workspace_bytes=50652 band_bytes=376832 free_psram=1892692 free_internal=199124 signature=1 dimensions=1 chunks=3 chunks_ok=1 pass=1
[15:40:45] TINYDRAW_EXPORT_RESERVE requested=1572864 free_before=1892692 largest_before=1867776 free_held=319824 largest_held=319488 pass=1
[15:40:45] TINYDRAW_RERENDER_LEDGER site=final renders=0 unique=0 amplification=0.000 cold=0 damage=0 evict=0 stale=0 unexplained=0
[15:40:45] TINYDRAW_GATE1_AUTOMATED_DONE stress=1 stress_100=1 stress_400=1 overlap_ready=1 overlap_cold=0 general_cold_ready=1 general_cold=0 workload=1 paced_cold=1 hard_100=1 hard_400=1 pan_100=1 pan_400=1 pan_seq=1 pan_boundary=1 live_overlay=1 draw_fill=1 cache=1 full_world_cache=1 cache_tour=1 mixed_draw=0 idle_repair=1 ink_trace=1 hairline_capacity=1 long_gesture=1 export_encode=1 export_reserve=1 return=1 ssaa_receipt=yellow
[15:40:45] TINYDRAW_VECTOR_V2_GATE_HARNESS_DONE pass=0
[15:40:45] I (78345) main_task: Returned from app_main()
