[16:28:50] ESP-ROM:esp32s3-20210327
[16:28:50] Build:Mar 27 2021
[16:28:50] rst:0x15 (USB_UART_CHIP_RESET),boot:0x2b (SPI_FAST_FLASH_BOOT)
[16:28:50] Saved PC:0x42008697
[16:28:50] SPIWP:0xee
[16:28:50] mode:DIO, clock div:1
[16:28:50] load:0x3fce2820,len:0x1664
[16:28:50] load:0x403c8700,len:0xf38
[16:28:50] load:0x403cb700,len:0x31e8
[16:28:50] entry 0x403c8930
[16:28:50] I (24) boot: ESP-IDF v6.0.2 2nd stage bootloader
[16:28:50] I (24) boot: compile time Aug 16 2026 16:28:32
[16:28:50] I (25) boot: Multicore bootloader
[16:28:50] I (25) boot: chip revision: v0.2
[16:28:50] I (28) boot: efuse block revision: v1.3
[16:28:50] I (31) qio_mode: Enabling default flash chip QIO
[16:28:50] I (36) boot.esp32s3: Boot SPI Speed : 80MHz
[16:28:50] I (39) boot.esp32s3: SPI Mode       : QIO
[16:28:50] I (43) boot.esp32s3: SPI Flash Size : 16MB
[16:28:50] I (47) boot: Enabling RNG early entropy source...
[16:28:50] I (51) boot: Partition Table:
[16:28:50] I (54) boot: ## Label            Usage          Type ST Offset   Length
[16:28:50] I (60) boot:  0 nvs              WiFi data        01 02 00009000 00006000
[16:28:50] I (67) boot:  1 phy_init         RF data          01 01 0000f000 00001000
[16:28:50] I (73) boot:  2 factory          factory app      00 00 00010000 00100000
[16:28:50] I (80) boot:  3 drawing          Unknown data     01 40 00110000 00300000
[16:28:50] I (86) boot:  4 export           Unknown data     01 41 00410000 00500000
[16:28:50] I (93) boot:  5 coredump         Unknown data     01 03 00910000 00010000
[16:28:50] I (100) boot: End of partition table
[16:28:50] I (103) esp_image: segment 0: paddr=00010020 vaddr=3c050020 size=2be0ch (179724) map
[16:28:50] I (138) esp_image: segment 1: paddr=0003be34 vaddr=3fc94500 size=03764h ( 14180) load
[16:28:50] I (141) esp_image: segment 2: paddr=0003f5a0 vaddr=40374000 size=00a78h (  2680) load
[16:28:50] I (143) esp_image: segment 3: paddr=00040020 vaddr=42000020 size=4eca4h (322724) map
[16:28:50] I (199) esp_image: segment 4: paddr=0008eccc vaddr=40374a78 size=0fa48h ( 64072) load
[16:28:50] I (213) esp_image: segment 5: paddr=0009e71c vaddr=50000000 size=00024h (    36) load
[16:28:50] I (220) boot: Loaded app from partition at offset 0x10000
[16:28:50] I (220) boot: Disabling RNG early entropy source...
[16:28:50] I (230) octal_psram: vendor id    : 0x0d (AP)
[16:28:50] I (231) octal_psram: dev id       : 0x02 (generation 3)
[16:28:50] I (231) octal_psram: density      : 0x03 (64 Mbit)
[16:28:50] I (233) octal_psram: good-die     : 0x01 (Pass)
[16:28:50] I (237) octal_psram: Latency      : 0x01 (Fixed)
[16:28:50] I (241) octal_psram: VCC          : 0x01 (3V)
[16:28:50] I (245) octal_psram: SRF          : 0x01 (Fast Refresh)
[16:28:50] I (250) octal_psram: BurstType    : 0x01 (Hybrid Wrap)
[16:28:50] I (255) octal_psram: BurstLen     : 0x01 (32 Byte)
[16:28:50] I (260) octal_psram: Readlatency  : 0x02 (10 cycles@Fixed)
[16:28:50] I (265) octal_psram: DriveStrength: 0x00 (1/1)
[16:28:50] I (269) MSPI Timing: Enter psram timing tuning
[16:28:50] I (274) esp_psram: Found 8MB PSRAM device
[16:28:50] I (277) esp_psram: Speed: 80MHz
[16:28:50] I (280) cpu_start: Multicore app
[16:28:50] I (696) esp_psram: SPI SRAM memory test OK
[16:28:50] I (704) cpu_start: GPIO 44 and 43 are used as console UART I/O pins
[16:28:50] I (705) cpu_start: Pro cpu start user code
[16:28:50] I (705) cpu_start: cpu freq: 240000000 Hz
[16:28:50] I (706) app_init: Application information:
[16:28:50] I (710) app_init: Project name:     tinydraw_esp32
[16:28:50] I (715) app_init: App version:      f2f6da7-dirty
[16:28:50] I (719) app_init: Compile time:     Aug 16 2026 16:28:26
[16:28:50] I (724) app_init: ELF file SHA256:  59bf9cb8e...
[16:28:50] I (729) app_init: ESP-IDF:          v6.0.2
[16:28:50] I (732) efuse_init: Min chip rev:     v0.0
[16:28:50] I (736) efuse_init: Max chip rev:     v0.99 
[16:28:50] I (740) efuse_init: Chip rev:         v0.2
[16:28:50] I (744) heap_init: Initializing. RAM available for dynamic allocation:
[16:28:50] I (750) heap_init: At 3FC99090 len 00050680 (321 KiB): RAM
[16:28:50] I (755) heap_init: At 3FCE9710 len 00005724 (21 KiB): RAM
[16:28:50] I (761) heap_init: At 3FCF0000 len 00008000 (32 KiB): DRAM
[16:28:50] I (766) heap_init: At 600FE000 len 00001FE8 (7 KiB): RTCRAM
[16:28:50] I (771) esp_psram: Adding pool of 8192K of PSRAM memory to heap allocator
[16:28:50] I (778) spi_flash: detected chip: generic
[16:28:50] I (781) spi_flash: flash io: qio
[16:28:50] I (785) sleep_gpio: Configure to isolate all GPIO pins in sleep state
[16:28:50] I (791) sleep_gpio: Enable automatic switching of GPIO sleep configuration
[16:28:50] I (798) main_task: Started on CPU0
[16:28:50] I (801) main_task: Calling app_main()
[16:28:50] TINYDRAW_PRODUCER_SCRATCH supertask_internal=1 slot_directory_internal=0 free_internal=319136 free_psram=1866628
[16:28:50] TINYDRAW_PANEL_HARD_RESET=1
[16:28:50] TINYDRAW_PANEL_TRANSPORT requested_clock_mhz=50 effective_clock_mhz=40
[16:28:50] I (1007) co5300: version: 2.1.0
[16:28:50] I (1007) co5300_spi: LCD panel create success, version: 2.1.0
[16:28:50] W (1092) co5300_spi: The 3Ah command has been used and will be overwritten by external initialization sequence
[16:28:50] I (1193) CST816S: IC id: 183
[16:28:50] TINYDRAW_VECTOR_V2_PRESENTATION experiment=boundary-top-sweep te_edge=rising requested_clock_mhz=50 effective_clock_mhz=40 optical_acceptance=external_manual
[16:28:51] TINYDRAW_LIVE_PRESENT kind=startup zoom=25 x=0 y=0 compose_us=26491 scroll_us=0 exposed_compose_us=0 chrome_us=17632 chrome_prepare_us=12243 chrome_stage_us=5389 read_submit_us=0 read_complete_us=0 transfer_wait_us=21296 tile_pixels=0 uniform_pixels=0 overview_pixels=164864 fallback_pixels=0 resident_tiles=0 fallback_tiles=0 pushes=11 tear_wait_us=16443 tear_edge_isr_to_resume_us=9 tear_edge_observed=1 tear_edge_wait_resumed=1 tear_edge_timeout=0 tear_heal_attempted=0 tear_heal_command_sent=0 presentation_experiment=boundary-top-sweep te_edge=rising requested_clock_mhz=50 effective_clock_mhz=40 frame_reused=0 pass=1
[16:28:51] TINYDRAW_LIVE_STRESS operations=1000 samples=20000 total_us=735039 average_us=735 maximum_us=1062 free_psram=1865040 largest_psram=1835008
[16:28:51] TINYDRAW_LIVE_PRESENT kind=gate_fallback zoom=100 x=0 y=0 compose_us=16599 scroll_us=0 exposed_compose_us=0 chrome_us=11550 chrome_prepare_us=6786 chrome_stage_us=4764 read_submit_us=38592 read_complete_us=42038 transfer_wait_us=20411 tile_pixels=0 uniform_pixels=0 overview_pixels=0 fallback_pixels=164864 resident_tiles=0 fallback_tiles=42 pushes=11 tear_wait_us=15073 tear_edge_isr_to_resume_us=13 tear_edge_observed=1 tear_edge_wait_resumed=1 tear_edge_timeout=0 tear_heal_attempted=0 tear_heal_command_sent=0 presentation_experiment=boundary-top-sweep te_edge=rising requested_clock_mhz=50 effective_clock_mhz=40 frame_reused=0 pass=1
[16:28:52] TINYDRAW_GATE1_HARD zoom=100 cold=1 operations=1000 samples=20000 steps=196 tiles=42 scanned=12000 rendered=1585 max_supertask_us=7213 presentation_us=71045 total_us=286579 maximum_wall_us=500000 pass=1
[16:28:52] TINYDRAW_LIVE_PRESENT kind=gate_fallback zoom=400 x=0 y=0 compose_us=16037 scroll_us=0 exposed_compose_us=0 chrome_us=6794 chrome_prepare_us=2299 chrome_stage_us=4495 read_submit_us=25738 read_complete_us=29417 transfer_wait_us=21157 tile_pixels=0 uniform_pixels=0 overview_pixels=0 fallback_pixels=164864 resident_tiles=0 fallback_tiles=42 pushes=11 tear_wait_us=7276 tear_edge_isr_to_resume_us=16 tear_edge_observed=1 tear_edge_wait_resumed=1 tear_edge_timeout=0 tear_heal_attempted=0 tear_heal_command_sent=0 presentation_experiment=boundary-top-sweep te_edge=rising requested_clock_mhz=50 effective_clock_mhz=40 frame_reused=0 pass=1
[16:28:52] TINYDRAW_GATE1_HARD zoom=400 cold=1 operations=1000 samples=20000 steps=200 tiles=42 scanned=12000 rendered=122 max_supertask_us=5318 presentation_us=70234 total_us=187615 maximum_wall_us=500000 pass=1
[16:28:53] TINYDRAW_OVERLAP_WORKLOAD operations=8 samples=1200 radius_world=80
[16:28:53] TINYDRAW_GATE1_PACED_COLD corpus=overlap zoom=50 x=215 y=255 steps=604 tiles=56 compute_us=476690 present_us=89734 touch_us=978 pacing_us=17642 wall_us=585044 maximum_wall_us=500000 max_tick_us=10046 touch_samples=2805 touch_interval_max_us=1999 touch_read_max_us=597 touch_events=0 touch_down=0 touch_up=0 touch_events_ge_8ms=0 touch_event_age_max_us=0 touch_errors=0 touch_overflows=0 pass=0
[16:28:54] TINYDRAW_GATE1_PACED_COLD corpus=overlap zoom=100 x=583 y=703 steps=303 tiles=48 compute_us=266440 present_us=84971 touch_us=674 pacing_us=10884 wall_us=362969 maximum_wall_us=500000 max_tick_us=10648 touch_samples=431 touch_interval_max_us=1867 touch_read_max_us=473 touch_events=0 touch_down=0 touch_up=0 touch_events_ge_8ms=0 touch_event_age_max_us=0 touch_errors=0 touch_overflows=0 pass=1
[16:28:54] TINYDRAW_GATE1_PACED_COLD corpus=overlap zoom=200 x=1319 y=1599 steps=212 tiles=56 compute_us=243219 present_us=86417 touch_us=631 pacing_us=8706 wall_us=338973 maximum_wall_us=500000 max_tick_us=10440 touch_samples=411 touch_interval_max_us=1881 touch_read_max_us=510 touch_events=0 touch_down=0 touch_up=0 touch_events_ge_8ms=0 touch_event_age_max_us=0 touch_errors=0 touch_overflows=0 pass=1
[16:28:55] TINYDRAW_GATE1_PACED_COLD corpus=overlap zoom=400 x=2791 y=3391 steps=137 tiles=56 compute_us=210058 present_us=82889 touch_us=587 pacing_us=8441 wall_us=301975 maximum_wall_us=500000 max_tick_us=9745 touch_samples=382 touch_interval_max_us=1900 touch_read_max_us=504 touch_events=0 touch_down=0 touch_up=0 touch_events_ge_8ms=0 touch_event_age_max_us=0 touch_errors=0 touch_overflows=0 pass=1
[16:28:55] TINYDRAW_ADVERSARIAL_TAPERED_WORKLOAD operations=128 samples=4096 erasers=12 load_us=217257 appended=1
[16:28:56] TINYDRAW_GENERAL_COLD_WORKLOAD operations=910 samples=12157 hairline_operations=782 hairline_samples=8061 hairline_load_us=1112856 appended=1
[16:28:56] TINYDRAW_GATE1_PACED_COLD corpus=adversarial_tapered_4x+evil_hairlines zoom=50 x=0 y=0 steps=396 tiles=42 compute_us=414499 present_us=72314 touch_us=817 pacing_us=13329 wall_us=500959 maximum_wall_us=500000 max_tick_us=8539 touch_samples=1666 touch_interval_max_us=2055 touch_read_max_us=541 touch_events=0 touch_down=0 touch_up=0 touch_events_ge_8ms=0 touch_event_age_max_us=0 touch_errors=0 touch_overflows=0 pass=0
[16:28:57] TINYDRAW_GATE1_PACED_COLD corpus=adversarial_tapered_4x+evil_hairlines zoom=100 x=0 y=0 steps=702 tiles=42 compute_us=450588 present_us=71747 touch_us=880 pacing_us=14929 wall_us=538144 maximum_wall_us=500000 max_tick_us=8507 touch_samples=606 touch_interval_max_us=1892 touch_read_max_us=483 touch_events=0 touch_down=0 touch_up=0 touch_events_ge_8ms=0 touch_event_age_max_us=0 touch_errors=0 touch_overflows=0 pass=0
[16:28:58] TINYDRAW_GATE1_PACED_COLD corpus=adversarial_tapered_4x+evil_hairlines zoom=200 x=0 y=0 steps=1140 tiles=42 compute_us=582831 present_us=68475 touch_us=1038 pacing_us=20168 wall_us=672512 maximum_wall_us=500000 max_tick_us=8436 touch_samples=755 touch_interval_max_us=1148 touch_read_max_us=451 touch_events=0 touch_down=0 touch_up=0 touch_events_ge_8ms=0 touch_event_age_max_us=0 touch_errors=0 touch_overflows=0 pass=0
[16:28:59] TINYDRAW_GATE1_PACED_COLD corpus=adversarial_tapered_4x+evil_hairlines zoom=400 x=0 y=0 steps=1123 tiles=42 compute_us=569517 present_us=68093 touch_us=1046 pacing_us=22510 wall_us=661166 maximum_wall_us=500000 max_tick_us=8743 touch_samples=729 touch_interval_max_us=1152 touch_read_max_us=454 touch_events=0 touch_down=0 touch_up=0 touch_events_ge_8ms=0 touch_event_age_max_us=0 touch_errors=0 touch_overflows=0 pass=0
[16:28:59] TINYDRAW_GATE1_WORKLOAD kind=realistic seed=7 operations=1000 samples=19844 maximum_stroke=198 load_us=541200 raw_source=1 lod_copies=0
[16:29:00] TINYDRAW_GATE1_PACED_COLD corpus=seed7 zoom=400 x=63 y=63 steps=325 tiles=56 compute_us=241752 present_us=88799 touch_us=640 pacing_us=6781 wall_us=337972 maximum_wall_us=500000 max_tick_us=10336 touch_samples=1011 touch_interval_max_us=2022 touch_read_max_us=531 touch_events=0 touch_down=0 touch_up=0 touch_events_ge_8ms=0 touch_event_age_max_us=0 touch_errors=0 touch_overflows=0 pass=1
[16:29:00] TINYDRAW_LIVE_PRESENT kind=gate_fallback zoom=100 x=0 y=0 compose_us=17083 scroll_us=0 exposed_compose_us=0 chrome_us=7011 chrome_prepare_us=2303 chrome_stage_us=4708 read_submit_us=21493 read_complete_us=25183 transfer_wait_us=21444 tile_pixels=0 uniform_pixels=0 overview_pixels=0 fallback_pixels=164864 resident_tiles=0 fallback_tiles=42 pushes=11 tear_wait_us=1954 tear_edge_isr_to_resume_us=16 tear_edge_observed=1 tear_edge_wait_resumed=1 tear_edge_timeout=0 tear_heal_attempted=0 tear_heal_command_sent=0 presentation_experiment=boundary-top-sweep te_edge=rising requested_clock_mhz=50 effective_clock_mhz=40 frame_reused=0 pass=1
[16:29:00] TINYDRAW_GATE1_HARD zoom=100 cold=1 operations=1000 samples=19844 steps=386 tiles=42 scanned=12000 rendered=4945 max_supertask_us=5980 presentation_us=72442 total_us=418809 maximum_wall_us=500000 pass=1
[16:29:00] TINYDRAW_GATE1_OVERLAY_CANVAS regions=zoom,minimap,toolbar,battery operations=4 presentation_mutations=0 authority=1 pass=1
[16:29:01] TINYDRAW_GATE1_LIVE_OVERLAY clear_updates=48 clear_wall_max_us=3946 clear_submit_max_us=2131 clear_complete_max_us=3069 overlay_updates=48 overlay_wall_max_us=3922 overlay_submit_max_us=2063 overlay_complete_max_us=3187 overlay_chrome_max_us=236 clear_failures=0 overlay_failures=0 pass=1
[16:29:01] TINYDRAW_EDGE_INK corners=4 edge_failures=0 pass=1
[16:29:01] TINYDRAW_GATE1_PAN zoom=100 from_x=0 from_y=0 to_x=88 to_y=88 compose_us=16530 scroll_us=10 exposed_compose_us=16520 chrome_us=2555 event_submit_us=30014 event_complete_us=33335 transfer_us=15991 setup=1 present=1 moved=1 frame_reused=1 pass=1
[16:29:01] TINYDRAW_LIVE_PRESENT kind=gate_fallback zoom=400 x=0 y=0 compose_us=16102 scroll_us=0 exposed_compose_us=0 chrome_us=6726 chrome_prepare_us=2278 chrome_stage_us=4448 read_submit_us=23877 read_complete_us=27553 transfer_wait_us=20545 tile_pixels=0 uniform_pixels=0 overview_pixels=0 fallback_pixels=164864 resident_tiles=0 fallback_tiles=42 pushes=11 tear_wait_us=5363 tear_edge_isr_to_resume_us=17 tear_edge_observed=1 tear_edge_wait_resumed=1 tear_edge_timeout=0 tear_heal_attempted=0 tear_heal_command_sent=0 presentation_experiment=boundary-top-sweep te_edge=rising requested_clock_mhz=50 effective_clock_mhz=40 frame_reused=0 pass=1
[16:29:02] TINYDRAW_GATE1_HARD zoom=400 cold=1 operations=1008 samples=19852 steps=248 tiles=42 scanned=12096 rendered=551 max_supertask_us=7122 presentation_us=72527 total_us=246729 maximum_wall_us=500000 pass=1
[16:29:02] TINYDRAW_GATE1_PAN zoom=400 from_x=0 from_y=0 to_x=88 to_y=88 compose_us=16504 scroll_us=10 exposed_compose_us=16494 chrome_us=2407 event_submit_us=29438 event_complete_us=32774 transfer_us=16564 setup=1 present=1 moved=1 frame_reused=1 pass=1
[16:29:06] TINYDRAW_PANSEQ_FRAME zoom=100 step=0 dx=24 dy=18 scroll_us=11 exposed_compose_us=5009 chrome_us=2595 tear_wait_us=7031 present_us=16796 prepare_us=11436 acquire_wait_us=30 ring_copy_us=8776 patch_us=2641 byte_swap_us=19 staging_us=3591 event_submit_us=12173 event_complete_us=15535 frame_us=28980 tear_edge_observed=1 frame_reused=1 pass=1
[16:29:06] TINYDRAW_PANSEQ_FRAME zoom=100 step=1 dx=24 dy=18 scroll_us=10 exposed_compose_us=5000 chrome_us=2542 tear_wait_us=11621 present_us=16174 prepare_us=11336 acquire_wait_us=27 ring_copy_us=8715 patch_us=2601 byte_swap_us=20 staging_us=3619 event_submit_us=16728 event_complete_us=20011 frame_us=32912 tear_edge_observed=1 frame_reused=1 pass=1
[16:29:06] TINYDRAW_PANSEQ_FRAME zoom=100 step=2 dx=24 dy=18 scroll_us=10 exposed_compose_us=4690 chrome_us=2556 tear_wait_us=12575 present_us=16557 prepare_us=11260 acquire_wait_us=22 ring_copy_us=8636 patch_us=2606 byte_swap_us=18 staging_us=3678 event_submit_us=17369 event_complete_us=20671 frame_us=33938 tear_edge_observed=1 frame_reused=1 pass=1
[16:29:06] TINYDRAW_PANSEQ_FRAME zoom=100 step=3 dx=24 dy=18 scroll_us=10 exposed_compose_us=5218 chrome_us=2575 tear_wait_us=11667 present_us=15933 prepare_us=11299 acquire_wait_us=26 ring_copy_us=8649 patch_us=2631 byte_swap_us=19 staging_us=3668 event_submit_us=16992 event_complete_us=20268 frame_us=32938 tear_edge_observed=1 frame_reused=1 pass=1
[16:29:06] TINYDRAW_PANSEQ_FRAME zoom=100 step=4 dx=24 dy=18 scroll_us=10 exposed_compose_us=4755 chrome_us=2549 tear_wait_us=12741 present_us=16321 prepare_us=11368 acquire_wait_us=25 ring_copy_us=8751 patch_us=2597 byte_swap_us=20 staging_us=3569 event_submit_us=17602 event_complete_us=20892 frame_us=33935 tear_edge_observed=1 frame_reused=1 pass=1
[16:29:06] TINYDRAW_PANSEQ_FRAME zoom=100 step=5 dx=24 dy=18 scroll_us=10 exposed_compose_us=5057 chrome_us=2581 tear_wait_us=12061 present_us=16703 prepare_us=11377 acquire_wait_us=24 ring_copy_us=8720 patch_us=2638 byte_swap_us=19 staging_us=3632 event_submit_us=17221 event_complete_us=20553 frame_us=33935 tear_edge_observed=1 frame_reused=1 pass=1
[16:29:06] TINYDRAW_PANSEQ_FRAME zoom=100 step=6 dx=24 dy=18 scroll_us=10 exposed_compose_us=4665 chrome_us=2567 tear_wait_us=12086 present_us=16074 prepare_us=11399 acquire_wait_us=24 ring_copy_us=8747 patch_us=2632 byte_swap_us=20 staging_us=3576 event_submit_us=16844 event_complete_us=20157 frame_us=32932 tear_edge_observed=1 frame_reused=1 pass=1
[16:29:06] TINYDRAW_PANSEQ_FRAME zoom=100 step=7 dx=24 dy=18 scroll_us=11 exposed_compose_us=5130 chrome_us=2629 tear_wait_us=12226 present_us=16460 prepare_us=11324 acquire_wait_us=30 ring_copy_us=8635 patch_us=2671 byte_swap_us=18 staging_us=3635 event_submit_us=17472 event_complete_us=20757 frame_us=33933 tear_edge_observed=1 frame_reused=1 pass=1
[16:29:06] TINYDRAW_PANSEQ_FRAME zoom=100 step=8 dx=24 dy=18 scroll_us=10 exposed_compose_us=5073 chrome_us=2541 tear_wait_us=11889 present_us=16859 prepare_us=11305 acquire_wait_us=24 ring_copy_us=8698 patch_us=2588 byte_swap_us=19 staging_us=3680 event_submit_us=17068 event_complete_us=20378 frame_us=33940 tear_edge_observed=1 frame_reused=1 pass=1
[16:29:06] TINYDRAW_PANSEQ_FRAME zoom=100 step=9 dx=24 dy=18 scroll_us=10 exposed_compose_us=5076 chrome_us=2535 tear_wait_us=11507 present_us=16234 prepare_us=11322 acquire_wait_us=24 ring_copy_us=8703 patch_us=2592 byte_swap_us=27 staging_us=3640 event_submit_us=16699 event_complete_us=19974 frame_us=32934 tear_edge_observed=1 frame_reused=1 pass=1
[16:29:06] TINYDRAW_PANSEQ_FRAME zoom=100 step=10 dx=24 dy=18 scroll_us=10 exposed_compose_us=4742 chrome_us=2560 tear_wait_us=12446 present_us=16634 prepare_us=11358 acquire_wait_us=29 ring_copy_us=8723 patch_us=2616 byte_swap_us=19 staging_us=3611 event_submit_us=17292 event_complete_us=20584 frame_us=33938 tear_edge_observed=1 frame_reused=1 pass=1
[16:29:06] TINYDRAW_PANSEQ_FRAME zoom=100 step=11 dx=24 dy=18 scroll_us=10 exposed_compose_us=5505 chrome_us=2581 tear_wait_us=11298 present_us=16015 prepare_us=11389 acquire_wait_us=26 ring_copy_us=8729 patch_us=2642 byte_swap_us=18 staging_us=3593 event_submit_us=16917 event_complete_us=20221 frame_us=32938 tear_edge_observed=1 frame_reused=1 pass=1
[16:29:06] TINYDRAW_PANSEQ_FRAME zoom=100 step=12 dx=24 dy=18 scroll_us=10 exposed_compose_us=4872 chrome_us=2583 tear_wait_us=12543 present_us=16406 prepare_us=11377 acquire_wait_us=28 ring_copy_us=8723 patch_us=2635 byte_swap_us=19 staging_us=3586 event_submit_us=17518 event_complete_us=20815 frame_us=33936 tear_edge_observed=1 frame_reused=1 pass=1
[16:29:06] TINYDRAW_PANSEQ_FRAME zoom=100 step=13 dx=24 dy=18 scroll_us=10 exposed_compose_us=5087 chrome_us=2588 tear_wait_us=11929 present_us=16806 prepare_us=11318 acquire_wait_us=24 ring_copy_us=8660 patch_us=2639 byte_swap_us=19 staging_us=3687 event_submit_us=17122 event_complete_us=20451 frame_us=33938 tear_edge_observed=1 frame_reused=1 pass=1
[16:29:06] TINYDRAW_PANSEQ_FRAME zoom=100 step=14 dx=24 dy=18 scroll_us=10 exposed_compose_us=4908 chrome_us=2559 tear_wait_us=11703 present_us=16203 prepare_us=11364 acquire_wait_us=25 ring_copy_us=8736 patch_us=2608 byte_swap_us=20 staging_us=3602 event_submit_us=16720 event_complete_us=20012 frame_us=32937 tear_edge_observed=1 frame_reused=1 pass=1
[16:29:06] TINYDRAW_PANSEQ_FRAME zoom=100 step=15 dx=24 dy=18 scroll_us=10 exposed_compose_us=5220 chrome_us=2566 tear_wait_us=11977 present_us=16617 prepare_us=11296 acquire_wait_us=27 ring_copy_us=8657 patch_us=2620 byte_swap_us=19 staging_us=3651 event_submit_us=17305 event_complete_us=20577 frame_us=33934 tear_edge_observed=1 frame_reused=1 pass=1
[16:29:07] TINYDRAW_PANSEQ_FRAME zoom=100 step=16 dx=72 dy=54 scroll_us=10 exposed_compose_us=13332 chrome_us=2601 tear_wait_us=3471 present_us=16003 prepare_us=11424 acquire_wait_us=23 ring_copy_us=8770 patch_us=2634 byte_swap_us=20 staging_us=3529 event_submit_us=16924 event_complete_us=20210 frame_us=32940 tear_edge_observed=1 frame_reused=1 pass=1
[16:29:07] TINYDRAW_PANSEQ_FRAME zoom=100 step=17 dx=72 dy=54 scroll_us=10 exposed_compose_us=13248 chrome_us=2592 tear_wait_us=4169 present_us=16404 prepare_us=11319 acquire_wait_us=27 ring_copy_us=8648 patch_us=2652 byte_swap_us=19 staging_us=3614 event_submit_us=17520 event_complete_us=20794 frame_us=33934 tear_edge_observed=1 frame_reused=1 pass=1
[16:29:07] TINYDRAW_PANSEQ_FRAME zoom=100 step=18 dx=72 dy=54 scroll_us=10 exposed_compose_us=12492 chrome_us=2571 tear_wait_us=4521 present_us=16816 prepare_us=11319 acquire_wait_us=23 ring_copy_us=8674 patch_us=2625 byte_swap_us=20 staging_us=3648 event_submit_us=17120 event_complete_us=20432 frame_us=33949 tear_edge_observed=1 frame_reused=1 pass=1
[16:29:07] TINYDRAW_PANSEQ_FRAME zoom=100 step=19 dx=72 dy=54 scroll_us=10 exposed_compose_us=12712 chrome_us=2524 tear_wait_us=3897 present_us=16198 prepare_us=11305 acquire_wait_us=26 ring_copy_us=8702 patch_us=2573 byte_swap_us=30 staging_us=3634 event_submit_us=16719 event_complete_us=19976 frame_us=32925 tear_edge_observed=1 frame_reused=1 pass=1
[16:29:07] TINYDRAW_PANSEQ_FRAME zoom=100 step=20 dx=-72 dy=-54 scroll_us=10 exposed_compose_us=13502 chrome_us=2553 tear_wait_us=3716 present_us=16603 prepare_us=11325 acquire_wait_us=25 ring_copy_us=8695 patch_us=2612 byte_swap_us=18 staging_us=3624 event_submit_us=17323 event_complete_us=20602 frame_us=33937 tear_edge_observed=1 frame_reused=1 pass=1
[16:29:07] TINYDRAW_PANSEQ_FRAME zoom=100 step=21 dx=-72 dy=-54 scroll_us=10 exposed_compose_us=13295 chrome_us=2581 tear_wait_us=3508 present_us=16012 prepare_us=11364 acquire_wait_us=25 ring_copy_us=8708 patch_us=2639 byte_swap_us=17 staging_us=3580 event_submit_us=16921 event_complete_us=20201 frame_us=32938 tear_edge_observed=1 frame_reused=1 pass=1
[16:29:07] TINYDRAW_PANSEQ_FRAME zoom=100 step=22 dx=-72 dy=-54 scroll_us=10 exposed_compose_us=13317 chrome_us=2594 tear_wait_us=4084 present_us=16411 prepare_us=11376 acquire_wait_us=27 ring_copy_us=8716 patch_us=2641 byte_swap_us=19 staging_us=3564 event_submit_us=17511 event_complete_us=20796 frame_us=33935 tear_edge_observed=1 frame_reused=1 pass=1
[16:29:07] TINYDRAW_PANSEQ_FRAME zoom=100 step=23 dx=-72 dy=-54 scroll_us=10 exposed_compose_us=12847 chrome_us=2599 tear_wait_us=4156 present_us=16810 prepare_us=11315 acquire_wait_us=31 ring_copy_us=8655 patch_us=2638 byte_swap_us=22 staging_us=3671 event_submit_us=17116 event_complete_us=20440 frame_us=33936 tear_edge_observed=1 frame_reused=1 pass=1
[16:29:07] TINYDRAW_PANSEQ_STRIP zoom=100 strip=0 panel_y=0 rows=44 samples=24 staging_mean_us=1441 staging_max_us=1511 wire_budget_us=1619 over_budget_us=0 pass=1
[16:29:07] TINYDRAW_PANSEQ_STRIP zoom=100 strip=1 panel_y=44 rows=44 samples=24 staging_mean_us=1297 staging_max_us=1338 wire_budget_us=1619 over_budget_us=0 pass=1
[16:29:07] TINYDRAW_PANSEQ_STRIP zoom=100 strip=2 panel_y=88 rows=44 samples=24 staging_mean_us=1251 staging_max_us=1272 wire_budget_us=1619 over_budget_us=0 pass=1
[16:29:07] TINYDRAW_PANSEQ_STRIP zoom=100 strip=3 panel_y=132 rows=44 samples=24 staging_mean_us=1247 staging_max_us=1273 wire_budget_us=1619 over_budget_us=0 pass=1
[16:29:07] TINYDRAW_PANSEQ_STRIP zoom=100 strip=4 panel_y=176 rows=44 samples=24 staging_mean_us=1249 staging_max_us=1269 wire_budget_us=1619 over_budget_us=0 pass=1
[16:29:07] TINYDRAW_PANSEQ_STRIP zoom=100 strip=5 panel_y=220 rows=44 samples=24 staging_mean_us=1273 staging_max_us=1298 wire_budget_us=1619 over_budget_us=0 pass=1
[16:29:07] TINYDRAW_PANSEQ_STRIP zoom=100 strip=6 panel_y=264 rows=44 samples=24 staging_mean_us=1464 staging_max_us=1503 wire_budget_us=1619 over_budget_us=0 pass=1
[16:29:07] TINYDRAW_PANSEQ_STRIP zoom=100 strip=7 panel_y=308 rows=44 samples=24 staging_mean_us=1451 staging_max_us=1487 wire_budget_us=1619 over_budget_us=0 pass=1
[16:29:07] TINYDRAW_PANSEQ_STRIP zoom=100 strip=8 panel_y=352 rows=20 samples=24 staging_mean_us=694 staging_max_us=735 wire_budget_us=736 over_budget_us=0 pass=1
[16:29:07] TINYDRAW_GATE1_PANSEQ zoom=100 frames=24 scroll_avg_us=10 exposed_avg_us=7698 chrome_avg_us=2571 tear_wait_avg_us=9117 present_avg_us=16418 prepare_avg_us=11344 acquire_wait_avg_us=25 ring_copy_avg_us=8701 patch_avg_us=2623 byte_swap_avg_us=19 staging_avg_us=3620 frame_avg_us=33353 frame_p50_us=33934 frame_p95_us=33940 frame_max_us=33949 complete_p50_us=20432 complete_p95_us=20815 complete_max_us=20892 tear_edge_failures=0 presentation_experiment=boundary-top-sweep te_edge=rising requested_clock_mhz=50 effective_clock_mhz=40 chrome_bottom_redraws=0 chrome_battery_redraws=0 chrome_zoom_redraws=0 chrome_minimap_base_redraws=0 strip_samples=216 staging_mean_us=1263 staging_max_us=1511 worst_strip=8 worst_strip_y=352 worst_wire_budget_us=736 worst_headroom_us=1 staging_invariant=1 pacing_pass=1 all_reused=1 pass=1
[16:29:10] TINYDRAW_PANSEQ_FRAME zoom=400 step=0 dx=24 dy=18 scroll_us=10 exposed_compose_us=4958 chrome_us=2398 tear_wait_us=7493 present_us=16391 prepare_us=11246 acquire_wait_us=33 ring_copy_us=8769 patch_us=2458 byte_swap_us=19 staging_us=3724 event_submit_us=12575 event_complete_us=15880 frame_us=28970 tear_edge_observed=1 frame_reused=1 pass=1
[16:29:10] TINYDRAW_PANSEQ_FRAME zoom=400 step=1 dx=24 dy=18 scroll_us=10 exposed_compose_us=4935 chrome_us=2397 tear_wait_us=12097 present_us=16770 prepare_us=11186 acquire_wait_us=25 ring_copy_us=8719 patch_us=2448 byte_swap_us=19 staging_us=3810 event_submit_us=17141 event_complete_us=20471 frame_us=33933 tear_edge_observed=1 frame_reused=1 pass=1
[16:29:10] TINYDRAW_PANSEQ_FRAME zoom=400 step=2 dx=24 dy=18 scroll_us=10 exposed_compose_us=4523 chrome_us=2361 tear_wait_us=12133 present_us=16150 prepare_us=11183 acquire_wait_us=26 ring_copy_us=8753 patch_us=2409 byte_swap_us=21 staging_us=3798 event_submit_us=16765 event_complete_us=20078 frame_us=32929 tear_edge_observed=1 frame_reused=1 pass=1
[16:29:10] TINYDRAW_PANSEQ_FRAME zoom=400 step=3 dx=24 dy=18 scroll_us=10 exposed_compose_us=4955 chrome_us=2434 tear_wait_us=12332 present_us=16529 prepare_us=11140 acquire_wait_us=25 ring_copy_us=8637 patch_us=2483 byte_swap_us=20 staging_us=3806 event_submit_us=17408 event_complete_us=20733 frame_us=33936 tear_edge_observed=1 frame_reused=1 pass=1
[16:29:10] TINYDRAW_PANSEQ_FRAME zoom=400 step=4 dx=24 dy=18 scroll_us=11 exposed_compose_us=4500 chrome_us=2345 tear_wait_us=12410 present_us=16907 prepare_us=11139 acquire_wait_us=25 ring_copy_us=8727 patch_us=2393 byte_swap_us=19 staging_us=3829 event_submit_us=17018 event_complete_us=20311 frame_us=33941 tear_edge_observed=1 frame_reused=1 pass=1
[16:29:10] TINYDRAW_PANSEQ_FRAME zoom=400 step=5 dx=24 dy=18 scroll_us=10 exposed_compose_us=4777 chrome_us=2359 tear_wait_us=11770 present_us=16266 prepare_us=11138 acquire_wait_us=24 ring_copy_us=8714 patch_us=2404 byte_swap_us=20 staging_us=3847 event_submit_us=16677 event_complete_us=19976 frame_us=32934 tear_edge_observed=1 frame_reused=1 pass=1
[16:29:10] TINYDRAW_PANSEQ_FRAME zoom=400 step=6 dx=24 dy=18 scroll_us=10 exposed_compose_us=4660 chrome_us=2379 tear_wait_us=12514 present_us=16640 prepare_us=11172 acquire_wait_us=28 ring_copy_us=8729 patch_us=2425 byte_swap_us=18 staging_us=3830 event_submit_us=17285 event_complete_us=20608 frame_us=33939 tear_edge_observed=1 frame_reused=1 pass=1
[16:29:10] TINYDRAW_PANSEQ_FRAME zoom=400 step=7 dx=24 dy=18 scroll_us=22 exposed_compose_us=5226 chrome_us=2396 tear_wait_us=11558 present_us=16022 prepare_us=11199 acquire_wait_us=26 ring_copy_us=8735 patch_us=2445 byte_swap_us=19 staging_us=3769 event_submit_us=16908 event_complete_us=20206 frame_us=32938 tear_edge_observed=1 frame_reused=1 pass=1
[16:29:10] TINYDRAW_PANSEQ_FRAME zoom=400 step=8 dx=24 dy=18 scroll_us=10 exposed_compose_us=5366 chrome_us=2419 tear_wait_us=12042 present_us=16390 prepare_us=11188 acquire_wait_us=25 ring_copy_us=8720 patch_us=2449 byte_swap_us=19 staging_us=3764 event_submit_us=17532 event_complete_us=20818 frame_us=33937 tear_edge_observed=1 frame_reused=1 pass=1
[16:29:10] TINYDRAW_PANSEQ_FRAME zoom=400 step=9 dx=24 dy=18 scroll_us=10 exposed_compose_us=5284 chrome_us=2377 tear_wait_us=11772 present_us=16763 prepare_us=11129 acquire_wait_us=24 ring_copy_us=8684 patch_us=2428 byte_swap_us=17 staging_us=3850 event_submit_us=17161 event_complete_us=20467 frame_us=33946 tear_edge_observed=1 frame_reused=1 pass=1
[16:29:10] TINYDRAW_PANSEQ_FRAME zoom=400 step=10 dx=24 dy=18 scroll_us=10 exposed_compose_us=4913 chrome_us=2361 tear_wait_us=11759 present_us=16137 prepare_us=11153 acquire_wait_us=25 ring_copy_us=8724 patch_us=2409 byte_swap_us=20 staging_us=3818 event_submit_us=16778 event_complete_us=20082 frame_us=32930 tear_edge_observed=1 frame_reused=1 pass=1
[16:29:10] TINYDRAW_PANSEQ_FRAME zoom=400 step=11 dx=24 dy=18 scroll_us=10 exposed_compose_us=5816 chrome_us=2444 tear_wait_us=11477 present_us=16517 prepare_us=11146 acquire_wait_us=26 ring_copy_us=8642 patch_us=2485 byte_swap_us=19 staging_us=3824 event_submit_us=17428 event_complete_us=20747 frame_us=33935 tear_edge_observed=1 frame_reused=1 pass=1
[16:29:10] TINYDRAW_PANSEQ_FRAME zoom=400 step=12 dx=24 dy=18 scroll_us=10 exposed_compose_us=5123 chrome_us=2360 tear_wait_us=11793 present_us=16902 prepare_us=11134 acquire_wait_us=27 ring_copy_us=8697 patch_us=2416 byte_swap_us=21 staging_us=3859 event_submit_us=17024 event_complete_us=20345 frame_us=33941 tear_edge_observed=1 frame_reused=1 pass=1
[16:29:10] TINYDRAW_PANSEQ_FRAME zoom=400 step=13 dx=24 dy=18 scroll_us=10 exposed_compose_us=5345 chrome_us=2389 tear_wait_us=11181 present_us=16268 prepare_us=11151 acquire_wait_us=24 ring_copy_us=8710 patch_us=2419 byte_swap_us=22 staging_us=3823 event_submit_us=16680 event_complete_us=19977 frame_us=32935 tear_edge_observed=1 frame_reused=1 pass=1
[16:29:10] TINYDRAW_PANSEQ_FRAME zoom=400 step=14 dx=24 dy=18 scroll_us=10 exposed_compose_us=5199 chrome_us=2366 tear_wait_us=11973 present_us=16645 prepare_us=11163 acquire_wait_us=28 ring_copy_us=8720 patch_us=2418 byte_swap_us=25 staging_us=3828 event_submit_us=17279 event_complete_us=20590 frame_us=33939 tear_edge_observed=1 frame_reused=1 pass=1
[16:29:10] TINYDRAW_PANSEQ_FRAME zoom=400 step=15 dx=24 dy=18 scroll_us=10 exposed_compose_us=5456 chrome_us=2398 tear_wait_us=11337 present_us=16013 prepare_us=11205 acquire_wait_us=26 ring_copy_us=8725 patch_us=2461 byte_swap_us=19 staging_us=3761 event_submit_us=16917 event_complete_us=20217 frame_us=32938 tear_edge_observed=1 frame_reused=1 pass=1
[16:29:10] TINYDRAW_PANSEQ_FRAME zoom=400 step=16 dx=72 dy=54 scroll_us=10 exposed_compose_us=14259 chrome_us=2410 tear_wait_us=3163 present_us=16392 prepare_us=11190 acquire_wait_us=25 ring_copy_us=8709 patch_us=2462 byte_swap_us=19 staging_us=3754 event_submit_us=17532 event_complete_us=20812 frame_us=33937 tear_edge_observed=1 frame_reused=1 pass=1
[16:29:10] TINYDRAW_PANSEQ_FRAME zoom=400 step=17 dx=72 dy=54 scroll_us=10 exposed_compose_us=13907 chrome_us=2405 tear_wait_us=3135 present_us=16774 prepare_us=11135 acquire_wait_us=25 ring_copy_us=8660 patch_us=2457 byte_swap_us=18 staging_us=3851 event_submit_us=17152 event_complete_us=20465 frame_us=33945 tear_edge_observed=1 frame_reused=1 pass=1
[16:29:10] TINYDRAW_PANSEQ_FRAME zoom=400 step=18 dx=72 dy=54 scroll_us=10 exposed_compose_us=13911 chrome_us=2320 tear_wait_us=2741 present_us=16160 prepare_us=11118 acquire_wait_us=27 ring_copy_us=8721 patch_us=2377 byte_swap_us=20 staging_us=3837 event_submit_us=16753 event_complete_us=20033 frame_us=32930 tear_edge_observed=1 frame_reused=1 pass=1
[16:29:10] TINYDRAW_PANSEQ_FRAME zoom=400 step=19 dx=72 dy=54 scroll_us=10 exposed_compose_us=14778 chrome_us=2401 tear_wait_us=2493 present_us=16542 prepare_us=11055 acquire_wait_us=24 ring_copy_us=8590 patch_us=2446 byte_swap_us=19 staging_us=3874 event_submit_us=17385 event_complete_us=20695 frame_us=33935 tear_edge_observed=1 frame_reused=1 pass=1
[16:29:10] TINYDRAW_PANSEQ_FRAME zoom=400 step=20 dx=-72 dy=-54 scroll_us=10 exposed_compose_us=14257 chrome_us=2371 tear_wait_us=2627 present_us=15942 prepare_us=11175 acquire_wait_us=22 ring_copy_us=8732 patch_us=2423 byte_swap_us=20 staging_us=3786 event_submit_us=16992 event_complete_us=20281 frame_us=32948 tear_edge_observed=1 frame_reused=1 pass=1
[16:29:10] TINYDRAW_PANSEQ_FRAME zoom=400 step=21 dx=-72 dy=-54 scroll_us=10 exposed_compose_us=13906 chrome_us=2410 tear_wait_us=3584 present_us=16315 prepare_us=11178 acquire_wait_us=25 ring_copy_us=8689 patch_us=2469 byte_swap_us=20 staging_us=3739 event_submit_us=17597 event_complete_us=20873 frame_us=33925 tear_edge_observed=1 frame_reused=1 pass=1
[16:29:10] TINYDRAW_PANSEQ_FRAME zoom=400 step=22 dx=-72 dy=-54 scroll_us=10 exposed_compose_us=13884 chrome_us=2390 tear_wait_us=3231 present_us=16701 prepare_us=11203 acquire_wait_us=24 ring_copy_us=8744 patch_us=2439 byte_swap_us=20 staging_us=3775 event_submit_us=17224 event_complete_us=20536 frame_us=33941 tear_edge_observed=1 frame_reused=1 pass=1
[16:29:10] TINYDRAW_PANSEQ_FRAME zoom=400 step=23 dx=-72 dy=-54 scroll_us=11 exposed_compose_us=12901 chrome_us=2391 tear_wait_us=3826 present_us=16080 prepare_us=11181 acquire_wait_us=23 ring_copy_us=8710 patch_us=2452 byte_swap_us=19 staging_us=3789 event_submit_us=16833 event_complete_us=20145 frame_us=32926 tear_edge_observed=1 frame_reused=1 pass=1
[16:29:10] TINYDRAW_PANSEQ_STRIP zoom=400 strip=0 panel_y=0 rows=44 samples=24 staging_mean_us=1446 staging_max_us=1482 wire_budget_us=1619 over_budget_us=0 pass=1
[16:29:10] TINYDRAW_PANSEQ_STRIP zoom=400 strip=1 panel_y=44 rows=44 samples=24 staging_mean_us=1295 staging_max_us=1328 wire_budget_us=1619 over_budget_us=0 pass=1
[16:29:10] TINYDRAW_PANSEQ_STRIP zoom=400 strip=2 panel_y=88 rows=44 samples=24 staging_mean_us=1250 staging_max_us=1275 wire_budget_us=1619 over_budget_us=0 pass=1
[16:29:10] TINYDRAW_PANSEQ_STRIP zoom=400 strip=3 panel_y=132 rows=44 samples=24 staging_mean_us=1246 staging_max_us=1274 wire_budget_us=1619 over_budget_us=0 pass=1
[16:29:10] TINYDRAW_PANSEQ_STRIP zoom=400 strip=4 panel_y=176 rows=44 samples=24 staging_mean_us=1248 staging_max_us=1269 wire_budget_us=1619 over_budget_us=0 pass=1
[16:29:10] TINYDRAW_PANSEQ_STRIP zoom=400 strip=5 panel_y=220 rows=44 samples=24 staging_mean_us=1230 staging_max_us=1258 wire_budget_us=1619 over_budget_us=0 pass=1
[16:29:10] TINYDRAW_PANSEQ_STRIP zoom=400 strip=6 panel_y=264 rows=44 samples=24 staging_mean_us=1410 staging_max_us=1449 wire_budget_us=1619 over_budget_us=0 pass=1
[16:29:10] TINYDRAW_PANSEQ_STRIP zoom=400 strip=7 panel_y=308 rows=44 samples=24 staging_mean_us=1405 staging_max_us=1447 wire_budget_us=1619 over_budget_us=0 pass=1
[16:29:10] TINYDRAW_PANSEQ_STRIP zoom=400 strip=8 panel_y=352 rows=20 samples=24 staging_mean_us=654 staging_max_us=689 wire_budget_us=736 over_budget_us=0 pass=1
[16:29:10] TINYDRAW_GATE1_PANSEQ zoom=400 frames=24 scroll_avg_us=10 exposed_avg_us=8034 chrome_avg_us=2386 tear_wait_avg_us=8768 present_avg_us=16425 prepare_avg_us=11162 acquire_wait_avg_us=25 ring_copy_avg_us=8706 patch_avg_us=2436 byte_swap_avg_us=19 staging_avg_us=3806 frame_avg_us=33354 frame_p50_us=33933 frame_p95_us=33945 frame_max_us=33946 complete_p50_us=20345 complete_p95_us=20818 complete_max_us=20873 tear_edge_failures=0 presentation_experiment=boundary-top-sweep te_edge=rising requested_clock_mhz=50 effective_clock_mhz=40 chrome_bottom_redraws=0 chrome_battery_redraws=0 chrome_zoom_redraws=0 chrome_minimap_base_redraws=0 strip_samples=216 staging_mean_us=1243 staging_max_us=1482 worst_strip=8 worst_strip_y=352 worst_wire_budget_us=736 worst_headroom_us=47 staging_invariant=1 pacing_pass=1 all_reused=1 pass=1
[16:29:11] TINYDRAW_GATE1_PAN_BOUNDARY zoom=100 slow_1px_trace=1 below_delta=94 below_reused=1 at_delta=96 at_reused=1 above_delta=98 above_fallback=1 pass=1
[16:29:11] TINYDRAW_GATE1_PAN_BOUNDARY zoom=400 slow_1px_trace=1 below_delta=94 below_reused=1 at_delta=96 at_reused=1 above_delta=98 above_fallback=1 pass=1
[16:29:11] TINYDRAW_GATE1_DRAW_FILL zoom=400 revision=2930 append_us=1036 poll_gap_us=95 event_submit_us=229 event_complete_us=2185 max_compute_slice_us=4917 max_display_slice_us=17014 fill_us=255925 revision_restarted=1 pass=1
[16:29:12] TINYDRAW_GATE1_CACHE_FILL zoom=50 x=63 y=63 published=56 total_us=710969 within_cold_gate=0 complete=1
[16:29:13] TINYDRAW_GATE1_CACHE_FILL zoom=100 x=63 y=63 published=56 total_us=568969 within_cold_gate=0 complete=1
[16:29:13] TINYDRAW_GATE1_CACHE_FILL zoom=200 x=63 y=63 published=56 total_us=416967 within_cold_gate=1 complete=1
[16:29:14] TINYDRAW_GATE1_CACHE_FILL zoom=400 x=63 y=63 published=56 total_us=353967 within_cold_gate=1 complete=1
[16:29:14] TINYDRAW_GATE1_CACHE_REVISIT zoom=50 remaining=0 tile_pixels=118128 fallback_pixels=0 compose_us=18067 complete_us=20789 hit=1
[16:29:14] TINYDRAW_GATE1_CACHE_REVISIT zoom=100 remaining=0 tile_pixels=164864 fallback_pixels=0 compose_us=19984 complete_us=21390 hit=1
[16:29:14] TINYDRAW_GATE1_CACHE_REVISIT zoom=200 remaining=0 tile_pixels=164864 fallback_pixels=0 compose_us=20995 complete_us=21013 hit=1
[16:29:14] TINYDRAW_GATE1_CACHE_REVISIT zoom=400 remaining=0 tile_pixels=164608 fallback_pixels=0 compose_us=22080 complete_us=20637 hit=1
[16:29:14] TINYDRAW_GATE1_CACHE_FILL zoom=400 x=575 y=575 published=56 total_us=388970 within_cold_gate=1 complete=1
[16:29:14] TINYDRAW_GATE1_CACHE_ROUND_TRIP zoom=50 from_x=63 from_y=63 via_x=575 via_y=575 remaining=0 tile_pixels=118128 fallback_pixels=0 compose_us=18131 complete_us=21518 hit=1
[16:29:14] TINYDRAW_GATE1_CACHE_ROUND_TRIP zoom=100 from_x=63 from_y=63 via_x=575 via_y=575 remaining=0 tile_pixels=164864 fallback_pixels=0 compose_us=20076 complete_us=21097 hit=1
[16:29:14] TINYDRAW_GATE1_CACHE_ROUND_TRIP zoom=200 from_x=63 from_y=63 via_x=575 via_y=575 remaining=0 tile_pixels=164864 fallback_pixels=0 compose_us=21020 complete_us=20692 hit=1
[16:29:15] TINYDRAW_GATE1_CACHE_ROUND_TRIP zoom=400 from_x=63 from_y=63 via_x=575 via_y=575 remaining=0 tile_pixels=164608 fallback_pixels=0 compose_us=22026 complete_us=21279 hit=1
[16:29:15] TINYDRAW_GATE1_CACHE_RETENTION pass=1 slots=448 revision=2930
[16:29:16] TINYDRAW_PAPER_SWEEP zoom=100 identities=644 raw=266 uniform=378 fallback=0 slots=448 total_us=1544465 pass=1
[16:29:16] TINYDRAW_RERENDER_LEDGER_RESET site=cache_tour_start
[16:29:20] TINYDRAW_GATE1_CACHE_TOUR slots=448 stops=16 forward_steps=2595 forward_tiles=832 forward_wall_us=2181642 return_missing_tiles=0 return_steps=16 return_tiles=0 return_wall_us=42814 home_missing=0 home_fallback_pixels=0 pass=1
[16:29:20] TINYDRAW_RERENDER_LEDGER site=cache_tour renders=137 unique=137 amplification=1.000 cold=137 damage=0 evict=0 stale=0 unexplained=0
[16:29:21] TINYDRAW_GATE1_MIXED_DRAW_WARM zoom=50 fill_tiles=56 fill_us=624274 raw=42 uniform=14
[16:29:22] TINYDRAW_GATE1_MIXED_DRAW_WARM zoom=100 fill_tiles=56 fill_us=479259 raw=56 uniform=0
[16:29:22] TINYDRAW_GATE1_MIXED_DRAW_WARM zoom=200 fill_tiles=56 fill_us=390737 raw=56 uniform=0
[16:29:23] TINYDRAW_GATE1_MIXED_DRAW_WARM zoom=400 fill_tiles=42 fill_us=247764 raw=42 uniform=0
[16:29:24] TINYDRAW_GATE1_MIXED_DRAW zoom=25 tool=pen chunks=50 append_max_us=13348 append_avg_us=11946 append_total_us=597330 affected_tiles=196 published=0 fallback=196 visible_fallback=0 ph_prepare_max_us=147 ph_overview_max_us=9130 ph_enumerate_max_us=543 ph_uniform_max_us=93 ph_raw_max_us=13 ph_commit_max_us=3584 committed=1 authority=1 refresh=1 run_ok=1 pass=1
[16:29:25] TINYDRAW_GATE1_MIXED_DRAW zoom=25 tool=eraser chunks=50 append_max_us=13373 append_avg_us=11884 append_total_us=594224 affected_tiles=0 published=0 fallback=0 visible_fallback=0 ph_prepare_max_us=150 ph_overview_max_us=9188 ph_enumerate_max_us=456 ph_uniform_max_us=11 ph_raw_max_us=11 ph_commit_max_us=3642 committed=1 authority=1 refresh=1 run_ok=1 pass=1
[16:29:27] TINYDRAW_GATE1_MIXED_DRAW zoom=50 tool=pen chunks=50 append_max_us=19575 append_avg_us=16674 append_total_us=833716 affected_tiles=422 published=400 fallback=22 visible_fallback=0 ph_prepare_max_us=191 ph_overview_max_us=3832 ph_enumerate_max_us=517 ph_uniform_max_us=5392 ph_raw_max_us=12503 ph_commit_max_us=1779 committed=1 authority=1 refresh=1 run_ok=1 pass=0
[16:29:28] TINYDRAW_GATE1_MIXED_DRAW zoom=50 tool=eraser chunks=50 append_max_us=18338 append_avg_us=16396 append_total_us=819805 affected_tiles=405 published=405 fallback=0 visible_fallback=0 ph_prepare_max_us=173 ph_overview_max_us=3824 ph_enumerate_max_us=551 ph_uniform_max_us=30 ph_raw_max_us=12471 ph_commit_max_us=1552 committed=1 authority=1 refresh=1 run_ok=1 pass=0
[16:29:30] TINYDRAW_GATE1_MIXED_DRAW zoom=100 tool=pen chunks=50 append_max_us=16135 append_avg_us=14134 append_total_us=706709 affected_tiles=450 published=398 fallback=52 visible_fallback=0 ph_prepare_max_us=185 ph_overview_max_us=1933 ph_enumerate_max_us=558 ph_uniform_max_us=4425 ph_raw_max_us=12639 ph_commit_max_us=1030 committed=1 authority=1 refresh=1 run_ok=1 pass=0
[16:29:31] TINYDRAW_GATE1_MIXED_DRAW zoom=100 tool=eraser chunks=50 append_max_us=15598 append_avg_us=13894 append_total_us=694716 affected_tiles=399 published=399 fallback=0 visible_fallback=0 ph_prepare_max_us=173 ph_overview_max_us=1902 ph_enumerate_max_us=490 ph_uniform_max_us=30 ph_raw_max_us=12583 ph_commit_max_us=857 committed=1 authority=1 refresh=1 run_ok=1 pass=0
[16:29:33] TINYDRAW_GATE1_MIXED_DRAW zoom=200 tool=pen chunks=50 append_max_us=15587 append_avg_us=13108 append_total_us=655429 affected_tiles=425 published=389 fallback=36 visible_fallback=0 ph_prepare_max_us=172 ph_overview_max_us=1062 ph_enumerate_max_us=584 ph_uniform_max_us=4526 ph_raw_max_us=12761 ph_commit_max_us=806 committed=1 authority=1 refresh=1 run_ok=1 pass=0
[16:29:33] TINYDRAW_GATE1_MIXED_DRAW zoom=200 tool=eraser chunks=50 append_max_us=14721 append_avg_us=12820 append_total_us=641032 affected_tiles=388 published=388 fallback=0 visible_fallback=0 ph_prepare_max_us=166 ph_overview_max_us=1063 ph_enumerate_max_us=591 ph_uniform_max_us=30 ph_raw_max_us=12683 ph_commit_max_us=726 committed=1 authority=1 refresh=1 run_ok=1 pass=1
[16:29:35] TINYDRAW_GATE1_MIXED_DRAW zoom=400 tool=pen chunks=50 append_max_us=14745 append_avg_us=12051 append_total_us=602564 affected_tiles=359 published=334 fallback=25 visible_fallback=0 ph_prepare_max_us=177 ph_overview_max_us=725 ph_enumerate_max_us=605 ph_uniform_max_us=3388 ph_raw_max_us=12097 ph_commit_max_us=773 committed=1 authority=1 refresh=1 run_ok=1 pass=1
[16:29:36] TINYDRAW_GATE1_MIXED_DRAW zoom=400 tool=eraser chunks=50 append_max_us=13921 append_avg_us=11949 append_total_us=597488 affected_tiles=350 published=350 fallback=0 visible_fallback=0 ph_prepare_max_us=172 ph_overview_max_us=708 ph_enumerate_max_us=646 ph_uniform_max_us=37 ph_raw_max_us=12242 ph_commit_max_us=651 committed=1 authority=1 refresh=1 run_ok=1 pass=1
[16:29:36] TINYDRAW_GATE1_MIXED_DRAW_REVISIT zoom=50 missing=4 refill_tiles=4 refill_us=240504
[16:29:37] TINYDRAW_GATE1_MIXED_DRAW_REVISIT zoom=100 missing=9 refill_tiles=9 refill_us=390081
[16:29:37] TINYDRAW_GATE1_MIXED_DRAW_REVISIT zoom=200 missing=16 refill_tiles=16 refill_us=342350
[16:29:37] TINYDRAW_GATE1_MIXED_DRAW_REVISIT zoom=400 missing=0 refill_tiles=0 refill_us=972
[16:29:37] TINYDRAW_GATE1_MIXED_DRAW_SUMMARY slots=448 strokes=10 worst_append_us=19575 pass=0
[16:29:44] TINYDRAW_GATE1_IDLE_REPAIR damaged=588 remaining=0 plan_views=24 steps=5805 repair_us=4084572 worst_step_us=6491 warm_tiles=56 pass=1
[16:29:44] TINYDRAW_INKTRACE trace=fast-curve-dense-25 zoom=25 events=411 consumed=372 coalesced=39 down=1/1 up=1/1 max_time_gap_us=24526 max_space_gap_px=55.33 e2c_p50=503 e2c_p95=685 e2c_max=3029 e2g_p95=789 e2s_p95=2638 e2d_p50=2335 e2d_p95=3683 e2d_max=4624 latency_samples=33 presentation_failures=0 commit_failures=0 overflows=0 revision=3482 latency_pass=1 pass=1
[16:29:45] TINYDRAW_INKTRACE trace=fast-curve-400 zoom=400 events=414 consumed=379 coalesced=35 down=1/1 up=1/1 max_time_gap_us=9163 max_space_gap_px=65.51 e2c_p50=503 e2c_p95=684 e2c_max=1581 e2g_p95=779 e2s_p95=2660 e2d_p50=2478 e2d_p95=3971 e2d_max=3984 latency_samples=33 presentation_failures=0 commit_failures=0 overflows=0 revision=3484 latency_pass=1 pass=1
[16:29:47] TINYDRAW_INKTRACE trace=fast-curve-400-xl zoom=400 events=2296 consumed=1919 coalesced=377 down=1/1 up=1/1 max_time_gap_us=12780 max_space_gap_px=47.85 e2c_p50=503 e2c_p95=573 e2c_max=1793 e2g_p95=785 e2s_p95=2979 e2d_p50=3328 e2d_p95=4660 e2d_max=8268 latency_samples=172 presentation_failures=0 commit_failures=0 overflows=0 revision=3490 latency_pass=1 pass=1
[16:29:48] TINYDRAW_INKTRACE trace=slow-precise-100 zoom=100 events=741 consumed=707 coalesced=34 down=1/1 up=1/1 max_time_gap_us=8382 max_space_gap_px=13.45 e2c_p50=503 e2c_p95=976 e2c_max=1572 e2g_p95=780 e2s_p95=1785 e2d_p50=1950 e2d_p95=2283 e2d_max=2314 latency_samples=53 presentation_failures=0 commit_failures=0 overflows=0 revision=3492 latency_pass=1 pass=1
[16:29:51] TINYDRAW_INKTRACE trace=scribble-multistroke zoom=100 events=848 consumed=730 coalesced=118 down=7/7 up=7/7 max_time_gap_us=6078 max_space_gap_px=109.46 e2c_p50=503 e2c_p95=579 e2c_max=1581 e2g_p95=781 e2s_p95=3448 e2d_p50=3205 e2d_p95=5298 e2d_max=6338 latency_samples=55 presentation_failures=0 commit_failures=0 overflows=0 revision=3499 latency_pass=1 pass=1
[16:29:52] TINYDRAW_HAIRLINE_DOC ops=782 samples=8061 append_total_us=1054577 append_max_us=7274
[16:29:53] TINYDRAW_GATE1_PACED_COLD corpus=evil_hairlines_capacity zoom=100 x=552 y=672 steps=236 tiles=56 compute_us=256940 present_us=80517 touch_us=596 pacing_us=6918 wall_us=344971 maximum_wall_us=500000 max_tick_us=9878 touch_samples=52425 touch_interval_max_us=2121 touch_read_max_us=624 touch_events=0 touch_down=0 touch_up=0 touch_events_ge_8ms=0 touch_event_age_max_us=0 touch_errors=0 touch_overflows=0 pass=1
[16:29:53] TINYDRAW_GATE1_PACED_COLD corpus=evil_hairlines_capacity zoom=400 x=2760 y=3360 steps=209 tiles=48 compute_us=167175 present_us=79799 touch_us=523 pacing_us=6476 wall_us=253973 maximum_wall_us=500000 max_tick_us=9547 touch_samples=328 touch_interval_max_us=1859 touch_read_max_us=468 touch_events=0 touch_down=0 touch_up=0 touch_events_ge_8ms=0 touch_event_age_max_us=0 touch_errors=0 touch_overflows=0 pass=1
[16:29:56] TINYDRAW_HAIRLINE_REPAIR steps=2814 wall_us=2603504 worst_step_us=7704 resident=407/448 grid_stopped=1 pass2_steps=8 pass2_wall_us=11792 no_churn=1
[16:29:58] TINYDRAW_HAIRLINE_TOUR stops=8 total_us=1128569 worst_stop_us=235916 worst_step_us=7336
[16:29:58] TINYDRAW_GATE1_HAIRLINE raw=339 uniform=72 fallback=233 capacity=448 worst_step_us=7704 grid_stopped=1 pass=1
[16:30:00] TINYDRAW_GATE1_LONG_GESTURE path=reference samples=1600 chunks=26 append_total_us=973880 append_max_us=44582 append_avg_us=37456 refresh_fallback_pixels=0 settled_fallback_pixels=0 committed=1 authority=1 refresh=1 run_ok=1
[16:30:00] TINYDRAW_GATE1_LONG_GESTURE path=in_place samples=1600 chunks=52 append_total_us=606598 append_max_us=14140 append_avg_us=11665 refresh_fallback_pixels=0 settled_fallback_pixels=0 committed=1 authority=1 refresh=1 run_ok=1
[16:30:00] TINYDRAW_V2_EXPORT_PROGRESS row=0 of=1792
[16:30:01] TINYDRAW_V2_EXPORT_PROGRESS row=256 of=1792
[16:30:02] TINYDRAW_V2_EXPORT_PROGRESS row=512 of=1792
[16:30:03] TINYDRAW_V2_EXPORT_PROGRESS row=768 of=1792
[16:30:03] TINYDRAW_V2_EXPORT_PROGRESS row=1024 of=1792
[16:30:04] TINYDRAW_V2_EXPORT_PROGRESS row=1280 of=1792
[16:30:05] TINYDRAW_V2_EXPORT_PROGRESS row=1536 of=1792
[16:30:06] TINYDRAW_GATE1_EXPORT encoded=1 bytes=40166 elapsed_us=5940666 workspace_bytes=50652 band_bytes=376832 free_psram=1865040 free_internal=199124 signature=1 dimensions=1 chunks=3 chunks_ok=1 pass=1
[16:30:06] TINYDRAW_EXPORT_RESERVE requested=1572864 free_before=1865040 largest_before=1835008 free_held=292172 largest_held=286720 pass=1
[16:30:06] TINYDRAW_RERENDER_LEDGER site=final renders=0 unique=0 amplification=0.000 cold=0 damage=0 evict=0 stale=0 unexplained=0
[16:30:06] TINYDRAW_GATE1_AUTOMATED_DONE stress=1 stress_100=1 stress_400=1 overlap_ready=1 overlap_cold=0 general_cold_ready=1 general_cold=0 workload=1 paced_cold=1 hard_100=1 hard_400=1 pan_100=1 pan_400=1 pan_seq=1 pan_boundary=1 live_overlay=1 draw_fill=1 cache=1 full_world_cache=1 cache_tour=1 mixed_draw=0 idle_repair=1 ink_trace=1 hairline_capacity=1 long_gesture=1 export_encode=1 export_reserve=1 return=1 ssaa_receipt=yellow
[16:30:06] TINYDRAW_VECTOR_V2_GATE_HARNESS_DONE pass=0
[16:30:06] I (76741) main_task: Returned from app_main()
