[15:48:02] I (138) esp_image: segment 1: paddr=0003be24 vaddr=3fc94500 sizeESP-ROM:esp32s3-20210327
[15:48:02] Build:Mar 27 2021
[15:48:02] rst:0x15 (USB_UART_CHIP_RESET),boot:0x2b (SPI_FAST_FLASH_BOOT)
[15:48:02] Saved PC:0x4005706a
[15:48:02] SPIWP:0xee
[15:48:02] mode:DIO, clock div:1
[15:48:02] load:0x3fce2820,len:0x1664
[15:48:02] load:0x403c8700,len:0xf38
[15:48:02] load:0x403cb700,len:0x31e8
[15:48:02] entry 0x403c8930
[15:48:02] I (24) boot: ESP-IDF v6.0.2 2nd stage bootloader
[15:48:02] I (24) boot: compile time Aug 16 2026 15:47:40
[15:48:02] I (25) boot: Multicore bootloader
[15:48:02] I (25) boot: chip revision: v0.2
[15:48:02] I (28) boot: efuse block revision: v1.3
[15:48:02] I (31) qio_mode: Enabling default flash chip QIO
[15:48:02] I (36) boot.esp32s3: Boot SPI Speed : 80MHz
[15:48:02] I (39) boot.esp32s3: SPI Mode       : QIO
[15:48:02] I (43) boot.esp32s3: SPI Flash Size : 16MB
[15:48:02] I (47) boot: Enabling RNG early entropy source...
[15:48:02] I (51) boot: Partition Table:
[15:48:02] I (54) boot: ## Label            Usage          Type ST Offset   Length
[15:48:02] I (60) boot:  0 nvs              WiFi data        01 02 00009000 00006000
[15:48:02] I (67) boot:  1 phy_init         RF data          01 01 0000f000 00001000
[15:48:02] I (73) boot:  2 factory          factory app      00 00 00010000 00100000
[15:48:02] I (80) boot:  3 drawing          Unknown data     01 40 00110000 00300000
[15:48:02] I (86) boot:  4 export           Unknown data     01 41 00410000 00500000
[15:48:02] I (93) boot:  5 coredump         Unknown data     01 03 00910000 00010000
[15:48:02] I (100) boot: End of partition table
[15:48:02] I (103) esp_image: segment 0: paddr=00010020 vaddr=3c050020 size=2bdfch (179708) map
[15:48:02] I (138) esp_image: segment 1: paddr=0003be24 vaddr=3fc94500 size=03764h ( 14180) load
[15:48:02] I (141) esp_image: segment 2: paddr=0003f590 vaddr=40374000 size=00a88h (  2696) load
[15:48:02] I (143) esp_image: segment 3: paddr=00040020 vaddr=42000020 size=4ea10h (322064) map
[15:48:02] I (199) esp_image: segment 4: paddr=0008ea38 vaddr=40374a88 size=0fa38h ( 64056) load
[15:48:02] I (213) esp_image: segment 5: paddr=0009e478 vaddr=50000000 size=00024h (    36) load
[15:48:02] I (220) boot: Loaded app from partition at offset 0x10000
[15:48:02] I (220) boot: Disabling RNG early entropy source...
[15:48:02] I (230) octal_psram: vendor id    : 0x0d (AP)
[15:48:02] I (230) octal_psram: dev id       : 0x02 (generation 3)
[15:48:02] I (231) octal_psram: density      : 0x03 (64 Mbit)
[15:48:02] I (233) octal_psram: good-die     : 0x01 (Pass)
[15:48:02] I (237) octal_psram: Latency      : 0x01 (Fixed)
[15:48:02] I (241) octal_psram: VCC          : 0x01 (3V)
[15:48:02] I (245) octal_psram: SRF          : 0x01 (Fast Refresh)
[15:48:02] I (250) octal_psram: BurstType    : 0x01 (Hybrid Wrap)
[15:48:02] I (255) octal_psram: BurstLen     : 0x01 (32 Byte)
[15:48:02] I (260) octal_psram: Readlatency  : 0x02 (10 cycles@Fixed)
[15:48:02] I (265) octal_psram: DriveStrength: 0x00 (1/1)
[15:48:02] I (269) MSPI Timing: Enter psram timing tuning
[15:48:02] I (274) esp_psram: Found 8MB PSRAM device
[15:48:02] I (277) esp_psram: Speed: 80MHz
[15:48:02] I (280) cpu_start: Multicore app
[15:48:02] I (696) esp_psram: SPI SRAM memory test OK
[15:48:02] I (704) cpu_start: GPIO 44 and 43 are used as console UART I/O pins
[15:48:02] I (705) cpu_start: Pro cpu start user code
[15:48:02] I (705) cpu_start: cpu freq: 240000000 Hz
[15:48:03] I (706) app_init: Application information:
[15:48:03] I (710) app_init: Project name:     tinydraw_esp32
[15:48:03] I (715) app_init: App version:      e76b98e-dirty
[15:48:03] I (719) app_init: Compile time:     Aug 16 2026 15:47:31
[15:48:03] I (724) app_init: ELF file SHA256:  2febd8f5f...
[15:48:03] I (728) app_init: ESP-IDF:          v6.0.2
[15:48:03] I (732) efuse_init: Min chip rev:     v0.0
[15:48:03] I (736) efuse_init: Max chip rev:     v0.99 
[15:48:03] I (740) efuse_init: Chip rev:         v0.2
[15:48:03] I (744) heap_init: Initializing. RAM available for dynamic allocation:
[15:48:03] I (750) heap_init: At 3FC99090 len 00050680 (321 KiB): RAM
[15:48:03] I (755) heap_init: At 3FCE9710 len 00005724 (21 KiB): RAM
[15:48:03] I (760) heap_init: At 3FCF0000 len 00008000 (32 KiB): DRAM
[15:48:03] I (766) heap_init: At 600FE000 len 00001FE8 (7 KiB): RTCRAM
[15:48:03] I (771) esp_psram: Adding pool of 8192K of PSRAM memory to heap allocator
[15:48:03] I (778) spi_flash: detected chip: generic
[15:48:03] I (781) spi_flash: flash io: qio
[15:48:03] I (784) sleep_gpio: Configure to isolate all GPIO pins in sleep state
[15:48:03] I (791) sleep_gpio: Enable automatic switching of GPIO sleep configuration
[15:48:03] I (797) main_task: Started on CPU0
[15:48:03] I (800) main_task: Calling app_main()
[15:48:03] TINYDRAW_PRODUCER_SCRATCH supertask_internal=1 free_internal=319136 free_psram=1894280
[15:48:03] TINYDRAW_PANEL_HARD_RESET=1
[15:48:03] TINYDRAW_PANEL_TRANSPORT requested_clock_mhz=50 effective_clock_mhz=40
[15:48:03] I (1004) co5300: version: 2.1.0
[15:48:03] I (1004) co5300_spi: LCD panel create success, version: 2.1.0
[15:48:03] W (1089) co5300_spi: The 3Ah command has been used and will be overwritten by external initialization sequence
[15:48:03] I (1190) CST816S: IC id: 183
[15:48:03] TINYDRAW_VECTOR_V2_PRESENTATION experiment=boundary-top-sweep te_edge=rising requested_clock_mhz=50 effective_clock_mhz=40 optical_acceptance=external_manual
[15:48:03] TINYDRAW_LIVE_PRESENT kind=startup zoom=25 x=0 y=0 compose_us=26316 scroll_us=0 exposed_compose_us=0 chrome_us=17353 chrome_prepare_us=12092 chrome_stage_us=5261 read_submit_us=0 read_complete_us=0 transfer_wait_us=21410 tile_pixels=0 uniform_pixels=0 overview_pixels=164864 fallback_pixels=0 resident_tiles=0 fallback_tiles=0 pushes=11 tear_wait_us=16642 tear_edge_isr_to_resume_us=9 tear_edge_observed=1 tear_edge_wait_resumed=1 tear_edge_timeout=0 tear_heal_attempted=0 tear_heal_command_sent=0 presentation_experiment=boundary-top-sweep te_edge=rising requested_clock_mhz=50 effective_clock_mhz=40 frame_reused=0 pass=1
[15:48:04] TINYDRAW_LIVE_STRESS operations=1000 samples=20000 total_us=730418 average_us=730 maximum_us=1045 free_psram=1892692 largest_psram=1867776
[15:48:04] TINYDRAW_LIVE_PRESENT kind=gate_fallback zoom=100 x=0 y=0 compose_us=16908 scroll_us=0 exposed_compose_us=0 chrome_us=11256 chrome_prepare_us=6764 chrome_stage_us=4492 read_submit_us=26459 read_complete_us=29932 transfer_wait_us=20277 tile_pixels=0 uniform_pixels=0 overview_pixels=0 fallback_pixels=164864 resident_tiles=0 fallback_tiles=42 pushes=11 tear_wait_us=2658 tear_edge_isr_to_resume_us=15 tear_edge_observed=1 tear_edge_wait_resumed=1 tear_edge_timeout=0 tear_heal_attempted=0 tear_heal_command_sent=0 presentation_experiment=boundary-top-sweep te_edge=rising requested_clock_mhz=50 effective_clock_mhz=40 frame_reused=0 pass=1
[15:48:04] TINYDRAW_GATE1_HARD zoom=100 cold=1 operations=1000 samples=20000 steps=196 tiles=42 scanned=12000 rendered=1585 max_supertask_us=7315 presentation_us=72984 total_us=293046 maximum_wall_us=500000 pass=1
[15:48:04] TINYDRAW_LIVE_PRESENT kind=gate_fallback zoom=400 x=0 y=0 compose_us=16159 scroll_us=0 exposed_compose_us=0 chrome_us=6622 chrome_prepare_us=2266 chrome_stage_us=4356 read_submit_us=19819 read_complete_us=23546 transfer_wait_us=20747 tile_pixels=0 uniform_pixels=0 overview_pixels=0 fallback_pixels=164864 resident_tiles=0 fallback_tiles=42 pushes=11 tear_wait_us=1269 tear_edge_isr_to_resume_us=15 tear_edge_observed=1 tear_edge_wait_resumed=1 tear_edge_timeout=0 tear_heal_attempted=0 tear_heal_command_sent=0 presentation_experiment=boundary-top-sweep te_edge=rising requested_clock_mhz=50 effective_clock_mhz=40 frame_reused=0 pass=1
[15:48:05] TINYDRAW_GATE1_HARD zoom=400 cold=1 operations=1000 samples=20000 steps=200 tiles=42 scanned=12000 rendered=122 max_supertask_us=5273 presentation_us=71175 total_us=188686 maximum_wall_us=500000 pass=1
[15:48:05] TINYDRAW_OVERLAP_WORKLOAD operations=8 samples=1200 radius_world=80
[15:48:06] TINYDRAW_GATE1_PACED_COLD corpus=overlap zoom=50 x=215 y=255 steps=604 tiles=56 compute_us=476680 present_us=90556 touch_us=832 pacing_us=16486 wall_us=584554 maximum_wall_us=500000 max_tick_us=10063 touch_samples=2725 touch_interval_max_us=2109 touch_read_max_us=591 touch_events=0 touch_down=0 touch_up=0 touch_events_ge_8ms=0 touch_event_age_max_us=0 touch_errors=0 touch_overflows=0 pass=0
[15:48:06] TINYDRAW_GATE1_PACED_COLD corpus=overlap zoom=100 x=583 y=703 steps=303 tiles=48 compute_us=265808 present_us=84919 touch_us=584 pacing_us=10663 wall_us=361974 maximum_wall_us=500000 max_tick_us=10594 touch_samples=432 touch_interval_max_us=1765 touch_read_max_us=542 touch_events=0 touch_down=0 touch_up=0 touch_events_ge_8ms=0 touch_event_age_max_us=0 touch_errors=0 touch_overflows=0 pass=1
[15:48:07] TINYDRAW_GATE1_PACED_COLD corpus=overlap zoom=200 x=1319 y=1599 steps=212 tiles=56 compute_us=243700 present_us=85477 touch_us=497 pacing_us=8301 wall_us=337975 maximum_wall_us=500000 max_tick_us=10510 touch_samples=411 touch_interval_max_us=1885 touch_read_max_us=496 touch_events=0 touch_down=0 touch_up=0 touch_events_ge_8ms=0 touch_event_age_max_us=0 touch_errors=0 touch_overflows=0 pass=1
[15:48:07] TINYDRAW_GATE1_PACED_COLD corpus=overlap zoom=400 x=2791 y=3391 steps=137 tiles=56 compute_us=210439 present_us=83961 touch_us=436 pacing_us=8139 wall_us=302975 maximum_wall_us=500000 max_tick_us=9781 touch_samples=384 touch_interval_max_us=1857 touch_read_max_us=489 touch_events=0 touch_down=0 touch_up=0 touch_events_ge_8ms=0 touch_event_age_max_us=0 touch_errors=0 touch_overflows=0 pass=1
[15:48:07] TINYDRAW_ADVERSARIAL_TAPERED_WORKLOAD operations=128 samples=4096 erasers=12 load_us=219539 appended=1
[15:48:08] TINYDRAW_GENERAL_COLD_WORKLOAD operations=910 samples=12157 hairline_operations=782 hairline_samples=8061 hairline_load_us=1114153 appended=1
[15:48:09] TINYDRAW_GATE1_PACED_COLD corpus=adversarial_tapered_4x+evil_hairlines zoom=50 x=0 y=0 steps=396 tiles=42 compute_us=421905 present_us=73490 touch_us=614 pacing_us=11940 wall_us=507949 maximum_wall_us=500000 max_tick_us=8674 touch_samples=1678 touch_interval_max_us=2070 touch_read_max_us=552 touch_events=0 touch_down=0 touch_up=0 touch_events_ge_8ms=0 touch_event_age_max_us=0 touch_errors=0 touch_overflows=0 pass=0
[15:48:10] TINYDRAW_GATE1_PACED_COLD corpus=adversarial_tapered_4x+evil_hairlines zoom=100 x=0 y=0 steps=702 tiles=42 compute_us=455411 present_us=71262 touch_us=728 pacing_us=13580 wall_us=540981 maximum_wall_us=500000 max_tick_us=8271 touch_samples=621 touch_interval_max_us=1481 touch_read_max_us=473 touch_events=0 touch_down=0 touch_up=0 touch_events_ge_8ms=0 touch_event_age_max_us=0 touch_errors=0 touch_overflows=0 pass=0
[15:48:10] TINYDRAW_GATE1_PACED_COLD corpus=adversarial_tapered_4x+evil_hairlines zoom=200 x=0 y=0 steps=1140 tiles=42 compute_us=586892 present_us=69257 touch_us=926 pacing_us=19674 wall_us=676749 maximum_wall_us=500000 max_tick_us=8698 touch_samples=756 touch_interval_max_us=1869 touch_read_max_us=481 touch_events=0 touch_down=0 touch_up=0 touch_events_ge_8ms=0 touch_event_age_max_us=0 touch_errors=0 touch_overflows=0 pass=0
[15:48:11] TINYDRAW_GATE1_PACED_COLD corpus=adversarial_tapered_4x+evil_hairlines zoom=400 x=0 y=0 steps=1123 tiles=42 compute_us=576711 present_us=68732 touch_us=940 pacing_us=18593 wall_us=664976 maximum_wall_us=500000 max_tick_us=8456 touch_samples=744 touch_interval_max_us=1179 touch_read_max_us=459 touch_events=0 touch_down=0 touch_up=0 touch_events_ge_8ms=0 touch_event_age_max_us=0 touch_errors=0 touch_overflows=0 pass=0
[15:48:12] TINYDRAW_GATE1_WORKLOAD kind=realistic seed=7 operations=1000 samples=19844 maximum_stroke=198 load_us=545630 raw_source=1 lod_copies=0
[15:48:12] TINYDRAW_GATE1_PACED_COLD corpus=seed7 zoom=400 x=63 y=63 steps=325 tiles=56 compute_us=243537 present_us=88805 touch_us=477 pacing_us=6157 wall_us=338976 maximum_wall_us=500000 max_tick_us=10346 touch_samples=1021 touch_interval_max_us=2022 touch_read_max_us=504 touch_events=0 touch_down=0 touch_up=0 touch_events_ge_8ms=0 touch_event_age_max_us=0 touch_errors=0 touch_overflows=0 pass=1
[15:48:12] TINYDRAW_LIVE_PRESENT kind=gate_fallback zoom=100 x=0 y=0 compose_us=17218 scroll_us=0 exposed_compose_us=0 chrome_us=6800 chrome_prepare_us=2305 chrome_stage_us=4495 read_submit_us=20745 read_complete_us=24423 transfer_wait_us=21187 tile_pixels=0 uniform_pixels=0 overview_pixels=0 fallback_pixels=164864 resident_tiles=0 fallback_tiles=42 pushes=11 tear_wait_us=1086 tear_edge_isr_to_resume_us=17 tear_edge_observed=1 tear_edge_wait_resumed=1 tear_edge_timeout=0 tear_heal_attempted=0 tear_heal_command_sent=0 presentation_experiment=boundary-top-sweep te_edge=rising requested_clock_mhz=50 effective_clock_mhz=40 frame_reused=0 pass=1
[15:48:13] TINYDRAW_GATE1_HARD zoom=100 cold=1 operations=1000 samples=19844 steps=386 tiles=42 scanned=12000 rendered=4945 max_supertask_us=6117 presentation_us=71549 total_us=429670 maximum_wall_us=500000 pass=1
[15:48:13] TINYDRAW_GATE1_OVERLAY_CANVAS regions=zoom,minimap,toolbar,battery operations=4 presentation_mutations=0 authority=1 pass=1
[15:48:13] TINYDRAW_GATE1_LIVE_OVERLAY clear_updates=48 clear_wall_max_us=3941 clear_submit_max_us=2147 clear_complete_max_us=3082 overlay_updates=48 overlay_wall_max_us=3921 overlay_submit_max_us=2089 overlay_complete_max_us=3206 overlay_chrome_max_us=235 clear_failures=0 overlay_failures=0 pass=1
[15:48:13] TINYDRAW_EDGE_INK corners=4 edge_failures=0 pass=1
[15:48:14] TINYDRAW_GATE1_PAN zoom=100 from_x=0 from_y=0 to_x=88 to_y=88 compose_us=16445 scroll_us=13 exposed_compose_us=16432 chrome_us=2432 event_submit_us=29953 event_complete_us=33285 transfer_us=16064 setup=1 present=1 moved=1 frame_reused=1 pass=1
[15:48:14] TINYDRAW_LIVE_PRESENT kind=gate_fallback zoom=400 x=0 y=0 compose_us=16457 scroll_us=0 exposed_compose_us=0 chrome_us=6569 chrome_prepare_us=2243 chrome_stage_us=4326 read_submit_us=23804 read_complete_us=27500 transfer_wait_us=20637 tile_pixels=0 uniform_pixels=0 overview_pixels=0 fallback_pixels=164864 resident_tiles=0 fallback_tiles=42 pushes=11 tear_wait_us=4971 tear_edge_isr_to_resume_us=16 tear_edge_observed=1 tear_edge_wait_resumed=1 tear_edge_timeout=0 tear_heal_attempted=0 tear_heal_command_sent=0 presentation_experiment=boundary-top-sweep te_edge=rising requested_clock_mhz=50 effective_clock_mhz=40 frame_reused=0 pass=1
[15:48:14] TINYDRAW_GATE1_HARD zoom=400 cold=1 operations=1008 samples=19852 steps=248 tiles=42 scanned=12096 rendered=551 max_supertask_us=7166 presentation_us=71470 total_us=247313 maximum_wall_us=500000 pass=1
[15:48:15] TINYDRAW_GATE1_PAN zoom=400 from_x=0 from_y=0 to_x=88 to_y=88 compose_us=16292 scroll_us=13 exposed_compose_us=16279 chrome_us=2255 event_submit_us=29968 event_complete_us=33282 transfer_us=16053 setup=1 present=1 moved=1 frame_reused=1 pass=1
[15:48:19] TINYDRAW_PANSEQ_FRAME zoom=100 step=0 dx=24 dy=18 scroll_us=13 exposed_compose_us=4962 chrome_us=2466 tear_wait_us=7376 present_us=16483 prepare_us=11118 acquire_wait_us=33 ring_copy_us=8640 patch_us=2466 byte_swap_us=12 staging_us=3863 event_submit_us=12511 event_complete_us=15829 frame_us=28963 tear_edge_observed=1 frame_reused=1 pass=1
[15:48:19] TINYDRAW_PANSEQ_FRAME zoom=100 step=1 dx=24 dy=18 scroll_us=13 exposed_compose_us=4982 chrome_us=2410 tear_wait_us=11934 present_us=16868 prepare_us=11006 acquire_wait_us=28 ring_copy_us=8584 patch_us=2411 byte_swap_us=11 staging_us=3955 event_submit_us=17071 event_complete_us=20393 frame_us=33924 tear_edge_observed=1 frame_reused=1 pass=1
[15:48:19] TINYDRAW_PANSEQ_FRAME zoom=100 step=2 dx=24 dy=18 scroll_us=13 exposed_compose_us=4633 chrome_us=2413 tear_wait_us=11913 present_us=16229 prepare_us=11120 acquire_wait_us=29 ring_copy_us=8706 patch_us=2399 byte_swap_us=15 staging_us=3873 event_submit_us=16712 event_complete_us=20046 frame_us=32925 tear_edge_observed=1 frame_reused=1 pass=1
[15:48:19] TINYDRAW_PANSEQ_FRAME zoom=100 step=3 dx=24 dy=18 scroll_us=13 exposed_compose_us=5150 chrome_us=2413 tear_wait_us=12002 present_us=16634 prepare_us=11004 acquire_wait_us=30 ring_copy_us=8578 patch_us=2412 byte_swap_us=14 staging_us=3957 event_submit_us=17307 event_complete_us=20604 frame_us=33925 tear_edge_observed=1 frame_reused=1 pass=1
[15:48:19] TINYDRAW_PANSEQ_FRAME zoom=100 step=4 dx=24 dy=18 scroll_us=14 exposed_compose_us=4708 chrome_us=2424 tear_wait_us=12041 present_us=16023 prepare_us=11117 acquire_wait_us=27 ring_copy_us=8682 patch_us=2425 byte_swap_us=10 staging_us=3885 event_submit_us=16922 event_complete_us=20253 frame_us=32923 tear_edge_observed=1 frame_reused=1 pass=1
[15:48:19] TINYDRAW_PANSEQ_FRAME zoom=100 step=5 dx=24 dy=18 scroll_us=14 exposed_compose_us=4987 chrome_us=2452 tear_wait_us=12397 present_us=16400 prepare_us=11096 acquire_wait_us=27 ring_copy_us=8627 patch_us=2455 byte_swap_us=14 staging_us=3871 event_submit_us=17540 event_complete_us=20847 frame_us=33926 tear_edge_observed=1 frame_reused=1 pass=1
[15:48:19] TINYDRAW_PANSEQ_FRAME zoom=100 step=6 dx=24 dy=18 scroll_us=13 exposed_compose_us=4628 chrome_us=2421 tear_wait_us=12372 present_us=16780 prepare_us=11106 acquire_wait_us=25 ring_copy_us=8679 patch_us=2415 byte_swap_us=12 staging_us=3863 event_submit_us=17160 event_complete_us=20473 frame_us=33935 tear_edge_observed=1 frame_reused=1 pass=1
[15:48:19] TINYDRAW_PANSEQ_FRAME zoom=100 step=7 dx=24 dy=18 scroll_us=14 exposed_compose_us=5052 chrome_us=2428 tear_wait_us=11590 present_us=16133 prepare_us=11091 acquire_wait_us=27 ring_copy_us=8650 patch_us=2427 byte_swap_us=14 staging_us=3895 event_submit_us=16796 event_complete_us=20133 frame_us=32916 tear_edge_observed=1 frame_reused=1 pass=1
[15:48:19] TINYDRAW_PANSEQ_FRAME zoom=100 step=8 dx=24 dy=18 scroll_us=14 exposed_compose_us=5052 chrome_us=2475 tear_wait_us=12220 present_us=16510 prepare_us=11133 acquire_wait_us=25 ring_copy_us=8655 patch_us=2465 byte_swap_us=13 staging_us=3849 event_submit_us=17456 event_complete_us=20787 frame_us=33923 tear_edge_observed=1 frame_reused=1 pass=1
[15:48:19] TINYDRAW_PANSEQ_FRAME zoom=100 step=9 dx=24 dy=18 scroll_us=14 exposed_compose_us=5017 chrome_us=2403 tear_wait_us=11886 present_us=16883 prepare_us=11020 acquire_wait_us=26 ring_copy_us=8607 patch_us=2400 byte_swap_us=13 staging_us=3951 event_submit_us=17060 event_complete_us=20382 frame_us=33926 tear_edge_observed=1 frame_reused=1 pass=1
[15:48:19] TINYDRAW_PANSEQ_FRAME zoom=100 step=10 dx=24 dy=18 scroll_us=13 exposed_compose_us=4712 chrome_us=2390 tear_wait_us=11821 present_us=16251 prepare_us=11089 acquire_wait_us=34 ring_copy_us=8677 patch_us=2389 byte_swap_us=23 staging_us=3884 event_submit_us=16691 event_complete_us=20002 frame_us=32924 tear_edge_observed=1 frame_reused=1 pass=1
[15:48:19] TINYDRAW_PANSEQ_FRAME zoom=100 step=11 dx=24 dy=18 scroll_us=13 exposed_compose_us=5440 chrome_us=2405 tear_wait_us=11694 present_us=16651 prepare_us=10987 acquire_wait_us=32 ring_copy_us=8571 patch_us=2404 byte_swap_us=12 staging_us=3969 event_submit_us=17289 event_complete_us=20583 frame_us=33926 tear_edge_observed=1 frame_reused=1 pass=1
[15:48:19] TINYDRAW_PANSEQ_FRAME zoom=100 step=12 dx=24 dy=18 scroll_us=13 exposed_compose_us=4761 chrome_us=2431 tear_wait_us=11953 present_us=16050 prepare_us=11127 acquire_wait_us=27 ring_copy_us=8690 patch_us=2418 byte_swap_us=19 staging_us=3859 event_submit_us=16894 event_complete_us=20212 frame_us=32923 tear_edge_observed=1 frame_reused=1 pass=1
[15:48:19] TINYDRAW_PANSEQ_FRAME zoom=100 step=13 dx=24 dy=18 scroll_us=14 exposed_compose_us=5114 chrome_us=2468 tear_wait_us=12246 present_us=16428 prepare_us=11060 acquire_wait_us=25 ring_copy_us=8567 patch_us=2480 byte_swap_us=13 staging_us=3885 event_submit_us=17513 event_complete_us=20801 frame_us=33926 tear_edge_observed=1 frame_reused=1 pass=1
[15:48:19] TINYDRAW_PANSEQ_FRAME zoom=100 step=14 dx=24 dy=18 scroll_us=13 exposed_compose_us=4865 chrome_us=2415 tear_wait_us=12117 present_us=16803 prepare_us=11108 acquire_wait_us=25 ring_copy_us=8679 patch_us=2417 byte_swap_us=12 staging_us=3863 event_submit_us=17136 event_complete_us=20450 frame_us=33932 tear_edge_observed=1 frame_reused=1 pass=1
[15:48:19] TINYDRAW_PANSEQ_FRAME zoom=100 step=15 dx=24 dy=18 scroll_us=13 exposed_compose_us=5145 chrome_us=2413 tear_wait_us=11466 present_us=16165 prepare_us=11092 acquire_wait_us=26 ring_copy_us=8661 patch_us=2417 byte_swap_us=14 staging_us=3890 event_submit_us=16769 event_complete_us=20101 frame_us=32917 tear_edge_observed=1 frame_reused=1 pass=1
[15:48:19] TINYDRAW_PANSEQ_FRAME zoom=100 step=16 dx=72 dy=54 scroll_us=13 exposed_compose_us=13315 chrome_us=2443 tear_wait_us=3892 present_us=16551 prepare_us=10995 acquire_wait_us=28 ring_copy_us=8567 patch_us=2415 byte_swap_us=13 staging_us=3926 event_submit_us=17398 event_complete_us=20681 frame_us=33923 tear_edge_observed=1 frame_reused=1 pass=1
[15:48:19] TINYDRAW_PANSEQ_FRAME zoom=100 step=17 dx=72 dy=54 scroll_us=14 exposed_compose_us=13003 chrome_us=2411 tear_wait_us=3862 present_us=16921 prepare_us=11027 acquire_wait_us=28 ring_copy_us=8607 patch_us=2408 byte_swap_us=12 staging_us=3964 event_submit_us=17021 event_complete_us=20339 frame_us=33926 tear_edge_observed=1 frame_reused=1 pass=1
[15:48:19] TINYDRAW_PANSEQ_FRAME zoom=100 step=18 dx=72 dy=54 scroll_us=13 exposed_compose_us=12354 chrome_us=2384 tear_wait_us=4148 present_us=16275 prepare_us=11045 acquire_wait_us=29 ring_copy_us=8657 patch_us=2376 byte_swap_us=12 staging_us=3900 event_submit_us=16675 event_complete_us=19951 frame_us=32923 tear_edge_observed=1 frame_reused=1 pass=1
[15:48:19] TINYDRAW_PANSEQ_FRAME zoom=100 step=19 dx=72 dy=54 scroll_us=14 exposed_compose_us=12681 chrome_us=2403 tear_wait_us=4455 present_us=16649 prepare_us=10986 acquire_wait_us=28 ring_copy_us=8572 patch_us=2402 byte_swap_us=12 staging_us=3952 event_submit_us=17291 event_complete_us=20568 frame_us=33926 tear_edge_observed=1 frame_reused=1 pass=1
[15:48:19] TINYDRAW_PANSEQ_FRAME zoom=100 step=20 dx=-72 dy=-54 scroll_us=14 exposed_compose_us=13389 chrome_us=2426 tear_wait_us=3363 present_us=16020 prepare_us=11088 acquire_wait_us=27 ring_copy_us=8633 patch_us=2437 byte_swap_us=18 staging_us=3870 event_submit_us=16925 event_complete_us=20211 frame_us=32923 tear_edge_observed=1 frame_reused=1 pass=1
[15:48:19] TINYDRAW_PANSEQ_FRAME zoom=100 step=21 dx=-72 dy=-54 scroll_us=14 exposed_compose_us=13205 chrome_us=2434 tear_wait_us=4196 present_us=16385 prepare_us=11018 acquire_wait_us=27 ring_copy_us=8568 patch_us=2437 byte_swap_us=13 staging_us=3902 event_submit_us=17557 event_complete_us=20817 frame_us=33926 tear_edge_observed=1 frame_reused=1 pass=1
[15:48:19] TINYDRAW_PANSEQ_FRAME zoom=100 step=22 dx=-72 dy=-54 scroll_us=13 exposed_compose_us=13168 chrome_us=2421 tear_wait_us=3876 present_us=16738 prepare_us=11102 acquire_wait_us=25 ring_copy_us=8671 patch_us=2421 byte_swap_us=10 staging_us=3868 event_submit_us=17202 event_complete_us=20499 frame_us=33923 tear_edge_observed=1 frame_reused=1 pass=1
[15:48:19] TINYDRAW_PANSEQ_FRAME zoom=100 step=23 dx=-72 dy=-54 scroll_us=13 exposed_compose_us=12771 chrome_us=2426 tear_wait_us=3901 present_us=16095 prepare_us=11060 acquire_wait_us=27 ring_copy_us=8623 patch_us=2422 byte_swap_us=15 staging_us=3891 event_submit_us=16834 event_complete_us=20132 frame_us=32915 tear_edge_observed=1 frame_reused=1 pass=1
[15:48:19] TINYDRAW_PANSEQ_STRIP zoom=100 strip=0 panel_y=0 rows=44 samples=24 staging_mean_us=1438 staging_max_us=1469 wire_budget_us=1619 over_budget_us=0 pass=1
[15:48:19] TINYDRAW_PANSEQ_STRIP zoom=100 strip=1 panel_y=44 rows=44 samples=24 staging_mean_us=1287 staging_max_us=1326 wire_budget_us=1619 over_budget_us=0 pass=1
[15:48:19] TINYDRAW_PANSEQ_STRIP zoom=100 strip=2 panel_y=88 rows=44 samples=24 staging_mean_us=1217 staging_max_us=1232 wire_budget_us=1619 over_budget_us=0 pass=1
[15:48:19] TINYDRAW_PANSEQ_STRIP zoom=100 strip=3 panel_y=132 rows=44 samples=24 staging_mean_us=1212 staging_max_us=1226 wire_budget_us=1619 over_budget_us=0 pass=1
[15:48:19] TINYDRAW_PANSEQ_STRIP zoom=100 strip=4 panel_y=176 rows=44 samples=24 staging_mean_us=1212 staging_max_us=1226 wire_budget_us=1619 over_budget_us=0 pass=1
[15:48:19] TINYDRAW_PANSEQ_STRIP zoom=100 strip=5 panel_y=220 rows=44 samples=24 staging_mean_us=1238 staging_max_us=1253 wire_budget_us=1619 over_budget_us=0 pass=1
[15:48:19] TINYDRAW_PANSEQ_STRIP zoom=100 strip=6 panel_y=264 rows=44 samples=24 staging_mean_us=1414 staging_max_us=1447 wire_budget_us=1619 over_budget_us=0 pass=1
[15:48:19] TINYDRAW_PANSEQ_STRIP zoom=100 strip=7 panel_y=308 rows=44 samples=24 staging_mean_us=1411 staging_max_us=1443 wire_budget_us=1619 over_budget_us=0 pass=1
[15:48:19] TINYDRAW_PANSEQ_STRIP zoom=100 strip=8 panel_y=352 rows=20 samples=24 staging_mean_us=662 staging_max_us=699 wire_budget_us=736 over_budget_us=0 pass=1
[15:48:19] TINYDRAW_GATE1_PANSEQ zoom=100 frames=24 scroll_avg_us=13 exposed_avg_us=7628 chrome_avg_us=2423 tear_wait_avg_us=9113 present_avg_us=16455 prepare_avg_us=11066 acquire_wait_avg_us=27 ring_copy_avg_us=8631 patch_avg_us=2421 byte_swap_avg_us=13 staging_avg_us=3899 frame_avg_us=33342 frame_p50_us=33923 frame_p95_us=33932 frame_max_us=33935 complete_p50_us=20382 complete_p95_us=20817 complete_max_us=20847 tear_edge_failures=0 presentation_experiment=boundary-top-sweep te_edge=rising requested_clock_mhz=50 effective_clock_mhz=40 chrome_bottom_redraws=0 chrome_battery_redraws=0 chrome_zoom_redraws=0 chrome_minimap_base_redraws=0 strip_samples=216 staging_mean_us=1232 staging_max_us=1469 worst_strip=8 worst_strip_y=352 worst_wire_budget_us=736 worst_headroom_us=37 staging_invariant=1 pacing_pass=1 all_reused=1 pass=1
[15:48:22] TINYDRAW_PANSEQ_FRAME zoom=400 step=0 dx=24 dy=18 scroll_us=14 exposed_compose_us=4961 chrome_us=2255 tear_wait_us=7442 present_us=16420 prepare_us=10950 acquire_wait_us=28 ring_copy_us=8671 patch_us=2267 byte_swap_us=12 staging_us=4008 event_submit_us=12558 event_complete_us=15859 frame_us=28966 tear_edge_observed=1 frame_reused=1 pass=1
[15:48:22] TINYDRAW_PANSEQ_FRAME zoom=400 step=1 dx=24 dy=18 scroll_us=13 exposed_compose_us=4870 chrome_us=2248 tear_wait_us=12099 present_us=16818 prepare_us=10916 acquire_wait_us=27 ring_copy_us=8657 patch_us=2249 byte_swap_us=10 staging_us=4061 event_submit_us=17128 event_complete_us=20447 frame_us=33932 tear_edge_observed=1 frame_reused=1 pass=1
[15:48:22] TINYDRAW_PANSEQ_FRAME zoom=400 step=2 dx=24 dy=18 scroll_us=13 exposed_compose_us=4481 chrome_us=2223 tear_wait_us=12088 present_us=16202 prepare_us=10948 acquire_wait_us=27 ring_copy_us=8718 patch_us=2216 byte_swap_us=14 staging_us=4033 event_submit_us=16729 event_complete_us=20059 frame_us=32915 tear_edge_observed=1 frame_reused=1 pass=1
[15:48:22] TINYDRAW_PANSEQ_FRAME zoom=400 step=3 dx=24 dy=18 scroll_us=13 exposed_compose_us=4915 chrome_us=2239 tear_wait_us=12243 present_us=16625 prepare_us=10796 acquire_wait_us=31 ring_copy_us=8543 patch_us=2240 byte_swap_us=13 staging_us=4136 event_submit_us=17314 event_complete_us=20583 frame_us=33925 tear_edge_observed=1 frame_reused=1 pass=1
[15:48:22] TINYDRAW_PANSEQ_FRAME zoom=400 step=4 dx=24 dy=18 scroll_us=13 exposed_compose_us=4482 chrome_us=2243 tear_wait_us=12242 present_us=16043 prepare_us=10936 acquire_wait_us=26 ring_copy_us=8688 patch_us=2236 byte_swap_us=12 staging_us=4065 event_submit_us=16904 event_complete_us=20228 frame_us=32923 tear_edge_observed=1 frame_reused=1 pass=1
[15:48:22] TINYDRAW_PANSEQ_FRAME zoom=400 step=5 dx=24 dy=18 scroll_us=13 exposed_compose_us=4846 chrome_us=2300 tear_wait_us=12490 present_us=16446 prepare_us=10858 acquire_wait_us=33 ring_copy_us=8538 patch_us=2307 byte_swap_us=13 staging_us=4090 event_submit_us=17496 event_complete_us=20790 frame_us=33926 tear_edge_observed=1 frame_reused=1 pass=1
[15:48:22] TINYDRAW_PANSEQ_FRAME zoom=400 step=6 dx=24 dy=18 scroll_us=13 exposed_compose_us=4601 chrome_us=2256 tear_wait_us=12325 present_us=16837 prepare_us=10926 acquire_wait_us=25 ring_copy_us=8677 patch_us=2235 byte_swap_us=14 staging_us=4067 event_submit_us=17101 event_complete_us=20435 frame_us=33923 tear_edge_observed=1 frame_reused=1 pass=1
[15:48:22] TINYDRAW_PANSEQ_FRAME zoom=400 step=7 dx=24 dy=18 scroll_us=13 exposed_compose_us=5241 chrome_us=2216 tear_wait_us=11319 present_us=16222 prepare_us=10850 acquire_wait_us=28 ring_copy_us=8625 patch_us=2215 byte_swap_us=10 staging_us=4092 event_submit_us=16717 event_complete_us=19999 frame_us=32926 tear_edge_observed=1 frame_reused=1 pass=1
[15:48:22] TINYDRAW_PANSEQ_FRAME zoom=400 step=8 dx=24 dy=18 scroll_us=13 exposed_compose_us=5268 chrome_us=2219 tear_wait_us=11889 present_us=16625 prepare_us=10841 acquire_wait_us=30 ring_copy_us=8603 patch_us=2225 byte_swap_us=13 staging_us=4105 event_submit_us=17314 event_complete_us=20594 frame_us=33923 tear_edge_observed=1 frame_reused=1 pass=1
[15:48:22] TINYDRAW_PANSEQ_FRAME zoom=400 step=9 dx=24 dy=18 scroll_us=27 exposed_compose_us=5241 chrome_us=2228 tear_wait_us=11531 present_us=15999 prepare_us=10868 acquire_wait_us=30 ring_copy_us=8623 patch_us=2233 byte_swap_us=12 staging_us=4094 event_submit_us=16943 event_complete_us=20234 frame_us=32926 tear_edge_observed=1 frame_reused=1 pass=1
[15:48:22] TINYDRAW_PANSEQ_FRAME zoom=400 step=10 dx=24 dy=18 scroll_us=13 exposed_compose_us=4926 chrome_us=2259 tear_wait_us=12461 present_us=16394 prepare_us=10932 acquire_wait_us=26 ring_copy_us=8651 patch_us=2268 byte_swap_us=13 staging_us=4028 event_submit_us=17545 event_complete_us=20845 frame_us=33923 tear_edge_observed=1 frame_reused=1 pass=1
[15:48:22] TINYDRAW_PANSEQ_FRAME zoom=400 step=11 dx=24 dy=18 scroll_us=13 exposed_compose_us=5767 chrome_us=2237 tear_wait_us=11233 present_us=16784 prepare_us=10877 acquire_wait_us=24 ring_copy_us=8627 patch_us=2237 byte_swap_us=13 staging_us=4083 event_submit_us=17155 event_complete_us=20455 frame_us=33936 tear_edge_observed=1 frame_reused=1 pass=1
[15:48:22] TINYDRAW_PANSEQ_FRAME zoom=400 step=12 dx=24 dy=18 scroll_us=13 exposed_compose_us=5072 chrome_us=2211 tear_wait_us=11524 present_us=16176 prepare_us=10910 acquire_wait_us=24 ring_copy_us=8690 patch_us=2206 byte_swap_us=14 staging_us=4070 event_submit_us=16752 event_complete_us=20078 frame_us=32913 tear_edge_observed=1 frame_reused=1 pass=1
[15:48:23] TINYDRAW_PANSEQ_FRAME zoom=400 step=13 dx=24 dy=18 scroll_us=14 exposed_compose_us=5358 chrome_us=2245 tear_wait_us=11836 present_us=16579 prepare_us=10765 acquire_wait_us=29 ring_copy_us=8519 patch_us=2233 byte_swap_us=13 staging_us=4154 event_submit_us=17361 event_complete_us=20652 frame_us=33925 tear_edge_observed=1 frame_reused=1 pass=1
[15:48:23] TINYDRAW_PANSEQ_FRAME zoom=400 step=14 dx=24 dy=18 scroll_us=13 exposed_compose_us=5151 chrome_us=2211 tear_wait_us=11667 present_us=16965 prepare_us=10884 acquire_wait_us=28 ring_copy_us=8666 patch_us=2207 byte_swap_us=11 staging_us=4104 event_submit_us=16974 event_complete_us=20306 frame_us=33923 tear_edge_observed=1 frame_reused=1 pass=1
[15:48:23] TINYDRAW_PANSEQ_FRAME zoom=400 step=15 dx=24 dy=18 scroll_us=13 exposed_compose_us=5520 chrome_us=2254 tear_wait_us=10923 present_us=16339 prepare_us=10879 acquire_wait_us=28 ring_copy_us=8615 patch_us=2250 byte_swap_us=14 staging_us=4073 event_submit_us=16603 event_complete_us=19907 frame_us=32927 tear_edge_observed=1 frame_reused=1 pass=1
[15:48:23] TINYDRAW_PANSEQ_FRAME zoom=400 step=16 dx=72 dy=54 scroll_us=14 exposed_compose_us=14184 chrome_us=2234 tear_wait_us=2876 present_us=16720 prepare_us=10902 acquire_wait_us=27 ring_copy_us=8662 patch_us=2229 byte_swap_us=11 staging_us=4083 event_submit_us=17218 event_complete_us=20530 frame_us=33922 tear_edge_observed=1 frame_reused=1 pass=1
[15:48:23] TINYDRAW_PANSEQ_FRAME zoom=400 step=17 dx=72 dy=54 scroll_us=13 exposed_compose_us=13789 chrome_us=2251 tear_wait_us=2872 present_us=16105 prepare_us=10894 acquire_wait_us=24 ring_copy_us=8637 patch_us=2244 byte_swap_us=13 staging_us=4061 event_submit_us=16822 event_complete_us=20139 frame_us=32915 tear_edge_observed=1 frame_reused=1 pass=1
[15:48:23] TINYDRAW_PANSEQ_FRAME zoom=400 step=18 dx=72 dy=54 scroll_us=13 exposed_compose_us=13846 chrome_us=2276 tear_wait_us=3445 present_us=16491 prepare_us=10865 acquire_wait_us=35 ring_copy_us=8579 patch_us=2272 byte_swap_us=14 staging_us=4081 event_submit_us=17462 event_complete_us=20744 frame_us=33922 tear_edge_observed=1 frame_reused=1 pass=1
[15:48:23] TINYDRAW_PANSEQ_FRAME zoom=400 step=19 dx=72 dy=54 scroll_us=13 exposed_compose_us=14643 chrome_us=2221 tear_wait_us=2273 present_us=16868 prepare_us=10815 acquire_wait_us=28 ring_copy_us=8585 patch_us=2219 byte_swap_us=11 staging_us=4141 event_submit_us=17070 event_complete_us=20370 frame_us=33926 tear_edge_observed=1 frame_reused=1 pass=1
[15:48:23] TINYDRAW_PANSEQ_FRAME zoom=400 step=20 dx=-72 dy=-54 scroll_us=13 exposed_compose_us=14291 chrome_us=2217 tear_wait_us=2252 present_us=16229 prepare_us=10875 acquire_wait_us=28 ring_copy_us=8660 patch_us=2204 byte_swap_us=11 staging_us=4048 event_submit_us=16708 event_complete_us=19967 frame_us=32924 tear_edge_observed=1 frame_reused=1 pass=1
[15:48:23] TINYDRAW_PANSEQ_FRAME zoom=400 step=21 dx=-72 dy=-54 scroll_us=13 exposed_compose_us=13893 chrome_us=2232 tear_wait_us=3256 present_us=16636 prepare_us=10785 acquire_wait_us=28 ring_copy_us=8541 patch_us=2231 byte_swap_us=13 staging_us=4123 event_submit_us=17304 event_complete_us=20550 frame_us=33926 tear_edge_observed=1 frame_reused=1 pass=1
[15:48:23] TINYDRAW_PANSEQ_FRAME zoom=400 step=22 dx=-72 dy=-54 scroll_us=13 exposed_compose_us=13725 chrome_us=2250 tear_wait_us=3021 present_us=16022 prepare_us=10903 acquire_wait_us=27 ring_copy_us=8639 patch_us=2252 byte_swap_us=12 staging_us=4047 event_submit_us=16923 event_complete_us=20213 frame_us=32923 tear_edge_observed=1 frame_reused=1 pass=1
[15:48:23] TINYDRAW_PANSEQ_FRAME zoom=400 step=23 dx=-72 dy=-54 scroll_us=14 exposed_compose_us=12929 chrome_us=2283 tear_wait_us=4440 present_us=16415 prepare_us=10878 acquire_wait_us=33 ring_copy_us=8575 patch_us=2290 byte_swap_us=13 staging_us=4052 event_submit_us=17524 event_complete_us=20795 frame_us=33925 tear_edge_observed=1 frame_reused=1 pass=1
[15:48:23] TINYDRAW_PANSEQ_STRIP zoom=400 strip=0 panel_y=0 rows=44 samples=24 staging_mean_us=1430 staging_max_us=1477 wire_budget_us=1619 over_budget_us=0 pass=1
[15:48:23] TINYDRAW_PANSEQ_STRIP zoom=400 strip=1 panel_y=44 rows=44 samples=24 staging_mean_us=1289 staging_max_us=1324 wire_budget_us=1619 over_budget_us=0 pass=1
[15:48:23] TINYDRAW_PANSEQ_STRIP zoom=400 strip=2 panel_y=88 rows=44 samples=24 staging_mean_us=1216 staging_max_us=1236 wire_budget_us=1619 over_budget_us=0 pass=1
[15:48:23] TINYDRAW_PANSEQ_STRIP zoom=400 strip=3 panel_y=132 rows=44 samples=24 staging_mean_us=1213 staging_max_us=1230 wire_budget_us=1619 over_budget_us=0 pass=1
[15:48:23] TINYDRAW_PANSEQ_STRIP zoom=400 strip=4 panel_y=176 rows=44 samples=24 staging_mean_us=1211 staging_max_us=1230 wire_budget_us=1619 over_budget_us=0 pass=1
[15:48:23] TINYDRAW_PANSEQ_STRIP zoom=400 strip=5 panel_y=220 rows=44 samples=24 staging_mean_us=1194 staging_max_us=1214 wire_budget_us=1619 over_budget_us=0 pass=1
[15:48:23] TINYDRAW_PANSEQ_STRIP zoom=400 strip=6 panel_y=264 rows=44 samples=24 staging_mean_us=1366 staging_max_us=1397 wire_budget_us=1619 over_budget_us=0 pass=1
[15:48:23] TINYDRAW_PANSEQ_STRIP zoom=400 strip=7 panel_y=308 rows=44 samples=24 staging_mean_us=1367 staging_max_us=1393 wire_budget_us=1619 over_budget_us=0 pass=1
[15:48:23] TINYDRAW_PANSEQ_STRIP zoom=400 strip=8 panel_y=352 rows=20 samples=24 staging_mean_us=616 staging_max_us=659 wire_budget_us=736 over_budget_us=0 pass=1
[15:48:23] TINYDRAW_GATE1_PANSEQ zoom=400 frames=24 scroll_avg_us=13 exposed_avg_us=8000 chrome_avg_us=2242 tear_wait_avg_us=8739 present_avg_us=16456 prepare_avg_us=10877 acquire_wait_avg_us=28 ring_copy_avg_us=8624 patch_avg_us=2240 byte_swap_avg_us=12 staging_avg_us=4079 frame_avg_us=33342 frame_p50_us=33922 frame_p95_us=33932 frame_max_us=33936 complete_p50_us=20370 complete_p95_us=20795 complete_max_us=20845 tear_edge_failures=0 presentation_experiment=boundary-top-sweep te_edge=rising requested_clock_mhz=50 effective_clock_mhz=40 chrome_bottom_redraws=0 chrome_battery_redraws=0 chrome_zoom_redraws=0 chrome_minimap_base_redraws=0 strip_samples=216 staging_mean_us=1211 staging_max_us=1477 worst_strip=8 worst_strip_y=352 worst_wire_budget_us=736 worst_headroom_us=77 staging_invariant=1 pacing_pass=1 all_reused=1 pass=1
[15:48:23] TINYDRAW_GATE1_PAN_BOUNDARY zoom=100 slow_1px_trace=1 below_delta=94 below_reused=1 at_delta=96 at_reused=1 above_delta=98 above_fallback=1 pass=1
[15:48:24] TINYDRAW_GATE1_PAN_BOUNDARY zoom=400 slow_1px_trace=1 below_delta=94 below_reused=1 at_delta=96 at_reused=1 above_delta=98 above_fallback=1 pass=1
[15:48:24] TINYDRAW_GATE1_DRAW_FILL zoom=400 revision=2930 append_us=1057 poll_gap_us=94 event_submit_us=220 event_complete_us=2204 max_compute_slice_us=4930 max_display_slice_us=17691 fill_us=257356 revision_restarted=1 pass=1
[15:48:25] TINYDRAW_GATE1_CACHE_FILL zoom=50 x=63 y=63 published=56 total_us=738969 within_cold_gate=0 complete=1
[15:48:25] TINYDRAW_GATE1_CACHE_FILL zoom=100 x=63 y=63 published=56 total_us=583973 within_cold_gate=0 complete=1
[15:48:26] TINYDRAW_GATE1_CACHE_FILL zoom=200 x=63 y=63 published=56 total_us=421970 within_cold_gate=1 complete=1
[15:48:26] TINYDRAW_GATE1_CACHE_FILL zoom=400 x=63 y=63 published=56 total_us=355970 within_cold_gate=1 complete=1
[15:48:26] TINYDRAW_GATE1_CACHE_REVISIT zoom=50 remaining=0 tile_pixels=118128 fallback_pixels=0 compose_us=18312 complete_us=20491 hit=1
[15:48:26] TINYDRAW_GATE1_CACHE_REVISIT zoom=100 remaining=0 tile_pixels=164864 fallback_pixels=0 compose_us=20199 complete_us=21070 hit=1
[15:48:27] TINYDRAW_GATE1_CACHE_REVISIT zoom=200 remaining=0 tile_pixels=164864 fallback_pixels=0 compose_us=21272 complete_us=20650 hit=1
[15:48:27] TINYDRAW_GATE1_CACHE_REVISIT zoom=400 remaining=0 tile_pixels=164608 fallback_pixels=0 compose_us=21987 complete_us=20226 hit=1
[15:48:27] TINYDRAW_GATE1_CACHE_FILL zoom=400 x=575 y=575 published=56 total_us=395976 within_cold_gate=1 complete=1
[15:48:27] TINYDRAW_GATE1_CACHE_ROUND_TRIP zoom=50 from_x=63 from_y=63 via_x=575 via_y=575 remaining=0 tile_pixels=118128 fallback_pixels=0 compose_us=18349 complete_us=21198 hit=1
[15:48:27] TINYDRAW_GATE1_CACHE_ROUND_TRIP zoom=100 from_x=63 from_y=63 via_x=575 via_y=575 remaining=0 tile_pixels=164864 fallback_pixels=0 compose_us=20339 complete_us=20779 hit=1
[15:48:27] TINYDRAW_GATE1_CACHE_ROUND_TRIP zoom=200 from_x=63 from_y=63 via_x=575 via_y=575 remaining=0 tile_pixels=164864 fallback_pixels=0 compose_us=21254 complete_us=20355 hit=1
[15:48:27] TINYDRAW_GATE1_CACHE_ROUND_TRIP zoom=400 from_x=63 from_y=63 via_x=575 via_y=575 remaining=0 tile_pixels=164608 fallback_pixels=0 compose_us=22349 complete_us=20938 hit=1
[15:48:27] TINYDRAW_GATE1_CACHE_RETENTION pass=1 slots=448 revision=2930
[15:48:29] TINYDRAW_PAPER_SWEEP zoom=100 identities=644 raw=266 uniform=378 fallback=0 slots=448 total_us=1588248 pass=1
[15:48:29] TINYDRAW_RERENDER_LEDGER_RESET site=cache_tour_start
[15:48:33] TINYDRAW_GATE1_CACHE_TOUR slots=448 stops=16 forward_steps=2595 forward_tiles=832 forward_wall_us=2204080 return_missing_tiles=0 return_steps=16 return_tiles=0 return_wall_us=43481 home_missing=0 home_fallback_pixels=0 pass=1
[15:48:33] TINYDRAW_RERENDER_LEDGER site=cache_tour renders=137 unique=137 amplification=1.000 cold=137 damage=0 evict=0 stale=0 unexplained=0
[15:48:34] TINYDRAW_GATE1_MIXED_DRAW_WARM zoom=50 fill_tiles=56 fill_us=654515 raw=42 uniform=14
[15:48:35] TINYDRAW_GATE1_MIXED_DRAW_WARM zoom=100 fill_tiles=56 fill_us=497021 raw=56 uniform=0
[15:48:35] TINYDRAW_GATE1_MIXED_DRAW_WARM zoom=200 fill_tiles=56 fill_us=399725 raw=56 uniform=0
[15:48:36] TINYDRAW_GATE1_MIXED_DRAW_WARM zoom=400 fill_tiles=42 fill_us=251339 raw=42 uniform=0
[15:48:37] TINYDRAW_GATE1_MIXED_DRAW zoom=25 tool=pen chunks=50 append_max_us=13333 append_avg_us=11985 append_total_us=599257 affected_tiles=196 published=0 fallback=196 visible_fallback=0 ph_prepare_max_us=158 ph_overview_max_us=9100 ph_enumerate_max_us=542 ph_uniform_max_us=101 ph_raw_max_us=25 ph_commit_max_us=3533 committed=1 authority=1 refresh=1 run_ok=1 pass=1
[15:48:37] TINYDRAW_GATE1_MIXED_DRAW zoom=25 tool=eraser chunks=50 append_max_us=13472 append_avg_us=11917 append_total_us=595884 affected_tiles=0 published=0 fallback=0 visible_fallback=0 ph_prepare_max_us=154 ph_overview_max_us=9264 ph_enumerate_max_us=501 ph_uniform_max_us=14 ph_raw_max_us=8 ph_commit_max_us=3567 committed=1 authority=1 refresh=1 run_ok=1 pass=1
[15:48:40] TINYDRAW_GATE1_MIXED_DRAW zoom=50 tool=pen chunks=50 append_max_us=19758 append_avg_us=16602 append_total_us=830111 affected_tiles=422 published=400 fallback=22 visible_fallback=0 ph_prepare_max_us=175 ph_overview_max_us=3858 ph_enumerate_max_us=523 ph_uniform_max_us=5558 ph_raw_max_us=12420 ph_commit_max_us=1749 committed=1 authority=1 refresh=1 run_ok=1 pass=0
[15:48:41] TINYDRAW_GATE1_MIXED_DRAW zoom=50 tool=eraser chunks=50 append_max_us=18165 append_avg_us=16318 append_total_us=815902 affected_tiles=405 published=405 fallback=0 visible_fallback=0 ph_prepare_max_us=185 ph_overview_max_us=3868 ph_enumerate_max_us=550 ph_uniform_max_us=33 ph_raw_max_us=12311 ph_commit_max_us=1543 committed=1 authority=1 refresh=1 run_ok=1 pass=0
[15:48:43] TINYDRAW_GATE1_MIXED_DRAW zoom=100 tool=pen chunks=50 append_max_us=16158 append_avg_us=13990 append_total_us=699535 affected_tiles=450 published=398 fallback=52 visible_fallback=0 ph_prepare_max_us=174 ph_overview_max_us=1907 ph_enumerate_max_us=556 ph_uniform_max_us=4456 ph_raw_max_us=12459 ph_commit_max_us=1021 committed=1 authority=1 refresh=1 run_ok=1 pass=0
[15:48:43] TINYDRAW_GATE1_MIXED_DRAW zoom=100 tool=eraser chunks=50 append_max_us=15452 append_avg_us=13750 append_total_us=687528 affected_tiles=399 published=399 fallback=0 visible_fallback=0 ph_prepare_max_us=176 ph_overview_max_us=1940 ph_enumerate_max_us=482 ph_uniform_max_us=31 ph_raw_max_us=12390 ph_commit_max_us=812 committed=1 authority=1 refresh=1 run_ok=1 pass=0
[15:48:45] TINYDRAW_GATE1_MIXED_DRAW zoom=200 tool=pen chunks=50 append_max_us=15477 append_avg_us=12962 append_total_us=648102 affected_tiles=425 published=389 fallback=36 visible_fallback=0 ph_prepare_max_us=186 ph_overview_max_us=1050 ph_enumerate_max_us=584 ph_uniform_max_us=4558 ph_raw_max_us=12432 ph_commit_max_us=851 committed=1 authority=1 refresh=1 run_ok=1 pass=0
[15:48:46] TINYDRAW_GATE1_MIXED_DRAW zoom=200 tool=eraser chunks=50 append_max_us=14596 append_avg_us=12684 append_total_us=634237 affected_tiles=388 published=388 fallback=0 visible_fallback=0 ph_prepare_max_us=184 ph_overview_max_us=1093 ph_enumerate_max_us=599 ph_uniform_max_us=28 ph_raw_max_us=12397 ph_commit_max_us=678 committed=1 authority=1 refresh=1 run_ok=1 pass=1
[15:48:49] TINYDRAW_GATE1_MIXED_DRAW zoom=400 tool=pen chunks=50 append_max_us=14613 append_avg_us=12019 append_total_us=600996 affected_tiles=359 published=334 fallback=25 visible_fallback=0 ph_prepare_max_us=184 ph_overview_max_us=697 ph_enumerate_max_us=594 ph_uniform_max_us=3431 ph_raw_max_us=11833 ph_commit_max_us=751 committed=1 authority=1 refresh=1 run_ok=1 pass=1
[15:48:49] TINYDRAW_GATE1_MIXED_DRAW zoom=400 tool=eraser chunks=50 append_max_us=13657 append_avg_us=11857 append_total_us=592852 affected_tiles=350 published=350 fallback=0 visible_fallback=0 ph_prepare_max_us=176 ph_overview_max_us=712 ph_enumerate_max_us=600 ph_uniform_max_us=33 ph_raw_max_us=11911 ph_commit_max_us=629 committed=1 authority=1 refresh=1 run_ok=1 pass=1
[15:48:50] TINYDRAW_GATE1_MIXED_DRAW_REVISIT zoom=50 missing=4 refill_tiles=4 refill_us=248718
[15:48:50] TINYDRAW_GATE1_MIXED_DRAW_REVISIT zoom=100 missing=9 refill_tiles=9 refill_us=401409
[15:48:50] TINYDRAW_GATE1_MIXED_DRAW_REVISIT zoom=200 missing=16 refill_tiles=16 refill_us=352052
[15:48:50] TINYDRAW_GATE1_MIXED_DRAW_REVISIT zoom=400 missing=0 refill_tiles=0 refill_us=968
[15:48:50] TINYDRAW_GATE1_MIXED_DRAW_SUMMARY slots=448 strokes=10 worst_append_us=19758 pass=0
[15:48:57] TINYDRAW_GATE1_IDLE_REPAIR damaged=588 remaining=0 plan_views=24 steps=5805 repair_us=4108463 worst_step_us=6513 warm_tiles=56 pass=1
[15:48:57] TINYDRAW_INKTRACE trace=fast-curve-dense-25 zoom=25 events=411 consumed=374 coalesced=37 down=1/1 up=1/1 max_time_gap_us=24178 max_space_gap_px=55.33 e2c_p50=503 e2c_p95=1570 e2c_max=2681 e2g_p95=787 e2s_p95=2624 e2d_p50=2341 e2d_p95=3658 e2d_max=4297 latency_samples=33 presentation_failures=0 commit_failures=0 overflows=0 revision=3482 latency_pass=1 pass=1
[15:48:58] TINYDRAW_INKTRACE trace=fast-curve-400 zoom=400 events=414 consumed=381 coalesced=33 down=1/1 up=1/1 max_time_gap_us=9313 max_space_gap_px=65.51 e2c_p50=503 e2c_p95=812 e2c_max=1598 e2g_p95=785 e2s_p95=2684 e2d_p50=2495 e2d_p95=3942 e2d_max=3987 latency_samples=33 presentation_failures=0 commit_failures=0 overflows=0 revision=3484 latency_pass=1 pass=1
[15:49:00] TINYDRAW_INKTRACE trace=fast-curve-400-xl zoom=400 events=2296 consumed=1922 coalesced=374 down=1/1 up=1/1 max_time_gap_us=12636 max_space_gap_px=47.85 e2c_p50=503 e2c_p95=506 e2c_max=2076 e2g_p95=788 e2s_p95=2992 e2d_p50=3260 e2d_p95=4667 e2d_max=8196 latency_samples=172 presentation_failures=0 commit_failures=0 overflows=0 revision=3490 latency_pass=1 pass=1
[15:49:01] TINYDRAW_INKTRACE trace=slow-precise-100 zoom=100 events=741 consumed=731 coalesced=10 down=1/1 up=1/1 max_time_gap_us=8377 max_space_gap_px=13.45 e2c_p50=503 e2c_p95=984 e2c_max=1578 e2g_p95=786 e2s_p95=1797 e2d_p50=1958 e2d_p95=2292 e2d_max=2322 latency_samples=53 presentation_failures=0 commit_failures=0 overflows=0 revision=3492 latency_pass=1 pass=1
[15:49:04] TINYDRAW_INKTRACE trace=scribble-multistroke zoom=100 events=848 consumed=732 coalesced=116 down=7/7 up=7/7 max_time_gap_us=6076 max_space_gap_px=109.46 e2c_p50=503 e2c_p95=578 e2c_max=2069 e2g_p95=785 e2s_p95=3456 e2d_p50=3170 e2d_p95=5330 e2d_max=6380 latency_samples=55 presentation_failures=0 commit_failures=0 overflows=0 revision=3499 latency_pass=1 pass=1
[15:49:06] TINYDRAW_HAIRLINE_DOC ops=782 samples=8061 append_total_us=1066384 append_max_us=7287
[15:49:06] TINYDRAW_GATE1_PACED_COLD corpus=evil_hairlines_capacity zoom=100 x=552 y=672 steps=236 tiles=56 compute_us=261092 present_us=81843 touch_us=470 pacing_us=8573 wall_us=351978 maximum_wall_us=500000 max_tick_us=10048 touch_samples=52699 touch_interval_max_us=2097 touch_read_max_us=630 touch_events=0 touch_down=0 touch_up=0 touch_events_ge_8ms=0 touch_event_age_max_us=0 touch_errors=0 touch_overflows=0 pass=1
[15:49:06] TINYDRAW_GATE1_PACED_COLD corpus=evil_hairlines_capacity zoom=400 x=2760 y=3360 steps=209 tiles=48 compute_us=169140 present_us=79873 touch_us=379 pacing_us=6587 wall_us=255979 maximum_wall_us=500000 max_tick_us=9543 touch_samples=339 touch_interval_max_us=1866 touch_read_max_us=476 touch_events=0 touch_down=0 touch_up=0 touch_events_ge_8ms=0 touch_event_age_max_us=0 touch_errors=0 touch_overflows=0 pass=1
[15:49:09] TINYDRAW_HAIRLINE_REPAIR steps=2814 wall_us=2653371 worst_step_us=7687 resident=407/448 grid_stopped=1 pass2_steps=8 pass2_wall_us=11960 no_churn=1
[15:49:11] TINYDRAW_HAIRLINE_TOUR stops=8 total_us=1154581 worst_stop_us=243314 worst_step_us=7410
[15:49:11] TINYDRAW_GATE1_HAIRLINE raw=339 uniform=72 fallback=233 capacity=448 worst_step_us=7687 grid_stopped=1 pass=1
[15:49:13] TINYDRAW_GATE1_LONG_GESTURE path=reference samples=1600 chunks=26 append_total_us=978521 append_max_us=44733 append_avg_us=37635 refresh_fallback_pixels=0 settled_fallback_pixels=0 committed=1 authority=1 refresh=1 run_ok=1
[15:49:13] TINYDRAW_GATE1_LONG_GESTURE path=in_place samples=1600 chunks=52 append_total_us=603246 append_max_us=14203 append_avg_us=11600 refresh_fallback_pixels=0 settled_fallback_pixels=0 committed=1 authority=1 refresh=1 run_ok=1
[15:49:13] TINYDRAW_V2_EXPORT_PROGRESS row=0 of=1792
[15:49:14] TINYDRAW_V2_EXPORT_PROGRESS row=256 of=1792
[15:49:15] TINYDRAW_V2_EXPORT_PROGRESS row=512 of=1792
[15:49:15] TINYDRAW_V2_EXPORT_PROGRESS row=768 of=1792
[15:49:16] TINYDRAW_V2_EXPORT_PROGRESS row=1024 of=1792
[15:49:17] TINYDRAW_V2_EXPORT_PROGRESS row=1280 of=1792
[15:49:18] TINYDRAW_V2_EXPORT_PROGRESS row=1536 of=1792
[15:49:19] TINYDRAW_GATE1_EXPORT encoded=1 bytes=40166 elapsed_us=5870268 workspace_bytes=50652 band_bytes=376832 free_psram=1892692 free_internal=199124 signature=1 dimensions=1 chunks=3 chunks_ok=1 pass=1
[15:49:19] TINYDRAW_EXPORT_RESERVE requested=1572864 free_before=1892692 largest_before=1867776 free_held=319824 largest_held=319488 pass=1
[15:49:19] TINYDRAW_RERENDER_LEDGER site=final renders=0 unique=0 amplification=0.000 cold=0 damage=0 evict=0 stale=0 unexplained=0
[15:49:19] TINYDRAW_GATE1_AUTOMATED_DONE stress=1 stress_100=1 stress_400=1 overlap_ready=1 overlap_cold=0 general_cold_ready=1 general_cold=0 workload=1 paced_cold=1 hard_100=1 hard_400=1 pan_100=1 pan_400=1 pan_seq=1 pan_boundary=1 live_overlay=1 draw_fill=1 cache=1 full_world_cache=1 cache_tour=1 mixed_draw=0 idle_repair=1 ink_trace=1 hairline_capacity=1 long_gesture=1 export_encode=1 export_reserve=1 return=1 ssaa_receipt=yellow
[15:49:19] TINYDRAW_VECTOR_V2_GATE_HARNESS_DONE pass=0
[15:49:19] I (77179) main_task: Returned from app_main()
