[18:07:30] ESP-ROM:esp32s3-20210327
[18:07:30] Build:Mar 27 2021
[18:07:30] rst:0x15 (USB_UART_CHIP_RESET),boot:0x2b (SPI_FAST_FLASH_BOOT)
[18:07:30] Saved PC:0x4037b8fa
[18:07:30] SPIWP:0xee
[18:07:30] mode:DIO, clock div:1
[18:07:30] load:0x3fce2820,len:0x1664
[18:07:30] load:0x403c8700,len:0xf38
[18:07:30] load:0x403cb700,len:0x31e8
[18:07:30] entry 0x403c8930
[18:07:30] I (24) boot: ESP-IDF v6.0.2 2nd stage bootloader
[18:07:30] I (24) boot: compile time Aug 16 2026 18:05:47
[18:07:30] I (25) boot: Multicore bootloader
[18:07:30] I (25) boot: chip revision: v0.2
[18:07:30] I (28) boot: efuse block revision: v1.3
[18:07:30] I (31) qio_mode: Enabling default flash chip QIO
[18:07:30] I (36) boot.esp32s3: Boot SPI Speed : 80MHz
[18:07:30] I (39) boot.esp32s3: SPI Mode       : QIO
[18:07:30] I (43) boot.esp32s3: SPI Flash Size : 16MB
[18:07:30] I (47) boot: Enabling RNG early entropy source...
[18:07:30] I (51) boot: Partition Table:
[18:07:30] I (54) boot: ## Label            Usage          Type ST Offset   Length
[18:07:30] I (60) boot:  0 nvs              WiFi data        01 02 00009000 00006000
[18:07:30] I (67) boot:  1 phy_init         RF data          01 01 0000f000 00001000
[18:07:30] I (73) boot:  2 factory          factory app      00 00 00010000 00100000
[18:07:30] I (80) boot:  3 drawing          Unknown data     01 40 00110000 00300000
[18:07:30] I (86) boot:  4 export           Unknown data     01 41 00410000 00500000
[18:07:30] I (93) boot:  5 coredump         Unknown data     01 03 00910000 00010000
[18:07:30] I (100) boot: End of partition table
[18:07:30] I (103) esp_image: segment 0: paddr=00010020 vaddr=3c050020 size=2bdfch (179708) map
[18:07:30] I (138) esp_image: segment 1: paddr=0003be24 vaddr=3fc96000 size=03764h ( 14180) load
[18:07:30] I (141) esp_image: segment 2: paddr=0003f590 vaddr=40374000 size=00a88h (  2696) load
[18:07:30] I (143) esp_image: segment 3: paddr=00040020 vaddr=42000020 size=4d0bch (315580) map
[18:07:30] I (198) esp_image: segment 4: paddr=0008d0e4 vaddr=40374a88 size=1148ch ( 70796) load
[18:07:30] I (213) esp_image: segment 5: paddr=0009e578 vaddr=50000000 size=00024h (    36) load
[18:07:30] I (221) boot: Loaded app from partition at offset 0x10000
[18:07:30] I (221) boot: Disabling RNG early entropy source...
[18:07:30] I (231) octal_psram: vendor id    : 0x0d (AP)
[18:07:30] I (231) octal_psram: dev id       : 0x02 (generation 3)
[18:07:30] I (231) octal_psram: density      : 0x03 (64 Mbit)
[18:07:30] I (233) octal_psram: good-die     : 0x01 (Pass)
[18:07:30] I (238) octal_psram: Latency      : 0x01 (Fixed)
[18:07:30] I (242) octal_psram: VCC          : 0x01 (3V)
[18:07:30] I (246) octal_psram: SRF          : 0x01 (Fast Refresh)
[18:07:30] I (251) octal_psram: BurstType    : 0x01 (Hybrid Wrap)
[18:07:30] I (256) octal_psram: BurstLen     : 0x01 (32 Byte)
[18:07:30] I (260) octal_psram: Readlatency  : 0x02 (10 cycles@Fixed)
[18:07:30] I (266) octal_psram: DriveStrength: 0x00 (1/1)
[18:07:30] I (270) MSPI Timing: Enter psram timing tuning
[18:07:30] I (275) esp_psram: Found 8MB PSRAM device
[18:07:30] I (278) esp_psram: Speed: 80MHz
[18:07:30] I (281) cpu_start: Multicore app
[18:07:30] I (697) esp_psram: SPI SRAM memory test OK
[18:07:30] I (705) cpu_start: GPIO 44 and 43 are used as console UART I/O pins
[18:07:30] I (705) cpu_start: Pro cpu start user code
[18:07:30] I (705) cpu_start: cpu freq: 240000000 Hz
[18:07:31] I (707) app_init: Application information:
[18:07:31] I (711) app_init: Project name:     tinydraw_esp32
[18:07:31] I (715) app_init: App version:      395e230-dirty
[18:07:31] I (720) app_init: Compile time:     Aug 16 2026 18:05:39
[18:07:31] I (725) app_init: ELF file SHA256:  f247e2bd1...
[18:07:31] I (729) app_init: ESP-IDF:          v6.0.2
[18:07:31] I (733) efuse_init: Min chip rev:     v0.0
[18:07:31] I (737) efuse_init: Max chip rev:     v0.99 
[18:07:31] I (741) efuse_init: Chip rev:         v0.2
[18:07:31] I (745) heap_init: Initializing. RAM available for dynamic allocation:
[18:07:31] I (751) heap_init: At 3FC9AB90 len 0004EB80 (314 KiB): RAM
[18:07:31] I (756) heap_init: At 3FCE9710 len 00005724 (21 KiB): RAM
[18:07:31] I (761) heap_init: At 3FCF0000 len 00008000 (32 KiB): DRAM
[18:07:31] I (766) heap_init: At 600FE000 len 00001FE8 (7 KiB): RTCRAM
[18:07:31] I (772) esp_psram: Adding pool of 8192K of PSRAM memory to heap allocator
[18:07:31] I (779) spi_flash: detected chip: generic
[18:07:31] I (782) spi_flash: flash io: qio
[18:07:31] I (785) sleep_gpio: Configure to isolate all GPIO pins in sleep state
[18:07:31] I (791) sleep_gpio: Enable automatic switching of GPIO sleep configuration
[18:07:31] I (798) main_task: Started on CPU0
[18:07:31] I (801) main_task: Calling app_main()
[18:07:31] TINYDRAW_PRODUCER_SCRATCH supertask_internal=1 free_internal=312224 free_psram=1894280
[18:07:31] TINYDRAW_PANEL_HARD_RESET=1
[18:07:31] TINYDRAW_PANEL_TRANSPORT requested_clock_mhz=50 effective_clock_mhz=40
[18:07:31] I (1005) co5300: version: 2.1.0
[18:07:31] I (1005) co5300_spi: LCD panel create success, version: 2.1.0
[18:07:31] W (1090) co5300_spi: The 3Ah command has been used and will be overwritten by external initialization sequence
[18:07:31] I (1191) CST816S: IC id: 183
[18:07:31] TINYDRAW_VECTOR_V2_PRESENTATION experiment=boundary-top-sweep te_edge=rising requested_clock_mhz=50 effective_clock_mhz=40 optical_acceptance=external_manual
[18:07:31] TINYDRAW_LIVE_PRESENT kind=startup zoom=25 x=0 y=0 compose_us=26070 scroll_us=0 exposed_compose_us=0 chrome_us=16921 chrome_prepare_us=11848 chrome_stage_us=5073 read_submit_us=0 read_complete_us=0 transfer_wait_us=21120 tile_pixels=0 uniform_pixels=0 overview_pixels=164864 fallback_pixels=0 resident_tiles=0 fallback_tiles=0 pushes=11 tear_wait_us=470 tear_edge_isr_to_resume_us=18 tear_edge_observed=1 tear_edge_wait_resumed=1 tear_edge_timeout=0 tear_heal_attempted=0 tear_heal_command_sent=0 presentation_experiment=boundary-top-sweep te_edge=rising requested_clock_mhz=50 effective_clock_mhz=40 frame_reused=0 pass=1
[18:07:32] TINYDRAW_LIVE_STRESS operations=1000 samples=20000 total_us=730604 average_us=730 maximum_us=1029 free_psram=1892692 largest_psram=1867776
[18:07:32] TINYDRAW_LIVE_PRESENT kind=gate_fallback zoom=100 x=0 y=0 compose_us=15964 scroll_us=0 exposed_compose_us=0 chrome_us=11039 chrome_prepare_us=6634 chrome_stage_us=4405 read_submit_us=26955 read_complete_us=30335 transfer_wait_us=20732 tile_pixels=0 uniform_pixels=0 overview_pixels=0 fallback_pixels=164864 resident_tiles=0 fallback_tiles=42 pushes=11 tear_wait_us=4225 tear_edge_isr_to_resume_us=13 tear_edge_observed=1 tear_edge_wait_resumed=1 tear_edge_timeout=0 tear_heal_attempted=0 tear_heal_command_sent=0 presentation_experiment=boundary-top-sweep te_edge=rising requested_clock_mhz=50 effective_clock_mhz=40 frame_reused=0 pass=1
[18:07:32] TINYDRAW_GATE1_HARD zoom=100 cold=1 operations=1000 samples=20000 steps=196 tiles=42 scanned=12000 rendered=1585 max_supertask_us=6969 presentation_us=71199 total_us=284207 maximum_wall_us=500000 pass=1
[18:07:32] TINYDRAW_LIVE_PRESENT kind=gate_fallback zoom=400 x=0 y=0 compose_us=15560 scroll_us=0 exposed_compose_us=0 chrome_us=6440 chrome_prepare_us=2234 chrome_stage_us=4206 read_submit_us=28383 read_complete_us=31959 transfer_wait_us=20123 tile_pixels=0 uniform_pixels=0 overview_pixels=0 fallback_pixels=164864 resident_tiles=0 fallback_tiles=42 pushes=11 tear_wait_us=10458 tear_edge_isr_to_resume_us=13 tear_edge_observed=1 tear_edge_wait_resumed=1 tear_edge_timeout=0 tear_heal_attempted=0 tear_heal_command_sent=0 presentation_experiment=boundary-top-sweep te_edge=rising requested_clock_mhz=50 effective_clock_mhz=40 frame_reused=0 pass=1
[18:07:32] TINYDRAW_GATE1_HARD zoom=400 cold=1 operations=1000 samples=20000 steps=200 tiles=42 scanned=12000 rendered=122 max_supertask_us=5091 presentation_us=67382 total_us=181940 maximum_wall_us=500000 pass=1
[18:07:33] TINYDRAW_OVERLAP_WORKLOAD operations=8 samples=1200 radius_world=80
[18:07:34] TINYDRAW_GATE1_PACED_COLD corpus=overlap zoom=50 x=215 y=255 steps=604 tiles=56 compute_us=469901 present_us=83837 touch_us=704 pacing_us=15512 wall_us=569954 maximum_wall_us=500000 max_tick_us=10015 touch_samples=2745 touch_interval_max_us=1903 touch_read_max_us=591 touch_events=0 touch_down=0 touch_up=0 touch_events_ge_8ms=0 touch_event_age_max_us=0 touch_errors=0 touch_overflows=0 pass=0
[18:07:34] TINYDRAW_GATE1_PACED_COLD corpus=overlap zoom=100 x=583 y=703 steps=303 tiles=48 compute_us=262040 present_us=80783 touch_us=466 pacing_us=10685 wall_us=353974 maximum_wall_us=500000 max_tick_us=9990 touch_samples=422 touch_interval_max_us=1886 touch_read_max_us=424 touch_events=0 touch_down=0 touch_up=0 touch_events_ge_8ms=0 touch_event_age_max_us=0 touch_errors=0 touch_overflows=0 pass=1
[18:07:35] TINYDRAW_GATE1_PACED_COLD corpus=overlap zoom=200 x=1319 y=1599 steps=212 tiles=56 compute_us=239296 present_us=85182 touch_us=397 pacing_us=8081 wall_us=332956 maximum_wall_us=500000 max_tick_us=10340 touch_samples=399 touch_interval_max_us=1124 touch_read_max_us=447 touch_events=0 touch_down=0 touch_up=0 touch_events_ge_8ms=0 touch_event_age_max_us=0 touch_errors=0 touch_overflows=0 pass=1
[18:07:35] TINYDRAW_GATE1_PACED_COLD corpus=overlap zoom=400 x=2791 y=3391 steps=137 tiles=56 compute_us=206140 present_us=79971 touch_us=392 pacing_us=7471 wall_us=293974 maximum_wall_us=500000 max_tick_us=9124 touch_samples=365 touch_interval_max_us=1163 touch_read_max_us=433 touch_events=0 touch_down=0 touch_up=0 touch_events_ge_8ms=0 touch_event_age_max_us=0 touch_errors=0 touch_overflows=0 pass=1
[18:07:35] TINYDRAW_ADVERSARIAL_TAPERED_WORKLOAD operations=128 samples=4096 erasers=12 load_us=218867 appended=1
[18:07:36] TINYDRAW_GENERAL_COLD_WORKLOAD operations=910 samples=12157 hairline_operations=782 hairline_samples=8061 hairline_load_us=1129202 appended=1
[18:07:37] TINYDRAW_GATE1_PACED_COLD corpus=adversarial_tapered_4x+evil_hairlines zoom=50 x=0 y=0 steps=396 tiles=42 compute_us=410239 present_us=71460 touch_us=486 pacing_us=15768 wall_us=497953 maximum_wall_us=500000 max_tick_us=8772 touch_samples=1934 touch_interval_max_us=2042 touch_read_max_us=513 touch_events=0 touch_down=0 touch_up=0 touch_events_ge_8ms=0 touch_event_age_max_us=0 touch_errors=0 touch_overflows=0 pass=1
[18:07:37] TINYDRAW_GATE1_PACED_COLD corpus=adversarial_tapered_4x+evil_hairlines zoom=100 x=0 y=0 steps=702 tiles=42 compute_us=441811 present_us=69159 touch_us=506 pacing_us=15508 wall_us=526984 maximum_wall_us=500000 max_tick_us=8266 touch_samples=601 touch_interval_max_us=1159 touch_read_max_us=463 touch_events=0 touch_down=0 touch_up=0 touch_events_ge_8ms=0 touch_event_age_max_us=0 touch_errors=0 touch_overflows=0 pass=0
[18:07:38] TINYDRAW_GATE1_PACED_COLD corpus=adversarial_tapered_4x+evil_hairlines zoom=200 x=0 y=0 steps=1140 tiles=42 compute_us=574038 present_us=67738 touch_us=592 pacing_us=15983 wall_us=658351 maximum_wall_us=500000 max_tick_us=8141 touch_samples=736 touch_interval_max_us=1143 touch_read_max_us=418 touch_events=0 touch_down=0 touch_up=0 touch_events_ge_8ms=0 touch_event_age_max_us=0 touch_errors=0 touch_overflows=0 pass=0
[18:07:39] TINYDRAW_GATE1_PACED_COLD corpus=adversarial_tapered_4x+evil_hairlines zoom=400 x=0 y=0 steps=1123 tiles=42 compute_us=559037 present_us=66805 touch_us=571 pacing_us=20568 wall_us=646981 maximum_wall_us=500000 max_tick_us=8519 touch_samples=728 touch_interval_max_us=1133 touch_read_max_us=440 touch_events=0 touch_down=0 touch_up=0 touch_events_ge_8ms=0 touch_event_age_max_us=0 touch_errors=0 touch_overflows=0 pass=0
[18:07:40] TINYDRAW_GATE1_WORKLOAD kind=realistic seed=7 operations=1000 samples=19844 maximum_stroke=198 load_us=565041 raw_source=1 lod_copies=0
[18:07:40] TINYDRAW_GATE1_PACED_COLD corpus=seed7 zoom=400 x=63 y=63 steps=325 tiles=56 compute_us=234943 present_us=86362 touch_us=379 pacing_us=7291 wall_us=328975 maximum_wall_us=500000 max_tick_us=10015 touch_samples=1068 touch_interval_max_us=1999 touch_read_max_us=492 touch_events=0 touch_down=0 touch_up=0 touch_events_ge_8ms=0 touch_event_age_max_us=0 touch_errors=0 touch_overflows=0 pass=1
[18:07:40] TINYDRAW_LIVE_PRESENT kind=gate_fallback zoom=100 x=0 y=0 compose_us=16511 scroll_us=0 exposed_compose_us=0 chrome_us=6603 chrome_prepare_us=2206 chrome_stage_us=4397 read_submit_us=31068 read_complete_us=34618 transfer_wait_us=20877 tile_pixels=0 uniform_pixels=0 overview_pixels=0 fallback_pixels=164864 resident_tiles=0 fallback_tiles=42 pushes=11 tear_wait_us=12234 tear_edge_isr_to_resume_us=14 tear_edge_observed=1 tear_edge_wait_resumed=1 tear_edge_timeout=0 tear_heal_attempted=0 tear_heal_command_sent=0 presentation_experiment=boundary-top-sweep te_edge=rising requested_clock_mhz=50 effective_clock_mhz=40 frame_reused=0 pass=1
[18:07:40] TINYDRAW_GATE1_HARD zoom=100 cold=1 operations=1000 samples=19844 steps=386 tiles=42 scanned=12000 rendered=4945 max_supertask_us=5845 presentation_us=71135 total_us=415631 maximum_wall_us=500000 pass=1
[18:07:41] TINYDRAW_GATE1_OVERLAY_CANVAS regions=zoom,minimap,toolbar,battery operations=4 presentation_mutations=0 authority=1 pass=1
[18:07:41] TINYDRAW_GATE1_LIVE_OVERLAY clear_updates=48 clear_wall_max_us=3942 clear_submit_max_us=2160 clear_complete_max_us=3030 overlay_updates=48 overlay_wall_max_us=3919 overlay_submit_max_us=2086 overlay_complete_max_us=3139 overlay_chrome_max_us=231 clear_failures=0 overlay_failures=0 pass=1
[18:07:41] TINYDRAW_EDGE_INK corners=4 edge_failures=0 pass=1
[18:07:42] TINYDRAW_GATE1_PAN zoom=100 from_x=0 from_y=0 to_x=88 to_y=88 compose_us=15759 scroll_us=12 exposed_compose_us=15747 chrome_us=2332 event_submit_us=29823 event_complete_us=32963 transfer_us=16184 setup=1 present=1 moved=1 frame_reused=1 pass=1
[18:07:42] TINYDRAW_LIVE_PRESENT kind=gate_fallback zoom=400 x=0 y=0 compose_us=15613 scroll_us=0 exposed_compose_us=0 chrome_us=6485 chrome_prepare_us=2240 chrome_stage_us=4245 read_submit_us=23747 read_complete_us=27325 transfer_wait_us=20709 tile_pixels=0 uniform_pixels=0 overview_pixels=0 fallback_pixels=164864 resident_tiles=0 fallback_tiles=42 pushes=11 tear_wait_us=5776 tear_edge_isr_to_resume_us=14 tear_edge_observed=1 tear_edge_wait_resumed=1 tear_edge_timeout=0 tear_heal_attempted=0 tear_heal_command_sent=0 presentation_experiment=boundary-top-sweep te_edge=rising requested_clock_mhz=50 effective_clock_mhz=40 frame_reused=0 pass=1
[18:07:42] TINYDRAW_GATE1_HARD zoom=400 cold=1 operations=1008 samples=19852 steps=248 tiles=42 scanned=12096 rendered=551 max_supertask_us=6990 presentation_us=69682 total_us=239694 maximum_wall_us=500000 pass=1
[18:07:42] TINYDRAW_GATE1_PAN zoom=400 from_x=0 from_y=0 to_x=88 to_y=88 compose_us=15754 scroll_us=11 exposed_compose_us=15743 chrome_us=2158 event_submit_us=30084 event_complete_us=33225 transfer_us=15937 setup=1 present=1 moved=1 frame_reused=1 pass=1
[18:07:46] TINYDRAW_PANSEQ_FRAME zoom=100 step=0 dx=24 dy=18 scroll_us=12 exposed_compose_us=4769 chrome_us=2328 tear_wait_us=8547 present_us=16530 prepare_us=10614 acquire_wait_us=21 ring_copy_us=8272 patch_us=2333 byte_swap_us=9 staging_us=4191 event_submit_us=13459 event_complete_us=16606 frame_us=29975 tear_edge_observed=1 frame_reused=1 pass=1
[18:07:46] TINYDRAW_PANSEQ_FRAME zoom=100 step=1 dx=24 dy=18 scroll_us=10 exposed_compose_us=4826 chrome_us=2361 tear_wait_us=12076 present_us=15901 prepare_us=10604 acquire_wait_us=20 ring_copy_us=8231 patch_us=2364 byte_swap_us=9 staging_us=4202 event_submit_us=17029 event_complete_us=20185 frame_us=32923 tear_edge_observed=1 frame_reused=1 pass=1
[18:07:46] TINYDRAW_PANSEQ_FRAME zoom=100 step=2 dx=24 dy=18 scroll_us=12 exposed_compose_us=4470 chrome_us=2341 tear_wait_us=13084 present_us=16252 prepare_us=10594 acquire_wait_us=20 ring_copy_us=8242 patch_us=2344 byte_swap_us=8 staging_us=4201 event_submit_us=17696 event_complete_us=20828 frame_us=33936 tear_edge_observed=1 frame_reused=1 pass=1
[18:07:46] TINYDRAW_PANSEQ_FRAME zoom=100 step=3 dx=24 dy=18 scroll_us=9 exposed_compose_us=5075 chrome_us=2336 tear_wait_us=12120 present_us=16618 prepare_us=10589 acquire_wait_us=21 ring_copy_us=8233 patch_us=2350 byte_swap_us=6 staging_us=4192 event_submit_us=17317 event_complete_us=20457 frame_us=33928 tear_edge_observed=1 frame_reused=1 pass=1
[18:07:46] TINYDRAW_PANSEQ_FRAME zoom=100 step=4 dx=24 dy=18 scroll_us=12 exposed_compose_us=4571 chrome_us=2339 tear_wait_us=12249 present_us=15982 prepare_us=10616 acquire_wait_us=20 ring_copy_us=8274 patch_us=2334 byte_swap_us=8 staging_us=4191 event_submit_us=16966 event_complete_us=20115 frame_us=32937 tear_edge_observed=1 frame_reused=1 pass=1
[18:07:46] TINYDRAW_PANSEQ_FRAME zoom=100 step=5 dx=24 dy=18 scroll_us=9 exposed_compose_us=4824 chrome_us=2332 tear_wait_us=12636 present_us=16345 prepare_us=10593 acquire_wait_us=19 ring_copy_us=8250 patch_us=2334 byte_swap_us=9 staging_us=4211 event_submit_us=17591 event_complete_us=20753 frame_us=33928 tear_edge_observed=1 frame_reused=1 pass=1
[18:07:46] TINYDRAW_PANSEQ_FRAME zoom=100 step=6 dx=24 dy=18 scroll_us=12 exposed_compose_us=4498 chrome_us=2339 tear_wait_us=12603 present_us=15719 prepare_us=10625 acquire_wait_us=20 ring_copy_us=8273 patch_us=2344 byte_swap_us=8 staging_us=4169 event_submit_us=17237 event_complete_us=20375 frame_us=32944 tear_edge_observed=1 frame_reused=1 pass=1
[18:07:46] TINYDRAW_PANSEQ_FRAME zoom=100 step=7 dx=24 dy=18 scroll_us=10 exposed_compose_us=4930 chrome_us=2322 tear_wait_us=12788 present_us=16084 prepare_us=10570 acquire_wait_us=19 ring_copy_us=8232 patch_us=2330 byte_swap_us=8 staging_us=4221 event_submit_us=17845 event_complete_us=20996 frame_us=33920 tear_edge_observed=1 frame_reused=1 pass=1
[18:07:47] TINYDRAW_PANSEQ_FRAME zoom=100 step=8 dx=24 dy=18 scroll_us=12 exposed_compose_us=4899 chrome_us=2322 tear_wait_us=12459 present_us=16454 prepare_us=10623 acquire_wait_us=21 ring_copy_us=8288 patch_us=2326 byte_swap_us=9 staging_us=4186 event_submit_us=17496 event_complete_us=20648 frame_us=33937 tear_edge_observed=1 frame_reused=1 pass=1
[18:07:47] TINYDRAW_PANSEQ_FRAME zoom=100 step=9 dx=24 dy=18 scroll_us=9 exposed_compose_us=4908 chrome_us=2319 tear_wait_us=12086 present_us=15816 prepare_us=10549 acquire_wait_us=19 ring_copy_us=8214 patch_us=2327 byte_swap_us=8 staging_us=4254 event_submit_us=17119 event_complete_us=20263 frame_us=32928 tear_edge_observed=1 frame_reused=1 pass=1
[18:07:47] TINYDRAW_PANSEQ_FRAME zoom=100 step=10 dx=24 dy=18 scroll_us=12 exposed_compose_us=4583 chrome_us=2350 tear_wait_us=13036 present_us=16179 prepare_us=10607 acquire_wait_us=21 ring_copy_us=8259 patch_us=2341 byte_swap_us=7 staging_us=4204 event_submit_us=17769 event_complete_us=20911 frame_us=33937 tear_edge_observed=1 frame_reused=1 pass=1
[18:07:47] TINYDRAW_PANSEQ_FRAME zoom=100 step=11 dx=24 dy=18 scroll_us=9 exposed_compose_us=5322 chrome_us=2342 tear_wait_us=11944 present_us=16539 prepare_us=10556 acquire_wait_us=30 ring_copy_us=8203 patch_us=2345 byte_swap_us=8 staging_us=4228 event_submit_us=17402 event_complete_us=20545 frame_us=33928 tear_edge_observed=1 frame_reused=1 pass=1
[18:07:47] TINYDRAW_PANSEQ_FRAME zoom=100 step=12 dx=24 dy=18 scroll_us=12 exposed_compose_us=4680 chrome_us=2357 tear_wait_us=12233 present_us=15900 prepare_us=10620 acquire_wait_us=20 ring_copy_us=8252 patch_us=2359 byte_swap_us=9 staging_us=4183 event_submit_us=17048 event_complete_us=20185 frame_us=32937 tear_edge_observed=1 frame_reused=1 pass=1
[18:07:47] TINYDRAW_PANSEQ_FRAME zoom=100 step=13 dx=24 dy=18 scroll_us=9 exposed_compose_us=4954 chrome_us=2332 tear_wait_us=12611 present_us=16248 prepare_us=10579 acquire_wait_us=20 ring_copy_us=8229 patch_us=2342 byte_swap_us=8 staging_us=4219 event_submit_us=17689 event_complete_us=20835 frame_us=33928 tear_edge_observed=1 frame_reused=1 pass=1
[18:07:47] TINYDRAW_PANSEQ_FRAME zoom=100 step=14 dx=24 dy=18 scroll_us=12 exposed_compose_us=4722 chrome_us=2336 tear_wait_us=12466 present_us=16625 prepare_us=10638 acquire_wait_us=19 ring_copy_us=8286 patch_us=2344 byte_swap_us=8 staging_us=4141 event_submit_us=17323 event_complete_us=20450 frame_us=33937 tear_edge_observed=1 frame_reused=1 pass=1
[18:07:47] TINYDRAW_PANSEQ_FRAME zoom=100 step=15 dx=24 dy=18 scroll_us=9 exposed_compose_us=5053 chrome_us=2331 tear_wait_us=11770 present_us=15990 prepare_us=10580 acquire_wait_us=20 ring_copy_us=8231 patch_us=2340 byte_swap_us=9 staging_us=4230 event_submit_us=16946 event_complete_us=20098 frame_us=32928 tear_edge_observed=1 frame_reused=1 pass=1
[18:07:47] TINYDRAW_PANSEQ_FRAME zoom=100 step=16 dx=72 dy=54 scroll_us=12 exposed_compose_us=12879 chrome_us=2324 tear_wait_us=4567 present_us=16365 prepare_us=10600 acquire_wait_us=19 ring_copy_us=8266 patch_us=2325 byte_swap_us=9 staging_us=4183 event_submit_us=17583 event_complete_us=20720 frame_us=33937 tear_edge_observed=1 frame_reused=1 pass=1
[18:07:47] TINYDRAW_PANSEQ_FRAME zoom=100 step=17 dx=72 dy=54 scroll_us=9 exposed_compose_us=12679 chrome_us=2321 tear_wait_us=4390 present_us=15742 prepare_us=10561 acquire_wait_us=23 ring_copy_us=8223 patch_us=2330 byte_swap_us=8 staging_us=4239 event_submit_us=17194 event_complete_us=20344 frame_us=32928 tear_edge_observed=1 frame_reused=1 pass=1
[18:07:47] TINYDRAW_PANSEQ_FRAME zoom=100 step=18 dx=72 dy=54 scroll_us=12 exposed_compose_us=11990 chrome_us=2316 tear_wait_us=5707 present_us=16114 prepare_us=10594 acquire_wait_us=20 ring_copy_us=8265 patch_us=2321 byte_swap_us=8 staging_us=4205 event_submit_us=17836 event_complete_us=20987 frame_us=33936 tear_edge_observed=1 frame_reused=1 pass=1
[18:07:47] TINYDRAW_PANSEQ_FRAME zoom=100 step=19 dx=72 dy=54 scroll_us=9 exposed_compose_us=12233 chrome_us=2329 tear_wait_us=5099 present_us=16480 prepare_us=10590 acquire_wait_us=20 ring_copy_us=8243 patch_us=2338 byte_swap_us=9 staging_us=4241 event_submit_us=17463 event_complete_us=20643 frame_us=33929 tear_edge_observed=1 frame_reused=1 pass=1
[18:07:47] TINYDRAW_PANSEQ_FRAME zoom=100 step=20 dx=-72 dy=-54 scroll_us=12 exposed_compose_us=12969 chrome_us=2351 tear_wait_us=3981 present_us=15860 prepare_us=10600 acquire_wait_us=21 ring_copy_us=8238 patch_us=2355 byte_swap_us=7 staging_us=4187 event_submit_us=17087 event_complete_us=20223 frame_us=32935 tear_edge_observed=1 frame_reused=1 pass=1
[18:07:47] TINYDRAW_PANSEQ_FRAME zoom=100 step=21 dx=-72 dy=-54 scroll_us=9 exposed_compose_us=12792 chrome_us=2335 tear_wait_us=4778 present_us=16239 prepare_us=10547 acquire_wait_us=29 ring_copy_us=8196 patch_us=2342 byte_swap_us=9 staging_us=4224 event_submit_us=17698 event_complete_us=20818 frame_us=33928 tear_edge_observed=1 frame_reused=1 pass=1
[18:07:47] TINYDRAW_PANSEQ_FRAME zoom=100 step=22 dx=-72 dy=-54 scroll_us=12 exposed_compose_us=12777 chrome_us=2337 tear_wait_us=4411 present_us=16626 prepare_us=10613 acquire_wait_us=20 ring_copy_us=8260 patch_us=2345 byte_swap_us=8 staging_us=4160 event_submit_us=17322 event_complete_us=20442 frame_us=33936 tear_edge_observed=1 frame_reused=1 pass=1
[18:07:47] TINYDRAW_PANSEQ_FRAME zoom=100 step=23 dx=-72 dy=-54 scroll_us=9 exposed_compose_us=12324 chrome_us=2348 tear_wait_us=4484 present_us=15997 prepare_us=10558 acquire_wait_us=18 ring_copy_us=8199 patch_us=2351 byte_swap_us=8 staging_us=4226 event_submit_us=16940 event_complete_us=20080 frame_us=32928 tear_edge_observed=1 frame_reused=1 pass=1
[18:07:47] TINYDRAW_PANSEQ_STRIP zoom=100 strip=0 panel_y=0 rows=44 samples=24 staging_mean_us=1336 staging_max_us=1369 wire_budget_us=1619 over_budget_us=0 pass=1
[18:07:47] TINYDRAW_PANSEQ_STRIP zoom=100 strip=1 panel_y=44 rows=44 samples=24 staging_mean_us=1226 staging_max_us=1237 wire_budget_us=1619 over_budget_us=0 pass=1
[18:07:47] TINYDRAW_PANSEQ_STRIP zoom=100 strip=2 panel_y=88 rows=44 samples=24 staging_mean_us=1174 staging_max_us=1188 wire_budget_us=1619 over_budget_us=0 pass=1
[18:07:47] TINYDRAW_PANSEQ_STRIP zoom=100 strip=3 panel_y=132 rows=44 samples=24 staging_mean_us=1167 staging_max_us=1177 wire_budget_us=1619 over_budget_us=0 pass=1
[18:07:47] TINYDRAW_PANSEQ_STRIP zoom=100 strip=4 panel_y=176 rows=44 samples=24 staging_mean_us=1169 staging_max_us=1180 wire_budget_us=1619 over_budget_us=0 pass=1
[18:07:47] TINYDRAW_PANSEQ_STRIP zoom=100 strip=5 panel_y=220 rows=44 samples=24 staging_mean_us=1193 staging_max_us=1208 wire_budget_us=1619 over_budget_us=0 pass=1
[18:07:47] TINYDRAW_PANSEQ_STRIP zoom=100 strip=6 panel_y=264 rows=44 samples=24 staging_mean_us=1361 staging_max_us=1375 wire_budget_us=1619 over_budget_us=0 pass=1
[18:07:47] TINYDRAW_PANSEQ_STRIP zoom=100 strip=7 panel_y=308 rows=44 samples=24 staging_mean_us=1351 staging_max_us=1365 wire_budget_us=1619 over_budget_us=0 pass=1
[18:07:47] TINYDRAW_PANSEQ_STRIP zoom=100 strip=8 panel_y=352 rows=20 samples=24 staging_mean_us=632 staging_max_us=646 wire_budget_us=736 over_budget_us=0 pass=1
[18:07:47] TINYDRAW_GATE1_PANSEQ zoom=100 frames=24 scroll_avg_us=10 exposed_avg_us=7405 chrome_avg_us=2335 tear_wait_avg_us=9671 present_avg_us=16191 prepare_avg_us=10592 acquire_wait_avg_us=20 ring_copy_avg_us=8244 patch_avg_us=2340 byte_swap_avg_us=8 staging_avg_us=4203 frame_avg_us=33392 frame_p50_us=33928 frame_p95_us=33937 frame_max_us=33937 complete_p50_us=20450 complete_p95_us=20987 complete_max_us=20996 tear_edge_failures=0 presentation_experiment=boundary-top-sweep te_edge=rising requested_clock_mhz=50 effective_clock_mhz=40 chrome_bottom_redraws=0 chrome_battery_redraws=0 chrome_zoom_redraws=0 chrome_minimap_base_redraws=0 strip_samples=216 staging_mean_us=1179 staging_max_us=1375 worst_strip=8 worst_strip_y=352 worst_wire_budget_us=736 worst_headroom_us=90 staging_invariant=1 pacing_pass=1 all_reused=1 pass=1
[18:07:50] TINYDRAW_PANSEQ_FRAME zoom=400 step=0 dx=24 dy=18 scroll_us=12 exposed_compose_us=4754 chrome_us=2138 tear_wait_us=8700 present_us=16387 prepare_us=10422 acquire_wait_us=21 ring_copy_us=8266 patch_us=2148 byte_swap_us=8 staging_us=4382 event_submit_us=13595 event_complete_us=16751 frame_us=29974 tear_edge_observed=1 frame_reused=1 pass=1
[18:07:50] TINYDRAW_PANSEQ_FRAME zoom=400 step=1 dx=24 dy=18 scroll_us=11 exposed_compose_us=4718 chrome_us=2148 tear_wait_us=12323 present_us=15760 prepare_us=10398 acquire_wait_us=18 ring_copy_us=8236 patch_us=2154 byte_swap_us=8 staging_us=4403 event_submit_us=17169 event_complete_us=20326 frame_us=32924 tear_edge_observed=1 frame_reused=1 pass=1
[18:07:50] TINYDRAW_PANSEQ_FRAME zoom=400 step=2 dx=24 dy=18 scroll_us=12 exposed_compose_us=4389 chrome_us=2144 tear_wait_us=13279 present_us=16136 prepare_us=10418 acquire_wait_us=20 ring_copy_us=8263 patch_us=2148 byte_swap_us=7 staging_us=4377 event_submit_us=17807 event_complete_us=20946 frame_us=33932 tear_edge_observed=1 frame_reused=1 pass=1
[18:07:50] TINYDRAW_PANSEQ_FRAME zoom=400 step=3 dx=24 dy=18 scroll_us=11 exposed_compose_us=4825 chrome_us=2175 tear_wait_us=12467 present_us=16504 prepare_us=10401 acquire_wait_us=18 ring_copy_us=8222 patch_us=2170 byte_swap_us=9 staging_us=4408 event_submit_us=17434 event_complete_us=20587 frame_us=33928 tear_edge_observed=1 frame_reused=1 pass=1
[18:07:50] TINYDRAW_PANSEQ_FRAME zoom=400 step=4 dx=24 dy=18 scroll_us=12 exposed_compose_us=4352 chrome_us=2176 tear_wait_us=12584 present_us=15868 prepare_us=10447 acquire_wait_us=20 ring_copy_us=8261 patch_us=2178 byte_swap_us=8 staging_us=4345 event_submit_us=17078 event_complete_us=20216 frame_us=32935 tear_edge_observed=1 frame_reused=1 pass=1
[18:07:50] TINYDRAW_PANSEQ_FRAME zoom=400 step=5 dx=24 dy=18 scroll_us=10 exposed_compose_us=4622 chrome_us=2166 tear_wait_us=12949 present_us=16236 prepare_us=10407 acquire_wait_us=19 ring_copy_us=8225 patch_us=2173 byte_swap_us=9 staging_us=4404 event_submit_us=17700 event_complete_us=20848 frame_us=33928 tear_edge_observed=1 frame_reused=1 pass=1
[18:07:50] TINYDRAW_PANSEQ_FRAME zoom=400 step=6 dx=24 dy=18 scroll_us=12 exposed_compose_us=4504 chrome_us=2159 tear_wait_us=12706 present_us=16600 prepare_us=10444 acquire_wait_us=18 ring_copy_us=8275 patch_us=2162 byte_swap_us=7 staging_us=4342 event_submit_us=17345 event_complete_us=20478 frame_us=33934 tear_edge_observed=1 frame_reused=1 pass=1
[18:07:50] TINYDRAW_PANSEQ_FRAME zoom=400 step=7 dx=24 dy=18 scroll_us=10 exposed_compose_us=5104 chrome_us=2161 tear_wait_us=11735 present_us=15966 prepare_us=10397 acquire_wait_us=19 ring_copy_us=8222 patch_us=2167 byte_swap_us=8 staging_us=4395 event_submit_us=16970 event_complete_us=20114 frame_us=32929 tear_edge_observed=1 frame_reused=1 pass=1
[18:07:50] TINYDRAW_PANSEQ_FRAME zoom=400 step=8 dx=24 dy=18 scroll_us=12 exposed_compose_us=5131 chrome_us=2150 tear_wait_us=12342 present_us=16331 prepare_us=10432 acquire_wait_us=20 ring_copy_us=8273 patch_us=2151 byte_swap_us=8 staging_us=4351 event_submit_us=17614 event_complete_us=20759 frame_us=33934 tear_edge_observed=1 frame_reused=1 pass=1
[18:07:50] TINYDRAW_PANSEQ_FRAME zoom=400 step=9 dx=24 dy=18 scroll_us=10 exposed_compose_us=5150 chrome_us=2152 tear_wait_us=11962 present_us=16698 prepare_us=10405 acquire_wait_us=19 ring_copy_us=8237 patch_us=2159 byte_swap_us=9 staging_us=4392 event_submit_us=17238 event_complete_us=20387 frame_us=33929 tear_edge_observed=1 frame_reused=1 pass=1
[18:07:50] TINYDRAW_PANSEQ_FRAME zoom=400 step=10 dx=24 dy=18 scroll_us=12 exposed_compose_us=4747 chrome_us=2151 tear_wait_us=11968 present_us=16084 prepare_us=10421 acquire_wait_us=20 ring_copy_us=8259 patch_us=2154 byte_swap_us=8 staging_us=4370 event_submit_us=16853 event_complete_us=19994 frame_us=32934 tear_edge_observed=1 frame_reused=1 pass=1
[18:07:50] TINYDRAW_PANSEQ_FRAME zoom=400 step=11 dx=24 dy=18 scroll_us=10 exposed_compose_us=5618 chrome_us=2145 tear_wait_us=11713 present_us=16473 prepare_us=10394 acquire_wait_us=19 ring_copy_us=8238 patch_us=2149 byte_swap_us=7 staging_us=4415 event_submit_us=17469 event_complete_us=20618 frame_us=33929 tear_edge_observed=1 frame_reused=1 pass=1
[18:07:50] TINYDRAW_PANSEQ_FRAME zoom=400 step=12 dx=24 dy=18 scroll_us=12 exposed_compose_us=4977 chrome_us=2171 tear_wait_us=11965 present_us=15865 prepare_us=10445 acquire_wait_us=19 ring_copy_us=8259 patch_us=2177 byte_swap_us=9 staging_us=4350 event_submit_us=17081 event_complete_us=20217 frame_us=32934 tear_edge_observed=1 frame_reused=1 pass=1
[18:07:50] TINYDRAW_PANSEQ_FRAME zoom=400 step=13 dx=24 dy=18 scroll_us=10 exposed_compose_us=5184 chrome_us=2166 tear_wait_us=12373 present_us=16247 prepare_us=10407 acquire_wait_us=19 ring_copy_us=8230 patch_us=2168 byte_swap_us=9 staging_us=4390 event_submit_us=17690 event_complete_us=20839 frame_us=33929 tear_edge_observed=1 frame_reused=1 pass=1
[18:07:50] TINYDRAW_PANSEQ_FRAME zoom=400 step=14 dx=24 dy=18 scroll_us=12 exposed_compose_us=5017 chrome_us=2172 tear_wait_us=12152 present_us=16637 prepare_us=10461 acquire_wait_us=19 ring_copy_us=8282 patch_us=2172 byte_swap_us=7 staging_us=4322 event_submit_us=17308 event_complete_us=20441 frame_us=33934 tear_edge_observed=1 frame_reused=1 pass=1
[18:07:50] TINYDRAW_PANSEQ_FRAME zoom=400 step=15 dx=24 dy=18 scroll_us=19 exposed_compose_us=5313 chrome_us=2173 tear_wait_us=11471 present_us=16014 prepare_us=10395 acquire_wait_us=19 ring_copy_us=8209 patch_us=2179 byte_swap_us=7 staging_us=4393 event_submit_us=16927 event_complete_us=20068 frame_us=32929 tear_edge_observed=1 frame_reused=1 pass=1
[18:07:50] TINYDRAW_PANSEQ_FRAME zoom=400 step=16 dx=72 dy=54 scroll_us=12 exposed_compose_us=13705 chrome_us=2139 tear_wait_us=3720 present_us=16380 prepare_us=10420 acquire_wait_us=22 ring_copy_us=8268 patch_us=2144 byte_swap_us=8 staging_us=4374 event_submit_us=17565 event_complete_us=20711 frame_us=33934 tear_edge_observed=1 frame_reused=1 pass=1
[18:07:50] TINYDRAW_PANSEQ_FRAME zoom=400 step=17 dx=72 dy=54 scroll_us=10 exposed_compose_us=13317 chrome_us=2150 tear_wait_us=3726 present_us=15761 prepare_us=10404 acquire_wait_us=21 ring_copy_us=8243 patch_us=2153 byte_swap_us=8 staging_us=4419 event_submit_us=17175 event_complete_us=20350 frame_us=32929 tear_edge_observed=1 frame_reused=1 pass=1
[18:07:50] TINYDRAW_PANSEQ_FRAME zoom=400 step=18 dx=72 dy=54 scroll_us=12 exposed_compose_us=13366 chrome_us=2144 tear_wait_us=4301 present_us=16144 prepare_us=10395 acquire_wait_us=19 ring_copy_us=8236 patch_us=2150 byte_swap_us=9 staging_us=4384 event_submit_us=17801 event_complete_us=20923 frame_us=33934 tear_edge_observed=1 frame_reused=1 pass=1
[18:07:50] TINYDRAW_PANSEQ_FRAME zoom=400 step=19 dx=72 dy=54 scroll_us=10 exposed_compose_us=14172 chrome_us=2166 tear_wait_us=3112 present_us=16520 prepare_us=10415 acquire_wait_us=20 ring_copy_us=8239 patch_us=2170 byte_swap_us=6 staging_us=4397 event_submit_us=17424 event_complete_us=20585 frame_us=33928 tear_edge_observed=1 frame_reused=1 pass=1
[18:07:50] TINYDRAW_PANSEQ_FRAME zoom=400 step=20 dx=-72 dy=-54 scroll_us=12 exposed_compose_us=13727 chrome_us=2176 tear_wait_us=3186 present_us=15903 prepare_us=10444 acquire_wait_us=21 ring_copy_us=8248 patch_us=2187 byte_swap_us=9 staging_us=4359 event_submit_us=17043 event_complete_us=20184 frame_us=32935 tear_edge_observed=1 frame_reused=1 pass=1
[18:07:50] TINYDRAW_PANSEQ_FRAME zoom=400 step=21 dx=-72 dy=-54 scroll_us=10 exposed_compose_us=13404 chrome_us=2160 tear_wait_us=4118 present_us=16285 prepare_us=10380 acquire_wait_us=19 ring_copy_us=8207 patch_us=2165 byte_swap_us=8 staging_us=4388 event_submit_us=17666 event_complete_us=20789 frame_us=33929 tear_edge_observed=1 frame_reused=1 pass=1
[18:07:50] TINYDRAW_PANSEQ_FRAME zoom=400 step=22 dx=-72 dy=-54 scroll_us=12 exposed_compose_us=13272 chrome_us=2148 tear_wait_us=3880 present_us=16655 prepare_us=10429 acquire_wait_us=23 ring_copy_us=8258 patch_us=2161 byte_swap_us=10 staging_us=4353 event_submit_us=17290 event_complete_us=20416 frame_us=33934 tear_edge_observed=1 frame_reused=1 pass=1
[18:07:50] TINYDRAW_PANSEQ_FRAME zoom=400 step=23 dx=-72 dy=-54 scroll_us=11 exposed_compose_us=12422 chrome_us=2169 tear_wait_us=4349 present_us=16026 prepare_us=10378 acquire_wait_us=18 ring_copy_us=8202 patch_us=2168 byte_swap_us=8 staging_us=4412 event_submit_us=16917 event_complete_us=20058 frame_us=32929 tear_edge_observed=1 frame_reused=1 pass=1
[18:07:50] TINYDRAW_PANSEQ_STRIP zoom=400 strip=0 panel_y=0 rows=44 samples=24 staging_mean_us=1334 staging_max_us=1353 wire_budget_us=1619 over_budget_us=0 pass=1
[18:07:50] TINYDRAW_PANSEQ_STRIP zoom=400 strip=1 panel_y=44 rows=44 samples=24 staging_mean_us=1224 staging_max_us=1236 wire_budget_us=1619 over_budget_us=0 pass=1
[18:07:50] TINYDRAW_PANSEQ_STRIP zoom=400 strip=2 panel_y=88 rows=44 samples=24 staging_mean_us=1173 staging_max_us=1188 wire_budget_us=1619 over_budget_us=0 pass=1
[18:07:50] TINYDRAW_PANSEQ_STRIP zoom=400 strip=3 panel_y=132 rows=44 samples=24 staging_mean_us=1167 staging_max_us=1182 wire_budget_us=1619 over_budget_us=0 pass=1
[18:07:50] TINYDRAW_PANSEQ_STRIP zoom=400 strip=4 panel_y=176 rows=44 samples=24 staging_mean_us=1169 staging_max_us=1182 wire_budget_us=1619 over_budget_us=0 pass=1
[18:07:50] TINYDRAW_PANSEQ_STRIP zoom=400 strip=5 panel_y=220 rows=44 samples=24 staging_mean_us=1149 staging_max_us=1165 wire_budget_us=1619 over_budget_us=0 pass=1
[18:07:50] TINYDRAW_PANSEQ_STRIP zoom=400 strip=6 panel_y=264 rows=44 samples=24 staging_mean_us=1315 staging_max_us=1334 wire_budget_us=1619 over_budget_us=0 pass=1
[18:07:51] TINYDRAW_PANSEQ_STRIP zoom=400 strip=7 panel_y=308 rows=44 samples=24 staging_mean_us=1309 staging_max_us=1325 wire_budget_us=1619 over_budget_us=0 pass=1
[18:07:51] TINYDRAW_PANSEQ_STRIP zoom=400 strip=8 panel_y=352 rows=20 samples=24 staging_mean_us=590 staging_max_us=605 wire_budget_us=736 over_budget_us=0 pass=1
[18:07:51] TINYDRAW_GATE1_PANSEQ zoom=400 frames=24 scroll_avg_us=11 exposed_avg_us=7741 chrome_avg_us=2158 tear_wait_avg_us=9295 present_avg_us=16228 prepare_avg_us=10414 acquire_wait_avg_us=19 ring_copy_avg_us=8244 patch_avg_us=2162 byte_swap_avg_us=8 staging_avg_us=4380 frame_avg_us=33391 frame_p50_us=33928 frame_p95_us=33934 frame_max_us=33934 complete_p50_us=20416 complete_p95_us=20923 complete_max_us=20946 tear_edge_failures=0 presentation_experiment=boundary-top-sweep te_edge=rising requested_clock_mhz=50 effective_clock_mhz=40 chrome_bottom_redraws=0 chrome_battery_redraws=0 chrome_zoom_redraws=0 chrome_minimap_base_redraws=0 strip_samples=216 staging_mean_us=1159 staging_max_us=1353 worst_strip=8 worst_strip_y=352 worst_wire_budget_us=736 worst_headroom_us=131 staging_invariant=1 pacing_pass=1 all_reused=1 pass=1
[18:07:51] TINYDRAW_GATE1_PAN_BOUNDARY zoom=100 slow_1px_trace=1 below_delta=94 below_reused=1 at_delta=96 at_reused=1 above_delta=98 above_fallback=1 pass=1
[18:07:51] TINYDRAW_GATE1_PAN_BOUNDARY zoom=400 slow_1px_trace=1 below_delta=94 below_reused=1 at_delta=96 at_reused=1 above_delta=98 above_fallback=1 pass=1
[18:07:52] TINYDRAW_GATE1_DRAW_FILL zoom=400 revision=2930 append_us=1009 poll_gap_us=96 event_submit_us=224 event_complete_us=2144 max_compute_slice_us=4839 max_display_slice_us=17268 fill_us=247702 revision_restarted=1 pass=1
[18:07:52] TINYDRAW_GATE1_CACHE_FILL zoom=50 x=63 y=63 published=56 total_us=709966 within_cold_gate=0 complete=1
[18:07:53] TINYDRAW_GATE1_CACHE_FILL zoom=100 x=63 y=63 published=56 total_us=559967 within_cold_gate=0 complete=1
[18:07:53] TINYDRAW_GATE1_CACHE_FILL zoom=200 x=63 y=63 published=56 total_us=407966 within_cold_gate=1 complete=1
[18:07:54] TINYDRAW_GATE1_CACHE_FILL zoom=400 x=63 y=63 published=56 total_us=346969 within_cold_gate=1 complete=1
[18:07:54] TINYDRAW_GATE1_CACHE_REVISIT zoom=50 remaining=0 tile_pixels=118128 fallback_pixels=0 compose_us=17485 complete_us=20641 hit=1
[18:07:54] TINYDRAW_GATE1_CACHE_REVISIT zoom=100 remaining=0 tile_pixels=164864 fallback_pixels=0 compose_us=19358 complete_us=20201 hit=1
[18:07:54] TINYDRAW_GATE1_CACHE_REVISIT zoom=200 remaining=0 tile_pixels=164864 fallback_pixels=0 compose_us=20299 complete_us=20768 hit=1
[18:07:54] TINYDRAW_GATE1_CACHE_REVISIT zoom=400 remaining=0 tile_pixels=164608 fallback_pixels=0 compose_us=21249 complete_us=20326 hit=1
[18:07:54] TINYDRAW_GATE1_CACHE_FILL zoom=400 x=575 y=575 published=56 total_us=378969 within_cold_gate=1 complete=1
[18:07:55] TINYDRAW_GATE1_CACHE_ROUND_TRIP zoom=50 from_x=63 from_y=63 via_x=575 via_y=575 remaining=0 tile_pixels=118128 fallback_pixels=0 compose_us=17551 complete_us=20599 hit=1
[18:07:55] TINYDRAW_GATE1_CACHE_ROUND_TRIP zoom=100 from_x=63 from_y=63 via_x=575 via_y=575 remaining=0 tile_pixels=164864 fallback_pixels=0 compose_us=19399 complete_us=20155 hit=1
[18:07:55] TINYDRAW_GATE1_CACHE_ROUND_TRIP zoom=200 from_x=63 from_y=63 via_x=575 via_y=575 remaining=0 tile_pixels=164864 fallback_pixels=0 compose_us=20288 complete_us=20738 hit=1
[18:07:55] TINYDRAW_GATE1_CACHE_ROUND_TRIP zoom=400 from_x=63 from_y=63 via_x=575 via_y=575 remaining=0 tile_pixels=164608 fallback_pixels=0 compose_us=21250 complete_us=20315 hit=1
[18:07:55] TINYDRAW_GATE1_CACHE_RETENTION pass=1 slots=448 revision=2930
[18:07:56] TINYDRAW_PAPER_SWEEP zoom=100 identities=644 raw=266 uniform=378 fallback=0 slots=448 total_us=1519126 pass=1
[18:07:56] TINYDRAW_RERENDER_LEDGER_RESET site=cache_tour_start
[18:08:01] TINYDRAW_GATE1_CACHE_TOUR slots=448 stops=16 forward_steps=2595 forward_tiles=832 forward_wall_us=2131522 return_missing_tiles=0 return_steps=16 return_tiles=0 return_wall_us=42225 home_missing=0 home_fallback_pixels=0 pass=1
[18:08:01] TINYDRAW_RERENDER_LEDGER site=cache_tour renders=137 unique=137 amplification=1.000 cold=137 damage=0 evict=0 stale=0 unexplained=0
[18:08:01] TINYDRAW_GATE1_MIXED_DRAW_WARM zoom=50 fill_tiles=56 fill_us=625335 raw=42 uniform=14
[18:08:02] TINYDRAW_GATE1_MIXED_DRAW_WARM zoom=100 fill_tiles=56 fill_us=474083 raw=56 uniform=0
[18:08:02] TINYDRAW_GATE1_MIXED_DRAW_WARM zoom=200 fill_tiles=56 fill_us=382673 raw=56 uniform=0
[18:08:03] TINYDRAW_GATE1_MIXED_DRAW_WARM zoom=400 fill_tiles=42 fill_us=243002 raw=42 uniform=0
[18:08:04] TINYDRAW_GATE1_MIXED_DRAW zoom=25 tool=pen chunks=50 append_max_us=13105 append_avg_us=11728 append_total_us=586446 affected_tiles=196 published=0 fallback=196 visible_fallback=0 ph_prepare_max_us=167 ph_overview_max_us=8926 ph_enumerate_max_us=562 ph_uniform_max_us=92 ph_raw_max_us=13 ph_commit_max_us=3496 committed=1 authority=1 refresh=1 run_ok=1 pass=1
[18:08:04] TINYDRAW_GATE1_MIXED_DRAW zoom=25 tool=eraser chunks=50 append_max_us=13177 append_avg_us=11666 append_total_us=583344 affected_tiles=0 published=0 fallback=0 visible_fallback=0 ph_prepare_max_us=150 ph_overview_max_us=9017 ph_enumerate_max_us=441 ph_uniform_max_us=15 ph_raw_max_us=11 ph_commit_max_us=3539 committed=1 authority=1 refresh=1 run_ok=1 pass=1
[18:08:07] TINYDRAW_GATE1_MIXED_DRAW zoom=50 tool=pen chunks=50 append_max_us=19005 append_avg_us=16064 append_total_us=803218 affected_tiles=422 published=400 fallback=22 visible_fallback=0 ph_prepare_max_us=191 ph_overview_max_us=3798 ph_enumerate_max_us=500 ph_uniform_max_us=5252 ph_raw_max_us=11881 ph_commit_max_us=1662 committed=1 authority=1 refresh=1 run_ok=1 pass=0
[18:08:08] TINYDRAW_GATE1_MIXED_DRAW zoom=50 tool=eraser chunks=50 append_max_us=17526 append_avg_us=15793 append_total_us=789687 affected_tiles=405 published=405 fallback=0 visible_fallback=0 ph_prepare_max_us=185 ph_overview_max_us=3776 ph_enumerate_max_us=514 ph_uniform_max_us=26 ph_raw_max_us=11904 ph_commit_max_us=1472 committed=1 authority=1 refresh=1 run_ok=1 pass=0
[18:08:10] TINYDRAW_GATE1_MIXED_DRAW zoom=100 tool=pen chunks=50 append_max_us=15512 append_avg_us=13520 append_total_us=676033 affected_tiles=450 published=398 fallback=52 visible_fallback=0 ph_prepare_max_us=186 ph_overview_max_us=1899 ph_enumerate_max_us=512 ph_uniform_max_us=4305 ph_raw_max_us=11857 ph_commit_max_us=959 committed=1 authority=1 refresh=1 run_ok=1 pass=0
[18:08:10] TINYDRAW_GATE1_MIXED_DRAW zoom=100 tool=eraser chunks=50 append_max_us=14849 append_avg_us=13299 append_total_us=664979 affected_tiles=399 published=399 fallback=0 visible_fallback=0 ph_prepare_max_us=183 ph_overview_max_us=1915 ph_enumerate_max_us=492 ph_uniform_max_us=26 ph_raw_max_us=11897 ph_commit_max_us=810 committed=1 authority=1 refresh=1 run_ok=1 pass=1
[18:08:12] TINYDRAW_GATE1_MIXED_DRAW zoom=200 tool=pen chunks=50 append_max_us=15008 append_avg_us=12489 append_total_us=624467 affected_tiles=425 published=389 fallback=36 visible_fallback=0 ph_prepare_max_us=171 ph_overview_max_us=1051 ph_enumerate_max_us=556 ph_uniform_max_us=4427 ph_raw_max_us=11870 ph_commit_max_us=800 committed=1 authority=1 refresh=1 run_ok=1 pass=0
[18:08:13] TINYDRAW_GATE1_MIXED_DRAW zoom=200 tool=eraser chunks=50 append_max_us=13969 append_avg_us=12220 append_total_us=611028 affected_tiles=388 published=388 fallback=0 visible_fallback=0 ph_prepare_max_us=183 ph_overview_max_us=1060 ph_enumerate_max_us=572 ph_uniform_max_us=23 ph_raw_max_us=11954 ph_commit_max_us=623 committed=1 authority=1 refresh=1 run_ok=1 pass=1
[18:08:15] TINYDRAW_GATE1_MIXED_DRAW zoom=400 tool=pen chunks=50 append_max_us=14032 append_avg_us=11596 append_total_us=579844 affected_tiles=359 published=334 fallback=25 visible_fallback=0 ph_prepare_max_us=189 ph_overview_max_us=708 ph_enumerate_max_us=657 ph_uniform_max_us=3264 ph_raw_max_us=11368 ph_commit_max_us=690 committed=1 authority=1 refresh=1 run_ok=1 pass=1
[18:08:16] TINYDRAW_GATE1_MIXED_DRAW zoom=400 tool=eraser chunks=50 append_max_us=13128 append_avg_us=11481 append_total_us=574051 affected_tiles=350 published=350 fallback=0 visible_fallback=0 ph_prepare_max_us=192 ph_overview_max_us=701 ph_enumerate_max_us=600 ph_uniform_max_us=31 ph_raw_max_us=11410 ph_commit_max_us=616 committed=1 authority=1 refresh=1 run_ok=1 pass=1
[18:08:16] TINYDRAW_GATE1_MIXED_DRAW_REVISIT zoom=50 missing=4 refill_tiles=4 refill_us=240225
[18:08:17] TINYDRAW_GATE1_MIXED_DRAW_REVISIT zoom=100 missing=9 refill_tiles=9 refill_us=390646
[18:08:17] TINYDRAW_GATE1_MIXED_DRAW_REVISIT zoom=200 missing=16 refill_tiles=16 refill_us=345167
[18:08:17] TINYDRAW_GATE1_MIXED_DRAW_REVISIT zoom=400 missing=0 refill_tiles=0 refill_us=959
[18:08:17] TINYDRAW_GATE1_MIXED_DRAW_SUMMARY slots=448 strokes=10 worst_append_us=19005 pass=0
[18:08:23] TINYDRAW_GATE1_IDLE_REPAIR damaged=588 remaining=0 plan_views=24 steps=5805 repair_us=4043637 worst_step_us=6354 warm_tiles=56 pass=1
[18:08:24] TINYDRAW_INKTRACE trace=fast-curve-dense-25 zoom=25 events=411 consumed=371 coalesced=40 down=1/1 up=1/1 max_time_gap_us=23998 max_space_gap_px=55.33 e2c_p50=503 e2c_p95=613 e2c_max=2501 e2g_p95=769 e2s_p95=2624 e2d_p50=2288 e2d_p95=3625 e2d_max=4151 latency_samples=33 presentation_failures=0 commit_failures=0 overflows=0 revision=3482 latency_pass=1 pass=1
[18:08:25] TINYDRAW_INKTRACE trace=fast-curve-400 zoom=400 events=414 consumed=382 coalesced=32 down=1/1 up=1/1 max_time_gap_us=9163 max_space_gap_px=65.51 e2c_p50=503 e2c_p95=573 e2c_max=1571 e2g_p95=774 e2s_p95=2654 e2d_p50=2434 e2d_p95=3918 e2d_max=3921 latency_samples=33 presentation_failures=0 commit_failures=0 overflows=0 revision=3484 latency_pass=1 pass=1
[18:08:27] TINYDRAW_INKTRACE trace=fast-curve-400-xl zoom=400 events=2296 consumed=1935 coalesced=361 down=1/1 up=1/1 max_time_gap_us=12523 max_space_gap_px=47.85 e2c_p50=503 e2c_p95=571 e2c_max=2071 e2g_p95=779 e2s_p95=2962 e2d_p50=3253 e2d_p95=4584 e2d_max=8072 latency_samples=172 presentation_failures=0 commit_failures=0 overflows=0 revision=3490 latency_pass=1 pass=1
[18:08:28] TINYDRAW_INKTRACE trace=slow-precise-100 zoom=100 events=741 consumed=734 coalesced=7 down=1/1 up=1/1 max_time_gap_us=8184 max_space_gap_px=13.45 e2c_p50=503 e2c_p95=1051 e2c_max=1573 e2g_p95=771 e2s_p95=1774 e2d_p50=1938 e2d_p95=2238 e2d_max=2266 latency_samples=53 presentation_failures=0 commit_failures=0 overflows=0 revision=3492 latency_pass=1 pass=1
[18:08:31] TINYDRAW_INKTRACE trace=scribble-multistroke zoom=100 events=848 consumed=734 coalesced=114 down=7/7 up=7/7 max_time_gap_us=6071 max_space_gap_px=109.46 e2c_p50=503 e2c_p95=572 e2c_max=1573 e2g_p95=770 e2s_p95=3413 e2d_p50=3150 e2d_p95=5223 e2d_max=6197 latency_samples=55 presentation_failures=0 commit_failures=0 overflows=0 revision=3499 latency_pass=1 pass=1
[18:08:32] TINYDRAW_HAIRLINE_DOC ops=782 samples=8061 append_total_us=1070593 append_max_us=7064
[18:08:33] TINYDRAW_GATE1_PACED_COLD corpus=evil_hairlines_capacity zoom=100 x=552 y=672 steps=236 tiles=56 compute_us=253283 present_us=78203 touch_us=400 pacing_us=7088 wall_us=338974 maximum_wall_us=500000 max_tick_us=9281 touch_samples=52076 touch_interval_max_us=2112 touch_read_max_us=604 touch_events=0 touch_down=0 touch_up=0 touch_events_ge_8ms=0 touch_event_age_max_us=0 touch_errors=0 touch_overflows=0 pass=1
[18:08:33] TINYDRAW_GATE1_PACED_COLD corpus=evil_hairlines_capacity zoom=400 x=2760 y=3360 steps=209 tiles=48 compute_us=164191 present_us=76718 touch_us=331 pacing_us=5733 wall_us=246973 maximum_wall_us=500000 max_tick_us=9160 touch_samples=328 touch_interval_max_us=1143 touch_read_max_us=439 touch_events=0 touch_down=0 touch_up=0 touch_events_ge_8ms=0 touch_event_age_max_us=0 touch_errors=0 touch_overflows=0 pass=1
[18:08:36] TINYDRAW_HAIRLINE_REPAIR steps=2814 wall_us=2574526 worst_step_us=7624 resident=407/448 grid_stopped=1 pass2_steps=8 pass2_wall_us=11414 no_churn=1
[18:08:37] TINYDRAW_HAIRLINE_TOUR stops=8 total_us=1118952 worst_stop_us=234858 worst_step_us=7258
[18:08:37] TINYDRAW_GATE1_HAIRLINE raw=339 uniform=72 fallback=233 capacity=448 worst_step_us=7624 grid_stopped=1 pass=1
[18:08:39] TINYDRAW_GATE1_LONG_GESTURE path=reference samples=1600 chunks=26 append_total_us=942862 append_max_us=43281 append_avg_us=36263 refresh_fallback_pixels=0 settled_fallback_pixels=0 committed=1 authority=1 refresh=1 run_ok=1
[18:08:39] TINYDRAW_GATE1_LONG_GESTURE path=in_place samples=1600 chunks=52 append_total_us=583004 append_max_us=13654 append_avg_us=11211 refresh_fallback_pixels=0 settled_fallback_pixels=0 committed=1 authority=1 refresh=1 run_ok=1
[18:08:39] TINYDRAW_V2_EXPORT_PROGRESS row=0 of=1792
[18:08:40] TINYDRAW_V2_EXPORT_PROGRESS row=256 of=1792
[18:08:41] TINYDRAW_V2_EXPORT_PROGRESS row=512 of=1792
[18:08:42] TINYDRAW_V2_EXPORT_PROGRESS row=768 of=1792
[18:08:43] TINYDRAW_V2_EXPORT_PROGRESS row=1024 of=1792
[18:08:43] TINYDRAW_V2_EXPORT_PROGRESS row=1280 of=1792
[18:08:44] TINYDRAW_V2_EXPORT_PROGRESS row=1536 of=1792
[18:08:45] TINYDRAW_GATE1_EXPORT encoded=1 bytes=40166 elapsed_us=5796991 workspace_bytes=50652 band_bytes=376832 free_psram=1892692 free_internal=192212 signature=1 dimensions=1 chunks=3 chunks_ok=1 pass=1
[18:08:45] TINYDRAW_EXPORT_RESERVE requested=1572864 free_before=1892692 largest_before=1867776 free_held=319824 largest_held=319488 pass=1
[18:08:45] TINYDRAW_RERENDER_LEDGER site=final renders=0 unique=0 amplification=0.000 cold=0 damage=0 evict=0 stale=0 unexplained=0
[18:08:45] TINYDRAW_GATE1_AUTOMATED_DONE stress=1 stress_100=1 stress_400=1 overlap_ready=1 overlap_cold=0 general_cold_ready=1 general_cold=0 workload=1 paced_cold=1 hard_100=1 hard_400=1 pan_100=1 pan_400=1 pan_seq=1 pan_boundary=1 live_overlay=1 draw_fill=1 cache=1 full_world_cache=1 cache_tour=1 mixed_draw=0 idle_repair=1 ink_trace=1 hairline_capacity=1 long_gesture=1 export_encode=1 export_reserve=1 return=1 ssaa_receipt=yellow
[18:08:45] TINYDRAW_VECTOR_V2_GATE_HARNESS_DONE pass=0
[18:08:45] I (75556) main_task: Returned from app_main()
