[01:33:37] ESP-ROM:esp32s3-20210327
[01:33:37] Build:Mar 27 2021
[01:33:37] rst:0x15 (USB_UART_CHIP_RESET),boot:0x2b (SPI_FAST_FLASH_BOOT)
[01:33:37] Saved PC:0x420089d3
[01:33:37] SPIWP:0xee
[01:33:37] mode:DIO, clock div:1
[01:33:37] load:0x3fce2820,len:0x1664
[01:33:37] load:0x403c8700,len:0xf38
[01:33:37] load:0x403cb700,len:0x31e8
[01:33:37] entry 0x403c8930
[01:33:37] I (24) boot: ESP-IDF v6.0.2 2nd stage bootloader
[01:33:37] I (24) boot: compile time Aug 17 2026 01:33:21
[01:33:37] I (25) boot: Multicore bootloader
[01:33:37] I (25) boot: chip revision: v0.2
[01:33:37] I (28) boot: efuse block revision: v1.3
[01:33:37] I (31) qio_mode: Enabling default flash chip QIO
[01:33:37] I (36) boot.esp32s3: Boot SPI Speed : 80MHz
[01:33:37] I (39) boot.esp32s3: SPI Mode       : QIO
[01:33:37] I (43) boot.esp32s3: SPI Flash Size : 16MB
[01:33:37] I (47) boot: Enabling RNG early entropy source...
[01:33:37] I (51) boot: Partition Table:
[01:33:37] I (54) boot: ## Label            Usage          Type ST Offset   Length
[01:33:37] I (60) boot:  0 nvs              WiFi data        01 02 00009000 00006000
[01:33:37] I (67) boot:  1 phy_init         RF data          01 01 0000f000 00001000
[01:33:37] I (73) boot:  2 factory          factory app      00 00 00010000 00100000
[01:33:37] I (80) boot:  3 drawing          Unknown data     01 40 00110000 00300000
[01:33:37] I (86) boot:  4 export           Unknown data     01 41 00410000 00500000
[01:33:37] I (93) boot:  5 coredump         Unknown data     01 03 00910000 00010000
[01:33:37] I (100) boot: End of partition table
[01:33:37] I (103) esp_image: segment 0: paddr=00010020 vaddr=3c050020 size=29ffch (172028) map
[01:33:37] I (137) esp_image: segment 1: paddr=0003a024 vaddr=3fc96000 size=03774h ( 14196) load
[01:33:37] I (140) esp_image: segment 2: paddr=0003d7a0 vaddr=40374000 size=02878h ( 10360) load
[01:33:37] I (143) esp_image: segment 3: paddr=00040020 vaddr=42000020 size=4d234h (315956) map
[01:33:37] I (197) esp_image: segment 4: paddr=0008d25c vaddr=40376878 size=0f69ch ( 63132) load
[01:33:37] I (210) esp_image: segment 5: paddr=0009c900 vaddr=50000000 size=00024h (    36) load
[01:33:37] I (218) boot: Loaded app from partition at offset 0x10000
[01:33:37] I (218) boot: Disabling RNG early entropy source...
[01:33:37] I (228) octal_psram: vendor id    : 0x0d (AP)
[01:33:37] I (229) octal_psram: dev id       : 0x02 (generation 3)
[01:33:37] I (229) octal_psram: density      : 0x03 (64 Mbit)
[01:33:37] I (231) octal_psram: good-die     : 0x01 (Pass)
[01:33:37] I (235) octal_psram: Latency      : 0x01 (Fixed)
[01:33:37] I (239) octal_psram: VCC          : 0x01 (3V)
[01:33:37] I (243) octal_psram: SRF          : 0x01 (Fast Refresh)
[01:33:37] I (248) octal_psram: BurstType    : 0x01 (Hybrid Wrap)
[01:33:37] I (253) octal_psram: BurstLen     : 0x01 (32 Byte)
[01:33:37] I (258) octal_psram: Readlatency  : 0x02 (10 cycles@Fixed)
[01:33:37] I (263) octal_psram: DriveStrength: 0x00 (1/1)
[01:33:37] I (267) MSPI Timing: Enter psram timing tuning
[01:33:37] I (272) esp_psram: Found 8MB PSRAM device
[01:33:37] I (275) esp_psram: Speed: 80MHz
[01:33:37] I (278) cpu_start: Multicore app
[01:33:37] I (694) esp_psram: SPI SRAM memory test OK
[01:33:37] I (702) cpu_start: GPIO 44 and 43 are used as console UART I/O pins
[01:33:37] I (703) cpu_start: Pro cpu start user code
[01:33:37] I (703) cpu_start: cpu freq: 240000000 Hz
[01:33:37] I (705) app_init: Application information:
[01:33:37] I (708) app_init: Project name:     tinydraw_esp32
[01:33:37] I (713) app_init: App version:      2c7ef65-dirty
[01:33:38] I (717) app_init: Compile time:     Aug 17 2026 01:33:16
[01:33:38] I (722) app_init: ELF file SHA256:  854d8fd29...
[01:33:38] I (727) app_init: ESP-IDF:          v6.0.2
[01:33:38] I (730) efuse_init: Min chip rev:     v0.0
[01:33:38] I (734) efuse_init: Max chip rev:     v0.99
[01:33:38] I (738) efuse_init: Chip rev:         v0.2
[01:33:38] I (742) heap_init: Initializing. RAM available for dynamic allocation:
[01:33:38] I (748) heap_init: At 3FC9A800 len 0004EF10 (315 KiB): RAM
[01:33:38] I (754) heap_init: At 3FCE9710 len 00005724 (21 KiB): RAM
[01:33:38] I (759) heap_init: At 3FCF0000 len 00008000 (32 KiB): DRAM
[01:33:38] I (764) heap_init: At 600FE000 len 00001FE8 (7 KiB): RTCRAM
[01:33:38] I (769) esp_psram: Adding pool of 8192K of PSRAM memory to heap allocator
[01:33:38] I (776) spi_flash: detected chip: generic
[01:33:38] I (779) spi_flash: flash io: qio
[01:33:38] I (783) sleep_gpio: Configure to isolate all GPIO pins in sleep state
[01:33:38] I (789) sleep_gpio: Enable automatic switching of GPIO sleep configuration
[01:33:38] I (796) main_task: Started on CPU0
[01:33:38] I (799) main_task: Calling app_main()
[01:33:38] TINYDRAW_PRODUCER_SCRATCH supertask_internal=1 slot_directory_internal=0 free_internal=296492 free_psram=1820524
[01:33:38] TINYDRAW_PANEL_HARD_RESET=1
[01:33:38] TINYDRAW_PANEL_TRANSPORT requested_clock_mhz=50 effective_clock_mhz=40
[01:33:38] I (1006) co5300: version: 2.1.0
[01:33:38] I (1006) co5300_spi: LCD panel create success, version: 2.1.0
[01:33:38] W (1091) co5300_spi: The 3Ah command has been used and will be overwritten by external initialization sequence
[01:33:38] I (1192) CST816S: IC id: 183
[01:33:38] TINYDRAW_VECTOR_V2_PRESENTATION experiment=boundary-top-sweep te_edge=rising requested_clock_mhz=50 effective_clock_mhz=40 optical_acceptance=external_manual
[01:33:38] TINYDRAW_LIVE_PRESENT kind=startup zoom=25 x=0 y=0 compose_us=26087 scroll_us=0 exposed_compose_us=0 chrome_us=13147 chrome_prepare_us=8310 chrome_stage_us=4837 read_submit_us=0 read_complete_us=0 transfer_wait_us=20723 tile_pixels=0 uniform_pixels=0 overview_pixels=164864 fallback_pixels=0 resident_tiles=0 fallback_tiles=0 pushes=11 tear_wait_us=4077 tear_edge_isr_to_resume_us=13 tear_edge_observed=1 tear_edge_wait_resumed=1 tear_edge_timeout=0 tear_heal_attempted=0 tear_heal_command_sent=0 presentation_experiment=boundary-top-sweep te_edge=rising requested_clock_mhz=50 effective_clock_mhz=40 frame_reused=0 pass=1
[01:33:38] TINYDRAW_GATE1_ZOOM_OVERLAY_PAN tap_zoom=1 drag_pan=1 threshold_px=8 pass=1
[01:33:38] TINYDRAW_GATE1_ZOOM_CYCLE_RETURN explored_x=2300 explored_y=3100 returned_x=2300 returned_y=3100 pass=1
[01:33:38] TINYDRAW_GATE1_COLOR_DIALOG wall_us=27776 maximum_us=40000 compose_us=0 chrome_us=9322 chrome_prepare_us=8 chrome_stage_us=9314 complete_us=23691 pushes=11 pass=1
[01:33:39] TINYDRAW_LIVE_STRESS operations=1000 samples=20000 total_us=708076 average_us=708 maximum_us=1202 free_psram=1818936 largest_psram=1802240
[01:33:39] TINYDRAW_LIVE_PRESENT kind=gate_fallback zoom=100 x=0 y=0 compose_us=11503 scroll_us=0 exposed_compose_us=0 chrome_us=8579 chrome_prepare_us=4262 chrome_stage_us=4317 read_submit_us=26947 read_complete_us=30313 transfer_wait_us=20682 tile_pixels=0 uniform_pixels=0 overview_pixels=0 fallback_pixels=164864 resident_tiles=0 fallback_tiles=42 pushes=11 tear_wait_us=11039 tear_edge_isr_to_resume_us=11 tear_edge_observed=1 tear_edge_wait_resumed=1 tear_edge_timeout=0 tear_heal_attempted=0 tear_heal_command_sent=0 presentation_experiment=boundary-top-sweep te_edge=rising requested_clock_mhz=50 effective_clock_mhz=40 frame_reused=0 pass=1
[01:33:39] TINYDRAW_GATE1_HARD zoom=100 cold=1 operations=1000 samples=20000 steps=193 tiles=42 scanned=12000 rendered=122 max_supertask_us=6851 presentation_us=70499 total_us=282625 maximum_wall_us=500000 pass=1
[01:33:39] TINYDRAW_LIVE_PRESENT kind=gate_fallback zoom=400 x=0 y=0 compose_us=10900 scroll_us=0 exposed_compose_us=0 chrome_us=5310 chrome_prepare_us=1110 chrome_stage_us=4200 read_submit_us=13505 read_complete_us=17168 transfer_wait_us=20705 tile_pixels=0 uniform_pixels=0 overview_pixels=0 fallback_pixels=164864 resident_tiles=0 fallback_tiles=42 pushes=11 tear_wait_us=1335 tear_edge_isr_to_resume_us=9 tear_edge_observed=1 tear_edge_wait_resumed=1 tear_edge_timeout=0 tear_heal_attempted=0 tear_heal_command_sent=0 presentation_experiment=boundary-top-sweep te_edge=rising requested_clock_mhz=50 effective_clock_mhz=40 frame_reused=0 pass=1
[01:33:39] TINYDRAW_GATE1_HARD zoom=400 cold=1 operations=1000 samples=20000 steps=199 tiles=42 scanned=12000 rendered=17 max_supertask_us=5389 presentation_us=66105 total_us=161361 maximum_wall_us=500000 pass=1
[01:33:40] TINYDRAW_OVERLAP_WORKLOAD operations=8 samples=1200 radius_world=80
[01:33:41] TINYDRAW_GATE1_PACED_COLD corpus=overlap zoom=50 x=215 y=255 steps=235 tiles=56 compute_us=521237 present_us=83569 touch_us=953 pacing_us=16192 wall_us=621951 maximum_wall_us=500000 max_tick_us=9524 touch_samples=2622 touch_interval_max_us=2036 touch_read_max_us=599 touch_events=0 touch_down=0 touch_up=0 touch_events_ge_8ms=0 touch_event_age_max_us=0 touch_errors=0 touch_overflows=0 pass=0
[01:33:41] TINYDRAW_GATE1_PACED_COLD corpus=overlap zoom=100 x=583 y=703 steps=183 tiles=48 compute_us=284216 present_us=78208 touch_us=575 pacing_us=7974 wall_us=370973 maximum_wall_us=500000 max_tick_us=9311 touch_samples=439 touch_interval_max_us=1501 touch_read_max_us=474 touch_events=0 touch_down=0 touch_up=0 touch_events_ge_8ms=0 touch_event_age_max_us=0 touch_errors=0 touch_overflows=0 pass=1
[01:33:42] TINYDRAW_GATE1_PACED_COLD corpus=overlap zoom=200 x=1319 y=1599 steps=180 tiles=56 compute_us=257714 present_us=76473 touch_us=557 pacing_us=9229 wall_us=343973 maximum_wall_us=500000 max_tick_us=9805 touch_samples=408 touch_interval_max_us=1904 touch_read_max_us=502 touch_events=0 touch_down=0 touch_up=0 touch_events_ge_8ms=0 touch_event_age_max_us=0 touch_errors=0 touch_overflows=0 pass=1
[01:33:42] TINYDRAW_GATE1_PACED_COLD corpus=overlap zoom=400 x=2791 y=3391 steps=181 tiles=56 compute_us=221237 present_us=72850 touch_us=512 pacing_us=8373 wall_us=302972 maximum_wall_us=500000 max_tick_us=8196 touch_samples=361 touch_interval_max_us=1809 touch_read_max_us=512 touch_events=0 touch_down=0 touch_up=0 touch_events_ge_8ms=0 touch_event_age_max_us=0 touch_errors=0 touch_overflows=0 pass=1
[01:33:42] TINYDRAW_ADVERSARIAL_TAPERED_WORKLOAD operations=128 samples=4096 erasers=12 load_us=224078 appended=1
[01:33:44] TINYDRAW_GENERAL_COLD_WORKLOAD operations=910 samples=12157 hairline_operations=782 hairline_samples=8061 hairline_load_us=1106297 appended=1
[01:33:44] TINYDRAW_GATE1_PACED_COLD corpus=adversarial_tapered_4x+evil_hairlines zoom=50 x=0 y=0 steps=313 tiles=42 compute_us=359873 present_us=71094 touch_us=861 pacing_us=11432 wall_us=443260 maximum_wall_us=500000 max_tick_us=8746 touch_samples=1554 touch_interval_max_us=2072 touch_read_max_us=575 touch_events=0 touch_down=0 touch_up=0 touch_events_ge_8ms=0 touch_event_age_max_us=0 touch_errors=0 touch_overflows=0 pass=1
[01:33:44] TINYDRAW_GATE1_PACED_COLD corpus=adversarial_tapered_4x+evil_hairlines zoom=100 x=0 y=0 steps=334 tiles=42 compute_us=345463 present_us=66902 touch_us=758 pacing_us=9863 wall_us=422986 maximum_wall_us=500000 max_tick_us=8082 touch_samples=485 touch_interval_max_us=1516 touch_read_max_us=472 touch_events=0 touch_down=0 touch_up=0 touch_events_ge_8ms=0 touch_event_age_max_us=0 touch_errors=0 touch_overflows=0 pass=1
[01:33:45] TINYDRAW_GATE1_PACED_COLD corpus=adversarial_tapered_4x+evil_hairlines zoom=200 x=0 y=0 steps=406 tiles=42 compute_us=408643 present_us=62315 touch_us=883 pacing_us=9449 wall_us=481290 maximum_wall_us=500000 max_tick_us=7370 touch_samples=546 touch_interval_max_us=1159 touch_read_max_us=476 touch_events=0 touch_down=0 touch_up=0 touch_events_ge_8ms=0 touch_event_age_max_us=0 touch_errors=0 touch_overflows=0 pass=1
[01:33:46] TINYDRAW_GATE1_PACED_COLD corpus=adversarial_tapered_4x+evil_hairlines zoom=400 x=0 y=0 steps=491 tiles=42 compute_us=441498 present_us=62138 touch_us=956 pacing_us=10361 wall_us=514953 maximum_wall_us=520000 max_tick_us=11025 touch_samples=589 touch_interval_max_us=1160 touch_read_max_us=471 touch_events=0 touch_down=0 touch_up=0 touch_events_ge_8ms=0 touch_event_age_max_us=0 touch_errors=0 touch_overflows=0 pass=1
[01:33:46] TINYDRAW_GATE1_WORKLOAD kind=realistic seed=7 operations=1000 samples=19844 maximum_stroke=198 load_us=526249 raw_source=1 lod_copies=0
[01:33:47] TINYDRAW_GATE1_PACED_COLD corpus=seed7 zoom=400 x=63 y=63 steps=263 tiles=56 compute_us=194200 present_us=81432 touch_us=424 pacing_us=6897 wall_us=282953 maximum_wall_us=500000 max_tick_us=9749 touch_samples=857 touch_interval_max_us=2035 touch_read_max_us=536 touch_events=0 touch_down=0 touch_up=0 touch_events_ge_8ms=0 touch_event_age_max_us=0 touch_errors=0 touch_overflows=0 pass=1
[01:33:47] TINYDRAW_LIVE_PRESENT kind=gate_fallback zoom=100 x=0 y=0 compose_us=11550 scroll_us=0 exposed_compose_us=0 chrome_us=5445 chrome_prepare_us=1145 chrome_stage_us=4300 read_submit_us=27259 read_complete_us=30889 transfer_wait_us=20871 tile_pixels=0 uniform_pixels=0 overview_pixels=0 fallback_pixels=164864 resident_tiles=0 fallback_tiles=42 pushes=11 tear_wait_us=14403 tear_edge_isr_to_resume_us=10 tear_edge_observed=1 tear_edge_wait_resumed=1 tear_edge_timeout=0 tear_heal_attempted=0 tear_heal_command_sent=0 presentation_experiment=boundary-top-sweep te_edge=rising requested_clock_mhz=50 effective_clock_mhz=40 frame_reused=0 pass=1
[01:33:47] TINYDRAW_GATE1_HARD zoom=100 cold=1 operations=1000 samples=19844 steps=246 tiles=42 scanned=12000 rendered=390 max_supertask_us=5507 presentation_us=71925 total_us=369826 maximum_wall_us=500000 pass=1
[01:33:47] TINYDRAW_GATE1_OVERLAY_CANVAS regions=zoom,minimap,toolbar,battery operations=4 presentation_mutations=0 authority=1 pass=1
[01:33:47] TINYDRAW_GATE1_LIVE_OVERLAY clear_updates=48 clear_wall_max_us=3934 clear_submit_max_us=2141 clear_complete_max_us=3008 overlay_updates=48 overlay_wall_max_us=3910 overlay_submit_max_us=2132 overlay_complete_max_us=3156 overlay_chrome_max_us=238 clear_failures=0 overlay_failures=0 pass=1
[01:33:48] TINYDRAW_EDGE_INK corners=4 edge_failures=0 pass=1
[01:33:48] TINYDRAW_GATE1_PAN zoom=100 from_x=0 from_y=0 to_x=88 to_y=88 compose_us=15718 scroll_us=11 exposed_compose_us=15707 chrome_us=2249 event_submit_us=29678 event_complete_us=32876 transfer_us=16324 setup=1 present=1 moved=1 frame_reused=1 pass=1
[01:33:48] TINYDRAW_LIVE_PRESENT kind=gate_fallback zoom=400 x=0 y=0 compose_us=10844 scroll_us=0 exposed_compose_us=0 chrome_us=5362 chrome_prepare_us=1205 chrome_stage_us=4157 read_submit_us=23654 read_complete_us=27284 transfer_wait_us=20792 tile_pixels=0 uniform_pixels=0 overview_pixels=0 fallback_pixels=164864 resident_tiles=0 fallback_tiles=42 pushes=11 tear_wait_us=11469 tear_edge_isr_to_resume_us=10 tear_edge_observed=1 tear_edge_wait_resumed=1 tear_edge_timeout=0 tear_heal_attempted=0 tear_heal_command_sent=0 presentation_experiment=boundary-top-sweep te_edge=rising requested_clock_mhz=50 effective_clock_mhz=40 frame_reused=0 pass=1
[01:33:48] TINYDRAW_GATE1_HARD zoom=400 cold=1 operations=1008 samples=19852 steps=200 tiles=42 scanned=12096 rendered=62 max_supertask_us=8219 presentation_us=68967 total_us=214047 maximum_wall_us=500000 pass=1
[01:33:48] TINYDRAW_GATE1_PAN zoom=400 from_x=0 from_y=0 to_x=88 to_y=88 compose_us=15723 scroll_us=11 exposed_compose_us=15712 chrome_us=2120 event_submit_us=29625 event_complete_us=32804 transfer_us=16379 setup=1 present=1 moved=1 frame_reused=1 pass=1
[01:33:51] TINYDRAW_PANSEQ_FRAME zoom=100 step=0 dx=24 dy=18 scroll_us=11 exposed_compose_us=4458 chrome_us=2242 tear_wait_us=8263 present_us=16107 prepare_us=10560 acquire_wait_us=18 ring_copy_us=8323 patch_us=2230 byte_swap_us=7 staging_us=4263 event_submit_us=12866 event_complete_us=16009 frame_us=28973 tear_edge_observed=1 frame_reused=1 pass=1
[01:33:51] TINYDRAW_PANSEQ_FRAME zoom=100 step=1 dx=24 dy=18 scroll_us=11 exposed_compose_us=4512 chrome_us=2257 tear_wait_us=12822 present_us=16460 prepare_us=10516 acquire_wait_us=20 ring_copy_us=8258 patch_us=2250 byte_swap_us=8 staging_us=4331 event_submit_us=17478 event_complete_us=20650 frame_us=33922 tear_edge_observed=1 frame_reused=1 pass=1
[01:33:51] TINYDRAW_PANSEQ_FRAME zoom=100 step=2 dx=24 dy=18 scroll_us=11 exposed_compose_us=4162 chrome_us=2266 tear_wait_us=12812 present_us=15821 prepare_us=10561 acquire_wait_us=18 ring_copy_us=8300 patch_us=2252 byte_swap_us=9 staging_us=4277 event_submit_us=17118 event_complete_us=20274 frame_us=32936 tear_edge_observed=1 frame_reused=1 pass=1
[01:33:51] TINYDRAW_PANSEQ_FRAME zoom=100 step=3 dx=24 dy=18 scroll_us=11 exposed_compose_us=4717 chrome_us=2253 tear_wait_us=12902 present_us=16179 prepare_us=10528 acquire_wait_us=28 ring_copy_us=8272 patch_us=2247 byte_swap_us=9 staging_us=4296 event_submit_us=17759 event_complete_us=20906 frame_us=33926 tear_edge_observed=1 frame_reused=1 pass=1
[01:33:51] TINYDRAW_PANSEQ_FRAME zoom=100 step=4 dx=24 dy=18 scroll_us=11 exposed_compose_us=4230 chrome_us=2238 tear_wait_us=13045 present_us=16523 prepare_us=10543 acquire_wait_us=24 ring_copy_us=8308 patch_us=2228 byte_swap_us=7 staging_us=4289 event_submit_us=17429 event_complete_us=20581 frame_us=33936 tear_edge_observed=1 frame_reused=1 pass=1
[01:33:51] TINYDRAW_PANSEQ_FRAME zoom=100 step=5 dx=24 dy=18 scroll_us=11 exposed_compose_us=4507 chrome_us=2281 tear_wait_us=12414 present_us=15877 prepare_us=10552 acquire_wait_us=21 ring_copy_us=8255 patch_us=2288 byte_swap_us=9 staging_us=4274 event_submit_us=17061 event_complete_us=20215 frame_us=32926 tear_edge_observed=1 frame_reused=1 pass=1
[01:33:51] TINYDRAW_PANSEQ_FRAME zoom=100 step=6 dx=24 dy=18 scroll_us=11 exposed_compose_us=4176 chrome_us=2239 tear_wait_us=13389 present_us=16231 prepare_us=10552 acquire_wait_us=29 ring_copy_us=8313 patch_us=2230 byte_swap_us=9 staging_us=4280 event_submit_us=17709 event_complete_us=20856 frame_us=33936 tear_edge_observed=1 frame_reused=1 pass=1
[01:33:51] TINYDRAW_PANSEQ_FRAME zoom=100 step=7 dx=24 dy=18 scroll_us=11 exposed_compose_us=4503 chrome_us=2265 tear_wait_us=12723 present_us=16573 prepare_us=10524 acquire_wait_us=23 ring_copy_us=8260 patch_us=2256 byte_swap_us=8 staging_us=4303 event_submit_us=17365 event_complete_us=20512 frame_us=33926 tear_edge_observed=1 frame_reused=1 pass=1
[01:33:51] TINYDRAW_PANSEQ_FRAME zoom=100 step=8 dx=24 dy=18 scroll_us=11 exposed_compose_us=4453 chrome_us=2284 tear_wait_us=12416 present_us=15927 prepare_us=10577 acquire_wait_us=23 ring_copy_us=8295 patch_us=2273 byte_swap_us=9 staging_us=4248 event_submit_us=17013 event_complete_us=20164 frame_us=32936 tear_edge_observed=1 frame_reused=1 pass=1
[01:33:52] TINYDRAW_PANSEQ_FRAME zoom=100 step=9 dx=24 dy=18 scroll_us=11 exposed_compose_us=4510 chrome_us=2268 tear_wait_us=13007 present_us=16282 prepare_us=10516 acquire_wait_us=28 ring_copy_us=8247 patch_us=2260 byte_swap_us=9 staging_us=4295 event_submit_us=17674 event_complete_us=20812 frame_us=33926 tear_edge_observed=1 frame_reused=1 pass=1
[01:33:52] TINYDRAW_PANSEQ_FRAME zoom=100 step=10 dx=24 dy=18 scroll_us=11 exposed_compose_us=4180 chrome_us=2257 tear_wait_us=12974 present_us=16641 prepare_us=10581 acquire_wait_us=23 ring_copy_us=8327 patch_us=2246 byte_swap_us=8 staging_us=4240 event_submit_us=17299 event_complete_us=20444 frame_us=33936 tear_edge_observed=1 frame_reused=1 pass=1
[01:33:52] TINYDRAW_PANSEQ_FRAME zoom=100 step=11 dx=24 dy=18 scroll_us=11 exposed_compose_us=4728 chrome_us=2269 tear_wait_us=12090 present_us=15980 prepare_us=10540 acquire_wait_us=20 ring_copy_us=8270 patch_us=2264 byte_swap_us=6 staging_us=4295 event_submit_us=16958 event_complete_us=20118 frame_us=32926 tear_edge_observed=1 frame_reused=1 pass=1
[01:33:52] TINYDRAW_PANSEQ_FRAME zoom=100 step=12 dx=24 dy=18 scroll_us=11 exposed_compose_us=4234 chrome_us=2256 tear_wait_us=13234 present_us=16329 prepare_us=10564 acquire_wait_us=22 ring_copy_us=8311 patch_us=2244 byte_swap_us=9 staging_us=4275 event_submit_us=17610 event_complete_us=20780 frame_us=33936 tear_edge_observed=1 frame_reused=1 pass=1
[01:33:52] TINYDRAW_PANSEQ_FRAME zoom=100 step=13 dx=24 dy=18 scroll_us=11 exposed_compose_us=4517 chrome_us=2260 tear_wait_us=12599 present_us=16684 prepare_us=10554 acquire_wait_us=24 ring_copy_us=8288 patch_us=2258 byte_swap_us=8 staging_us=4280 event_submit_us=17254 event_complete_us=20416 frame_us=33926 tear_edge_observed=1 frame_reused=1 pass=1
[01:33:52] TINYDRAW_PANSEQ_FRAME zoom=100 step=14 dx=24 dy=18 scroll_us=11 exposed_compose_us=4197 chrome_us=2262 tear_wait_us=12565 present_us=16030 prepare_us=10573 acquire_wait_us=22 ring_copy_us=8317 patch_us=2247 byte_swap_us=9 staging_us=4264 event_submit_us=16916 event_complete_us=20071 frame_us=32936 tear_edge_observed=1 frame_reused=1 pass=1
[01:33:52] TINYDRAW_PANSEQ_FRAME zoom=100 step=15 dx=24 dy=18 scroll_us=11 exposed_compose_us=4556 chrome_us=2263 tear_wait_us=12856 present_us=16380 prepare_us=10516 acquire_wait_us=21 ring_copy_us=8257 patch_us=2252 byte_swap_us=7 staging_us=4316 event_submit_us=17558 event_complete_us=20726 frame_us=33926 tear_edge_observed=1 frame_reused=1 pass=1
[01:33:52] TINYDRAW_PANSEQ_FRAME zoom=100 step=16 dx=72 dy=54 scroll_us=11 exposed_compose_us=11912 chrome_us=2251 tear_wait_us=5160 present_us=16725 prepare_us=10547 acquire_wait_us=23 ring_copy_us=8296 patch_us=2243 byte_swap_us=8 staging_us=4282 event_submit_us=17215 event_complete_us=20370 frame_us=33936 tear_edge_observed=1 frame_reused=1 pass=1
[01:33:52] TINYDRAW_PANSEQ_FRAME zoom=100 step=17 dx=72 dy=54 scroll_us=11 exposed_compose_us=11886 chrome_us=2247 tear_wait_us=4835 present_us=16069 prepare_us=10510 acquire_wait_us=23 ring_copy_us=8262 patch_us=2240 byte_swap_us=8 staging_us=4306 event_submit_us=16863 event_complete_us=20010 frame_us=32919 tear_edge_observed=1 frame_reused=1 pass=1
[01:33:52] TINYDRAW_PANSEQ_FRAME zoom=100 step=18 dx=72 dy=54 scroll_us=11 exposed_compose_us=10198 chrome_us=2253 tear_wait_us=7179 present_us=16419 prepare_us=10519 acquire_wait_us=20 ring_copy_us=8267 patch_us=2243 byte_swap_us=9 staging_us=4297 event_submit_us=17520 event_complete_us=20673 frame_us=33938 tear_edge_observed=1 frame_reused=1 pass=1
[01:33:52] TINYDRAW_PANSEQ_FRAME zoom=100 step=19 dx=72 dy=54 scroll_us=11 exposed_compose_us=10188 chrome_us=2241 tear_wait_us=6837 present_us=15773 prepare_us=10528 acquire_wait_us=22 ring_copy_us=8288 patch_us=2232 byte_swap_us=8 staging_us=4302 event_submit_us=17167 event_complete_us=20327 frame_us=32926 tear_edge_observed=1 frame_reused=1 pass=1
[01:33:52] TINYDRAW_PANSEQ_FRAME zoom=100 step=20 dx=-72 dy=-54 scroll_us=11 exposed_compose_us=11744 chrome_us=2239 tear_wait_us=5929 present_us=16123 prepare_us=10556 acquire_wait_us=23 ring_copy_us=8320 patch_us=2227 byte_swap_us=9 staging_us=4254 event_submit_us=17815 event_complete_us=20941 frame_us=33937 tear_edge_observed=1 frame_reused=1 pass=1
[01:33:52] TINYDRAW_PANSEQ_FRAME zoom=100 step=21 dx=-72 dy=-54 scroll_us=11 exposed_compose_us=11848 chrome_us=2251 tear_wait_us=5466 present_us=16482 prepare_us=10484 acquire_wait_us=23 ring_copy_us=8235 patch_us=2242 byte_swap_us=7 staging_us=4339 event_submit_us=17457 event_complete_us=20593 frame_us=33925 tear_edge_observed=1 frame_reused=1 pass=1
[01:33:52] TINYDRAW_PANSEQ_FRAME zoom=100 step=22 dx=-72 dy=-54 scroll_us=11 exposed_compose_us=11877 chrome_us=2256 tear_wait_us=5088 present_us=15832 prepare_us=10560 acquire_wait_us=22 ring_copy_us=8306 patch_us=2247 byte_swap_us=7 staging_us=4252 event_submit_us=17108 event_complete_us=20236 frame_us=32938 tear_edge_observed=1 frame_reused=1 pass=1
[01:33:52] TINYDRAW_PANSEQ_FRAME zoom=100 step=23 dx=-72 dy=-54 scroll_us=11 exposed_compose_us=11543 chrome_us=2259 tear_wait_us=6073 present_us=16179 prepare_us=10524 acquire_wait_us=23 ring_copy_us=8266 patch_us=2249 byte_swap_us=9 staging_us=4292 event_submit_us=17759 event_complete_us=20905 frame_us=33925 tear_edge_observed=1 frame_reused=1 pass=1
[01:33:52] TINYDRAW_PANSEQ_STRIP zoom=100 strip=0 panel_y=0 rows=44 samples=24 staging_mean_us=1332 staging_max_us=1359 wire_budget_us=1619 over_budget_us=0 pass=1
[01:33:52] TINYDRAW_PANSEQ_STRIP zoom=100 strip=1 panel_y=44 rows=44 samples=24 staging_mean_us=1232 staging_max_us=1243 wire_budget_us=1619 over_budget_us=0 pass=1
[01:33:52] TINYDRAW_PANSEQ_STRIP zoom=100 strip=2 panel_y=88 rows=44 samples=24 staging_mean_us=1175 staging_max_us=1191 wire_budget_us=1619 over_budget_us=0 pass=1
[01:33:52] TINYDRAW_PANSEQ_STRIP zoom=100 strip=3 panel_y=132 rows=44 samples=24 staging_mean_us=1173 staging_max_us=1188 wire_budget_us=1619 over_budget_us=0 pass=1
[01:33:52] TINYDRAW_PANSEQ_STRIP zoom=100 strip=4 panel_y=176 rows=44 samples=24 staging_mean_us=1176 staging_max_us=1190 wire_budget_us=1619 over_budget_us=0 pass=1
[01:33:52] TINYDRAW_PANSEQ_STRIP zoom=100 strip=5 panel_y=220 rows=44 samples=24 staging_mean_us=1168 staging_max_us=1185 wire_budget_us=1619 over_budget_us=0 pass=1
[01:33:52] TINYDRAW_PANSEQ_STRIP zoom=100 strip=6 panel_y=264 rows=44 samples=24 staging_mean_us=1370 staging_max_us=1390 wire_budget_us=1619 over_budget_us=0 pass=1
[01:33:52] TINYDRAW_PANSEQ_STRIP zoom=100 strip=7 panel_y=308 rows=44 samples=24 staging_mean_us=1327 staging_max_us=1344 wire_budget_us=1619 over_budget_us=0 pass=1
[01:33:52] TINYDRAW_PANSEQ_STRIP zoom=100 strip=8 panel_y=352 rows=20 samples=24 staging_mean_us=604 staging_max_us=625 wire_budget_us=736 over_budget_us=0 pass=1
[01:33:52] TINYDRAW_GATE1_PANSEQ zoom=100 frames=24 scroll_avg_us=11 exposed_avg_us=6743 chrome_avg_us=2256 tear_wait_avg_us=10278 present_avg_us=16234 prepare_avg_us=10541 acquire_wait_avg_us=22 ring_copy_avg_us=8285 patch_avg_us=2247 byte_swap_avg_us=8 staging_avg_us=4285 frame_avg_us=33390 frame_p50_us=33925 frame_p95_us=33937 frame_max_us=33938 complete_p50_us=20444 complete_p95_us=20906 complete_max_us=20941 tear_edge_failures=0 presentation_experiment=boundary-top-sweep te_edge=rising requested_clock_mhz=50 effective_clock_mhz=40 chrome_bottom_redraws=0 chrome_battery_redraws=0 chrome_zoom_redraws=0 chrome_minimap_base_redraws=0 strip_samples=216 staging_mean_us=1173 staging_max_us=1390 worst_strip=8 worst_strip_y=352 worst_wire_budget_us=736 worst_headroom_us=111 staging_invariant=1 pacing_pass=1 all_reused=1 pass=1
[01:33:54] TINYDRAW_PANSEQ_FRAME zoom=400 step=0 dx=24 dy=18 scroll_us=11 exposed_compose_us=4428 chrome_us=2125 tear_wait_us=8755 present_us=16644 prepare_us=10480 acquire_wait_us=22 ring_copy_us=8357 patch_us=2114 byte_swap_us=9 staging_us=4348 event_submit_us=13329 event_complete_us=16485 frame_us=29973 tear_edge_observed=1 frame_reused=1 pass=1
[01:33:54] TINYDRAW_PANSEQ_FRAME zoom=400 step=1 dx=24 dy=18 scroll_us=16 exposed_compose_us=4513 chrome_us=2121 tear_wait_us=12262 present_us=16011 prepare_us=10396 acquire_wait_us=18 ring_copy_us=8275 patch_us=2112 byte_swap_us=9 staging_us=4428 event_submit_us=16927 event_complete_us=20080 frame_us=32920 tear_edge_observed=1 frame_reused=1 pass=1
[01:33:54] TINYDRAW_PANSEQ_FRAME zoom=400 step=2 dx=24 dy=18 scroll_us=11 exposed_compose_us=4165 chrome_us=2110 tear_wait_us=13255 present_us=16376 prepare_us=10416 acquire_wait_us=21 ring_copy_us=8306 patch_us=2102 byte_swap_us=8 staging_us=4405 event_submit_us=17564 event_complete_us=20731 frame_us=33937 tear_edge_observed=1 frame_reused=1 pass=1
[01:33:54] TINYDRAW_PANSEQ_FRAME zoom=400 step=3 dx=24 dy=18 scroll_us=11 exposed_compose_us=4715 chrome_us=2130 tear_wait_us=12352 present_us=16729 prepare_us=10406 acquire_wait_us=21 ring_copy_us=8273 patch_us=2124 byte_swap_us=9 staging_us=4427 event_submit_us=17209 event_complete_us=20369 frame_us=33924 tear_edge_observed=1 frame_reused=1 pass=1
[01:33:54] TINYDRAW_PANSEQ_FRAME zoom=400 step=4 dx=24 dy=18 scroll_us=11 exposed_compose_us=4230 chrome_us=2117 tear_wait_us=12494 present_us=16069 prepare_us=10425 acquire_wait_us=23 ring_copy_us=8309 patch_us=2107 byte_swap_us=9 staging_us=4398 event_submit_us=16865 event_complete_us=20012 frame_us=32932 tear_edge_observed=1 frame_reused=1 pass=1
[01:33:54] TINYDRAW_PANSEQ_FRAME zoom=400 step=5 dx=24 dy=18 scroll_us=11 exposed_compose_us=4519 chrome_us=2142 tear_wait_us=12866 present_us=16409 prepare_us=10391 acquire_wait_us=19 ring_copy_us=8249 patch_us=2135 byte_swap_us=7 staging_us=4431 event_submit_us=17528 event_complete_us=20693 frame_us=33924 tear_edge_observed=1 frame_reused=1 pass=1
[01:33:54] TINYDRAW_PANSEQ_FRAME zoom=400 step=6 dx=24 dy=18 scroll_us=11 exposed_compose_us=4148 chrome_us=2109 tear_wait_us=12905 present_us=15751 prepare_us=10432 acquire_wait_us=21 ring_copy_us=8329 patch_us=2095 byte_swap_us=8 staging_us=4391 event_submit_us=17195 event_complete_us=20344 frame_us=32945 tear_edge_observed=1 frame_reused=1 pass=1
[01:33:54] TINYDRAW_PANSEQ_FRAME zoom=400 step=7 dx=24 dy=18 scroll_us=11 exposed_compose_us=4512 chrome_us=2136 tear_wait_us=13187 present_us=16089 prepare_us=10412 acquire_wait_us=25 ring_copy_us=8276 patch_us=2128 byte_swap_us=8 staging_us=4410 event_submit_us=17841 event_complete_us=20986 frame_us=33917 tear_edge_observed=1 frame_reused=1 pass=1
[01:33:54] TINYDRAW_PANSEQ_FRAME zoom=400 step=8 dx=24 dy=18 scroll_us=11 exposed_compose_us=4464 chrome_us=2127 tear_wait_us=12898 present_us=16434 prepare_us=10431 acquire_wait_us=21 ring_copy_us=8307 patch_us=2117 byte_swap_us=7 staging_us=4402 event_submit_us=17504 event_complete_us=20664 frame_us=33935 tear_edge_observed=1 frame_reused=1 pass=1
[01:33:54] TINYDRAW_PANSEQ_FRAME zoom=400 step=9 dx=24 dy=18 scroll_us=11 exposed_compose_us=4506 chrome_us=2126 tear_wait_us=12502 present_us=15788 prepare_us=10402 acquire_wait_us=20 ring_copy_us=8276 patch_us=2117 byte_swap_us=9 staging_us=4426 event_submit_us=17150 event_complete_us=20303 frame_us=32926 tear_edge_observed=1 frame_reused=1 pass=1
[01:33:54] TINYDRAW_PANSEQ_FRAME zoom=400 step=10 dx=24 dy=18 scroll_us=11 exposed_compose_us=4179 chrome_us=2118 tear_wait_us=13469 present_us=16149 prepare_us=10450 acquire_wait_us=23 ring_copy_us=8336 patch_us=2106 byte_swap_us=8 staging_us=4380 event_submit_us=17789 event_complete_us=20942 frame_us=33935 tear_edge_observed=1 frame_reused=1 pass=1
[01:33:54] TINYDRAW_PANSEQ_FRAME zoom=400 step=11 dx=24 dy=18 scroll_us=11 exposed_compose_us=4743 chrome_us=2147 tear_wait_us=12546 present_us=16508 prepare_us=10364 acquire_wait_us=25 ring_copy_us=8221 patch_us=2134 byte_swap_us=9 staging_us=4476 event_submit_us=17443 event_complete_us=20596 frame_us=33926 tear_edge_observed=1 frame_reused=1 pass=1
[01:33:54] TINYDRAW_PANSEQ_FRAME zoom=400 step=12 dx=24 dy=18 scroll_us=11 exposed_compose_us=4233 chrome_us=2135 tear_wait_us=12702 present_us=15862 prepare_us=10466 acquire_wait_us=23 ring_copy_us=8332 patch_us=2125 byte_swap_us=9 staging_us=4369 event_submit_us=17077 event_complete_us=20228 frame_us=32935 tear_edge_observed=1 frame_reused=1 pass=1
[01:33:54] TINYDRAW_PANSEQ_FRAME zoom=400 step=13 dx=24 dy=18 scroll_us=11 exposed_compose_us=4504 chrome_us=2137 tear_wait_us=13061 present_us=16230 prepare_us=10410 acquire_wait_us=22 ring_copy_us=8272 patch_us=2129 byte_swap_us=9 staging_us=4425 event_submit_us=17708 event_complete_us=20860 frame_us=33926 tear_edge_observed=1 frame_reused=1 pass=1
[01:33:54] TINYDRAW_PANSEQ_FRAME zoom=400 step=14 dx=24 dy=18 scroll_us=11 exposed_compose_us=4191 chrome_us=2130 tear_wait_us=12996 present_us=16611 prepare_us=10450 acquire_wait_us=21 ring_copy_us=8320 patch_us=2122 byte_swap_us=8 staging_us=4361 event_submit_us=17327 event_complete_us=20457 frame_us=33935 tear_edge_observed=1 frame_reused=1 pass=1
[01:33:54] TINYDRAW_PANSEQ_FRAME zoom=400 step=15 dx=24 dy=18 scroll_us=11 exposed_compose_us=4546 chrome_us=2129 tear_wait_us=12266 present_us=15986 prepare_us=10391 acquire_wait_us=21 ring_copy_us=8260 patch_us=2124 byte_swap_us=7 staging_us=4426 event_submit_us=16953 event_complete_us=20094 frame_us=32926 tear_edge_observed=1 frame_reused=1 pass=1
[01:33:54] TINYDRAW_PANSEQ_FRAME zoom=400 step=16 dx=72 dy=54 scroll_us=11 exposed_compose_us=11891 chrome_us=2115 tear_wait_us=5539 present_us=16365 prepare_us=10390 acquire_wait_us=20 ring_copy_us=8277 patch_us=2105 byte_swap_us=8 staging_us=4423 event_submit_us=17574 event_complete_us=20721 frame_us=33935 tear_edge_observed=1 frame_reused=1 pass=1
[01:33:54] TINYDRAW_PANSEQ_FRAME zoom=400 step=17 dx=72 dy=54 scroll_us=11 exposed_compose_us=11686 chrome_us=2124 tear_wait_us=5363 present_us=15754 prepare_us=10381 acquire_wait_us=24 ring_copy_us=8256 patch_us=2117 byte_swap_us=8 staging_us=4436 event_submit_us=17191 event_complete_us=20334 frame_us=32934 tear_edge_observed=1 frame_reused=1 pass=1
[01:33:54] TINYDRAW_PANSEQ_FRAME zoom=400 step=18 dx=72 dy=54 scroll_us=12 exposed_compose_us=11587 chrome_us=2131 tear_wait_us=6078 present_us=16122 prepare_us=10448 acquire_wait_us=22 ring_copy_us=8322 patch_us=2117 byte_swap_us=9 staging_us=4373 event_submit_us=17809 event_complete_us=20949 frame_us=33928 tear_edge_observed=1 frame_reused=1 pass=1
[01:33:54] TINYDRAW_PANSEQ_FRAME zoom=400 step=19 dx=72 dy=54 scroll_us=11 exposed_compose_us=11791 chrome_us=2146 tear_wait_us=5501 present_us=16498 prepare_us=10392 acquire_wait_us=26 ring_copy_us=8251 patch_us=2132 byte_swap_us=9 staging_us=4445 event_submit_us=17445 event_complete_us=20600 frame_us=33926 tear_edge_observed=1 frame_reused=1 pass=1
[01:33:54] TINYDRAW_PANSEQ_FRAME zoom=400 step=20 dx=-72 dy=-54 scroll_us=11 exposed_compose_us=11927 chrome_us=2154 tear_wait_us=5005 present_us=15862 prepare_us=10443 acquire_wait_us=23 ring_copy_us=8296 patch_us=2139 byte_swap_us=8 staging_us=4360 event_submit_us=17076 event_complete_us=20201 frame_us=32935 tear_edge_observed=1 frame_reused=1 pass=1
[01:33:54] TINYDRAW_PANSEQ_FRAME zoom=400 step=21 dx=-72 dy=-54 scroll_us=11 exposed_compose_us=11849 chrome_us=2131 tear_wait_us=5729 present_us=16219 prepare_us=10384 acquire_wait_us=20 ring_copy_us=8253 patch_us=2124 byte_swap_us=7 staging_us=4427 event_submit_us=17719 event_complete_us=20851 frame_us=33926 tear_edge_observed=1 frame_reused=1 pass=1
[01:33:54] TINYDRAW_PANSEQ_FRAME zoom=400 step=22 dx=-72 dy=-54 scroll_us=11 exposed_compose_us=11869 chrome_us=2126 tear_wait_us=5344 present_us=16582 prepare_us=10419 acquire_wait_us=23 ring_copy_us=8294 patch_us=2116 byte_swap_us=9 staging_us=4365 event_submit_us=17356 event_complete_us=20473 frame_us=33935 tear_edge_observed=1 frame_reused=1 pass=1
[01:33:54] TINYDRAW_PANSEQ_FRAME zoom=400 step=23 dx=-72 dy=-54 scroll_us=11 exposed_compose_us=11525 chrome_us=2147 tear_wait_us=5325 present_us=15946 prepare_us=10396 acquire_wait_us=25 ring_copy_us=8248 patch_us=2139 byte_swap_us=9 staging_us=4421 event_submit_us=16992 event_complete_us=20132 frame_us=32925 tear_edge_observed=1 frame_reused=1 pass=1
[01:33:54] TINYDRAW_PANSEQ_STRIP zoom=400 strip=0 panel_y=0 rows=44 samples=24 staging_mean_us=1328 staging_max_us=1350 wire_budget_us=1619 over_budget_us=0 pass=1
[01:33:54] TINYDRAW_PANSEQ_STRIP zoom=400 strip=1 panel_y=44 rows=44 samples=24 staging_mean_us=1231 staging_max_us=1246 wire_budget_us=1619 over_budget_us=0 pass=1
[01:33:54] TINYDRAW_PANSEQ_STRIP zoom=400 strip=2 panel_y=88 rows=44 samples=24 staging_mean_us=1176 staging_max_us=1188 wire_budget_us=1619 over_budget_us=0 pass=1
[01:33:54] TINYDRAW_PANSEQ_STRIP zoom=400 strip=3 panel_y=132 rows=44 samples=24 staging_mean_us=1174 staging_max_us=1187 wire_budget_us=1619 over_budget_us=0 pass=1
[01:33:54] TINYDRAW_PANSEQ_STRIP zoom=400 strip=4 panel_y=176 rows=44 samples=24 staging_mean_us=1179 staging_max_us=1193 wire_budget_us=1619 over_budget_us=0 pass=1
[01:33:54] TINYDRAW_PANSEQ_STRIP zoom=400 strip=5 panel_y=220 rows=44 samples=24 staging_mean_us=1145 staging_max_us=1164 wire_budget_us=1619 over_budget_us=0 pass=1
[01:33:54] TINYDRAW_PANSEQ_STRIP zoom=400 strip=6 panel_y=264 rows=44 samples=24 staging_mean_us=1315 staging_max_us=1340 wire_budget_us=1619 over_budget_us=0 pass=1
[01:33:55] TINYDRAW_PANSEQ_STRIP zoom=400 strip=7 panel_y=308 rows=44 samples=24 staging_mean_us=1303 staging_max_us=1315 wire_budget_us=1619 over_budget_us=0 pass=1
[01:33:55] TINYDRAW_PANSEQ_STRIP zoom=400 strip=8 panel_y=352 rows=20 samples=24 staging_mean_us=582 staging_max_us=603 wire_budget_us=736 over_budget_us=0 pass=1
[01:33:55] TINYDRAW_GATE1_PANSEQ zoom=400 frames=24 scroll_avg_us=11 exposed_avg_us=6863 chrome_avg_us=2129 tear_wait_avg_us=10183 present_avg_us=16208 prepare_avg_us=10415 acquire_wait_avg_us=22 ring_copy_avg_us=8287 patch_avg_us=2120 byte_swap_avg_us=8 staging_avg_us=4406 frame_avg_us=33390 frame_p50_us=33924 frame_p95_us=33935 frame_max_us=33937 complete_p50_us=20457 complete_p95_us=20949 complete_max_us=20986 tear_edge_failures=0 presentation_experiment=boundary-top-sweep te_edge=rising requested_clock_mhz=50 effective_clock_mhz=40 chrome_bottom_redraws=0 chrome_battery_redraws=0 chrome_zoom_redraws=0 chrome_minimap_base_redraws=0 strip_samples=216 staging_mean_us=1159 staging_max_us=1350 worst_strip=8 worst_strip_y=352 worst_wire_budget_us=736 worst_headroom_us=133 staging_invariant=1 pacing_pass=1 all_reused=1 pass=1
[01:33:55] TINYDRAW_GATE1_PAN_BOUNDARY zoom=100 slow_1px_trace=1 below_delta=94 below_reused=1 at_delta=96 at_reused=1 above_delta=98 above_fallback=1 pass=1
[01:33:55] TINYDRAW_GATE1_PAN_BOUNDARY zoom=400 slow_1px_trace=1 below_delta=94 below_reused=1 at_delta=96 at_reused=1 above_delta=98 above_fallback=1 pass=1
[01:33:56] TINYDRAW_GATE1_DRAW_FILL zoom=400 revision=2930 append_us=1444 poll_gap_us=95 event_submit_us=219 event_complete_us=2143 max_compute_slice_us=5549 max_display_slice_us=16008 fill_us=224112 revision_restarted=1 pass=1
[01:33:56] TINYDRAW_GATE1_CACHE_FILL zoom=50 x=63 y=63 published=56 total_us=608967 within_cold_gate=0 complete=1
[01:33:57] TINYDRAW_GATE1_CACHE_FILL zoom=100 x=63 y=63 published=56 total_us=483967 within_cold_gate=1 complete=1
[01:33:57] TINYDRAW_GATE1_CACHE_FILL zoom=200 x=63 y=63 published=56 total_us=336967 within_cold_gate=1 complete=1
[01:33:57] TINYDRAW_GATE1_CACHE_FILL zoom=400 x=63 y=63 published=56 total_us=278968 within_cold_gate=1 complete=1
[01:33:57] TINYDRAW_GATE1_CACHE_REVISIT zoom=50 remaining=0 tile_pixels=118128 fallback_pixels=0 compose_us=16116 complete_us=20218 hit=1
[01:33:57] TINYDRAW_GATE1_CACHE_REVISIT zoom=100 remaining=0 tile_pixels=164864 fallback_pixels=0 compose_us=18588 complete_us=20778 hit=1
[01:33:58] TINYDRAW_GATE1_CACHE_REVISIT zoom=200 remaining=0 tile_pixels=164864 fallback_pixels=0 compose_us=18734 complete_us=20346 hit=1
[01:33:58] TINYDRAW_GATE1_CACHE_REVISIT zoom=400 remaining=0 tile_pixels=164608 fallback_pixels=0 compose_us=18724 complete_us=20895 hit=1
[01:33:58] TINYDRAW_GATE1_CACHE_FILL zoom=400 x=575 y=575 published=56 total_us=295968 within_cold_gate=1 complete=1
[01:33:58] TINYDRAW_GATE1_CACHE_ROUND_TRIP zoom=50 from_x=63 from_y=63 via_x=575 via_y=575 remaining=0 tile_pixels=118128 fallback_pixels=0 compose_us=16141 complete_us=21046 hit=1
[01:33:58] TINYDRAW_GATE1_CACHE_ROUND_TRIP zoom=100 from_x=63 from_y=63 via_x=575 via_y=575 remaining=0 tile_pixels=164864 fallback_pixels=0 compose_us=18746 complete_us=20577 hit=1
[01:33:58] TINYDRAW_GATE1_CACHE_ROUND_TRIP zoom=200 from_x=63 from_y=63 via_x=575 via_y=575 remaining=0 tile_pixels=164864 fallback_pixels=0 compose_us=18689 complete_us=20128 hit=1
[01:33:58] TINYDRAW_GATE1_CACHE_ROUND_TRIP zoom=400 from_x=63 from_y=63 via_x=575 via_y=575 remaining=0 tile_pixels=164608 fallback_pixels=0 compose_us=18761 complete_us=20654 hit=1
[01:33:58] TINYDRAW_GATE1_CACHE_RETENTION pass=1 slots=448 revision=2930
[01:33:59] TINYDRAW_PAPER_SWEEP zoom=100 identities=644 raw=266 uniform=378 fallback=0 slots=448 total_us=1336751 pass=1
[01:33:59] TINYDRAW_RERENDER_LEDGER_RESET site=cache_tour_start
[01:34:03] TINYDRAW_GATE1_CACHE_TOUR slots=448 stops=16 forward_steps=2161 forward_tiles=832 forward_wall_us=1339236 return_missing_tiles=0 return_steps=16 return_tiles=0 return_wall_us=6217 home_missing=0 home_fallback_pixels=0 pass=1
[01:34:03] TINYDRAW_RERENDER_LEDGER site=cache_tour renders=137 unique=137 amplification=1.000 cold=137 damage=0 evict=0 stale=0 unexplained=0
[01:34:03] TINYDRAW_GATE1_MIXED_DRAW_WARM zoom=50 fill_tiles=56 fill_us=529999 raw=42 uniform=14
[01:34:04] TINYDRAW_GATE1_MIXED_DRAW_WARM zoom=100 fill_tiles=56 fill_us=405220 raw=56 uniform=0
[01:34:04] TINYDRAW_GATE1_MIXED_DRAW_WARM zoom=200 fill_tiles=56 fill_us=309571 raw=56 uniform=0
[01:34:04] TINYDRAW_GATE1_MIXED_DRAW_WARM zoom=400 fill_tiles=42 fill_us=199514 raw=42 uniform=0
[01:34:06] TINYDRAW_GATE1_MIXED_DRAW zoom=25 tool=pen chunks=50 append_max_us=154 append_avg_us=74 append_total_us=3707 affected_tiles=390 published=205 fallback=185 visible_fallback=0 drop_uni_slot=0 drop_uni_paint=0 drop_raw_edit=0 drop_raw_paint=0 off_skip=185 drain_ops=50 drain_total_us=911440 drain_max_us=31172 ph_prepare_max_us=133 ph_overview_max_us=9010 ph_enumerate_max_us=611 ph_uniform_max_us=5495 ph_raw_max_us=19 ph_offscreen_max_us=17694 ph_commit_max_us=4076 committed=1 authority=1 refresh=1 run_ok=1 pass=1
[01:34:07] TINYDRAW_GATE1_MIXED_DRAW zoom=25 tool=eraser chunks=50 append_max_us=153 append_avg_us=72 append_total_us=3607 affected_tiles=142 published=142 fallback=0 visible_fallback=0 drop_uni_slot=0 drop_uni_paint=0 drop_raw_edit=0 drop_raw_paint=0 off_skip=0 drain_ops=50 drain_total_us=813572 drain_max_us=28770 ph_prepare_max_us=132 ph_overview_max_us=9184 ph_enumerate_max_us=528 ph_uniform_max_us=23 ph_raw_max_us=25 ph_offscreen_max_us=15868 ph_commit_max_us=4003 committed=1 authority=1 refresh=1 run_ok=1 pass=1
[01:34:09] TINYDRAW_GATE1_MIXED_DRAW zoom=50 tool=pen chunks=50 append_max_us=154 append_avg_us=73 append_total_us=3679 affected_tiles=688 published=545 fallback=143 visible_fallback=0 drop_uni_slot=0 drop_uni_paint=0 drop_raw_edit=0 drop_raw_paint=0 off_skip=143 drain_ops=50 drain_total_us=1018272 drain_max_us=38127 ph_prepare_max_us=137 ph_overview_max_us=3774 ph_enumerate_max_us=604 ph_uniform_max_us=20979 ph_raw_max_us=11973 ph_offscreen_max_us=13272 ph_commit_max_us=1795 committed=1 authority=1 refresh=1 run_ok=1 pass=1
[01:34:10] TINYDRAW_GATE1_MIXED_DRAW zoom=50 tool=eraser chunks=50 append_max_us=152 append_avg_us=75 append_total_us=3771 affected_tiles=458 published=458 fallback=0 visible_fallback=0 drop_uni_slot=0 drop_uni_paint=0 drop_raw_edit=0 drop_raw_paint=0 off_skip=0 drain_ops=50 drain_total_us=877500 drain_max_us=25760 ph_prepare_max_us=134 ph_overview_max_us=3766 ph_enumerate_max_us=618 ph_uniform_max_us=27 ph_raw_max_us=12051 ph_offscreen_max_us=9719 ph_commit_max_us=1581 committed=1 authority=1 refresh=1 run_ok=1 pass=1
[01:34:12] TINYDRAW_GATE1_MIXED_DRAW zoom=100 tool=pen chunks=50 append_max_us=175 append_avg_us=76 append_total_us=3834 affected_tiles=739 published=645 fallback=94 visible_fallback=0 drop_uni_slot=0 drop_uni_paint=0 drop_raw_edit=0 drop_raw_paint=0 off_skip=94 drain_ops=50 drain_total_us=1013530 drain_max_us=33560 ph_prepare_max_us=154 ph_overview_max_us=1862 ph_enumerate_max_us=564 ph_uniform_max_us=22562 ph_raw_max_us=11938 ph_offscreen_max_us=15096 ph_commit_max_us=1039 committed=1 authority=1 refresh=1 run_ok=1 pass=1
[01:34:13] TINYDRAW_GATE1_MIXED_DRAW zoom=100 tool=eraser chunks=50 append_max_us=157 append_avg_us=75 append_total_us=3755 affected_tiles=541 published=541 fallback=0 visible_fallback=0 drop_uni_slot=0 drop_uni_paint=0 drop_raw_edit=0 drop_raw_paint=0 off_skip=0 drain_ops=50 drain_total_us=857460 drain_max_us=25530 ph_prepare_max_us=136 ph_overview_max_us=1873 ph_enumerate_max_us=605 ph_uniform_max_us=29 ph_raw_max_us=12035 ph_offscreen_max_us=12607 ph_commit_max_us=942 committed=1 authority=1 refresh=1 run_ok=1 pass=1
[01:34:15] TINYDRAW_GATE1_MIXED_DRAW zoom=200 tool=pen chunks=50 append_max_us=172 append_avg_us=77 append_total_us=3871 affected_tiles=700 published=662 fallback=38 visible_fallback=0 drop_uni_slot=0 drop_uni_paint=0 drop_raw_edit=0 drop_raw_paint=0 off_skip=38 drain_ops=50 drain_total_us=996383 drain_max_us=27986 ph_prepare_max_us=154 ph_overview_max_us=1069 ph_enumerate_max_us=554 ph_uniform_max_us=12278 ph_raw_max_us=12143 ph_offscreen_max_us=15606 ph_commit_max_us=896 committed=1 authority=1 refresh=1 run_ok=1 pass=1
[01:34:16] TINYDRAW_GATE1_MIXED_DRAW zoom=200 tool=eraser chunks=50 append_max_us=167 append_avg_us=76 append_total_us=3814 affected_tiles=595 published=595 fallback=0 visible_fallback=0 drop_uni_slot=0 drop_uni_paint=0 drop_raw_edit=0 drop_raw_paint=0 off_skip=0 drain_ops=50 drain_total_us=903965 drain_max_us=26311 ph_prepare_max_us=150 ph_overview_max_us=1054 ph_enumerate_max_us=597 ph_uniform_max_us=30 ph_raw_max_us=12103 ph_offscreen_max_us=14374 ph_commit_max_us=836 committed=1 authority=1 refresh=1 run_ok=1 pass=1
[01:34:19] TINYDRAW_GATE1_MIXED_DRAW zoom=400 tool=pen chunks=50 append_max_us=180 append_avg_us=78 append_total_us=3900 affected_tiles=743 published=743 fallback=0 visible_fallback=0 drop_uni_slot=0 drop_uni_paint=0 drop_raw_edit=0 drop_raw_paint=0 off_skip=0 drain_ops=50 drain_total_us=1005671 drain_max_us=23777 ph_prepare_max_us=160 ph_overview_max_us=712 ph_enumerate_max_us=713 ph_uniform_max_us=3625 ph_raw_max_us=12049 ph_offscreen_max_us=10008 ph_commit_max_us=845 committed=1 authority=1 refresh=1 run_ok=1 pass=1
[01:34:20] TINYDRAW_GATE1_MIXED_DRAW zoom=400 tool=eraser chunks=50 append_max_us=168 append_avg_us=75 append_total_us=3795 affected_tiles=746 published=746 fallback=0 visible_fallback=0 drop_uni_slot=0 drop_uni_paint=0 drop_raw_edit=0 drop_raw_paint=0 off_skip=0 drain_ops=50 drain_total_us=1000603 drain_max_us=23730 ph_prepare_max_us=149 ph_overview_max_us=718 ph_enumerate_max_us=714 ph_uniform_max_us=32 ph_raw_max_us=12063 ph_offscreen_max_us=9927 ph_commit_max_us=769 committed=1 authority=1 refresh=1 run_ok=1 pass=1
[01:34:20] TINYDRAW_GATE1_MIXED_DRAW_REVISIT zoom=50 missing=0 refill_tiles=0 refill_us=382
[01:34:20] TINYDRAW_GATE1_MIXED_DRAW_REVISIT zoom=100 missing=0 refill_tiles=0 refill_us=378
[01:34:20] TINYDRAW_GATE1_MIXED_DRAW_REVISIT zoom=200 missing=0 refill_tiles=0 refill_us=376
[01:34:20] TINYDRAW_GATE1_MIXED_DRAW_REVISIT zoom=400 missing=0 refill_tiles=0 refill_us=314
[01:34:20] TINYDRAW_GATE1_MIXED_DRAW_SUMMARY slots=448 strokes=10 worst_append_us=180 pass=1
[01:34:26] TINYDRAW_GATE1_IDLE_REPAIR damaged=588 remaining=0 plan_views=24 steps=4382 repair_us=3827846 worst_step_us=5522 warm_tiles=56 pass=1
[01:34:27] TINYDRAW_INKTRACE trace=fast-curve-dense-25 zoom=25 events=411 consumed=391 coalesced=20 down=1/1 up=1/1 max_time_gap_us=4077 max_space_gap_px=55.33 e2c_p50=505 e2c_p95=1574 e2c_max=1579 e2g_p95=785 e2s_p95=2570 e2d_p50=2269 e2d_p95=3399 e2d_max=3657 latency_samples=33 presentation_failures=0 commit_failures=0 overflows=0 revision=3482 fb_tiles=0 fb_start=0 fb_mid_max=0 fb_up_max=0 fb_end=0 drop_uni_slot=0 drop_uni_paint=0 drop_raw_edit=0 drop_raw_paint=0 off_skip=61 drain_ops=2 drain_max_us=37216 latency_pass=1 pass=1
[01:34:27] TINYDRAW_INKTRACE trace=fast-curve-400 zoom=400 events=414 consumed=369 coalesced=45 down=1/1 up=1/1 max_time_gap_us=4407 max_space_gap_px=65.51 e2c_p50=505 e2c_p95=1034 e2c_max=2016 e2g_p95=787 e2s_p95=2793 e2d_p50=2413 e2d_p95=3941 e2d_max=3980 latency_samples=33 presentation_failures=0 commit_failures=0 overflows=0 revision=3484 fb_tiles=42 fb_start=30 fb_mid_max=30 fb_up_max=30 fb_end=30 drop_uni_slot=0 drop_uni_paint=0 drop_raw_edit=0 drop_raw_paint=0 off_skip=0 drain_ops=2 drain_max_us=10905 latency_pass=1 pass=1
[01:34:30] TINYDRAW_INKTRACE trace=fast-curve-400-xl zoom=400 events=2296 consumed=1967 coalesced=329 down=1/1 up=1/1 max_time_gap_us=5082 max_space_gap_px=47.85 e2c_p50=505 e2c_p95=506 e2c_max=1589 e2g_p95=791 e2s_p95=2928 e2d_p50=3177 e2d_p95=4459 e2d_max=5488 latency_samples=172 presentation_failures=0 commit_failures=0 overflows=0 revision=3490 fb_tiles=42 fb_start=30 fb_mid_max=30 fb_up_max=30 fb_end=30 drop_uni_slot=0 drop_uni_paint=0 drop_raw_edit=0 drop_raw_paint=0 off_skip=0 drain_ops=6 drain_max_us=15283 latency_pass=1 pass=1
[01:34:30] TINYDRAW_INKTRACE trace=slow-precise-100 zoom=100 events=741 consumed=716 coalesced=25 down=1/1 up=1/1 max_time_gap_us=2998 max_space_gap_px=13.45 e2c_p50=505 e2c_p95=1044 e2c_max=1910 e2g_p95=787 e2s_p95=1821 e2d_p50=1907 e2d_p95=2287 e2d_max=2305 latency_samples=53 presentation_failures=0 commit_failures=0 overflows=0 revision=3492 fb_tiles=42 fb_start=20 fb_mid_max=20 fb_up_max=20 fb_end=20 drop_uni_slot=0 drop_uni_paint=0 drop_raw_edit=0 drop_raw_paint=0 off_skip=0 drain_ops=2 drain_max_us=13383 latency_pass=1 pass=1
[01:34:33] TINYDRAW_INKTRACE trace=scribble-multistroke zoom=100 events=848 consumed=742 coalesced=106 down=7/7 up=7/7 max_time_gap_us=6078 max_space_gap_px=109.46 e2c_p50=505 e2c_p95=583 e2c_max=2038 e2g_p95=786 e2s_p95=3485 e2d_p50=3101 e2d_p95=5409 e2d_max=6239 latency_samples=55 presentation_failures=0 commit_failures=0 overflows=0 revision=3499 fb_tiles=42 fb_start=20 fb_mid_max=20 fb_up_max=20 fb_end=20 drop_uni_slot=0 drop_uni_paint=0 drop_raw_edit=0 drop_raw_paint=0 off_skip=0 drain_ops=7 drain_max_us=17658 latency_pass=1 pass=1
[01:34:35] TINYDRAW_HAIRLINE_DOC ops=782 samples=8061 append_total_us=1052845 append_max_us=7224
[01:34:35] TINYDRAW_GATE1_PACED_COLD corpus=evil_hairlines_capacity zoom=100 x=552 y=672 steps=239 tiles=56 compute_us=230297 present_us=77329 touch_us=586 pacing_us=7764 wall_us=315976 maximum_wall_us=500000 max_tick_us=9017 touch_samples=47377 touch_interval_max_us=2098 touch_read_max_us=629 touch_events=0 touch_down=0 touch_up=0 touch_events_ge_8ms=0 touch_event_age_max_us=0 touch_errors=0 touch_overflows=0 pass=1
[01:34:35] TINYDRAW_GATE1_PACED_COLD corpus=evil_hairlines_capacity zoom=400 x=2760 y=3360 steps=212 tiles=48 compute_us=134601 present_us=75477 touch_us=383 pacing_us=6490 wall_us=216951 maximum_wall_us=500000 max_tick_us=8883 touch_samples=287 touch_interval_max_us=1939 touch_read_max_us=484 touch_events=0 touch_down=0 touch_up=0 touch_events_ge_8ms=0 touch_event_age_max_us=0 touch_errors=0 touch_overflows=0 pass=1
[01:34:38] TINYDRAW_HAIRLINE_REPAIR steps=2353 wall_us=2153292 worst_step_us=5366 resident=406/448 grid_stopped=1 pass2_steps=8 pass2_wall_us=2277 no_churn=1
[01:34:39] TINYDRAW_HAIRLINE_TOUR stops=8 total_us=887211 worst_stop_us=183915 worst_step_us=6557
[01:34:39] TINYDRAW_GATE1_HAIRLINE raw=339 uniform=73 fallback=232 capacity=448 worst_step_us=6557 grid_stopped=1 pass=1
[01:34:41] TINYDRAW_GATE1_LONG_GESTURE path=reference samples=1600 chunks=26 append_total_us=936859 append_max_us=44222 append_avg_us=36033 refresh_fallback_pixels=0 settled_fallback_pixels=0 committed=1 authority=1 refresh=1 run_ok=1
[01:34:41] TINYDRAW_GATE1_LONG_GESTURE path=in_place samples=1600 chunks=52 append_total_us=594113 append_max_us=13937 append_avg_us=11425 refresh_fallback_pixels=0 settled_fallback_pixels=0 committed=1 authority=1 refresh=1 run_ok=1
[01:34:42] TINYDRAW_GATE1_EXPORT format=svg encoded=1 bytes=157660 elapsed_us=1023878 workspace_bytes=4096 operations=52 sink_calls=155 flash_pages=39 crc32=140c70b9 free_psram=1818936 free_internal=176304 prolog=1 dimensions=1 terminator=1 crc_ok=1 paths=52 path_only=1 pass=1
[01:34:42] TINYDRAW_EXPORT_RESERVE requested=1572864 free_before=1818936 largest_before=1802240 free_held=246068 largest_held=245760 pass=1
[01:34:42] TINYDRAW_RERENDER_LEDGER site=final renders=0 unique=0 amplification=0.000 cold=0 damage=0 evict=0 stale=0 unexplained=0
[01:34:42] TINYDRAW_GATE1_AUTOMATED_DONE zoom_cycle_return=1 zoom_overlay_pan=1 color_dialog=1 stress=1 stress_100=1 stress_400=1 overlap_ready=1 overlap_cold=0 general_cold_ready=1 general_cold=1 workload=1 paced_cold=1 hard_100=1 hard_400=1 pan_100=1 pan_400=1 pan_seq=1 pan_boundary=1 live_overlay=1 draw_fill=1 cache=1 full_world_cache=1 cache_tour=1 mixed_draw=1 idle_repair=1 ink_trace=1 hairline_capacity=1 long_gesture=1 export_encode=1 export_reserve=1 return=1 ssaa_receipt=yellow
[01:34:42] TINYDRAW_VECTOR_V2_GATE_HARNESS_DONE pass=0
[01:34:42] TINYDRAW_VECTOR_V2_READY zoom=25 controls=chrome button=cycle_all_zooms operations_capacity=4000 samples_capacity=80000 live_storage_bytes=6383640 overview_bytes=1318912 raw_tile_bytes=3670016 tile_metadata_bytes=101360 operation_bytes=720000 live_scratch_bytes=573352 free_psram=1818936 largest_psram=1802240 te_edges=3792 te_period_us=16819 te_high_us=578 te_level=0 main_stack_free=2280
[01:34:45] TINYDRAW_LIVE_SETTLE zoom=25 tiles=42 total_us=150644 max_tile_us=75392 failures=0
