[01:35:46] I (103) esp_image: segment 0: paddr=00010020 vaddr=3c040020 sizeESP-ROM:esp32s3-20210327
[01:35:46] Build:Mar 27 2021
[01:35:46] rst:0x15 (USB_UART_CHIP_RESET),boot:0x2b (SPI_FAST_FLASH_BOOT)
[01:35:46] Saved PC:0x42008b7b
[01:35:46] SPIWP:0xee
[01:35:46] mode:DIO, clock div:1
[01:35:46] load:0x3fce2820,len:0x1664
[01:35:46] load:0x403c8700,len:0xf38
[01:35:46] load:0x403cb700,len:0x31e8
[01:35:46] entry 0x403c8930
[01:35:46] I (24) boot: ESP-IDF v6.0.2 2nd stage bootloader
[01:35:46] I (24) boot: compile time Aug 17 2026 01:35:32
[01:35:46] I (25) boot: Multicore bootloader
[01:35:46] I (25) boot: chip revision: v0.2
[01:35:46] I (28) boot: efuse block revision: v1.3
[01:35:46] I (31) qio_mode: Enabling default flash chip QIO
[01:35:46] I (36) boot.esp32s3: Boot SPI Speed : 80MHz
[01:35:46] I (39) boot.esp32s3: SPI Mode       : QIO
[01:35:46] I (43) boot.esp32s3: SPI Flash Size : 16MB
[01:35:46] I (47) boot: Enabling RNG early entropy source...
[01:35:46] I (51) boot: Partition Table:
[01:35:46] I (54) boot: ## Label            Usage          Type ST Offset   Length
[01:35:46] I (60) boot:  0 nvs              WiFi data        01 02 00009000 00006000
[01:35:46] I (67) boot:  1 phy_init         RF data          01 01 0000f000 00001000
[01:35:46] I (73) boot:  2 factory          factory app      00 00 00010000 00100000
[01:35:46] I (80) boot:  3 drawing          Unknown data     01 40 00110000 00300000
[01:35:46] I (86) boot:  4 export           Unknown data     01 41 00410000 00500000
[01:35:46] I (93) boot:  5 coredump         Unknown data     01 03 00910000 00010000
[01:35:46] I (100) boot: End of partition table
[01:35:46] I (103) esp_image: segment 0: paddr=00010020 vaddr=3c040020 size=10434h ( 66612) map
[01:35:46] I (121) esp_image: segment 1: paddr=0002045c vaddr=3fc95f00 size=03774h ( 14196) load
[01:35:46] I (124) esp_image: segment 2: paddr=00023bd8 vaddr=40374000 size=0c440h ( 50240) load
[01:35:46] I (135) esp_image: segment 3: paddr=00030020 vaddr=42000020 size=3d670h (251504) map
[01:35:46] I (175) esp_image: segment 4: paddr=0006d698 vaddr=40380440 size=059f8h ( 23032) load
[01:35:46] I (180) esp_image: segment 5: paddr=00073098 vaddr=50000000 size=00024h (    36) load
[01:35:46] I (188) boot: Loaded app from partition at offset 0x10000
[01:35:46] I (188) boot: Disabling RNG early entropy source...
[01:35:46] I (200) octal_psram: vendor id    : 0x0d (AP)
[01:35:46] I (200) octal_psram: dev id       : 0x02 (generation 3)
[01:35:46] I (200) octal_psram: density      : 0x03 (64 Mbit)
[01:35:46] I (202) octal_psram: good-die     : 0x01 (Pass)
[01:35:46] I (207) octal_psram: Latency      : 0x01 (Fixed)
[01:35:46] I (211) octal_psram: VCC          : 0x01 (3V)
[01:35:46] I (215) octal_psram: SRF          : 0x01 (Fast Refresh)
[01:35:46] I (220) octal_psram: BurstType    : 0x01 (Hybrid Wrap)
[01:35:46] I (225) octal_psram: BurstLen     : 0x01 (32 Byte)
[01:35:46] I (229) octal_psram: Readlatency  : 0x02 (10 cycles@Fixed)
[01:35:46] I (235) octal_psram: DriveStrength: 0x00 (1/1)
[01:35:46] I (239) MSPI Timing: Enter psram timing tuning
[01:35:46] I (244) esp_psram: Found 8MB PSRAM device
[01:35:46] I (247) esp_psram: Speed: 80MHz
[01:35:46] I (250) cpu_start: Multicore app
[01:35:46] I (666) esp_psram: SPI SRAM memory test OK
[01:35:46] I (674) cpu_start: GPIO 44 and 43 are used as console UART I/O pins
[01:35:46] I (674) cpu_start: Pro cpu start user code
[01:35:46] I (674) cpu_start: cpu freq: 240000000 Hz
[01:35:46] I (676) app_init: Application information:
[01:35:46] I (680) app_init: Project name:     tinydraw_esp32
[01:35:46] I (684) app_init: App version:      2c7ef65-dirty
[01:35:46] I (689) app_init: Compile time:     Aug 17 2026 01:35:27
[01:35:46] I (694) app_init: ELF file SHA256:  f158521b6...
[01:35:46] I (698) app_init: ESP-IDF:          v6.0.2
[01:35:46] I (702) efuse_init: Min chip rev:     v0.0
[01:35:46] I (706) efuse_init: Max chip rev:     v0.99
[01:35:46] I (710) efuse_init: Chip rev:         v0.2
[01:35:46] I (714) heap_init: Initializing. RAM available for dynamic allocation:
[01:35:46] I (720) heap_init: At 3FC9A700 len 0004F010 (316 KiB): RAM
[01:35:46] I (725) heap_init: At 3FCE9710 len 00005724 (21 KiB): RAM
[01:35:46] I (730) heap_init: At 3FCF0000 len 00008000 (32 KiB): DRAM
[01:35:46] I (735) heap_init: At 600FE000 len 00001FE8 (7 KiB): RTCRAM
[01:35:46] I (741) esp_psram: Adding pool of 8192K of PSRAM memory to heap allocator
[01:35:46] I (748) spi_flash: detected chip: generic
[01:35:46] I (751) spi_flash: flash io: qio
[01:35:46] I (754) sleep_gpio: Configure to isolate all GPIO pins in sleep state
[01:35:46] I (760) sleep_gpio: Enable automatic switching of GPIO sleep configuration
[01:35:46] I (767) main_task: Started on CPU0
[01:35:46] I (770) main_task: Calling app_main()
[01:35:46] TINYDRAW_PRODUCER_SCRATCH supertask_internal=1 slot_directory_internal=0 free_internal=308784 free_psram=2280180
[01:35:46] TINYDRAW_PANEL_HARD_RESET=1
[01:35:46] TINYDRAW_PANEL_TRANSPORT requested_clock_mhz=50 effective_clock_mhz=40
[01:35:46] I (977) co5300: version: 2.1.0
[01:35:46] I (977) co5300_spi: LCD panel create success, version: 2.1.0
[01:35:46] W (1062) co5300_spi: The 3Ah command has been used and will be overwritten by external initialization sequence
[01:35:46] I (1163) CST816S: IC id: 183
[01:35:46] TINYDRAW_VECTOR_V2_PRESENTATION experiment=boundary-top-sweep te_edge=rising requested_clock_mhz=50 effective_clock_mhz=40 optical_acceptance=external_manual
[01:35:47] TINYDRAW_LIVE_PRESENT kind=startup zoom=25 x=0 y=0 compose_us=26303 scroll_us=0 exposed_compose_us=0 chrome_us=13315 chrome_prepare_us=8412 chrome_stage_us=4903 read_submit_us=0 read_complete_us=0 transfer_wait_us=20920 tile_pixels=0 uniform_pixels=0 overview_pixels=164864 fallback_pixels=0 resident_tiles=0 fallback_tiles=0 pushes=11 tear_wait_us=3568 tear_edge_isr_to_resume_us=13 tear_edge_observed=1 tear_edge_wait_resumed=1 tear_edge_timeout=0 tear_heal_attempted=0 tear_heal_command_sent=0 presentation_experiment=boundary-top-sweep te_edge=rising requested_clock_mhz=50 effective_clock_mhz=40 frame_reused=0 pass=1
[01:35:47] TINYDRAW_VECTOR_V2_READY zoom=25 controls=chrome button=cycle_all_zooms operations_capacity=4000 samples_capacity=80000 live_storage_bytes=5915800 overview_bytes=1318912 raw_tile_bytes=3670016 tile_metadata_bytes=101360 operation_bytes=720000 live_scratch_bytes=105512 free_psram=2278592 largest_psram=2228224 te_edges=8 te_period_us=16813 te_high_us=579 te_level=0 main_stack_free=6504
[01:35:47] TINYDRAW_LIVE_SETTLE zoom=25 tiles=42 total_us=73844 max_tile_us=1928 failures=0
